lint-and-audit	Set up job	∩╗┐2026-05-19T19:30:17.9812558Z Current runner version: '2.334.0'
lint-and-audit	Set up job	2026-05-19T19:30:17.9839020Z ##[group]Runner Image Provisioner
lint-and-audit	Set up job	2026-05-19T19:30:17.9839954Z Hosted Compute Agent
lint-and-audit	Set up job	2026-05-19T19:30:17.9840483Z Version: 20260213.493
lint-and-audit	Set up job	2026-05-19T19:30:17.9841174Z Commit: 5c115507f6dd24b8de37d8bbe0bb4509d0cc0fa3
lint-and-audit	Set up job	2026-05-19T19:30:17.9841917Z Build Date: 2026-02-13T00:28:41Z
lint-and-audit	Set up job	2026-05-19T19:30:17.9842580Z Worker ID: {68143067-2177-464d-9191-7a51b2282c5a}
lint-and-audit	Set up job	2026-05-19T19:30:17.9843259Z Azure Region: northcentralus
lint-and-audit	Set up job	2026-05-19T19:30:17.9844157Z ##[endgroup]
lint-and-audit	Set up job	2026-05-19T19:30:17.9845621Z ##[group]Operating System
lint-and-audit	Set up job	2026-05-19T19:30:17.9846231Z Ubuntu
lint-and-audit	Set up job	2026-05-19T19:30:17.9847147Z 24.04.4
lint-and-audit	Set up job	2026-05-19T19:30:17.9847629Z LTS
lint-and-audit	Set up job	2026-05-19T19:30:17.9848058Z ##[endgroup]
lint-and-audit	Set up job	2026-05-19T19:30:17.9848621Z ##[group]Runner Image
lint-and-audit	Set up job	2026-05-19T19:30:17.9849213Z Image: ubuntu-24.04
lint-and-audit	Set up job	2026-05-19T19:30:17.9849697Z Version: 20260518.149.1
lint-and-audit	Set up job	2026-05-19T19:30:17.9850760Z Included Software: https://github.com/actions/runner-images/blob/ubuntu24/20260518.149/images/ubuntu/Ubuntu2404-Readme.md
lint-and-audit	Set up job	2026-05-19T19:30:17.9852372Z Image Release: https://github.com/actions/runner-images/releases/tag/ubuntu24%2F20260518.149
lint-and-audit	Set up job	2026-05-19T19:30:17.9853586Z ##[endgroup]
lint-and-audit	Set up job	2026-05-19T19:30:17.9854656Z ##[group]GITHUB_TOKEN Permissions
lint-and-audit	Set up job	2026-05-19T19:30:17.9856646Z Contents: read
lint-and-audit	Set up job	2026-05-19T19:30:17.9857203Z Metadata: read
lint-and-audit	Set up job	2026-05-19T19:30:17.9857729Z ##[endgroup]
lint-and-audit	Set up job	2026-05-19T19:30:17.9859872Z Secret source: Actions
lint-and-audit	Set up job	2026-05-19T19:30:17.9860748Z Prepare workflow directory
lint-and-audit	Set up job	2026-05-19T19:30:18.0653987Z Prepare all required actions
lint-and-audit	Set up job	2026-05-19T19:30:18.0710977Z Getting action download info
lint-and-audit	Set up job	2026-05-19T19:30:18.4474353Z Download action repository 'step-security/harden-runner@ab7a9404c0f3da075243ca237b5fac12c98deaa5' (SHA:ab7a9404c0f3da075243ca237b5fac12c98deaa5)
lint-and-audit	Set up job	2026-05-19T19:30:19.0636483Z Download action repository 'actions/checkout@v6.0.2' (SHA:de0fac2e4500dabe0009e67214ff5f5447ce83dd)
lint-and-audit	Set up job	2026-05-19T19:30:19.1026550Z Download action repository 'astral-sh/setup-uv@08807647e7069bb48b6ef5acd8ec9567f424441b' (SHA:08807647e7069bb48b6ef5acd8ec9567f424441b)
lint-and-audit	Set up job	2026-05-19T19:30:19.6817136Z Complete job name: lint-and-audit
lint-and-audit	Pre Harden Runner (Endpoint Network Security)	∩╗┐2026-05-19T19:30:19.7654155Z ##[group]Run step-security/harden-runner@ab7a9404c0f3da075243ca237b5fac12c98deaa5
lint-and-audit	Pre Harden Runner (Endpoint Network Security)	2026-05-19T19:30:19.7656078Z with:
lint-and-audit	Pre Harden Runner (Endpoint Network Security)	2026-05-19T19:30:19.7656810Z   egress-policy: audit
lint-and-audit	Pre Harden Runner (Endpoint Network Security)	2026-05-19T19:30:19.7657931Z   token: ***
lint-and-audit	Pre Harden Runner (Endpoint Network Security)	2026-05-19T19:30:19.7658698Z   disable-telemetry: false
lint-and-audit	Pre Harden Runner (Endpoint Network Security)	2026-05-19T19:30:19.7659575Z   disable-sudo: false
lint-and-audit	Pre Harden Runner (Endpoint Network Security)	2026-05-19T19:30:19.7660439Z   disable-sudo-and-containers: false
lint-and-audit	Pre Harden Runner (Endpoint Network Security)	2026-05-19T19:30:19.7661470Z   disable-file-monitoring: false
lint-and-audit	Pre Harden Runner (Endpoint Network Security)	2026-05-19T19:30:19.7662410Z   use-policy-store: false
lint-and-audit	Pre Harden Runner (Endpoint Network Security)	2026-05-19T19:30:19.7663527Z   deploy-on-self-hosted-vm: false
lint-and-audit	Pre Harden Runner (Endpoint Network Security)	2026-05-19T19:30:19.7664740Z env:
lint-and-audit	Pre Harden Runner (Endpoint Network Security)	2026-05-19T19:30:19.7665562Z   FORCE_JAVASCRIPT_ACTIONS_TO_NODE24: true
lint-and-audit	Pre Harden Runner (Endpoint Network Security)	2026-05-19T19:30:19.7666713Z   TEMPORAL_CI_NAMESPACE: coreason-ci-26120302019-1
lint-and-audit	Pre Harden Runner (Endpoint Network Security)	2026-05-19T19:30:19.7667851Z   ORJSON_BUILD_FREETHREADED: 1
lint-and-audit	Pre Harden Runner (Endpoint Network Security)	2026-05-19T19:30:19.7668725Z ##[endgroup]
lint-and-audit	Pre Harden Runner (Endpoint Network Security)	2026-05-19T19:30:19.8977690Z [harden-runner] pre-step
lint-and-audit	Pre Harden Runner (Endpoint Network Security)	2026-05-19T19:30:19.8979004Z [!] Current Configuration: 
lint-and-audit	Pre Harden Runner (Endpoint Network Security)	2026-05-19T19:30:19.8986796Z {"repo":"CoReason-AI/coreason-ecosystem","run_id":"26120302019","correlation_id":"a5012659-9f7d-44e4-8adf-4b02e44a1e47","working_directory":"/home/runner/work/coreason-ecosystem/coreason-ecosystem","api_url":"https://agent.api.stepsecurity.io/v1","telemetry_url":"https://prod.app-api.stepsecurity.io/v1","allowed_endpoints":"","egress_policy":"audit","disable_telemetry":false,"disable_sudo":false,"disable_sudo_and_containers":false,"disable_file_monitoring":false,"private":false,"is_github_hosted":true,"is_debug":false,"one_time_key":"","api_key":"","use_policy_store":false,"deploy_on_self_hosted_vm":false}
lint-and-audit	Pre Harden Runner (Endpoint Network Security)	2026-05-19T19:30:19.8994260Z 
lint-and-audit	Pre Harden Runner (Endpoint Network Security)	2026-05-19T19:30:19.8995076Z [32mView security insights and recommended policy at:[0m
lint-and-audit	Pre Harden Runner (Endpoint Network Security)	2026-05-19T19:30:19.8996902Z https://app.stepsecurity.io/github/CoReason-AI/coreason-ecosystem/actions/runs/26120302019
lint-and-audit	Pre Harden Runner (Endpoint Network Security)	2026-05-19T19:30:19.8998560Z RUNNER_NAME: GitHub Actions 1000023808
lint-and-audit	Pre Harden Runner (Endpoint Network Security)	2026-05-19T19:30:26.4112709Z error in connecting to https://agent.api.stepsecurity.io/v1: HttpClientError: All attempts fail:
lint-and-audit	Pre Harden Runner (Endpoint Network Security)	2026-05-19T19:30:26.4118222Z #1: GET https://api.github.com/repos/CoReason-AI/coreason-ecosystem/actions/runs/26120302019: 403 API rate limit exceeded for installation ID 76027990. If you reach out to GitHub Support for help, please include the request ID FBCC:344FC4:2B46F4F:2BABA54:6A0CBA4C and timestamp 2026-05-19 19:30:20 UTC. For more on scraping GitHub and how it may affect your rights, please review our Terms of Service (https://docs.github.com/en/site-policy/github-terms/github-terms-of-service) [rate reset in 51m55s]
lint-and-audit	Pre Harden Runner (Endpoint Network Security)	2026-05-19T19:30:26.4121420Z #2: GET https://api.github.com/repos/CoReason-AI/coreason-ecosystem/actions/runs/26120302019: 403 API rate limit of 5000 still exceeded until 2026-05-19 20:22:21 +0000 UTC, not making remote request. [rate reset in 51m55s]
lint-and-audit	Pre Harden Runner (Endpoint Network Security)	2026-05-19T19:30:26.4122983Z #3: GET https://api.github.com/repos/CoReason-AI/coreason-ecosystem/actions/runs/26120302019: 403 API rate limit of 5000 still exceeded until 2026-05-19 20:22:21 +0000 UTC, not making remote request. [rate reset in 51m55s]
lint-and-audit	Pre Harden Runner (Endpoint Network Security)	2026-05-19T19:30:26.4124542Z Step Security Job Correlation ID: a5012659-9f7d-44e4-8adf-4b02e44a1e47
lint-and-audit	Pre Harden Runner (Endpoint Network Security)	2026-05-19T19:30:26.4333970Z [!] Checking TLS_STATUS: CoReason-AI
lint-and-audit	Pre Harden Runner (Endpoint Network Security)	2026-05-19T19:30:26.6717870Z [!] TLS_NOT_ENABLED: CoReason-AI
lint-and-audit	Pre Harden Runner (Endpoint Network Security)	2026-05-19T19:30:26.9207635Z Γ£à Checksum verification passed. checksum=e38de61e1afd98dd339bb9acce4996183875d482be1638fb198ab02b3e25bbef
lint-and-audit	Pre Harden Runner (Endpoint Network Security)	2026-05-19T19:30:26.9305984Z [command]/usr/bin/tar xz --warning=no-unknown-keyword --overwrite -C /home/runner/work/_temp/aad31c7c-cdde-4200-8459-bf19d0b1061f -f /home/runner/work/_temp/35f02e4f-70f6-4ded-9afd-c856ae32d40b
lint-and-audit	Pre Harden Runner (Endpoint Network Security)	2026-05-19T19:30:30.3544843Z Initialized
lint-and-audit	Pre-Flight Workspace Purity	∩╗┐2026-05-19T19:30:30.3716509Z ##[group]Run sudo chown -R $(whoami):$(whoami) /home/runner/work/coreason-ecosystem/coreason-ecosystem || true
lint-and-audit	Pre-Flight Workspace Purity	2026-05-19T19:30:30.3717338Z [36;1msudo chown -R $(whoami):$(whoami) /home/runner/work/coreason-ecosystem/coreason-ecosystem || true[0m
lint-and-audit	Pre-Flight Workspace Purity	2026-05-19T19:30:30.3755761Z shell: /usr/bin/bash -e {0}
lint-and-audit	Pre-Flight Workspace Purity	2026-05-19T19:30:30.3756111Z env:
lint-and-audit	Pre-Flight Workspace Purity	2026-05-19T19:30:30.3756333Z   FORCE_JAVASCRIPT_ACTIONS_TO_NODE24: true
lint-and-audit	Pre-Flight Workspace Purity	2026-05-19T19:30:30.3756671Z   TEMPORAL_CI_NAMESPACE: coreason-ci-26120302019-1
lint-and-audit	Pre-Flight Workspace Purity	2026-05-19T19:30:30.3756966Z   ORJSON_BUILD_FREETHREADED: 1
lint-and-audit	Pre-Flight Workspace Purity	2026-05-19T19:30:30.3757191Z ##[endgroup]
lint-and-audit	Harden Runner (Endpoint Network Security)	∩╗┐2026-05-19T19:30:30.4055393Z ##[group]Run step-security/harden-runner@ab7a9404c0f3da075243ca237b5fac12c98deaa5
lint-and-audit	Harden Runner (Endpoint Network Security)	2026-05-19T19:30:30.4055940Z with:
lint-and-audit	Harden Runner (Endpoint Network Security)	2026-05-19T19:30:30.4056282Z   egress-policy: audit
lint-and-audit	Harden Runner (Endpoint Network Security)	2026-05-19T19:30:30.4056759Z   token: ***
lint-and-audit	Harden Runner (Endpoint Network Security)	2026-05-19T19:30:30.4057061Z   disable-telemetry: false
lint-and-audit	Harden Runner (Endpoint Network Security)	2026-05-19T19:30:30.4057461Z   disable-sudo: false
lint-and-audit	Harden Runner (Endpoint Network Security)	2026-05-19T19:30:30.4057792Z   disable-sudo-and-containers: false
lint-and-audit	Harden Runner (Endpoint Network Security)	2026-05-19T19:30:30.4058125Z   disable-file-monitoring: false
lint-and-audit	Harden Runner (Endpoint Network Security)	2026-05-19T19:30:30.4124950Z   use-policy-store: false
lint-and-audit	Harden Runner (Endpoint Network Security)	2026-05-19T19:30:30.4125381Z   deploy-on-self-hosted-vm: false
lint-and-audit	Harden Runner (Endpoint Network Security)	2026-05-19T19:30:30.4125784Z env:
lint-and-audit	Harden Runner (Endpoint Network Security)	2026-05-19T19:30:30.4126113Z   FORCE_JAVASCRIPT_ACTIONS_TO_NODE24: true
lint-and-audit	Harden Runner (Endpoint Network Security)	2026-05-19T19:30:30.4126666Z   TEMPORAL_CI_NAMESPACE: coreason-ci-26120302019-1
lint-and-audit	Harden Runner (Endpoint Network Security)	2026-05-19T19:30:30.4127182Z   ORJSON_BUILD_FREETHREADED: 1
lint-and-audit	Harden Runner (Endpoint Network Security)	2026-05-19T19:30:30.4127639Z   STATE_disableSudo: false
lint-and-audit	Harden Runner (Endpoint Network Security)	2026-05-19T19:30:30.4128048Z   STATE_disableSudoAndContainers: false
lint-and-audit	Harden Runner (Endpoint Network Security)	2026-05-19T19:30:30.4128500Z   STATE_addSummary: false
lint-and-audit	Harden Runner (Endpoint Network Security)	2026-05-19T19:30:30.4129025Z   STATE_correlation_id: a5012659-9f7d-44e4-8adf-4b02e44a1e47
lint-and-audit	Harden Runner (Endpoint Network Security)	2026-05-19T19:30:30.4129711Z   STATE_isTLS: false
lint-and-audit	Harden Runner (Endpoint Network Security)	2026-05-19T19:30:30.4130073Z ##[endgroup]
lint-and-audit	Harden Runner (Endpoint Network Security)	2026-05-19T19:30:30.4862270Z [harden-runner] main-step
lint-and-audit	Harden Runner (Endpoint Network Security)	2026-05-19T19:30:30.4868492Z [32mView security insights and recommended policy at:[0m
lint-and-audit	Harden Runner (Endpoint Network Security)	2026-05-19T19:30:30.4869558Z https://app.stepsecurity.io/github/CoReason-AI/coreason-ecosystem/actions/runs/26120302019
lint-and-audit	Run actions/checkout@v6.0.2	∩╗┐2026-05-19T19:30:30.5032659Z ##[group]Run actions/checkout@v6.0.2
lint-and-audit	Run actions/checkout@v6.0.2	2026-05-19T19:30:30.5032946Z with:
lint-and-audit	Run actions/checkout@v6.0.2	2026-05-19T19:30:30.5033127Z   fetch-depth: 0
lint-and-audit	Run actions/checkout@v6.0.2	2026-05-19T19:30:30.5033313Z   fetch-tags: true
lint-and-audit	Run actions/checkout@v6.0.2	2026-05-19T19:30:30.5033790Z   repository: CoReason-AI/coreason-ecosystem
lint-and-audit	Run actions/checkout@v6.0.2	2026-05-19T19:30:30.5034433Z   token: ***
lint-and-audit	Run actions/checkout@v6.0.2	2026-05-19T19:30:30.5034620Z   ssh-strict: true
lint-and-audit	Run actions/checkout@v6.0.2	2026-05-19T19:30:30.5034808Z   ssh-user: git
lint-and-audit	Run actions/checkout@v6.0.2	2026-05-19T19:30:30.5034999Z   persist-credentials: true
lint-and-audit	Run actions/checkout@v6.0.2	2026-05-19T19:30:30.5035220Z   clean: true
lint-and-audit	Run actions/checkout@v6.0.2	2026-05-19T19:30:30.5035421Z   sparse-checkout-cone-mode: true
lint-and-audit	Run actions/checkout@v6.0.2	2026-05-19T19:30:30.5035661Z   show-progress: true
lint-and-audit	Run actions/checkout@v6.0.2	2026-05-19T19:30:30.5035855Z   lfs: false
lint-and-audit	Run actions/checkout@v6.0.2	2026-05-19T19:30:30.5036029Z   submodules: false
lint-and-audit	Run actions/checkout@v6.0.2	2026-05-19T19:30:30.5036216Z   set-safe-directory: true
lint-and-audit	Run actions/checkout@v6.0.2	2026-05-19T19:30:30.5036419Z env:
lint-and-audit	Run actions/checkout@v6.0.2	2026-05-19T19:30:30.5036601Z   FORCE_JAVASCRIPT_ACTIONS_TO_NODE24: true
lint-and-audit	Run actions/checkout@v6.0.2	2026-05-19T19:30:30.5036894Z   TEMPORAL_CI_NAMESPACE: coreason-ci-26120302019-1
lint-and-audit	Run actions/checkout@v6.0.2	2026-05-19T19:30:30.5037180Z   ORJSON_BUILD_FREETHREADED: 1
lint-and-audit	Run actions/checkout@v6.0.2	2026-05-19T19:30:30.5037393Z ##[endgroup]
lint-and-audit	Run actions/checkout@v6.0.2	2026-05-19T19:30:30.5942569Z Syncing repository: CoReason-AI/coreason-ecosystem
lint-and-audit	Run actions/checkout@v6.0.2	2026-05-19T19:30:30.5944672Z ##[group]Getting Git version info
lint-and-audit	Run actions/checkout@v6.0.2	2026-05-19T19:30:30.5945343Z Working directory is '/home/runner/work/coreason-ecosystem/coreason-ecosystem'
lint-and-audit	Run actions/checkout@v6.0.2	2026-05-19T19:30:30.5946099Z [command]/usr/bin/git version
lint-and-audit	Run actions/checkout@v6.0.2	2026-05-19T19:30:30.6037101Z git version 2.54.0
lint-and-audit	Run actions/checkout@v6.0.2	2026-05-19T19:30:30.6096583Z ##[endgroup]
lint-and-audit	Run actions/checkout@v6.0.2	2026-05-19T19:30:30.6109207Z Temporarily overriding HOME='/home/runner/work/_temp/bada0063-227d-4fb8-a605-bc7a66c32170' before making global git config changes
lint-and-audit	Run actions/checkout@v6.0.2	2026-05-19T19:30:30.6110065Z Adding repository directory to the temporary git global config as a safe directory
lint-and-audit	Run actions/checkout@v6.0.2	2026-05-19T19:30:30.6115368Z [command]/usr/bin/git config --global --add safe.directory /home/runner/work/coreason-ecosystem/coreason-ecosystem
lint-and-audit	Run actions/checkout@v6.0.2	2026-05-19T19:30:30.6172491Z Deleting the contents of '/home/runner/work/coreason-ecosystem/coreason-ecosystem'
lint-and-audit	Run actions/checkout@v6.0.2	2026-05-19T19:30:30.6176904Z ##[group]Initializing the repository
lint-and-audit	Run actions/checkout@v6.0.2	2026-05-19T19:30:30.6182051Z [command]/usr/bin/git init /home/runner/work/coreason-ecosystem/coreason-ecosystem
lint-and-audit	Run actions/checkout@v6.0.2	2026-05-19T19:30:30.6343889Z hint: Using 'master' as the name for the initial branch. This default branch name
lint-and-audit	Run actions/checkout@v6.0.2	2026-05-19T19:30:30.6345129Z hint: will change to "main" in Git 3.0. To configure the initial branch name
lint-and-audit	Run actions/checkout@v6.0.2	2026-05-19T19:30:30.6346131Z hint: to use in all of your new repositories, which will suppress this warning,
lint-and-audit	Run actions/checkout@v6.0.2	2026-05-19T19:30:30.6347326Z hint: call:
lint-and-audit	Run actions/checkout@v6.0.2	2026-05-19T19:30:30.6347737Z hint:
lint-and-audit	Run actions/checkout@v6.0.2	2026-05-19T19:30:30.6347999Z hint: 	git config --global init.defaultBranch <name>
lint-and-audit	Run actions/checkout@v6.0.2	2026-05-19T19:30:30.6348297Z hint:
lint-and-audit	Run actions/checkout@v6.0.2	2026-05-19T19:30:30.6348590Z hint: Names commonly chosen instead of 'master' are 'main', 'trunk' and
lint-and-audit	Run actions/checkout@v6.0.2	2026-05-19T19:30:30.6349060Z hint: 'development'. The just-created branch can be renamed via this command:
lint-and-audit	Run actions/checkout@v6.0.2	2026-05-19T19:30:30.6349415Z hint:
lint-and-audit	Run actions/checkout@v6.0.2	2026-05-19T19:30:30.6349588Z hint: 	git branch -m <name>
lint-and-audit	Run actions/checkout@v6.0.2	2026-05-19T19:30:30.6349797Z hint:
lint-and-audit	Run actions/checkout@v6.0.2	2026-05-19T19:30:30.6350096Z hint: Disable this message with "git config set advice.defaultBranchName false"
lint-and-audit	Run actions/checkout@v6.0.2	2026-05-19T19:30:30.6354546Z Initialized empty Git repository in /home/runner/work/coreason-ecosystem/coreason-ecosystem/.git/
lint-and-audit	Run actions/checkout@v6.0.2	2026-05-19T19:30:30.6367057Z [command]/usr/bin/git remote add origin https://github.com/CoReason-AI/coreason-ecosystem
lint-and-audit	Run actions/checkout@v6.0.2	2026-05-19T19:30:30.6425747Z ##[endgroup]
lint-and-audit	Run actions/checkout@v6.0.2	2026-05-19T19:30:30.6426166Z ##[group]Disabling automatic garbage collection
lint-and-audit	Run actions/checkout@v6.0.2	2026-05-19T19:30:30.6430466Z [command]/usr/bin/git config --local gc.auto 0
lint-and-audit	Run actions/checkout@v6.0.2	2026-05-19T19:30:30.6464341Z ##[endgroup]
lint-and-audit	Run actions/checkout@v6.0.2	2026-05-19T19:30:30.6464723Z ##[group]Setting up auth
lint-and-audit	Run actions/checkout@v6.0.2	2026-05-19T19:30:30.6466170Z Removing SSH command configuration
lint-and-audit	Run actions/checkout@v6.0.2	2026-05-19T19:30:30.6472362Z [command]/usr/bin/git config --local --name-only --get-regexp core\.sshCommand
lint-and-audit	Run actions/checkout@v6.0.2	2026-05-19T19:30:30.6506958Z [command]/usr/bin/git submodule foreach --recursive sh -c "git config --local --name-only --get-regexp 'core\.sshCommand' && git config --local --unset-all 'core.sshCommand' || :"
lint-and-audit	Run actions/checkout@v6.0.2	2026-05-19T19:30:30.6922701Z Removing HTTP extra header
lint-and-audit	Run actions/checkout@v6.0.2	2026-05-19T19:30:30.6928213Z [command]/usr/bin/git config --local --name-only --get-regexp http\.https\:\/\/github\.com\/\.extraheader
lint-and-audit	Run actions/checkout@v6.0.2	2026-05-19T19:30:30.6962216Z [command]/usr/bin/git submodule foreach --recursive sh -c "git config --local --name-only --get-regexp 'http\.https\:\/\/github\.com\/\.extraheader' && git config --local --unset-all 'http.https://github.com/.extraheader' || :"
lint-and-audit	Run actions/checkout@v6.0.2	2026-05-19T19:30:30.7202676Z Removing includeIf entries pointing to credentials config files
lint-and-audit	Run actions/checkout@v6.0.2	2026-05-19T19:30:30.7209418Z [command]/usr/bin/git config --local --name-only --get-regexp ^includeIf\.gitdir:
lint-and-audit	Run actions/checkout@v6.0.2	2026-05-19T19:30:30.7243642Z [command]/usr/bin/git submodule foreach --recursive git config --local --show-origin --name-only --get-regexp remote.origin.url
lint-and-audit	Run actions/checkout@v6.0.2	2026-05-19T19:30:30.7496822Z [command]/usr/bin/git config --file /home/runner/work/_temp/git-credentials-58eca1f4-ed94-41d0-a51f-252d385efb24.config http.https://github.com/.extraheader AUTHORIZATION: basic ***
lint-and-audit	Run actions/checkout@v6.0.2	2026-05-19T19:30:30.7537498Z [command]/usr/bin/git config --local includeIf.gitdir:/home/runner/work/coreason-ecosystem/coreason-ecosystem/.git.path /home/runner/work/_temp/git-credentials-58eca1f4-ed94-41d0-a51f-252d385efb24.config
lint-and-audit	Run actions/checkout@v6.0.2	2026-05-19T19:30:30.7571747Z [command]/usr/bin/git config --local includeIf.gitdir:/home/runner/work/coreason-ecosystem/coreason-ecosystem/.git/worktrees/*.path /home/runner/work/_temp/git-credentials-58eca1f4-ed94-41d0-a51f-252d385efb24.config
lint-and-audit	Run actions/checkout@v6.0.2	2026-05-19T19:30:30.7606994Z [command]/usr/bin/git config --local includeIf.gitdir:/github/workspace/.git.path /github/runner_temp/git-credentials-58eca1f4-ed94-41d0-a51f-252d385efb24.config
lint-and-audit	Run actions/checkout@v6.0.2	2026-05-19T19:30:30.7641266Z [command]/usr/bin/git config --local includeIf.gitdir:/github/workspace/.git/worktrees/*.path /github/runner_temp/git-credentials-58eca1f4-ed94-41d0-a51f-252d385efb24.config
lint-and-audit	Run actions/checkout@v6.0.2	2026-05-19T19:30:30.7672329Z ##[endgroup]
lint-and-audit	Run actions/checkout@v6.0.2	2026-05-19T19:30:30.7673046Z ##[group]Fetching the repository
lint-and-audit	Run actions/checkout@v6.0.2	2026-05-19T19:30:30.7681619Z [command]/usr/bin/git -c protocol.version=2 fetch --no-tags --prune --no-recurse-submodules origin +refs/heads/*:refs/remotes/origin/* +refs/tags/*:refs/tags/*
lint-and-audit	Run actions/checkout@v6.0.2	2026-05-19T19:30:31.7400482Z From https://github.com/CoReason-AI/coreason-ecosystem
lint-and-audit	Run actions/checkout@v6.0.2	2026-05-19T19:30:31.7402548Z  * [new branch]      20260420_refactor_changes_failed -> origin/20260420_refactor_changes_failed
lint-and-audit	Run actions/checkout@v6.0.2	2026-05-19T19:30:31.7404361Z  * [new branch]      20260420_refactor_changes_v2 -> origin/20260420_refactor_changes_v2
lint-and-audit	Run actions/checkout@v6.0.2	2026-05-19T19:30:31.7405745Z  * [new branch]      20260426_security_fix   -> origin/20260426_security_fix
lint-and-audit	Run actions/checkout@v6.0.2	2026-05-19T19:30:31.7406908Z  * [new branch]      20260427_hetzner_cicd_support -> origin/20260427_hetzner_cicd_support
lint-and-audit	Run actions/checkout@v6.0.2	2026-05-19T19:30:31.7407953Z  * [new branch]      20260428_bug_fix        -> origin/20260428_bug_fix
lint-and-audit	Run actions/checkout@v6.0.2	2026-05-19T19:30:31.7409806Z  * [new branch]      20260504-distributed-cid -> origin/20260504-distributed-cid
lint-and-audit	Run actions/checkout@v6.0.2	2026-05-19T19:30:31.7411274Z  * [new branch]      20260504-mcp-gpu        -> origin/20260504-mcp-gpu
lint-and-audit	Run actions/checkout@v6.0.2	2026-05-19T19:30:31.7411999Z  * [new branch]      20260504_bug_fix        -> origin/20260504_bug_fix
lint-and-audit	Run actions/checkout@v6.0.2	2026-05-19T19:30:31.7413407Z  * [new branch]      20260505-astral-setup   -> origin/20260505-astral-setup
lint-and-audit	Run actions/checkout@v6.0.2	2026-05-19T19:30:31.7414854Z  * [new branch]      20260505-mcp-universal  -> origin/20260505-mcp-universal
lint-and-audit	Run actions/checkout@v6.0.2	2026-05-19T19:30:31.7415738Z  * [new branch]      20260505-remove-banned-words -> origin/20260505-remove-banned-words
lint-and-audit	Run actions/checkout@v6.0.2	2026-05-19T19:30:31.7417267Z  * [new branch]      20260506_fix_test_coverage -> origin/20260506_fix_test_coverage
lint-and-audit	Run actions/checkout@v6.0.2	2026-05-19T19:30:31.7418499Z  * [new branch]      20260507-pypi-typeb     -> origin/20260507-pypi-typeb
lint-and-audit	Run actions/checkout@v6.0.2	2026-05-19T19:30:31.7419466Z  * [new branch]      20260509-claw-code      -> origin/20260509-claw-code
lint-and-audit	Run actions/checkout@v6.0.2	2026-05-19T19:30:31.7420586Z  * [new branch]      20260509-nemoclaw       -> origin/20260509-nemoclaw
lint-and-audit	Run actions/checkout@v6.0.2	2026-05-19T19:30:31.7421733Z  * [new branch]      20260509-nemoclaw-117   -> origin/20260509-nemoclaw-117
lint-and-audit	Run actions/checkout@v6.0.2	2026-05-19T19:30:31.7423136Z  * [new branch]      20260509-nemoclaw-by-issue -> origin/20260509-nemoclaw-by-issue
lint-and-audit	Run actions/checkout@v6.0.2	2026-05-19T19:30:31.7424544Z  * [new branch]      20260509_remove_wheels  -> origin/20260509_remove_wheels
lint-and-audit	Run actions/checkout@v6.0.2	2026-05-19T19:30:31.7426121Z  * [new branch]      20260512-security-vulnerabilities -> origin/20260512-security-vulnerabilities
lint-and-audit	Run actions/checkout@v6.0.2	2026-05-19T19:30:31.7428455Z  * [new branch]      20260513-emo-guardrails -> origin/20260513-emo-guardrails
lint-and-audit	Run actions/checkout@v6.0.2	2026-05-19T19:30:31.7430845Z  * [new branch]      20260514_challenge-x01-bootstrapper-ignition -> origin/20260514_challenge-x01-bootstrapper-ignition
lint-and-audit	Run actions/checkout@v6.0.2	2026-05-19T19:30:31.7432803Z  * [new branch]      20260515-Wasmtime       -> origin/20260515-Wasmtime
lint-and-audit	Run actions/checkout@v6.0.2	2026-05-19T19:30:31.7434219Z  * [new branch]      20260515_nemoclaw       -> origin/20260515_nemoclaw
lint-and-audit	Run actions/checkout@v6.0.2	2026-05-19T19:30:31.7435588Z  * [new branch]      chore/routellm-migration-15381362976981835929 -> origin/chore/routellm-migration-15381362976981835929
lint-and-audit	Run actions/checkout@v6.0.2	2026-05-19T19:30:31.7437204Z  * [new branch]      chore/update-manifest-v0.60.0 -> origin/chore/update-manifest-v0.60.0
lint-and-audit	Run actions/checkout@v6.0.2	2026-05-19T19:30:31.7439557Z  * [new branch]      code-health-refactor-import-14949649152786451155 -> origin/code-health-refactor-import-14949649152786451155
lint-and-audit	Run actions/checkout@v6.0.2	2026-05-19T19:30:31.7442998Z  * [new branch]      code-health/move-importlib-metadata-import-162976968349612797 -> origin/code-health/move-importlib-metadata-import-162976968349612797
lint-and-audit	Run actions/checkout@v6.0.2	2026-05-19T19:30:31.7446339Z  * [new branch]      code-health/sync-move-shutil-import-13577813769334707905 -> origin/code-health/sync-move-shutil-import-13577813769334707905
lint-and-audit	Run actions/checkout@v6.0.2	2026-05-19T19:30:31.7448167Z  * [new branch]      develop                 -> origin/develop
lint-and-audit	Run actions/checkout@v6.0.2	2026-05-19T19:30:31.7449398Z  * [new branch]      epic-3b-zero-trust-federation -> origin/epic-3b-zero-trust-federation
lint-and-audit	Run actions/checkout@v6.0.2	2026-05-19T19:30:31.7451526Z  * [new branch]      feat/add-osv-scanner    -> origin/feat/add-osv-scanner
lint-and-audit	Run actions/checkout@v6.0.2	2026-05-19T19:30:31.7452700Z  * [new branch]      feat/add-security-scans -> origin/feat/add-security-scans
lint-and-audit	Run actions/checkout@v6.0.2	2026-05-19T19:30:31.7454729Z  * [new branch]      feat/async-build-optimization-12466923084518938886 -> origin/feat/async-build-optimization-12466923084518938886
lint-and-audit	Run actions/checkout@v6.0.2	2026-05-19T19:30:31.7456928Z  * [new branch]      feat/remove-chaos-ontology -> origin/feat/remove-chaos-ontology
lint-and-audit	Run actions/checkout@v6.0.2	2026-05-19T19:30:31.7458444Z  * [new branch]      feat/zero-trust-schema-routing -> origin/feat/zero-trust-schema-routing
lint-and-audit	Run actions/checkout@v6.0.2	2026-05-19T19:30:31.7460220Z  * [new branch]      feature/devcontainer-setup -> origin/feature/devcontainer-setup
lint-and-audit	Run actions/checkout@v6.0.2	2026-05-19T19:30:31.7462158Z  * [new branch]      feature/thermodynamic-provisioner-18250714505916714105 -> origin/feature/thermodynamic-provisioner-18250714505916714105
lint-and-audit	Run actions/checkout@v6.0.2	2026-05-19T19:30:31.7465054Z  * [new branch]      fix-build-orchestration-bugs-12230873768734612127 -> origin/fix-build-orchestration-bugs-12230873768734612127
lint-and-audit	Run actions/checkout@v6.0.2	2026-05-19T19:30:31.7467651Z  * [new branch]      fix-build-portability-compilation -> origin/fix-build-portability-compilation
lint-and-audit	Run actions/checkout@v6.0.2	2026-05-19T19:30:31.7469330Z  * [new branch]      fix-init-scaffolding    -> origin/fix-init-scaffolding
lint-and-audit	Run actions/checkout@v6.0.2	2026-05-19T19:30:31.7471553Z  * [new branch]      fix-multiple-exception-syntax-error-1278816381846041801 -> origin/fix-multiple-exception-syntax-error-1278816381846041801
lint-and-audit	Run actions/checkout@v6.0.2	2026-05-19T19:30:31.7473332Z  * [new branch]      fix-tests-coverage      -> origin/fix-tests-coverage
lint-and-audit	Run actions/checkout@v6.0.2	2026-05-19T19:30:31.7474759Z  * [new branch]      fix/build-output-deadlock -> origin/fix/build-output-deadlock
lint-and-audit	Run actions/checkout@v6.0.2	2026-05-19T19:30:31.7476609Z  * [new branch]      fix/cli-up-idempotent-compose -> origin/fix/cli-up-idempotent-compose
lint-and-audit	Run actions/checkout@v6.0.2	2026-05-19T19:30:31.7478070Z  * [new branch]      fix/coreason-doctor-diagnostics -> origin/fix/coreason-doctor-diagnostics
lint-and-audit	Run actions/checkout@v6.0.2	2026-05-19T19:30:31.7479580Z  * [new branch]      fix/coreason-sync-bugs  -> origin/fix/coreason-sync-bugs
lint-and-audit	Run actions/checkout@v6.0.2	2026-05-19T19:30:31.7480876Z  * [new branch]      fix/ecosystem-pypi-publish -> origin/fix/ecosystem-pypi-publish
lint-and-audit	Run actions/checkout@v6.0.2	2026-05-19T19:30:31.7482682Z  * [new branch]      fix/issue-185-decommission-nemoclaw -> origin/fix/issue-185-decommission-nemoclaw
lint-and-audit	Run actions/checkout@v6.0.2	2026-05-19T19:30:31.7484476Z  * [new branch]      fix/release-please-version-sync -> origin/fix/release-please-version-sync
lint-and-audit	Run actions/checkout@v6.0.2	2026-05-19T19:30:31.7486545Z  * [new branch]      gh-pages                -> origin/gh-pages
lint-and-audit	Run actions/checkout@v6.0.2	2026-05-19T19:30:31.7488119Z  * [new branch]      jules-16954456911749126828-49d248f8 -> origin/jules-16954456911749126828-49d248f8
lint-and-audit	Run actions/checkout@v6.0.2	2026-05-19T19:30:31.7491511Z  * [new branch]      jules/refactor-nemoclaw-cognition-9937112628089738026 -> origin/jules/refactor-nemoclaw-cognition-9937112628089738026
lint-and-audit	Run actions/checkout@v6.0.2	2026-05-19T19:30:31.7494388Z  * [new branch]      local-fixes             -> origin/local-fixes
lint-and-audit	Run actions/checkout@v6.0.2	2026-05-19T19:30:31.7495498Z  * [new branch]      main                    -> origin/main
lint-and-audit	Run actions/checkout@v6.0.2	2026-05-19T19:30:31.7496659Z  * [new branch]      main_old                -> origin/main_old
lint-and-audit	Run actions/checkout@v6.0.2	2026-05-19T19:30:31.7498235Z  * [new branch]      perf/optimize-epistemic-root-10689789879797462475 -> origin/perf/optimize-epistemic-root-10689789879797462475
lint-and-audit	Run actions/checkout@v6.0.2	2026-05-19T19:30:31.7501949Z  * [new branch]      release-please--branches--main--components--coreason_ecosystem -> origin/release-please--branches--main--components--coreason_ecosystem
lint-and-audit	Run actions/checkout@v6.0.2	2026-05-19T19:30:31.7504337Z  * [new branch]      released-version        -> origin/released-version
lint-and-audit	Run actions/checkout@v6.0.2	2026-05-19T19:30:31.7506026Z  * [new branch]      revert-97-20260427_hetzner_cicd_support -> origin/revert-97-20260427_hetzner_cicd_support
lint-and-audit	Run actions/checkout@v6.0.2	2026-05-19T19:30:31.7507941Z  * [new branch]      security-vulnerability  -> origin/security-vulnerability
lint-and-audit	Run actions/checkout@v6.0.2	2026-05-19T19:30:31.7509003Z  * [new branch]      tempdevelop             -> origin/tempdevelop
lint-and-audit	Run actions/checkout@v6.0.2	2026-05-19T19:30:31.7511540Z  * [new branch]      testing-improvement-build-json-error-10728014757838884648 -> origin/testing-improvement-build-json-error-10728014757838884648
lint-and-audit	Run actions/checkout@v6.0.2	2026-05-19T19:30:31.7514801Z  * [new branch]      testing/version-callback-local-dev-14700367787174930128 -> origin/testing/version-callback-local-dev-14700367787174930128
lint-and-audit	Run actions/checkout@v6.0.2	2026-05-19T19:30:31.7516472Z  * [new tag]         v0.1.0                  -> v0.1.0
lint-and-audit	Run actions/checkout@v6.0.2	2026-05-19T19:30:31.7521856Z  * [new tag]         v0.1.1                  -> v0.1.1
lint-and-audit	Run actions/checkout@v6.0.2	2026-05-19T19:30:31.7522944Z  * [new tag]         v0.10.0                 -> v0.10.0
lint-and-audit	Run actions/checkout@v6.0.2	2026-05-19T19:30:31.7524010Z  * [new tag]         v0.11.0                 -> v0.11.0
lint-and-audit	Run actions/checkout@v6.0.2	2026-05-19T19:30:31.7525124Z  * [new tag]         v0.12.0                 -> v0.12.0
lint-and-audit	Run actions/checkout@v6.0.2	2026-05-19T19:30:31.7525667Z  * [new tag]         v0.13.0                 -> v0.13.0
lint-and-audit	Run actions/checkout@v6.0.2	2026-05-19T19:30:31.7526964Z  * [new tag]         v0.14.0                 -> v0.14.0
lint-and-audit	Run actions/checkout@v6.0.2	2026-05-19T19:30:31.7527731Z  * [new tag]         v0.14.1                 -> v0.14.1
lint-and-audit	Run actions/checkout@v6.0.2	2026-05-19T19:30:31.7528953Z  * [new tag]         v0.15.0                 -> v0.15.0
lint-and-audit	Run actions/checkout@v6.0.2	2026-05-19T19:30:31.7529499Z  * [new tag]         v0.15.1                 -> v0.15.1
lint-and-audit	Run actions/checkout@v6.0.2	2026-05-19T19:30:31.7532497Z  * [new tag]         v0.16.0                 -> v0.16.0
lint-and-audit	Run actions/checkout@v6.0.2	2026-05-19T19:30:31.7533064Z  * [new tag]         v0.16.1                 -> v0.16.1
lint-and-audit	Run actions/checkout@v6.0.2	2026-05-19T19:30:31.7534510Z  * [new tag]         v0.17.0                 -> v0.17.0
lint-and-audit	Run actions/checkout@v6.0.2	2026-05-19T19:30:31.7535291Z  * [new tag]         v0.17.1                 -> v0.17.1
lint-and-audit	Run actions/checkout@v6.0.2	2026-05-19T19:30:31.7535797Z  * [new tag]         v0.2.0                  -> v0.2.0
lint-and-audit	Run actions/checkout@v6.0.2	2026-05-19T19:30:31.7536953Z  * [new tag]         v0.2.1                  -> v0.2.1
lint-and-audit	Run actions/checkout@v6.0.2	2026-05-19T19:30:31.7537734Z  * [new tag]         v0.22.0                 -> v0.22.0
lint-and-audit	Run actions/checkout@v6.0.2	2026-05-19T19:30:31.7538944Z  * [new tag]         v0.23.0                 -> v0.23.0
lint-and-audit	Run actions/checkout@v6.0.2	2026-05-19T19:30:31.7539720Z  * [new tag]         v0.23.1                 -> v0.23.1
lint-and-audit	Run actions/checkout@v6.0.2	2026-05-19T19:30:31.7540971Z  * [new tag]         v0.23.2                 -> v0.23.2
lint-and-audit	Run actions/checkout@v6.0.2	2026-05-19T19:30:31.7541493Z  * [new tag]         v0.24.0                 -> v0.24.0
lint-and-audit	Run actions/checkout@v6.0.2	2026-05-19T19:30:31.7542398Z  * [new tag]         v0.24.1                 -> v0.24.1
lint-and-audit	Run actions/checkout@v6.0.2	2026-05-19T19:30:31.7543360Z  * [new tag]         v0.25.0                 -> v0.25.0
lint-and-audit	Run actions/checkout@v6.0.2	2026-05-19T19:30:31.7544515Z  * [new tag]         v0.26.0                 -> v0.26.0
lint-and-audit	Run actions/checkout@v6.0.2	2026-05-19T19:30:31.7545029Z  * [new tag]         v0.27.0                 -> v0.27.0
lint-and-audit	Run actions/checkout@v6.0.2	2026-05-19T19:30:31.7546441Z  * [new tag]         v0.27.1                 -> v0.27.1
lint-and-audit	Run actions/checkout@v6.0.2	2026-05-19T19:30:31.7546976Z  * [new tag]         v0.27.2                 -> v0.27.2
lint-and-audit	Run actions/checkout@v6.0.2	2026-05-19T19:30:31.7548347Z  * [new tag]         v0.28.0                 -> v0.28.0
lint-and-audit	Run actions/checkout@v6.0.2	2026-05-19T19:30:31.7549604Z  * [new tag]         v0.29.0                 -> v0.29.0
lint-and-audit	Run actions/checkout@v6.0.2	2026-05-19T19:30:31.7550548Z  * [new tag]         v0.29.1                 -> v0.29.1
lint-and-audit	Run actions/checkout@v6.0.2	2026-05-19T19:30:31.7551779Z  * [new tag]         v0.3.0                  -> v0.3.0
lint-and-audit	Run actions/checkout@v6.0.2	2026-05-19T19:30:31.7552324Z  * [new tag]         v0.30.0                 -> v0.30.0
lint-and-audit	Run actions/checkout@v6.0.2	2026-05-19T19:30:31.7553741Z  * [new tag]         v0.31.0                 -> v0.31.0
lint-and-audit	Run actions/checkout@v6.0.2	2026-05-19T19:30:31.7554470Z  * [new tag]         v0.32.0                 -> v0.32.0
lint-and-audit	Run actions/checkout@v6.0.2	2026-05-19T19:30:31.7555689Z  * [new tag]         v0.33.0                 -> v0.33.0
lint-and-audit	Run actions/checkout@v6.0.2	2026-05-19T19:30:31.7556202Z  * [new tag]         v0.34.0                 -> v0.34.0
lint-and-audit	Run actions/checkout@v6.0.2	2026-05-19T19:30:31.7557270Z  * [new tag]         v0.35.0                 -> v0.35.0
lint-and-audit	Run actions/checkout@v6.0.2	2026-05-19T19:30:31.7558223Z  * [new tag]         v0.36.0                 -> v0.36.0
lint-and-audit	Run actions/checkout@v6.0.2	2026-05-19T19:30:31.7559243Z  * [new tag]         v0.37.0                 -> v0.37.0
lint-and-audit	Run actions/checkout@v6.0.2	2026-05-19T19:30:31.7559754Z  * [new tag]         v0.38.0                 -> v0.38.0
lint-and-audit	Run actions/checkout@v6.0.2	2026-05-19T19:30:31.7561161Z  * [new tag]         v0.38.1                 -> v0.38.1
lint-and-audit	Run actions/checkout@v6.0.2	2026-05-19T19:30:31.7561675Z  * [new tag]         v0.38.3                 -> v0.38.3
lint-and-audit	Run actions/checkout@v6.0.2	2026-05-19T19:30:31.7562749Z  * [new tag]         v0.38.4                 -> v0.38.4
lint-and-audit	Run actions/checkout@v6.0.2	2026-05-19T19:30:31.7563653Z  * [new tag]         v0.38.5                 -> v0.38.5
lint-and-audit	Run actions/checkout@v6.0.2	2026-05-19T19:30:31.7564486Z  * [new tag]         v0.39.0                 -> v0.39.0
lint-and-audit	Run actions/checkout@v6.0.2	2026-05-19T19:30:31.7565439Z  * [new tag]         v0.39.1                 -> v0.39.1
lint-and-audit	Run actions/checkout@v6.0.2	2026-05-19T19:30:31.7566359Z  * [new tag]         v0.4.0                  -> v0.4.0
lint-and-audit	Run actions/checkout@v6.0.2	2026-05-19T19:30:31.7566866Z  * [new tag]         v0.40.0                 -> v0.40.0
lint-and-audit	Run actions/checkout@v6.0.2	2026-05-19T19:30:31.7568148Z  * [new tag]         v0.40.1                 -> v0.40.1
lint-and-audit	Run actions/checkout@v6.0.2	2026-05-19T19:30:31.7568951Z  * [new tag]         v0.41.0                 -> v0.41.0
lint-and-audit	Run actions/checkout@v6.0.2	2026-05-19T19:30:31.7570006Z  * [new tag]         v0.42.0                 -> v0.42.0
lint-and-audit	Run actions/checkout@v6.0.2	2026-05-19T19:30:31.7570762Z  * [new tag]         v0.43.0                 -> v0.43.0
lint-and-audit	Run actions/checkout@v6.0.2	2026-05-19T19:30:31.7571989Z  * [new tag]         v0.43.1                 -> v0.43.1
lint-and-audit	Run actions/checkout@v6.0.2	2026-05-19T19:30:31.7572540Z  * [new tag]         v0.44.0                 -> v0.44.0
lint-and-audit	Run actions/checkout@v6.0.2	2026-05-19T19:30:31.7573056Z  * [new tag]         v0.45.0                 -> v0.45.0
lint-and-audit	Run actions/checkout@v6.0.2	2026-05-19T19:30:31.7573767Z  * [new tag]         v0.45.1                 -> v0.45.1
lint-and-audit	Run actions/checkout@v6.0.2	2026-05-19T19:30:31.7574282Z  * [new tag]         v0.5.0                  -> v0.5.0
lint-and-audit	Run actions/checkout@v6.0.2	2026-05-19T19:30:31.7575174Z  * [new tag]         v0.6.0                  -> v0.6.0
lint-and-audit	Run actions/checkout@v6.0.2	2026-05-19T19:30:31.7575708Z  * [new tag]         v0.7.0                  -> v0.7.0
lint-and-audit	Run actions/checkout@v6.0.2	2026-05-19T19:30:31.7576387Z  * [new tag]         v0.8.0                  -> v0.8.0
lint-and-audit	Run actions/checkout@v6.0.2	2026-05-19T19:30:31.7576878Z  * [new tag]         v0.9.0                  -> v0.9.0
lint-and-audit	Run actions/checkout@v6.0.2	2026-05-19T19:30:31.7577369Z  * [new tag]         v0.9.1                  -> v0.9.1
lint-and-audit	Run actions/checkout@v6.0.2	2026-05-19T19:30:31.7577862Z  * [new tag]         v0.9.2                  -> v0.9.2
lint-and-audit	Run actions/checkout@v6.0.2	2026-05-19T19:30:31.7578492Z  * [new tag]         v0.9.3                  -> v0.9.3
lint-and-audit	Run actions/checkout@v6.0.2	2026-05-19T19:30:31.7579002Z  * [new tag]         v0.9.4                  -> v0.9.4
lint-and-audit	Run actions/checkout@v6.0.2	2026-05-19T19:30:31.7579501Z  * [new tag]         v0.9.5                  -> v0.9.5
lint-and-audit	Run actions/checkout@v6.0.2	2026-05-19T19:30:31.7579983Z  * [new tag]         v0.9.6                  -> v0.9.6
lint-and-audit	Run actions/checkout@v6.0.2	2026-05-19T19:30:31.7743832Z [command]/usr/bin/git branch --list --remote origin/main
lint-and-audit	Run actions/checkout@v6.0.2	2026-05-19T19:30:31.7776134Z   origin/main
lint-and-audit	Run actions/checkout@v6.0.2	2026-05-19T19:30:31.7786427Z [command]/usr/bin/git rev-parse refs/remotes/origin/main
lint-and-audit	Run actions/checkout@v6.0.2	2026-05-19T19:30:31.7810593Z 22bab08def3aeb5aa44a3ae9cfff455eb780572c
lint-and-audit	Run actions/checkout@v6.0.2	2026-05-19T19:30:31.7816999Z ##[endgroup]
lint-and-audit	Run actions/checkout@v6.0.2	2026-05-19T19:30:31.7817557Z ##[group]Determining the checkout info
lint-and-audit	Run actions/checkout@v6.0.2	2026-05-19T19:30:31.7818257Z ##[endgroup]
lint-and-audit	Run actions/checkout@v6.0.2	2026-05-19T19:30:31.7824786Z [command]/usr/bin/git sparse-checkout disable
lint-and-audit	Run actions/checkout@v6.0.2	2026-05-19T19:30:31.7882381Z [command]/usr/bin/git config --local --unset-all extensions.worktreeConfig
lint-and-audit	Run actions/checkout@v6.0.2	2026-05-19T19:30:31.7915107Z ##[group]Checking out the ref
lint-and-audit	Run actions/checkout@v6.0.2	2026-05-19T19:30:31.7920002Z [command]/usr/bin/git checkout --progress --force -B main refs/remotes/origin/main
lint-and-audit	Run actions/checkout@v6.0.2	2026-05-19T19:30:31.8280938Z Switched to a new branch 'main'
lint-and-audit	Run actions/checkout@v6.0.2	2026-05-19T19:30:31.8287287Z branch 'main' set up to track 'origin/main'.
lint-and-audit	Run actions/checkout@v6.0.2	2026-05-19T19:30:31.8295429Z ##[endgroup]
lint-and-audit	Run actions/checkout@v6.0.2	2026-05-19T19:30:31.8343167Z [command]/usr/bin/git log -1 --format=%H
lint-and-audit	Run actions/checkout@v6.0.2	2026-05-19T19:30:31.8372915Z 22bab08def3aeb5aa44a3ae9cfff455eb780572c
lint-and-audit	Substrate Purity Verification	∩╗┐2026-05-19T19:30:31.8499114Z ##[group]Run git clean -xfd -e .venv -e .uv_cache
lint-and-audit	Substrate Purity Verification	2026-05-19T19:30:31.8499483Z [36;1mgit clean -xfd -e .venv -e .uv_cache[0m
lint-and-audit	Substrate Purity Verification	2026-05-19T19:30:31.8533202Z shell: /usr/bin/bash -e {0}
lint-and-audit	Substrate Purity Verification	2026-05-19T19:30:31.8533839Z env:
lint-and-audit	Substrate Purity Verification	2026-05-19T19:30:31.8534049Z   FORCE_JAVASCRIPT_ACTIONS_TO_NODE24: true
lint-and-audit	Substrate Purity Verification	2026-05-19T19:30:31.8534348Z   TEMPORAL_CI_NAMESPACE: coreason-ci-26120302019-1
lint-and-audit	Substrate Purity Verification	2026-05-19T19:30:31.8534645Z   ORJSON_BUILD_FREETHREADED: 1
lint-and-audit	Substrate Purity Verification	2026-05-19T19:30:31.8534878Z ##[endgroup]
lint-and-audit	Extract coreason-manifest version	∩╗┐2026-05-19T19:30:31.8646729Z ##[group]Run python -c "import re; m = re.search(r'coreason-manifest==([0-9]+\.[0-9]+\.[0-9]+)', open('pyproject.toml').read()); print('MANIFEST_VERSION=v' + m.group(1)) if m else exit(1)" >> "$GITHUB_ENV"
lint-and-audit	Extract coreason-manifest version	2026-05-19T19:30:31.8648004Z [36;1mpython -c "import re; m = re.search(r'coreason-manifest==([0-9]+\.[0-9]+\.[0-9]+)', open('pyproject.toml').read()); print('MANIFEST_VERSION=v' + m.group(1)) if m else exit(1)" >> "$GITHUB_ENV"[0m
lint-and-audit	Extract coreason-manifest version	2026-05-19T19:30:31.8689102Z shell: /usr/bin/bash --noprofile --norc -e -o pipefail {0}
lint-and-audit	Extract coreason-manifest version	2026-05-19T19:30:31.8689420Z env:
lint-and-audit	Extract coreason-manifest version	2026-05-19T19:30:31.8689617Z   FORCE_JAVASCRIPT_ACTIONS_TO_NODE24: true
lint-and-audit	Extract coreason-manifest version	2026-05-19T19:30:31.8689911Z   TEMPORAL_CI_NAMESPACE: coreason-ci-26120302019-1
lint-and-audit	Extract coreason-manifest version	2026-05-19T19:30:31.8690183Z   ORJSON_BUILD_FREETHREADED: 1
lint-and-audit	Extract coreason-manifest version	2026-05-19T19:30:31.8690397Z ##[endgroup]
lint-and-audit	Checkout coreason-manifest	∩╗┐2026-05-19T19:30:31.9048624Z ##[group]Run actions/checkout@v6.0.2
lint-and-audit	Checkout coreason-manifest	2026-05-19T19:30:31.9048904Z with:
lint-and-audit	Checkout coreason-manifest	2026-05-19T19:30:31.9049102Z   repository: CoReason-AI/coreason-manifest
lint-and-audit	Checkout coreason-manifest	2026-05-19T19:30:31.9049361Z   ref: v0.84.1
lint-and-audit	Checkout coreason-manifest	2026-05-19T19:30:31.9049540Z   path: coreason-manifest
lint-and-audit	Checkout coreason-manifest	2026-05-19T19:30:31.9050114Z   token: ***
lint-and-audit	Checkout coreason-manifest	2026-05-19T19:30:31.9050302Z   fetch-depth: 0
lint-and-audit	Checkout coreason-manifest	2026-05-19T19:30:31.9050477Z   fetch-tags: true
lint-and-audit	Checkout coreason-manifest	2026-05-19T19:30:31.9050659Z   ssh-strict: true
lint-and-audit	Checkout coreason-manifest	2026-05-19T19:30:31.9050823Z   ssh-user: git
lint-and-audit	Checkout coreason-manifest	2026-05-19T19:30:31.9051013Z   persist-credentials: true
lint-and-audit	Checkout coreason-manifest	2026-05-19T19:30:31.9051244Z   clean: true
lint-and-audit	Checkout coreason-manifest	2026-05-19T19:30:31.9051428Z   sparse-checkout-cone-mode: true
lint-and-audit	Checkout coreason-manifest	2026-05-19T19:30:31.9051664Z   show-progress: true
lint-and-audit	Checkout coreason-manifest	2026-05-19T19:30:31.9051842Z   lfs: false
lint-and-audit	Checkout coreason-manifest	2026-05-19T19:30:31.9052009Z   submodules: false
lint-and-audit	Checkout coreason-manifest	2026-05-19T19:30:31.9052198Z   set-safe-directory: true
lint-and-audit	Checkout coreason-manifest	2026-05-19T19:30:31.9052390Z env:
lint-and-audit	Checkout coreason-manifest	2026-05-19T19:30:31.9052572Z   FORCE_JAVASCRIPT_ACTIONS_TO_NODE24: true
lint-and-audit	Checkout coreason-manifest	2026-05-19T19:30:31.9052859Z   TEMPORAL_CI_NAMESPACE: coreason-ci-26120302019-1
lint-and-audit	Checkout coreason-manifest	2026-05-19T19:30:31.9053165Z   ORJSON_BUILD_FREETHREADED: 1
lint-and-audit	Checkout coreason-manifest	2026-05-19T19:30:31.9053699Z   MANIFEST_VERSION: v0.84.1
lint-and-audit	Checkout coreason-manifest	2026-05-19T19:30:31.9053942Z ##[endgroup]
lint-and-audit	Checkout coreason-manifest	2026-05-19T19:30:31.9885504Z Syncing repository: CoReason-AI/coreason-manifest
lint-and-audit	Checkout coreason-manifest	2026-05-19T19:30:31.9892240Z ##[group]Getting Git version info
lint-and-audit	Checkout coreason-manifest	2026-05-19T19:30:31.9893106Z Working directory is '/home/runner/work/coreason-ecosystem/coreason-ecosystem/coreason-manifest'
lint-and-audit	Checkout coreason-manifest	2026-05-19T19:30:31.9930632Z [command]/usr/bin/git version
lint-and-audit	Checkout coreason-manifest	2026-05-19T19:30:31.9969900Z git version 2.54.0
lint-and-audit	Checkout coreason-manifest	2026-05-19T19:30:31.9992992Z ##[endgroup]
lint-and-audit	Checkout coreason-manifest	2026-05-19T19:30:32.0007750Z Temporarily overriding HOME='/home/runner/work/_temp/a4c22efb-c122-4e05-83cf-c7330bb7e1f0' before making global git config changes
lint-and-audit	Checkout coreason-manifest	2026-05-19T19:30:32.0009111Z Adding repository directory to the temporary git global config as a safe directory
lint-and-audit	Checkout coreason-manifest	2026-05-19T19:30:32.0014124Z [command]/usr/bin/git config --global --add safe.directory /home/runner/work/coreason-ecosystem/coreason-ecosystem/coreason-manifest
lint-and-audit	Checkout coreason-manifest	2026-05-19T19:30:32.0053706Z ##[group]Initializing the repository
lint-and-audit	Checkout coreason-manifest	2026-05-19T19:30:32.0060272Z [command]/usr/bin/git init /home/runner/work/coreason-ecosystem/coreason-ecosystem/coreason-manifest
lint-and-audit	Checkout coreason-manifest	2026-05-19T19:30:32.0122222Z hint: Using 'master' as the name for the initial branch. This default branch name
lint-and-audit	Checkout coreason-manifest	2026-05-19T19:30:32.0123699Z hint: will change to "main" in Git 3.0. To configure the initial branch name
lint-and-audit	Checkout coreason-manifest	2026-05-19T19:30:32.0125482Z hint: to use in all of your new repositories, which will suppress this warning,
lint-and-audit	Checkout coreason-manifest	2026-05-19T19:30:32.0126282Z hint: call:
lint-and-audit	Checkout coreason-manifest	2026-05-19T19:30:32.0126744Z hint:
lint-and-audit	Checkout coreason-manifest	2026-05-19T19:30:32.0126981Z hint: 	git config --global init.defaultBranch <name>
lint-and-audit	Checkout coreason-manifest	2026-05-19T19:30:32.0127508Z hint:
lint-and-audit	Checkout coreason-manifest	2026-05-19T19:30:32.0127915Z hint: Names commonly chosen instead of 'master' are 'main', 'trunk' and
lint-and-audit	Checkout coreason-manifest	2026-05-19T19:30:32.0128571Z hint: 'development'. The just-created branch can be renamed via this command:
lint-and-audit	Checkout coreason-manifest	2026-05-19T19:30:32.0129219Z hint:
lint-and-audit	Checkout coreason-manifest	2026-05-19T19:30:32.0129542Z hint: 	git branch -m <name>
lint-and-audit	Checkout coreason-manifest	2026-05-19T19:30:32.0129938Z hint:
lint-and-audit	Checkout coreason-manifest	2026-05-19T19:30:32.0130276Z hint: Disable this message with "git config set advice.defaultBranchName false"
lint-and-audit	Checkout coreason-manifest	2026-05-19T19:30:32.0131258Z Initialized empty Git repository in /home/runner/work/coreason-ecosystem/coreason-ecosystem/coreason-manifest/.git/
lint-and-audit	Checkout coreason-manifest	2026-05-19T19:30:32.0139127Z [command]/usr/bin/git remote add origin https://github.com/CoReason-AI/coreason-manifest
lint-and-audit	Checkout coreason-manifest	2026-05-19T19:30:32.0174985Z ##[endgroup]
lint-and-audit	Checkout coreason-manifest	2026-05-19T19:30:32.0175382Z ##[group]Disabling automatic garbage collection
lint-and-audit	Checkout coreason-manifest	2026-05-19T19:30:32.0179523Z [command]/usr/bin/git config --local gc.auto 0
lint-and-audit	Checkout coreason-manifest	2026-05-19T19:30:32.0212222Z ##[endgroup]
lint-and-audit	Checkout coreason-manifest	2026-05-19T19:30:32.0212835Z ##[group]Setting up auth
lint-and-audit	Checkout coreason-manifest	2026-05-19T19:30:32.0214232Z Removing SSH command configuration
lint-and-audit	Checkout coreason-manifest	2026-05-19T19:30:32.0220392Z [command]/usr/bin/git config --local --name-only --get-regexp core\.sshCommand
lint-and-audit	Checkout coreason-manifest	2026-05-19T19:30:32.0254742Z [command]/usr/bin/git submodule foreach --recursive sh -c "git config --local --name-only --get-regexp 'core\.sshCommand' && git config --local --unset-all 'core.sshCommand' || :"
lint-and-audit	Checkout coreason-manifest	2026-05-19T19:30:32.0636715Z Removing HTTP extra header
lint-and-audit	Checkout coreason-manifest	2026-05-19T19:30:32.0642487Z [command]/usr/bin/git config --local --name-only --get-regexp http\.https\:\/\/github\.com\/\.extraheader
lint-and-audit	Checkout coreason-manifest	2026-05-19T19:30:32.0677370Z [command]/usr/bin/git submodule foreach --recursive sh -c "git config --local --name-only --get-regexp 'http\.https\:\/\/github\.com\/\.extraheader' && git config --local --unset-all 'http.https://github.com/.extraheader' || :"
lint-and-audit	Checkout coreason-manifest	2026-05-19T19:30:32.0927094Z Removing includeIf entries pointing to credentials config files
lint-and-audit	Checkout coreason-manifest	2026-05-19T19:30:32.0933593Z [command]/usr/bin/git config --local --name-only --get-regexp ^includeIf\.gitdir:
lint-and-audit	Checkout coreason-manifest	2026-05-19T19:30:32.0967692Z [command]/usr/bin/git submodule foreach --recursive git config --local --show-origin --name-only --get-regexp remote.origin.url
lint-and-audit	Checkout coreason-manifest	2026-05-19T19:30:32.1223864Z [command]/usr/bin/git config --file /home/runner/work/_temp/git-credentials-39041175-966a-4d89-818c-4d5b6af67fdf.config http.https://github.com/.extraheader AUTHORIZATION: basic ***
lint-and-audit	Checkout coreason-manifest	2026-05-19T19:30:32.1263829Z [command]/usr/bin/git config --local includeIf.gitdir:/home/runner/work/coreason-ecosystem/coreason-ecosystem/coreason-manifest/.git.path /home/runner/work/_temp/git-credentials-39041175-966a-4d89-818c-4d5b6af67fdf.config
lint-and-audit	Checkout coreason-manifest	2026-05-19T19:30:32.1298129Z [command]/usr/bin/git config --local includeIf.gitdir:/home/runner/work/coreason-ecosystem/coreason-ecosystem/coreason-manifest/.git/worktrees/*.path /home/runner/work/_temp/git-credentials-39041175-966a-4d89-818c-4d5b6af67fdf.config
lint-and-audit	Checkout coreason-manifest	2026-05-19T19:30:32.1331949Z [command]/usr/bin/git config --local includeIf.gitdir:/github/workspace/coreason-manifest/.git.path /github/runner_temp/git-credentials-39041175-966a-4d89-818c-4d5b6af67fdf.config
lint-and-audit	Checkout coreason-manifest	2026-05-19T19:30:32.1367564Z [command]/usr/bin/git config --local includeIf.gitdir:/github/workspace/coreason-manifest/.git/worktrees/*.path /github/runner_temp/git-credentials-39041175-966a-4d89-818c-4d5b6af67fdf.config
lint-and-audit	Checkout coreason-manifest	2026-05-19T19:30:32.1398916Z ##[endgroup]
lint-and-audit	Checkout coreason-manifest	2026-05-19T19:30:32.1399491Z ##[group]Fetching the repository
lint-and-audit	Checkout coreason-manifest	2026-05-19T19:30:32.1412926Z [command]/usr/bin/git -c protocol.version=2 fetch --no-tags --prune --no-recurse-submodules origin +refs/heads/*:refs/remotes/origin/* +refs/tags/*:refs/tags/*
lint-and-audit	Checkout coreason-manifest	2026-05-19T19:30:34.7954762Z From https://github.com/CoReason-AI/coreason-manifest
lint-and-audit	Checkout coreason-manifest	2026-05-19T19:30:34.7955836Z  * [new branch]        01-causal-inference     -> origin/01-causal-inference
lint-and-audit	Checkout coreason-manifest	2026-05-19T19:30:34.7956908Z  * [new branch]        03-combinatorial-solver -> origin/03-combinatorial-solver
lint-and-audit	Checkout coreason-manifest	2026-05-19T19:30:34.7958340Z  * [new branch]        04-rustowork-graph      -> origin/04-rustowork-graph
lint-and-audit	Checkout coreason-manifest	2026-05-19T19:30:34.7959423Z  * [new branch]        20260428_hertzner_cicd_support -> origin/20260428_hertzner_cicd_support
lint-and-audit	Checkout coreason-manifest	2026-05-19T19:30:34.7960581Z  * [new branch]        20260503_remove_jules_folder -> origin/20260503_remove_jules_folder
lint-and-audit	Checkout coreason-manifest	2026-05-19T19:30:34.7961666Z  * [new branch]        20260504-distributed-cid -> origin/20260504-distributed-cid
lint-and-audit	Checkout coreason-manifest	2026-05-19T19:30:34.7962672Z  * [new branch]        20260504-matrix         -> origin/20260504-matrix
lint-and-audit	Checkout coreason-manifest	2026-05-19T19:30:34.7963826Z  * [new branch]        20260504-nodejs-test    -> origin/20260504-nodejs-test
lint-and-audit	Checkout coreason-manifest	2026-05-19T19:30:34.7964822Z  * [new branch]        20260507-pypi-typeb     -> origin/20260507-pypi-typeb
lint-and-audit	Checkout coreason-manifest	2026-05-19T19:30:34.7965750Z  * [new branch]        20260507_bump_versions  -> origin/20260507_bump_versions
lint-and-audit	Checkout coreason-manifest	2026-05-19T19:30:34.7966820Z  * [new branch]        20260511-nemo-claw-by-issue -> origin/20260511-nemo-claw-by-issue
lint-and-audit	Checkout coreason-manifest	2026-05-19T19:30:34.7968072Z  * [new branch]        20260512-security-vulnerabilities -> origin/20260512-security-vulnerabilities
lint-and-audit	Checkout coreason-manifest	2026-05-19T19:30:34.7969187Z  * [new branch]        Recipe-Definitions      -> origin/Recipe-Definitions
lint-and-audit	Checkout coreason-manifest	2026-05-19T19:30:34.7970743Z  * [new branch]        Simulation-&-Audit-Definitions -> origin/Simulation-&-Audit-Definitions
lint-and-audit	Checkout coreason-manifest	2026-05-19T19:30:34.7971747Z  * [new branch]        action-space-id         -> origin/action-space-id
lint-and-audit	Checkout coreason-manifest	2026-05-19T19:30:34.7972924Z  * [new branch]        add-constitution-schema-18361548031416984128 -> origin/add-constitution-schema-18361548031416984128
lint-and-audit	Checkout coreason-manifest	2026-05-19T19:30:34.7975017Z  * [new branch]        agent-manifest          -> origin/agent-manifest
lint-and-audit	Checkout coreason-manifest	2026-05-19T19:30:34.7976536Z  * [new branch]        architectural-refactor-strict-contracts-1182666329991357650 -> origin/architectural-refactor-strict-contracts-1182666329991357650
lint-and-audit	Checkout coreason-manifest	2026-05-19T19:30:34.7978645Z  * [new branch]        archive-prd-improve-docs-and-dx -> origin/archive-prd-improve-docs-and-dx
lint-and-audit	Checkout coreason-manifest	2026-05-19T19:30:34.7979742Z  * [new branch]        async                   -> origin/async
lint-and-audit	Checkout coreason-manifest	2026-05-19T19:30:34.7984072Z  * [new branch]        audit-integrity-fix-introspection-13588768413380613826 -> origin/audit-integrity-fix-introspection-13588768413380613826
lint-and-audit	Checkout coreason-manifest	2026-05-19T19:30:34.7986458Z  * [new branch]        bolt-dag-longest-path-opt-1922282049664909391 -> origin/bolt-dag-longest-path-opt-1922282049664909391
lint-and-audit	Checkout coreason-manifest	2026-05-19T19:30:34.7988040Z  * [new branch]        bolt-fast-vector-norms-5876386907488227826 -> origin/bolt-fast-vector-norms-5876386907488227826
lint-and-audit	Checkout coreason-manifest	2026-05-19T19:30:34.7989517Z  * [new branch]        bolt-msgspec-optimization-13627919643699703931 -> origin/bolt-msgspec-optimization-13627919643699703931
lint-and-audit	Checkout coreason-manifest	2026-05-19T19:30:34.7990998Z  * [new branch]        bolt-optimize-canonicalize-8967315191820086313 -> origin/bolt-optimize-canonicalize-8967315191820086313
lint-and-audit	Checkout coreason-manifest	2026-05-19T19:30:34.7992587Z  * [new branch]        bolt-optimize-msgspec-encoder-7005076420599015186 -> origin/bolt-optimize-msgspec-encoder-7005076420599015186
lint-and-audit	Checkout coreason-manifest	2026-05-19T19:30:34.7994526Z  * [new branch]        bolt-optimize-schema-clone-16863321818155563563 -> origin/bolt-optimize-schema-clone-16863321818155563563
lint-and-audit	Checkout coreason-manifest	2026-05-19T19:30:34.7995855Z  * [new branch]        bolt-perf-optimization-15848291691891203395 -> origin/bolt-perf-optimization-15848291691891203395
lint-and-audit	Checkout coreason-manifest	2026-05-19T19:30:34.7996715Z  * [new branch]        bolt-performance-improvement-10918624361844093594 -> origin/bolt-performance-improvement-10918624361844093594
lint-and-audit	Checkout coreason-manifest	2026-05-19T19:30:34.7997601Z  * [new branch]        bolt/opt-fast-vector-norms-10678168765973616544 -> origin/bolt/opt-fast-vector-norms-10678168765973616544
lint-and-audit	Checkout coreason-manifest	2026-05-19T19:30:34.7998397Z  * [new branch]        bolt/vector-magnitude-cache-5590154678072100950 -> origin/bolt/vector-magnitude-cache-5590154678072100950
lint-and-audit	Checkout coreason-manifest	2026-05-19T19:30:34.7999428Z  * [new branch]        chore/purge-runtime-artifacts-8918995878798451184 -> origin/chore/purge-runtime-artifacts-8918995878798451184
lint-and-audit	Checkout coreason-manifest	2026-05-19T19:30:34.8000377Z  * [new branch]        chore/remediate-architectural-violations-8975310847755285959 -> origin/chore/remediate-architectural-violations-8975310847755285959
lint-and-audit	Checkout coreason-manifest	2026-05-19T19:30:34.8001672Z  * [new branch]        compliance-config-schema-647596872876551144 -> origin/compliance-config-schema-647596872876551144
lint-and-audit	Checkout coreason-manifest	2026-05-19T19:30:34.8002489Z  * [new branch]        coreason-manifest-refactor-2026-456397334853757491 -> origin/coreason-manifest-refactor-2026-456397334853757491
lint-and-audit	Checkout coreason-manifest	2026-05-19T19:30:34.8003096Z  * [new branch]        develop                 -> origin/develop
lint-and-audit	Checkout coreason-manifest	2026-05-19T19:30:34.8003876Z  * [new branch]        develop-before-major-refactor -> origin/develop-before-major-refactor
lint-and-audit	Checkout coreason-manifest	2026-05-19T19:30:34.8004387Z  * [new branch]        develop_has_oracle      -> origin/develop_has_oracle
lint-and-audit	Checkout coreason-manifest	2026-05-19T19:30:34.8004939Z  * [new branch]        doc-refactor-cam-v2-5078574642697175691 -> origin/doc-refactor-cam-v2-5078574642697175691
lint-and-audit	Checkout coreason-manifest	2026-05-19T19:30:34.8005645Z  * [new branch]        docs-init-architecture-6613429148205520168 -> origin/docs-init-architecture-6613429148205520168
lint-and-audit	Checkout coreason-manifest	2026-05-19T19:30:34.8006607Z  * [new branch]        docs-manifest-ai-alignment-16088136164486431829 -> origin/docs-manifest-ai-alignment-16088136164486431829
lint-and-audit	Checkout coreason-manifest	2026-05-19T19:30:34.8007400Z  * [new branch]        documentation-change    -> origin/documentation-change
lint-and-audit	Checkout coreason-manifest	2026-05-19T19:30:34.8008336Z  * [new branch]        documentation-updates-v2-schema-17788193287503778047 -> origin/documentation-updates-v2-schema-17788193287503778047
lint-and-audit	Checkout coreason-manifest	2026-05-19T19:30:34.8009044Z  * [new branch]        documentation-v0.24.0   -> origin/documentation-v0.24.0
lint-and-audit	Checkout coreason-manifest	2026-05-19T19:30:34.8009933Z  * [new branch]        enhance-logging-enterprise-grade-6000248042169731219 -> origin/enhance-logging-enterprise-grade-6000248042169731219
lint-and-audit	Checkout coreason-manifest	2026-05-19T19:30:34.8010952Z  * [new branch]        epic-1-information-science-17310333140529843357 -> origin/epic-1-information-science-17310333140529843357
lint-and-audit	Checkout coreason-manifest	2026-05-19T19:30:34.8012008Z  * [new branch]        epic-1-lexical-architecture-compliance-5974218582507627593 -> origin/epic-1-lexical-architecture-compliance-5974218582507627593
lint-and-audit	Checkout coreason-manifest	2026-05-19T19:30:34.8013187Z  * [new branch]        epic-1-passive-by-design-purge-9942384907417442163 -> origin/epic-1-passive-by-design-purge-9942384907417442163
lint-and-audit	Checkout coreason-manifest	2026-05-19T19:30:34.8014454Z  * [new branch]        epic-3-cryptographic-baseline-reset-11516327177763797575 -> origin/epic-3-cryptographic-baseline-reset-11516327177763797575
lint-and-audit	Checkout coreason-manifest	2026-05-19T19:30:34.8015650Z  * [new branch]        epic-3-security-telemetry-2920265866149924491 -> origin/epic-3-security-telemetry-2920265866149924491
lint-and-audit	Checkout coreason-manifest	2026-05-19T19:30:34.8016651Z  * [new branch]        epic-37-mathematical-boundaries-14946374988108656532 -> origin/epic-37-mathematical-boundaries-14946374988108656532
lint-and-audit	Checkout coreason-manifest	2026-05-19T19:30:34.8017706Z  * [new branch]        epic-5-final-reconciliation-11189225274631847833 -> origin/epic-5-final-reconciliation-11189225274631847833
lint-and-audit	Checkout coreason-manifest	2026-05-19T19:30:34.8018490Z  * [new branch]        epic-54-smpc-topology-3530269785628395574 -> origin/epic-54-smpc-topology-3530269785628395574
lint-and-audit	Checkout coreason-manifest	2026-05-19T19:30:34.8019255Z  * [new branch]        epic-56-pq-signatures-8176523507273569563 -> origin/epic-56-pq-signatures-8176523507273569563
lint-and-audit	Checkout coreason-manifest	2026-05-19T19:30:34.8020225Z  * [new branch]        epic-58-deterministic-hitl-intents-12263717152772916313 -> origin/epic-58-deterministic-hitl-intents-12263717152772916313
lint-and-audit	Checkout coreason-manifest	2026-05-19T19:30:34.8021245Z  * [new branch]        episteme-meta-cognition-11359633310085313957 -> origin/episteme-meta-cognition-11359633310085313957
lint-and-audit	Checkout coreason-manifest	2026-05-19T19:30:34.8022170Z  * [new branch]        event-sink-protocol-9815848079665495260 -> origin/event-sink-protocol-9815848079665495260
lint-and-audit	Checkout coreason-manifest	2026-05-19T19:30:34.8022745Z  * [new branch]        event-support           -> origin/event-support
lint-and-audit	Checkout coreason-manifest	2026-05-19T19:30:34.8023548Z  * [new branch]        feat-audit-log-lineage-18301010424238637316 -> origin/feat-audit-log-lineage-18301010424238637316
lint-and-audit	Checkout coreason-manifest	2026-05-19T19:30:34.8024618Z  * [new branch]        feat-compliance-integrity-schema-4688306254948981873 -> origin/feat-compliance-integrity-schema-4688306254948981873
lint-and-audit	Checkout coreason-manifest	2026-05-19T19:30:34.8025735Z  * [new branch]        feat-manifest-metadata-provenance-9817312426224771015 -> origin/feat-manifest-metadata-provenance-9817312426224771015
lint-and-audit	Checkout coreason-manifest	2026-05-19T19:30:34.8027457Z  * [new branch]        feat/add-osv-scanner    -> origin/feat/add-osv-scanner
lint-and-audit	Checkout coreason-manifest	2026-05-19T19:30:34.8028318Z  * [new branch]        feat/add-security-scans -> origin/feat/add-security-scans
lint-and-audit	Checkout coreason-manifest	2026-05-19T19:30:34.8029168Z  * [new branch]        feat/cognitive-visualization-and-collaboration-11302303436612065156 -> origin/feat/cognitive-visualization-and-collaboration-11302303436612065156
lint-and-audit	Checkout coreason-manifest	2026-05-19T19:30:34.8030004Z  * [new branch]        feat/dependency-update  -> origin/feat/dependency-update
lint-and-audit	Checkout coreason-manifest	2026-05-19T19:30:34.8030908Z  * [new branch]        feat/epic-2-prompt-as-a-service-2169747892438757934 -> origin/feat/epic-2-prompt-as-a-service-2169747892438757934
lint-and-audit	Checkout coreason-manifest	2026-05-19T19:30:34.8031856Z  * [new branch]        feat/evaluator-node-9938384439804730339 -> origin/feat/evaluator-node-9938384439804730339
lint-and-audit	Checkout coreason-manifest	2026-05-19T19:30:34.8032827Z  * [new branch]        feat/event-sink-protocol-5194296431541620705 -> origin/feat/event-sink-protocol-5194296431541620705
lint-and-audit	Checkout coreason-manifest	2026-05-19T19:30:34.8034201Z  * [new branch]        feat/fix-tests-and-model -> origin/feat/fix-tests-and-model
lint-and-audit	Checkout coreason-manifest	2026-05-19T19:30:34.8035412Z  * [new branch]        feat/formal-verification-contracts-12313339127088557744 -> origin/feat/formal-verification-contracts-12313339127088557744
lint-and-audit	Checkout coreason-manifest	2026-05-19T19:30:34.8036863Z  * [new branch]        feat/identity-primitive-8754019883837728749 -> origin/feat/identity-primitive-8754019883837728749
lint-and-audit	Checkout coreason-manifest	2026-05-19T19:30:34.8038980Z  * [new branch]        feat/interactive-control-plane-10597289617023500994 -> origin/feat/interactive-control-plane-10597289617023500994
lint-and-audit	Checkout coreason-manifest	2026-05-19T19:30:34.8040619Z  * [new branch]        feat/interactive-control-plane-16656169675328568596 -> origin/feat/interactive-control-plane-16656169675328568596
lint-and-audit	Checkout coreason-manifest	2026-05-19T19:30:34.8042345Z  * [new branch]        feat/liquid-compute-pareto-frontiers-18304734028658134485 -> origin/feat/liquid-compute-pareto-frontiers-18304734028658134485
lint-and-audit	Checkout coreason-manifest	2026-05-19T19:30:34.8043918Z  * [new branch]        feat/remove-chaos-ontology -> origin/feat/remove-chaos-ontology
lint-and-audit	Checkout coreason-manifest	2026-05-19T19:30:34.8044785Z  * [new branch]        feat/replace-trufflehog -> origin/feat/replace-trufflehog
lint-and-audit	Checkout coreason-manifest	2026-05-19T19:30:34.8045968Z  * [new branch]        feat/secure-recursive-loader-7863570230673011103 -> origin/feat/secure-recursive-loader-7863570230673011103
lint-and-audit	Checkout coreason-manifest	2026-05-19T19:30:34.8047448Z  * [new branch]        feat/simplified-yaml-dsl-5336389765234075258 -> origin/feat/simplified-yaml-dsl-5336389765234075258
lint-and-audit	Checkout coreason-manifest	2026-05-19T19:30:34.8049003Z  * [new branch]        feat/spatial-computing-foundation-4951432418065652154 -> origin/feat/spatial-computing-foundation-4951432418065652154
lint-and-audit	Checkout coreason-manifest	2026-05-19T19:30:34.8050767Z  * [new branch]        feat/spatial-kinematics-gui-automation-4607769535004872117 -> origin/feat/spatial-kinematics-gui-automation-4607769535004872117
lint-and-audit	Checkout coreason-manifest	2026-05-19T19:30:34.8052230Z  * [new branch]        feat/transformer-lens-migration -> origin/feat/transformer-lens-migration
lint-and-audit	Checkout coreason-manifest	2026-05-19T19:30:34.8053603Z  * [new branch]        feat/validate-cli-5708455946465831108 -> origin/feat/validate-cli-5708455946465831108
lint-and-audit	Checkout coreason-manifest	2026-05-19T19:30:34.8054847Z  * [new branch]        feat/zero-trust-broker-1741631445913792869 -> origin/feat/zero-trust-broker-1741631445913792869
lint-and-audit	Checkout coreason-manifest	2026-05-19T19:30:34.8055992Z  * [new branch]        feat/zero-trust-schema-routing -> origin/feat/zero-trust-schema-routing
lint-and-audit	Checkout coreason-manifest	2026-05-19T19:30:34.8057126Z  * [new branch]        feat/zero-trust-tools-121558280685326345 -> origin/feat/zero-trust-tools-121558280685326345
lint-and-audit	Checkout coreason-manifest	2026-05-19T19:30:34.8058576Z  * [new branch]        feature/abstract-tools-resources-5553391842920074650 -> origin/feature/abstract-tools-resources-5553391842920074650
lint-and-audit	Checkout coreason-manifest	2026-05-19T19:30:34.8059900Z  * [new branch]        feature/compliance-microservice -> origin/feature/compliance-microservice
lint-and-audit	Checkout coreason-manifest	2026-05-19T19:30:34.8061225Z  * [new branch]        feature/compliance-microservice-13442395290109170835 -> origin/feature/compliance-microservice-13442395290109170835
lint-and-audit	Checkout coreason-manifest	2026-05-19T19:30:34.8062724Z  * [new branch]        feature/devcontainer-setup -> origin/feature/devcontainer-setup
lint-and-audit	Checkout coreason-manifest	2026-05-19T19:30:34.8064068Z  * [new branch]        feature/dx-agent-cards-8160442808643470688 -> origin/feature/dx-agent-cards-8160442808643470688
lint-and-audit	Checkout coreason-manifest	2026-05-19T19:30:34.8065816Z  * [new branch]        feature/epic-40-epistemic-and-regulatory-auditing-14531748517587603787 -> origin/feature/epic-40-epistemic-and-regulatory-auditing-14531748517587603787
lint-and-audit	Checkout coreason-manifest	2026-05-19T19:30:34.8067665Z  * [new branch]        feature/epic-49-escrow-policy-2546112764637789668 -> origin/feature/epic-49-escrow-policy-2546112764637789668
lint-and-audit	Checkout coreason-manifest	2026-05-19T19:30:34.8069146Z  * [new branch]        feature/epistemic-ledger-tms-5197540666881692814 -> origin/feature/epistemic-ledger-tms-5197540666881692814
lint-and-audit	Checkout coreason-manifest	2026-05-19T19:30:34.8070514Z  * [new branch]        feature/mcp-resources-5603205618878606044 -> origin/feature/mcp-resources-5603205618878606044
lint-and-audit	Checkout coreason-manifest	2026-05-19T19:30:34.8071807Z  * [new branch]        feature/mcp-server-cli-12505658428005694022 -> origin/feature/mcp-server-cli-12505658428005694022
lint-and-audit	Checkout coreason-manifest	2026-05-19T19:30:34.8073097Z  * [new branch]        feature/openai-adapter-4093422578035773719 -> origin/feature/openai-adapter-4093422578035773719
lint-and-audit	Checkout coreason-manifest	2026-05-19T19:30:34.8074746Z  * [new branch]        feature/operational-policy-12658690718926562598 -> origin/feature/operational-policy-12658690718926562598
lint-and-audit	Checkout coreason-manifest	2026-05-19T19:30:34.8076188Z  * [new branch]        feature/qos-policy-config-2468185674051472086 -> origin/feature/qos-policy-config-2468185674051472086
lint-and-audit	Checkout coreason-manifest	2026-05-19T19:30:34.8078019Z  * [new branch]        feature/semantic-placeholders-lifecycle-9976531411206018271 -> origin/feature/semantic-placeholders-lifecycle-9976531411206018271
lint-and-audit	Checkout coreason-manifest	2026-05-19T19:30:34.8079776Z  * [new branch]        feature/sota-architecture-upgrade-1757537397997266816 -> origin/feature/sota-architecture-upgrade-1757537397997266816
lint-and-audit	Checkout coreason-manifest	2026-05-19T19:30:34.8081533Z  * [new branch]        feature/task-sequence-topology-coercion-17992572232147989848 -> origin/feature/task-sequence-topology-coercion-17992572232147989848
lint-and-audit	Checkout coreason-manifest	2026-05-19T19:30:34.8083525Z  * [new branch]        feature/wasm-sandboxing-models-2645045951136527623 -> origin/feature/wasm-sandboxing-models-2645045951136527623
lint-and-audit	Checkout coreason-manifest	2026-05-19T19:30:34.8085114Z  * [new branch]        fix-apply-state-differential-14468388689031555541 -> origin/fix-apply-state-differential-14468388689031555541
lint-and-audit	Checkout coreason-manifest	2026-05-19T19:30:34.8086712Z  * [new branch]        fix-dag-topology-edges-sorting-2261296089954878273 -> origin/fix-dag-topology-edges-sorting-2261296089954878273
lint-and-audit	Checkout coreason-manifest	2026-05-19T19:30:34.8088385Z  * [new branch]        fix-docs-imports-and-organization-10557976841884646919 -> origin/fix-docs-imports-and-organization-10557976841884646919
lint-and-audit	Checkout coreason-manifest	2026-05-19T19:30:34.8089647Z  * [new branch]        fix-git-workflow-cicd   -> origin/fix-git-workflow-cicd
lint-and-audit	Checkout coreason-manifest	2026-05-19T19:30:34.8090809Z  * [new branch]        fix-mathematical-boundaries-8327488950346719479 -> origin/fix-mathematical-boundaries-8327488950346719479
lint-and-audit	Checkout coreason-manifest	2026-05-19T19:30:34.8092179Z  * [new branch]        fix-readme-example-12369019490357990872 -> origin/fix-readme-example-12369019490357990872
lint-and-audit	Checkout coreason-manifest	2026-05-19T19:30:34.8093815Z  * [new branch]        fix-semantic-diff-loopholes-11703467238068430217 -> origin/fix-semantic-diff-loopholes-11703467238068430217
lint-and-audit	Checkout coreason-manifest	2026-05-19T19:30:34.8095388Z  * [new branch]        fix-silent-topology-corruption-4963948896351228147 -> origin/fix-silent-topology-corruption-4963948896351228147
lint-and-audit	Checkout coreason-manifest	2026-05-19T19:30:34.8096878Z  * [new branch]        fix/harden-state-schemas-18260294867425722914 -> origin/fix/harden-state-schemas-18260294867425722914
lint-and-audit	Checkout coreason-manifest	2026-05-19T19:30:34.8098342Z  * [new branch]        fix/merkle-cid-hash-collision-2174820537648554325 -> origin/fix/merkle-cid-hash-collision-2174820537648554325
lint-and-audit	Checkout coreason-manifest	2026-05-19T19:30:34.8099897Z  * [new branch]        fix/oom-cpu-exhaustion-json-bomb-9301820463383842712 -> origin/fix/oom-cpu-exhaustion-json-bomb-9301820463383842712
lint-and-audit	Checkout coreason-manifest	2026-05-19T19:30:34.8101172Z  * [new branch]        fix/regenerate-rust-bindings -> origin/fix/regenerate-rust-bindings
lint-and-audit	Checkout coreason-manifest	2026-05-19T19:30:34.8102381Z  * [new branch]        fix/release-please-version-sync -> origin/fix/release-please-version-sync
lint-and-audit	Checkout coreason-manifest	2026-05-19T19:30:34.8103839Z  * [new branch]        fix/ssrf-ip-normalization-17360207169498756433 -> origin/fix/ssrf-ip-normalization-17360207169498756433
lint-and-audit	Checkout coreason-manifest	2026-05-19T19:30:34.8105316Z  * [new branch]        fix/v2-adapter-state-mapping-8574925265399852295 -> origin/fix/v2-adapter-state-mapping-8574925265399852295
lint-and-audit	Checkout coreason-manifest	2026-05-19T19:30:34.8106809Z  * [new branch]        flow-governance-remediation-11809949145726611675 -> origin/flow-governance-remediation-11809949145726611675
lint-and-audit	Checkout coreason-manifest	2026-05-19T19:30:34.8107918Z  * [new branch]        gh-pages                -> origin/gh-pages
lint-and-audit	Checkout coreason-manifest	2026-05-19T19:30:34.8108921Z  * [new branch]        greenfield-audit-report-5102414531465444999 -> origin/greenfield-audit-report-5102414531465444999
lint-and-audit	Checkout coreason-manifest	2026-05-19T19:30:34.8109965Z  * [new branch]        hollow-manifest         -> origin/hollow-manifest
lint-and-audit	Checkout coreason-manifest	2026-05-19T19:30:34.8110904Z  * [new branch]        improve-coverage-17742898272005397072 -> origin/improve-coverage-17742898272005397072
lint-and-audit	Checkout coreason-manifest	2026-05-19T19:30:34.8111875Z  * [new branch]        intent-epistemic        -> origin/intent-epistemic
lint-and-audit	Checkout coreason-manifest	2026-05-19T19:30:34.8113026Z  * [new branch]        interface-definition-feature-13528817994242430347 -> origin/interface-definition-feature-13528817994242430347
lint-and-audit	Checkout coreason-manifest	2026-05-19T19:30:34.8114545Z  * [new branch]        jules-5225423007352236797-83e84ea3 -> origin/jules-5225423007352236797-83e84ea3
lint-and-audit	Checkout coreason-manifest	2026-05-19T19:30:34.8115583Z  * [new branch]        jules-6951699059514264388-d5c4602a -> origin/jules-6951699059514264388-d5c4602a
lint-and-audit	Checkout coreason-manifest	2026-05-19T19:30:34.8117002Z  * [new branch]        jules-bolt-perf-cosine-17891694244556113807 -> origin/jules-bolt-perf-cosine-17891694244556113807
lint-and-audit	Checkout coreason-manifest	2026-05-19T19:30:34.8118376Z  * [new branch]        knowledge-schema-update-13296483955953302629 -> origin/knowledge-schema-update-13296483955953302629
lint-and-audit	Checkout coreason-manifest	2026-05-19T19:30:34.8119834Z  * [new branch]        maco-recipe-docs-7914833333644818499 -> origin/maco-recipe-docs-7914833333644818499
lint-and-audit	Checkout coreason-manifest	2026-05-19T19:30:34.8120767Z  * [new branch]        main                    -> origin/main
lint-and-audit	Checkout coreason-manifest	2026-05-19T19:30:34.8121405Z  * [new branch]        main-delete             -> origin/main-delete
lint-and-audit	Checkout coreason-manifest	2026-05-19T19:30:34.8122165Z  * [new branch]        manifest-package-updates -> origin/manifest-package-updates
lint-and-audit	Checkout coreason-manifest	2026-05-19T19:30:34.8122980Z  * [new branch]        mcp-friendly            -> origin/mcp-friendly
lint-and-audit	Checkout coreason-manifest	2026-05-19T19:30:34.8123877Z  * [new branch]        microservice            -> origin/microservice
lint-and-audit	Checkout coreason-manifest	2026-05-19T19:30:34.8124922Z  * [new branch]        observability-lod-policy-2271142674125643630 -> origin/observability-lod-policy-2271142674125643630
lint-and-audit	Checkout coreason-manifest	2026-05-19T19:30:34.8126302Z  * [new branch]        perf-crdt-array-init-2248031640102926099 -> origin/perf-crdt-array-init-2248031640102926099
lint-and-audit	Checkout coreason-manifest	2026-05-19T19:30:34.8127699Z  * [new branch]        perf/cache-vector-decoding-13246656526617204394 -> origin/perf/cache-vector-decoding-13246656526617204394
lint-and-audit	Checkout coreason-manifest	2026-05-19T19:30:34.8128859Z  * [new branch]        perfect-math-jules      -> origin/perfect-math-jules
lint-and-audit	Checkout coreason-manifest	2026-05-19T19:30:34.8129877Z  * [new branch]        pkg-dd-mock-factory-275006558007961355 -> origin/pkg-dd-mock-factory-275006558007961355
lint-and-audit	Checkout coreason-manifest	2026-05-19T19:30:34.8130829Z  * [new branch]        polish                  -> origin/polish
lint-and-audit	Checkout coreason-manifest	2026-05-19T19:30:34.8131474Z  * [new branch]        polish-2                -> origin/polish-2
lint-and-audit	Checkout coreason-manifest	2026-05-19T19:30:34.8132525Z  * [new branch]        purge-model-rebuild-calls-17068923366364308044 -> origin/purge-model-rebuild-calls-17068923366364308044
lint-and-audit	Checkout coreason-manifest	2026-05-19T19:30:34.8134191Z  * [new branch]        refactor-core-ddd-13782106557839131830 -> origin/refactor-core-ddd-13782106557839131830
lint-and-audit	Checkout coreason-manifest	2026-05-19T19:30:34.8135590Z  * [new branch]        refactor-coreason-manifest-11400942317072156157 -> origin/refactor-coreason-manifest-11400942317072156157
lint-and-audit	Checkout coreason-manifest	2026-05-19T19:30:34.8137481Z  * [new branch]        refactor-integrity-hashing-strict-determinism-14087957076503889686 -> origin/refactor-integrity-hashing-strict-determinism-14087957076503889686
lint-and-audit	Checkout coreason-manifest	2026-05-19T19:30:34.8139710Z  * [new branch]        refactor-loader-include-mock-ref-8221780524066655709 -> origin/refactor-loader-include-mock-ref-8221780524066655709
lint-and-audit	Checkout coreason-manifest	2026-05-19T19:30:34.8141317Z  * [new branch]        refactor-session-identity-11702856729694547157 -> origin/refactor-session-identity-11702856729694547157
lint-and-audit	Checkout coreason-manifest	2026-05-19T19:30:34.8142586Z  * [new branch]        refactor/async-manifest-engine -> origin/refactor/async-manifest-engine
lint-and-audit	Checkout coreason-manifest	2026-05-19T19:30:34.8144017Z  * [new branch]        refactor/decouple-logic-2360217993168795493 -> origin/refactor/decouple-logic-2360217993168795493
lint-and-audit	Checkout coreason-manifest	2026-05-19T19:30:34.8145266Z  * [new branch]        refactor/events-cloudevents-otel -> origin/refactor/events-cloudevents-otel
lint-and-audit	Checkout coreason-manifest	2026-05-19T19:30:34.8146556Z  * [new branch]        refactor/governance-hoisting-8874763606944150659 -> origin/refactor/governance-hoisting-8874763606944150659
lint-and-audit	Checkout coreason-manifest	2026-05-19T19:30:34.8148065Z  * [new branch]        refactor/greenfield-cleanup-11006251346593185575 -> origin/refactor/greenfield-cleanup-11006251346593185575
lint-and-audit	Checkout coreason-manifest	2026-05-19T19:30:34.8149314Z  * [new branch]        refactor/kernel-only-package -> origin/refactor/kernel-only-package
lint-and-audit	Checkout coreason-manifest	2026-05-19T19:30:34.8150470Z  * [new branch]        refactor/lexical-disambiguation-ontology -> origin/refactor/lexical-disambiguation-ontology
lint-and-audit	Checkout coreason-manifest	2026-05-19T19:30:34.8152226Z  * [new branch]        refactor/remove-loguru-dependency-7687618115267215600 -> origin/refactor/remove-loguru-dependency-7687618115267215600
lint-and-audit	Checkout coreason-manifest	2026-05-19T19:30:34.8154454Z  * [new branch]        refactor/remove-runtime-logic-11349661959869532865 -> origin/refactor/remove-runtime-logic-11349661959869532865
lint-and-audit	Checkout coreason-manifest	2026-05-19T19:30:34.8156330Z  * [new branch]        refactor/runtime-interfaces-14552090308799652579 -> origin/refactor/runtime-interfaces-14552090308799652579
lint-and-audit	Checkout coreason-manifest	2026-05-19T19:30:34.8157823Z  * [new branch]        refactor/schema-first-docs-13291741983707315416 -> origin/refactor/schema-first-docs-13291741983707315416
lint-and-audit	Checkout coreason-manifest	2026-05-19T19:30:34.8159167Z  * [new branch]        refactor/security-observability-v3 -> origin/refactor/security-observability-v3
lint-and-audit	Checkout coreason-manifest	2026-05-19T19:30:34.8160656Z  * [new branch]        refactor/security-registry-coverage-16905153854199695664 -> origin/refactor/security-registry-coverage-16905153854199695664
lint-and-audit	Checkout coreason-manifest	2026-05-19T19:30:34.8162255Z  * [new branch]        refactor/sota-manifest-v25-1630966978315884106 -> origin/refactor/sota-manifest-v25-1630966978315884106
lint-and-audit	Checkout coreason-manifest	2026-05-19T19:30:34.8163718Z  * [new branch]        refactor/user-context-injection -> origin/refactor/user-context-injection
lint-and-audit	Checkout coreason-manifest	2026-05-19T19:30:34.8164987Z  * [new branch]        refactor/zero-trust-kernel-14768872506775221393 -> origin/refactor/zero-trust-kernel-14768872506775221393
lint-and-audit	Checkout coreason-manifest	2026-05-19T19:30:34.8166730Z  * [new branch]        release-please--branches--main--components--coreason_manifest -> origin/release-please--branches--main--components--coreason_manifest
lint-and-audit	Checkout coreason-manifest	2026-05-19T19:30:34.8168668Z  * [new branch]        revert-1673-bolt-dag-longest-path-opt-1922282049664909391 -> origin/revert-1673-bolt-dag-longest-path-opt-1922282049664909391
lint-and-audit	Checkout coreason-manifest	2026-05-19T19:30:34.8170146Z  * [new branch]        revert-1692-20260507_bump_versions -> origin/revert-1692-20260507_bump_versions
lint-and-audit	Checkout coreason-manifest	2026-05-19T19:30:34.8171332Z  * [new branch]        review-shared-kernel-2929516839995213972 -> origin/review-shared-kernel-2929516839995213972
lint-and-audit	Checkout coreason-manifest	2026-05-19T19:30:34.8172772Z  * [new branch]        runtime-contracts-impl-11450813190020303586 -> origin/runtime-contracts-impl-11450813190020303586
lint-and-audit	Checkout coreason-manifest	2026-05-19T19:30:34.8174193Z  * [new branch]        schema-fidelity-mcp     -> origin/schema-fidelity-mcp
lint-and-audit	Checkout coreason-manifest	2026-05-19T19:30:34.8175044Z  * [new branch]        security-vulnerability  -> origin/security-vulnerability
lint-and-audit	Checkout coreason-manifest	2026-05-19T19:30:34.8176241Z  * [new branch]        security/governance-hardening-2835132165793969980 -> origin/security/governance-hardening-2835132165793969980
lint-and-audit	Checkout coreason-manifest	2026-05-19T19:30:34.8177864Z  * [new branch]        security/prevent-ast-dos-via-shifts-799669173340244902 -> origin/security/prevent-ast-dos-via-shifts-799669173340244902
lint-and-audit	Checkout coreason-manifest	2026-05-19T19:30:34.8179594Z  * [new branch]        sentinel-fix-regex-newline-bypass-9746762609565979990 -> origin/sentinel-fix-regex-newline-bypass-9746762609565979990
lint-and-audit	Checkout coreason-manifest	2026-05-19T19:30:34.8181403Z  * [new branch]        sentinel-ssrf-protection-701924493199791214 -> origin/sentinel-ssrf-protection-701924493199791214
lint-and-audit	Checkout coreason-manifest	2026-05-19T19:30:34.8182873Z  * [new branch]        sentinel/ssrf-mitigation-9278988767895943176 -> origin/sentinel/ssrf-mitigation-9278988767895943176
lint-and-audit	Checkout coreason-manifest	2026-05-19T19:30:34.8184524Z  * [new branch]        session-management-pkg-n-13401155735173101929 -> origin/session-management-pkg-n-13401155735173101929
lint-and-audit	Checkout coreason-manifest	2026-05-19T19:30:34.8186004Z  * [new branch]        stream-identity-lifecycle-1513287960466593774 -> origin/stream-identity-lifecycle-1513287960466593774
lint-and-audit	Checkout coreason-manifest	2026-05-19T19:30:34.8187461Z  * [new branch]        streaming-contracts-wp-r-17739564459648724704 -> origin/streaming-contracts-wp-r-17739564459648724704
lint-and-audit	Checkout coreason-manifest	2026-05-19T19:30:34.8188826Z  * [new branch]        switch-to-v2-default-3191785920094646448 -> origin/switch-to-v2-default-3191785920094646448
lint-and-audit	Checkout coreason-manifest	2026-05-19T19:30:34.8189960Z  * [new branch]        topology-workflow-manifest -> origin/topology-workflow-manifest
lint-and-audit	Checkout coreason-manifest	2026-05-19T19:30:34.8191238Z  * [new branch]        update-manifest-provenance-v2-4783631491087732608 -> origin/update-manifest-provenance-v2-4783631491087732608
lint-and-audit	Checkout coreason-manifest	2026-05-19T19:30:34.8192804Z  * [new branch]        update-presentation-hints-17599409257345410946 -> origin/update-presentation-hints-17599409257345410946
lint-and-audit	Checkout coreason-manifest	2026-05-19T19:30:34.8194499Z  * [new branch]        verify-constraint-system-5000756484042114129 -> origin/verify-constraint-system-5000756484042114129
lint-and-audit	Checkout coreason-manifest	2026-05-19T19:30:34.8195821Z  * [new branch]        version-0.14.0          -> origin/version-0.14.0
lint-and-audit	Checkout coreason-manifest	2026-05-19T19:30:34.8196521Z  * [new branch]        version-0.16.0          -> origin/version-0.16.0
lint-and-audit	Checkout coreason-manifest	2026-05-19T19:30:34.8197203Z  * [new branch]        version-0.17.0          -> origin/version-0.17.0
lint-and-audit	Checkout coreason-manifest	2026-05-19T19:30:34.8197872Z  * [new branch]        version-0.18.0          -> origin/version-0.18.0
lint-and-audit	Checkout coreason-manifest	2026-05-19T19:30:34.8198555Z  * [new branch]        version-0.19.0          -> origin/version-0.19.0
lint-and-audit	Checkout coreason-manifest	2026-05-19T19:30:34.8199259Z  * [new branch]        version-0.20.0          -> origin/version-0.20.0
lint-and-audit	Checkout coreason-manifest	2026-05-19T19:30:34.8199939Z  * [new branch]        version-0.21.0          -> origin/version-0.21.0
lint-and-audit	Checkout coreason-manifest	2026-05-19T19:30:34.8200615Z  * [new branch]        version-0.24.0          -> origin/version-0.24.0
lint-and-audit	Checkout coreason-manifest	2026-05-19T19:30:34.8201294Z  * [new branch]        version-0.25.0          -> origin/version-0.25.0
lint-and-audit	Checkout coreason-manifest	2026-05-19T19:30:34.8202178Z  * [new branch]        version-0.25.0-office-integration -> origin/version-0.25.0-office-integration
lint-and-audit	Checkout coreason-manifest	2026-05-19T19:30:34.8203098Z  * [new branch]        version-0.25.0-temp     -> origin/version-0.25.0-temp
lint-and-audit	Checkout coreason-manifest	2026-05-19T19:30:34.8204163Z  * [new branch]        version-conflict        -> origin/version-conflict
lint-and-audit	Checkout coreason-manifest	2026-05-19T19:30:34.8204897Z  * [new branch]        version0.11.0           -> origin/version0.11.0
lint-and-audit	Checkout coreason-manifest	2026-05-19T19:30:34.8205585Z  * [new branch]        version0.12.0           -> origin/version0.12.0
lint-and-audit	Checkout coreason-manifest	2026-05-19T19:30:34.8206327Z  * [new branch]        version0.12.0_with_docs -> origin/version0.12.0_with_docs
lint-and-audit	Checkout coreason-manifest	2026-05-19T19:30:34.8207076Z  * [new branch]        version0.15.0           -> origin/version0.15.0
lint-and-audit	Checkout coreason-manifest	2026-05-19T19:30:34.8207834Z  * [new branch]        version0.22.0-strategist -> origin/version0.22.0-strategist
lint-and-audit	Checkout coreason-manifest	2026-05-19T19:30:34.8208713Z  * [new branch]        version0.22.0-strategist02 -> origin/version0.22.0-strategist02
lint-and-audit	Checkout coreason-manifest	2026-05-19T19:30:34.8209506Z  * [new branch]        vignette-docs           -> origin/vignette-docs
lint-and-audit	Checkout coreason-manifest	2026-05-19T19:30:34.8210602Z  * [new branch]        wp-q-r-interface-contracts-6817051223873777119 -> origin/wp-q-r-interface-contracts-6817051223873777119
lint-and-audit	Checkout coreason-manifest	2026-05-19T19:30:34.8211617Z  * [new tag]           v0.1.0                  -> v0.1.0
lint-and-audit	Checkout coreason-manifest	2026-05-19T19:30:34.8212138Z  * [new tag]           v0.10.0                 -> v0.10.0
lint-and-audit	Checkout coreason-manifest	2026-05-19T19:30:34.8212653Z  * [new tag]           v0.11.0                 -> v0.11.0
lint-and-audit	Checkout coreason-manifest	2026-05-19T19:30:34.8213160Z  * [new tag]           v0.12.0                 -> v0.12.0
lint-and-audit	Checkout coreason-manifest	2026-05-19T19:30:34.8214615Z  * [new tag]           v0.13.0                 -> v0.13.0
lint-and-audit	Checkout coreason-manifest	2026-05-19T19:30:34.8215135Z  * [new tag]           v0.14.0                 -> v0.14.0
lint-and-audit	Checkout coreason-manifest	2026-05-19T19:30:34.8215651Z  * [new tag]           v0.15.0                 -> v0.15.0
lint-and-audit	Checkout coreason-manifest	2026-05-19T19:30:34.8216161Z  * [new tag]           v0.16.0                 -> v0.16.0
lint-and-audit	Checkout coreason-manifest	2026-05-19T19:30:34.8216663Z  * [new tag]           v0.17.0                 -> v0.17.0
lint-and-audit	Checkout coreason-manifest	2026-05-19T19:30:34.8217173Z  * [new tag]           v0.18.0                 -> v0.18.0
lint-and-audit	Checkout coreason-manifest	2026-05-19T19:30:34.8217689Z  * [new tag]           v0.19.0                 -> v0.19.0
lint-and-audit	Checkout coreason-manifest	2026-05-19T19:30:34.8218201Z  * [new tag]           v0.2.0                  -> v0.2.0
lint-and-audit	Checkout coreason-manifest	2026-05-19T19:30:34.8218710Z  * [new tag]           v0.20.0                 -> v0.20.0
lint-and-audit	Checkout coreason-manifest	2026-05-19T19:30:34.8219211Z  * [new tag]           v0.21.0                 -> v0.21.0
lint-and-audit	Checkout coreason-manifest	2026-05-19T19:30:34.8219720Z  * [new tag]           v0.22.0                 -> v0.22.0
lint-and-audit	Checkout coreason-manifest	2026-05-19T19:30:34.8220225Z  * [new tag]           v0.23.0                 -> v0.23.0
lint-and-audit	Checkout coreason-manifest	2026-05-19T19:30:34.8220762Z  * [new tag]           v0.24.0                 -> v0.24.0
lint-and-audit	Checkout coreason-manifest	2026-05-19T19:30:34.8221259Z  * [new tag]           v0.25.0                 -> v0.25.0
lint-and-audit	Checkout coreason-manifest	2026-05-19T19:30:34.8221751Z  * [new tag]           v0.25.1                 -> v0.25.1
lint-and-audit	Checkout coreason-manifest	2026-05-19T19:30:34.8222250Z  * [new tag]           v0.25.2                 -> v0.25.2
lint-and-audit	Checkout coreason-manifest	2026-05-19T19:30:34.8222753Z  * [new tag]           v0.25.3                 -> v0.25.3
lint-and-audit	Checkout coreason-manifest	2026-05-19T19:30:34.8223259Z  * [new tag]           v0.25.4                 -> v0.25.4
lint-and-audit	Checkout coreason-manifest	2026-05-19T19:30:34.8225084Z  * [new tag]           v0.26.0                 -> v0.26.0
lint-and-audit	Checkout coreason-manifest	2026-05-19T19:30:34.8225625Z  * [new tag]           v0.26.1                 -> v0.26.1
lint-and-audit	Checkout coreason-manifest	2026-05-19T19:30:34.8226148Z  * [new tag]           v0.27.0                 -> v0.27.0
lint-and-audit	Checkout coreason-manifest	2026-05-19T19:30:34.8226649Z  * [new tag]           v0.28.0                 -> v0.28.0
lint-and-audit	Checkout coreason-manifest	2026-05-19T19:30:34.8227170Z  * [new tag]           v0.28.1                 -> v0.28.1
lint-and-audit	Checkout coreason-manifest	2026-05-19T19:30:34.8227693Z  * [new tag]           v0.28.2                 -> v0.28.2
lint-and-audit	Checkout coreason-manifest	2026-05-19T19:30:34.8228208Z  * [new tag]           v0.28.3                 -> v0.28.3
lint-and-audit	Checkout coreason-manifest	2026-05-19T19:30:34.8228712Z  * [new tag]           v0.29.0                 -> v0.29.0
lint-and-audit	Checkout coreason-manifest	2026-05-19T19:30:34.8229218Z  * [new tag]           v0.29.1                 -> v0.29.1
lint-and-audit	Checkout coreason-manifest	2026-05-19T19:30:34.8229723Z  * [new tag]           v0.29.2                 -> v0.29.2
lint-and-audit	Checkout coreason-manifest	2026-05-19T19:30:34.8230222Z  * [new tag]           v0.29.3                 -> v0.29.3
lint-and-audit	Checkout coreason-manifest	2026-05-19T19:30:34.8230752Z  * [new tag]           v0.3.0                  -> v0.3.0
lint-and-audit	Checkout coreason-manifest	2026-05-19T19:30:34.8231267Z  * [new tag]           v0.30.0                 -> v0.30.0
lint-and-audit	Checkout coreason-manifest	2026-05-19T19:30:34.8231777Z  * [new tag]           v0.30.1                 -> v0.30.1
lint-and-audit	Checkout coreason-manifest	2026-05-19T19:30:34.8232271Z  * [new tag]           v0.31.0                 -> v0.31.0
lint-and-audit	Checkout coreason-manifest	2026-05-19T19:30:34.8232775Z  * [new tag]           v0.32.0                 -> v0.32.0
lint-and-audit	Checkout coreason-manifest	2026-05-19T19:30:34.8233281Z  * [new tag]           v0.33.0                 -> v0.33.0
lint-and-audit	Checkout coreason-manifest	2026-05-19T19:30:34.8234025Z  * [new tag]           v0.34.0                 -> v0.34.0
lint-and-audit	Checkout coreason-manifest	2026-05-19T19:30:34.8234552Z  * [new tag]           v0.34.1                 -> v0.34.1
lint-and-audit	Checkout coreason-manifest	2026-05-19T19:30:34.8235058Z  * [new tag]           v0.35.0                 -> v0.35.0
lint-and-audit	Checkout coreason-manifest	2026-05-19T19:30:34.8235567Z  * [new tag]           v0.35.1                 -> v0.35.1
lint-and-audit	Checkout coreason-manifest	2026-05-19T19:30:34.8236063Z  * [new tag]           v0.36.0                 -> v0.36.0
lint-and-audit	Checkout coreason-manifest	2026-05-19T19:30:34.8236563Z  * [new tag]           v0.36.1                 -> v0.36.1
lint-and-audit	Checkout coreason-manifest	2026-05-19T19:30:34.8237078Z  * [new tag]           v0.37.0                 -> v0.37.0
lint-and-audit	Checkout coreason-manifest	2026-05-19T19:30:34.8237572Z  * [new tag]           v0.37.1                 -> v0.37.1
lint-and-audit	Checkout coreason-manifest	2026-05-19T19:30:34.8238078Z  * [new tag]           v0.38.0                 -> v0.38.0
lint-and-audit	Checkout coreason-manifest	2026-05-19T19:30:34.8238592Z  * [new tag]           v0.39.0                 -> v0.39.0
lint-and-audit	Checkout coreason-manifest	2026-05-19T19:30:34.8239095Z  * [new tag]           v0.4.0                  -> v0.4.0
lint-and-audit	Checkout coreason-manifest	2026-05-19T19:30:34.8239599Z  * [new tag]           v0.40.0                 -> v0.40.0
lint-and-audit	Checkout coreason-manifest	2026-05-19T19:30:34.8240330Z  * [new tag]           v0.40.1                 -> v0.40.1
lint-and-audit	Checkout coreason-manifest	2026-05-19T19:30:34.8240840Z  * [new tag]           v0.40.2                 -> v0.40.2
lint-and-audit	Checkout coreason-manifest	2026-05-19T19:30:34.8241335Z  * [new tag]           v0.40.3                 -> v0.40.3
lint-and-audit	Checkout coreason-manifest	2026-05-19T19:30:34.8241836Z  * [new tag]           v0.40.4                 -> v0.40.4
lint-and-audit	Checkout coreason-manifest	2026-05-19T19:30:34.8242334Z  * [new tag]           v0.41.0                 -> v0.41.0
lint-and-audit	Checkout coreason-manifest	2026-05-19T19:30:34.8242821Z  * [new tag]           v0.42.0                 -> v0.42.0
lint-and-audit	Checkout coreason-manifest	2026-05-19T19:30:34.8243571Z  * [new tag]           v0.43.0                 -> v0.43.0
lint-and-audit	Checkout coreason-manifest	2026-05-19T19:30:34.8244087Z  * [new tag]           v0.44.0                 -> v0.44.0
lint-and-audit	Checkout coreason-manifest	2026-05-19T19:30:34.8244590Z  * [new tag]           v0.45.0                 -> v0.45.0
lint-and-audit	Checkout coreason-manifest	2026-05-19T19:30:34.8245095Z  * [new tag]           v0.46.0                 -> v0.46.0
lint-and-audit	Checkout coreason-manifest	2026-05-19T19:30:34.8245600Z  * [new tag]           v0.47.0                 -> v0.47.0
lint-and-audit	Checkout coreason-manifest	2026-05-19T19:30:34.8246108Z  * [new tag]           v0.48.0                 -> v0.48.0
lint-and-audit	Checkout coreason-manifest	2026-05-19T19:30:34.8246617Z  * [new tag]           v0.48.1                 -> v0.48.1
lint-and-audit	Checkout coreason-manifest	2026-05-19T19:30:34.8247127Z  * [new tag]           v0.48.2                 -> v0.48.2
lint-and-audit	Checkout coreason-manifest	2026-05-19T19:30:34.8247633Z  * [new tag]           v0.48.3                 -> v0.48.3
lint-and-audit	Checkout coreason-manifest	2026-05-19T19:30:34.8248138Z  * [new tag]           v0.49.0                 -> v0.49.0
lint-and-audit	Checkout coreason-manifest	2026-05-19T19:30:34.8248639Z  * [new tag]           v0.49.1                 -> v0.49.1
lint-and-audit	Checkout coreason-manifest	2026-05-19T19:30:34.8249156Z  * [new tag]           v0.49.10                -> v0.49.10
lint-and-audit	Checkout coreason-manifest	2026-05-19T19:30:34.8249900Z  * [new tag]           v0.49.11                -> v0.49.11
lint-and-audit	Checkout coreason-manifest	2026-05-19T19:30:34.8250416Z  * [new tag]           v0.49.12                -> v0.49.12
lint-and-audit	Checkout coreason-manifest	2026-05-19T19:30:34.8250935Z  * [new tag]           v0.49.13                -> v0.49.13
lint-and-audit	Checkout coreason-manifest	2026-05-19T19:30:34.8251446Z  * [new tag]           v0.49.14                -> v0.49.14
lint-and-audit	Checkout coreason-manifest	2026-05-19T19:30:34.8251954Z  * [new tag]           v0.49.15                -> v0.49.15
lint-and-audit	Checkout coreason-manifest	2026-05-19T19:30:34.8252466Z  * [new tag]           v0.49.16                -> v0.49.16
lint-and-audit	Checkout coreason-manifest	2026-05-19T19:30:34.8252988Z  * [new tag]           v0.49.17                -> v0.49.17
lint-and-audit	Checkout coreason-manifest	2026-05-19T19:30:34.8253957Z  * [new tag]           v0.49.18                -> v0.49.18
lint-and-audit	Checkout coreason-manifest	2026-05-19T19:30:34.8254490Z  * [new tag]           v0.49.19                -> v0.49.19
lint-and-audit	Checkout coreason-manifest	2026-05-19T19:30:34.8255014Z  * [new tag]           v0.49.2                 -> v0.49.2
lint-and-audit	Checkout coreason-manifest	2026-05-19T19:30:34.8255541Z  * [new tag]           v0.49.20                -> v0.49.20
lint-and-audit	Checkout coreason-manifest	2026-05-19T19:30:34.8256060Z  * [new tag]           v0.49.21                -> v0.49.21
lint-and-audit	Checkout coreason-manifest	2026-05-19T19:30:34.8256572Z  * [new tag]           v0.49.3                 -> v0.49.3
lint-and-audit	Checkout coreason-manifest	2026-05-19T19:30:34.8257082Z  * [new tag]           v0.49.4                 -> v0.49.4
lint-and-audit	Checkout coreason-manifest	2026-05-19T19:30:34.8257586Z  * [new tag]           v0.49.5                 -> v0.49.5
lint-and-audit	Checkout coreason-manifest	2026-05-19T19:30:34.8258080Z  * [new tag]           v0.49.6                 -> v0.49.6
lint-and-audit	Checkout coreason-manifest	2026-05-19T19:30:34.8258589Z  * [new tag]           v0.49.7                 -> v0.49.7
lint-and-audit	Checkout coreason-manifest	2026-05-19T19:30:34.8259093Z  * [new tag]           v0.49.8                 -> v0.49.8
lint-and-audit	Checkout coreason-manifest	2026-05-19T19:30:34.8259634Z  * [new tag]           v0.49.9-test1           -> v0.49.9-test1
lint-and-audit	Checkout coreason-manifest	2026-05-19T19:30:34.8260186Z  * [new tag]           v0.5.0                  -> v0.5.0
lint-and-audit	Checkout coreason-manifest	2026-05-19T19:30:34.8260691Z  * [new tag]           v0.5.1                  -> v0.5.1
lint-and-audit	Checkout coreason-manifest	2026-05-19T19:30:34.8261197Z  * [new tag]           v0.50.0                 -> v0.50.0
lint-and-audit	Checkout coreason-manifest	2026-05-19T19:30:34.8261706Z  * [new tag]           v0.50.1                 -> v0.50.1
lint-and-audit	Checkout coreason-manifest	2026-05-19T19:30:34.8262223Z  * [new tag]           v0.50.10                -> v0.50.10
lint-and-audit	Checkout coreason-manifest	2026-05-19T19:30:34.8262733Z  * [new tag]           v0.50.11                -> v0.50.11
lint-and-audit	Checkout coreason-manifest	2026-05-19T19:30:34.8263237Z  * [new tag]           v0.50.12                -> v0.50.12
lint-and-audit	Checkout coreason-manifest	2026-05-19T19:30:34.8264004Z  * [new tag]           v0.50.2                 -> v0.50.2
lint-and-audit	Checkout coreason-manifest	2026-05-19T19:30:34.8264526Z  * [new tag]           v0.50.3                 -> v0.50.3
lint-and-audit	Checkout coreason-manifest	2026-05-19T19:30:34.8265037Z  * [new tag]           v0.50.4                 -> v0.50.4
lint-and-audit	Checkout coreason-manifest	2026-05-19T19:30:34.8265756Z  * [new tag]           v0.50.5                 -> v0.50.5
lint-and-audit	Checkout coreason-manifest	2026-05-19T19:30:34.8266260Z  * [new tag]           v0.50.6                 -> v0.50.6
lint-and-audit	Checkout coreason-manifest	2026-05-19T19:30:34.8266765Z  * [new tag]           v0.50.7                 -> v0.50.7
lint-and-audit	Checkout coreason-manifest	2026-05-19T19:30:34.8267262Z  * [new tag]           v0.50.8                 -> v0.50.8
lint-and-audit	Checkout coreason-manifest	2026-05-19T19:30:34.8267762Z  * [new tag]           v0.50.9                 -> v0.50.9
lint-and-audit	Checkout coreason-manifest	2026-05-19T19:30:34.8268268Z  * [new tag]           v0.51.0                 -> v0.51.0
lint-and-audit	Checkout coreason-manifest	2026-05-19T19:30:34.8268770Z  * [new tag]           v0.51.1                 -> v0.51.1
lint-and-audit	Checkout coreason-manifest	2026-05-19T19:30:34.8269282Z  * [new tag]           v0.52.0                 -> v0.52.0
lint-and-audit	Checkout coreason-manifest	2026-05-19T19:30:34.8269785Z  * [new tag]           v0.52.1                 -> v0.52.1
lint-and-audit	Checkout coreason-manifest	2026-05-19T19:30:34.8270289Z  * [new tag]           v0.53.0                 -> v0.53.0
lint-and-audit	Checkout coreason-manifest	2026-05-19T19:30:34.8270786Z  * [new tag]           v0.54.0                 -> v0.54.0
lint-and-audit	Checkout coreason-manifest	2026-05-19T19:30:34.8271287Z  * [new tag]           v0.55.0                 -> v0.55.0
lint-and-audit	Checkout coreason-manifest	2026-05-19T19:30:34.8271805Z  * [new tag]           v0.55.1                 -> v0.55.1
lint-and-audit	Checkout coreason-manifest	2026-05-19T19:30:34.8272297Z  * [new tag]           v0.55.2                 -> v0.55.2
lint-and-audit	Checkout coreason-manifest	2026-05-19T19:30:34.8272802Z  * [new tag]           v0.55.3                 -> v0.55.3
lint-and-audit	Checkout coreason-manifest	2026-05-19T19:30:34.8273310Z  * [new tag]           v0.55.5                 -> v0.55.5
lint-and-audit	Checkout coreason-manifest	2026-05-19T19:30:34.8274059Z  * [new tag]           v0.56.0                 -> v0.56.0
lint-and-audit	Checkout coreason-manifest	2026-05-19T19:30:34.8274562Z  * [new tag]           v0.57.0                 -> v0.57.0
lint-and-audit	Checkout coreason-manifest	2026-05-19T19:30:34.8275319Z  * [new tag]           v0.58.0                 -> v0.58.0
lint-and-audit	Checkout coreason-manifest	2026-05-19T19:30:34.8275836Z  * [new tag]           v0.59.0                 -> v0.59.0
lint-and-audit	Checkout coreason-manifest	2026-05-19T19:30:34.8276345Z  * [new tag]           v0.6.0                  -> v0.6.0
lint-and-audit	Checkout coreason-manifest	2026-05-19T19:30:34.8276856Z  * [new tag]           v0.60.0                 -> v0.60.0
lint-and-audit	Checkout coreason-manifest	2026-05-19T19:30:34.8277361Z  * [new tag]           v0.60.1                 -> v0.60.1
lint-and-audit	Checkout coreason-manifest	2026-05-19T19:30:34.8277873Z  * [new tag]           v0.61.0                 -> v0.61.0
lint-and-audit	Checkout coreason-manifest	2026-05-19T19:30:34.8278378Z  * [new tag]           v0.61.1                 -> v0.61.1
lint-and-audit	Checkout coreason-manifest	2026-05-19T19:30:34.8278886Z  * [new tag]           v0.61.2                 -> v0.61.2
lint-and-audit	Checkout coreason-manifest	2026-05-19T19:30:34.8279388Z  * [new tag]           v0.61.3                 -> v0.61.3
lint-and-audit	Checkout coreason-manifest	2026-05-19T19:30:34.8279890Z  * [new tag]           v0.62.0                 -> v0.62.0
lint-and-audit	Checkout coreason-manifest	2026-05-19T19:30:34.8280390Z  * [new tag]           v0.62.1                 -> v0.62.1
lint-and-audit	Checkout coreason-manifest	2026-05-19T19:30:34.8280901Z  * [new tag]           v0.62.2                 -> v0.62.2
lint-and-audit	Checkout coreason-manifest	2026-05-19T19:30:34.8281404Z  * [new tag]           v0.63.0                 -> v0.63.0
lint-and-audit	Checkout coreason-manifest	2026-05-19T19:30:34.8281903Z  * [new tag]           v0.64.0                 -> v0.64.0
lint-and-audit	Checkout coreason-manifest	2026-05-19T19:30:34.8282411Z  * [new tag]           v0.65.0                 -> v0.65.0
lint-and-audit	Checkout coreason-manifest	2026-05-19T19:30:34.8283000Z  * [new tag]           v0.66.0                 -> v0.66.0
lint-and-audit	Checkout coreason-manifest	2026-05-19T19:30:34.8283911Z  * [new tag]           v0.67.0                 -> v0.67.0
lint-and-audit	Checkout coreason-manifest	2026-05-19T19:30:34.8284434Z  * [new tag]           v0.68.0                 -> v0.68.0
lint-and-audit	Checkout coreason-manifest	2026-05-19T19:30:34.8284961Z  * [new tag]           v0.68.1                 -> v0.68.1
lint-and-audit	Checkout coreason-manifest	2026-05-19T19:30:34.8285467Z  * [new tag]           v0.7.0                  -> v0.7.0
lint-and-audit	Checkout coreason-manifest	2026-05-19T19:30:34.8285975Z  * [new tag]           v0.70.0                 -> v0.70.0
lint-and-audit	Checkout coreason-manifest	2026-05-19T19:30:34.8286475Z  * [new tag]           v0.71.0                 -> v0.71.0
lint-and-audit	Checkout coreason-manifest	2026-05-19T19:30:34.8286980Z  * [new tag]           v0.72.0                 -> v0.72.0
lint-and-audit	Checkout coreason-manifest	2026-05-19T19:30:34.8287488Z  * [new tag]           v0.72.1                 -> v0.72.1
lint-and-audit	Checkout coreason-manifest	2026-05-19T19:30:34.8287994Z  * [new tag]           v0.73.0                 -> v0.73.0
lint-and-audit	Checkout coreason-manifest	2026-05-19T19:30:34.8288492Z  * [new tag]           v0.73.1                 -> v0.73.1
lint-and-audit	Checkout coreason-manifest	2026-05-19T19:30:34.8289001Z  * [new tag]           v0.74.0                 -> v0.74.0
lint-and-audit	Checkout coreason-manifest	2026-05-19T19:30:34.8289505Z  * [new tag]           v0.75.0                 -> v0.75.0
lint-and-audit	Checkout coreason-manifest	2026-05-19T19:30:34.8290004Z  * [new tag]           v0.76.0                 -> v0.76.0
lint-and-audit	Checkout coreason-manifest	2026-05-19T19:30:34.8290741Z  * [new tag]           v0.77.0                 -> v0.77.0
lint-and-audit	Checkout coreason-manifest	2026-05-19T19:30:34.8291245Z  * [new tag]           v0.78.0                 -> v0.78.0
lint-and-audit	Checkout coreason-manifest	2026-05-19T19:30:34.8291749Z  * [new tag]           v0.79.0                 -> v0.79.0
lint-and-audit	Checkout coreason-manifest	2026-05-19T19:30:34.8292262Z  * [new tag]           v0.8.0                  -> v0.8.0
lint-and-audit	Checkout coreason-manifest	2026-05-19T19:30:34.8292765Z  * [new tag]           v0.80.0                 -> v0.80.0
lint-and-audit	Checkout coreason-manifest	2026-05-19T19:30:34.8293283Z  * [new tag]           v0.81.0                 -> v0.81.0
lint-and-audit	Checkout coreason-manifest	2026-05-19T19:30:34.8294047Z  * [new tag]           v0.82.0                 -> v0.82.0
lint-and-audit	Checkout coreason-manifest	2026-05-19T19:30:34.8294557Z  * [new tag]           v0.82.1                 -> v0.82.1
lint-and-audit	Checkout coreason-manifest	2026-05-19T19:30:34.8295060Z  * [new tag]           v0.83.0                 -> v0.83.0
lint-and-audit	Checkout coreason-manifest	2026-05-19T19:30:34.8295567Z  * [new tag]           v0.83.1                 -> v0.83.1
lint-and-audit	Checkout coreason-manifest	2026-05-19T19:30:34.8296074Z  * [new tag]           v0.84.0                 -> v0.84.0
lint-and-audit	Checkout coreason-manifest	2026-05-19T19:30:34.8296568Z  * [new tag]           v0.84.1                 -> v0.84.1
lint-and-audit	Checkout coreason-manifest	2026-05-19T19:30:34.8297090Z  * [new tag]           v0.9.0                  -> v0.9.0
lint-and-audit	Checkout coreason-manifest	2026-05-19T19:30:34.8812219Z ##[endgroup]
lint-and-audit	Checkout coreason-manifest	2026-05-19T19:30:34.8812892Z ##[group]Determining the checkout info
lint-and-audit	Checkout coreason-manifest	2026-05-19T19:30:34.8818665Z [command]/usr/bin/git branch --list --remote origin/v0.84.1
lint-and-audit	Checkout coreason-manifest	2026-05-19T19:30:34.8861737Z [command]/usr/bin/git tag --list v0.84.1
lint-and-audit	Checkout coreason-manifest	2026-05-19T19:30:34.8891360Z v0.84.1
lint-and-audit	Checkout coreason-manifest	2026-05-19T19:30:34.8897096Z ##[endgroup]
lint-and-audit	Checkout coreason-manifest	2026-05-19T19:30:34.8902462Z [command]/usr/bin/git sparse-checkout disable
lint-and-audit	Checkout coreason-manifest	2026-05-19T19:30:34.8951356Z [command]/usr/bin/git config --local --unset-all extensions.worktreeConfig
lint-and-audit	Checkout coreason-manifest	2026-05-19T19:30:34.8982127Z ##[group]Checking out the ref
lint-and-audit	Checkout coreason-manifest	2026-05-19T19:30:34.8985815Z [command]/usr/bin/git checkout --progress --force refs/tags/v0.84.1
lint-and-audit	Checkout coreason-manifest	2026-05-19T19:30:34.9468432Z Note: switching to 'refs/tags/v0.84.1'.
lint-and-audit	Checkout coreason-manifest	2026-05-19T19:30:34.9469232Z 
lint-and-audit	Checkout coreason-manifest	2026-05-19T19:30:34.9469702Z You are in 'detached HEAD' state. You can look around, make experimental
lint-and-audit	Checkout coreason-manifest	2026-05-19T19:30:34.9471181Z changes and commit them, and you can discard any commits you make in this
lint-and-audit	Checkout coreason-manifest	2026-05-19T19:30:34.9472251Z state without impacting any branches by switching back to a branch.
lint-and-audit	Checkout coreason-manifest	2026-05-19T19:30:34.9472727Z 
lint-and-audit	Checkout coreason-manifest	2026-05-19T19:30:34.9473034Z If you want to create a new branch to retain commits you create, you may
lint-and-audit	Checkout coreason-manifest	2026-05-19T19:30:34.9474041Z do so (now or later) by using -c with the switch command. Example:
lint-and-audit	Checkout coreason-manifest	2026-05-19T19:30:34.9474521Z 
lint-and-audit	Checkout coreason-manifest	2026-05-19T19:30:34.9474632Z   git switch -c <new-branch-name>
lint-and-audit	Checkout coreason-manifest	2026-05-19T19:30:34.9474829Z 
lint-and-audit	Checkout coreason-manifest	2026-05-19T19:30:34.9474916Z Or undo this operation with:
lint-and-audit	Checkout coreason-manifest	2026-05-19T19:30:34.9475072Z 
lint-and-audit	Checkout coreason-manifest	2026-05-19T19:30:34.9475143Z   git switch -
lint-and-audit	Checkout coreason-manifest	2026-05-19T19:30:34.9475350Z 
lint-and-audit	Checkout coreason-manifest	2026-05-19T19:30:34.9475887Z Turn off this advice by setting config variable advice.detachedHead to false
lint-and-audit	Checkout coreason-manifest	2026-05-19T19:30:34.9476393Z 
lint-and-audit	Checkout coreason-manifest	2026-05-19T19:30:34.9477057Z HEAD is now at c459d349 Merge pull request #1770 from CoReason-AI/feature/devcontainer-setup
lint-and-audit	Checkout coreason-manifest	2026-05-19T19:30:34.9488015Z ##[endgroup]
lint-and-audit	Checkout coreason-manifest	2026-05-19T19:30:34.9538075Z [command]/usr/bin/git log -1 --format=%H
lint-and-audit	Checkout coreason-manifest	2026-05-19T19:30:34.9567514Z c459d34954b39dc36025a613a407da7b3a276ff6
lint-and-audit	Link coreason-manifest as sibling	∩╗┐2026-05-19T19:30:34.9700548Z ##[group]Run python -c "import os, shutil; src=os.path.abspath('coreason-manifest'); dst=os.path.abspath('../coreason-manifest'); (os.remove(dst) if os.path.islink(dst) else (shutil.rmtree(dst) if os.path.isdir(dst) else os.remove(dst))) if (os.path.exists(dst) or os.path.islink(dst)) else None; os.symlink(src, dst, target_is_directory=True)"
lint-and-audit	Link coreason-manifest as sibling	2026-05-19T19:30:34.9702753Z [36;1mpython -c "import os, shutil; src=os.path.abspath('coreason-manifest'); dst=os.path.abspath('../coreason-manifest'); (os.remove(dst) if os.path.islink(dst) else (shutil.rmtree(dst) if os.path.isdir(dst) else os.remove(dst))) if (os.path.exists(dst) or os.path.islink(dst)) else None; os.symlink(src, dst, target_is_directory=True)"[0m
lint-and-audit	Link coreason-manifest as sibling	2026-05-19T19:30:34.9745840Z shell: /usr/bin/bash --noprofile --norc -e -o pipefail {0}
lint-and-audit	Link coreason-manifest as sibling	2026-05-19T19:30:34.9746161Z env:
lint-and-audit	Link coreason-manifest as sibling	2026-05-19T19:30:34.9746363Z   FORCE_JAVASCRIPT_ACTIONS_TO_NODE24: true
lint-and-audit	Link coreason-manifest as sibling	2026-05-19T19:30:34.9746878Z   TEMPORAL_CI_NAMESPACE: coreason-ci-26120302019-1
lint-and-audit	Link coreason-manifest as sibling	2026-05-19T19:30:34.9747169Z   ORJSON_BUILD_FREETHREADED: 1
lint-and-audit	Link coreason-manifest as sibling	2026-05-19T19:30:34.9747433Z   MANIFEST_VERSION: v0.84.1
lint-and-audit	Link coreason-manifest as sibling	2026-05-19T19:30:34.9747649Z ##[endgroup]
lint-and-audit	Install uv	∩╗┐2026-05-19T19:30:35.0116364Z ##[group]Run astral-sh/setup-uv@08807647e7069bb48b6ef5acd8ec9567f424441b
lint-and-audit	Install uv	2026-05-19T19:30:35.0116844Z with:
lint-and-audit	Install uv	2026-05-19T19:30:35.0117126Z   enable-cache: true
lint-and-audit	Install uv	2026-05-19T19:30:35.0117425Z   python-version: 3.14
lint-and-audit	Install uv	2026-05-19T19:30:35.0117833Z   activate-environment: false
lint-and-audit	Install uv	2026-05-19T19:30:35.0118160Z   no-project: false
lint-and-audit	Install uv	2026-05-19T19:30:35.0118583Z   working-directory: /home/runner/work/coreason-ecosystem/coreason-ecosystem
lint-and-audit	Install uv	2026-05-19T19:30:35.0119281Z   github-token: ***
lint-and-audit	Install uv	2026-05-19T19:30:35.0119929Z   cache-dependency-glob: **/*requirements*.txt
lint-and-audit	Install uv	**/*requirements*.in
lint-and-audit	Install uv	**/*constraints*.txt
lint-and-audit	Install uv	**/*constraints*.in
lint-and-audit	Install uv	**/pyproject.toml
lint-and-audit	Install uv	**/uv.lock
lint-and-audit	Install uv	**/*.py.lock
lint-and-audit	Install uv	
lint-and-audit	Install uv	2026-05-19T19:30:35.0120597Z   restore-cache: true
lint-and-audit	Install uv	2026-05-19T19:30:35.0120927Z   save-cache: true
lint-and-audit	Install uv	2026-05-19T19:30:35.0121255Z   prune-cache: true
lint-and-audit	Install uv	2026-05-19T19:30:35.0121534Z   cache-python: false
lint-and-audit	Install uv	2026-05-19T19:30:35.0121880Z   ignore-nothing-to-cache: false
lint-and-audit	Install uv	2026-05-19T19:30:35.0122277Z   ignore-empty-workdir: false
lint-and-audit	Install uv	2026-05-19T19:30:35.0122594Z   add-problem-matchers: true
lint-and-audit	Install uv	2026-05-19T19:30:35.0135740Z   resolution-strategy: highest
lint-and-audit	Install uv	2026-05-19T19:30:35.0136051Z env:
lint-and-audit	Install uv	2026-05-19T19:30:35.0136260Z   FORCE_JAVASCRIPT_ACTIONS_TO_NODE24: true
lint-and-audit	Install uv	2026-05-19T19:30:35.0136580Z   TEMPORAL_CI_NAMESPACE: coreason-ci-26120302019-1
lint-and-audit	Install uv	2026-05-19T19:30:35.0136872Z   ORJSON_BUILD_FREETHREADED: 1
lint-and-audit	Install uv	2026-05-19T19:30:35.0137100Z   MANIFEST_VERSION: v0.84.1
lint-and-audit	Install uv	2026-05-19T19:30:35.0137309Z ##[endgroup]
lint-and-audit	Install uv	2026-05-19T19:30:35.1898881Z Trying to find version for uv in: /home/runner/work/coreason-ecosystem/coreason-ecosystem/uv.toml
lint-and-audit	Install uv	2026-05-19T19:30:35.1900326Z Could not find file: /home/runner/work/coreason-ecosystem/coreason-ecosystem/uv.toml
lint-and-audit	Install uv	2026-05-19T19:30:35.1901719Z Trying to find version for uv in: /home/runner/work/coreason-ecosystem/coreason-ecosystem/pyproject.toml
lint-and-audit	Install uv	2026-05-19T19:30:35.1915701Z Could not determine uv version from uv.toml or pyproject.toml. Falling back to latest.
lint-and-audit	Install uv	2026-05-19T19:30:35.1918970Z Fetching manifest data from https://raw.githubusercontent.com/astral-sh/versions/main/v1/uv.ndjson ...
lint-and-audit	Install uv	2026-05-19T19:30:35.2600589Z Downloading uv from "https://releases.astral.sh/github/uv/releases/download/0.11.15/uv-x86_64-unknown-linux-gnu.tar.gz" ...
lint-and-audit	Install uv	2026-05-19T19:30:35.4792585Z [command]/usr/bin/tar xz --warning=no-unknown-keyword --overwrite -C /home/runner/work/_temp/e49bbf51-3cf5-483f-907b-70b215c6f7dd -f /home/runner/work/_temp/35840478-18ed-4754-8c93-51e2a1f7491e
lint-and-audit	Install uv	2026-05-19T19:30:35.9401352Z Added /home/runner/.local/bin to the path
lint-and-audit	Install uv	2026-05-19T19:30:35.9405883Z Added /opt/hostedtoolcache/uv/0.11.15/x86_64 to the path
lint-and-audit	Install uv	2026-05-19T19:30:35.9407964Z Set UV_PYTHON_INSTALL_DIR to /home/runner/work/_temp/uv-python-dir
lint-and-audit	Install uv	2026-05-19T19:30:35.9408760Z Added /home/runner/work/_temp/uv-python-dir to the path
lint-and-audit	Install uv	2026-05-19T19:30:35.9409581Z Set UV_PYTHON to 3.14
lint-and-audit	Install uv	2026-05-19T19:30:35.9431584Z Set UV_CACHE_DIR to /home/runner/work/_temp/setup-uv-cache
lint-and-audit	Install uv	2026-05-19T19:30:35.9432268Z Successfully installed uv version 0.11.15
lint-and-audit	Install uv	2026-05-19T19:30:35.9436376Z Searching files using cache dependency glob: /home/runner/work/coreason-ecosystem/coreason-ecosystem/**/*requirements*.txt,/home/runner/work/coreason-ecosystem/coreason-ecosystem/**/*requirements*.in,/home/runner/work/coreason-ecosystem/coreason-ecosystem/**/*constraints*.txt,/home/runner/work/coreason-ecosystem/coreason-ecosystem/**/*constraints*.in,/home/runner/work/coreason-ecosystem/coreason-ecosystem/**/pyproject.toml,/home/runner/work/coreason-ecosystem/coreason-ecosystem/**/uv.lock,/home/runner/work/coreason-ecosystem/coreason-ecosystem/**/*.py.lock
lint-and-audit	Install uv	2026-05-19T19:30:36.0223533Z /home/runner/work/coreason-ecosystem/coreason-ecosystem/coreason-manifest/pyproject.toml
lint-and-audit	Install uv	2026-05-19T19:30:36.0337764Z /home/runner/work/coreason-ecosystem/coreason-ecosystem/coreason-manifest/uv.lock
lint-and-audit	Install uv	2026-05-19T19:30:36.0572967Z /home/runner/work/coreason-ecosystem/coreason-ecosystem/pyproject.toml
lint-and-audit	Install uv	2026-05-19T19:30:36.0736237Z /home/runner/work/coreason-ecosystem/coreason-ecosystem/uv.lock
lint-and-audit	Install uv	2026-05-19T19:30:36.0753927Z Found 4 files to hash.
lint-and-audit	Install uv	2026-05-19T19:30:36.0836997Z Trying to restore cache from GitHub Actions cache with key: setup-uv-2-x86_64-unknown-linux-gnu-ubuntu-24.04-3.14-pruned-102ddb1183d74f1d9c53f9373996e3fe0c7009f59974224786176253564c5f6e
lint-and-audit	Install uv	2026-05-19T19:30:36.2069142Z Cache hit for: setup-uv-2-x86_64-unknown-linux-gnu-ubuntu-24.04-3.14-pruned-102ddb1183d74f1d9c53f9373996e3fe0c7009f59974224786176253564c5f6e
lint-and-audit	Install uv	2026-05-19T19:30:36.5071300Z Received 475516 of 475516 (100.0%), 2.5 MBs/sec
lint-and-audit	Install uv	2026-05-19T19:30:36.5071864Z Cache Size: ~0 MB (475516 B)
lint-and-audit	Install uv	2026-05-19T19:30:36.5103564Z [command]/usr/bin/tar -xf /home/runner/work/_temp/9791b638-5746-434b-ba4c-4d964b7bb6f2/cache.tzst -P -C /home/runner/work/coreason-ecosystem/coreason-ecosystem --use-compress-program unzstd
lint-and-audit	Install uv	2026-05-19T19:30:36.5236799Z Cache restored successfully
lint-and-audit	Install uv	2026-05-19T19:30:36.5241778Z cache restored from GitHub Actions cache with key: setup-uv-2-x86_64-unknown-linux-gnu-ubuntu-24.04-3.14-pruned-102ddb1183d74f1d9c53f9373996e3fe0c7009f59974224786176253564c5f6e
lint-and-audit	Install dependencies	∩╗┐2026-05-19T19:30:36.5880102Z ##[group]Run uv sync --all-extras --dev --frozen
lint-and-audit	Install dependencies	2026-05-19T19:30:36.5880491Z [36;1muv sync --all-extras --dev --frozen[0m
lint-and-audit	Install dependencies	2026-05-19T19:30:36.5915729Z shell: /usr/bin/bash --noprofile --norc -e -o pipefail {0}
lint-and-audit	Install dependencies	2026-05-19T19:30:36.5916060Z env:
lint-and-audit	Install dependencies	2026-05-19T19:30:36.5916258Z   FORCE_JAVASCRIPT_ACTIONS_TO_NODE24: true
lint-and-audit	Install dependencies	2026-05-19T19:30:36.5916578Z   TEMPORAL_CI_NAMESPACE: coreason-ci-26120302019-1
lint-and-audit	Install dependencies	2026-05-19T19:30:36.5916873Z   ORJSON_BUILD_FREETHREADED: 1
lint-and-audit	Install dependencies	2026-05-19T19:30:36.5917098Z   MANIFEST_VERSION: v0.84.1
lint-and-audit	Install dependencies	2026-05-19T19:30:36.5917385Z   UV_PYTHON_INSTALL_DIR: /home/runner/work/_temp/uv-python-dir
lint-and-audit	Install dependencies	2026-05-19T19:30:36.5917692Z   UV_PYTHON: 3.14
lint-and-audit	Install dependencies	2026-05-19T19:30:36.5917925Z   UV_CACHE_DIR: /home/runner/work/_temp/setup-uv-cache
lint-and-audit	Install dependencies	2026-05-19T19:30:36.5918211Z ##[endgroup]
lint-and-audit	Install dependencies	2026-05-19T19:30:36.7017960Z Downloading cpython-3.14.5-linux-x86_64-gnu (download) (34.3MiB)
lint-and-audit	Install dependencies	2026-05-19T19:30:37.6751952Z  Downloaded cpython-3.14.5-linux-x86_64-gnu (download)
lint-and-audit	Install dependencies	2026-05-19T19:30:37.8493078Z Using CPython 3.14.5
lint-and-audit	Install dependencies	2026-05-19T19:30:37.8493896Z Creating virtual environment at: .venv
lint-and-audit	Install dependencies	2026-05-19T19:30:37.8771531Z    Building coreason-ecosystem @ file:///home/runner/work/coreason-ecosystem/coreason-ecosystem
lint-and-audit	Install dependencies	2026-05-19T19:30:37.8772898Z    Building coreason-manifest @ file:///home/runner/work/coreason-ecosystem/coreason-manifest
lint-and-audit	Install dependencies	2026-05-19T19:30:37.9227804Z Downloading pynacl (1.3MiB)
lint-and-audit	Install dependencies	2026-05-19T19:30:37.9230997Z Downloading ruff (10.8MiB)
lint-and-audit	Install dependencies	2026-05-19T19:30:37.9234310Z Downloading networkx (2.0MiB)
lint-and-audit	Install dependencies	2026-05-19T19:30:37.9235205Z Downloading pygments (1.2MiB)
lint-and-audit	Install dependencies	2026-05-19T19:30:37.9237986Z Downloading babel (9.7MiB)
lint-and-audit	Install dependencies	2026-05-19T19:30:37.9238982Z Downloading pip (1.7MiB)
lint-and-audit	Install dependencies	2026-05-19T19:30:37.9240447Z Downloading asyncpg (3.3MiB)
lint-and-audit	Install dependencies	2026-05-19T19:30:37.9244223Z Downloading sqlalchemy (3.1MiB)
lint-and-audit	Install dependencies	2026-05-19T19:30:37.9246211Z Downloading setuptools (1.0MiB)
lint-and-audit	Install dependencies	2026-05-19T19:30:37.9249503Z Downloading mkdocs (3.7MiB)
lint-and-audit	Install dependencies	2026-05-19T19:30:37.9251421Z Downloading aiohttp (1.7MiB)
lint-and-audit	Install dependencies	2026-05-19T19:30:37.9253164Z Downloading mkdocs-material (8.9MiB)
lint-and-audit	Install dependencies	2026-05-19T19:30:37.9255369Z Downloading cryptography (4.5MiB)
lint-and-audit	Install dependencies	2026-05-19T19:30:37.9258986Z Downloading pydantic-core (2.0MiB)
lint-and-audit	Install dependencies	2026-05-19T19:30:37.9261099Z Downloading ast-serialize (1.2MiB)
lint-and-audit	Install dependencies	2026-05-19T19:30:37.9267260Z Downloading numpy (15.9MiB)
lint-and-audit	Install dependencies	2026-05-19T19:30:37.9268831Z Downloading pandas (10.4MiB)
lint-and-audit	Install dependencies	2026-05-19T19:30:37.9271502Z Downloading temporalio (14.1MiB)
lint-and-audit	Install dependencies	2026-05-19T19:30:37.9277197Z Downloading pulp (15.6MiB)
lint-and-audit	Install dependencies	2026-05-19T19:30:37.9279351Z Downloading psycopg2-binary (4.1MiB)
lint-and-audit	Install dependencies	2026-05-19T19:30:37.9281861Z Downloading pyarrow (46.6MiB)
lint-and-audit	Install dependencies	2026-05-19T19:30:37.9286307Z Downloading zensical (12.4MiB)
lint-and-audit	Install dependencies	2026-05-19T19:30:37.9288375Z Downloading uvloop (4.1MiB)
lint-and-audit	Install dependencies	2026-05-19T19:30:37.9290553Z Downloading deptry (1.8MiB)
lint-and-audit	Install dependencies	2026-05-19T19:30:37.9333696Z Downloading mypy (14.3MiB)
lint-and-audit	Install dependencies	2026-05-19T19:30:37.9338213Z Downloading skypilot (3.4MiB)
lint-and-audit	Install dependencies	2026-05-19T19:30:37.9340470Z Downloading virtualenv (7.2MiB)
lint-and-audit	Install dependencies	2026-05-19T19:30:38.8247731Z  Downloaded setuptools
lint-and-audit	Install dependencies	2026-05-19T19:30:38.9150903Z  Downloaded pygments
lint-and-audit	Install dependencies	2026-05-19T19:30:38.9177116Z  Downloaded ast-serialize
lint-and-audit	Install dependencies	2026-05-19T19:30:38.9399795Z  Downloaded pynacl
lint-and-audit	Install dependencies	2026-05-19T19:30:39.0355428Z  Downloaded aiohttp
lint-and-audit	Install dependencies	2026-05-19T19:30:39.0944930Z  Downloaded deptry
lint-and-audit	Install dependencies	2026-05-19T19:30:39.1151103Z  Downloaded pydantic-core
lint-and-audit	Install dependencies	2026-05-19T19:30:39.1837926Z  Downloaded pip
lint-and-audit	Install dependencies	2026-05-19T19:30:39.2088370Z  Downloaded networkx
lint-and-audit	Install dependencies	2026-05-19T19:30:39.3620947Z  Downloaded sqlalchemy
lint-and-audit	Install dependencies	2026-05-19T19:30:39.4011722Z  Downloaded asyncpg
lint-and-audit	Install dependencies	2026-05-19T19:30:39.5466078Z  Downloaded mkdocs
lint-and-audit	Install dependencies	2026-05-19T19:30:39.5710202Z  Downloaded psycopg2-binary
lint-and-audit	Install dependencies	2026-05-19T19:30:39.6143809Z  Downloaded uvloop
lint-and-audit	Install dependencies	2026-05-19T19:30:39.7567107Z  Downloaded skypilot
lint-and-audit	Install dependencies	2026-05-19T19:30:39.7816366Z  Downloaded cryptography
lint-and-audit	Install dependencies	2026-05-19T19:30:40.0945063Z  Downloaded virtualenv
lint-and-audit	Install dependencies	2026-05-19T19:30:40.4084809Z       Built coreason-ecosystem @ file:///home/runner/work/coreason-ecosystem/coreason-ecosystem
lint-and-audit	Install dependencies	2026-05-19T19:30:40.4429472Z       Built coreason-manifest @ file:///home/runner/work/coreason-ecosystem/coreason-manifest
lint-and-audit	Install dependencies	2026-05-19T19:30:40.4957952Z  Downloaded babel
lint-and-audit	Install dependencies	2026-05-19T19:30:40.6154596Z  Downloaded ruff
lint-and-audit	Install dependencies	2026-05-19T19:30:40.7715665Z  Downloaded pandas
lint-and-audit	Install dependencies	2026-05-19T19:30:40.9287670Z  Downloaded temporalio
lint-and-audit	Install dependencies	2026-05-19T19:30:41.0880403Z  Downloaded pulp
lint-and-audit	Install dependencies	2026-05-19T19:30:41.1508737Z  Downloaded numpy
lint-and-audit	Install dependencies	2026-05-19T19:30:41.3946291Z  Downloaded mypy
lint-and-audit	Install dependencies	2026-05-19T19:30:41.5076752Z  Downloaded pyarrow
lint-and-audit	Install dependencies	2026-05-19T19:30:42.9699107Z  Downloaded mkdocs-material
lint-and-audit	Install dependencies	2026-05-19T19:30:43.3271252Z  Downloaded zensical
lint-and-audit	Install dependencies	2026-05-19T19:30:43.3277008Z Prepared 181 packages in 5.46s
lint-and-audit	Install dependencies	2026-05-19T19:30:44.2821246Z Installed 181 packages in 954ms
lint-and-audit	Install dependencies	2026-05-19T19:30:44.2823643Z  + aiofiles==24.1.0
lint-and-audit	Install dependencies	2026-05-19T19:30:44.2824722Z  + aiohappyeyeballs==2.6.1
lint-and-audit	Install dependencies	2026-05-19T19:30:44.2825358Z  + aiohttp==3.13.5
lint-and-audit	Install dependencies	2026-05-19T19:30:44.2825712Z  + aiosignal==1.4.0
lint-and-audit	Install dependencies	2026-05-19T19:30:44.2826067Z  + aiosqlite==0.22.1
lint-and-audit	Install dependencies	2026-05-19T19:30:44.2826422Z  + alembic==1.18.4
lint-and-audit	Install dependencies	2026-05-19T19:30:44.2826752Z  + annotated-doc==0.0.4
lint-and-audit	Install dependencies	2026-05-19T19:30:44.2827139Z  + annotated-types==0.7.0
lint-and-audit	Install dependencies	2026-05-19T19:30:44.2827516Z  + anyio==4.13.0
lint-and-audit	Install dependencies	2026-05-19T19:30:44.2827864Z  + ast-serialize==0.3.0
lint-and-audit	Install dependencies	2026-05-19T19:30:44.2828203Z  + asyncpg==0.31.0
lint-and-audit	Install dependencies	2026-05-19T19:30:44.2828518Z  + attrs==26.1.0
lint-and-audit	Install dependencies	2026-05-19T19:30:44.2828829Z  + babel==2.18.0
lint-and-audit	Install dependencies	2026-05-19T19:30:44.2829133Z  + backrefs==7.0
lint-and-audit	Install dependencies	2026-05-19T19:30:44.2829623Z  + bcrypt==4.0.1
lint-and-audit	Install dependencies	2026-05-19T19:30:44.2829978Z  + bracex==2.6
lint-and-audit	Install dependencies	2026-05-19T19:30:44.2830811Z  + cachetools==7.1.1
lint-and-audit	Install dependencies	2026-05-19T19:30:44.2831462Z  + canonicaljson==2.0.0
lint-and-audit	Install dependencies	2026-05-19T19:30:44.2832076Z  + casbin==1.43.0
lint-and-audit	Install dependencies	2026-05-19T19:30:44.2832847Z  + certifi==2026.4.22
lint-and-audit	Install dependencies	2026-05-19T19:30:44.2833598Z  + cffi==2.0.0
lint-and-audit	Install dependencies	2026-05-19T19:30:44.2834314Z  + cfgv==3.5.0
lint-and-audit	Install dependencies	2026-05-19T19:30:44.2834969Z  + charset-normalizer==3.4.7
lint-and-audit	Install dependencies	2026-05-19T19:30:44.2835721Z  + click==8.1.8
lint-and-audit	Install dependencies	2026-05-19T19:30:44.2836386Z  + colorama==0.4.6
lint-and-audit	Install dependencies	2026-05-19T19:30:44.2838274Z  + coreason-ecosystem==0.45.2.dev2+g22bab08de (from file:///home/runner/work/coreason-ecosystem/coreason-ecosystem)
lint-and-audit	Install dependencies	2026-05-19T19:30:44.2839508Z  + coreason-manifest==0.84.1 (from file:///home/runner/work/coreason-ecosystem/coreason-manifest)
lint-and-audit	Install dependencies	2026-05-19T19:30:44.2840284Z  + coverage==7.14.0
lint-and-audit	Install dependencies	2026-05-19T19:30:44.2840636Z  + cryptography==48.0.0
lint-and-audit	Install dependencies	2026-05-19T19:30:44.2840984Z  + deepdiff==9.0.0
lint-and-audit	Install dependencies	2026-05-19T19:30:44.2841303Z  + deepmerge==2.0
lint-and-audit	Install dependencies	2026-05-19T19:30:44.2841770Z  + deptry==0.25.1
lint-and-audit	Install dependencies	2026-05-19T19:30:44.2842438Z  + distlib==0.4.0
lint-and-audit	Install dependencies	2026-05-19T19:30:44.2843212Z  + execnet==2.1.2
lint-and-audit	Install dependencies	2026-05-19T19:30:44.2844144Z  + fastapi==0.136.1
lint-and-audit	Install dependencies	2026-05-19T19:30:44.2844802Z  + filelock==3.29.0
lint-and-audit	Install dependencies	2026-05-19T19:30:44.2845591Z  + frozenlist==1.8.0
lint-and-audit	Install dependencies	2026-05-19T19:30:44.2846283Z  + ghp-import==2.1.0
lint-and-audit	Install dependencies	2026-05-19T19:30:44.2847029Z  + gitdb==4.0.12
lint-and-audit	Install dependencies	2026-05-19T19:30:44.2847644Z  + gitpython==3.1.50
lint-and-audit	Install dependencies	2026-05-19T19:30:44.2848393Z  + googleapis-common-protos==1.75.0
lint-and-audit	Install dependencies	2026-05-19T19:30:44.2849145Z  + greenlet==3.5.0
lint-and-audit	Install dependencies	2026-05-19T19:30:44.2849821Z  + griffelib==2.0.2
lint-and-audit	Install dependencies	2026-05-19T19:30:44.2850480Z  + h11==0.16.0
lint-and-audit	Install dependencies	2026-05-19T19:30:44.2850912Z  + httpcore==1.0.9
lint-and-audit	Install dependencies	2026-05-19T19:30:44.2851423Z  + httptools==0.7.1
lint-and-audit	Install dependencies	2026-05-19T19:30:44.2852020Z  + httpx==0.28.1
lint-and-audit	Install dependencies	2026-05-19T19:30:44.2852792Z  + httpx-sse==0.4.3
lint-and-audit	Install dependencies	2026-05-19T19:30:44.2853693Z  + hvac==2.4.0
lint-and-audit	Install dependencies	2026-05-19T19:30:44.2854255Z  + hypothesis==6.152.7
lint-and-audit	Install dependencies	2026-05-19T19:30:44.2854929Z  + identify==2.6.19
lint-and-audit	Install dependencies	2026-05-19T19:30:44.2855495Z  + idna==3.15
lint-and-audit	Install dependencies	2026-05-19T19:30:44.2856189Z  + ijson==3.5.0
lint-and-audit	Install dependencies	2026-05-19T19:30:44.2856991Z  + importlib-metadata==8.7.1
lint-and-audit	Install dependencies	2026-05-19T19:30:44.2857735Z  + iniconfig==2.3.0
lint-and-audit	Install dependencies	2026-05-19T19:30:44.2858409Z  + invoke==3.0.3
lint-and-audit	Install dependencies	2026-05-19T19:30:44.2859066Z  + jinja2==3.1.6
lint-and-audit	Install dependencies	2026-05-19T19:30:44.2859625Z  + jsonpatch==1.33
lint-and-audit	Install dependencies	2026-05-19T19:30:44.2860392Z  + jsonpointer==3.1.1
lint-and-audit	Install dependencies	2026-05-19T19:30:44.2861147Z  + jsonschema==4.26.0
lint-and-audit	Install dependencies	2026-05-19T19:30:44.2861927Z  + jsonschema-specifications==2025.9.1
lint-and-audit	Install dependencies	2026-05-19T19:30:44.2862632Z  + librt==0.11.0
lint-and-audit	Install dependencies	2026-05-19T19:30:44.2863293Z  + loguru==0.7.3
lint-and-audit	Install dependencies	2026-05-19T19:30:44.2863934Z  + mako==1.3.12
lint-and-audit	Install dependencies	2026-05-19T19:30:44.2864405Z  + markdown==3.10.2
lint-and-audit	Install dependencies	2026-05-19T19:30:44.2865097Z  + markdown-it-py==4.2.0
lint-and-audit	Install dependencies	2026-05-19T19:30:44.2865785Z  + markupsafe==3.0.3
lint-and-audit	Install dependencies	2026-05-19T19:30:44.2866562Z  + mcp==1.27.1
lint-and-audit	Install dependencies	2026-05-19T19:30:44.2867238Z  + mdurl==0.1.2
lint-and-audit	Install dependencies	2026-05-19T19:30:44.2867891Z  + mergedeep==1.3.4
lint-and-audit	Install dependencies	2026-05-19T19:30:44.2868468Z  + mkdocs==1.6.1
lint-and-audit	Install dependencies	2026-05-19T19:30:44.2869253Z  + mkdocs-autorefs==1.4.4
lint-and-audit	Install dependencies	2026-05-19T19:30:44.2869852Z  + mkdocs-get-deps==0.2.2
lint-and-audit	Install dependencies	2026-05-19T19:30:44.2870545Z  + mkdocs-material==9.7.6
lint-and-audit	Install dependencies	2026-05-19T19:30:44.2871258Z  + mkdocs-material-extensions==1.3.1
lint-and-audit	Install dependencies	2026-05-19T19:30:44.2872008Z  + mkdocstrings==1.0.4
lint-and-audit	Install dependencies	2026-05-19T19:30:44.2872697Z  + mkdocstrings-python==2.0.3
lint-and-audit	Install dependencies	2026-05-19T19:30:44.2873275Z  + msgspec==0.21.1
lint-and-audit	Install dependencies	2026-05-19T19:30:44.2874174Z  + multidict==6.7.1
lint-and-audit	Install dependencies	2026-05-19T19:30:44.2874949Z  + mypy==2.1.0
lint-and-audit	Install dependencies	2026-05-19T19:30:44.2875481Z  + mypy-extensions==1.1.0
lint-and-audit	Install dependencies	2026-05-19T19:30:44.2876157Z  + nats-py==2.14.0
lint-and-audit	Install dependencies	2026-05-19T19:30:44.2876940Z  + networkx==3.6.1
lint-and-audit	Install dependencies	2026-05-19T19:30:44.2877603Z  + nexus-rpc==1.4.0
lint-and-audit	Install dependencies	2026-05-19T19:30:44.2878242Z  + nodeenv==1.10.0
lint-and-audit	Install dependencies	2026-05-19T19:30:44.2879023Z  + numpy==2.4.4
lint-and-audit	Install dependencies	2026-05-19T19:30:44.2879739Z  + opentelemetry-api==1.41.1
lint-and-audit	Install dependencies	2026-05-19T19:30:44.2880384Z  + opentelemetry-exporter-otlp-proto-common==1.41.1
lint-and-audit	Install dependencies	2026-05-19T19:30:44.2881023Z  + opentelemetry-exporter-otlp-proto-http==1.41.1
lint-and-audit	Install dependencies	2026-05-19T19:30:44.2881580Z  + opentelemetry-proto==1.41.1
lint-and-audit	Install dependencies	2026-05-19T19:30:44.2882004Z  + opentelemetry-sdk==1.41.1
lint-and-audit	Install dependencies	2026-05-19T19:30:44.2882555Z  + opentelemetry-semantic-conventions==0.62b1
lint-and-audit	Install dependencies	2026-05-19T19:30:44.2883257Z  + orderly-set==5.5.0
lint-and-audit	Install dependencies	2026-05-19T19:30:44.2884086Z  + orjson==3.11.9
lint-and-audit	Install dependencies	2026-05-19T19:30:44.2884727Z  + packaging==26.2
lint-and-audit	Install dependencies	2026-05-19T19:30:44.2885406Z  + paginate==0.5.7
lint-and-audit	Install dependencies	2026-05-19T19:30:44.2886068Z  + pandas==3.0.3
lint-and-audit	Install dependencies	2026-05-19T19:30:44.2886940Z  + pandas-stubs==3.0.0.260204
lint-and-audit	Install dependencies	2026-05-19T19:30:44.2887727Z  + paramiko==5.0.0
lint-and-audit	Install dependencies	2026-05-19T19:30:44.2888397Z  + passlib==1.7.4
lint-and-audit	Install dependencies	2026-05-19T19:30:44.2889094Z  + pathspec==1.1.1
lint-and-audit	Install dependencies	2026-05-19T19:30:44.2889874Z  + pendulum==3.2.0
lint-and-audit	Install dependencies	2026-05-19T19:30:44.2890560Z  + pip==26.1.1
lint-and-audit	Install dependencies	2026-05-19T19:30:44.2891235Z  + platformdirs==4.9.6
lint-and-audit	Install dependencies	2026-05-19T19:30:44.2891977Z  + pluggy==1.6.0
lint-and-audit	Install dependencies	2026-05-19T19:30:44.2892650Z  + pre-commit==4.6.0
lint-and-audit	Install dependencies	2026-05-19T19:30:44.2893538Z  + prettytable==3.17.0
lint-and-audit	Install dependencies	2026-05-19T19:30:44.2894238Z  + prometheus-client==0.25.0
lint-and-audit	Install dependencies	2026-05-19T19:30:44.2895009Z  + propcache==0.5.2
lint-and-audit	Install dependencies	2026-05-19T19:30:44.2895662Z  + protobuf==6.33.6
lint-and-audit	Install dependencies	2026-05-19T19:30:44.2896328Z  + psutil==7.2.2
lint-and-audit	Install dependencies	2026-05-19T19:30:44.2897130Z  + psycopg2-binary==2.9.12
lint-and-audit	Install dependencies	2026-05-19T19:30:44.2897872Z  + pulp==3.3.1
lint-and-audit	Install dependencies	2026-05-19T19:30:44.2898644Z  + py-cpuinfo==9.0.0
lint-and-audit	Install dependencies	2026-05-19T19:30:44.2899350Z  + pyarrow==24.0.0
lint-and-audit	Install dependencies	2026-05-19T19:30:44.2900038Z  + pycasbin==2.8.0
lint-and-audit	Install dependencies	2026-05-19T19:30:44.2900517Z  + pycparser==3.0
lint-and-audit	Install dependencies	2026-05-19T19:30:44.2901214Z  + pycrdt==0.13.0
lint-and-audit	Install dependencies	2026-05-19T19:30:44.2902013Z  + pydantic==2.13.4
lint-and-audit	Install dependencies	2026-05-19T19:30:44.2902696Z  + pydantic-core==2.46.4
lint-and-audit	Install dependencies	2026-05-19T19:30:44.2903578Z  + pydantic-settings==2.14.1
lint-and-audit	Install dependencies	2026-05-19T19:30:44.2904192Z  + pygments==2.20.0
lint-and-audit	Install dependencies	2026-05-19T19:30:44.2904890Z  + pyjwt==2.12.1
lint-and-audit	Install dependencies	2026-05-19T19:30:44.2905585Z  + pymdown-extensions==10.21.3
lint-and-audit	Install dependencies	2026-05-19T19:30:44.2906203Z  + pynacl==1.6.2
lint-and-audit	Install dependencies	2026-05-19T19:30:44.2906981Z  + pytest==9.0.3
lint-and-audit	Install dependencies	2026-05-19T19:30:44.2907620Z  + pytest-asyncio==1.3.0
lint-and-audit	Install dependencies	2026-05-19T19:30:44.2908402Z  + pytest-benchmark==5.2.3
lint-and-audit	Install dependencies	2026-05-19T19:30:44.2909088Z  + pytest-cov==7.1.0
lint-and-audit	Install dependencies	2026-05-19T19:30:44.2909748Z  + pytest-xdist==3.8.0
lint-and-audit	Install dependencies	2026-05-19T19:30:44.2910661Z  + python-dateutil==2.9.0.post0
lint-and-audit	Install dependencies	2026-05-19T19:30:44.2911427Z  + python-discovery==1.3.1
lint-and-audit	Install dependencies	2026-05-19T19:30:44.2912129Z  + python-dotenv==1.2.2
lint-and-audit	Install dependencies	2026-05-19T19:30:44.2912817Z  + python-multipart==0.0.28
lint-and-audit	Install dependencies	2026-05-19T19:30:44.2913688Z  + pyyaml==6.0.3
lint-and-audit	Install dependencies	2026-05-19T19:30:44.2914258Z  + pyyaml-env-tag==1.1
lint-and-audit	Install dependencies	2026-05-19T19:30:44.2914840Z  + referencing==0.37.0
lint-and-audit	Install dependencies	2026-05-19T19:30:44.2915505Z  + requests==2.34.0
lint-and-audit	Install dependencies	2026-05-19T19:30:44.2916207Z  + requirements-parser==0.13.0
lint-and-audit	Install dependencies	2026-05-19T19:30:44.2916777Z  + respx==0.23.1
lint-and-audit	Install dependencies	2026-05-19T19:30:44.2917541Z  + rich==15.0.0
lint-and-audit	Install dependencies	2026-05-19T19:30:44.2918234Z  + rpds-py==0.30.0
lint-and-audit	Install dependencies	2026-05-19T19:30:44.2918935Z  + ruff==0.15.12
lint-and-audit	Install dependencies	2026-05-19T19:30:44.2919626Z  + setproctitle==1.3.7
lint-and-audit	Install dependencies	2026-05-19T19:30:44.2920317Z  + setuptools==81.0.0
lint-and-audit	Install dependencies	2026-05-19T19:30:44.2920981Z  + shellingham==1.5.4
lint-and-audit	Install dependencies	2026-05-19T19:30:44.2921676Z  + simpleeval==1.0.7
lint-and-audit	Install dependencies	2026-05-19T19:30:44.2922342Z  + six==1.17.0
lint-and-audit	Install dependencies	2026-05-19T19:30:44.2922981Z  + skypilot==0.12.1
lint-and-audit	Install dependencies	2026-05-19T19:30:44.2923824Z  + smmap==5.0.3
lint-and-audit	Install dependencies	2026-05-19T19:30:44.2924523Z  + sortedcontainers==2.4.0
lint-and-audit	Install dependencies	2026-05-19T19:30:44.2925196Z  + sqlalchemy==2.0.49
lint-and-audit	Install dependencies	2026-05-19T19:30:44.2925875Z  + sqlalchemy-adapter==1.9.0
lint-and-audit	Install dependencies	2026-05-19T19:30:44.2926545Z  + sse-starlette==3.4.4
lint-and-audit	Install dependencies	2026-05-19T19:30:44.2927208Z  + starlette==1.0.0
lint-and-audit	Install dependencies	2026-05-19T19:30:44.2927866Z  + syrupy==5.1.0
lint-and-audit	Install dependencies	2026-05-19T19:30:44.2928591Z  + tabulate==0.10.0
lint-and-audit	Install dependencies	2026-05-19T19:30:44.2929299Z  + temporalio==1.27.0
lint-and-audit	Install dependencies	2026-05-19T19:30:44.2930045Z  + tomli==2.4.1
lint-and-audit	Install dependencies	2026-05-19T19:30:44.2930833Z  + typer==0.23.1
lint-and-audit	Install dependencies	2026-05-19T19:30:44.2931622Z  + types-hvac==2.4.0.20260408
lint-and-audit	Install dependencies	2026-05-19T19:30:44.2932367Z  + types-paramiko==4.0.0.20260508
lint-and-audit	Install dependencies	2026-05-19T19:30:44.2933044Z  + types-protobuf==6.32.1.20260221
lint-and-audit	Install dependencies	2026-05-19T19:30:44.2934043Z  + types-pyyaml==6.0.12.20260510
lint-and-audit	Install dependencies	2026-05-19T19:30:44.2934776Z  + types-requests==2.33.0.20260513
lint-and-audit	Install dependencies	2026-05-19T19:30:44.2935459Z  + typing-extensions==4.15.0
lint-and-audit	Install dependencies	2026-05-19T19:30:44.2936160Z  + typing-inspection==0.4.2
lint-and-audit	Install dependencies	2026-05-19T19:30:44.2936697Z  + tzdata==2026.2
lint-and-audit	Install dependencies	2026-05-19T19:30:44.2937368Z  + urllib3==2.7.0
lint-and-audit	Install dependencies	2026-05-19T19:30:44.2938140Z  + uvicorn==0.35.0
lint-and-audit	Install dependencies	2026-05-19T19:30:44.2938814Z  + uvloop==0.22.1
lint-and-audit	Install dependencies	2026-05-19T19:30:44.2939510Z  + virtualenv==21.3.2
lint-and-audit	Install dependencies	2026-05-19T19:30:44.2940164Z  + watchdog==6.0.0
lint-and-audit	Install dependencies	2026-05-19T19:30:44.2940850Z  + watchfiles==1.1.1
lint-and-audit	Install dependencies	2026-05-19T19:30:44.2941501Z  + wcmatch==10.1
lint-and-audit	Install dependencies	2026-05-19T19:30:44.2942284Z  + wcwidth==0.7.0
lint-and-audit	Install dependencies	2026-05-19T19:30:44.2942838Z  + websockets==16.0
lint-and-audit	Install dependencies	2026-05-19T19:30:44.2943681Z  + wheel==0.47.0
lint-and-audit	Install dependencies	2026-05-19T19:30:44.2944293Z  + yarl==1.23.0
lint-and-audit	Install dependencies	2026-05-19T19:30:44.2945142Z  + zensical==0.0.41
lint-and-audit	Install dependencies	2026-05-19T19:30:44.2945776Z  + zipp==3.23.1
lint-and-audit	Check code (Ruff)	∩╗┐2026-05-19T19:30:44.3371674Z ##[group]Run uv run ruff check .
lint-and-audit	Check code (Ruff)	2026-05-19T19:30:44.3372223Z [36;1muv run ruff check .[0m
lint-and-audit	Check code (Ruff)	2026-05-19T19:30:44.3410752Z shell: /usr/bin/bash --noprofile --norc -e -o pipefail {0}
lint-and-audit	Check code (Ruff)	2026-05-19T19:30:44.3411091Z env:
lint-and-audit	Check code (Ruff)	2026-05-19T19:30:44.3411296Z   FORCE_JAVASCRIPT_ACTIONS_TO_NODE24: true
lint-and-audit	Check code (Ruff)	2026-05-19T19:30:44.3411615Z   TEMPORAL_CI_NAMESPACE: coreason-ci-26120302019-1
lint-and-audit	Check code (Ruff)	2026-05-19T19:30:44.3411910Z   ORJSON_BUILD_FREETHREADED: 1
lint-and-audit	Check code (Ruff)	2026-05-19T19:30:44.3412145Z   MANIFEST_VERSION: v0.84.1
lint-and-audit	Check code (Ruff)	2026-05-19T19:30:44.3412435Z   UV_PYTHON_INSTALL_DIR: /home/runner/work/_temp/uv-python-dir
lint-and-audit	Check code (Ruff)	2026-05-19T19:30:44.3412742Z   UV_PYTHON: 3.14
lint-and-audit	Check code (Ruff)	2026-05-19T19:30:44.3412973Z   UV_CACHE_DIR: /home/runner/work/_temp/setup-uv-cache
lint-and-audit	Check code (Ruff)	2026-05-19T19:30:44.3413256Z ##[endgroup]
lint-and-audit	Check code (Ruff)	2026-05-19T19:30:44.4964423Z All checks passed!
lint-and-audit	Format check (Ruff)	∩╗┐2026-05-19T19:30:44.5046035Z ##[group]Run uv run ruff format --check .
lint-and-audit	Format check (Ruff)	2026-05-19T19:30:44.5046604Z [36;1muv run ruff format --check .[0m
lint-and-audit	Format check (Ruff)	2026-05-19T19:30:44.5087695Z shell: /usr/bin/bash --noprofile --norc -e -o pipefail {0}
lint-and-audit	Format check (Ruff)	2026-05-19T19:30:44.5088030Z env:
lint-and-audit	Format check (Ruff)	2026-05-19T19:30:44.5088230Z   FORCE_JAVASCRIPT_ACTIONS_TO_NODE24: true
lint-and-audit	Format check (Ruff)	2026-05-19T19:30:44.5088758Z   TEMPORAL_CI_NAMESPACE: coreason-ci-26120302019-1
lint-and-audit	Format check (Ruff)	2026-05-19T19:30:44.5089061Z   ORJSON_BUILD_FREETHREADED: 1
lint-and-audit	Format check (Ruff)	2026-05-19T19:30:44.5089294Z   MANIFEST_VERSION: v0.84.1
lint-and-audit	Format check (Ruff)	2026-05-19T19:30:44.5089612Z   UV_PYTHON_INSTALL_DIR: /home/runner/work/_temp/uv-python-dir
lint-and-audit	Format check (Ruff)	2026-05-19T19:30:44.5089954Z   UV_PYTHON: 3.14
lint-and-audit	Format check (Ruff)	2026-05-19T19:30:44.5090196Z   UV_CACHE_DIR: /home/runner/work/_temp/setup-uv-cache
lint-and-audit	Format check (Ruff)	2026-05-19T19:30:44.5090478Z ##[endgroup]
lint-and-audit	Format check (Ruff)	2026-05-19T19:30:44.6295001Z 117 files already formatted
lint-and-audit	Typecheck (Mypy)	∩╗┐2026-05-19T19:30:44.6349597Z ##[group]Run uv run mypy src/ tests/
lint-and-audit	Typecheck (Mypy)	2026-05-19T19:30:44.6349947Z [36;1muv run mypy src/ tests/[0m
lint-and-audit	Typecheck (Mypy)	2026-05-19T19:30:44.6384865Z shell: /usr/bin/bash --noprofile --norc -e -o pipefail {0}
lint-and-audit	Typecheck (Mypy)	2026-05-19T19:30:44.6385219Z env:
lint-and-audit	Typecheck (Mypy)	2026-05-19T19:30:44.6385422Z   FORCE_JAVASCRIPT_ACTIONS_TO_NODE24: true
lint-and-audit	Typecheck (Mypy)	2026-05-19T19:30:44.6385752Z   TEMPORAL_CI_NAMESPACE: coreason-ci-26120302019-1
lint-and-audit	Typecheck (Mypy)	2026-05-19T19:30:44.6386053Z   ORJSON_BUILD_FREETHREADED: 1
lint-and-audit	Typecheck (Mypy)	2026-05-19T19:30:44.6386287Z   MANIFEST_VERSION: v0.84.1
lint-and-audit	Typecheck (Mypy)	2026-05-19T19:30:44.6386608Z   UV_PYTHON_INSTALL_DIR: /home/runner/work/_temp/uv-python-dir
lint-and-audit	Typecheck (Mypy)	2026-05-19T19:30:44.6386921Z   UV_PYTHON: 3.14
lint-and-audit	Typecheck (Mypy)	2026-05-19T19:30:44.6387163Z   UV_CACHE_DIR: /home/runner/work/_temp/setup-uv-cache
lint-and-audit	Typecheck (Mypy)	2026-05-19T19:30:44.6387446Z ##[endgroup]
lint-and-audit	Typecheck (Mypy)	2026-05-19T19:31:07.4627569Z Success: no issues found in 57 source files
lint-and-audit	Audit dependencies (Deptry)	∩╗┐2026-05-19T19:31:07.5343689Z ##[group]Run uv run deptry src/
lint-and-audit	Audit dependencies (Deptry)	2026-05-19T19:31:07.5344232Z [36;1muv run deptry src/[0m
lint-and-audit	Audit dependencies (Deptry)	2026-05-19T19:31:07.5389129Z shell: /usr/bin/bash --noprofile --norc -e -o pipefail {0}
lint-and-audit	Audit dependencies (Deptry)	2026-05-19T19:31:07.5389736Z env:
lint-and-audit	Audit dependencies (Deptry)	2026-05-19T19:31:07.5390093Z   FORCE_JAVASCRIPT_ACTIONS_TO_NODE24: true
lint-and-audit	Audit dependencies (Deptry)	2026-05-19T19:31:07.5390642Z   TEMPORAL_CI_NAMESPACE: coreason-ci-26120302019-1
lint-and-audit	Audit dependencies (Deptry)	2026-05-19T19:31:07.5391191Z   ORJSON_BUILD_FREETHREADED: 1
lint-and-audit	Audit dependencies (Deptry)	2026-05-19T19:31:07.5391626Z   MANIFEST_VERSION: v0.84.1
lint-and-audit	Audit dependencies (Deptry)	2026-05-19T19:31:07.5392001Z   UV_PYTHON_INSTALL_DIR: /home/runner/work/_temp/uv-python-dir
lint-and-audit	Audit dependencies (Deptry)	2026-05-19T19:31:07.5392337Z   UV_PYTHON: 3.14
lint-and-audit	Audit dependencies (Deptry)	2026-05-19T19:31:07.5392623Z   UV_CACHE_DIR: /home/runner/work/_temp/setup-uv-cache
lint-and-audit	Audit dependencies (Deptry)	2026-05-19T19:31:07.5392924Z ##[endgroup]
lint-and-audit	Audit dependencies (Deptry)	2026-05-19T19:31:07.8578498Z Scanning 29 files...
lint-and-audit	Audit dependencies (Deptry)	2026-05-19T19:31:07.9066943Z 
lint-and-audit	Audit dependencies (Deptry)	2026-05-19T19:31:07.9068045Z [1m[32mSuccess! No dependency issues found.[m
lint-and-audit	Build docs	∩╗┐2026-05-19T19:31:07.9378975Z ##[group]Run uv run zensical build
lint-and-audit	Build docs	2026-05-19T19:31:07.9379318Z [36;1muv run zensical build[0m
lint-and-audit	Build docs	2026-05-19T19:31:07.9413904Z shell: /usr/bin/bash --noprofile --norc -e -o pipefail {0}
lint-and-audit	Build docs	2026-05-19T19:31:07.9414245Z env:
lint-and-audit	Build docs	2026-05-19T19:31:07.9414443Z   FORCE_JAVASCRIPT_ACTIONS_TO_NODE24: true
lint-and-audit	Build docs	2026-05-19T19:31:07.9414762Z   TEMPORAL_CI_NAMESPACE: coreason-ci-26120302019-1
lint-and-audit	Build docs	2026-05-19T19:31:07.9415057Z   ORJSON_BUILD_FREETHREADED: 1
lint-and-audit	Build docs	2026-05-19T19:31:07.9415287Z   MANIFEST_VERSION: v0.84.1
lint-and-audit	Build docs	2026-05-19T19:31:07.9415582Z   UV_PYTHON_INSTALL_DIR: /home/runner/work/_temp/uv-python-dir
lint-and-audit	Build docs	2026-05-19T19:31:07.9415899Z   UV_PYTHON: 3.14
lint-and-audit	Build docs	2026-05-19T19:31:07.9416140Z   UV_CACHE_DIR: /home/runner/work/_temp/setup-uv-cache
lint-and-audit	Build docs	2026-05-19T19:31:07.9416441Z ##[endgroup]
lint-and-audit	Build docs	2026-05-19T19:31:09.0942691Z Build started
lint-and-audit	Build docs	2026-05-19T19:31:09.6829720Z [33mWarning:[0m unresolved link reference
lint-and-audit	Build docs	2026-05-19T19:31:09.6833810Z    [38;5;246mΓò¡[0m[38;5;246mΓöÇ[0m[38;5;246m[[0m LEXICON.md:5:4 [38;5;246m][0m
lint-and-audit	Build docs	2026-05-19T19:31:09.6834863Z    [38;5;246mΓöé[0m
lint-and-audit	Build docs	2026-05-19T19:31:09.6838697Z  [38;5;246m5 Γöé[0m [38;5;249m*[0m[38;5;249m*[0m[38;5;249m[[0m[33m [0m[33mM[0m[33mA[0m[33mC[0m[33mH[0m[33mI[0m[33mN[0m[33mE[0m[33m [0m[33mR[0m[33mE[0m[33mA[0m[33mD[0m[33mA[0m[33mB[0m[33mL[0m[33mE[0m[33m [0m[33mI[0m[33m.[0m[33mP[0m[33m.[0m[33m [0m[33mP[0m[33mR[0m[33mO[0m[33mT[0m[33mO[0m[33mC[0m[33mO[0m[33mL[0m[33m:[0m[33m [0m[33mE[0m[33mP[0m[33mI[0m[33mS[0m[33mT[0m[33mE[0m[33mM[0m[33mI[0m[33mC[0m[33m [0m[33mQ[0m[33mU[0m[33mA[0m[33mR[0m[33mA[0m[33mN[0m[33mT[0m[33mI[0m[33mN[0m[33mE[0m[33m [0m[38;5;249m][0m[38;5;249m*[0m[38;5;249m*[0m
lint-and-audit	Build docs	2026-05-19T19:31:09.6844744Z  [38;5;240m  Γöé[0m    [33mΓöÇ[0m[33mΓöÇ[0m[33mΓöÇ[0m[33mΓöÇ[0m[33mΓöÇ[0m[33mΓöÇ[0m[33mΓöÇ[0m[33mΓöÇ[0m[33mΓöÇ[0m[33mΓöÇ[0m[33mΓöÇ[0m[33mΓöÇ[0m[33mΓöÇ[0m[33mΓöÇ[0m[33mΓöÇ[0m[33mΓöÇ[0m[33mΓöÇ[0m[33mΓöÇ[0m[33mΓöÇ[0m[33mΓöÇ[0m[33mΓöÇ[0m[33mΓöÇ[0m[33mΓöÇ[0m[33mΓöÇ[0m[33mΓöÇ[0m[33mΓöÇ[0m[33mΓöÇ[0m[33mΓö¼[0m[33mΓöÇ[0m[33mΓöÇ[0m[33mΓöÇ[0m[33mΓöÇ[0m[33mΓöÇ[0m[33mΓöÇ[0m[33mΓöÇ[0m[33mΓöÇ[0m[33mΓöÇ[0m[33mΓöÇ[0m[33mΓöÇ[0m[33mΓöÇ[0m[33mΓöÇ[0m[33mΓöÇ[0m[33mΓöÇ[0m[33mΓöÇ[0m[33mΓöÇ[0m[33mΓöÇ[0m[33mΓöÇ[0m[33mΓöÇ[0m[33mΓöÇ[0m[33mΓöÇ[0m[33mΓöÇ[0m[33mΓöÇ[0m[33mΓöÇ[0m[33mΓöÇ[0m  
lint-and-audit	Build docs	2026-05-19T19:31:09.6852128Z  [38;5;240m  Γöé[0m                               [33mΓò░[0m[33mΓöÇ[0m[33mΓöÇ[0m[33mΓöÇ[0m[33mΓöÇ[0m[33mΓöÇ[0m[33mΓöÇ[0m[33mΓöÇ[0m[33mΓöÇ[0m[33mΓöÇ[0m[33mΓöÇ[0m[33mΓöÇ[0m[33mΓöÇ[0m[33mΓöÇ[0m[33mΓöÇ[0m[33mΓöÇ[0m[33mΓöÇ[0m[33mΓöÇ[0m[33mΓöÇ[0m[33mΓöÇ[0m[33mΓöÇ[0m[33mΓöÇ[0m[33mΓöÇ[0m[33mΓöÇ[0m[33mΓöÇ[0m[33mΓöÇ[0m[33mΓöÇ[0m[33mΓöÇ[0m[33mΓöÇ[0m unresolved link reference
lint-and-audit	Build docs	2026-05-19T19:31:09.6854339Z [38;5;246mΓöÇΓöÇΓöÇΓò»[0m
lint-and-audit	Build docs	2026-05-19T19:31:09.6855041Z [33mWarning:[0m unresolved link reference
lint-and-audit	Build docs	2026-05-19T19:31:09.6856063Z    [38;5;246mΓò¡[0m[38;5;246mΓöÇ[0m[38;5;246m[[0m MCP_PROJECTION_DOCTRINE.md:5:4 [38;5;246m][0m
lint-and-audit	Build docs	2026-05-19T19:31:09.6857260Z    [38;5;246mΓöé[0m
lint-and-audit	Build docs	2026-05-19T19:31:09.6860987Z  [38;5;246m5 Γöé[0m [38;5;249m*[0m[38;5;249m*[0m[38;5;249m[[0m[33m [0m[33mM[0m[33mA[0m[33mC[0m[33mH[0m[33mI[0m[33mN[0m[33mE[0m[33m [0m[33mR[0m[33mE[0m[33mA[0m[33mD[0m[33mA[0m[33mB[0m[33mL[0m[33mE[0m[33m [0m[33mI[0m[33m.[0m[33mP[0m[33m.[0m[33m [0m[33mP[0m[33mR[0m[33mO[0m[33mT[0m[33mO[0m[33mC[0m[33mO[0m[33mL[0m[33m:[0m[33m [0m[33mE[0m[33mP[0m[33mI[0m[33mS[0m[33mT[0m[33mE[0m[33mM[0m[33mI[0m[33mC[0m[33m [0m[33mQ[0m[33mU[0m[33mA[0m[33mR[0m[33mA[0m[33mN[0m[33mT[0m[33mI[0m[33mN[0m[33mE[0m[33m [0m[38;5;249m][0m[38;5;249m*[0m[38;5;249m*[0m
lint-and-audit	Build docs	2026-05-19T19:31:09.6866828Z  [38;5;240m  Γöé[0m    [33mΓöÇ[0m[33mΓöÇ[0m[33mΓöÇ[0m[33mΓöÇ[0m[33mΓöÇ[0m[33mΓöÇ[0m[33mΓöÇ[0m[33mΓöÇ[0m[33mΓöÇ[0m[33mΓöÇ[0m[33mΓöÇ[0m[33mΓöÇ[0m[33mΓöÇ[0m[33mΓöÇ[0m[33mΓöÇ[0m[33mΓöÇ[0m[33mΓöÇ[0m[33mΓöÇ[0m[33mΓöÇ[0m[33mΓöÇ[0m[33mΓöÇ[0m[33mΓöÇ[0m[33mΓöÇ[0m[33mΓöÇ[0m[33mΓöÇ[0m[33mΓöÇ[0m[33mΓöÇ[0m[33mΓö¼[0m[33mΓöÇ[0m[33mΓöÇ[0m[33mΓöÇ[0m[33mΓöÇ[0m[33mΓöÇ[0m[33mΓöÇ[0m[33mΓöÇ[0m[33mΓöÇ[0m[33mΓöÇ[0m[33mΓöÇ[0m[33mΓöÇ[0m[33mΓöÇ[0m[33mΓöÇ[0m[33mΓöÇ[0m[33mΓöÇ[0m[33mΓöÇ[0m[33mΓöÇ[0m[33mΓöÇ[0m[33mΓöÇ[0m[33mΓöÇ[0m[33mΓöÇ[0m[33mΓöÇ[0m[33mΓöÇ[0m[33mΓöÇ[0m[33mΓöÇ[0m[33mΓöÇ[0m  
lint-and-audit	Build docs	2026-05-19T19:31:09.6871910Z  [38;5;240m  Γöé[0m                               [33mΓò░[0m[33mΓöÇ[0m[33mΓöÇ[0m[33mΓöÇ[0m[33mΓöÇ[0m[33mΓöÇ[0m[33mΓöÇ[0m[33mΓöÇ[0m[33mΓöÇ[0m[33mΓöÇ[0m[33mΓöÇ[0m[33mΓöÇ[0m[33mΓöÇ[0m[33mΓöÇ[0m[33mΓöÇ[0m[33mΓöÇ[0m[33mΓöÇ[0m[33mΓöÇ[0m[33mΓöÇ[0m[33mΓöÇ[0m[33mΓöÇ[0m[33mΓöÇ[0m[33mΓöÇ[0m[33mΓöÇ[0m[33mΓöÇ[0m[33mΓöÇ[0m[33mΓöÇ[0m[33mΓöÇ[0m[33mΓöÇ[0m unresolved link reference
lint-and-audit	Build docs	2026-05-19T19:31:09.6874009Z [38;5;246mΓöÇΓöÇΓöÇΓò»[0m
lint-and-audit	Build docs	2026-05-19T19:31:09.6874699Z [33mWarning:[0m unresolved link reference
lint-and-audit	Build docs	2026-05-19T19:31:09.6875825Z    [38;5;246mΓò¡[0m[38;5;246mΓöÇ[0m[38;5;246m[[0m adr/0001-the-stateless-substrate.md:5:4 [38;5;246m][0m
lint-and-audit	Build docs	2026-05-19T19:31:09.6876723Z    [38;5;246mΓöé[0m
lint-and-audit	Build docs	2026-05-19T19:31:09.6880352Z  [38;5;246m5 Γöé[0m [38;5;249m*[0m[38;5;249m*[0m[38;5;249m[[0m[33m [0m[33mM[0m[33mA[0m[33mC[0m[33mH[0m[33mI[0m[33mN[0m[33mE[0m[33m [0m[33mR[0m[33mE[0m[33mA[0m[33mD[0m[33mA[0m[33mB[0m[33mL[0m[33mE[0m[33m [0m[33mI[0m[33m.[0m[33mP[0m[33m.[0m[33m [0m[33mP[0m[33mR[0m[33mO[0m[33mT[0m[33mO[0m[33mC[0m[33mO[0m[33mL[0m[33m:[0m[33m [0m[33mE[0m[33mP[0m[33mI[0m[33mS[0m[33mT[0m[33mE[0m[33mM[0m[33mI[0m[33mC[0m[33m [0m[33mQ[0m[33mU[0m[33mA[0m[33mR[0m[33mA[0m[33mN[0m[33mT[0m[33mI[0m[33mN[0m[33mE[0m[33m [0m[38;5;249m][0m[38;5;249m*[0m[38;5;249m*[0m
lint-and-audit	Build docs	2026-05-19T19:31:09.6886171Z  [38;5;240m  Γöé[0m    [33mΓöÇ[0m[33mΓöÇ[0m[33mΓöÇ[0m[33mΓöÇ[0m[33mΓöÇ[0m[33mΓöÇ[0m[33mΓöÇ[0m[33mΓöÇ[0m[33mΓöÇ[0m[33mΓöÇ[0m[33mΓöÇ[0m[33mΓöÇ[0m[33mΓöÇ[0m[33mΓöÇ[0m[33mΓöÇ[0m[33mΓöÇ[0m[33mΓöÇ[0m[33mΓöÇ[0m[33mΓöÇ[0m[33mΓöÇ[0m[33mΓöÇ[0m[33mΓöÇ[0m[33mΓöÇ[0m[33mΓöÇ[0m[33mΓöÇ[0m[33mΓöÇ[0m[33mΓöÇ[0m[33mΓö¼[0m[33mΓöÇ[0m[33mΓöÇ[0m[33mΓöÇ[0m[33mΓöÇ[0m[33mΓöÇ[0m[33mΓöÇ[0m[33mΓöÇ[0m[33mΓöÇ[0m[33mΓöÇ[0m[33mΓöÇ[0m[33mΓöÇ[0m[33mΓöÇ[0m[33mΓöÇ[0m[33mΓöÇ[0m[33mΓöÇ[0m[33mΓöÇ[0m[33mΓöÇ[0m[33mΓöÇ[0m[33mΓöÇ[0m[33mΓöÇ[0m[33mΓöÇ[0m[33mΓöÇ[0m[33mΓöÇ[0m[33mΓöÇ[0m[33mΓöÇ[0m[33mΓöÇ[0m  
lint-and-audit	Build docs	2026-05-19T19:31:09.6890863Z  [38;5;240m  Γöé[0m                               [33mΓò░[0m[33mΓöÇ[0m[33mΓöÇ[0m[33mΓöÇ[0m[33mΓöÇ[0m[33mΓöÇ[0m[33mΓöÇ[0m[33mΓöÇ[0m[33mΓöÇ[0m[33mΓöÇ[0m[33mΓöÇ[0m[33mΓöÇ[0m[33mΓöÇ[0m[33mΓöÇ[0m[33mΓöÇ[0m[33mΓöÇ[0m[33mΓöÇ[0m[33mΓöÇ[0m[33mΓöÇ[0m[33mΓöÇ[0m[33mΓöÇ[0m[33mΓöÇ[0m[33mΓöÇ[0m[33mΓöÇ[0m[33mΓöÇ[0m[33mΓöÇ[0m[33mΓöÇ[0m[33mΓöÇ[0m[33mΓöÇ[0m unresolved link reference
lint-and-audit	Build docs	2026-05-19T19:31:09.6892858Z [38;5;246mΓöÇΓöÇΓöÇΓò»[0m
lint-and-audit	Build docs	2026-05-19T19:31:09.6893552Z [33mWarning:[0m unresolved link reference
lint-and-audit	Build docs	2026-05-19T19:31:09.6894729Z    [38;5;246mΓò¡[0m[38;5;246mΓöÇ[0m[38;5;246m[[0m combinatorial_oracle_blueprint.md:5:4 [38;5;246m][0m
lint-and-audit	Build docs	2026-05-19T19:31:09.6895648Z    [38;5;246mΓöé[0m
lint-and-audit	Build docs	2026-05-19T19:31:09.6899104Z  [38;5;246m5 Γöé[0m [38;5;249m*[0m[38;5;249m*[0m[38;5;249m[[0m[33m [0m[33mM[0m[33mA[0m[33mC[0m[33mH[0m[33mI[0m[33mN[0m[33mE[0m[33m [0m[33mR[0m[33mE[0m[33mA[0m[33mD[0m[33mA[0m[33mB[0m[33mL[0m[33mE[0m[33m [0m[33mI[0m[33m.[0m[33mP[0m[33m.[0m[33m [0m[33mP[0m[33mR[0m[33mO[0m[33mT[0m[33mO[0m[33mC[0m[33mO[0m[33mL[0m[33m:[0m[33m [0m[33mE[0m[33mP[0m[33mI[0m[33mS[0m[33mT[0m[33mE[0m[33mM[0m[33mI[0m[33mC[0m[33m [0m[33mQ[0m[33mU[0m[33mA[0m[33mR[0m[33mA[0m[33mN[0m[33mT[0m[33mI[0m[33mN[0m[33mE[0m[33m [0m[38;5;249m][0m[38;5;249m*[0m[38;5;249m*[0m
lint-and-audit	Build docs	2026-05-19T19:31:09.6905059Z  [38;5;240m  Γöé[0m    [33mΓöÇ[0m[33mΓöÇ[0m[33mΓöÇ[0m[33mΓöÇ[0m[33mΓöÇ[0m[33mΓöÇ[0m[33mΓöÇ[0m[33mΓöÇ[0m[33mΓöÇ[0m[33mΓöÇ[0m[33mΓöÇ[0m[33mΓöÇ[0m[33mΓöÇ[0m[33mΓöÇ[0m[33mΓöÇ[0m[33mΓöÇ[0m[33mΓöÇ[0m[33mΓöÇ[0m[33mΓöÇ[0m[33mΓöÇ[0m[33mΓöÇ[0m[33mΓöÇ[0m[33mΓöÇ[0m[33mΓöÇ[0m[33mΓöÇ[0m[33mΓöÇ[0m[33mΓöÇ[0m[33mΓö¼[0m[33mΓöÇ[0m[33mΓöÇ[0m[33mΓöÇ[0m[33mΓöÇ[0m[33mΓöÇ[0m[33mΓöÇ[0m[33mΓöÇ[0m[33mΓöÇ[0m[33mΓöÇ[0m[33mΓöÇ[0m[33mΓöÇ[0m[33mΓöÇ[0m[33mΓöÇ[0m[33mΓöÇ[0m[33mΓöÇ[0m[33mΓöÇ[0m[33mΓöÇ[0m[33mΓöÇ[0m[33mΓöÇ[0m[33mΓöÇ[0m[33mΓöÇ[0m[33mΓöÇ[0m[33mΓöÇ[0m[33mΓöÇ[0m[33mΓöÇ[0m[33mΓöÇ[0m  
lint-and-audit	Build docs	2026-05-19T19:31:09.6909761Z  [38;5;240m  Γöé[0m                               [33mΓò░[0m[33mΓöÇ[0m[33mΓöÇ[0m[33mΓöÇ[0m[33mΓöÇ[0m[33mΓöÇ[0m[33mΓöÇ[0m[33mΓöÇ[0m[33mΓöÇ[0m[33mΓöÇ[0m[33mΓöÇ[0m[33mΓöÇ[0m[33mΓöÇ[0m[33mΓöÇ[0m[33mΓöÇ[0m[33mΓöÇ[0m[33mΓöÇ[0m[33mΓöÇ[0m[33mΓöÇ[0m[33mΓöÇ[0m[33mΓöÇ[0m[33mΓöÇ[0m[33mΓöÇ[0m[33mΓöÇ[0m[33mΓöÇ[0m[33mΓöÇ[0m[33mΓöÇ[0m[33mΓöÇ[0m[33mΓöÇ[0m unresolved link reference
lint-and-audit	Build docs	2026-05-19T19:31:09.6911738Z [38;5;246mΓöÇΓöÇΓöÇΓò»[0m
lint-and-audit	Build docs	2026-05-19T19:31:09.6912263Z [33mWarning:[0m unresolved link reference
lint-and-audit	Build docs	2026-05-19T19:31:09.6913181Z    [38;5;246mΓò¡[0m[38;5;246mΓöÇ[0m[38;5;246m[[0m game_theory_and_markets.md:5:4 [38;5;246m][0m
lint-and-audit	Build docs	2026-05-19T19:31:09.6914574Z    [38;5;246mΓöé[0m
lint-and-audit	Build docs	2026-05-19T19:31:09.6918089Z  [38;5;246m5 Γöé[0m [38;5;249m*[0m[38;5;249m*[0m[38;5;249m[[0m[33m [0m[33mM[0m[33mA[0m[33mC[0m[33mH[0m[33mI[0m[33mN[0m[33mE[0m[33m [0m[33mR[0m[33mE[0m[33mA[0m[33mD[0m[33mA[0m[33mB[0m[33mL[0m[33mE[0m[33m [0m[33mI[0m[33m.[0m[33mP[0m[33m.[0m[33m [0m[33mP[0m[33mR[0m[33mO[0m[33mT[0m[33mO[0m[33mC[0m[33mO[0m[33mL[0m[33m:[0m[33m [0m[33mE[0m[33mP[0m[33mI[0m[33mS[0m[33mT[0m[33mE[0m[33mM[0m[33mI[0m[33mC[0m[33m [0m[33mQ[0m[33mU[0m[33mA[0m[33mR[0m[33mA[0m[33mN[0m[33mT[0m[33mI[0m[33mN[0m[33mE[0m[33m [0m[38;5;249m][0m[38;5;249m*[0m[38;5;249m*[0m
lint-and-audit	Build docs	2026-05-19T19:31:09.6924049Z  [38;5;240m  Γöé[0m    [33mΓöÇ[0m[33mΓöÇ[0m[33mΓöÇ[0m[33mΓöÇ[0m[33mΓöÇ[0m[33mΓöÇ[0m[33mΓöÇ[0m[33mΓöÇ[0m[33mΓöÇ[0m[33mΓöÇ[0m[33mΓöÇ[0m[33mΓöÇ[0m[33mΓöÇ[0m[33mΓöÇ[0m[33mΓöÇ[0m[33mΓöÇ[0m[33mΓöÇ[0m[33mΓöÇ[0m[33mΓöÇ[0m[33mΓöÇ[0m[33mΓöÇ[0m[33mΓöÇ[0m[33mΓöÇ[0m[33mΓöÇ[0m[33mΓöÇ[0m[33mΓöÇ[0m[33mΓöÇ[0m[33mΓö¼[0m[33mΓöÇ[0m[33mΓöÇ[0m[33mΓöÇ[0m[33mΓöÇ[0m[33mΓöÇ[0m[33mΓöÇ[0m[33mΓöÇ[0m[33mΓöÇ[0m[33mΓöÇ[0m[33mΓöÇ[0m[33mΓöÇ[0m[33mΓöÇ[0m[33mΓöÇ[0m[33mΓöÇ[0m[33mΓöÇ[0m[33mΓöÇ[0m[33mΓöÇ[0m[33mΓöÇ[0m[33mΓöÇ[0m[33mΓöÇ[0m[33mΓöÇ[0m[33mΓöÇ[0m[33mΓöÇ[0m[33mΓöÇ[0m[33mΓöÇ[0m[33mΓöÇ[0m  
lint-and-audit	Build docs	2026-05-19T19:31:09.6928870Z  [38;5;240m  Γöé[0m                               [33mΓò░[0m[33mΓöÇ[0m[33mΓöÇ[0m[33mΓöÇ[0m[33mΓöÇ[0m[33mΓöÇ[0m[33mΓöÇ[0m[33mΓöÇ[0m[33mΓöÇ[0m[33mΓöÇ[0m[33mΓöÇ[0m[33mΓöÇ[0m[33mΓöÇ[0m[33mΓöÇ[0m[33mΓöÇ[0m[33mΓöÇ[0m[33mΓöÇ[0m[33mΓöÇ[0m[33mΓöÇ[0m[33mΓöÇ[0m[33mΓöÇ[0m[33mΓöÇ[0m[33mΓöÇ[0m[33mΓöÇ[0m[33mΓöÇ[0m[33mΓöÇ[0m[33mΓöÇ[0m[33mΓöÇ[0m[33mΓöÇ[0m unresolved link reference
lint-and-audit	Build docs	2026-05-19T19:31:09.6930792Z [38;5;246mΓöÇΓöÇΓöÇΓò»[0m
lint-and-audit	Build docs	2026-05-19T19:31:09.6931420Z [33mWarning:[0m unresolved link reference
lint-and-audit	Build docs	2026-05-19T19:31:09.6932209Z    [38;5;246mΓò¡[0m[38;5;246mΓöÇ[0m[38;5;246m[[0m index.md:5:4 [38;5;246m][0m
lint-and-audit	Build docs	2026-05-19T19:31:09.6932977Z    [38;5;246mΓöé[0m
lint-and-audit	Build docs	2026-05-19T19:31:09.6936765Z  [38;5;246m5 Γöé[0m [38;5;249m*[0m[38;5;249m*[0m[38;5;249m[[0m[33m [0m[33mM[0m[33mA[0m[33mC[0m[33mH[0m[33mI[0m[33mN[0m[33mE[0m[33m [0m[33mR[0m[33mE[0m[33mA[0m[33mD[0m[33mA[0m[33mB[0m[33mL[0m[33mE[0m[33m [0m[33mI[0m[33m.[0m[33mP[0m[33m.[0m[33m [0m[33mP[0m[33mR[0m[33mO[0m[33mT[0m[33mO[0m[33mC[0m[33mO[0m[33mL[0m[33m:[0m[33m [0m[33mE[0m[33mP[0m[33mI[0m[33mS[0m[33mT[0m[33mE[0m[33mM[0m[33mI[0m[33mC[0m[33m [0m[33mQ[0m[33mU[0m[33mA[0m[33mR[0m[33mA[0m[33mN[0m[33mT[0m[33mI[0m[33mN[0m[33mE[0m[33m [0m[38;5;249m][0m[38;5;249m*[0m[38;5;249m*[0m
lint-and-audit	Build docs	2026-05-19T19:31:09.6942469Z  [38;5;240m  Γöé[0m    [33mΓöÇ[0m[33mΓöÇ[0m[33mΓöÇ[0m[33mΓöÇ[0m[33mΓöÇ[0m[33mΓöÇ[0m[33mΓöÇ[0m[33mΓöÇ[0m[33mΓöÇ[0m[33mΓöÇ[0m[33mΓöÇ[0m[33mΓöÇ[0m[33mΓöÇ[0m[33mΓöÇ[0m[33mΓöÇ[0m[33mΓöÇ[0m[33mΓöÇ[0m[33mΓöÇ[0m[33mΓöÇ[0m[33mΓöÇ[0m[33mΓöÇ[0m[33mΓöÇ[0m[33mΓöÇ[0m[33mΓöÇ[0m[33mΓöÇ[0m[33mΓöÇ[0m[33mΓöÇ[0m[33mΓö¼[0m[33mΓöÇ[0m[33mΓöÇ[0m[33mΓöÇ[0m[33mΓöÇ[0m[33mΓöÇ[0m[33mΓöÇ[0m[33mΓöÇ[0m[33mΓöÇ[0m[33mΓöÇ[0m[33mΓöÇ[0m[33mΓöÇ[0m[33mΓöÇ[0m[33mΓöÇ[0m[33mΓöÇ[0m[33mΓöÇ[0m[33mΓöÇ[0m[33mΓöÇ[0m[33mΓöÇ[0m[33mΓöÇ[0m[33mΓöÇ[0m[33mΓöÇ[0m[33mΓöÇ[0m[33mΓöÇ[0m[33mΓöÇ[0m[33mΓöÇ[0m[33mΓöÇ[0m  
lint-and-audit	Build docs	2026-05-19T19:31:09.6947223Z  [38;5;240m  Γöé[0m                               [33mΓò░[0m[33mΓöÇ[0m[33mΓöÇ[0m[33mΓöÇ[0m[33mΓöÇ[0m[33mΓöÇ[0m[33mΓöÇ[0m[33mΓöÇ[0m[33mΓöÇ[0m[33mΓöÇ[0m[33mΓöÇ[0m[33mΓöÇ[0m[33mΓöÇ[0m[33mΓöÇ[0m[33mΓöÇ[0m[33mΓöÇ[0m[33mΓöÇ[0m[33mΓöÇ[0m[33mΓöÇ[0m[33mΓöÇ[0m[33mΓöÇ[0m[33mΓöÇ[0m[33mΓöÇ[0m[33mΓöÇ[0m[33mΓöÇ[0m[33mΓöÇ[0m[33mΓöÇ[0m[33mΓöÇ[0m[33mΓöÇ[0m unresolved link reference
lint-and-audit	Build docs	2026-05-19T19:31:09.6949338Z [38;5;246mΓöÇΓöÇΓöÇΓò»[0m
lint-and-audit	Build docs	2026-05-19T19:31:09.6949949Z [33mWarning:[0m unresolved link reference
lint-and-audit	Build docs	2026-05-19T19:31:09.6950772Z    [38;5;246mΓò¡[0m[38;5;246mΓöÇ[0m[38;5;246m[[0m manifesto.md:5:4 [38;5;246m][0m
lint-and-audit	Build docs	2026-05-19T19:31:09.6951525Z    [38;5;246mΓöé[0m
lint-and-audit	Build docs	2026-05-19T19:31:09.6955423Z  [38;5;246m5 Γöé[0m [38;5;249m*[0m[38;5;249m*[0m[38;5;249m[[0m[33m [0m[33mM[0m[33mA[0m[33mC[0m[33mH[0m[33mI[0m[33mN[0m[33mE[0m[33m [0m[33mR[0m[33mE[0m[33mA[0m[33mD[0m[33mA[0m[33mB[0m[33mL[0m[33mE[0m[33m [0m[33mI[0m[33m.[0m[33mP[0m[33m.[0m[33m [0m[33mP[0m[33mR[0m[33mO[0m[33mT[0m[33mO[0m[33mC[0m[33mO[0m[33mL[0m[33m:[0m[33m [0m[33mE[0m[33mP[0m[33mI[0m[33mS[0m[33mT[0m[33mE[0m[33mM[0m[33mI[0m[33mC[0m[33m [0m[33mQ[0m[33mU[0m[33mA[0m[33mR[0m[33mA[0m[33mN[0m[33mT[0m[33mI[0m[33mN[0m[33mE[0m[33m [0m[38;5;249m][0m[38;5;249m*[0m[38;5;249m*[0m
lint-and-audit	Build docs	2026-05-19T19:31:09.6961409Z  [38;5;240m  Γöé[0m    [33mΓöÇ[0m[33mΓöÇ[0m[33mΓöÇ[0m[33mΓöÇ[0m[33mΓöÇ[0m[33mΓöÇ[0m[33mΓöÇ[0m[33mΓöÇ[0m[33mΓöÇ[0m[33mΓöÇ[0m[33mΓöÇ[0m[33mΓöÇ[0m[33mΓöÇ[0m[33mΓöÇ[0m[33mΓöÇ[0m[33mΓöÇ[0m[33mΓöÇ[0m[33mΓöÇ[0m[33mΓöÇ[0m[33mΓöÇ[0m[33mΓöÇ[0m[33mΓöÇ[0m[33mΓöÇ[0m[33mΓöÇ[0m[33mΓöÇ[0m[33mΓöÇ[0m[33mΓöÇ[0m[33mΓö¼[0m[33mΓöÇ[0m[33mΓöÇ[0m[33mΓöÇ[0m[33mΓöÇ[0m[33mΓöÇ[0m[33mΓöÇ[0m[33mΓöÇ[0m[33mΓöÇ[0m[33mΓöÇ[0m[33mΓöÇ[0m[33mΓöÇ[0m[33mΓöÇ[0m[33mΓöÇ[0m[33mΓöÇ[0m[33mΓöÇ[0m[33mΓöÇ[0m[33mΓöÇ[0m[33mΓöÇ[0m[33mΓöÇ[0m[33mΓöÇ[0m[33mΓöÇ[0m[33mΓöÇ[0m[33mΓöÇ[0m[33mΓöÇ[0m[33mΓöÇ[0m[33mΓöÇ[0m  
lint-and-audit	Build docs	2026-05-19T19:31:09.6966050Z  [38;5;240m  Γöé[0m                               [33mΓò░[0m[33mΓöÇ[0m[33mΓöÇ[0m[33mΓöÇ[0m[33mΓöÇ[0m[33mΓöÇ[0m[33mΓöÇ[0m[33mΓöÇ[0m[33mΓöÇ[0m[33mΓöÇ[0m[33mΓöÇ[0m[33mΓöÇ[0m[33mΓöÇ[0m[33mΓöÇ[0m[33mΓöÇ[0m[33mΓöÇ[0m[33mΓöÇ[0m[33mΓöÇ[0m[33mΓöÇ[0m[33mΓöÇ[0m[33mΓöÇ[0m[33mΓöÇ[0m[33mΓöÇ[0m[33mΓöÇ[0m[33mΓöÇ[0m[33mΓöÇ[0m[33mΓöÇ[0m[33mΓöÇ[0m[33mΓöÇ[0m unresolved link reference
lint-and-audit	Build docs	2026-05-19T19:31:09.6968013Z [38;5;246mΓöÇΓöÇΓöÇΓò»[0m
lint-and-audit	Build docs	2026-05-19T19:31:09.6968632Z [33mWarning:[0m unresolved link reference
lint-and-audit	Build docs	2026-05-19T19:31:09.6969631Z    [38;5;246mΓò¡[0m[38;5;246mΓöÇ[0m[38;5;246m[[0m sovereign_mcp_registry.md:5:4 [38;5;246m][0m
lint-and-audit	Build docs	2026-05-19T19:31:09.6970404Z    [38;5;246mΓöé[0m
lint-and-audit	Build docs	2026-05-19T19:31:09.6974186Z  [38;5;246m5 Γöé[0m [38;5;249m*[0m[38;5;249m*[0m[38;5;249m[[0m[33m [0m[33mM[0m[33mA[0m[33mC[0m[33mH[0m[33mI[0m[33mN[0m[33mE[0m[33m [0m[33mR[0m[33mE[0m[33mA[0m[33mD[0m[33mA[0m[33mB[0m[33mL[0m[33mE[0m[33m [0m[33mI[0m[33m.[0m[33mP[0m[33m.[0m[33m [0m[33mP[0m[33mR[0m[33mO[0m[33mT[0m[33mO[0m[33mC[0m[33mO[0m[33mL[0m[33m:[0m[33m [0m[33mE[0m[33mP[0m[33mI[0m[33mS[0m[33mT[0m[33mE[0m[33mM[0m[33mI[0m[33mC[0m[33m [0m[33mQ[0m[33mU[0m[33mA[0m[33mR[0m[33mA[0m[33mN[0m[33mT[0m[33mI[0m[33mN[0m[33mE[0m[33m [0m[38;5;249m][0m[38;5;249m*[0m[38;5;249m*[0m
lint-and-audit	Build docs	2026-05-19T19:31:09.6980238Z  [38;5;240m  Γöé[0m    [33mΓöÇ[0m[33mΓöÇ[0m[33mΓöÇ[0m[33mΓöÇ[0m[33mΓöÇ[0m[33mΓöÇ[0m[33mΓöÇ[0m[33mΓöÇ[0m[33mΓöÇ[0m[33mΓöÇ[0m[33mΓöÇ[0m[33mΓöÇ[0m[33mΓöÇ[0m[33mΓöÇ[0m[33mΓöÇ[0m[33mΓöÇ[0m[33mΓöÇ[0m[33mΓöÇ[0m[33mΓöÇ[0m[33mΓöÇ[0m[33mΓöÇ[0m[33mΓöÇ[0m[33mΓöÇ[0m[33mΓöÇ[0m[33mΓöÇ[0m[33mΓöÇ[0m[33mΓöÇ[0m[33mΓö¼[0m[33mΓöÇ[0m[33mΓöÇ[0m[33mΓöÇ[0m[33mΓöÇ[0m[33mΓöÇ[0m[33mΓöÇ[0m[33mΓöÇ[0m[33mΓöÇ[0m[33mΓöÇ[0m[33mΓöÇ[0m[33mΓöÇ[0m[33mΓöÇ[0m[33mΓöÇ[0m[33mΓöÇ[0m[33mΓöÇ[0m[33mΓöÇ[0m[33mΓöÇ[0m[33mΓöÇ[0m[33mΓöÇ[0m[33mΓöÇ[0m[33mΓöÇ[0m[33mΓöÇ[0m[33mΓöÇ[0m[33mΓöÇ[0m[33mΓöÇ[0m[33mΓöÇ[0m  
lint-and-audit	Build docs	2026-05-19T19:31:09.6984899Z  [38;5;240m  Γöé[0m                               [33mΓò░[0m[33mΓöÇ[0m[33mΓöÇ[0m[33mΓöÇ[0m[33mΓöÇ[0m[33mΓöÇ[0m[33mΓöÇ[0m[33mΓöÇ[0m[33mΓöÇ[0m[33mΓöÇ[0m[33mΓöÇ[0m[33mΓöÇ[0m[33mΓöÇ[0m[33mΓöÇ[0m[33mΓöÇ[0m[33mΓöÇ[0m[33mΓöÇ[0m[33mΓöÇ[0m[33mΓöÇ[0m[33mΓöÇ[0m[33mΓöÇ[0m[33mΓöÇ[0m[33mΓöÇ[0m[33mΓöÇ[0m[33mΓöÇ[0m[33mΓöÇ[0m[33mΓöÇ[0m[33mΓöÇ[0m[33mΓöÇ[0m unresolved link reference
lint-and-audit	Build docs	2026-05-19T19:31:09.6986918Z [38;5;246mΓöÇΓöÇΓöÇΓò»[0m
lint-and-audit	Build docs	2026-05-19T19:31:09.6987472Z [33mWarning:[0m unresolved link reference
lint-and-audit	Build docs	2026-05-19T19:31:09.6988416Z    [38;5;246mΓò¡[0m[38;5;246mΓöÇ[0m[38;5;246m[[0m thermodynamic_provisioning.md:5:4 [38;5;246m][0m
lint-and-audit	Build docs	2026-05-19T19:31:09.6989339Z    [38;5;246mΓöé[0m
lint-and-audit	Build docs	2026-05-19T19:31:09.6992766Z  [38;5;246m5 Γöé[0m [38;5;249m*[0m[38;5;249m*[0m[38;5;249m[[0m[33m [0m[33mM[0m[33mA[0m[33mC[0m[33mH[0m[33mI[0m[33mN[0m[33mE[0m[33m [0m[33mR[0m[33mE[0m[33mA[0m[33mD[0m[33mA[0m[33mB[0m[33mL[0m[33mE[0m[33m [0m[33mI[0m[33m.[0m[33mP[0m[33m.[0m[33m [0m[33mP[0m[33mR[0m[33mO[0m[33mT[0m[33mO[0m[33mC[0m[33mO[0m[33mL[0m[33m:[0m[33m [0m[33mE[0m[33mP[0m[33mI[0m[33mS[0m[33mT[0m[33mE[0m[33mM[0m[33mI[0m[33mC[0m[33m [0m[33mQ[0m[33mU[0m[33mA[0m[33mR[0m[33mA[0m[33mN[0m[33mT[0m[33mI[0m[33mN[0m[33mE[0m[33m [0m[38;5;249m][0m[38;5;249m*[0m[38;5;249m*[0m
lint-and-audit	Build docs	2026-05-19T19:31:09.6999032Z  [38;5;240m  Γöé[0m    [33mΓöÇ[0m[33mΓöÇ[0m[33mΓöÇ[0m[33mΓöÇ[0m[33mΓöÇ[0m[33mΓöÇ[0m[33mΓöÇ[0m[33mΓöÇ[0m[33mΓöÇ[0m[33mΓöÇ[0m[33mΓöÇ[0m[33mΓöÇ[0m[33mΓöÇ[0m[33mΓöÇ[0m[33mΓöÇ[0m[33mΓöÇ[0m[33mΓöÇ[0m[33mΓöÇ[0m[33mΓöÇ[0m[33mΓöÇ[0m[33mΓöÇ[0m[33mΓöÇ[0m[33mΓöÇ[0m[33mΓöÇ[0m[33mΓöÇ[0m[33mΓöÇ[0m[33mΓöÇ[0m[33mΓö¼[0m[33mΓöÇ[0m[33mΓöÇ[0m[33mΓöÇ[0m[33mΓöÇ[0m[33mΓöÇ[0m[33mΓöÇ[0m[33mΓöÇ[0m[33mΓöÇ[0m[33mΓöÇ[0m[33mΓöÇ[0m[33mΓöÇ[0m[33mΓöÇ[0m[33mΓöÇ[0m[33mΓöÇ[0m[33mΓöÇ[0m[33mΓöÇ[0m[33mΓöÇ[0m[33mΓöÇ[0m[33mΓöÇ[0m[33mΓöÇ[0m[33mΓöÇ[0m[33mΓöÇ[0m[33mΓöÇ[0m[33mΓöÇ[0m[33mΓöÇ[0m[33mΓöÇ[0m  
lint-and-audit	Build docs	2026-05-19T19:31:09.7003295Z  [38;5;240m  Γöé[0m                               [33mΓò░[0m[33mΓöÇ[0m[33mΓöÇ[0m[33mΓöÇ[0m[33mΓöÇ[0m[33mΓöÇ[0m[33mΓöÇ[0m[33mΓöÇ[0m[33mΓöÇ[0m[33mΓöÇ[0m[33mΓöÇ[0m[33mΓöÇ[0m[33mΓöÇ[0m[33mΓöÇ[0m[33mΓöÇ[0m[33mΓöÇ[0m[33mΓöÇ[0m[33mΓöÇ[0m[33mΓöÇ[0m[33mΓöÇ[0m[33mΓöÇ[0m[33mΓöÇ[0m[33mΓöÇ[0m[33mΓöÇ[0m[33mΓöÇ[0m[33mΓöÇ[0m[33mΓöÇ[0m[33mΓöÇ[0m[33mΓöÇ[0m unresolved link reference
lint-and-audit	Build docs	2026-05-19T19:31:09.7005497Z [38;5;246mΓöÇΓöÇΓöÇΓò»[0m
lint-and-audit	Build docs	2026-05-19T19:31:09.7006172Z [33mWarning:[0m unresolved link reference
lint-and-audit	Build docs	2026-05-19T19:31:09.7007180Z    [38;5;246mΓò¡[0m[38;5;246mΓöÇ[0m[38;5;246m[[0m topological_data_analysis.md:5:4 [38;5;246m][0m
lint-and-audit	Build docs	2026-05-19T19:31:09.7007963Z    [38;5;246mΓöé[0m
lint-and-audit	Build docs	2026-05-19T19:31:09.7011646Z  [38;5;246m5 Γöé[0m [38;5;249m*[0m[38;5;249m*[0m[38;5;249m[[0m[33m [0m[33mM[0m[33mA[0m[33mC[0m[33mH[0m[33mI[0m[33mN[0m[33mE[0m[33m [0m[33mR[0m[33mE[0m[33mA[0m[33mD[0m[33mA[0m[33mB[0m[33mL[0m[33mE[0m[33m [0m[33mI[0m[33m.[0m[33mP[0m[33m.[0m[33m [0m[33mP[0m[33mR[0m[33mO[0m[33mT[0m[33mO[0m[33mC[0m[33mO[0m[33mL[0m[33m:[0m[33m [0m[33mE[0m[33mP[0m[33mI[0m[33mS[0m[33mT[0m[33mE[0m[33mM[0m[33mI[0m[33mC[0m[33m [0m[33mQ[0m[33mU[0m[33mA[0m[33mR[0m[33mA[0m[33mN[0m[33mT[0m[33mI[0m[33mN[0m[33mE[0m[33m [0m[38;5;249m][0m[38;5;249m*[0m[38;5;249m*[0m
lint-and-audit	Build docs	2026-05-19T19:31:09.7018244Z  [38;5;240m  Γöé[0m    [33mΓöÇ[0m[33mΓöÇ[0m[33mΓöÇ[0m[33mΓöÇ[0m[33mΓöÇ[0m[33mΓöÇ[0m[33mΓöÇ[0m[33mΓöÇ[0m[33mΓöÇ[0m[33mΓöÇ[0m[33mΓöÇ[0m[33mΓöÇ[0m[33mΓöÇ[0m[33mΓöÇ[0m[33mΓöÇ[0m[33mΓöÇ[0m[33mΓöÇ[0m[33mΓöÇ[0m[33mΓöÇ[0m[33mΓöÇ[0m[33mΓöÇ[0m[33mΓöÇ[0m[33mΓöÇ[0m[33mΓöÇ[0m[33mΓöÇ[0m[33mΓöÇ[0m[33mΓöÇ[0m[33mΓö¼[0m[33mΓöÇ[0m[33mΓöÇ[0m[33mΓöÇ[0m[33mΓöÇ[0m[33mΓöÇ[0m[33mΓöÇ[0m[33mΓöÇ[0m[33mΓöÇ[0m[33mΓöÇ[0m[33mΓöÇ[0m[33mΓöÇ[0m[33mΓöÇ[0m[33mΓöÇ[0m[33mΓöÇ[0m[33mΓöÇ[0m[33mΓöÇ[0m[33mΓöÇ[0m[33mΓöÇ[0m[33mΓöÇ[0m[33mΓöÇ[0m[33mΓöÇ[0m[33mΓöÇ[0m[33mΓöÇ[0m[33mΓöÇ[0m[33mΓöÇ[0m[33mΓöÇ[0m  
lint-and-audit	Build docs	2026-05-19T19:31:09.7022958Z  [38;5;240m  Γöé[0m                               [33mΓò░[0m[33mΓöÇ[0m[33mΓöÇ[0m[33mΓöÇ[0m[33mΓöÇ[0m[33mΓöÇ[0m[33mΓöÇ[0m[33mΓöÇ[0m[33mΓöÇ[0m[33mΓöÇ[0m[33mΓöÇ[0m[33mΓöÇ[0m[33mΓöÇ[0m[33mΓöÇ[0m[33mΓöÇ[0m[33mΓöÇ[0m[33mΓöÇ[0m[33mΓöÇ[0m[33mΓöÇ[0m[33mΓöÇ[0m[33mΓöÇ[0m[33mΓöÇ[0m[33mΓöÇ[0m[33mΓöÇ[0m[33mΓöÇ[0m[33mΓöÇ[0m[33mΓöÇ[0m[33mΓöÇ[0m[33mΓöÇ[0m unresolved link reference
lint-and-audit	Build docs	2026-05-19T19:31:09.7025388Z [38;5;246mΓöÇΓöÇΓöÇΓò»[0m
lint-and-audit	Build docs	2026-05-19T19:31:09.7026051Z [33mWarning:[0m unresolved link reference
lint-and-audit	Build docs	2026-05-19T19:31:09.7027214Z    [38;5;246mΓò¡[0m[38;5;246mΓöÇ[0m[38;5;246m[[0m zero_trust_federation.md:5:4 [38;5;246m][0m
lint-and-audit	Build docs	2026-05-19T19:31:09.7028199Z    [38;5;246mΓöé[0m
lint-and-audit	Build docs	2026-05-19T19:31:09.7031833Z  [38;5;246m5 Γöé[0m [38;5;249m*[0m[38;5;249m*[0m[38;5;249m[[0m[33m [0m[33mM[0m[33mA[0m[33mC[0m[33mH[0m[33mI[0m[33mN[0m[33mE[0m[33m [0m[33mR[0m[33mE[0m[33mA[0m[33mD[0m[33mA[0m[33mB[0m[33mL[0m[33mE[0m[33m [0m[33mI[0m[33m.[0m[33mP[0m[33m.[0m[33m [0m[33mP[0m[33mR[0m[33mO[0m[33mT[0m[33mO[0m[33mC[0m[33mO[0m[33mL[0m[33m:[0m[33m [0m[33mE[0m[33mP[0m[33mI[0m[33mS[0m[33mT[0m[33mE[0m[33mM[0m[33mI[0m[33mC[0m[33m [0m[33mQ[0m[33mU[0m[33mA[0m[33mR[0m[33mA[0m[33mN[0m[33mT[0m[33mI[0m[33mN[0m[33mE[0m[33m [0m[38;5;249m][0m[38;5;249m*[0m[38;5;249m*[0m
lint-and-audit	Build docs	2026-05-19T19:31:09.7038480Z  [38;5;240m  Γöé[0m    [33mΓöÇ[0m[33mΓöÇ[0m[33mΓöÇ[0m[33mΓöÇ[0m[33mΓöÇ[0m[33mΓöÇ[0m[33mΓöÇ[0m[33mΓöÇ[0m[33mΓöÇ[0m[33mΓöÇ[0m[33mΓöÇ[0m[33mΓöÇ[0m[33mΓöÇ[0m[33mΓöÇ[0m[33mΓöÇ[0m[33mΓöÇ[0m[33mΓöÇ[0m[33mΓöÇ[0m[33mΓöÇ[0m[33mΓöÇ[0m[33mΓöÇ[0m[33mΓöÇ[0m[33mΓöÇ[0m[33mΓöÇ[0m[33mΓöÇ[0m[33mΓöÇ[0m[33mΓöÇ[0m[33mΓö¼[0m[33mΓöÇ[0m[33mΓöÇ[0m[33mΓöÇ[0m[33mΓöÇ[0m[33mΓöÇ[0m[33mΓöÇ[0m[33mΓöÇ[0m[33mΓöÇ[0m[33mΓöÇ[0m[33mΓöÇ[0m[33mΓöÇ[0m[33mΓöÇ[0m[33mΓöÇ[0m[33mΓöÇ[0m[33mΓöÇ[0m[33mΓöÇ[0m[33mΓöÇ[0m[33mΓöÇ[0m[33mΓöÇ[0m[33mΓöÇ[0m[33mΓöÇ[0m[33mΓöÇ[0m[33mΓöÇ[0m[33mΓöÇ[0m[33mΓöÇ[0m[33mΓöÇ[0m  
lint-and-audit	Build docs	2026-05-19T19:31:09.7065129Z  [38;5;240m  Γöé[0m                               [33mΓò░[0m[33mΓöÇ[0m[33mΓöÇ[0m[33mΓöÇ[0m[33mΓöÇ[0m[33mΓöÇ[0m[33mΓöÇ[0m[33mΓöÇ[0m[33mΓöÇ[0m[33mΓöÇ[0m[33mΓöÇ[0m[33mΓöÇ[0m[33mΓöÇ[0m[33mΓöÇ[0m[33mΓöÇ[0m[33mΓöÇ[0m[33mΓöÇ[0m[33mΓöÇ[0m[33mΓöÇ[0m[33mΓöÇ[0m[33mΓöÇ[0m[33mΓöÇ[0m[33mΓöÇ[0m[33mΓöÇ[0m[33mΓöÇ[0m[33mΓöÇ[0m[33mΓöÇ[0m[33mΓöÇ[0m[33mΓöÇ[0m unresolved link reference
lint-and-audit	Build docs	2026-05-19T19:31:09.7067999Z [38;5;246mΓöÇΓöÇΓöÇΓò»[0m
lint-and-audit	Build docs	2026-05-19T19:31:09.7068924Z 11 issues found
lint-and-audit	Build docs	2026-05-19T19:31:09.7137459Z Build finished in 0.62s
lint-and-audit	Post Install uv	∩╗┐2026-05-19T19:31:09.8736428Z Post job cleanup.
lint-and-audit	Post Install uv	2026-05-19T19:31:10.0037989Z UV_CACHE_DIR is already set to /home/runner/work/_temp/setup-uv-cache
lint-and-audit	Post Install uv	2026-05-19T19:31:10.0044274Z UV_PYTHON_INSTALL_DIR is already set to /home/runner/work/_temp/uv-python-dir
lint-and-audit	Post Install uv	2026-05-19T19:31:10.0047862Z Cache hit occurred on key setup-uv-2-x86_64-unknown-linux-gnu-ubuntu-24.04-3.14-pruned-102ddb1183d74f1d9c53f9373996e3fe0c7009f59974224786176253564c5f6e, not saving cache.
lint-and-audit	Post Checkout coreason-manifest	∩╗┐2026-05-19T19:31:10.0697695Z Post job cleanup.
lint-and-audit	Post Checkout coreason-manifest	2026-05-19T19:31:10.1629528Z [command]/usr/bin/git version
lint-and-audit	Post Checkout coreason-manifest	2026-05-19T19:31:10.1686338Z git version 2.54.0
lint-and-audit	Post Checkout coreason-manifest	2026-05-19T19:31:10.1737640Z Temporarily overriding HOME='/home/runner/work/_temp/e259f09d-b7ae-4f17-b8cf-b3975003623b' before making global git config changes
lint-and-audit	Post Checkout coreason-manifest	2026-05-19T19:31:10.1739015Z Adding repository directory to the temporary git global config as a safe directory
lint-and-audit	Post Checkout coreason-manifest	2026-05-19T19:31:10.1745654Z [command]/usr/bin/git config --global --add safe.directory /home/runner/work/coreason-ecosystem/coreason-ecosystem/coreason-manifest
lint-and-audit	Post Checkout coreason-manifest	2026-05-19T19:31:10.1786114Z Removing SSH command configuration
lint-and-audit	Post Checkout coreason-manifest	2026-05-19T19:31:10.1795180Z [command]/usr/bin/git config --local --name-only --get-regexp core\.sshCommand
lint-and-audit	Post Checkout coreason-manifest	2026-05-19T19:31:10.1842122Z [command]/usr/bin/git submodule foreach --recursive sh -c "git config --local --name-only --get-regexp 'core\.sshCommand' && git config --local --unset-all 'core.sshCommand' || :"
lint-and-audit	Post Checkout coreason-manifest	2026-05-19T19:31:10.2149974Z Removing HTTP extra header
lint-and-audit	Post Checkout coreason-manifest	2026-05-19T19:31:10.2157532Z [command]/usr/bin/git config --local --name-only --get-regexp http\.https\:\/\/github\.com\/\.extraheader
lint-and-audit	Post Checkout coreason-manifest	2026-05-19T19:31:10.2200837Z [command]/usr/bin/git submodule foreach --recursive sh -c "git config --local --name-only --get-regexp 'http\.https\:\/\/github\.com\/\.extraheader' && git config --local --unset-all 'http.https://github.com/.extraheader' || :"
lint-and-audit	Post Checkout coreason-manifest	2026-05-19T19:31:10.2479959Z Removing includeIf entries pointing to credentials config files
lint-and-audit	Post Checkout coreason-manifest	2026-05-19T19:31:10.2488466Z [command]/usr/bin/git config --local --name-only --get-regexp ^includeIf\.gitdir:
lint-and-audit	Post Checkout coreason-manifest	2026-05-19T19:31:10.2522033Z includeif.gitdir:/home/runner/work/coreason-ecosystem/coreason-ecosystem/coreason-manifest/.git.path
lint-and-audit	Post Checkout coreason-manifest	2026-05-19T19:31:10.2523733Z includeif.gitdir:/home/runner/work/coreason-ecosystem/coreason-ecosystem/coreason-manifest/.git/worktrees/*.path
lint-and-audit	Post Checkout coreason-manifest	2026-05-19T19:31:10.2525061Z includeif.gitdir:/github/workspace/coreason-manifest/.git.path
lint-and-audit	Post Checkout coreason-manifest	2026-05-19T19:31:10.2525857Z includeif.gitdir:/github/workspace/coreason-manifest/.git/worktrees/*.path
lint-and-audit	Post Checkout coreason-manifest	2026-05-19T19:31:10.2533284Z [command]/usr/bin/git config --local --get-all includeif.gitdir:/home/runner/work/coreason-ecosystem/coreason-ecosystem/coreason-manifest/.git.path
lint-and-audit	Post Checkout coreason-manifest	2026-05-19T19:31:10.2567039Z /home/runner/work/_temp/git-credentials-39041175-966a-4d89-818c-4d5b6af67fdf.config
lint-and-audit	Post Checkout coreason-manifest	2026-05-19T19:31:10.2580061Z [command]/usr/bin/git config --local --unset includeif.gitdir:/home/runner/work/coreason-ecosystem/coreason-ecosystem/coreason-manifest/.git.path /home/runner/work/_temp/git-credentials-39041175-966a-4d89-818c-4d5b6af67fdf.config
lint-and-audit	Post Checkout coreason-manifest	2026-05-19T19:31:10.2628969Z [command]/usr/bin/git config --local --get-all includeif.gitdir:/home/runner/work/coreason-ecosystem/coreason-ecosystem/coreason-manifest/.git/worktrees/*.path
lint-and-audit	Post Checkout coreason-manifest	2026-05-19T19:31:10.2659261Z /home/runner/work/_temp/git-credentials-39041175-966a-4d89-818c-4d5b6af67fdf.config
lint-and-audit	Post Checkout coreason-manifest	2026-05-19T19:31:10.2674369Z [command]/usr/bin/git config --local --unset includeif.gitdir:/home/runner/work/coreason-ecosystem/coreason-ecosystem/coreason-manifest/.git/worktrees/*.path /home/runner/work/_temp/git-credentials-39041175-966a-4d89-818c-4d5b6af67fdf.config
lint-and-audit	Post Checkout coreason-manifest	2026-05-19T19:31:10.2723974Z [command]/usr/bin/git config --local --get-all includeif.gitdir:/github/workspace/coreason-manifest/.git.path
lint-and-audit	Post Checkout coreason-manifest	2026-05-19T19:31:10.2753047Z /github/runner_temp/git-credentials-39041175-966a-4d89-818c-4d5b6af67fdf.config
lint-and-audit	Post Checkout coreason-manifest	2026-05-19T19:31:10.2765616Z [command]/usr/bin/git config --local --unset includeif.gitdir:/github/workspace/coreason-manifest/.git.path /github/runner_temp/git-credentials-39041175-966a-4d89-818c-4d5b6af67fdf.config
lint-and-audit	Post Checkout coreason-manifest	2026-05-19T19:31:10.2808501Z [command]/usr/bin/git config --local --get-all includeif.gitdir:/github/workspace/coreason-manifest/.git/worktrees/*.path
lint-and-audit	Post Checkout coreason-manifest	2026-05-19T19:31:10.2836316Z /github/runner_temp/git-credentials-39041175-966a-4d89-818c-4d5b6af67fdf.config
lint-and-audit	Post Checkout coreason-manifest	2026-05-19T19:31:10.2846966Z [command]/usr/bin/git config --local --unset includeif.gitdir:/github/workspace/coreason-manifest/.git/worktrees/*.path /github/runner_temp/git-credentials-39041175-966a-4d89-818c-4d5b6af67fdf.config
lint-and-audit	Post Checkout coreason-manifest	2026-05-19T19:31:10.2888713Z [command]/usr/bin/git submodule foreach --recursive git config --local --show-origin --name-only --get-regexp remote.origin.url
lint-and-audit	Post Checkout coreason-manifest	2026-05-19T19:31:10.3167219Z Removing credentials config '/home/runner/work/_temp/git-credentials-39041175-966a-4d89-818c-4d5b6af67fdf.config'
lint-and-audit	Post Run actions/checkout@v6.0.2	∩╗┐2026-05-19T19:31:10.3374452Z Post job cleanup.
lint-and-audit	Post Run actions/checkout@v6.0.2	2026-05-19T19:31:10.4299383Z [command]/usr/bin/git version
lint-and-audit	Post Run actions/checkout@v6.0.2	2026-05-19T19:31:10.4342237Z git version 2.54.0
lint-and-audit	Post Run actions/checkout@v6.0.2	2026-05-19T19:31:10.4392085Z Temporarily overriding HOME='/home/runner/work/_temp/ab9eda69-c2f9-4d8e-b917-83102bb5ddbf' before making global git config changes
lint-and-audit	Post Run actions/checkout@v6.0.2	2026-05-19T19:31:10.4394078Z Adding repository directory to the temporary git global config as a safe directory
lint-and-audit	Post Run actions/checkout@v6.0.2	2026-05-19T19:31:10.4400263Z [command]/usr/bin/git config --global --add safe.directory /home/runner/work/coreason-ecosystem/coreason-ecosystem
lint-and-audit	Post Run actions/checkout@v6.0.2	2026-05-19T19:31:10.4440994Z Removing SSH command configuration
lint-and-audit	Post Run actions/checkout@v6.0.2	2026-05-19T19:31:10.4449818Z [command]/usr/bin/git config --local --name-only --get-regexp core\.sshCommand
lint-and-audit	Post Run actions/checkout@v6.0.2	2026-05-19T19:31:10.4494626Z [command]/usr/bin/git submodule foreach --recursive sh -c "git config --local --name-only --get-regexp 'core\.sshCommand' && git config --local --unset-all 'core.sshCommand' || :"
lint-and-audit	Post Run actions/checkout@v6.0.2	2026-05-19T19:31:10.4784772Z Removing HTTP extra header
lint-and-audit	Post Run actions/checkout@v6.0.2	2026-05-19T19:31:10.4791010Z [command]/usr/bin/git config --local --name-only --get-regexp http\.https\:\/\/github\.com\/\.extraheader
lint-and-audit	Post Run actions/checkout@v6.0.2	2026-05-19T19:31:10.4840597Z [command]/usr/bin/git submodule foreach --recursive sh -c "git config --local --name-only --get-regexp 'http\.https\:\/\/github\.com\/\.extraheader' && git config --local --unset-all 'http.https://github.com/.extraheader' || :"
lint-and-audit	Post Run actions/checkout@v6.0.2	2026-05-19T19:31:10.5114957Z Removing includeIf entries pointing to credentials config files
lint-and-audit	Post Run actions/checkout@v6.0.2	2026-05-19T19:31:10.5122507Z [command]/usr/bin/git config --local --name-only --get-regexp ^includeIf\.gitdir:
lint-and-audit	Post Run actions/checkout@v6.0.2	2026-05-19T19:31:10.5151861Z includeif.gitdir:/home/runner/work/coreason-ecosystem/coreason-ecosystem/.git.path
lint-and-audit	Post Run actions/checkout@v6.0.2	2026-05-19T19:31:10.5152863Z includeif.gitdir:/home/runner/work/coreason-ecosystem/coreason-ecosystem/.git/worktrees/*.path
lint-and-audit	Post Run actions/checkout@v6.0.2	2026-05-19T19:31:10.5153738Z includeif.gitdir:/github/workspace/.git.path
lint-and-audit	Post Run actions/checkout@v6.0.2	2026-05-19T19:31:10.5154114Z includeif.gitdir:/github/workspace/.git/worktrees/*.path
lint-and-audit	Post Run actions/checkout@v6.0.2	2026-05-19T19:31:10.5163275Z [command]/usr/bin/git config --local --get-all includeif.gitdir:/home/runner/work/coreason-ecosystem/coreason-ecosystem/.git.path
lint-and-audit	Post Run actions/checkout@v6.0.2	2026-05-19T19:31:10.5197172Z /home/runner/work/_temp/git-credentials-58eca1f4-ed94-41d0-a51f-252d385efb24.config
lint-and-audit	Post Run actions/checkout@v6.0.2	2026-05-19T19:31:10.5210863Z [command]/usr/bin/git config --local --unset includeif.gitdir:/home/runner/work/coreason-ecosystem/coreason-ecosystem/.git.path /home/runner/work/_temp/git-credentials-58eca1f4-ed94-41d0-a51f-252d385efb24.config
lint-and-audit	Post Run actions/checkout@v6.0.2	2026-05-19T19:31:10.5255469Z [command]/usr/bin/git config --local --get-all includeif.gitdir:/home/runner/work/coreason-ecosystem/coreason-ecosystem/.git/worktrees/*.path
lint-and-audit	Post Run actions/checkout@v6.0.2	2026-05-19T19:31:10.5281846Z /home/runner/work/_temp/git-credentials-58eca1f4-ed94-41d0-a51f-252d385efb24.config
lint-and-audit	Post Run actions/checkout@v6.0.2	2026-05-19T19:31:10.5294138Z [command]/usr/bin/git config --local --unset includeif.gitdir:/home/runner/work/coreason-ecosystem/coreason-ecosystem/.git/worktrees/*.path /home/runner/work/_temp/git-credentials-58eca1f4-ed94-41d0-a51f-252d385efb24.config
lint-and-audit	Post Run actions/checkout@v6.0.2	2026-05-19T19:31:10.5332265Z [command]/usr/bin/git config --local --get-all includeif.gitdir:/github/workspace/.git.path
lint-and-audit	Post Run actions/checkout@v6.0.2	2026-05-19T19:31:10.5357647Z /github/runner_temp/git-credentials-58eca1f4-ed94-41d0-a51f-252d385efb24.config
lint-and-audit	Post Run actions/checkout@v6.0.2	2026-05-19T19:31:10.5368243Z [command]/usr/bin/git config --local --unset includeif.gitdir:/github/workspace/.git.path /github/runner_temp/git-credentials-58eca1f4-ed94-41d0-a51f-252d385efb24.config
lint-and-audit	Post Run actions/checkout@v6.0.2	2026-05-19T19:31:10.5414980Z [command]/usr/bin/git config --local --get-all includeif.gitdir:/github/workspace/.git/worktrees/*.path
lint-and-audit	Post Run actions/checkout@v6.0.2	2026-05-19T19:31:10.5444856Z /github/runner_temp/git-credentials-58eca1f4-ed94-41d0-a51f-252d385efb24.config
lint-and-audit	Post Run actions/checkout@v6.0.2	2026-05-19T19:31:10.5459123Z [command]/usr/bin/git config --local --unset includeif.gitdir:/github/workspace/.git/worktrees/*.path /github/runner_temp/git-credentials-58eca1f4-ed94-41d0-a51f-252d385efb24.config
lint-and-audit	Post Run actions/checkout@v6.0.2	2026-05-19T19:31:10.5506067Z [command]/usr/bin/git submodule foreach --recursive git config --local --show-origin --name-only --get-regexp remote.origin.url
lint-and-audit	Post Run actions/checkout@v6.0.2	2026-05-19T19:31:10.5819116Z Removing credentials config '/home/runner/work/_temp/git-credentials-58eca1f4-ed94-41d0-a51f-252d385efb24.config'
lint-and-audit	Post Harden Runner (Endpoint Network Security)	∩╗┐2026-05-19T19:31:10.5971301Z Post job cleanup.
lint-and-audit	Post Harden Runner (Endpoint Network Security)	2026-05-19T19:31:10.6776612Z [harden-runner] post-step
lint-and-audit	Post Harden Runner (Endpoint Network Security)	2026-05-19T19:31:11.6807812Z log:
lint-and-audit	Post Harden Runner (Endpoint Network Security)	2026-05-19T19:31:11.6808841Z Tue, 19 May 2026 19:30:28 GMT:[buildInfo] tag=v0.16.0 commit=69230545600e99d9c9b2d74ca0897d7100630d96 branch=HEAD 
lint-and-audit	Post Harden Runner (Endpoint Network Security)	2026-05-19T19:31:11.6809607Z 
lint-and-audit	Post Harden Runner (Endpoint Network Security)	2026-05-19T19:31:11.6809773Z Tue, 19 May 2026 19:30:28 GMT:read config 
lint-and-audit	Post Harden Runner (Endpoint Network Security)	2026-05-19T19:31:11.6812844Z  &{Repo:CoReason-AI/coreason-ecosystem CorrelationId:a5012659-9f7d-44e4-8adf-4b02e44a1e47 RunId:26120302019 WorkingDirectory:/home/runner/work/coreason-ecosystem/coreason-ecosystem APIURL:https://agent.api.stepsecurity.io/v1 TelemetryURL:https://prod.app-api.stepsecurity.io/v1 OneTimeKey: Endpoints:map[] EgressPolicy:audit DisableTelemetry:false DisableSudo:false DisableSudoAndContainers:false DisableFileMonitoring:false Private:false}
lint-and-audit	Post Harden Runner (Endpoint Network Security)	2026-05-19T19:31:11.6815647Z 
lint-and-audit	Post Harden Runner (Endpoint Network Security)	2026-05-19T19:31:11.6815957Z Tue, 19 May 2026 19:30:28 GMT:Step Security Job Correlation ID: a5012659-9f7d-44e4-8adf-4b02e44a1e47
lint-and-audit	Post Harden Runner (Endpoint Network Security)	2026-05-19T19:31:11.6816366Z 
lint-and-audit	Post Harden Runner (Endpoint Network Security)	2026-05-19T19:31:11.6816799Z Tue, 19 May 2026 19:30:28 GMT:Global feature flags: {AgentType:agent-oss EnableArmour:true EnableCustomDetectionRules:true}
lint-and-audit	Post Harden Runner (Endpoint Network Security)	2026-05-19T19:31:11.6817452Z Tue, 19 May 2026 19:30:28 GMT:initialized global feature flags
lint-and-audit	Post Harden Runner (Endpoint Network Security)	2026-05-19T19:31:11.6817713Z 
lint-and-audit	Post Harden Runner (Endpoint Network Security)	2026-05-19T19:31:11.6822338Z Tue, 19 May 2026 19:30:28 GMT:initialized global blocklist: &{ipAddresses:map[142.11.206.73:COMPROMISED_AXIOS_C2_IP 83.142.209.194:COMPROMISED_MISTRAL_PYPI_C2_IP] domains:map[api.masscan.cloud.:COMPROMISED_TANSTACK_EXFIL audit.checkmarx.cx.:COMPROMISED_BITWARDEN_CLI_C2_DOMAIN check.git-service.com.:COMPROMISED_DURABLETASK_C2_DOMAIN cjn37-uyaaa-aaaac-qgnva-cai.raw.icp0.io.:COMPROMISED_PGSERVE_EXFIL_CANISTER evil.invalid.:GLOBAL_BLOCK_TEST_DOMAIN filev2.getsession.org.:COMPROMISED_TANSTACK_EXFIL git-tanstack.com.:COMPROMISED_TANSTACK_EXFIL igotnofriendsonlineorirl-imgonnakmslmao.skyhanni.cloud.:COMPROMISED_ELEMENTARY_DATA_EXFIL scan.aquasecurtiy.org.:COMPROMISED_TRIVY_C2_DOMAIN seed1.getsession.org.:COMPROMISED_TANSTACK_EXFIL sfrclak.com.:COMPROMISED_AXIOS_C2_DOMAIN sh.azurestaticprovider.net.:COMPROMISED_NODE_IPC_NPM_C2 t.m-kosche.com.:COMPROMISED_ACTIONSCOOL_EXFIL telemetry.api-monitor.com.:COMPROMISED_PGSERVE_EXFIL_DOMAIN whereisitat.lucyatemysuperbox.space.:COMPROMISED_XINFERENCE_C2_DOMAIN zero.masscan.cloud.:COMPROMISED_MINI_SHAI_HULUD_2] wildcardDomains:map[]}
lint-and-audit	Post Harden Runner (Endpoint Network Security)	2026-05-19T19:31:11.6828852Z 
lint-and-audit	Post Harden Runner (Endpoint Network Security)	2026-05-19T19:31:11.6829010Z Tue, 19 May 2026 19:30:28 GMT:started process monitor
lint-and-audit	Post Harden Runner (Endpoint Network Security)	2026-05-19T19:31:11.6829285Z 
lint-and-audit	Post Harden Runner (Endpoint Network Security)	2026-05-19T19:31:11.6829459Z Tue, 19 May 2026 19:30:28 GMT:Monitor Processes called
lint-and-audit	Post Harden Runner (Endpoint Network Security)	2026-05-19T19:31:11.6829829Z Tue, 19 May 2026 19:30:28 GMT:NewAuditClient created
lint-and-audit	Post Harden Runner (Endpoint Network Security)	2026-05-19T19:31:11.6830231Z Tue, 19 May 2026 19:30:28 GMT:Status is enabled
lint-and-audit	Post Harden Runner (Endpoint Network Security)	2026-05-19T19:31:11.6830551Z Tue, 19 May 2026 19:30:28 GMT:Rules deleted
lint-and-audit	Post Harden Runner (Endpoint Network Security)	2026-05-19T19:31:11.6831005Z Tue, 19 May 2026 19:30:28 GMT:File monitor added for /home/runner/work/coreason-ecosystem/coreason-ecosystem
lint-and-audit	Post Harden Runner (Endpoint Network Security)	2026-05-19T19:31:11.6831488Z Tue, 19 May 2026 19:30:28 GMT:Agent file monitor added
lint-and-audit	Post Harden Runner (Endpoint Network Security)	2026-05-19T19:31:11.6831847Z Tue, 19 May 2026 19:30:28 GMT:Docker's daemon.json file monitor added
lint-and-audit	Post Harden Runner (Endpoint Network Security)	2026-05-19T19:31:11.6832247Z Tue, 19 May 2026 19:30:28 GMT:Systemd's resolved.conf file monitor added
lint-and-audit	Post Harden Runner (Endpoint Network Security)	2026-05-19T19:31:11.6832651Z Tue, 19 May 2026 19:30:28 GMT:Net monitor added for TCP (connect)
lint-and-audit	Post Harden Runner (Endpoint Network Security)	2026-05-19T19:31:11.6833043Z Tue, 19 May 2026 19:30:28 GMT:Net monitor added for UDP (sendto & sendmsg)
lint-and-audit	Post Harden Runner (Endpoint Network Security)	2026-05-19T19:31:11.6833706Z Tue, 19 May 2026 19:30:28 GMT:Process monitor added
lint-and-audit	Post Harden Runner (Endpoint Network Security)	2026-05-19T19:31:11.6834084Z Tue, 19 May 2026 19:30:28 GMT:receive called
lint-and-audit	Post Harden Runner (Endpoint Network Security)	2026-05-19T19:31:11.6834267Z 
lint-and-audit	Post Harden Runner (Endpoint Network Security)	2026-05-19T19:31:11.6834271Z 
lint-and-audit	Post Harden Runner (Endpoint Network Security)	2026-05-19T19:31:11.6834371Z Tue, 19 May 2026 19:30:28 GMT:updated resolved
lint-and-audit	Post Harden Runner (Endpoint Network Security)	2026-05-19T19:31:11.6834561Z 
lint-and-audit	Post Harden Runner (Endpoint Network Security)	2026-05-19T19:31:11.6834661Z Tue, 19 May 2026 19:30:29 GMT:set docker config
lint-and-audit	Post Harden Runner (Endpoint Network Security)	2026-05-19T19:31:11.6834848Z 
lint-and-audit	Post Harden Runner (Endpoint Network Security)	2026-05-19T19:31:11.6834948Z Tue, 19 May 2026 19:30:29 GMT:before audit rules
lint-and-audit	Post Harden Runner (Endpoint Network Security)	2026-05-19T19:31:11.6835228Z Tue, 19 May 2026 19:30:29 GMT:added audit rules
lint-and-audit	Post Harden Runner (Endpoint Network Security)	2026-05-19T19:31:11.6835497Z Tue, 19 May 2026 19:30:29 GMT:Armour is enabled
lint-and-audit	Post Harden Runner (Endpoint Network Security)	2026-05-19T19:31:11.6836087Z Tue, 19 May 2026 19:30:30 GMT:[armour] Runner.Worker PID: 2096
lint-and-audit	Post Harden Runner (Endpoint Network Security)	2026-05-19T19:31:11.6836406Z Tue, 19 May 2026 19:30:30 GMT:Armour attached
lint-and-audit	Post Harden Runner (Endpoint Network Security)	2026-05-19T19:31:11.6836730Z Tue, 19 May 2026 19:30:30 GMT:[armour] Custom detection rules enabled
lint-and-audit	Post Harden Runner (Endpoint Network Security)	2026-05-19T19:31:11.6837051Z Tue, 19 May 2026 19:30:30 GMT:done
lint-and-audit	Post Harden Runner (Endpoint Network Security)	2026-05-19T19:31:11.6838381Z Tue, 19 May 2026 19:30:30 GMT:sudo process started: Exe: /usr/bin/sudo, Arguments: [sudo chown -R runner:runner /home/runner/work/coreason-ecosystem/coreason-ecosystem]
lint-and-audit	Post Harden Runner (Endpoint Network Security)	2026-05-19T19:31:11.6840429Z Tue, 19 May 2026 19:30:30 GMT:sudo process started: Exe: /usr/bin/chown, Arguments: [chown -R runner:runner /home/runner/work/coreason-ecosystem/coreason-ecosystem]
lint-and-audit	Post Harden Runner (Endpoint Network Security)	2026-05-19T19:31:11.6842332Z Tue, 19 May 2026 19:30:30 GMT:[Source code overwritten] file: /home/runner/work/coreason-ecosystem/coreason-ecosystem/.git/config.lock syscall: openat by exe: /usr/bin/git [f54a87f6253aab09ed7b522bd78ddeab509105b1043076209d89127e55877a48] Timestamp: 2026-05-19T19:30:30.639Z
lint-and-audit	Post Harden Runner (Endpoint Network Security)	2026-05-19T19:31:11.6844277Z Tue, 19 May 2026 19:30:30 GMT:[Source code overwritten] file: /home/runner/work/coreason-ecosystem/coreason-ecosystem/.git/config syscall: rename by exe: /usr/bin/git [f54a87f6253aab09ed7b522bd78ddeab509105b1043076209d89127e55877a48] Timestamp: 2026-05-19T19:30:30.639Z
lint-and-audit	Post Harden Runner (Endpoint Network Security)	2026-05-19T19:31:11.6846217Z Tue, 19 May 2026 19:30:30 GMT:[Source code overwritten] file: /home/runner/work/coreason-ecosystem/coreason-ecosystem/.git/config.lock syscall: openat by exe: /usr/bin/git [f54a87f6253aab09ed7b522bd78ddeab509105b1043076209d89127e55877a48] Timestamp: 2026-05-19T19:30:30.64Z
lint-and-audit	Post Harden Runner (Endpoint Network Security)	2026-05-19T19:31:11.6847655Z Tue, 19 May 2026 19:30:30 GMT:domain resolved: github.com., ip address: 140.82.113.4, TTL: 60
lint-and-audit	Post Harden Runner (Endpoint Network Security)	2026-05-19T19:31:11.6848548Z Tue, 19 May 2026 19:30:30 GMT:domain resolved: prod.app-api.stepsecurity.io., ip address: 184.33.59.158, TTL: 60
lint-and-audit	Post Harden Runner (Endpoint Network Security)	2026-05-19T19:31:11.6849852Z Tue, 19 May 2026 19:30:31 GMT:endpoint called ip address:port 140.82.113.4:443, domain: github.com., pid: 2702, process: git-remote-http
lint-and-audit	Post Harden Runner (Endpoint Network Security)	2026-05-19T19:31:11.6851792Z Tue, 19 May 2026 19:30:31 GMT:[Source code overwritten] file: /home/runner/work/coreason-ecosystem/coreason-ecosystem/.git/refs/tags/v0.9.6.lock syscall: openat by exe: /usr/lib/git-core/git [f54a87f6253aab09ed7b522bd78ddeab509105b1043076209d89127e55877a48] Timestamp: 2026-05-19T19:30:31.747Z
lint-and-audit	Post Harden Runner (Endpoint Network Security)	2026-05-19T19:31:11.6854216Z Tue, 19 May 2026 19:30:31 GMT:[Source code overwritten] file: /home/runner/work/coreason-ecosystem/coreason-ecosystem/.git/refs/tags/v0.9.5.lock syscall: openat by exe: /usr/lib/git-core/git [f54a87f6253aab09ed7b522bd78ddeab509105b1043076209d89127e55877a48] Timestamp: 2026-05-19T19:30:31.747Z
lint-and-audit	Post Harden Runner (Endpoint Network Security)	2026-05-19T19:31:11.6856431Z Tue, 19 May 2026 19:30:31 GMT:[Source code overwritten] file: /home/runner/work/coreason-ecosystem/coreason-ecosystem/.git/refs/tags/v0.9.4.lock syscall: openat by exe: /usr/lib/git-core/git [f54a87f6253aab09ed7b522bd78ddeab509105b1043076209d89127e55877a48] Timestamp: 2026-05-19T19:30:31.748Z
lint-and-audit	Post Harden Runner (Endpoint Network Security)	2026-05-19T19:31:11.6857942Z Tue, 19 May 2026 19:30:32 GMT:endpoint called ip address:port 140.82.113.4:443, domain: github.com., pid: 2830, process: git-remote-http
lint-and-audit	Post Harden Runner (Endpoint Network Security)	2026-05-19T19:31:11.6858853Z Tue, 19 May 2026 19:30:35 GMT:domain resolved: raw.githubusercontent.com., ip address: 185.199.108.133, TTL: 1083
lint-and-audit	Post Harden Runner (Endpoint Network Security)	2026-05-19T19:31:11.6859666Z Tue, 19 May 2026 19:30:35 GMT:domain resolved: releases.astral.sh., ip address: 104.26.13.77, TTL: 300
lint-and-audit	Post Harden Runner (Endpoint Network Security)	2026-05-19T19:31:11.6860391Z Tue, 19 May 2026 19:30:35 GMT:endpoint called ip address:port 185.199.108.133:443, domain: raw.githubusercontent.com., pid: 2852, process: node
lint-and-audit	Post Harden Runner (Endpoint Network Security)	2026-05-19T19:31:11.6861374Z Tue, 19 May 2026 19:30:35 GMT:endpoint called ip address:port 104.26.13.77:443, domain: releases.astral.sh., pid: 2852, process: node
lint-and-audit	Post Harden Runner (Endpoint Network Security)	2026-05-19T19:31:11.6862351Z Tue, 19 May 2026 19:30:36 GMT:domain resolved: results-receiver.actions.githubusercontent.com., ip address: 140.82.113.21, TTL: 52
lint-and-audit	Post Harden Runner (Endpoint Network Security)	2026-05-19T19:31:11.6863452Z Tue, 19 May 2026 19:30:36 GMT:domain resolved: productionresultssa0.blob.core.windows.net., ip address: 20.209.226.1, TTL: 30
lint-and-audit	Post Harden Runner (Endpoint Network Security)	2026-05-19T19:31:11.6865429Z Tue, 19 May 2026 19:30:36 GMT:endpoint called ip address:port 140.82.113.21:443, domain: results-receiver.actions.githubusercontent.com., pid: 2852, process: node
lint-and-audit	Post Harden Runner (Endpoint Network Security)	2026-05-19T19:31:11.6867269Z Tue, 19 May 2026 19:30:36 GMT:endpoint called ip address:port 20.209.226.1:443, domain: productionresultssa0.blob.core.windows.net., pid: 2852, process: node
lint-and-audit	Post Harden Runner (Endpoint Network Security)	2026-05-19T19:31:11.6868611Z Tue, 19 May 2026 19:30:36 GMT:endpoint called ip address:port 104.26.13.77:443, domain: releases.astral.sh., pid: 2875, process: uv
lint-and-audit	Post Harden Runner (Endpoint Network Security)	2026-05-19T19:31:11.6869298Z Tue, 19 May 2026 19:30:37 GMT:domain resolved: files.pythonhosted.org., ip address: 151.101.64.223, TTL: 60
lint-and-audit	Post Harden Runner (Endpoint Network Security)	2026-05-19T19:31:11.6870185Z Tue, 19 May 2026 19:30:38 GMT:endpoint called ip address:port 151.101.64.223:443, domain: files.pythonhosted.org., pid: 2875, process: uv
lint-and-audit	Post Harden Runner (Endpoint Network Security)	2026-05-19T19:31:11.6870841Z Tue, 19 May 2026 19:30:38 GMT:domain resolved: pypi.org., ip address: 151.101.0.223, TTL: 18400
lint-and-audit	Post Harden Runner (Endpoint Network Security)	2026-05-19T19:31:11.6871467Z Tue, 19 May 2026 19:30:39 GMT:endpoint called ip address:port 151.101.0.223:443, domain: pypi.org., pid: 2875, process: uv
lint-and-audit	Post Harden Runner (Endpoint Network Security)	2026-05-19T19:31:11.6872780Z Tue, 19 May 2026 19:30:44 GMT:[Source code overwritten] file: /home/runner/work/coreason-ecosystem/coreason-ecosystem/.venv/.lock syscall: openat by exe: /opt/hostedtoolcache/uv/0.11.15/x86_64/uv [d6043db2718aeda96b74ea30ff171f0d9bbd8460de6d63899ed3193c3ba93623] Timestamp: 2026-05-19T19:30:44.521Z
lint-and-audit	Post Harden Runner (Endpoint Network Security)	2026-05-19T19:31:11.6875210Z Tue, 19 May 2026 19:30:44 GMT:[Source code overwritten] file: /home/runner/work/coreason-ecosystem/coreason-ecosystem/.ruff_cache/CACHEDIR.TAG syscall: openat by exe: /home/runner/work/coreason-ecosystem/coreason-ecosystem/.venv/bin/ruff [325287a5d5cc691b39a7d49360586dd94b357d782ee66f004dc816c49bba8354] Timestamp: 2026-05-19T19:30:44.558Z
lint-and-audit	Post Harden Runner (Endpoint Network Security)	2026-05-19T19:31:11.6877462Z Tue, 19 May 2026 19:30:44 GMT:[Source code overwritten] file: /home/runner/work/coreason-ecosystem/coreason-ecosystem/.ruff_cache/.gitignore syscall: openat by exe: /home/runner/work/coreason-ecosystem/coreason-ecosystem/.venv/bin/ruff [325287a5d5cc691b39a7d49360586dd94b357d782ee66f004dc816c49bba8354] Timestamp: 2026-05-19T19:30:44.558Z
lint-and-audit	Post Harden Runner (Endpoint Network Security)	2026-05-19T19:31:11.6880537Z Tue, 19 May 2026 19:30:44 GMT:[Source code overwritten] file: /home/runner/work/coreason-ecosystem/coreason-ecosystem/.ruff_cache/CACHEDIR.TAG syscall: openat by exe: /home/runner/work/coreason-ecosystem/coreason-ecosystem/.venv/bin/ruff [325287a5d5cc691b39a7d49360586dd94b357d782ee66f004dc816c49bba8354] Timestamp: 2026-05-19T19:30:44.558Z
lint-and-audit	Post Harden Runner (Endpoint Network Security)	2026-05-19T19:31:11.6884362Z Tue, 19 May 2026 19:30:44 GMT:[Source code overwritten] file: /home/runner/work/coreason-ecosystem/coreason-ecosystem/.venv/.lock syscall: openat by exe: /opt/hostedtoolcache/uv/0.11.15/x86_64/uv [d6043db2718aeda96b74ea30ff171f0d9bbd8460de6d63899ed3193c3ba93623] Timestamp: 2026-05-19T19:30:44.649Z
lint-and-audit	Post Harden Runner (Endpoint Network Security)	2026-05-19T19:31:11.6886279Z Tue, 19 May 2026 19:31:07 GMT:[Source code overwritten] file: /home/runner/work/coreason-ecosystem/coreason-ecosystem/.venv/.lock syscall: openat by exe: /opt/hostedtoolcache/uv/0.11.15/x86_64/uv [d6043db2718aeda96b74ea30ff171f0d9bbd8460de6d63899ed3193c3ba93623] Timestamp: 2026-05-19T19:31:07.553Z
lint-and-audit	Post Harden Runner (Endpoint Network Security)	2026-05-19T19:31:11.6887268Z 
lint-and-audit	Post Harden Runner (Endpoint Network Security)	2026-05-19T19:31:11.6887377Z Tue, 19 May 2026 19:31:10 GMT:post_event called
lint-and-audit	Post Harden Runner (Endpoint Network Security)	2026-05-19T19:31:11.6888067Z Tue, 19 May 2026 19:31:11 GMT:endpoint called ip address:port 140.82.113.21:443, domain: results-receiver.actions.githubusercontent.com., pid: 2096, process: Runner.Worker
lint-and-audit	Post Harden Runner (Endpoint Network Security)	2026-05-19T19:31:11.6888656Z 
lint-and-audit	Post Harden Runner (Endpoint Network Security)	2026-05-19T19:31:11.6888725Z status:
lint-and-audit	Post Harden Runner (Endpoint Network Security)	2026-05-19T19:31:11.6888889Z Initialized
lint-and-audit	Post Harden Runner (Endpoint Network Security)	2026-05-19T19:31:11.6985756Z agent.service log:
lint-and-audit	Post Harden Runner (Endpoint Network Security)	2026-05-19T19:31:11.6987419Z May 19 19:30:28 runnervmg397c systemd[1]: /etc/systemd/system/agent.service:9: Standard output type syslog is obsolete, automatically updating to journal. Please update your unit file, and consider removing the setting altogether.
lint-and-audit	Post Harden Runner (Endpoint Network Security)	2026-05-19T19:31:11.6990062Z May 19 19:30:28 runnervmg397c systemd[1]: /etc/systemd/system/agent.service:10: Standard output type syslog is obsolete, automatically updating to journal. Please update your unit file, and consider removing the setting altogether.
lint-and-audit	Post Harden Runner (Endpoint Network Security)	2026-05-19T19:31:11.6991978Z May 19 19:30:28 runnervmg397c systemd[1]: Started agent.service - Agent.
lint-and-audit	Post Harden Runner (Endpoint Network Security)	2026-05-19T19:31:11.6993609Z May 19 19:30:28 runnervmg397c sudo[2228]:     root : *** ; USER=root ; COMMAND=/usr/bin/systemctl stop systemd-resolved
lint-and-audit	Post Harden Runner (Endpoint Network Security)	2026-05-19T19:31:11.6994898Z May 19 19:30:28 runnervmg397c sudo[2228]: pam_unix(sudo:session): session opened for user root(uid=0) by (uid=0)
lint-and-audit	Post Harden Runner (Endpoint Network Security)	2026-05-19T19:31:11.6995917Z May 19 19:30:28 runnervmg397c sudo[2228]: pam_unix(sudo:session): session closed for user root
lint-and-audit	Post Harden Runner (Endpoint Network Security)	2026-05-19T19:31:11.6997489Z May 19 19:30:28 runnervmg397c sudo[2234]:     root : *** ; USER=root ; COMMAND=/usr/bin/systemctl restart systemd-resolved
lint-and-audit	Post Harden Runner (Endpoint Network Security)	2026-05-19T19:31:11.6998750Z May 19 19:30:28 runnervmg397c sudo[2234]: pam_unix(sudo:session): session opened for user root(uid=0) by (uid=0)
lint-and-audit	Post Harden Runner (Endpoint Network Security)	2026-05-19T19:31:11.6999855Z May 19 19:30:28 runnervmg397c sudo[2234]: pam_unix(sudo:session): session closed for user root
lint-and-audit	Post Harden Runner (Endpoint Network Security)	2026-05-19T19:31:11.7001100Z May 19 19:30:28 runnervmg397c sudo[2239]:     root : *** ; USER=root ; COMMAND=/usr/bin/resolvectl flush-caches
lint-and-audit	Post Harden Runner (Endpoint Network Security)	2026-05-19T19:31:11.7002098Z May 19 19:30:28 runnervmg397c sudo[2239]: pam_unix(sudo:session): session opened for user root(uid=0) by (uid=0)
lint-and-audit	Post Harden Runner (Endpoint Network Security)	2026-05-19T19:31:11.7003128Z May 19 19:30:28 runnervmg397c sudo[2239]: pam_unix(sudo:session): session closed for user root
lint-and-audit	Post Harden Runner (Endpoint Network Security)	2026-05-19T19:31:11.7004645Z May 19 19:30:28 runnervmg397c sudo[2242]:     root : *** ; USER=root ; COMMAND=/usr/bin/systemctl reload docker
lint-and-audit	Post Harden Runner (Endpoint Network Security)	2026-05-19T19:31:11.7006034Z May 19 19:30:28 runnervmg397c sudo[2242]: pam_unix(sudo:session): session opened for user root(uid=0) by (uid=0)
lint-and-audit	Post Harden Runner (Endpoint Network Security)	2026-05-19T19:31:11.7007189Z May 19 19:30:28 runnervmg397c sudo[2242]: pam_unix(sudo:session): session closed for user root
lint-and-audit	Post Harden Runner (Endpoint Network Security)	2026-05-19T19:31:11.7008375Z May 19 19:30:28 runnervmg397c sudo[2249]:     root : *** ; USER=root ; COMMAND=/usr/bin/systemctl daemon-reload
lint-and-audit	Post Harden Runner (Endpoint Network Security)	2026-05-19T19:31:11.7009730Z May 19 19:30:28 runnervmg397c sudo[2249]: pam_unix(sudo:session): session opened for user root(uid=0) by (uid=0)
lint-and-audit	Post Harden Runner (Endpoint Network Security)	2026-05-19T19:31:11.7011780Z May 19 19:30:28 runnervmg397c systemd[1]: /etc/systemd/system/agent.service:9: Standard output type syslog is obsolete, automatically updating to journal. Please update your unit file, and consider removing the setting altogether.
lint-and-audit	Post Harden Runner (Endpoint Network Security)	2026-05-19T19:31:11.7014681Z May 19 19:30:28 runnervmg397c systemd[1]: /etc/systemd/system/agent.service:10: Standard output type syslog is obsolete, automatically updating to journal. Please update your unit file, and consider removing the setting altogether.
lint-and-audit	Post Harden Runner (Endpoint Network Security)	2026-05-19T19:31:11.7016551Z May 19 19:30:29 runnervmg397c sudo[2249]: pam_unix(sudo:session): session closed for user root
lint-and-audit	Post Harden Runner (Endpoint Network Security)	2026-05-19T19:31:11.7017776Z May 19 19:30:29 runnervmg397c sudo[2320]:     root : *** ; USER=root ; COMMAND=/usr/bin/systemctl restart docker
lint-and-audit	Post Harden Runner (Endpoint Network Security)	2026-05-19T19:31:11.7018980Z May 19 19:30:29 runnervmg397c sudo[2320]: pam_unix(sudo:session): session opened for user root(uid=0) by (uid=0)
lint-and-audit	Post Harden Runner (Endpoint Network Security)	2026-05-19T19:31:11.7020142Z May 19 19:30:29 runnervmg397c sudo[2320]: pam_unix(sudo:session): session closed for user root
lint-and-audit	Post Harden Runner (Endpoint Network Security)	2026-05-19T19:31:11.7021823Z May 19 19:30:29 runnervmg397c agentservice[2213]: 2026/05/19 19:30:29 INFO Fetching custom detection rules module=armour api_url=https://agent.api.stepsecurity.io/v1 repo=CoReason-AI/coreason-ecosystem
lint-and-audit	Post Harden Runner (Endpoint Network Security)	2026-05-19T19:31:11.7024890Z May 19 19:30:29 runnervmg397c agentservice[2213]: 2026/05/19 19:30:29 ERROR Failed to initialize detection rules, continuing with eBPF attachment module=armour error="init custom detection rules: fetch policies: API error status 401: {\"error\":\"invalid authorization header format\"}\n"
lint-and-audit	Post Harden Runner (Endpoint Network Security)	2026-05-19T19:31:11.7027187Z May 19 19:30:29 runnervmg397c agentservice[2213]: 2026/05/19 19:30:29 INFO Config module=armour ENFORCE_WRITE_BLOCK=false
lint-and-audit	Post Harden Runner (Endpoint Network Security)	2026-05-19T19:31:11.7028422Z May 19 19:30:29 runnervmg397c agentservice[2213]: 2026/05/19 19:30:29 INFO Config module=armour ENFORCE_KILL_BLOCK=false
lint-and-audit	Post Harden Runner (Endpoint Network Security)	2026-05-19T19:31:11.7029899Z May 19 19:30:29 runnervmg397c agentservice[2213]: 2026/05/19 19:30:29 INFO Config module=armour AGENT_PID=2213
lint-and-audit	Post Harden Runner (Endpoint Network Security)	2026-05-19T19:31:11.7030975Z May 19 19:30:29 runnervmg397c agentservice[2213]: 2026/05/19 19:30:29 INFO Config module=armour ENFORCE_READ_BLOCK=false
lint-and-audit	Post Harden Runner (Endpoint Network Security)	2026-05-19T19:31:11.7032211Z May 19 19:30:29 runnervmg397c agentservice[2213]: 2026/05/19 19:30:29 INFO Map size module=armour protected_pid_inodes=1
lint-and-audit	Post Harden Runner (Endpoint Network Security)	2026-05-19T19:31:11.7033559Z May 19 19:30:29 runnervmg397c agentservice[2213]: 2026/05/19 19:30:29 INFO Map size module=armour protected_bpf_ids=9
lint-and-audit	Post Harden Runner (Endpoint Network Security)	2026-05-19T19:31:11.7034687Z May 19 19:30:29 runnervmg397c agentservice[2213]: 2026/05/19 19:30:29 INFO Map size module=armour protected_fs_inodes=6
lint-and-audit	Post Harden Runner (Endpoint Network Security)	2026-05-19T19:31:11.7036063Z May 19 19:30:29 runnervmg397c agentservice[2213]: 2026/05/19 19:30:29 INFO Map size module=armour protected_proc_fs_inodes=2
lint-and-audit	Post Harden Runner (Endpoint Network Security)	2026-05-19T19:31:11.7037148Z May 19 19:30:29 runnervmg397c agentservice[2213]: 2026/05/19 19:30:29 INFO Map size module=armour events=16384
lint-and-audit	Post Harden Runner (Endpoint Network Security)	2026-05-19T19:31:11.7038205Z May 19 19:30:29 runnervmg397c agentservice[2213]: 2026/05/19 19:30:29 INFO Map size module=armour protected_pids=1
lint-and-audit	Post Harden Runner (Endpoint Network Security)	2026-05-19T19:31:11.7039307Z May 19 19:30:30 runnervmg397c agentservice[2213]: 2026/05/19 19:30:30 INFO ProtectedPids module=armour pids=map[2214:2213]
lint-and-audit	Post Harden Runner (Endpoint Network Security)	2026-05-19T19:31:11.7040448Z May 19 19:30:30 runnervmg397c agentservice[2213]: 2026/05/19 19:30:30 INFO ProtectedBPFIDs module=armour ids="[15 9 13 16 14]"
lint-and-audit	Post Harden Runner (Endpoint Network Security)	2026-05-19T19:31:11.7041740Z May 19 19:30:30 runnervmg397c agentservice[2213]: 2026/05/19 19:30:30 INFO File Info module=armour inoKey="{Device:24 Inode:14125}" path=/proc/2096/mem
lint-and-audit	Post Harden Runner (Endpoint Network Security)	2026-05-19T19:31:11.7043155Z May 19 19:30:30 runnervmg397c agentservice[2213]: 2026/05/19 19:30:30 INFO File Info module=armour inoKey="{Device:24 Inode:14126}" path=/proc/2081/mem
lint-and-audit	Post Harden Runner (Endpoint Network Security)	2026-05-19T19:31:11.7045603Z May 19 19:30:30 runnervmg397c agentservice[2213]: 2026/05/19 19:30:30 INFO File Info module=armour inoKey="{Device:2049 Inode:88704}" path=/etc/sudoers.d/runner
lint-and-audit	Post Harden Runner (Endpoint Network Security)	2026-05-19T19:31:11.7047047Z May 19 19:30:30 runnervmg397c agentservice[2213]: 2026/05/19 19:30:30 INFO File Info module=armour inoKey="{Device:28 Inode:982}" path=/etc/resolv.conf
lint-and-audit	Post Harden Runner (Endpoint Network Security)	2026-05-19T19:31:11.7048533Z May 19 19:30:30 runnervmg397c agentservice[2213]: 2026/05/19 19:30:30 INFO File Info module=armour inoKey="{Device:2049 Inode:508}" path=/etc/systemd/resolved.conf
lint-and-audit	Post Harden Runner (Endpoint Network Security)	2026-05-19T19:31:11.7050120Z May 19 19:30:30 runnervmg397c agentservice[2213]: 2026/05/19 19:30:30 INFO File Info module=armour inoKey="{Device:2049 Inode:290979}" path=/etc/docker/daemon.json
lint-and-audit	Post Harden Runner (Endpoint Network Security)	2026-05-19T19:31:11.7051385Z May 19 19:30:30 runnervmg397c agentservice[2213]: 2026/05/19 19:30:30 INFO Protection maps populated module=armour
lint-and-audit	Post Harden Runner (Endpoint Network Security)	2026-05-19T19:31:11.7052463Z May 19 19:30:30 runnervmg397c agentservice[2213]: 2026/05/19 19:30:30 INFO Protection maps are freezed module=armour
lint-and-audit	Post Harden Runner (Endpoint Network Security)	2026-05-19T19:31:11.7053690Z May 19 19:30:30 runnervmg397c agentservice[2213]: 2026/05/19 19:30:30 INFO Linking completed module=armour
lint-and-audit	Post Harden Runner (Endpoint Network Security)	2026-05-19T19:31:11.7054651Z May 19 19:30:30 runnervmg397c agentservice[2213]: 2026/05/19 19:30:30 INFO Armour engaged module=armour
lint-and-audit	Post Harden Runner (Endpoint Network Security)	2026-05-19T19:31:11.7055720Z May 19 19:30:30 runnervmg397c agentservice[2213]: 2026/05/19 19:30:30 INFO RingBuffer created module=armour size=16384
lint-and-audit	Post Harden Runner (Endpoint Network Security)	2026-05-19T19:31:11.7056890Z May 19 19:30:30 runnervmg397c agentservice[2213]: 2026/05/19 19:30:30 INFO Listening for events module=armour
lint-and-audit	Post Harden Runner (Endpoint Network Security)	2026-05-19T19:31:11.7058119Z May 19 19:30:30 runnervmg397c agentservice[2213]: 2026/05/19 19:30:30 INFO [LOCKDOWN] Runner.Worker PID set module=armour pid=2096
lint-and-audit	Post Harden Runner (Endpoint Network Security)	2026-05-19T19:31:11.7058872Z 
lint-and-audit	Complete job	∩╗┐2026-05-19T19:31:11.7131671Z Cleaning up orphan processes
test-ubuntu (3.14)	Set up job	∩╗┐2026-05-19T19:31:17.4093954Z Current runner version: '2.334.0'
test-ubuntu (3.14)	Set up job	2026-05-19T19:31:17.4120341Z ##[group]Runner Image Provisioner
test-ubuntu (3.14)	Set up job	2026-05-19T19:31:17.4121174Z Hosted Compute Agent
test-ubuntu (3.14)	Set up job	2026-05-19T19:31:17.4121779Z Version: 20260213.493
test-ubuntu (3.14)	Set up job	2026-05-19T19:31:17.4122517Z Commit: 5c115507f6dd24b8de37d8bbe0bb4509d0cc0fa3
test-ubuntu (3.14)	Set up job	2026-05-19T19:31:17.4123196Z Build Date: 2026-02-13T00:28:41Z
test-ubuntu (3.14)	Set up job	2026-05-19T19:31:17.4123876Z Worker ID: {426b5672-9e6c-4c44-88b5-7bfe05925788}
test-ubuntu (3.14)	Set up job	2026-05-19T19:31:17.4124631Z Azure Region: westus3
test-ubuntu (3.14)	Set up job	2026-05-19T19:31:17.4125143Z ##[endgroup]
test-ubuntu (3.14)	Set up job	2026-05-19T19:31:17.4126582Z ##[group]Operating System
test-ubuntu (3.14)	Set up job	2026-05-19T19:31:17.4127296Z Ubuntu
test-ubuntu (3.14)	Set up job	2026-05-19T19:31:17.4127788Z 24.04.4
test-ubuntu (3.14)	Set up job	2026-05-19T19:31:17.4128237Z LTS
test-ubuntu (3.14)	Set up job	2026-05-19T19:31:17.4128776Z ##[endgroup]
test-ubuntu (3.14)	Set up job	2026-05-19T19:31:17.4129333Z ##[group]Runner Image
test-ubuntu (3.14)	Set up job	2026-05-19T19:31:17.4129877Z Image: ubuntu-24.04
test-ubuntu (3.14)	Set up job	2026-05-19T19:31:17.4130499Z Version: 20260513.135.3
test-ubuntu (3.14)	Set up job	2026-05-19T19:31:17.4131542Z Included Software: https://github.com/actions/runner-images/blob/ubuntu24/20260513.135/images/ubuntu/Ubuntu2404-Readme.md
test-ubuntu (3.14)	Set up job	2026-05-19T19:31:17.4133318Z Image Release: https://github.com/actions/runner-images/releases/tag/ubuntu24%2F20260513.135
test-ubuntu (3.14)	Set up job	2026-05-19T19:31:17.4134269Z ##[endgroup]
test-ubuntu (3.14)	Set up job	2026-05-19T19:31:17.4137512Z ##[group]GITHUB_TOKEN Permissions
test-ubuntu (3.14)	Set up job	2026-05-19T19:31:17.4139566Z Actions: read
test-ubuntu (3.14)	Set up job	2026-05-19T19:31:17.4140136Z ArtifactMetadata: read
test-ubuntu (3.14)	Set up job	2026-05-19T19:31:17.4140778Z Attestations: read
test-ubuntu (3.14)	Set up job	2026-05-19T19:31:17.4141320Z Checks: read
test-ubuntu (3.14)	Set up job	2026-05-19T19:31:17.4141829Z CodeQuality: read
test-ubuntu (3.14)	Set up job	2026-05-19T19:31:17.4142440Z Contents: read
test-ubuntu (3.14)	Set up job	2026-05-19T19:31:17.4142969Z Deployments: read
test-ubuntu (3.14)	Set up job	2026-05-19T19:31:17.4143482Z Discussions: read
test-ubuntu (3.14)	Set up job	2026-05-19T19:31:17.4144070Z Issues: read
test-ubuntu (3.14)	Set up job	2026-05-19T19:31:17.4144586Z Metadata: read
test-ubuntu (3.14)	Set up job	2026-05-19T19:31:17.4145121Z Models: read
test-ubuntu (3.14)	Set up job	2026-05-19T19:31:17.4145707Z Packages: read
test-ubuntu (3.14)	Set up job	2026-05-19T19:31:17.4146586Z Pages: read
test-ubuntu (3.14)	Set up job	2026-05-19T19:31:17.4147115Z PullRequests: read
test-ubuntu (3.14)	Set up job	2026-05-19T19:31:17.4147755Z RepositoryProjects: read
test-ubuntu (3.14)	Set up job	2026-05-19T19:31:17.4148310Z SecurityEvents: read
test-ubuntu (3.14)	Set up job	2026-05-19T19:31:17.4148889Z Statuses: read
test-ubuntu (3.14)	Set up job	2026-05-19T19:31:17.4149525Z VulnerabilityAlerts: read
test-ubuntu (3.14)	Set up job	2026-05-19T19:31:17.4150074Z ##[endgroup]
test-ubuntu (3.14)	Set up job	2026-05-19T19:31:17.4152207Z Secret source: Actions
test-ubuntu (3.14)	Set up job	2026-05-19T19:31:17.4153029Z Prepare workflow directory
test-ubuntu (3.14)	Set up job	2026-05-19T19:31:17.4748984Z Prepare all required actions
test-ubuntu (3.14)	Set up job	2026-05-19T19:31:17.4788356Z Getting action download info
test-ubuntu (3.14)	Set up job	2026-05-19T19:31:18.0743452Z Download action repository 'step-security/harden-runner@ab7a9404c0f3da075243ca237b5fac12c98deaa5' (SHA:ab7a9404c0f3da075243ca237b5fac12c98deaa5)
test-ubuntu (3.14)	Set up job	2026-05-19T19:31:19.2691710Z Download action repository 'actions/checkout@v6.0.2' (SHA:de0fac2e4500dabe0009e67214ff5f5447ce83dd)
test-ubuntu (3.14)	Set up job	2026-05-19T19:31:19.3104726Z Download action repository 'astral-sh/setup-uv@08807647e7069bb48b6ef5acd8ec9567f424441b' (SHA:08807647e7069bb48b6ef5acd8ec9567f424441b)
test-ubuntu (3.14)	Set up job	2026-05-19T19:31:20.3707544Z Download action repository 'docker/login-action@9780b0c442fbb1117ed29e0efdff1e18412f7567' (SHA:9780b0c442fbb1117ed29e0efdff1e18412f7567)
test-ubuntu (3.14)	Set up job	2026-05-19T19:31:21.6252525Z Download action repository 'temporalio/setup-temporal@1059a504f87e7fa2f385e3fa40d1aa7e62f1c6ca' (SHA:1059a504f87e7fa2f385e3fa40d1aa7e62f1c6ca)
test-ubuntu (3.14)	Set up job	2026-05-19T19:31:22.0398330Z Download action repository 'codecov/codecov-action@75cd11691c0faa626561e295848008c8a7dddffe' (SHA:75cd11691c0faa626561e295848008c8a7dddffe)
test-ubuntu (3.14)	Set up job	2026-05-19T19:31:22.4602873Z Getting action download info
test-ubuntu (3.14)	Set up job	2026-05-19T19:31:22.6480293Z Download action repository 'actions/github-script@60a0d83039c74a4aee543508d2ffcb1c3799cdea' (SHA:60a0d83039c74a4aee543508d2ffcb1c3799cdea)
test-ubuntu (3.14)	Set up job	2026-05-19T19:31:23.2274869Z Complete job name: test-ubuntu (3.14)
test-ubuntu (3.14)	Pre Harden Runner (Endpoint Network Security)	∩╗┐2026-05-19T19:31:23.2949862Z ##[group]Run step-security/harden-runner@ab7a9404c0f3da075243ca237b5fac12c98deaa5
test-ubuntu (3.14)	Pre Harden Runner (Endpoint Network Security)	2026-05-19T19:31:23.2950619Z with:
test-ubuntu (3.14)	Pre Harden Runner (Endpoint Network Security)	2026-05-19T19:31:23.2950835Z   egress-policy: audit
test-ubuntu (3.14)	Pre Harden Runner (Endpoint Network Security)	2026-05-19T19:31:23.2951280Z   token: ***
test-ubuntu (3.14)	Pre Harden Runner (Endpoint Network Security)	2026-05-19T19:31:23.2951491Z   disable-telemetry: false
test-ubuntu (3.14)	Pre Harden Runner (Endpoint Network Security)	2026-05-19T19:31:23.2951728Z   disable-sudo: false
test-ubuntu (3.14)	Pre Harden Runner (Endpoint Network Security)	2026-05-19T19:31:23.2951971Z   disable-sudo-and-containers: false
test-ubuntu (3.14)	Pre Harden Runner (Endpoint Network Security)	2026-05-19T19:31:23.2952247Z   disable-file-monitoring: false
test-ubuntu (3.14)	Pre Harden Runner (Endpoint Network Security)	2026-05-19T19:31:23.2952784Z   use-policy-store: false
test-ubuntu (3.14)	Pre Harden Runner (Endpoint Network Security)	2026-05-19T19:31:23.2953023Z   deploy-on-self-hosted-vm: false
test-ubuntu (3.14)	Pre Harden Runner (Endpoint Network Security)	2026-05-19T19:31:23.2953457Z env:
test-ubuntu (3.14)	Pre Harden Runner (Endpoint Network Security)	2026-05-19T19:31:23.2953660Z   FORCE_JAVASCRIPT_ACTIONS_TO_NODE24: true
test-ubuntu (3.14)	Pre Harden Runner (Endpoint Network Security)	2026-05-19T19:31:23.2953971Z   TEMPORAL_CI_NAMESPACE: coreason-ci-26120302019-1
test-ubuntu (3.14)	Pre Harden Runner (Endpoint Network Security)	2026-05-19T19:31:23.2954267Z   ORJSON_BUILD_FREETHREADED: 1
test-ubuntu (3.14)	Pre Harden Runner (Endpoint Network Security)	2026-05-19T19:31:23.2954487Z ##[endgroup]
test-ubuntu (3.14)	Pre Harden Runner (Endpoint Network Security)	2026-05-19T19:31:23.4290333Z [harden-runner] pre-step
test-ubuntu (3.14)	Pre Harden Runner (Endpoint Network Security)	2026-05-19T19:31:23.4291048Z [!] Current Configuration: 
test-ubuntu (3.14)	Pre Harden Runner (Endpoint Network Security)	2026-05-19T19:31:23.4294960Z {"repo":"CoReason-AI/coreason-ecosystem","run_id":"26120302019","correlation_id":"c47e51a0-259c-4ca8-b655-a0f941c366bd","working_directory":"/home/runner/work/coreason-ecosystem/coreason-ecosystem","api_url":"https://agent.api.stepsecurity.io/v1","telemetry_url":"https://prod.app-api.stepsecurity.io/v1","allowed_endpoints":"","egress_policy":"audit","disable_telemetry":false,"disable_sudo":false,"disable_sudo_and_containers":false,"disable_file_monitoring":false,"private":false,"is_github_hosted":true,"is_debug":false,"one_time_key":"","api_key":"","use_policy_store":false,"deploy_on_self_hosted_vm":false}
test-ubuntu (3.14)	Pre Harden Runner (Endpoint Network Security)	2026-05-19T19:31:23.4298802Z 
test-ubuntu (3.14)	Pre Harden Runner (Endpoint Network Security)	2026-05-19T19:31:23.4299433Z [32mView security insights and recommended policy at:[0m
test-ubuntu (3.14)	Pre Harden Runner (Endpoint Network Security)	2026-05-19T19:31:23.4300386Z https://app.stepsecurity.io/github/CoReason-AI/coreason-ecosystem/actions/runs/26120302019
test-ubuntu (3.14)	Pre Harden Runner (Endpoint Network Security)	2026-05-19T19:31:23.4301214Z RUNNER_NAME: GitHub Actions 1000023820
test-ubuntu (3.14)	Pre Harden Runner (Endpoint Network Security)	2026-05-19T19:31:29.8433421Z error in connecting to https://agent.api.stepsecurity.io/v1: HttpClientError: All attempts fail:
test-ubuntu (3.14)	Pre Harden Runner (Endpoint Network Security)	2026-05-19T19:31:29.8435590Z #1: GET https://api.github.com/repos/CoReason-AI/coreason-ecosystem/actions/runs/26120302019: 403 API rate limit exceeded for installation ID 76027990. If you reach out to GitHub Support for help, please include the request ID DCB2:15EE:19DAB55:1A14DED:6A0CBA8B and timestamp 2026-05-19 19:31:23 UTC. For more on scraping GitHub and how it may affect your rights, please review our Terms of Service (https://docs.github.com/en/site-policy/github-terms/github-terms-of-service) [rate reset in 50m51s]
test-ubuntu (3.14)	Pre Harden Runner (Endpoint Network Security)	2026-05-19T19:31:29.8438225Z #2: GET https://api.github.com/repos/CoReason-AI/coreason-ecosystem/actions/runs/26120302019: 403 API rate limit of 5000 still exceeded until 2026-05-19 20:22:21 +0000 UTC, not making remote request. [rate reset in 50m51s]
test-ubuntu (3.14)	Pre Harden Runner (Endpoint Network Security)	2026-05-19T19:31:29.8439522Z #3: GET https://api.github.com/repos/CoReason-AI/coreason-ecosystem/actions/runs/26120302019: 403 API rate limit of 5000 still exceeded until 2026-05-19 20:22:21 +0000 UTC, not making remote request. [rate reset in 50m51s]
test-ubuntu (3.14)	Pre Harden Runner (Endpoint Network Security)	2026-05-19T19:31:29.8440617Z Step Security Job Correlation ID: c47e51a0-259c-4ca8-b655-a0f941c366bd
test-ubuntu (3.14)	Pre Harden Runner (Endpoint Network Security)	2026-05-19T19:31:29.8654371Z [!] Checking TLS_STATUS: CoReason-AI
test-ubuntu (3.14)	Pre Harden Runner (Endpoint Network Security)	2026-05-19T19:31:30.0028060Z [!] TLS_NOT_ENABLED: CoReason-AI
test-ubuntu (3.14)	Pre Harden Runner (Endpoint Network Security)	2026-05-19T19:31:30.4337887Z Γ£à Checksum verification passed. checksum=e38de61e1afd98dd339bb9acce4996183875d482be1638fb198ab02b3e25bbef
test-ubuntu (3.14)	Pre Harden Runner (Endpoint Network Security)	2026-05-19T19:31:30.4427685Z [command]/usr/bin/tar xz --warning=no-unknown-keyword --overwrite -C /home/runner/work/_temp/0da69efa-b337-4e09-a939-da0bf6557608 -f /home/runner/work/_temp/11853b88-d81c-4a94-8669-755dc6cc4360
test-ubuntu (3.14)	Pre Harden Runner (Endpoint Network Security)	2026-05-19T19:31:34.5167748Z Initialized
test-ubuntu (3.14)	Harden Runner (Endpoint Network Security)	∩╗┐2026-05-19T19:31:34.5369954Z ##[group]Run step-security/harden-runner@ab7a9404c0f3da075243ca237b5fac12c98deaa5
test-ubuntu (3.14)	Harden Runner (Endpoint Network Security)	2026-05-19T19:31:34.5370425Z with:
test-ubuntu (3.14)	Harden Runner (Endpoint Network Security)	2026-05-19T19:31:34.5370622Z   egress-policy: audit
test-ubuntu (3.14)	Harden Runner (Endpoint Network Security)	2026-05-19T19:31:34.5370984Z   token: ***
test-ubuntu (3.14)	Harden Runner (Endpoint Network Security)	2026-05-19T19:31:34.5371195Z   disable-telemetry: false
test-ubuntu (3.14)	Harden Runner (Endpoint Network Security)	2026-05-19T19:31:34.5371469Z   disable-sudo: false
test-ubuntu (3.14)	Harden Runner (Endpoint Network Security)	2026-05-19T19:31:34.5371701Z   disable-sudo-and-containers: false
test-ubuntu (3.14)	Harden Runner (Endpoint Network Security)	2026-05-19T19:31:34.5371977Z   disable-file-monitoring: false
test-ubuntu (3.14)	Harden Runner (Endpoint Network Security)	2026-05-19T19:31:34.5372220Z   use-policy-store: false
test-ubuntu (3.14)	Harden Runner (Endpoint Network Security)	2026-05-19T19:31:34.5372455Z   deploy-on-self-hosted-vm: false
test-ubuntu (3.14)	Harden Runner (Endpoint Network Security)	2026-05-19T19:31:34.5372694Z env:
test-ubuntu (3.14)	Harden Runner (Endpoint Network Security)	2026-05-19T19:31:34.5372890Z   FORCE_JAVASCRIPT_ACTIONS_TO_NODE24: true
test-ubuntu (3.14)	Harden Runner (Endpoint Network Security)	2026-05-19T19:31:34.5373210Z   TEMPORAL_CI_NAMESPACE: coreason-ci-26120302019-1
test-ubuntu (3.14)	Harden Runner (Endpoint Network Security)	2026-05-19T19:31:34.5373522Z   ORJSON_BUILD_FREETHREADED: 1
test-ubuntu (3.14)	Harden Runner (Endpoint Network Security)	2026-05-19T19:31:34.5373977Z   STATE_disableSudo: false
test-ubuntu (3.14)	Harden Runner (Endpoint Network Security)	2026-05-19T19:31:34.5374230Z   STATE_disableSudoAndContainers: false
test-ubuntu (3.14)	Harden Runner (Endpoint Network Security)	2026-05-19T19:31:34.5374517Z   STATE_addSummary: false
test-ubuntu (3.14)	Harden Runner (Endpoint Network Security)	2026-05-19T19:31:34.5374792Z   STATE_correlation_id: c47e51a0-259c-4ca8-b655-a0f941c366bd
test-ubuntu (3.14)	Harden Runner (Endpoint Network Security)	2026-05-19T19:31:34.5375162Z   STATE_isTLS: false
test-ubuntu (3.14)	Harden Runner (Endpoint Network Security)	2026-05-19T19:31:34.5375394Z ##[endgroup]
test-ubuntu (3.14)	Harden Runner (Endpoint Network Security)	2026-05-19T19:31:34.6140653Z [harden-runner] main-step
test-ubuntu (3.14)	Harden Runner (Endpoint Network Security)	2026-05-19T19:31:34.6145390Z [32mView security insights and recommended policy at:[0m
test-ubuntu (3.14)	Harden Runner (Endpoint Network Security)	2026-05-19T19:31:34.6146296Z https://app.stepsecurity.io/github/CoReason-AI/coreason-ecosystem/actions/runs/26120302019
test-ubuntu (3.14)	Run actions/checkout@v6.0.2	∩╗┐2026-05-19T19:31:34.6307987Z ##[group]Run actions/checkout@v6.0.2
test-ubuntu (3.14)	Run actions/checkout@v6.0.2	2026-05-19T19:31:34.6308283Z with:
test-ubuntu (3.14)	Run actions/checkout@v6.0.2	2026-05-19T19:31:34.6308467Z   fetch-depth: 0
test-ubuntu (3.14)	Run actions/checkout@v6.0.2	2026-05-19T19:31:34.6308675Z   fetch-tags: true
test-ubuntu (3.14)	Run actions/checkout@v6.0.2	2026-05-19T19:31:34.6308909Z   repository: CoReason-AI/coreason-ecosystem
test-ubuntu (3.14)	Run actions/checkout@v6.0.2	2026-05-19T19:31:34.6309361Z   token: ***
test-ubuntu (3.14)	Run actions/checkout@v6.0.2	2026-05-19T19:31:34.6309555Z   ssh-strict: true
test-ubuntu (3.14)	Run actions/checkout@v6.0.2	2026-05-19T19:31:34.6309749Z   ssh-user: git
test-ubuntu (3.14)	Run actions/checkout@v6.0.2	2026-05-19T19:31:34.6309976Z   persist-credentials: true
test-ubuntu (3.14)	Run actions/checkout@v6.0.2	2026-05-19T19:31:34.6310216Z   clean: true
test-ubuntu (3.14)	Run actions/checkout@v6.0.2	2026-05-19T19:31:34.6310424Z   sparse-checkout-cone-mode: true
test-ubuntu (3.14)	Run actions/checkout@v6.0.2	2026-05-19T19:31:34.6310681Z   show-progress: true
test-ubuntu (3.14)	Run actions/checkout@v6.0.2	2026-05-19T19:31:34.6310888Z   lfs: false
test-ubuntu (3.14)	Run actions/checkout@v6.0.2	2026-05-19T19:31:34.6311071Z   submodules: false
test-ubuntu (3.14)	Run actions/checkout@v6.0.2	2026-05-19T19:31:34.6311283Z   set-safe-directory: true
test-ubuntu (3.14)	Run actions/checkout@v6.0.2	2026-05-19T19:31:34.6311506Z env:
test-ubuntu (3.14)	Run actions/checkout@v6.0.2	2026-05-19T19:31:34.6311702Z   FORCE_JAVASCRIPT_ACTIONS_TO_NODE24: true
test-ubuntu (3.14)	Run actions/checkout@v6.0.2	2026-05-19T19:31:34.6312014Z   TEMPORAL_CI_NAMESPACE: coreason-ci-26120302019-1
test-ubuntu (3.14)	Run actions/checkout@v6.0.2	2026-05-19T19:31:34.6312319Z   ORJSON_BUILD_FREETHREADED: 1
test-ubuntu (3.14)	Run actions/checkout@v6.0.2	2026-05-19T19:31:34.6312545Z ##[endgroup]
test-ubuntu (3.14)	Run actions/checkout@v6.0.2	2026-05-19T19:31:34.7244053Z Syncing repository: CoReason-AI/coreason-ecosystem
test-ubuntu (3.14)	Run actions/checkout@v6.0.2	2026-05-19T19:31:34.7245591Z ##[group]Getting Git version info
test-ubuntu (3.14)	Run actions/checkout@v6.0.2	2026-05-19T19:31:34.7246327Z Working directory is '/home/runner/work/coreason-ecosystem/coreason-ecosystem'
test-ubuntu (3.14)	Run actions/checkout@v6.0.2	2026-05-19T19:31:34.7247057Z [command]/usr/bin/git version
test-ubuntu (3.14)	Run actions/checkout@v6.0.2	2026-05-19T19:31:34.7309782Z git version 2.54.0
test-ubuntu (3.14)	Run actions/checkout@v6.0.2	2026-05-19T19:31:34.7364564Z ##[endgroup]
test-ubuntu (3.14)	Run actions/checkout@v6.0.2	2026-05-19T19:31:34.7379335Z Temporarily overriding HOME='/home/runner/work/_temp/6efda433-ba60-451b-96d8-fab138befa55' before making global git config changes
test-ubuntu (3.14)	Run actions/checkout@v6.0.2	2026-05-19T19:31:34.7380481Z Adding repository directory to the temporary git global config as a safe directory
test-ubuntu (3.14)	Run actions/checkout@v6.0.2	2026-05-19T19:31:34.7385119Z [command]/usr/bin/git config --global --add safe.directory /home/runner/work/coreason-ecosystem/coreason-ecosystem
test-ubuntu (3.14)	Run actions/checkout@v6.0.2	2026-05-19T19:31:34.7436937Z Deleting the contents of '/home/runner/work/coreason-ecosystem/coreason-ecosystem'
test-ubuntu (3.14)	Run actions/checkout@v6.0.2	2026-05-19T19:31:34.7441441Z ##[group]Initializing the repository
test-ubuntu (3.14)	Run actions/checkout@v6.0.2	2026-05-19T19:31:34.7446871Z [command]/usr/bin/git init /home/runner/work/coreason-ecosystem/coreason-ecosystem
test-ubuntu (3.14)	Run actions/checkout@v6.0.2	2026-05-19T19:31:34.7557124Z hint: Using 'master' as the name for the initial branch. This default branch name
test-ubuntu (3.14)	Run actions/checkout@v6.0.2	2026-05-19T19:31:34.7558195Z hint: will change to "main" in Git 3.0. To configure the initial branch name
test-ubuntu (3.14)	Run actions/checkout@v6.0.2	2026-05-19T19:31:34.7558985Z hint: to use in all of your new repositories, which will suppress this warning,
test-ubuntu (3.14)	Run actions/checkout@v6.0.2	2026-05-19T19:31:34.7559613Z hint: call:
test-ubuntu (3.14)	Run actions/checkout@v6.0.2	2026-05-19T19:31:34.7559898Z hint:
test-ubuntu (3.14)	Run actions/checkout@v6.0.2	2026-05-19T19:31:34.7560309Z hint: 	git config --global init.defaultBranch <name>
test-ubuntu (3.14)	Run actions/checkout@v6.0.2	2026-05-19T19:31:34.7560774Z hint:
test-ubuntu (3.14)	Run actions/checkout@v6.0.2	2026-05-19T19:31:34.7561229Z hint: Names commonly chosen instead of 'master' are 'main', 'trunk' and
test-ubuntu (3.14)	Run actions/checkout@v6.0.2	2026-05-19T19:31:34.7561973Z hint: 'development'. The just-created branch can be renamed via this command:
test-ubuntu (3.14)	Run actions/checkout@v6.0.2	2026-05-19T19:31:34.7562552Z hint:
test-ubuntu (3.14)	Run actions/checkout@v6.0.2	2026-05-19T19:31:34.7562839Z hint: 	git branch -m <name>
test-ubuntu (3.14)	Run actions/checkout@v6.0.2	2026-05-19T19:31:34.7563177Z hint:
test-ubuntu (3.14)	Run actions/checkout@v6.0.2	2026-05-19T19:31:34.7563651Z hint: Disable this message with "git config set advice.defaultBranchName false"
test-ubuntu (3.14)	Run actions/checkout@v6.0.2	2026-05-19T19:31:34.7564461Z Initialized empty Git repository in /home/runner/work/coreason-ecosystem/coreason-ecosystem/.git/
test-ubuntu (3.14)	Run actions/checkout@v6.0.2	2026-05-19T19:31:34.7574196Z [command]/usr/bin/git remote add origin https://github.com/CoReason-AI/coreason-ecosystem
test-ubuntu (3.14)	Run actions/checkout@v6.0.2	2026-05-19T19:31:34.7625003Z ##[endgroup]
test-ubuntu (3.14)	Run actions/checkout@v6.0.2	2026-05-19T19:31:34.7625629Z ##[group]Disabling automatic garbage collection
test-ubuntu (3.14)	Run actions/checkout@v6.0.2	2026-05-19T19:31:34.7630577Z [command]/usr/bin/git config --local gc.auto 0
test-ubuntu (3.14)	Run actions/checkout@v6.0.2	2026-05-19T19:31:34.7669665Z ##[endgroup]
test-ubuntu (3.14)	Run actions/checkout@v6.0.2	2026-05-19T19:31:34.7670209Z ##[group]Setting up auth
test-ubuntu (3.14)	Run actions/checkout@v6.0.2	2026-05-19T19:31:34.7670626Z Removing SSH command configuration
test-ubuntu (3.14)	Run actions/checkout@v6.0.2	2026-05-19T19:31:34.7678687Z [command]/usr/bin/git config --local --name-only --get-regexp core\.sshCommand
test-ubuntu (3.14)	Run actions/checkout@v6.0.2	2026-05-19T19:31:34.7721625Z [command]/usr/bin/git submodule foreach --recursive sh -c "git config --local --name-only --get-regexp 'core\.sshCommand' && git config --local --unset-all 'core.sshCommand' || :"
test-ubuntu (3.14)	Run actions/checkout@v6.0.2	2026-05-19T19:31:34.8161614Z Removing HTTP extra header
test-ubuntu (3.14)	Run actions/checkout@v6.0.2	2026-05-19T19:31:34.8167779Z [command]/usr/bin/git config --local --name-only --get-regexp http\.https\:\/\/github\.com\/\.extraheader
test-ubuntu (3.14)	Run actions/checkout@v6.0.2	2026-05-19T19:31:34.8204614Z [command]/usr/bin/git submodule foreach --recursive sh -c "git config --local --name-only --get-regexp 'http\.https\:\/\/github\.com\/\.extraheader' && git config --local --unset-all 'http.https://github.com/.extraheader' || :"
test-ubuntu (3.14)	Run actions/checkout@v6.0.2	2026-05-19T19:31:34.8471231Z Removing includeIf entries pointing to credentials config files
test-ubuntu (3.14)	Run actions/checkout@v6.0.2	2026-05-19T19:31:34.8478662Z [command]/usr/bin/git config --local --name-only --get-regexp ^includeIf\.gitdir:
test-ubuntu (3.14)	Run actions/checkout@v6.0.2	2026-05-19T19:31:34.8516339Z [command]/usr/bin/git submodule foreach --recursive git config --local --show-origin --name-only --get-regexp remote.origin.url
test-ubuntu (3.14)	Run actions/checkout@v6.0.2	2026-05-19T19:31:34.8785343Z [command]/usr/bin/git config --file /home/runner/work/_temp/git-credentials-180bc524-33cd-4173-985c-afc17a36eaf0.config http.https://github.com/.extraheader AUTHORIZATION: basic ***
test-ubuntu (3.14)	Run actions/checkout@v6.0.2	2026-05-19T19:31:34.8827727Z [command]/usr/bin/git config --local includeIf.gitdir:/home/runner/work/coreason-ecosystem/coreason-ecosystem/.git.path /home/runner/work/_temp/git-credentials-180bc524-33cd-4173-985c-afc17a36eaf0.config
test-ubuntu (3.14)	Run actions/checkout@v6.0.2	2026-05-19T19:31:34.8863852Z [command]/usr/bin/git config --local includeIf.gitdir:/home/runner/work/coreason-ecosystem/coreason-ecosystem/.git/worktrees/*.path /home/runner/work/_temp/git-credentials-180bc524-33cd-4173-985c-afc17a36eaf0.config
test-ubuntu (3.14)	Run actions/checkout@v6.0.2	2026-05-19T19:31:34.8900422Z [command]/usr/bin/git config --local includeIf.gitdir:/github/workspace/.git.path /github/runner_temp/git-credentials-180bc524-33cd-4173-985c-afc17a36eaf0.config
test-ubuntu (3.14)	Run actions/checkout@v6.0.2	2026-05-19T19:31:34.8937151Z [command]/usr/bin/git config --local includeIf.gitdir:/github/workspace/.git/worktrees/*.path /github/runner_temp/git-credentials-180bc524-33cd-4173-985c-afc17a36eaf0.config
test-ubuntu (3.14)	Run actions/checkout@v6.0.2	2026-05-19T19:31:34.8969261Z ##[endgroup]
test-ubuntu (3.14)	Run actions/checkout@v6.0.2	2026-05-19T19:31:34.8969817Z ##[group]Fetching the repository
test-ubuntu (3.14)	Run actions/checkout@v6.0.2	2026-05-19T19:31:34.8979924Z [command]/usr/bin/git -c protocol.version=2 fetch --no-tags --prune --no-recurse-submodules origin +refs/heads/*:refs/remotes/origin/* +refs/tags/*:refs/tags/*
test-ubuntu (3.14)	Run actions/checkout@v6.0.2	2026-05-19T19:31:36.3997756Z From https://github.com/CoReason-AI/coreason-ecosystem
test-ubuntu (3.14)	Run actions/checkout@v6.0.2	2026-05-19T19:31:36.3999148Z  * [new branch]      20260420_refactor_changes_failed -> origin/20260420_refactor_changes_failed
test-ubuntu (3.14)	Run actions/checkout@v6.0.2	2026-05-19T19:31:36.4000186Z  * [new branch]      20260420_refactor_changes_v2 -> origin/20260420_refactor_changes_v2
test-ubuntu (3.14)	Run actions/checkout@v6.0.2	2026-05-19T19:31:36.4001484Z  * [new branch]      20260426_security_fix   -> origin/20260426_security_fix
test-ubuntu (3.14)	Run actions/checkout@v6.0.2	2026-05-19T19:31:36.4002777Z  * [new branch]      20260427_hetzner_cicd_support -> origin/20260427_hetzner_cicd_support
test-ubuntu (3.14)	Run actions/checkout@v6.0.2	2026-05-19T19:31:36.4004002Z  * [new branch]      20260428_bug_fix        -> origin/20260428_bug_fix
test-ubuntu (3.14)	Run actions/checkout@v6.0.2	2026-05-19T19:31:36.4004902Z  * [new branch]      20260504-distributed-cid -> origin/20260504-distributed-cid
test-ubuntu (3.14)	Run actions/checkout@v6.0.2	2026-05-19T19:31:36.4005879Z  * [new branch]      20260504-mcp-gpu        -> origin/20260504-mcp-gpu
test-ubuntu (3.14)	Run actions/checkout@v6.0.2	2026-05-19T19:31:36.4006866Z  * [new branch]      20260504_bug_fix        -> origin/20260504_bug_fix
test-ubuntu (3.14)	Run actions/checkout@v6.0.2	2026-05-19T19:31:36.4007837Z  * [new branch]      20260505-astral-setup   -> origin/20260505-astral-setup
test-ubuntu (3.14)	Run actions/checkout@v6.0.2	2026-05-19T19:31:36.4008937Z  * [new branch]      20260505-mcp-universal  -> origin/20260505-mcp-universal
test-ubuntu (3.14)	Run actions/checkout@v6.0.2	2026-05-19T19:31:36.4009888Z  * [new branch]      20260505-remove-banned-words -> origin/20260505-remove-banned-words
test-ubuntu (3.14)	Run actions/checkout@v6.0.2	2026-05-19T19:31:36.4011003Z  * [new branch]      20260506_fix_test_coverage -> origin/20260506_fix_test_coverage
test-ubuntu (3.14)	Run actions/checkout@v6.0.2	2026-05-19T19:31:36.4012498Z  * [new branch]      20260507-pypi-typeb     -> origin/20260507-pypi-typeb
test-ubuntu (3.14)	Run actions/checkout@v6.0.2	2026-05-19T19:31:36.4013187Z  * [new branch]      20260509-claw-code      -> origin/20260509-claw-code
test-ubuntu (3.14)	Run actions/checkout@v6.0.2	2026-05-19T19:31:36.4014245Z  * [new branch]      20260509-nemoclaw       -> origin/20260509-nemoclaw
test-ubuntu (3.14)	Run actions/checkout@v6.0.2	2026-05-19T19:31:36.4014906Z  * [new branch]      20260509-nemoclaw-117   -> origin/20260509-nemoclaw-117
test-ubuntu (3.14)	Run actions/checkout@v6.0.2	2026-05-19T19:31:36.4016167Z  * [new branch]      20260509-nemoclaw-by-issue -> origin/20260509-nemoclaw-by-issue
test-ubuntu (3.14)	Run actions/checkout@v6.0.2	2026-05-19T19:31:36.4017049Z  * [new branch]      20260509_remove_wheels  -> origin/20260509_remove_wheels
test-ubuntu (3.14)	Run actions/checkout@v6.0.2	2026-05-19T19:31:36.4018650Z  * [new branch]      20260512-security-vulnerabilities -> origin/20260512-security-vulnerabilities
test-ubuntu (3.14)	Run actions/checkout@v6.0.2	2026-05-19T19:31:36.4019793Z  * [new branch]      20260513-emo-guardrails -> origin/20260513-emo-guardrails
test-ubuntu (3.14)	Run actions/checkout@v6.0.2	2026-05-19T19:31:36.4021053Z  * [new branch]      20260514_challenge-x01-bootstrapper-ignition -> origin/20260514_challenge-x01-bootstrapper-ignition
test-ubuntu (3.14)	Run actions/checkout@v6.0.2	2026-05-19T19:31:36.4022184Z  * [new branch]      20260515-Wasmtime       -> origin/20260515-Wasmtime
test-ubuntu (3.14)	Run actions/checkout@v6.0.2	2026-05-19T19:31:36.4023065Z  * [new branch]      20260515_nemoclaw       -> origin/20260515_nemoclaw
test-ubuntu (3.14)	Run actions/checkout@v6.0.2	2026-05-19T19:31:36.4024510Z  * [new branch]      chore/routellm-migration-15381362976981835929 -> origin/chore/routellm-migration-15381362976981835929
test-ubuntu (3.14)	Run actions/checkout@v6.0.2	2026-05-19T19:31:36.4025790Z  * [new branch]      chore/update-manifest-v0.60.0 -> origin/chore/update-manifest-v0.60.0
test-ubuntu (3.14)	Run actions/checkout@v6.0.2	2026-05-19T19:31:36.4027540Z  * [new branch]      code-health-refactor-import-14949649152786451155 -> origin/code-health-refactor-import-14949649152786451155
test-ubuntu (3.14)	Run actions/checkout@v6.0.2	2026-05-19T19:31:36.4029856Z  * [new branch]      code-health/move-importlib-metadata-import-162976968349612797 -> origin/code-health/move-importlib-metadata-import-162976968349612797
test-ubuntu (3.14)	Run actions/checkout@v6.0.2	2026-05-19T19:31:36.4032018Z  * [new branch]      code-health/sync-move-shutil-import-13577813769334707905 -> origin/code-health/sync-move-shutil-import-13577813769334707905
test-ubuntu (3.14)	Run actions/checkout@v6.0.2	2026-05-19T19:31:36.4033619Z  * [new branch]      develop                 -> origin/develop
test-ubuntu (3.14)	Run actions/checkout@v6.0.2	2026-05-19T19:31:36.4034797Z  * [new branch]      epic-3b-zero-trust-federation -> origin/epic-3b-zero-trust-federation
test-ubuntu (3.14)	Run actions/checkout@v6.0.2	2026-05-19T19:31:36.4035714Z  * [new branch]      feat/add-osv-scanner    -> origin/feat/add-osv-scanner
test-ubuntu (3.14)	Run actions/checkout@v6.0.2	2026-05-19T19:31:36.4036956Z  * [new branch]      feat/add-security-scans -> origin/feat/add-security-scans
test-ubuntu (3.14)	Run actions/checkout@v6.0.2	2026-05-19T19:31:36.4038479Z  * [new branch]      feat/async-build-optimization-12466923084518938886 -> origin/feat/async-build-optimization-12466923084518938886
test-ubuntu (3.14)	Run actions/checkout@v6.0.2	2026-05-19T19:31:36.4039782Z  * [new branch]      feat/remove-chaos-ontology -> origin/feat/remove-chaos-ontology
test-ubuntu (3.14)	Run actions/checkout@v6.0.2	2026-05-19T19:31:36.4040951Z  * [new branch]      feat/zero-trust-schema-routing -> origin/feat/zero-trust-schema-routing
test-ubuntu (3.14)	Run actions/checkout@v6.0.2	2026-05-19T19:31:36.4082115Z  * [new branch]      feature/devcontainer-setup -> origin/feature/devcontainer-setup
test-ubuntu (3.14)	Run actions/checkout@v6.0.2	2026-05-19T19:31:36.4083444Z  * [new branch]      feature/thermodynamic-provisioner-18250714505916714105 -> origin/feature/thermodynamic-provisioner-18250714505916714105
test-ubuntu (3.14)	Run actions/checkout@v6.0.2	2026-05-19T19:31:36.4085031Z  * [new branch]      fix-build-orchestration-bugs-12230873768734612127 -> origin/fix-build-orchestration-bugs-12230873768734612127
test-ubuntu (3.14)	Run actions/checkout@v6.0.2	2026-05-19T19:31:36.4086491Z  * [new branch]      fix-build-portability-compilation -> origin/fix-build-portability-compilation
test-ubuntu (3.14)	Run actions/checkout@v6.0.2	2026-05-19T19:31:36.4087413Z  * [new branch]      fix-init-scaffolding    -> origin/fix-init-scaffolding
test-ubuntu (3.14)	Run actions/checkout@v6.0.2	2026-05-19T19:31:36.4088638Z  * [new branch]      fix-multiple-exception-syntax-error-1278816381846041801 -> origin/fix-multiple-exception-syntax-error-1278816381846041801
test-ubuntu (3.14)	Run actions/checkout@v6.0.2	2026-05-19T19:31:36.4089849Z  * [new branch]      fix-tests-coverage      -> origin/fix-tests-coverage
test-ubuntu (3.14)	Run actions/checkout@v6.0.2	2026-05-19T19:31:36.4090638Z  * [new branch]      fix/build-output-deadlock -> origin/fix/build-output-deadlock
test-ubuntu (3.14)	Run actions/checkout@v6.0.2	2026-05-19T19:31:36.4091527Z  * [new branch]      fix/cli-up-idempotent-compose -> origin/fix/cli-up-idempotent-compose
test-ubuntu (3.14)	Run actions/checkout@v6.0.2	2026-05-19T19:31:36.4092827Z  * [new branch]      fix/coreason-doctor-diagnostics -> origin/fix/coreason-doctor-diagnostics
test-ubuntu (3.14)	Run actions/checkout@v6.0.2	2026-05-19T19:31:36.4093705Z  * [new branch]      fix/coreason-sync-bugs  -> origin/fix/coreason-sync-bugs
test-ubuntu (3.14)	Run actions/checkout@v6.0.2	2026-05-19T19:31:36.4094511Z  * [new branch]      fix/ecosystem-pypi-publish -> origin/fix/ecosystem-pypi-publish
test-ubuntu (3.14)	Run actions/checkout@v6.0.2	2026-05-19T19:31:36.4095482Z  * [new branch]      fix/issue-185-decommission-nemoclaw -> origin/fix/issue-185-decommission-nemoclaw
test-ubuntu (3.14)	Run actions/checkout@v6.0.2	2026-05-19T19:31:36.4096666Z  * [new branch]      fix/release-please-version-sync -> origin/fix/release-please-version-sync
test-ubuntu (3.14)	Run actions/checkout@v6.0.2	2026-05-19T19:31:36.4097483Z  * [new branch]      gh-pages                -> origin/gh-pages
test-ubuntu (3.14)	Run actions/checkout@v6.0.2	2026-05-19T19:31:36.4098515Z  * [new branch]      jules-16954456911749126828-49d248f8 -> origin/jules-16954456911749126828-49d248f8
test-ubuntu (3.14)	Run actions/checkout@v6.0.2	2026-05-19T19:31:36.4099823Z  * [new branch]      jules/refactor-nemoclaw-cognition-9937112628089738026 -> origin/jules/refactor-nemoclaw-cognition-9937112628089738026
test-ubuntu (3.14)	Run actions/checkout@v6.0.2	2026-05-19T19:31:36.4100911Z  * [new branch]      local-fixes             -> origin/local-fixes
test-ubuntu (3.14)	Run actions/checkout@v6.0.2	2026-05-19T19:31:36.4101492Z  * [new branch]      main                    -> origin/main
test-ubuntu (3.14)	Run actions/checkout@v6.0.2	2026-05-19T19:31:36.4102044Z  * [new branch]      main_old                -> origin/main_old
test-ubuntu (3.14)	Run actions/checkout@v6.0.2	2026-05-19T19:31:36.4103063Z  * [new branch]      perf/optimize-epistemic-root-10689789879797462475 -> origin/perf/optimize-epistemic-root-10689789879797462475
test-ubuntu (3.14)	Run actions/checkout@v6.0.2	2026-05-19T19:31:36.4104820Z  * [new branch]      release-please--branches--main--components--coreason_ecosystem -> origin/release-please--branches--main--components--coreason_ecosystem
test-ubuntu (3.14)	Run actions/checkout@v6.0.2	2026-05-19T19:31:36.4106284Z  * [new branch]      released-version        -> origin/released-version
test-ubuntu (3.14)	Run actions/checkout@v6.0.2	2026-05-19T19:31:36.4107212Z  * [new branch]      revert-97-20260427_hetzner_cicd_support -> origin/revert-97-20260427_hetzner_cicd_support
test-ubuntu (3.14)	Run actions/checkout@v6.0.2	2026-05-19T19:31:36.4108155Z  * [new branch]      security-vulnerability  -> origin/security-vulnerability
test-ubuntu (3.14)	Run actions/checkout@v6.0.2	2026-05-19T19:31:36.4108886Z  * [new branch]      tempdevelop             -> origin/tempdevelop
test-ubuntu (3.14)	Run actions/checkout@v6.0.2	2026-05-19T19:31:36.4110101Z  * [new branch]      testing-improvement-build-json-error-10728014757838884648 -> origin/testing-improvement-build-json-error-10728014757838884648
test-ubuntu (3.14)	Run actions/checkout@v6.0.2	2026-05-19T19:31:36.4111800Z  * [new branch]      testing/version-callback-local-dev-14700367787174930128 -> origin/testing/version-callback-local-dev-14700367787174930128
test-ubuntu (3.14)	Run actions/checkout@v6.0.2	2026-05-19T19:31:36.4112849Z  * [new tag]         v0.1.0                  -> v0.1.0
test-ubuntu (3.14)	Run actions/checkout@v6.0.2	2026-05-19T19:31:36.4113429Z  * [new tag]         v0.1.1                  -> v0.1.1
test-ubuntu (3.14)	Run actions/checkout@v6.0.2	2026-05-19T19:31:36.4113940Z  * [new tag]         v0.10.0                 -> v0.10.0
test-ubuntu (3.14)	Run actions/checkout@v6.0.2	2026-05-19T19:31:36.4114411Z  * [new tag]         v0.11.0                 -> v0.11.0
test-ubuntu (3.14)	Run actions/checkout@v6.0.2	2026-05-19T19:31:36.4114877Z  * [new tag]         v0.12.0                 -> v0.12.0
test-ubuntu (3.14)	Run actions/checkout@v6.0.2	2026-05-19T19:31:36.4115331Z  * [new tag]         v0.13.0                 -> v0.13.0
test-ubuntu (3.14)	Run actions/checkout@v6.0.2	2026-05-19T19:31:36.4115796Z  * [new tag]         v0.14.0                 -> v0.14.0
test-ubuntu (3.14)	Run actions/checkout@v6.0.2	2026-05-19T19:31:36.4116406Z  * [new tag]         v0.14.1                 -> v0.14.1
test-ubuntu (3.14)	Run actions/checkout@v6.0.2	2026-05-19T19:31:36.4116862Z  * [new tag]         v0.15.0                 -> v0.15.0
test-ubuntu (3.14)	Run actions/checkout@v6.0.2	2026-05-19T19:31:36.4117338Z  * [new tag]         v0.15.1                 -> v0.15.1
test-ubuntu (3.14)	Run actions/checkout@v6.0.2	2026-05-19T19:31:36.4117792Z  * [new tag]         v0.16.0                 -> v0.16.0
test-ubuntu (3.14)	Run actions/checkout@v6.0.2	2026-05-19T19:31:36.4118263Z  * [new tag]         v0.16.1                 -> v0.16.1
test-ubuntu (3.14)	Run actions/checkout@v6.0.2	2026-05-19T19:31:36.4118764Z  * [new tag]         v0.17.0                 -> v0.17.0
test-ubuntu (3.14)	Run actions/checkout@v6.0.2	2026-05-19T19:31:36.4119215Z  * [new tag]         v0.17.1                 -> v0.17.1
test-ubuntu (3.14)	Run actions/checkout@v6.0.2	2026-05-19T19:31:36.4119667Z  * [new tag]         v0.2.0                  -> v0.2.0
test-ubuntu (3.14)	Run actions/checkout@v6.0.2	2026-05-19T19:31:36.4120124Z  * [new tag]         v0.2.1                  -> v0.2.1
test-ubuntu (3.14)	Run actions/checkout@v6.0.2	2026-05-19T19:31:36.4120622Z  * [new tag]         v0.22.0                 -> v0.22.0
test-ubuntu (3.14)	Run actions/checkout@v6.0.2	2026-05-19T19:31:36.4121080Z  * [new tag]         v0.23.0                 -> v0.23.0
test-ubuntu (3.14)	Run actions/checkout@v6.0.2	2026-05-19T19:31:36.4121526Z  * [new tag]         v0.23.1                 -> v0.23.1
test-ubuntu (3.14)	Run actions/checkout@v6.0.2	2026-05-19T19:31:36.4121980Z  * [new tag]         v0.23.2                 -> v0.23.2
test-ubuntu (3.14)	Run actions/checkout@v6.0.2	2026-05-19T19:31:36.4122674Z  * [new tag]         v0.24.0                 -> v0.24.0
test-ubuntu (3.14)	Run actions/checkout@v6.0.2	2026-05-19T19:31:36.4123099Z  * [new tag]         v0.24.1                 -> v0.24.1
test-ubuntu (3.14)	Run actions/checkout@v6.0.2	2026-05-19T19:31:36.4123554Z  * [new tag]         v0.25.0                 -> v0.25.0
test-ubuntu (3.14)	Run actions/checkout@v6.0.2	2026-05-19T19:31:36.4124009Z  * [new tag]         v0.26.0                 -> v0.26.0
test-ubuntu (3.14)	Run actions/checkout@v6.0.2	2026-05-19T19:31:36.4124462Z  * [new tag]         v0.27.0                 -> v0.27.0
test-ubuntu (3.14)	Run actions/checkout@v6.0.2	2026-05-19T19:31:36.4124918Z  * [new tag]         v0.27.1                 -> v0.27.1
test-ubuntu (3.14)	Run actions/checkout@v6.0.2	2026-05-19T19:31:36.4125377Z  * [new tag]         v0.27.2                 -> v0.27.2
test-ubuntu (3.14)	Run actions/checkout@v6.0.2	2026-05-19T19:31:36.4125823Z  * [new tag]         v0.28.0                 -> v0.28.0
test-ubuntu (3.14)	Run actions/checkout@v6.0.2	2026-05-19T19:31:36.4126633Z  * [new tag]         v0.29.0                 -> v0.29.0
test-ubuntu (3.14)	Run actions/checkout@v6.0.2	2026-05-19T19:31:36.4127096Z  * [new tag]         v0.29.1                 -> v0.29.1
test-ubuntu (3.14)	Run actions/checkout@v6.0.2	2026-05-19T19:31:36.4127553Z  * [new tag]         v0.3.0                  -> v0.3.0
test-ubuntu (3.14)	Run actions/checkout@v6.0.2	2026-05-19T19:31:36.4128006Z  * [new tag]         v0.30.0                 -> v0.30.0
test-ubuntu (3.14)	Run actions/checkout@v6.0.2	2026-05-19T19:31:36.4128461Z  * [new tag]         v0.31.0                 -> v0.31.0
test-ubuntu (3.14)	Run actions/checkout@v6.0.2	2026-05-19T19:31:36.4128913Z  * [new tag]         v0.32.0                 -> v0.32.0
test-ubuntu (3.14)	Run actions/checkout@v6.0.2	2026-05-19T19:31:36.4129353Z  * [new tag]         v0.33.0                 -> v0.33.0
test-ubuntu (3.14)	Run actions/checkout@v6.0.2	2026-05-19T19:31:36.4129830Z  * [new tag]         v0.34.0                 -> v0.34.0
test-ubuntu (3.14)	Run actions/checkout@v6.0.2	2026-05-19T19:31:36.4130299Z  * [new tag]         v0.35.0                 -> v0.35.0
test-ubuntu (3.14)	Run actions/checkout@v6.0.2	2026-05-19T19:31:36.4130745Z  * [new tag]         v0.36.0                 -> v0.36.0
test-ubuntu (3.14)	Run actions/checkout@v6.0.2	2026-05-19T19:31:36.4131206Z  * [new tag]         v0.37.0                 -> v0.37.0
test-ubuntu (3.14)	Run actions/checkout@v6.0.2	2026-05-19T19:31:36.4131662Z  * [new tag]         v0.38.0                 -> v0.38.0
test-ubuntu (3.14)	Run actions/checkout@v6.0.2	2026-05-19T19:31:36.4132120Z  * [new tag]         v0.38.1                 -> v0.38.1
test-ubuntu (3.14)	Run actions/checkout@v6.0.2	2026-05-19T19:31:36.4132578Z  * [new tag]         v0.38.3                 -> v0.38.3
test-ubuntu (3.14)	Run actions/checkout@v6.0.2	2026-05-19T19:31:36.4133036Z  * [new tag]         v0.38.4                 -> v0.38.4
test-ubuntu (3.14)	Run actions/checkout@v6.0.2	2026-05-19T19:31:36.4133494Z  * [new tag]         v0.38.5                 -> v0.38.5
test-ubuntu (3.14)	Run actions/checkout@v6.0.2	2026-05-19T19:31:36.4133950Z  * [new tag]         v0.39.0                 -> v0.39.0
test-ubuntu (3.14)	Run actions/checkout@v6.0.2	2026-05-19T19:31:36.4134407Z  * [new tag]         v0.39.1                 -> v0.39.1
test-ubuntu (3.14)	Run actions/checkout@v6.0.2	2026-05-19T19:31:36.4134872Z  * [new tag]         v0.4.0                  -> v0.4.0
test-ubuntu (3.14)	Run actions/checkout@v6.0.2	2026-05-19T19:31:36.4135332Z  * [new tag]         v0.40.0                 -> v0.40.0
test-ubuntu (3.14)	Run actions/checkout@v6.0.2	2026-05-19T19:31:36.4135760Z  * [new tag]         v0.40.1                 -> v0.40.1
test-ubuntu (3.14)	Run actions/checkout@v6.0.2	2026-05-19T19:31:36.4136374Z  * [new tag]         v0.41.0                 -> v0.41.0
test-ubuntu (3.14)	Run actions/checkout@v6.0.2	2026-05-19T19:31:36.4136816Z  * [new tag]         v0.42.0                 -> v0.42.0
test-ubuntu (3.14)	Run actions/checkout@v6.0.2	2026-05-19T19:31:36.4137269Z  * [new tag]         v0.43.0                 -> v0.43.0
test-ubuntu (3.14)	Run actions/checkout@v6.0.2	2026-05-19T19:31:36.4137725Z  * [new tag]         v0.43.1                 -> v0.43.1
test-ubuntu (3.14)	Run actions/checkout@v6.0.2	2026-05-19T19:31:36.4138180Z  * [new tag]         v0.44.0                 -> v0.44.0
test-ubuntu (3.14)	Run actions/checkout@v6.0.2	2026-05-19T19:31:36.4138635Z  * [new tag]         v0.45.0                 -> v0.45.0
test-ubuntu (3.14)	Run actions/checkout@v6.0.2	2026-05-19T19:31:36.4139086Z  * [new tag]         v0.45.1                 -> v0.45.1
test-ubuntu (3.14)	Run actions/checkout@v6.0.2	2026-05-19T19:31:36.4139548Z  * [new tag]         v0.5.0                  -> v0.5.0
test-ubuntu (3.14)	Run actions/checkout@v6.0.2	2026-05-19T19:31:36.4139992Z  * [new tag]         v0.6.0                  -> v0.6.0
test-ubuntu (3.14)	Run actions/checkout@v6.0.2	2026-05-19T19:31:36.4140446Z  * [new tag]         v0.7.0                  -> v0.7.0
test-ubuntu (3.14)	Run actions/checkout@v6.0.2	2026-05-19T19:31:36.4140900Z  * [new tag]         v0.8.0                  -> v0.8.0
test-ubuntu (3.14)	Run actions/checkout@v6.0.2	2026-05-19T19:31:36.4141350Z  * [new tag]         v0.9.0                  -> v0.9.0
test-ubuntu (3.14)	Run actions/checkout@v6.0.2	2026-05-19T19:31:36.4141806Z  * [new tag]         v0.9.1                  -> v0.9.1
test-ubuntu (3.14)	Run actions/checkout@v6.0.2	2026-05-19T19:31:36.4142257Z  * [new tag]         v0.9.2                  -> v0.9.2
test-ubuntu (3.14)	Run actions/checkout@v6.0.2	2026-05-19T19:31:36.4142702Z  * [new tag]         v0.9.3                  -> v0.9.3
test-ubuntu (3.14)	Run actions/checkout@v6.0.2	2026-05-19T19:31:36.4143160Z  * [new tag]         v0.9.4                  -> v0.9.4
test-ubuntu (3.14)	Run actions/checkout@v6.0.2	2026-05-19T19:31:36.4143615Z  * [new tag]         v0.9.5                  -> v0.9.5
test-ubuntu (3.14)	Run actions/checkout@v6.0.2	2026-05-19T19:31:36.4144057Z  * [new tag]         v0.9.6                  -> v0.9.6
test-ubuntu (3.14)	Run actions/checkout@v6.0.2	2026-05-19T19:31:36.4330059Z [command]/usr/bin/git branch --list --remote origin/main
test-ubuntu (3.14)	Run actions/checkout@v6.0.2	2026-05-19T19:31:36.4369471Z   origin/main
test-ubuntu (3.14)	Run actions/checkout@v6.0.2	2026-05-19T19:31:36.4374979Z [command]/usr/bin/git rev-parse refs/remotes/origin/main
test-ubuntu (3.14)	Run actions/checkout@v6.0.2	2026-05-19T19:31:36.4404086Z 22bab08def3aeb5aa44a3ae9cfff455eb780572c
test-ubuntu (3.14)	Run actions/checkout@v6.0.2	2026-05-19T19:31:36.4409079Z ##[endgroup]
test-ubuntu (3.14)	Run actions/checkout@v6.0.2	2026-05-19T19:31:36.4409629Z ##[group]Determining the checkout info
test-ubuntu (3.14)	Run actions/checkout@v6.0.2	2026-05-19T19:31:36.4410826Z ##[endgroup]
test-ubuntu (3.14)	Run actions/checkout@v6.0.2	2026-05-19T19:31:36.4417778Z [command]/usr/bin/git sparse-checkout disable
test-ubuntu (3.14)	Run actions/checkout@v6.0.2	2026-05-19T19:31:36.4473877Z [command]/usr/bin/git config --local --unset-all extensions.worktreeConfig
test-ubuntu (3.14)	Run actions/checkout@v6.0.2	2026-05-19T19:31:36.4508333Z ##[group]Checking out the ref
test-ubuntu (3.14)	Run actions/checkout@v6.0.2	2026-05-19T19:31:36.4512683Z [command]/usr/bin/git checkout --progress --force -B main refs/remotes/origin/main
test-ubuntu (3.14)	Run actions/checkout@v6.0.2	2026-05-19T19:31:36.4841576Z Switched to a new branch 'main'
test-ubuntu (3.14)	Run actions/checkout@v6.0.2	2026-05-19T19:31:36.4843710Z branch 'main' set up to track 'origin/main'.
test-ubuntu (3.14)	Run actions/checkout@v6.0.2	2026-05-19T19:31:36.4852618Z ##[endgroup]
test-ubuntu (3.14)	Run actions/checkout@v6.0.2	2026-05-19T19:31:36.4906180Z [command]/usr/bin/git log -1 --format=%H
test-ubuntu (3.14)	Run actions/checkout@v6.0.2	2026-05-19T19:31:36.4939610Z 22bab08def3aeb5aa44a3ae9cfff455eb780572c
test-ubuntu (3.14)	Extract coreason-manifest version	∩╗┐2026-05-19T19:31:36.5094345Z ##[group]Run python -c "import re; m = re.search(r'coreason-manifest==([0-9]+\.[0-9]+\.[0-9]+)', open('pyproject.toml').read()); print('MANIFEST_VERSION=v' + m.group(1)) if m else exit(1)" >> "$GITHUB_ENV"
test-ubuntu (3.14)	Extract coreason-manifest version	2026-05-19T19:31:36.5095724Z [36;1mpython -c "import re; m = re.search(r'coreason-manifest==([0-9]+\.[0-9]+\.[0-9]+)', open('pyproject.toml').read()); print('MANIFEST_VERSION=v' + m.group(1)) if m else exit(1)" >> "$GITHUB_ENV"[0m
test-ubuntu (3.14)	Extract coreason-manifest version	2026-05-19T19:31:36.5136483Z shell: /usr/bin/bash --noprofile --norc -e -o pipefail {0}
test-ubuntu (3.14)	Extract coreason-manifest version	2026-05-19T19:31:36.5136851Z env:
test-ubuntu (3.14)	Extract coreason-manifest version	2026-05-19T19:31:36.5137067Z   FORCE_JAVASCRIPT_ACTIONS_TO_NODE24: true
test-ubuntu (3.14)	Extract coreason-manifest version	2026-05-19T19:31:36.5137384Z   TEMPORAL_CI_NAMESPACE: coreason-ci-26120302019-1
test-ubuntu (3.14)	Extract coreason-manifest version	2026-05-19T19:31:36.5137692Z   ORJSON_BUILD_FREETHREADED: 1
test-ubuntu (3.14)	Extract coreason-manifest version	2026-05-19T19:31:36.5137923Z ##[endgroup]
test-ubuntu (3.14)	Checkout coreason-manifest	∩╗┐2026-05-19T19:31:36.5529712Z ##[group]Run actions/checkout@v6.0.2
test-ubuntu (3.14)	Checkout coreason-manifest	2026-05-19T19:31:36.5530007Z with:
test-ubuntu (3.14)	Checkout coreason-manifest	2026-05-19T19:31:36.5530227Z   repository: CoReason-AI/coreason-manifest
test-ubuntu (3.14)	Checkout coreason-manifest	2026-05-19T19:31:36.5530506Z   ref: v0.84.1
test-ubuntu (3.14)	Checkout coreason-manifest	2026-05-19T19:31:36.5530733Z   path: coreason-manifest
test-ubuntu (3.14)	Checkout coreason-manifest	2026-05-19T19:31:36.5531382Z   token: ***
test-ubuntu (3.14)	Checkout coreason-manifest	2026-05-19T19:31:36.5531589Z   fetch-depth: 0
test-ubuntu (3.14)	Checkout coreason-manifest	2026-05-19T19:31:36.5531791Z   fetch-tags: true
test-ubuntu (3.14)	Checkout coreason-manifest	2026-05-19T19:31:36.5531982Z   ssh-strict: true
test-ubuntu (3.14)	Checkout coreason-manifest	2026-05-19T19:31:36.5532168Z   ssh-user: git
test-ubuntu (3.14)	Checkout coreason-manifest	2026-05-19T19:31:36.5532373Z   persist-credentials: true
test-ubuntu (3.14)	Checkout coreason-manifest	2026-05-19T19:31:36.5532596Z   clean: true
test-ubuntu (3.14)	Checkout coreason-manifest	2026-05-19T19:31:36.5532803Z   sparse-checkout-cone-mode: true
test-ubuntu (3.14)	Checkout coreason-manifest	2026-05-19T19:31:36.5533056Z   show-progress: true
test-ubuntu (3.14)	Checkout coreason-manifest	2026-05-19T19:31:36.5533258Z   lfs: false
test-ubuntu (3.14)	Checkout coreason-manifest	2026-05-19T19:31:36.5533451Z   submodules: false
test-ubuntu (3.14)	Checkout coreason-manifest	2026-05-19T19:31:36.5533660Z   set-safe-directory: true
test-ubuntu (3.14)	Checkout coreason-manifest	2026-05-19T19:31:36.5533876Z env:
test-ubuntu (3.14)	Checkout coreason-manifest	2026-05-19T19:31:36.5534082Z   FORCE_JAVASCRIPT_ACTIONS_TO_NODE24: true
test-ubuntu (3.14)	Checkout coreason-manifest	2026-05-19T19:31:36.5534392Z   TEMPORAL_CI_NAMESPACE: coreason-ci-26120302019-1
test-ubuntu (3.14)	Checkout coreason-manifest	2026-05-19T19:31:36.5534724Z   ORJSON_BUILD_FREETHREADED: 1
test-ubuntu (3.14)	Checkout coreason-manifest	2026-05-19T19:31:36.5534968Z   MANIFEST_VERSION: v0.84.1
test-ubuntu (3.14)	Checkout coreason-manifest	2026-05-19T19:31:36.5535210Z ##[endgroup]
test-ubuntu (3.14)	Checkout coreason-manifest	2026-05-19T19:31:36.6409390Z Syncing repository: CoReason-AI/coreason-manifest
test-ubuntu (3.14)	Checkout coreason-manifest	2026-05-19T19:31:36.6416645Z ##[group]Getting Git version info
test-ubuntu (3.14)	Checkout coreason-manifest	2026-05-19T19:31:36.6417214Z Working directory is '/home/runner/work/coreason-ecosystem/coreason-ecosystem/coreason-manifest'
test-ubuntu (3.14)	Checkout coreason-manifest	2026-05-19T19:31:36.6450317Z [command]/usr/bin/git version
test-ubuntu (3.14)	Checkout coreason-manifest	2026-05-19T19:31:36.6492227Z git version 2.54.0
test-ubuntu (3.14)	Checkout coreason-manifest	2026-05-19T19:31:36.6515581Z ##[endgroup]
test-ubuntu (3.14)	Checkout coreason-manifest	2026-05-19T19:31:36.6530313Z Temporarily overriding HOME='/home/runner/work/_temp/632c65a2-1acc-4fa9-8e7e-21e5e5ecd370' before making global git config changes
test-ubuntu (3.14)	Checkout coreason-manifest	2026-05-19T19:31:36.6531597Z Adding repository directory to the temporary git global config as a safe directory
test-ubuntu (3.14)	Checkout coreason-manifest	2026-05-19T19:31:36.6536621Z [command]/usr/bin/git config --global --add safe.directory /home/runner/work/coreason-ecosystem/coreason-ecosystem/coreason-manifest
test-ubuntu (3.14)	Checkout coreason-manifest	2026-05-19T19:31:36.6577600Z ##[group]Initializing the repository
test-ubuntu (3.14)	Checkout coreason-manifest	2026-05-19T19:31:36.6583418Z [command]/usr/bin/git init /home/runner/work/coreason-ecosystem/coreason-ecosystem/coreason-manifest
test-ubuntu (3.14)	Checkout coreason-manifest	2026-05-19T19:31:36.6642637Z hint: Using 'master' as the name for the initial branch. This default branch name
test-ubuntu (3.14)	Checkout coreason-manifest	2026-05-19T19:31:36.6643865Z hint: will change to "main" in Git 3.0. To configure the initial branch name
test-ubuntu (3.14)	Checkout coreason-manifest	2026-05-19T19:31:36.6645054Z hint: to use in all of your new repositories, which will suppress this warning,
test-ubuntu (3.14)	Checkout coreason-manifest	2026-05-19T19:31:36.6645706Z hint: call:
test-ubuntu (3.14)	Checkout coreason-manifest	2026-05-19T19:31:36.6645976Z hint:
test-ubuntu (3.14)	Checkout coreason-manifest	2026-05-19T19:31:36.6646781Z hint: 	git config --global init.defaultBranch <name>
test-ubuntu (3.14)	Checkout coreason-manifest	2026-05-19T19:31:36.6647648Z hint:
test-ubuntu (3.14)	Checkout coreason-manifest	2026-05-19T19:31:36.6648228Z hint: Names commonly chosen instead of 'master' are 'main', 'trunk' and
test-ubuntu (3.14)	Checkout coreason-manifest	2026-05-19T19:31:36.6649216Z hint: 'development'. The just-created branch can be renamed via this command:
test-ubuntu (3.14)	Checkout coreason-manifest	2026-05-19T19:31:36.6649818Z hint:
test-ubuntu (3.14)	Checkout coreason-manifest	2026-05-19T19:31:36.6650217Z hint: 	git branch -m <name>
test-ubuntu (3.14)	Checkout coreason-manifest	2026-05-19T19:31:36.6650503Z hint:
test-ubuntu (3.14)	Checkout coreason-manifest	2026-05-19T19:31:36.6650800Z hint: Disable this message with "git config set advice.defaultBranchName false"
test-ubuntu (3.14)	Checkout coreason-manifest	2026-05-19T19:31:36.6651437Z Initialized empty Git repository in /home/runner/work/coreason-ecosystem/coreason-ecosystem/coreason-manifest/.git/
test-ubuntu (3.14)	Checkout coreason-manifest	2026-05-19T19:31:36.6655838Z [command]/usr/bin/git remote add origin https://github.com/CoReason-AI/coreason-manifest
test-ubuntu (3.14)	Checkout coreason-manifest	2026-05-19T19:31:36.6698300Z ##[endgroup]
test-ubuntu (3.14)	Checkout coreason-manifest	2026-05-19T19:31:36.6698721Z ##[group]Disabling automatic garbage collection
test-ubuntu (3.14)	Checkout coreason-manifest	2026-05-19T19:31:36.6702728Z [command]/usr/bin/git config --local gc.auto 0
test-ubuntu (3.14)	Checkout coreason-manifest	2026-05-19T19:31:36.6739215Z ##[endgroup]
test-ubuntu (3.14)	Checkout coreason-manifest	2026-05-19T19:31:36.6739747Z ##[group]Setting up auth
test-ubuntu (3.14)	Checkout coreason-manifest	2026-05-19T19:31:36.6740845Z Removing SSH command configuration
test-ubuntu (3.14)	Checkout coreason-manifest	2026-05-19T19:31:36.6747810Z [command]/usr/bin/git config --local --name-only --get-regexp core\.sshCommand
test-ubuntu (3.14)	Checkout coreason-manifest	2026-05-19T19:31:36.6786584Z [command]/usr/bin/git submodule foreach --recursive sh -c "git config --local --name-only --get-regexp 'core\.sshCommand' && git config --local --unset-all 'core.sshCommand' || :"
test-ubuntu (3.14)	Checkout coreason-manifest	2026-05-19T19:31:36.7059633Z Removing HTTP extra header
test-ubuntu (3.14)	Checkout coreason-manifest	2026-05-19T19:31:36.7065867Z [command]/usr/bin/git config --local --name-only --get-regexp http\.https\:\/\/github\.com\/\.extraheader
test-ubuntu (3.14)	Checkout coreason-manifest	2026-05-19T19:31:36.7104149Z [command]/usr/bin/git submodule foreach --recursive sh -c "git config --local --name-only --get-regexp 'http\.https\:\/\/github\.com\/\.extraheader' && git config --local --unset-all 'http.https://github.com/.extraheader' || :"
test-ubuntu (3.14)	Checkout coreason-manifest	2026-05-19T19:31:36.7375023Z Removing includeIf entries pointing to credentials config files
test-ubuntu (3.14)	Checkout coreason-manifest	2026-05-19T19:31:36.7382839Z [command]/usr/bin/git config --local --name-only --get-regexp ^includeIf\.gitdir:
test-ubuntu (3.14)	Checkout coreason-manifest	2026-05-19T19:31:36.7423298Z [command]/usr/bin/git submodule foreach --recursive git config --local --show-origin --name-only --get-regexp remote.origin.url
test-ubuntu (3.14)	Checkout coreason-manifest	2026-05-19T19:31:36.7708085Z [command]/usr/bin/git config --file /home/runner/work/_temp/git-credentials-5c9edd7c-1baf-4368-b2cc-7b4f7b3df01e.config http.https://github.com/.extraheader AUTHORIZATION: basic ***
test-ubuntu (3.14)	Checkout coreason-manifest	2026-05-19T19:31:36.7753186Z [command]/usr/bin/git config --local includeIf.gitdir:/home/runner/work/coreason-ecosystem/coreason-ecosystem/coreason-manifest/.git.path /home/runner/work/_temp/git-credentials-5c9edd7c-1baf-4368-b2cc-7b4f7b3df01e.config
test-ubuntu (3.14)	Checkout coreason-manifest	2026-05-19T19:31:36.7792097Z [command]/usr/bin/git config --local includeIf.gitdir:/home/runner/work/coreason-ecosystem/coreason-ecosystem/coreason-manifest/.git/worktrees/*.path /home/runner/work/_temp/git-credentials-5c9edd7c-1baf-4368-b2cc-7b4f7b3df01e.config
test-ubuntu (3.14)	Checkout coreason-manifest	2026-05-19T19:31:36.7832106Z [command]/usr/bin/git config --local includeIf.gitdir:/github/workspace/coreason-manifest/.git.path /github/runner_temp/git-credentials-5c9edd7c-1baf-4368-b2cc-7b4f7b3df01e.config
test-ubuntu (3.14)	Checkout coreason-manifest	2026-05-19T19:31:36.7872309Z [command]/usr/bin/git config --local includeIf.gitdir:/github/workspace/coreason-manifest/.git/worktrees/*.path /github/runner_temp/git-credentials-5c9edd7c-1baf-4368-b2cc-7b4f7b3df01e.config
test-ubuntu (3.14)	Checkout coreason-manifest	2026-05-19T19:31:36.7905834Z ##[endgroup]
test-ubuntu (3.14)	Checkout coreason-manifest	2026-05-19T19:31:36.7906651Z ##[group]Fetching the repository
test-ubuntu (3.14)	Checkout coreason-manifest	2026-05-19T19:31:36.7916894Z [command]/usr/bin/git -c protocol.version=2 fetch --no-tags --prune --no-recurse-submodules origin +refs/heads/*:refs/remotes/origin/* +refs/tags/*:refs/tags/*
test-ubuntu (3.14)	Checkout coreason-manifest	2026-05-19T19:31:40.4677539Z From https://github.com/CoReason-AI/coreason-manifest
test-ubuntu (3.14)	Checkout coreason-manifest	2026-05-19T19:31:40.4678736Z  * [new branch]        01-causal-inference     -> origin/01-causal-inference
test-ubuntu (3.14)	Checkout coreason-manifest	2026-05-19T19:31:40.4680043Z  * [new branch]        03-combinatorial-solver -> origin/03-combinatorial-solver
test-ubuntu (3.14)	Checkout coreason-manifest	2026-05-19T19:31:40.4680810Z  * [new branch]        04-rustowork-graph      -> origin/04-rustowork-graph
test-ubuntu (3.14)	Checkout coreason-manifest	2026-05-19T19:31:40.4682146Z  * [new branch]        20260428_hertzner_cicd_support -> origin/20260428_hertzner_cicd_support
test-ubuntu (3.14)	Checkout coreason-manifest	2026-05-19T19:31:40.4683253Z  * [new branch]        20260503_remove_jules_folder -> origin/20260503_remove_jules_folder
test-ubuntu (3.14)	Checkout coreason-manifest	2026-05-19T19:31:40.4684431Z  * [new branch]        20260504-distributed-cid -> origin/20260504-distributed-cid
test-ubuntu (3.14)	Checkout coreason-manifest	2026-05-19T19:31:40.4685229Z  * [new branch]        20260504-matrix         -> origin/20260504-matrix
test-ubuntu (3.14)	Checkout coreason-manifest	2026-05-19T19:31:40.4685897Z  * [new branch]        20260504-nodejs-test    -> origin/20260504-nodejs-test
test-ubuntu (3.14)	Checkout coreason-manifest	2026-05-19T19:31:40.4686767Z  * [new branch]        20260507-pypi-typeb     -> origin/20260507-pypi-typeb
test-ubuntu (3.14)	Checkout coreason-manifest	2026-05-19T19:31:40.4687432Z  * [new branch]        20260507_bump_versions  -> origin/20260507_bump_versions
test-ubuntu (3.14)	Checkout coreason-manifest	2026-05-19T19:31:40.4688164Z  * [new branch]        20260511-nemo-claw-by-issue -> origin/20260511-nemo-claw-by-issue
test-ubuntu (3.14)	Checkout coreason-manifest	2026-05-19T19:31:40.4688959Z  * [new branch]        20260512-security-vulnerabilities -> origin/20260512-security-vulnerabilities
test-ubuntu (3.14)	Checkout coreason-manifest	2026-05-19T19:31:40.4690226Z  * [new branch]        Recipe-Definitions      -> origin/Recipe-Definitions
test-ubuntu (3.14)	Checkout coreason-manifest	2026-05-19T19:31:40.4691580Z  * [new branch]        Simulation-&-Audit-Definitions -> origin/Simulation-&-Audit-Definitions
test-ubuntu (3.14)	Checkout coreason-manifest	2026-05-19T19:31:40.4692325Z  * [new branch]        action-space-id         -> origin/action-space-id
test-ubuntu (3.14)	Checkout coreason-manifest	2026-05-19T19:31:40.4693289Z  * [new branch]        add-constitution-schema-18361548031416984128 -> origin/add-constitution-schema-18361548031416984128
test-ubuntu (3.14)	Checkout coreason-manifest	2026-05-19T19:31:40.4697498Z  * [new branch]        agent-manifest          -> origin/agent-manifest
test-ubuntu (3.14)	Checkout coreason-manifest	2026-05-19T19:31:40.4698804Z  * [new branch]        architectural-refactor-strict-contracts-1182666329991357650 -> origin/architectural-refactor-strict-contracts-1182666329991357650
test-ubuntu (3.14)	Checkout coreason-manifest	2026-05-19T19:31:40.4700233Z  * [new branch]        archive-prd-improve-docs-and-dx -> origin/archive-prd-improve-docs-and-dx
test-ubuntu (3.14)	Checkout coreason-manifest	2026-05-19T19:31:40.4701028Z  * [new branch]        async                   -> origin/async
test-ubuntu (3.14)	Checkout coreason-manifest	2026-05-19T19:31:40.4702116Z  * [new branch]        audit-integrity-fix-introspection-13588768413380613826 -> origin/audit-integrity-fix-introspection-13588768413380613826
test-ubuntu (3.14)	Checkout coreason-manifest	2026-05-19T19:31:40.4703593Z  * [new branch]        bolt-dag-longest-path-opt-1922282049664909391 -> origin/bolt-dag-longest-path-opt-1922282049664909391
test-ubuntu (3.14)	Checkout coreason-manifest	2026-05-19T19:31:40.4704859Z  * [new branch]        bolt-fast-vector-norms-5876386907488227826 -> origin/bolt-fast-vector-norms-5876386907488227826
test-ubuntu (3.14)	Checkout coreason-manifest	2026-05-19T19:31:40.4707012Z  * [new branch]        bolt-msgspec-optimization-13627919643699703931 -> origin/bolt-msgspec-optimization-13627919643699703931
test-ubuntu (3.14)	Checkout coreason-manifest	2026-05-19T19:31:40.4708383Z  * [new branch]        bolt-optimize-canonicalize-8967315191820086313 -> origin/bolt-optimize-canonicalize-8967315191820086313
test-ubuntu (3.14)	Checkout coreason-manifest	2026-05-19T19:31:40.4709835Z  * [new branch]        bolt-optimize-msgspec-encoder-7005076420599015186 -> origin/bolt-optimize-msgspec-encoder-7005076420599015186
test-ubuntu (3.14)	Checkout coreason-manifest	2026-05-19T19:31:40.4711257Z  * [new branch]        bolt-optimize-schema-clone-16863321818155563563 -> origin/bolt-optimize-schema-clone-16863321818155563563
test-ubuntu (3.14)	Checkout coreason-manifest	2026-05-19T19:31:40.4712584Z  * [new branch]        bolt-perf-optimization-15848291691891203395 -> origin/bolt-perf-optimization-15848291691891203395
test-ubuntu (3.14)	Checkout coreason-manifest	2026-05-19T19:31:40.4713783Z  * [new branch]        bolt-performance-improvement-10918624361844093594 -> origin/bolt-performance-improvement-10918624361844093594
test-ubuntu (3.14)	Checkout coreason-manifest	2026-05-19T19:31:40.4714740Z  * [new branch]        bolt/opt-fast-vector-norms-10678168765973616544 -> origin/bolt/opt-fast-vector-norms-10678168765973616544
test-ubuntu (3.14)	Checkout coreason-manifest	2026-05-19T19:31:40.4715690Z  * [new branch]        bolt/vector-magnitude-cache-5590154678072100950 -> origin/bolt/vector-magnitude-cache-5590154678072100950
test-ubuntu (3.14)	Checkout coreason-manifest	2026-05-19T19:31:40.4717055Z  * [new branch]        chore/purge-runtime-artifacts-8918995878798451184 -> origin/chore/purge-runtime-artifacts-8918995878798451184
test-ubuntu (3.14)	Checkout coreason-manifest	2026-05-19T19:31:40.4718112Z  * [new branch]        chore/remediate-architectural-violations-8975310847755285959 -> origin/chore/remediate-architectural-violations-8975310847755285959
test-ubuntu (3.14)	Checkout coreason-manifest	2026-05-19T19:31:40.4719258Z  * [new branch]        compliance-config-schema-647596872876551144 -> origin/compliance-config-schema-647596872876551144
test-ubuntu (3.14)	Checkout coreason-manifest	2026-05-19T19:31:40.4720096Z  * [new branch]        coreason-manifest-refactor-2026-456397334853757491 -> origin/coreason-manifest-refactor-2026-456397334853757491
test-ubuntu (3.14)	Checkout coreason-manifest	2026-05-19T19:31:40.4720846Z  * [new branch]        develop                 -> origin/develop
test-ubuntu (3.14)	Checkout coreason-manifest	2026-05-19T19:31:40.4721467Z  * [new branch]        develop-before-major-refactor -> origin/develop-before-major-refactor
test-ubuntu (3.14)	Checkout coreason-manifest	2026-05-19T19:31:40.4721999Z  * [new branch]        develop_has_oracle      -> origin/develop_has_oracle
test-ubuntu (3.14)	Checkout coreason-manifest	2026-05-19T19:31:40.4722586Z  * [new branch]        doc-refactor-cam-v2-5078574642697175691 -> origin/doc-refactor-cam-v2-5078574642697175691
test-ubuntu (3.14)	Checkout coreason-manifest	2026-05-19T19:31:40.4723399Z  * [new branch]        docs-init-architecture-6613429148205520168 -> origin/docs-init-architecture-6613429148205520168
test-ubuntu (3.14)	Checkout coreason-manifest	2026-05-19T19:31:40.4724185Z  * [new branch]        docs-manifest-ai-alignment-16088136164486431829 -> origin/docs-manifest-ai-alignment-16088136164486431829
test-ubuntu (3.14)	Checkout coreason-manifest	2026-05-19T19:31:40.4725025Z  * [new branch]        documentation-change    -> origin/documentation-change
test-ubuntu (3.14)	Checkout coreason-manifest	2026-05-19T19:31:40.4725768Z  * [new branch]        documentation-updates-v2-schema-17788193287503778047 -> origin/documentation-updates-v2-schema-17788193287503778047
test-ubuntu (3.14)	Checkout coreason-manifest	2026-05-19T19:31:40.4726621Z  * [new branch]        documentation-v0.24.0   -> origin/documentation-v0.24.0
test-ubuntu (3.14)	Checkout coreason-manifest	2026-05-19T19:31:40.4727609Z  * [new branch]        enhance-logging-enterprise-grade-6000248042169731219 -> origin/enhance-logging-enterprise-grade-6000248042169731219
test-ubuntu (3.14)	Checkout coreason-manifest	2026-05-19T19:31:40.4728579Z  * [new branch]        epic-1-information-science-17310333140529843357 -> origin/epic-1-information-science-17310333140529843357
test-ubuntu (3.14)	Checkout coreason-manifest	2026-05-19T19:31:40.4729657Z  * [new branch]        epic-1-lexical-architecture-compliance-5974218582507627593 -> origin/epic-1-lexical-architecture-compliance-5974218582507627593
test-ubuntu (3.14)	Checkout coreason-manifest	2026-05-19T19:31:40.4730608Z  * [new branch]        epic-1-passive-by-design-purge-9942384907417442163 -> origin/epic-1-passive-by-design-purge-9942384907417442163
test-ubuntu (3.14)	Checkout coreason-manifest	2026-05-19T19:31:40.4731746Z  * [new branch]        epic-3-cryptographic-baseline-reset-11516327177763797575 -> origin/epic-3-cryptographic-baseline-reset-11516327177763797575
test-ubuntu (3.14)	Checkout coreason-manifest	2026-05-19T19:31:40.4732761Z  * [new branch]        epic-3-security-telemetry-2920265866149924491 -> origin/epic-3-security-telemetry-2920265866149924491
test-ubuntu (3.14)	Checkout coreason-manifest	2026-05-19T19:31:40.4733763Z  * [new branch]        epic-37-mathematical-boundaries-14946374988108656532 -> origin/epic-37-mathematical-boundaries-14946374988108656532
test-ubuntu (3.14)	Checkout coreason-manifest	2026-05-19T19:31:40.4734678Z  * [new branch]        epic-5-final-reconciliation-11189225274631847833 -> origin/epic-5-final-reconciliation-11189225274631847833
test-ubuntu (3.14)	Checkout coreason-manifest	2026-05-19T19:31:40.4735555Z  * [new branch]        epic-54-smpc-topology-3530269785628395574 -> origin/epic-54-smpc-topology-3530269785628395574
test-ubuntu (3.14)	Checkout coreason-manifest	2026-05-19T19:31:40.4736514Z  * [new branch]        epic-56-pq-signatures-8176523507273569563 -> origin/epic-56-pq-signatures-8176523507273569563
test-ubuntu (3.14)	Checkout coreason-manifest	2026-05-19T19:31:40.4737567Z  * [new branch]        epic-58-deterministic-hitl-intents-12263717152772916313 -> origin/epic-58-deterministic-hitl-intents-12263717152772916313
test-ubuntu (3.14)	Checkout coreason-manifest	2026-05-19T19:31:40.4738449Z  * [new branch]        episteme-meta-cognition-11359633310085313957 -> origin/episteme-meta-cognition-11359633310085313957
test-ubuntu (3.14)	Checkout coreason-manifest	2026-05-19T19:31:40.4739235Z  * [new branch]        event-sink-protocol-9815848079665495260 -> origin/event-sink-protocol-9815848079665495260
test-ubuntu (3.14)	Checkout coreason-manifest	2026-05-19T19:31:40.4739851Z  * [new branch]        event-support           -> origin/event-support
test-ubuntu (3.14)	Checkout coreason-manifest	2026-05-19T19:31:40.4740708Z  * [new branch]        feat-audit-log-lineage-18301010424238637316 -> origin/feat-audit-log-lineage-18301010424238637316
test-ubuntu (3.14)	Checkout coreason-manifest	2026-05-19T19:31:40.4741714Z  * [new branch]        feat-compliance-integrity-schema-4688306254948981873 -> origin/feat-compliance-integrity-schema-4688306254948981873
test-ubuntu (3.14)	Checkout coreason-manifest	2026-05-19T19:31:40.4742642Z  * [new branch]        feat-manifest-metadata-provenance-9817312426224771015 -> origin/feat-manifest-metadata-provenance-9817312426224771015
test-ubuntu (3.14)	Checkout coreason-manifest	2026-05-19T19:31:40.4743425Z  * [new branch]        feat/add-osv-scanner    -> origin/feat/add-osv-scanner
test-ubuntu (3.14)	Checkout coreason-manifest	2026-05-19T19:31:40.4743886Z  * [new branch]        feat/add-security-scans -> origin/feat/add-security-scans
test-ubuntu (3.14)	Checkout coreason-manifest	2026-05-19T19:31:40.4744859Z  * [new branch]        feat/cognitive-visualization-and-collaboration-11302303436612065156 -> origin/feat/cognitive-visualization-and-collaboration-11302303436612065156
test-ubuntu (3.14)	Checkout coreason-manifest	2026-05-19T19:31:40.4745850Z  * [new branch]        feat/dependency-update  -> origin/feat/dependency-update
test-ubuntu (3.14)	Checkout coreason-manifest	2026-05-19T19:31:40.4746772Z  * [new branch]        feat/epic-2-prompt-as-a-service-2169747892438757934 -> origin/feat/epic-2-prompt-as-a-service-2169747892438757934
test-ubuntu (3.14)	Checkout coreason-manifest	2026-05-19T19:31:40.4747612Z  * [new branch]        feat/evaluator-node-9938384439804730339 -> origin/feat/evaluator-node-9938384439804730339
test-ubuntu (3.14)	Checkout coreason-manifest	2026-05-19T19:31:40.4748425Z  * [new branch]        feat/event-sink-protocol-5194296431541620705 -> origin/feat/event-sink-protocol-5194296431541620705
test-ubuntu (3.14)	Checkout coreason-manifest	2026-05-19T19:31:40.4749178Z  * [new branch]        feat/fix-tests-and-model -> origin/feat/fix-tests-and-model
test-ubuntu (3.14)	Checkout coreason-manifest	2026-05-19T19:31:40.4749903Z  * [new branch]        feat/formal-verification-contracts-12313339127088557744 -> origin/feat/formal-verification-contracts-12313339127088557744
test-ubuntu (3.14)	Checkout coreason-manifest	2026-05-19T19:31:40.4750754Z  * [new branch]        feat/identity-primitive-8754019883837728749 -> origin/feat/identity-primitive-8754019883837728749
test-ubuntu (3.14)	Checkout coreason-manifest	2026-05-19T19:31:40.4751825Z  * [new branch]        feat/interactive-control-plane-10597289617023500994 -> origin/feat/interactive-control-plane-10597289617023500994
test-ubuntu (3.14)	Checkout coreason-manifest	2026-05-19T19:31:40.4752905Z  * [new branch]        feat/interactive-control-plane-16656169675328568596 -> origin/feat/interactive-control-plane-16656169675328568596
test-ubuntu (3.14)	Checkout coreason-manifest	2026-05-19T19:31:40.4753823Z  * [new branch]        feat/liquid-compute-pareto-frontiers-18304734028658134485 -> origin/feat/liquid-compute-pareto-frontiers-18304734028658134485
test-ubuntu (3.14)	Checkout coreason-manifest	2026-05-19T19:31:40.4754569Z  * [new branch]        feat/remove-chaos-ontology -> origin/feat/remove-chaos-ontology
test-ubuntu (3.14)	Checkout coreason-manifest	2026-05-19T19:31:40.4755153Z  * [new branch]        feat/replace-trufflehog -> origin/feat/replace-trufflehog
test-ubuntu (3.14)	Checkout coreason-manifest	2026-05-19T19:31:40.4755808Z  * [new branch]        feat/secure-recursive-loader-7863570230673011103 -> origin/feat/secure-recursive-loader-7863570230673011103
test-ubuntu (3.14)	Checkout coreason-manifest	2026-05-19T19:31:40.4757003Z  * [new branch]        feat/simplified-yaml-dsl-5336389765234075258 -> origin/feat/simplified-yaml-dsl-5336389765234075258
test-ubuntu (3.14)	Checkout coreason-manifest	2026-05-19T19:31:40.4757866Z  * [new branch]        feat/spatial-computing-foundation-4951432418065652154 -> origin/feat/spatial-computing-foundation-4951432418065652154
test-ubuntu (3.14)	Checkout coreason-manifest	2026-05-19T19:31:40.4758823Z  * [new branch]        feat/spatial-kinematics-gui-automation-4607769535004872117 -> origin/feat/spatial-kinematics-gui-automation-4607769535004872117
test-ubuntu (3.14)	Checkout coreason-manifest	2026-05-19T19:31:40.4759718Z  * [new branch]        feat/transformer-lens-migration -> origin/feat/transformer-lens-migration
test-ubuntu (3.14)	Checkout coreason-manifest	2026-05-19T19:31:40.4760431Z  * [new branch]        feat/validate-cli-5708455946465831108 -> origin/feat/validate-cli-5708455946465831108
test-ubuntu (3.14)	Checkout coreason-manifest	2026-05-19T19:31:40.4761260Z  * [new branch]        feat/zero-trust-broker-1741631445913792869 -> origin/feat/zero-trust-broker-1741631445913792869
test-ubuntu (3.14)	Checkout coreason-manifest	2026-05-19T19:31:40.4761891Z  * [new branch]        feat/zero-trust-schema-routing -> origin/feat/zero-trust-schema-routing
test-ubuntu (3.14)	Checkout coreason-manifest	2026-05-19T19:31:40.4762509Z  * [new branch]        feat/zero-trust-tools-121558280685326345 -> origin/feat/zero-trust-tools-121558280685326345
test-ubuntu (3.14)	Checkout coreason-manifest	2026-05-19T19:31:40.4763396Z  * [new branch]        feature/abstract-tools-resources-5553391842920074650 -> origin/feature/abstract-tools-resources-5553391842920074650
test-ubuntu (3.14)	Checkout coreason-manifest	2026-05-19T19:31:40.4764405Z  * [new branch]        feature/compliance-microservice -> origin/feature/compliance-microservice
test-ubuntu (3.14)	Checkout coreason-manifest	2026-05-19T19:31:40.4765289Z  * [new branch]        feature/compliance-microservice-13442395290109170835 -> origin/feature/compliance-microservice-13442395290109170835
test-ubuntu (3.14)	Checkout coreason-manifest	2026-05-19T19:31:40.4766372Z  * [new branch]        feature/devcontainer-setup -> origin/feature/devcontainer-setup
test-ubuntu (3.14)	Checkout coreason-manifest	2026-05-19T19:31:40.4767366Z  * [new branch]        feature/dx-agent-cards-8160442808643470688 -> origin/feature/dx-agent-cards-8160442808643470688
test-ubuntu (3.14)	Checkout coreason-manifest	2026-05-19T19:31:40.4768746Z  * [new branch]        feature/epic-40-epistemic-and-regulatory-auditing-14531748517587603787 -> origin/feature/epic-40-epistemic-and-regulatory-auditing-14531748517587603787
test-ubuntu (3.14)	Checkout coreason-manifest	2026-05-19T19:31:40.4769841Z  * [new branch]        feature/epic-49-escrow-policy-2546112764637789668 -> origin/feature/epic-49-escrow-policy-2546112764637789668
test-ubuntu (3.14)	Checkout coreason-manifest	2026-05-19T19:31:40.4770660Z  * [new branch]        feature/epistemic-ledger-tms-5197540666881692814 -> origin/feature/epistemic-ledger-tms-5197540666881692814
test-ubuntu (3.14)	Checkout coreason-manifest	2026-05-19T19:31:40.4771623Z  * [new branch]        feature/mcp-resources-5603205618878606044 -> origin/feature/mcp-resources-5603205618878606044
test-ubuntu (3.14)	Checkout coreason-manifest	2026-05-19T19:31:40.4772715Z  * [new branch]        feature/mcp-server-cli-12505658428005694022 -> origin/feature/mcp-server-cli-12505658428005694022
test-ubuntu (3.14)	Checkout coreason-manifest	2026-05-19T19:31:40.4773734Z  * [new branch]        feature/openai-adapter-4093422578035773719 -> origin/feature/openai-adapter-4093422578035773719
test-ubuntu (3.14)	Checkout coreason-manifest	2026-05-19T19:31:40.4774517Z  * [new branch]        feature/operational-policy-12658690718926562598 -> origin/feature/operational-policy-12658690718926562598
test-ubuntu (3.14)	Checkout coreason-manifest	2026-05-19T19:31:40.4775422Z  * [new branch]        feature/qos-policy-config-2468185674051472086 -> origin/feature/qos-policy-config-2468185674051472086
test-ubuntu (3.14)	Checkout coreason-manifest	2026-05-19T19:31:40.4776860Z  * [new branch]        feature/semantic-placeholders-lifecycle-9976531411206018271 -> origin/feature/semantic-placeholders-lifecycle-9976531411206018271
test-ubuntu (3.14)	Checkout coreason-manifest	2026-05-19T19:31:40.4778107Z  * [new branch]        feature/sota-architecture-upgrade-1757537397997266816 -> origin/feature/sota-architecture-upgrade-1757537397997266816
test-ubuntu (3.14)	Checkout coreason-manifest	2026-05-19T19:31:40.4779181Z  * [new branch]        feature/task-sequence-topology-coercion-17992572232147989848 -> origin/feature/task-sequence-topology-coercion-17992572232147989848
test-ubuntu (3.14)	Checkout coreason-manifest	2026-05-19T19:31:40.4780273Z  * [new branch]        feature/wasm-sandboxing-models-2645045951136527623 -> origin/feature/wasm-sandboxing-models-2645045951136527623
test-ubuntu (3.14)	Checkout coreason-manifest	2026-05-19T19:31:40.4781217Z  * [new branch]        fix-apply-state-differential-14468388689031555541 -> origin/fix-apply-state-differential-14468388689031555541
test-ubuntu (3.14)	Checkout coreason-manifest	2026-05-19T19:31:40.4782230Z  * [new branch]        fix-dag-topology-edges-sorting-2261296089954878273 -> origin/fix-dag-topology-edges-sorting-2261296089954878273
test-ubuntu (3.14)	Checkout coreason-manifest	2026-05-19T19:31:40.4783244Z  * [new branch]        fix-docs-imports-and-organization-10557976841884646919 -> origin/fix-docs-imports-and-organization-10557976841884646919
test-ubuntu (3.14)	Checkout coreason-manifest	2026-05-19T19:31:40.4784112Z  * [new branch]        fix-git-workflow-cicd   -> origin/fix-git-workflow-cicd
test-ubuntu (3.14)	Checkout coreason-manifest	2026-05-19T19:31:40.4784864Z  * [new branch]        fix-mathematical-boundaries-8327488950346719479 -> origin/fix-mathematical-boundaries-8327488950346719479
test-ubuntu (3.14)	Checkout coreason-manifest	2026-05-19T19:31:40.4785762Z  * [new branch]        fix-readme-example-12369019490357990872 -> origin/fix-readme-example-12369019490357990872
test-ubuntu (3.14)	Checkout coreason-manifest	2026-05-19T19:31:40.4786749Z  * [new branch]        fix-semantic-diff-loopholes-11703467238068430217 -> origin/fix-semantic-diff-loopholes-11703467238068430217
test-ubuntu (3.14)	Checkout coreason-manifest	2026-05-19T19:31:40.4787790Z  * [new branch]        fix-silent-topology-corruption-4963948896351228147 -> origin/fix-silent-topology-corruption-4963948896351228147
test-ubuntu (3.14)	Checkout coreason-manifest	2026-05-19T19:31:40.4788767Z  * [new branch]        fix/harden-state-schemas-18260294867425722914 -> origin/fix/harden-state-schemas-18260294867425722914
test-ubuntu (3.14)	Checkout coreason-manifest	2026-05-19T19:31:40.4789746Z  * [new branch]        fix/merkle-cid-hash-collision-2174820537648554325 -> origin/fix/merkle-cid-hash-collision-2174820537648554325
test-ubuntu (3.14)	Checkout coreason-manifest	2026-05-19T19:31:40.4790896Z  * [new branch]        fix/oom-cpu-exhaustion-json-bomb-9301820463383842712 -> origin/fix/oom-cpu-exhaustion-json-bomb-9301820463383842712
test-ubuntu (3.14)	Checkout coreason-manifest	2026-05-19T19:31:40.4791770Z  * [new branch]        fix/regenerate-rust-bindings -> origin/fix/regenerate-rust-bindings
test-ubuntu (3.14)	Checkout coreason-manifest	2026-05-19T19:31:40.4792408Z  * [new branch]        fix/release-please-version-sync -> origin/fix/release-please-version-sync
test-ubuntu (3.14)	Checkout coreason-manifest	2026-05-19T19:31:40.4793257Z  * [new branch]        fix/ssrf-ip-normalization-17360207169498756433 -> origin/fix/ssrf-ip-normalization-17360207169498756433
test-ubuntu (3.14)	Checkout coreason-manifest	2026-05-19T19:31:40.4794071Z  * [new branch]        fix/v2-adapter-state-mapping-8574925265399852295 -> origin/fix/v2-adapter-state-mapping-8574925265399852295
test-ubuntu (3.14)	Checkout coreason-manifest	2026-05-19T19:31:40.4795088Z  * [new branch]        flow-governance-remediation-11809949145726611675 -> origin/flow-governance-remediation-11809949145726611675
test-ubuntu (3.14)	Checkout coreason-manifest	2026-05-19T19:31:40.4795790Z  * [new branch]        gh-pages                -> origin/gh-pages
test-ubuntu (3.14)	Checkout coreason-manifest	2026-05-19T19:31:40.4796619Z  * [new branch]        greenfield-audit-report-5102414531465444999 -> origin/greenfield-audit-report-5102414531465444999
test-ubuntu (3.14)	Checkout coreason-manifest	2026-05-19T19:31:40.4797360Z  * [new branch]        hollow-manifest         -> origin/hollow-manifest
test-ubuntu (3.14)	Checkout coreason-manifest	2026-05-19T19:31:40.4797917Z  * [new branch]        improve-coverage-17742898272005397072 -> origin/improve-coverage-17742898272005397072
test-ubuntu (3.14)	Checkout coreason-manifest	2026-05-19T19:31:40.4798561Z  * [new branch]        intent-epistemic        -> origin/intent-epistemic
test-ubuntu (3.14)	Checkout coreason-manifest	2026-05-19T19:31:40.4799366Z  * [new branch]        interface-definition-feature-13528817994242430347 -> origin/interface-definition-feature-13528817994242430347
test-ubuntu (3.14)	Checkout coreason-manifest	2026-05-19T19:31:40.4800202Z  * [new branch]        jules-5225423007352236797-83e84ea3 -> origin/jules-5225423007352236797-83e84ea3
test-ubuntu (3.14)	Checkout coreason-manifest	2026-05-19T19:31:40.4800927Z  * [new branch]        jules-6951699059514264388-d5c4602a -> origin/jules-6951699059514264388-d5c4602a
test-ubuntu (3.14)	Checkout coreason-manifest	2026-05-19T19:31:40.4801879Z  * [new branch]        jules-bolt-perf-cosine-17891694244556113807 -> origin/jules-bolt-perf-cosine-17891694244556113807
test-ubuntu (3.14)	Checkout coreason-manifest	2026-05-19T19:31:40.4802850Z  * [new branch]        knowledge-schema-update-13296483955953302629 -> origin/knowledge-schema-update-13296483955953302629
test-ubuntu (3.14)	Checkout coreason-manifest	2026-05-19T19:31:40.4803622Z  * [new branch]        maco-recipe-docs-7914833333644818499 -> origin/maco-recipe-docs-7914833333644818499
test-ubuntu (3.14)	Checkout coreason-manifest	2026-05-19T19:31:40.4804224Z  * [new branch]        main                    -> origin/main
test-ubuntu (3.14)	Checkout coreason-manifest	2026-05-19T19:31:40.4804728Z  * [new branch]        main-delete             -> origin/main-delete
test-ubuntu (3.14)	Checkout coreason-manifest	2026-05-19T19:31:40.4805183Z  * [new branch]        manifest-package-updates -> origin/manifest-package-updates
test-ubuntu (3.14)	Checkout coreason-manifest	2026-05-19T19:31:40.4805705Z  * [new branch]        mcp-friendly            -> origin/mcp-friendly
test-ubuntu (3.14)	Checkout coreason-manifest	2026-05-19T19:31:40.4806266Z  * [new branch]        microservice            -> origin/microservice
test-ubuntu (3.14)	Checkout coreason-manifest	2026-05-19T19:31:40.4806901Z  * [new branch]        observability-lod-policy-2271142674125643630 -> origin/observability-lod-policy-2271142674125643630
test-ubuntu (3.14)	Checkout coreason-manifest	2026-05-19T19:31:40.4807729Z  * [new branch]        perf-crdt-array-init-2248031640102926099 -> origin/perf-crdt-array-init-2248031640102926099
test-ubuntu (3.14)	Checkout coreason-manifest	2026-05-19T19:31:40.4808642Z  * [new branch]        perf/cache-vector-decoding-13246656526617204394 -> origin/perf/cache-vector-decoding-13246656526617204394
test-ubuntu (3.14)	Checkout coreason-manifest	2026-05-19T19:31:40.4809279Z  * [new branch]        perfect-math-jules      -> origin/perfect-math-jules
test-ubuntu (3.14)	Checkout coreason-manifest	2026-05-19T19:31:40.4809938Z  * [new branch]        pkg-dd-mock-factory-275006558007961355 -> origin/pkg-dd-mock-factory-275006558007961355
test-ubuntu (3.14)	Checkout coreason-manifest	2026-05-19T19:31:40.4810613Z  * [new branch]        polish                  -> origin/polish
test-ubuntu (3.14)	Checkout coreason-manifest	2026-05-19T19:31:40.4810973Z  * [new branch]        polish-2                -> origin/polish-2
test-ubuntu (3.14)	Checkout coreason-manifest	2026-05-19T19:31:40.4811817Z  * [new branch]        purge-model-rebuild-calls-17068923366364308044 -> origin/purge-model-rebuild-calls-17068923366364308044
test-ubuntu (3.14)	Checkout coreason-manifest	2026-05-19T19:31:40.4812668Z  * [new branch]        refactor-core-ddd-13782106557839131830 -> origin/refactor-core-ddd-13782106557839131830
test-ubuntu (3.14)	Checkout coreason-manifest	2026-05-19T19:31:40.4813692Z  * [new branch]        refactor-coreason-manifest-11400942317072156157 -> origin/refactor-coreason-manifest-11400942317072156157
test-ubuntu (3.14)	Checkout coreason-manifest	2026-05-19T19:31:40.4814886Z  * [new branch]        refactor-integrity-hashing-strict-determinism-14087957076503889686 -> origin/refactor-integrity-hashing-strict-determinism-14087957076503889686
test-ubuntu (3.14)	Checkout coreason-manifest	2026-05-19T19:31:40.4816318Z  * [new branch]        refactor-loader-include-mock-ref-8221780524066655709 -> origin/refactor-loader-include-mock-ref-8221780524066655709
test-ubuntu (3.14)	Checkout coreason-manifest	2026-05-19T19:31:40.4817271Z  * [new branch]        refactor-session-identity-11702856729694547157 -> origin/refactor-session-identity-11702856729694547157
test-ubuntu (3.14)	Checkout coreason-manifest	2026-05-19T19:31:40.4818124Z  * [new branch]        refactor/async-manifest-engine -> origin/refactor/async-manifest-engine
test-ubuntu (3.14)	Checkout coreason-manifest	2026-05-19T19:31:40.4818779Z  * [new branch]        refactor/decouple-logic-2360217993168795493 -> origin/refactor/decouple-logic-2360217993168795493
test-ubuntu (3.14)	Checkout coreason-manifest	2026-05-19T19:31:40.4819708Z  * [new branch]        refactor/events-cloudevents-otel -> origin/refactor/events-cloudevents-otel
test-ubuntu (3.14)	Checkout coreason-manifest	2026-05-19T19:31:40.4820422Z  * [new branch]        refactor/governance-hoisting-8874763606944150659 -> origin/refactor/governance-hoisting-8874763606944150659
test-ubuntu (3.14)	Checkout coreason-manifest	2026-05-19T19:31:40.4821310Z  * [new branch]        refactor/greenfield-cleanup-11006251346593185575 -> origin/refactor/greenfield-cleanup-11006251346593185575
test-ubuntu (3.14)	Checkout coreason-manifest	2026-05-19T19:31:40.4822123Z  * [new branch]        refactor/kernel-only-package -> origin/refactor/kernel-only-package
test-ubuntu (3.14)	Checkout coreason-manifest	2026-05-19T19:31:40.4822769Z  * [new branch]        refactor/lexical-disambiguation-ontology -> origin/refactor/lexical-disambiguation-ontology
test-ubuntu (3.14)	Checkout coreason-manifest	2026-05-19T19:31:40.4823828Z  * [new branch]        refactor/remove-loguru-dependency-7687618115267215600 -> origin/refactor/remove-loguru-dependency-7687618115267215600
test-ubuntu (3.14)	Checkout coreason-manifest	2026-05-19T19:31:40.4824714Z  * [new branch]        refactor/remove-runtime-logic-11349661959869532865 -> origin/refactor/remove-runtime-logic-11349661959869532865
test-ubuntu (3.14)	Checkout coreason-manifest	2026-05-19T19:31:40.4825908Z  * [new branch]        refactor/runtime-interfaces-14552090308799652579 -> origin/refactor/runtime-interfaces-14552090308799652579
test-ubuntu (3.14)	Checkout coreason-manifest	2026-05-19T19:31:40.4826975Z  * [new branch]        refactor/schema-first-docs-13291741983707315416 -> origin/refactor/schema-first-docs-13291741983707315416
test-ubuntu (3.14)	Checkout coreason-manifest	2026-05-19T19:31:40.4827833Z  * [new branch]        refactor/security-observability-v3 -> origin/refactor/security-observability-v3
test-ubuntu (3.14)	Checkout coreason-manifest	2026-05-19T19:31:40.4828726Z  * [new branch]        refactor/security-registry-coverage-16905153854199695664 -> origin/refactor/security-registry-coverage-16905153854199695664
test-ubuntu (3.14)	Checkout coreason-manifest	2026-05-19T19:31:40.4829745Z  * [new branch]        refactor/sota-manifest-v25-1630966978315884106 -> origin/refactor/sota-manifest-v25-1630966978315884106
test-ubuntu (3.14)	Checkout coreason-manifest	2026-05-19T19:31:40.4830429Z  * [new branch]        refactor/user-context-injection -> origin/refactor/user-context-injection
test-ubuntu (3.14)	Checkout coreason-manifest	2026-05-19T19:31:40.4831321Z  * [new branch]        refactor/zero-trust-kernel-14768872506775221393 -> origin/refactor/zero-trust-kernel-14768872506775221393
test-ubuntu (3.14)	Checkout coreason-manifest	2026-05-19T19:31:40.4832284Z  * [new branch]        release-please--branches--main--components--coreason_manifest -> origin/release-please--branches--main--components--coreason_manifest
test-ubuntu (3.14)	Checkout coreason-manifest	2026-05-19T19:31:40.4833603Z  * [new branch]        revert-1673-bolt-dag-longest-path-opt-1922282049664909391 -> origin/revert-1673-bolt-dag-longest-path-opt-1922282049664909391
test-ubuntu (3.14)	Checkout coreason-manifest	2026-05-19T19:31:40.4834495Z  * [new branch]        revert-1692-20260507_bump_versions -> origin/revert-1692-20260507_bump_versions
test-ubuntu (3.14)	Checkout coreason-manifest	2026-05-19T19:31:40.4835290Z  * [new branch]        review-shared-kernel-2929516839995213972 -> origin/review-shared-kernel-2929516839995213972
test-ubuntu (3.14)	Checkout coreason-manifest	2026-05-19T19:31:40.4836180Z  * [new branch]        runtime-contracts-impl-11450813190020303586 -> origin/runtime-contracts-impl-11450813190020303586
test-ubuntu (3.14)	Checkout coreason-manifest	2026-05-19T19:31:40.4836885Z  * [new branch]        schema-fidelity-mcp     -> origin/schema-fidelity-mcp
test-ubuntu (3.14)	Checkout coreason-manifest	2026-05-19T19:31:40.4837495Z  * [new branch]        security-vulnerability  -> origin/security-vulnerability
test-ubuntu (3.14)	Checkout coreason-manifest	2026-05-19T19:31:40.4838164Z  * [new branch]        security/governance-hardening-2835132165793969980 -> origin/security/governance-hardening-2835132165793969980
test-ubuntu (3.14)	Checkout coreason-manifest	2026-05-19T19:31:40.4839436Z  * [new branch]        security/prevent-ast-dos-via-shifts-799669173340244902 -> origin/security/prevent-ast-dos-via-shifts-799669173340244902
test-ubuntu (3.14)	Checkout coreason-manifest	2026-05-19T19:31:40.4840474Z  * [new branch]        sentinel-fix-regex-newline-bypass-9746762609565979990 -> origin/sentinel-fix-regex-newline-bypass-9746762609565979990
test-ubuntu (3.14)	Checkout coreason-manifest	2026-05-19T19:31:40.4841487Z  * [new branch]        sentinel-ssrf-protection-701924493199791214 -> origin/sentinel-ssrf-protection-701924493199791214
test-ubuntu (3.14)	Checkout coreason-manifest	2026-05-19T19:31:40.4842362Z  * [new branch]        sentinel/ssrf-mitigation-9278988767895943176 -> origin/sentinel/ssrf-mitigation-9278988767895943176
test-ubuntu (3.14)	Checkout coreason-manifest	2026-05-19T19:31:40.4843281Z  * [new branch]        session-management-pkg-n-13401155735173101929 -> origin/session-management-pkg-n-13401155735173101929
test-ubuntu (3.14)	Checkout coreason-manifest	2026-05-19T19:31:40.4844183Z  * [new branch]        stream-identity-lifecycle-1513287960466593774 -> origin/stream-identity-lifecycle-1513287960466593774
test-ubuntu (3.14)	Checkout coreason-manifest	2026-05-19T19:31:40.4845122Z  * [new branch]        streaming-contracts-wp-r-17739564459648724704 -> origin/streaming-contracts-wp-r-17739564459648724704
test-ubuntu (3.14)	Checkout coreason-manifest	2026-05-19T19:31:40.4845951Z  * [new branch]        switch-to-v2-default-3191785920094646448 -> origin/switch-to-v2-default-3191785920094646448
test-ubuntu (3.14)	Checkout coreason-manifest	2026-05-19T19:31:40.4846796Z  * [new branch]        topology-workflow-manifest -> origin/topology-workflow-manifest
test-ubuntu (3.14)	Checkout coreason-manifest	2026-05-19T19:31:40.4847495Z  * [new branch]        update-manifest-provenance-v2-4783631491087732608 -> origin/update-manifest-provenance-v2-4783631491087732608
test-ubuntu (3.14)	Checkout coreason-manifest	2026-05-19T19:31:40.4848583Z  * [new branch]        update-presentation-hints-17599409257345410946 -> origin/update-presentation-hints-17599409257345410946
test-ubuntu (3.14)	Checkout coreason-manifest	2026-05-19T19:31:40.4849377Z  * [new branch]        verify-constraint-system-5000756484042114129 -> origin/verify-constraint-system-5000756484042114129
test-ubuntu (3.14)	Checkout coreason-manifest	2026-05-19T19:31:40.4850308Z  * [new branch]        version-0.14.0          -> origin/version-0.14.0
test-ubuntu (3.14)	Checkout coreason-manifest	2026-05-19T19:31:40.4850724Z  * [new branch]        version-0.16.0          -> origin/version-0.16.0
test-ubuntu (3.14)	Checkout coreason-manifest	2026-05-19T19:31:40.4851108Z  * [new branch]        version-0.17.0          -> origin/version-0.17.0
test-ubuntu (3.14)	Checkout coreason-manifest	2026-05-19T19:31:40.4851567Z  * [new branch]        version-0.18.0          -> origin/version-0.18.0
test-ubuntu (3.14)	Checkout coreason-manifest	2026-05-19T19:31:40.4851989Z  * [new branch]        version-0.19.0          -> origin/version-0.19.0
test-ubuntu (3.14)	Checkout coreason-manifest	2026-05-19T19:31:40.4852440Z  * [new branch]        version-0.20.0          -> origin/version-0.20.0
test-ubuntu (3.14)	Checkout coreason-manifest	2026-05-19T19:31:40.4852815Z  * [new branch]        version-0.21.0          -> origin/version-0.21.0
test-ubuntu (3.14)	Checkout coreason-manifest	2026-05-19T19:31:40.4853274Z  * [new branch]        version-0.24.0          -> origin/version-0.24.0
test-ubuntu (3.14)	Checkout coreason-manifest	2026-05-19T19:31:40.4853651Z  * [new branch]        version-0.25.0          -> origin/version-0.25.0
test-ubuntu (3.14)	Checkout coreason-manifest	2026-05-19T19:31:40.4854282Z  * [new branch]        version-0.25.0-office-integration -> origin/version-0.25.0-office-integration
test-ubuntu (3.14)	Checkout coreason-manifest	2026-05-19T19:31:40.4854792Z  * [new branch]        version-0.25.0-temp     -> origin/version-0.25.0-temp
test-ubuntu (3.14)	Checkout coreason-manifest	2026-05-19T19:31:40.4855307Z  * [new branch]        version-conflict        -> origin/version-conflict
test-ubuntu (3.14)	Checkout coreason-manifest	2026-05-19T19:31:40.4855827Z  * [new branch]        version0.11.0           -> origin/version0.11.0
test-ubuntu (3.14)	Checkout coreason-manifest	2026-05-19T19:31:40.4856368Z  * [new branch]        version0.12.0           -> origin/version0.12.0
test-ubuntu (3.14)	Checkout coreason-manifest	2026-05-19T19:31:40.4856778Z  * [new branch]        version0.12.0_with_docs -> origin/version0.12.0_with_docs
test-ubuntu (3.14)	Checkout coreason-manifest	2026-05-19T19:31:40.4857266Z  * [new branch]        version0.15.0           -> origin/version0.15.0
test-ubuntu (3.14)	Checkout coreason-manifest	2026-05-19T19:31:40.4857780Z  * [new branch]        version0.22.0-strategist -> origin/version0.22.0-strategist
test-ubuntu (3.14)	Checkout coreason-manifest	2026-05-19T19:31:40.4858304Z  * [new branch]        version0.22.0-strategist02 -> origin/version0.22.0-strategist02
test-ubuntu (3.14)	Checkout coreason-manifest	2026-05-19T19:31:40.4858744Z  * [new branch]        vignette-docs           -> origin/vignette-docs
test-ubuntu (3.14)	Checkout coreason-manifest	2026-05-19T19:31:40.4859493Z  * [new branch]        wp-q-r-interface-contracts-6817051223873777119 -> origin/wp-q-r-interface-contracts-6817051223873777119
test-ubuntu (3.14)	Checkout coreason-manifest	2026-05-19T19:31:40.4860291Z  * [new tag]           v0.1.0                  -> v0.1.0
test-ubuntu (3.14)	Checkout coreason-manifest	2026-05-19T19:31:40.4860612Z  * [new tag]           v0.10.0                 -> v0.10.0
test-ubuntu (3.14)	Checkout coreason-manifest	2026-05-19T19:31:40.4861035Z  * [new tag]           v0.11.0                 -> v0.11.0
test-ubuntu (3.14)	Checkout coreason-manifest	2026-05-19T19:31:40.4861525Z  * [new tag]           v0.12.0                 -> v0.12.0
test-ubuntu (3.14)	Checkout coreason-manifest	2026-05-19T19:31:40.4861865Z  * [new tag]           v0.13.0                 -> v0.13.0
test-ubuntu (3.14)	Checkout coreason-manifest	2026-05-19T19:31:40.4862170Z  * [new tag]           v0.14.0                 -> v0.14.0
test-ubuntu (3.14)	Checkout coreason-manifest	2026-05-19T19:31:40.4862456Z  * [new tag]           v0.15.0                 -> v0.15.0
test-ubuntu (3.14)	Checkout coreason-manifest	2026-05-19T19:31:40.4862819Z  * [new tag]           v0.16.0                 -> v0.16.0
test-ubuntu (3.14)	Checkout coreason-manifest	2026-05-19T19:31:40.4863109Z  * [new tag]           v0.17.0                 -> v0.17.0
test-ubuntu (3.14)	Checkout coreason-manifest	2026-05-19T19:31:40.4863483Z  * [new tag]           v0.18.0                 -> v0.18.0
test-ubuntu (3.14)	Checkout coreason-manifest	2026-05-19T19:31:40.4863824Z  * [new tag]           v0.19.0                 -> v0.19.0
test-ubuntu (3.14)	Checkout coreason-manifest	2026-05-19T19:31:40.4864123Z  * [new tag]           v0.2.0                  -> v0.2.0
test-ubuntu (3.14)	Checkout coreason-manifest	2026-05-19T19:31:40.4864419Z  * [new tag]           v0.20.0                 -> v0.20.0
test-ubuntu (3.14)	Checkout coreason-manifest	2026-05-19T19:31:40.4864782Z  * [new tag]           v0.21.0                 -> v0.21.0
test-ubuntu (3.14)	Checkout coreason-manifest	2026-05-19T19:31:40.4865062Z  * [new tag]           v0.22.0                 -> v0.22.0
test-ubuntu (3.14)	Checkout coreason-manifest	2026-05-19T19:31:40.4865482Z  * [new tag]           v0.23.0                 -> v0.23.0
test-ubuntu (3.14)	Checkout coreason-manifest	2026-05-19T19:31:40.4865771Z  * [new tag]           v0.24.0                 -> v0.24.0
test-ubuntu (3.14)	Checkout coreason-manifest	2026-05-19T19:31:40.4866196Z  * [new tag]           v0.25.0                 -> v0.25.0
test-ubuntu (3.14)	Checkout coreason-manifest	2026-05-19T19:31:40.4866631Z  * [new tag]           v0.25.1                 -> v0.25.1
test-ubuntu (3.14)	Checkout coreason-manifest	2026-05-19T19:31:40.4866929Z  * [new tag]           v0.25.2                 -> v0.25.2
test-ubuntu (3.14)	Checkout coreason-manifest	2026-05-19T19:31:40.4867294Z  * [new tag]           v0.25.3                 -> v0.25.3
test-ubuntu (3.14)	Checkout coreason-manifest	2026-05-19T19:31:40.4867799Z  * [new tag]           v0.25.4                 -> v0.25.4
test-ubuntu (3.14)	Checkout coreason-manifest	2026-05-19T19:31:40.4868303Z  * [new tag]           v0.26.0                 -> v0.26.0
test-ubuntu (3.14)	Checkout coreason-manifest	2026-05-19T19:31:40.4868672Z  * [new tag]           v0.26.1                 -> v0.26.1
test-ubuntu (3.14)	Checkout coreason-manifest	2026-05-19T19:31:40.4868954Z  * [new tag]           v0.27.0                 -> v0.27.0
test-ubuntu (3.14)	Checkout coreason-manifest	2026-05-19T19:31:40.4869382Z  * [new tag]           v0.28.0                 -> v0.28.0
test-ubuntu (3.14)	Checkout coreason-manifest	2026-05-19T19:31:40.4869751Z  * [new tag]           v0.28.1                 -> v0.28.1
test-ubuntu (3.14)	Checkout coreason-manifest	2026-05-19T19:31:40.4870040Z  * [new tag]           v0.28.2                 -> v0.28.2
test-ubuntu (3.14)	Checkout coreason-manifest	2026-05-19T19:31:40.4870355Z  * [new tag]           v0.28.3                 -> v0.28.3
test-ubuntu (3.14)	Checkout coreason-manifest	2026-05-19T19:31:40.4870695Z  * [new tag]           v0.29.0                 -> v0.29.0
test-ubuntu (3.14)	Checkout coreason-manifest	2026-05-19T19:31:40.4871025Z  * [new tag]           v0.29.1                 -> v0.29.1
test-ubuntu (3.14)	Checkout coreason-manifest	2026-05-19T19:31:40.4871398Z  * [new tag]           v0.29.2                 -> v0.29.2
test-ubuntu (3.14)	Checkout coreason-manifest	2026-05-19T19:31:40.4871783Z  * [new tag]           v0.29.3                 -> v0.29.3
test-ubuntu (3.14)	Checkout coreason-manifest	2026-05-19T19:31:40.4872125Z  * [new tag]           v0.3.0                  -> v0.3.0
test-ubuntu (3.14)	Checkout coreason-manifest	2026-05-19T19:31:40.4872496Z  * [new tag]           v0.30.0                 -> v0.30.0
test-ubuntu (3.14)	Checkout coreason-manifest	2026-05-19T19:31:40.4872769Z  * [new tag]           v0.30.1                 -> v0.30.1
test-ubuntu (3.14)	Checkout coreason-manifest	2026-05-19T19:31:40.4873195Z  * [new tag]           v0.31.0                 -> v0.31.0
test-ubuntu (3.14)	Checkout coreason-manifest	2026-05-19T19:31:40.4873526Z  * [new tag]           v0.32.0                 -> v0.32.0
test-ubuntu (3.14)	Checkout coreason-manifest	2026-05-19T19:31:40.4873927Z  * [new tag]           v0.33.0                 -> v0.33.0
test-ubuntu (3.14)	Checkout coreason-manifest	2026-05-19T19:31:40.4874267Z  * [new tag]           v0.34.0                 -> v0.34.0
test-ubuntu (3.14)	Checkout coreason-manifest	2026-05-19T19:31:40.4874587Z  * [new tag]           v0.34.1                 -> v0.34.1
test-ubuntu (3.14)	Checkout coreason-manifest	2026-05-19T19:31:40.4874976Z  * [new tag]           v0.35.0                 -> v0.35.0
test-ubuntu (3.14)	Checkout coreason-manifest	2026-05-19T19:31:40.4875307Z  * [new tag]           v0.35.1                 -> v0.35.1
test-ubuntu (3.14)	Checkout coreason-manifest	2026-05-19T19:31:40.4875735Z  * [new tag]           v0.36.0                 -> v0.36.0
test-ubuntu (3.14)	Checkout coreason-manifest	2026-05-19T19:31:40.4876151Z  * [new tag]           v0.36.1                 -> v0.36.1
test-ubuntu (3.14)	Checkout coreason-manifest	2026-05-19T19:31:40.4876547Z  * [new tag]           v0.37.0                 -> v0.37.0
test-ubuntu (3.14)	Checkout coreason-manifest	2026-05-19T19:31:40.4876828Z  * [new tag]           v0.37.1                 -> v0.37.1
test-ubuntu (3.14)	Checkout coreason-manifest	2026-05-19T19:31:40.4877427Z  * [new tag]           v0.38.0                 -> v0.38.0
test-ubuntu (3.14)	Checkout coreason-manifest	2026-05-19T19:31:40.4877873Z  * [new tag]           v0.39.0                 -> v0.39.0
test-ubuntu (3.14)	Checkout coreason-manifest	2026-05-19T19:31:40.4878176Z  * [new tag]           v0.4.0                  -> v0.4.0
test-ubuntu (3.14)	Checkout coreason-manifest	2026-05-19T19:31:40.4878566Z  * [new tag]           v0.40.0                 -> v0.40.0
test-ubuntu (3.14)	Checkout coreason-manifest	2026-05-19T19:31:40.4878900Z  * [new tag]           v0.40.1                 -> v0.40.1
test-ubuntu (3.14)	Checkout coreason-manifest	2026-05-19T19:31:40.4879294Z  * [new tag]           v0.40.2                 -> v0.40.2
test-ubuntu (3.14)	Checkout coreason-manifest	2026-05-19T19:31:40.4879728Z  * [new tag]           v0.40.3                 -> v0.40.3
test-ubuntu (3.14)	Checkout coreason-manifest	2026-05-19T19:31:40.4880009Z  * [new tag]           v0.40.4                 -> v0.40.4
test-ubuntu (3.14)	Checkout coreason-manifest	2026-05-19T19:31:40.4880396Z  * [new tag]           v0.41.0                 -> v0.41.0
test-ubuntu (3.14)	Checkout coreason-manifest	2026-05-19T19:31:40.4880679Z  * [new tag]           v0.42.0                 -> v0.42.0
test-ubuntu (3.14)	Checkout coreason-manifest	2026-05-19T19:31:40.4881119Z  * [new tag]           v0.43.0                 -> v0.43.0
test-ubuntu (3.14)	Checkout coreason-manifest	2026-05-19T19:31:40.4881562Z  * [new tag]           v0.44.0                 -> v0.44.0
test-ubuntu (3.14)	Checkout coreason-manifest	2026-05-19T19:31:40.4881857Z  * [new tag]           v0.45.0                 -> v0.45.0
test-ubuntu (3.14)	Checkout coreason-manifest	2026-05-19T19:31:40.4882194Z  * [new tag]           v0.46.0                 -> v0.46.0
test-ubuntu (3.14)	Checkout coreason-manifest	2026-05-19T19:31:40.4882528Z  * [new tag]           v0.47.0                 -> v0.47.0
test-ubuntu (3.14)	Checkout coreason-manifest	2026-05-19T19:31:40.4882874Z  * [new tag]           v0.48.0                 -> v0.48.0
test-ubuntu (3.14)	Checkout coreason-manifest	2026-05-19T19:31:40.4883260Z  * [new tag]           v0.48.1                 -> v0.48.1
test-ubuntu (3.14)	Checkout coreason-manifest	2026-05-19T19:31:40.4883666Z  * [new tag]           v0.48.2                 -> v0.48.2
test-ubuntu (3.14)	Checkout coreason-manifest	2026-05-19T19:31:40.4883941Z  * [new tag]           v0.48.3                 -> v0.48.3
test-ubuntu (3.14)	Checkout coreason-manifest	2026-05-19T19:31:40.4884352Z  * [new tag]           v0.49.0                 -> v0.49.0
test-ubuntu (3.14)	Checkout coreason-manifest	2026-05-19T19:31:40.4884640Z  * [new tag]           v0.49.1                 -> v0.49.1
test-ubuntu (3.14)	Checkout coreason-manifest	2026-05-19T19:31:40.4885132Z  * [new tag]           v0.49.10                -> v0.49.10
test-ubuntu (3.14)	Checkout coreason-manifest	2026-05-19T19:31:40.4885675Z  * [new tag]           v0.49.11                -> v0.49.11
test-ubuntu (3.14)	Checkout coreason-manifest	2026-05-19T19:31:40.4885954Z  * [new tag]           v0.49.12                -> v0.49.12
test-ubuntu (3.14)	Checkout coreason-manifest	2026-05-19T19:31:40.4886556Z  * [new tag]           v0.49.13                -> v0.49.13
test-ubuntu (3.14)	Checkout coreason-manifest	2026-05-19T19:31:40.4886839Z  * [new tag]           v0.49.14                -> v0.49.14
test-ubuntu (3.14)	Checkout coreason-manifest	2026-05-19T19:31:40.4887441Z  * [new tag]           v0.49.15                -> v0.49.15
test-ubuntu (3.14)	Checkout coreason-manifest	2026-05-19T19:31:40.4902890Z  * [new tag]           v0.49.16                -> v0.49.16
test-ubuntu (3.14)	Checkout coreason-manifest	2026-05-19T19:31:40.4903406Z  * [new tag]           v0.49.17                -> v0.49.17
test-ubuntu (3.14)	Checkout coreason-manifest	2026-05-19T19:31:40.4903900Z  * [new tag]           v0.49.18                -> v0.49.18
test-ubuntu (3.14)	Checkout coreason-manifest	2026-05-19T19:31:40.4904310Z  * [new tag]           v0.49.19                -> v0.49.19
test-ubuntu (3.14)	Checkout coreason-manifest	2026-05-19T19:31:40.4904637Z  * [new tag]           v0.49.2                 -> v0.49.2
test-ubuntu (3.14)	Checkout coreason-manifest	2026-05-19T19:31:40.4905066Z  * [new tag]           v0.49.20                -> v0.49.20
test-ubuntu (3.14)	Checkout coreason-manifest	2026-05-19T19:31:40.4905419Z  * [new tag]           v0.49.21                -> v0.49.21
test-ubuntu (3.14)	Checkout coreason-manifest	2026-05-19T19:31:40.4905873Z  * [new tag]           v0.49.3                 -> v0.49.3
test-ubuntu (3.14)	Checkout coreason-manifest	2026-05-19T19:31:40.4906488Z  * [new tag]           v0.49.4                 -> v0.49.4
test-ubuntu (3.14)	Checkout coreason-manifest	2026-05-19T19:31:40.4906824Z  * [new tag]           v0.49.5                 -> v0.49.5
test-ubuntu (3.14)	Checkout coreason-manifest	2026-05-19T19:31:40.4907261Z  * [new tag]           v0.49.6                 -> v0.49.6
test-ubuntu (3.14)	Checkout coreason-manifest	2026-05-19T19:31:40.4907559Z  * [new tag]           v0.49.7                 -> v0.49.7
test-ubuntu (3.14)	Checkout coreason-manifest	2026-05-19T19:31:40.4907962Z  * [new tag]           v0.49.8                 -> v0.49.8
test-ubuntu (3.14)	Checkout coreason-manifest	2026-05-19T19:31:40.4908376Z  * [new tag]           v0.49.9-test1           -> v0.49.9-test1
test-ubuntu (3.14)	Checkout coreason-manifest	2026-05-19T19:31:40.4908718Z  * [new tag]           v0.5.0                  -> v0.5.0
test-ubuntu (3.14)	Checkout coreason-manifest	2026-05-19T19:31:40.4909142Z  * [new tag]           v0.5.1                  -> v0.5.1
test-ubuntu (3.14)	Checkout coreason-manifest	2026-05-19T19:31:40.4909438Z  * [new tag]           v0.50.0                 -> v0.50.0
test-ubuntu (3.14)	Checkout coreason-manifest	2026-05-19T19:31:40.4909849Z  * [new tag]           v0.50.1                 -> v0.50.1
test-ubuntu (3.14)	Checkout coreason-manifest	2026-05-19T19:31:40.4910201Z  * [new tag]           v0.50.10                -> v0.50.10
test-ubuntu (3.14)	Checkout coreason-manifest	2026-05-19T19:31:40.4910556Z  * [new tag]           v0.50.11                -> v0.50.11
test-ubuntu (3.14)	Checkout coreason-manifest	2026-05-19T19:31:40.4911227Z  * [new tag]           v0.50.12                -> v0.50.12
test-ubuntu (3.14)	Checkout coreason-manifest	2026-05-19T19:31:40.4911646Z  * [new tag]           v0.50.2                 -> v0.50.2
test-ubuntu (3.14)	Checkout coreason-manifest	2026-05-19T19:31:40.4911935Z  * [new tag]           v0.50.3                 -> v0.50.3
test-ubuntu (3.14)	Checkout coreason-manifest	2026-05-19T19:31:40.4912278Z  * [new tag]           v0.50.4                 -> v0.50.4
test-ubuntu (3.14)	Checkout coreason-manifest	2026-05-19T19:31:40.4912606Z  * [new tag]           v0.50.5                 -> v0.50.5
test-ubuntu (3.14)	Checkout coreason-manifest	2026-05-19T19:31:40.4913013Z  * [new tag]           v0.50.6                 -> v0.50.6
test-ubuntu (3.14)	Checkout coreason-manifest	2026-05-19T19:31:40.4913473Z  * [new tag]           v0.50.7                 -> v0.50.7
test-ubuntu (3.14)	Checkout coreason-manifest	2026-05-19T19:31:40.4913760Z  * [new tag]           v0.50.8                 -> v0.50.8
test-ubuntu (3.14)	Checkout coreason-manifest	2026-05-19T19:31:40.4914038Z  * [new tag]           v0.50.9                 -> v0.50.9
test-ubuntu (3.14)	Checkout coreason-manifest	2026-05-19T19:31:40.4914419Z  * [new tag]           v0.51.0                 -> v0.51.0
test-ubuntu (3.14)	Checkout coreason-manifest	2026-05-19T19:31:40.4914705Z  * [new tag]           v0.51.1                 -> v0.51.1
test-ubuntu (3.14)	Checkout coreason-manifest	2026-05-19T19:31:40.4915133Z  * [new tag]           v0.52.0                 -> v0.52.0
test-ubuntu (3.14)	Checkout coreason-manifest	2026-05-19T19:31:40.4915514Z  * [new tag]           v0.52.1                 -> v0.52.1
test-ubuntu (3.14)	Checkout coreason-manifest	2026-05-19T19:31:40.4915800Z  * [new tag]           v0.53.0                 -> v0.53.0
test-ubuntu (3.14)	Checkout coreason-manifest	2026-05-19T19:31:40.4916252Z  * [new tag]           v0.54.0                 -> v0.54.0
test-ubuntu (3.14)	Checkout coreason-manifest	2026-05-19T19:31:40.4916600Z  * [new tag]           v0.55.0                 -> v0.55.0
test-ubuntu (3.14)	Checkout coreason-manifest	2026-05-19T19:31:40.4916886Z  * [new tag]           v0.55.1                 -> v0.55.1
test-ubuntu (3.14)	Checkout coreason-manifest	2026-05-19T19:31:40.4917260Z  * [new tag]           v0.55.2                 -> v0.55.2
test-ubuntu (3.14)	Checkout coreason-manifest	2026-05-19T19:31:40.4917689Z  * [new tag]           v0.55.3                 -> v0.55.3
test-ubuntu (3.14)	Checkout coreason-manifest	2026-05-19T19:31:40.4917964Z  * [new tag]           v0.55.5                 -> v0.55.5
test-ubuntu (3.14)	Checkout coreason-manifest	2026-05-19T19:31:40.4918241Z  * [new tag]           v0.56.0                 -> v0.56.0
test-ubuntu (3.14)	Checkout coreason-manifest	2026-05-19T19:31:40.4918516Z  * [new tag]           v0.57.0                 -> v0.57.0
test-ubuntu (3.14)	Checkout coreason-manifest	2026-05-19T19:31:40.4919051Z  * [new tag]           v0.58.0                 -> v0.58.0
test-ubuntu (3.14)	Checkout coreason-manifest	2026-05-19T19:31:40.4919511Z  * [new tag]           v0.59.0                 -> v0.59.0
test-ubuntu (3.14)	Checkout coreason-manifest	2026-05-19T19:31:40.4919895Z  * [new tag]           v0.6.0                  -> v0.6.0
test-ubuntu (3.14)	Checkout coreason-manifest	2026-05-19T19:31:40.4920355Z  * [new tag]           v0.60.0                 -> v0.60.0
test-ubuntu (3.14)	Checkout coreason-manifest	2026-05-19T19:31:40.4920645Z  * [new tag]           v0.60.1                 -> v0.60.1
test-ubuntu (3.14)	Checkout coreason-manifest	2026-05-19T19:31:40.4920981Z  * [new tag]           v0.61.0                 -> v0.61.0
test-ubuntu (3.14)	Checkout coreason-manifest	2026-05-19T19:31:40.4921401Z  * [new tag]           v0.61.1                 -> v0.61.1
test-ubuntu (3.14)	Checkout coreason-manifest	2026-05-19T19:31:40.4922015Z  * [new tag]           v0.61.2                 -> v0.61.2
test-ubuntu (3.14)	Checkout coreason-manifest	2026-05-19T19:31:40.4922381Z  * [new tag]           v0.61.3                 -> v0.61.3
test-ubuntu (3.14)	Checkout coreason-manifest	2026-05-19T19:31:40.4922672Z  * [new tag]           v0.62.0                 -> v0.62.0
test-ubuntu (3.14)	Checkout coreason-manifest	2026-05-19T19:31:40.4922980Z  * [new tag]           v0.62.1                 -> v0.62.1
test-ubuntu (3.14)	Checkout coreason-manifest	2026-05-19T19:31:40.4923394Z  * [new tag]           v0.62.2                 -> v0.62.2
test-ubuntu (3.14)	Checkout coreason-manifest	2026-05-19T19:31:40.4923674Z  * [new tag]           v0.63.0                 -> v0.63.0
test-ubuntu (3.14)	Checkout coreason-manifest	2026-05-19T19:31:40.4924123Z  * [new tag]           v0.64.0                 -> v0.64.0
test-ubuntu (3.14)	Checkout coreason-manifest	2026-05-19T19:31:40.4924479Z  * [new tag]           v0.65.0                 -> v0.65.0
test-ubuntu (3.14)	Checkout coreason-manifest	2026-05-19T19:31:40.4924872Z  * [new tag]           v0.66.0                 -> v0.66.0
test-ubuntu (3.14)	Checkout coreason-manifest	2026-05-19T19:31:40.4925372Z  * [new tag]           v0.67.0                 -> v0.67.0
test-ubuntu (3.14)	Checkout coreason-manifest	2026-05-19T19:31:40.4925738Z  * [new tag]           v0.68.0                 -> v0.68.0
test-ubuntu (3.14)	Checkout coreason-manifest	2026-05-19T19:31:40.4926179Z  * [new tag]           v0.68.1                 -> v0.68.1
test-ubuntu (3.14)	Checkout coreason-manifest	2026-05-19T19:31:40.4926626Z  * [new tag]           v0.7.0                  -> v0.7.0
test-ubuntu (3.14)	Checkout coreason-manifest	2026-05-19T19:31:40.4927047Z  * [new tag]           v0.70.0                 -> v0.70.0
test-ubuntu (3.14)	Checkout coreason-manifest	2026-05-19T19:31:40.4927543Z  * [new tag]           v0.71.0                 -> v0.71.0
test-ubuntu (3.14)	Checkout coreason-manifest	2026-05-19T19:31:40.4927884Z  * [new tag]           v0.72.0                 -> v0.72.0
test-ubuntu (3.14)	Checkout coreason-manifest	2026-05-19T19:31:40.4928222Z  * [new tag]           v0.72.1                 -> v0.72.1
test-ubuntu (3.14)	Checkout coreason-manifest	2026-05-19T19:31:40.4928591Z  * [new tag]           v0.73.0                 -> v0.73.0
test-ubuntu (3.14)	Checkout coreason-manifest	2026-05-19T19:31:40.4929172Z  * [new tag]           v0.73.1                 -> v0.73.1
test-ubuntu (3.14)	Checkout coreason-manifest	2026-05-19T19:31:40.4929545Z  * [new tag]           v0.74.0                 -> v0.74.0
test-ubuntu (3.14)	Checkout coreason-manifest	2026-05-19T19:31:40.4929826Z  * [new tag]           v0.75.0                 -> v0.75.0
test-ubuntu (3.14)	Checkout coreason-manifest	2026-05-19T19:31:40.4930242Z  * [new tag]           v0.76.0                 -> v0.76.0
test-ubuntu (3.14)	Checkout coreason-manifest	2026-05-19T19:31:40.4930658Z  * [new tag]           v0.77.0                 -> v0.77.0
test-ubuntu (3.14)	Checkout coreason-manifest	2026-05-19T19:31:40.4931108Z  * [new tag]           v0.78.0                 -> v0.78.0
test-ubuntu (3.14)	Checkout coreason-manifest	2026-05-19T19:31:40.4931399Z  * [new tag]           v0.79.0                 -> v0.79.0
test-ubuntu (3.14)	Checkout coreason-manifest	2026-05-19T19:31:40.4931845Z  * [new tag]           v0.8.0                  -> v0.8.0
test-ubuntu (3.14)	Checkout coreason-manifest	2026-05-19T19:31:40.4932167Z  * [new tag]           v0.80.0                 -> v0.80.0
test-ubuntu (3.14)	Checkout coreason-manifest	2026-05-19T19:31:40.4932691Z  * [new tag]           v0.81.0                 -> v0.81.0
test-ubuntu (3.14)	Checkout coreason-manifest	2026-05-19T19:31:40.4933049Z  * [new tag]           v0.82.0                 -> v0.82.0
test-ubuntu (3.14)	Checkout coreason-manifest	2026-05-19T19:31:40.4933376Z  * [new tag]           v0.82.1                 -> v0.82.1
test-ubuntu (3.14)	Checkout coreason-manifest	2026-05-19T19:31:40.4933797Z  * [new tag]           v0.83.0                 -> v0.83.0
test-ubuntu (3.14)	Checkout coreason-manifest	2026-05-19T19:31:40.4934116Z  * [new tag]           v0.83.1                 -> v0.83.1
test-ubuntu (3.14)	Checkout coreason-manifest	2026-05-19T19:31:40.4934621Z  * [new tag]           v0.84.0                 -> v0.84.0
test-ubuntu (3.14)	Checkout coreason-manifest	2026-05-19T19:31:40.4934913Z  * [new tag]           v0.84.1                 -> v0.84.1
test-ubuntu (3.14)	Checkout coreason-manifest	2026-05-19T19:31:40.4935346Z  * [new tag]           v0.9.0                  -> v0.9.0
test-ubuntu (3.14)	Checkout coreason-manifest	2026-05-19T19:31:40.5526668Z ##[endgroup]
test-ubuntu (3.14)	Checkout coreason-manifest	2026-05-19T19:31:40.5527310Z ##[group]Determining the checkout info
test-ubuntu (3.14)	Checkout coreason-manifest	2026-05-19T19:31:40.5533493Z [command]/usr/bin/git branch --list --remote origin/v0.84.1
test-ubuntu (3.14)	Checkout coreason-manifest	2026-05-19T19:31:40.5575855Z [command]/usr/bin/git tag --list v0.84.1
test-ubuntu (3.14)	Checkout coreason-manifest	2026-05-19T19:31:40.5605414Z v0.84.1
test-ubuntu (3.14)	Checkout coreason-manifest	2026-05-19T19:31:40.5610005Z ##[endgroup]
test-ubuntu (3.14)	Checkout coreason-manifest	2026-05-19T19:31:40.5615079Z [command]/usr/bin/git sparse-checkout disable
test-ubuntu (3.14)	Checkout coreason-manifest	2026-05-19T19:31:40.5674593Z [command]/usr/bin/git config --local --unset-all extensions.worktreeConfig
test-ubuntu (3.14)	Checkout coreason-manifest	2026-05-19T19:31:40.5710652Z ##[group]Checking out the ref
test-ubuntu (3.14)	Checkout coreason-manifest	2026-05-19T19:31:40.5715622Z [command]/usr/bin/git checkout --progress --force refs/tags/v0.84.1
test-ubuntu (3.14)	Checkout coreason-manifest	2026-05-19T19:31:40.6266438Z Note: switching to 'refs/tags/v0.84.1'.
test-ubuntu (3.14)	Checkout coreason-manifest	2026-05-19T19:31:40.6267336Z 
test-ubuntu (3.14)	Checkout coreason-manifest	2026-05-19T19:31:40.6270844Z You are in 'detached HEAD' state. You can look around, make experimental
test-ubuntu (3.14)	Checkout coreason-manifest	2026-05-19T19:31:40.6271374Z changes and commit them, and you can discard any commits you make in this
test-ubuntu (3.14)	Checkout coreason-manifest	2026-05-19T19:31:40.6271843Z state without impacting any branches by switching back to a branch.
test-ubuntu (3.14)	Checkout coreason-manifest	2026-05-19T19:31:40.6272115Z 
test-ubuntu (3.14)	Checkout coreason-manifest	2026-05-19T19:31:40.6272308Z If you want to create a new branch to retain commits you create, you may
test-ubuntu (3.14)	Checkout coreason-manifest	2026-05-19T19:31:40.6272747Z do so (now or later) by using -c with the switch command. Example:
test-ubuntu (3.14)	Checkout coreason-manifest	2026-05-19T19:31:40.6272996Z 
test-ubuntu (3.14)	Checkout coreason-manifest	2026-05-19T19:31:40.6273100Z   git switch -c <new-branch-name>
test-ubuntu (3.14)	Checkout coreason-manifest	2026-05-19T19:31:40.6273326Z 
test-ubuntu (3.14)	Checkout coreason-manifest	2026-05-19T19:31:40.6273428Z Or undo this operation with:
test-ubuntu (3.14)	Checkout coreason-manifest	2026-05-19T19:31:40.6273612Z 
test-ubuntu (3.14)	Checkout coreason-manifest	2026-05-19T19:31:40.6273695Z   git switch -
test-ubuntu (3.14)	Checkout coreason-manifest	2026-05-19T19:31:40.6273816Z 
test-ubuntu (3.14)	Checkout coreason-manifest	2026-05-19T19:31:40.6274046Z Turn off this advice by setting config variable advice.detachedHead to false
test-ubuntu (3.14)	Checkout coreason-manifest	2026-05-19T19:31:40.6274366Z 
test-ubuntu (3.14)	Checkout coreason-manifest	2026-05-19T19:31:40.6274626Z HEAD is now at c459d349 Merge pull request #1770 from CoReason-AI/feature/devcontainer-setup
test-ubuntu (3.14)	Checkout coreason-manifest	2026-05-19T19:31:40.6288638Z ##[endgroup]
test-ubuntu (3.14)	Checkout coreason-manifest	2026-05-19T19:31:40.6343609Z [command]/usr/bin/git log -1 --format=%H
test-ubuntu (3.14)	Checkout coreason-manifest	2026-05-19T19:31:40.6379033Z c459d34954b39dc36025a613a407da7b3a276ff6
test-ubuntu (3.14)	Link coreason-manifest as sibling	∩╗┐2026-05-19T19:31:40.6508669Z ##[group]Run python -c "import os, shutil; src=os.path.abspath('coreason-manifest'); dst=os.path.abspath('../coreason-manifest'); (os.remove(dst) if os.path.islink(dst) else (shutil.rmtree(dst) if os.path.isdir(dst) else os.remove(dst))) if (os.path.exists(dst) or os.path.islink(dst)) else None; os.symlink(src, dst, target_is_directory=True)"
test-ubuntu (3.14)	Link coreason-manifest as sibling	2026-05-19T19:31:40.6510752Z [36;1mpython -c "import os, shutil; src=os.path.abspath('coreason-manifest'); dst=os.path.abspath('../coreason-manifest'); (os.remove(dst) if os.path.islink(dst) else (shutil.rmtree(dst) if os.path.isdir(dst) else os.remove(dst))) if (os.path.exists(dst) or os.path.islink(dst)) else None; os.symlink(src, dst, target_is_directory=True)"[0m
test-ubuntu (3.14)	Link coreason-manifest as sibling	2026-05-19T19:31:40.6546282Z shell: /usr/bin/bash --noprofile --norc -e -o pipefail {0}
test-ubuntu (3.14)	Link coreason-manifest as sibling	2026-05-19T19:31:40.6546616Z env:
test-ubuntu (3.14)	Link coreason-manifest as sibling	2026-05-19T19:31:40.6546822Z   FORCE_JAVASCRIPT_ACTIONS_TO_NODE24: true
test-ubuntu (3.14)	Link coreason-manifest as sibling	2026-05-19T19:31:40.6547148Z   TEMPORAL_CI_NAMESPACE: coreason-ci-26120302019-1
test-ubuntu (3.14)	Link coreason-manifest as sibling	2026-05-19T19:31:40.6547454Z   ORJSON_BUILD_FREETHREADED: 1
test-ubuntu (3.14)	Link coreason-manifest as sibling	2026-05-19T19:31:40.6547743Z   MANIFEST_VERSION: v0.84.1
test-ubuntu (3.14)	Link coreason-manifest as sibling	2026-05-19T19:31:40.6547974Z ##[endgroup]
test-ubuntu (3.14)	Install uv	∩╗┐2026-05-19T19:31:40.6920531Z ##[group]Run astral-sh/setup-uv@08807647e7069bb48b6ef5acd8ec9567f424441b
test-ubuntu (3.14)	Install uv	2026-05-19T19:31:40.6920931Z with:
test-ubuntu (3.14)	Install uv	2026-05-19T19:31:40.6921127Z   enable-cache: true
test-ubuntu (3.14)	Install uv	2026-05-19T19:31:40.6921338Z   python-version: 3.14
test-ubuntu (3.14)	Install uv	2026-05-19T19:31:40.6921566Z   activate-environment: false
test-ubuntu (3.14)	Install uv	2026-05-19T19:31:40.6921804Z   no-project: false
test-ubuntu (3.14)	Install uv	2026-05-19T19:31:40.6922140Z   working-directory: /home/runner/work/coreason-ecosystem/coreason-ecosystem
test-ubuntu (3.14)	Install uv	2026-05-19T19:31:40.6922670Z   github-token: ***
test-ubuntu (3.14)	Install uv	2026-05-19T19:31:40.6923207Z   cache-dependency-glob: **/*requirements*.txt
test-ubuntu (3.14)	Install uv	**/*requirements*.in
test-ubuntu (3.14)	Install uv	**/*constraints*.txt
test-ubuntu (3.14)	Install uv	**/*constraints*.in
test-ubuntu (3.14)	Install uv	**/pyproject.toml
test-ubuntu (3.14)	Install uv	**/uv.lock
test-ubuntu (3.14)	Install uv	**/*.py.lock
test-ubuntu (3.14)	Install uv	
test-ubuntu (3.14)	Install uv	2026-05-19T19:31:40.6923821Z   restore-cache: true
test-ubuntu (3.14)	Install uv	2026-05-19T19:31:40.6924031Z   save-cache: true
test-ubuntu (3.14)	Install uv	2026-05-19T19:31:40.6924222Z   prune-cache: true
test-ubuntu (3.14)	Install uv	2026-05-19T19:31:40.6924427Z   cache-python: false
test-ubuntu (3.14)	Install uv	2026-05-19T19:31:40.6924651Z   ignore-nothing-to-cache: false
test-ubuntu (3.14)	Install uv	2026-05-19T19:31:40.6924907Z   ignore-empty-workdir: false
test-ubuntu (3.14)	Install uv	2026-05-19T19:31:40.6925149Z   add-problem-matchers: true
test-ubuntu (3.14)	Install uv	2026-05-19T19:31:40.6925429Z   resolution-strategy: highest
test-ubuntu (3.14)	Install uv	2026-05-19T19:31:40.6925649Z env:
test-ubuntu (3.14)	Install uv	2026-05-19T19:31:40.6925854Z   FORCE_JAVASCRIPT_ACTIONS_TO_NODE24: true
test-ubuntu (3.14)	Install uv	2026-05-19T19:31:40.6926288Z   TEMPORAL_CI_NAMESPACE: coreason-ci-26120302019-1
test-ubuntu (3.14)	Install uv	2026-05-19T19:31:40.6926589Z   ORJSON_BUILD_FREETHREADED: 1
test-ubuntu (3.14)	Install uv	2026-05-19T19:31:40.6926815Z   MANIFEST_VERSION: v0.84.1
test-ubuntu (3.14)	Install uv	2026-05-19T19:31:40.6927041Z ##[endgroup]
test-ubuntu (3.14)	Install uv	2026-05-19T19:31:40.8667058Z Trying to find version for uv in: /home/runner/work/coreason-ecosystem/coreason-ecosystem/uv.toml
test-ubuntu (3.14)	Install uv	2026-05-19T19:31:40.8668103Z Could not find file: /home/runner/work/coreason-ecosystem/coreason-ecosystem/uv.toml
test-ubuntu (3.14)	Install uv	2026-05-19T19:31:40.8669086Z Trying to find version for uv in: /home/runner/work/coreason-ecosystem/coreason-ecosystem/pyproject.toml
test-ubuntu (3.14)	Install uv	2026-05-19T19:31:40.8676681Z Could not determine uv version from uv.toml or pyproject.toml. Falling back to latest.
test-ubuntu (3.14)	Install uv	2026-05-19T19:31:40.8680402Z Fetching manifest data from https://raw.githubusercontent.com/astral-sh/versions/main/v1/uv.ndjson ...
test-ubuntu (3.14)	Install uv	2026-05-19T19:31:40.9641443Z Downloading uv from "https://releases.astral.sh/github/uv/releases/download/0.11.15/uv-x86_64-unknown-linux-gnu.tar.gz" ...
test-ubuntu (3.14)	Install uv	2026-05-19T19:31:43.8409855Z [command]/usr/bin/tar xz --warning=no-unknown-keyword --overwrite -C /home/runner/work/_temp/112a6ede-b41b-41d1-ae2c-8d2fe79f7e98 -f /home/runner/work/_temp/d5e560ce-76bd-4a2a-82a9-5d669b78f381
test-ubuntu (3.14)	Install uv	2026-05-19T19:31:44.3520002Z Added /home/runner/.local/bin to the path
test-ubuntu (3.14)	Install uv	2026-05-19T19:31:44.3523397Z Added /opt/hostedtoolcache/uv/0.11.15/x86_64 to the path
test-ubuntu (3.14)	Install uv	2026-05-19T19:31:44.3525122Z Set UV_PYTHON_INSTALL_DIR to /home/runner/work/_temp/uv-python-dir
test-ubuntu (3.14)	Install uv	2026-05-19T19:31:44.3525570Z Added /home/runner/work/_temp/uv-python-dir to the path
test-ubuntu (3.14)	Install uv	2026-05-19T19:31:44.3526652Z Set UV_PYTHON to 3.14
test-ubuntu (3.14)	Install uv	2026-05-19T19:31:44.3546006Z Set UV_CACHE_DIR to /home/runner/work/_temp/setup-uv-cache
test-ubuntu (3.14)	Install uv	2026-05-19T19:31:44.3546699Z Successfully installed uv version 0.11.15
test-ubuntu (3.14)	Install uv	2026-05-19T19:31:44.3548717Z Searching files using cache dependency glob: /home/runner/work/coreason-ecosystem/coreason-ecosystem/**/*requirements*.txt,/home/runner/work/coreason-ecosystem/coreason-ecosystem/**/*requirements*.in,/home/runner/work/coreason-ecosystem/coreason-ecosystem/**/*constraints*.txt,/home/runner/work/coreason-ecosystem/coreason-ecosystem/**/*constraints*.in,/home/runner/work/coreason-ecosystem/coreason-ecosystem/**/pyproject.toml,/home/runner/work/coreason-ecosystem/coreason-ecosystem/**/uv.lock,/home/runner/work/coreason-ecosystem/coreason-ecosystem/**/*.py.lock
test-ubuntu (3.14)	Install uv	2026-05-19T19:31:44.4187046Z /home/runner/work/coreason-ecosystem/coreason-ecosystem/coreason-manifest/pyproject.toml
test-ubuntu (3.14)	Install uv	2026-05-19T19:31:44.4281202Z /home/runner/work/coreason-ecosystem/coreason-ecosystem/coreason-manifest/uv.lock
test-ubuntu (3.14)	Install uv	2026-05-19T19:31:44.4458502Z /home/runner/work/coreason-ecosystem/coreason-ecosystem/pyproject.toml
test-ubuntu (3.14)	Install uv	2026-05-19T19:31:44.4570307Z /home/runner/work/coreason-ecosystem/coreason-ecosystem/uv.lock
test-ubuntu (3.14)	Install uv	2026-05-19T19:31:44.4584779Z Found 4 files to hash.
test-ubuntu (3.14)	Install uv	2026-05-19T19:31:44.4660846Z Trying to restore cache from GitHub Actions cache with key: setup-uv-2-x86_64-unknown-linux-gnu-ubuntu-24.04-3.14-pruned-102ddb1183d74f1d9c53f9373996e3fe0c7009f59974224786176253564c5f6e
test-ubuntu (3.14)	Install uv	2026-05-19T19:31:44.6724679Z Cache hit for: setup-uv-2-x86_64-unknown-linux-gnu-ubuntu-24.04-3.14-pruned-102ddb1183d74f1d9c53f9373996e3fe0c7009f59974224786176253564c5f6e
test-ubuntu (3.14)	Install uv	2026-05-19T19:31:45.5581252Z Received 475516 of 475516 (100.0%), 0.7 MBs/sec
test-ubuntu (3.14)	Install uv	2026-05-19T19:31:45.5582310Z Cache Size: ~0 MB (475516 B)
test-ubuntu (3.14)	Install uv	2026-05-19T19:31:45.5612460Z [command]/usr/bin/tar -xf /home/runner/work/_temp/3a25646c-bdef-427c-9cbe-0d8293076e88/cache.tzst -P -C /home/runner/work/coreason-ecosystem/coreason-ecosystem --use-compress-program unzstd
test-ubuntu (3.14)	Install uv	2026-05-19T19:31:45.5740824Z Cache restored successfully
test-ubuntu (3.14)	Install uv	2026-05-19T19:31:45.5746334Z cache restored from GitHub Actions cache with key: setup-uv-2-x86_64-unknown-linux-gnu-ubuntu-24.04-3.14-pruned-102ddb1183d74f1d9c53f9373996e3fe0c7009f59974224786176253564c5f6e
test-ubuntu (3.14)	Login to GitHub Container Registry	∩╗┐2026-05-19T19:31:45.6420924Z ##[group]Run docker/login-action@9780b0c442fbb1117ed29e0efdff1e18412f7567
test-ubuntu (3.14)	Login to GitHub Container Registry	2026-05-19T19:31:45.6421366Z with:
test-ubuntu (3.14)	Login to GitHub Container Registry	2026-05-19T19:31:45.6421558Z   registry: ghcr.io
test-ubuntu (3.14)	Login to GitHub Container Registry	2026-05-19T19:31:45.6421786Z   username: gowthamrao
test-ubuntu (3.14)	Login to GitHub Container Registry	2026-05-19T19:31:45.6422208Z   password: ***
test-ubuntu (3.14)	Login to GitHub Container Registry	2026-05-19T19:31:45.6422419Z   ecr: auto
test-ubuntu (3.14)	Login to GitHub Container Registry	2026-05-19T19:31:45.6422604Z   logout: true
test-ubuntu (3.14)	Login to GitHub Container Registry	2026-05-19T19:31:45.6422795Z env:
test-ubuntu (3.14)	Login to GitHub Container Registry	2026-05-19T19:31:45.6423001Z   FORCE_JAVASCRIPT_ACTIONS_TO_NODE24: true
test-ubuntu (3.14)	Login to GitHub Container Registry	2026-05-19T19:31:45.6423369Z   TEMPORAL_CI_NAMESPACE: coreason-ci-26120302019-1
test-ubuntu (3.14)	Login to GitHub Container Registry	2026-05-19T19:31:45.6423678Z   ORJSON_BUILD_FREETHREADED: 1
test-ubuntu (3.14)	Login to GitHub Container Registry	2026-05-19T19:31:45.6423926Z   MANIFEST_VERSION: v0.84.1
test-ubuntu (3.14)	Login to GitHub Container Registry	2026-05-19T19:31:45.6424241Z   UV_PYTHON_INSTALL_DIR: /home/runner/work/_temp/uv-python-dir
test-ubuntu (3.14)	Login to GitHub Container Registry	2026-05-19T19:31:45.6424571Z   UV_PYTHON: 3.14
test-ubuntu (3.14)	Login to GitHub Container Registry	2026-05-19T19:31:45.6424820Z   UV_CACHE_DIR: /home/runner/work/_temp/setup-uv-cache
test-ubuntu (3.14)	Login to GitHub Container Registry	2026-05-19T19:31:45.6425115Z ##[endgroup]
test-ubuntu (3.14)	Login to GitHub Container Registry	2026-05-19T19:31:45.9409382Z Logging into ghcr.io...
test-ubuntu (3.14)	Login to GitHub Container Registry	2026-05-19T19:31:45.9431019Z (node:2924) [DEP0040] DeprecationWarning: The `punycode` module is deprecated. Please use a userland alternative instead.
test-ubuntu (3.14)	Login to GitHub Container Registry	2026-05-19T19:31:45.9431987Z (Use `node --trace-deprecation ...` to show where the warning was created)
test-ubuntu (3.14)	Login to GitHub Container Registry	2026-05-19T19:31:46.6691025Z Login Succeeded!
test-ubuntu (3.14)	Set up Docker Compose	∩╗┐2026-05-19T19:31:46.6832236Z ##[group]Run for i in 1 2 3 4 5; do
test-ubuntu (3.14)	Set up Docker Compose	2026-05-19T19:31:46.6832579Z [36;1mfor i in 1 2 3 4 5; do[0m
test-ubuntu (3.14)	Set up Docker Compose	2026-05-19T19:31:46.6833003Z [36;1m  docker compose -f infrastructure/local/compose.yaml pull && break || sleep 15[0m
test-ubuntu (3.14)	Set up Docker Compose	2026-05-19T19:31:46.6833446Z [36;1mdone[0m
test-ubuntu (3.14)	Set up Docker Compose	2026-05-19T19:31:46.6833762Z [36;1mdocker compose -f infrastructure/local/compose.yaml up -d --build[0m
test-ubuntu (3.14)	Set up Docker Compose	2026-05-19T19:31:46.6869410Z shell: /usr/bin/bash --noprofile --norc -e -o pipefail {0}
test-ubuntu (3.14)	Set up Docker Compose	2026-05-19T19:31:46.6869750Z env:
test-ubuntu (3.14)	Set up Docker Compose	2026-05-19T19:31:46.6869969Z   FORCE_JAVASCRIPT_ACTIONS_TO_NODE24: true
test-ubuntu (3.14)	Set up Docker Compose	2026-05-19T19:31:46.6870315Z   TEMPORAL_CI_NAMESPACE: coreason-ci-26120302019-1
test-ubuntu (3.14)	Set up Docker Compose	2026-05-19T19:31:46.6870624Z   ORJSON_BUILD_FREETHREADED: 1
test-ubuntu (3.14)	Set up Docker Compose	2026-05-19T19:31:46.6870880Z   MANIFEST_VERSION: v0.84.1
test-ubuntu (3.14)	Set up Docker Compose	2026-05-19T19:31:46.6871197Z   UV_PYTHON_INSTALL_DIR: /home/runner/work/_temp/uv-python-dir
test-ubuntu (3.14)	Set up Docker Compose	2026-05-19T19:31:46.6871526Z   UV_PYTHON: 3.14
test-ubuntu (3.14)	Set up Docker Compose	2026-05-19T19:31:46.6871784Z   UV_CACHE_DIR: /home/runner/work/_temp/setup-uv-cache
test-ubuntu (3.14)	Set up Docker Compose	2026-05-19T19:31:46.6872102Z ##[endgroup]
test-ubuntu (3.14)	Set up Docker Compose	2026-05-19T19:31:46.9057138Z time="2026-05-19T19:31:46Z" level=warning msg="The \"EPISTEMIC_MERKLE_ROOT\" variable is not set. Defaulting to a blank string."
test-ubuntu (3.14)	Set up Docker Compose	2026-05-19T19:31:46.9058942Z time="2026-05-19T19:31:46Z" level=warning msg="The \"EPISTEMIC_MERKLE_ROOT\" variable is not set. Defaulting to a blank string."
test-ubuntu (3.14)	Set up Docker Compose	2026-05-19T19:31:46.9069485Z time="2026-05-19T19:31:46Z" level=warning msg="The \"COREASON_TREASURY_CONTRACT\" variable is not set. Defaulting to a blank string."
test-ubuntu (3.14)	Set up Docker Compose	2026-05-19T19:31:46.9157784Z time="2026-05-19T19:31:46Z" level=warning msg="/home/runner/work/coreason-ecosystem/coreason-ecosystem/infrastructure/local/compose.yaml: the attribute `version` is obsolete, it will be ignored, please remove it to avoid potential confusion"
test-ubuntu (3.14)	Set up Docker Compose	2026-05-19T19:31:46.9279578Z  coreason-worker Skipped - Image is already being pulled by coreason-runtime 
test-ubuntu (3.14)	Set up Docker Compose	2026-05-19T19:31:46.9290561Z  coreason-runtime Pulling 
test-ubuntu (3.14)	Set up Docker Compose	2026-05-19T19:31:46.9291519Z  otel-collector Pulling 
test-ubuntu (3.14)	Set up Docker Compose	2026-05-19T19:31:46.9292221Z  redpanda-connect Pulling 
test-ubuntu (3.14)	Set up Docker Compose	2026-05-19T19:31:46.9292929Z  grafana Pulling 
test-ubuntu (3.14)	Set up Docker Compose	2026-05-19T19:31:46.9293383Z  temporal Pulling 
test-ubuntu (3.14)	Set up Docker Compose	2026-05-19T19:31:46.9294047Z  prometheus Pulling 
test-ubuntu (3.14)	Set up Docker Compose	2026-05-19T19:31:46.9294619Z  postgres Pulling 
test-ubuntu (3.14)	Set up Docker Compose	2026-05-19T19:31:46.9295362Z  coreason-master-gateway Pulling 
test-ubuntu (3.14)	Set up Docker Compose	2026-05-19T19:31:46.9296270Z  envoy Pulling 
test-ubuntu (3.14)	Set up Docker Compose	2026-05-19T19:31:46.9296701Z  vault Pulling 
test-ubuntu (3.14)	Set up Docker Compose	2026-05-19T19:31:46.9297315Z  milvus Pulling 
test-ubuntu (3.14)	Set up Docker Compose	2026-05-19T19:31:46.9298207Z  dex Pulling 
test-ubuntu (3.14)	Set up Docker Compose	2026-05-19T19:31:46.9299196Z  neo4j Pulling 
test-ubuntu (3.14)	Set up Docker Compose	2026-05-19T19:31:47.8940545Z  589002ba0eae Pulling fs layer 
test-ubuntu (3.14)	Set up Docker Compose	2026-05-19T19:31:47.8941209Z  63849d89c66d Pulling fs layer 
test-ubuntu (3.14)	Set up Docker Compose	2026-05-19T19:31:47.8941608Z  8a3c71b80346 Pulling fs layer 
test-ubuntu (3.14)	Set up Docker Compose	2026-05-19T19:31:47.8941967Z  56c2f4d51269 Pulling fs layer 
test-ubuntu (3.14)	Set up Docker Compose	2026-05-19T19:31:47.8942358Z  46517af21612 Pulling fs layer 
test-ubuntu (3.14)	Set up Docker Compose	2026-05-19T19:31:47.8942782Z  51682cba8e21 Pulling fs layer 
test-ubuntu (3.14)	Set up Docker Compose	2026-05-19T19:31:47.8943214Z  ffaa3dc87eb8 Pulling fs layer 
test-ubuntu (3.14)	Set up Docker Compose	2026-05-19T19:31:47.8943580Z  ca64c64b8c6b Pulling fs layer 
test-ubuntu (3.14)	Set up Docker Compose	2026-05-19T19:31:47.8943933Z  5d4e761fb5e7 Pulling fs layer 
test-ubuntu (3.14)	Set up Docker Compose	2026-05-19T19:31:47.8944324Z  45f569379759 Pulling fs layer 
test-ubuntu (3.14)	Set up Docker Compose	2026-05-19T19:31:47.8944672Z  2f5d19039fdb Pulling fs layer 
test-ubuntu (3.14)	Set up Docker Compose	2026-05-19T19:31:47.8945054Z  4f4fb700ef54 Pulling fs layer 
test-ubuntu (3.14)	Set up Docker Compose	2026-05-19T19:31:47.8945413Z  c8533800cdf1 Pulling fs layer 
test-ubuntu (3.14)	Set up Docker Compose	2026-05-19T19:31:47.8945760Z  ca64c64b8c6b Waiting 
test-ubuntu (3.14)	Set up Docker Compose	2026-05-19T19:31:47.8946235Z  5d4e761fb5e7 Waiting 
test-ubuntu (3.14)	Set up Docker Compose	2026-05-19T19:31:47.8946542Z  45f569379759 Waiting 
test-ubuntu (3.14)	Set up Docker Compose	2026-05-19T19:31:47.8946840Z  2f5d19039fdb Waiting 
test-ubuntu (3.14)	Set up Docker Compose	2026-05-19T19:31:47.8947138Z  4f4fb700ef54 Waiting 
test-ubuntu (3.14)	Set up Docker Compose	2026-05-19T19:31:47.8947390Z  c8533800cdf1 Waiting 
test-ubuntu (3.14)	Set up Docker Compose	2026-05-19T19:31:47.8947576Z  56c2f4d51269 Waiting 
test-ubuntu (3.14)	Set up Docker Compose	2026-05-19T19:31:47.8947761Z  46517af21612 Waiting 
test-ubuntu (3.14)	Set up Docker Compose	2026-05-19T19:31:47.8947943Z  51682cba8e21 Waiting 
test-ubuntu (3.14)	Set up Docker Compose	2026-05-19T19:31:47.8948135Z  ffaa3dc87eb8 Waiting 
test-ubuntu (3.14)	Set up Docker Compose	2026-05-19T19:31:47.8996197Z  481282afbc43 Pulling fs layer 
test-ubuntu (3.14)	Set up Docker Compose	2026-05-19T19:31:47.8996783Z  573dc7a8ae4d Pulling fs layer 
test-ubuntu (3.14)	Set up Docker Compose	2026-05-19T19:31:47.8999737Z  d26ba0483358 Pulling fs layer 
test-ubuntu (3.14)	Set up Docker Compose	2026-05-19T19:31:47.9000393Z  e90c5064d283 Pulling fs layer 
test-ubuntu (3.14)	Set up Docker Compose	2026-05-19T19:31:47.9001394Z  92bd91292cb6 Pulling fs layer 
test-ubuntu (3.14)	Set up Docker Compose	2026-05-19T19:31:47.9002664Z  481282afbc43 Waiting 
test-ubuntu (3.14)	Set up Docker Compose	2026-05-19T19:31:47.9003001Z  573dc7a8ae4d Waiting 
test-ubuntu (3.14)	Set up Docker Compose	2026-05-19T19:31:47.9003716Z  d26ba0483358 Waiting 
test-ubuntu (3.14)	Set up Docker Compose	2026-05-19T19:31:47.9004649Z  92bd91292cb6 Waiting 
test-ubuntu (3.14)	Set up Docker Compose	2026-05-19T19:31:47.9004982Z  e90c5064d283 Waiting 
test-ubuntu (3.14)	Set up Docker Compose	2026-05-19T19:31:47.9034210Z  0a13b90e86fb Pulling fs layer 
test-ubuntu (3.14)	Set up Docker Compose	2026-05-19T19:31:47.9034737Z  93f76af26bd1 Pulling fs layer 
test-ubuntu (3.14)	Set up Docker Compose	2026-05-19T19:31:47.9036665Z  75ea594db523 Pulling fs layer 
test-ubuntu (3.14)	Set up Docker Compose	2026-05-19T19:31:47.9041367Z  0a13b90e86fb Waiting 
test-ubuntu (3.14)	Set up Docker Compose	2026-05-19T19:31:47.9043084Z  75ea594db523 Waiting 
test-ubuntu (3.14)	Set up Docker Compose	2026-05-19T19:31:47.9043645Z  93f76af26bd1 Waiting 
test-ubuntu (3.14)	Set up Docker Compose	2026-05-19T19:31:47.9075414Z  9cb31e2e37ea Pulling fs layer 
test-ubuntu (3.14)	Set up Docker Compose	2026-05-19T19:31:47.9077457Z  2c5982b8ac03 Pulling fs layer 
test-ubuntu (3.14)	Set up Docker Compose	2026-05-19T19:31:47.9078086Z  b3e55e2462fe Pulling fs layer 
test-ubuntu (3.14)	Set up Docker Compose	2026-05-19T19:31:47.9078960Z  3c4f2fffcffa Pulling fs layer 
test-ubuntu (3.14)	Set up Docker Compose	2026-05-19T19:31:47.9080081Z  94160d652e91 Pulling fs layer 
test-ubuntu (3.14)	Set up Docker Compose	2026-05-19T19:31:47.9082619Z  c2435bf7794e Pulling fs layer 
test-ubuntu (3.14)	Set up Docker Compose	2026-05-19T19:31:47.9083115Z  f97325d8f21b Pulling fs layer 
test-ubuntu (3.14)	Set up Docker Compose	2026-05-19T19:31:47.9083523Z  00fe8a009f40 Pulling fs layer 
test-ubuntu (3.14)	Set up Docker Compose	2026-05-19T19:31:47.9083923Z  4f4fb700ef54 Pulling fs layer 
test-ubuntu (3.14)	Set up Docker Compose	2026-05-19T19:31:47.9084632Z  9cb31e2e37ea Waiting 
test-ubuntu (3.14)	Set up Docker Compose	2026-05-19T19:31:47.9084986Z  3c4f2fffcffa Waiting 
test-ubuntu (3.14)	Set up Docker Compose	2026-05-19T19:31:47.9085301Z  2c5982b8ac03 Waiting 
test-ubuntu (3.14)	Set up Docker Compose	2026-05-19T19:31:47.9085616Z  94160d652e91 Waiting 
test-ubuntu (3.14)	Set up Docker Compose	2026-05-19T19:31:47.9085946Z  b3e55e2462fe Waiting 
test-ubuntu (3.14)	Set up Docker Compose	2026-05-19T19:31:47.9086448Z  c2435bf7794e Waiting 
test-ubuntu (3.14)	Set up Docker Compose	2026-05-19T19:31:47.9089160Z  4f4fb700ef54 Waiting 
test-ubuntu (3.14)	Set up Docker Compose	2026-05-19T19:31:47.9089544Z  f97325d8f21b Waiting 
test-ubuntu (3.14)	Set up Docker Compose	2026-05-19T19:31:47.9089880Z  00fe8a009f40 Waiting 
test-ubuntu (3.14)	Set up Docker Compose	2026-05-19T19:31:47.9090217Z  fe07684b16b8 Pulling fs layer 
test-ubuntu (3.14)	Set up Docker Compose	2026-05-19T19:31:47.9090612Z  8625de8a7c49 Pulling fs layer 
test-ubuntu (3.14)	Set up Docker Compose	2026-05-19T19:31:47.9090979Z  5a632533374f Pulling fs layer 
test-ubuntu (3.14)	Set up Docker Compose	2026-05-19T19:31:47.9091350Z  d03efd77259a Pulling fs layer 
test-ubuntu (3.14)	Set up Docker Compose	2026-05-19T19:31:47.9091734Z  37ea5726b062 Pulling fs layer 
test-ubuntu (3.14)	Set up Docker Compose	2026-05-19T19:31:47.9092109Z  de7b6d2bd702 Pulling fs layer 
test-ubuntu (3.14)	Set up Docker Compose	2026-05-19T19:31:47.9092511Z  bf317fc9d047 Pulling fs layer 
test-ubuntu (3.14)	Set up Docker Compose	2026-05-19T19:31:47.9094502Z  4acaa03d21c0 Pulling fs layer 
test-ubuntu (3.14)	Set up Docker Compose	2026-05-19T19:31:47.9095105Z  8b8b5338fa05 Pulling fs layer 
test-ubuntu (3.14)	Set up Docker Compose	2026-05-19T19:31:47.9095510Z  84643c7b3905 Pulling fs layer 
test-ubuntu (3.14)	Set up Docker Compose	2026-05-19T19:31:47.9095898Z  9e4893765af9 Pulling fs layer 
test-ubuntu (3.14)	Set up Docker Compose	2026-05-19T19:31:47.9096403Z  173e9abf17df Pulling fs layer 
test-ubuntu (3.14)	Set up Docker Compose	2026-05-19T19:31:47.9097138Z  2d00d5ceb5d5 Pulling fs layer 
test-ubuntu (3.14)	Set up Docker Compose	2026-05-19T19:31:47.9097534Z  4c7647800bee Pulling fs layer 
test-ubuntu (3.14)	Set up Docker Compose	2026-05-19T19:31:47.9097951Z  0879326081d0 Pulling fs layer 
test-ubuntu (3.14)	Set up Docker Compose	2026-05-19T19:31:47.9098334Z  a22c0f637cc8 Pulling fs layer 
test-ubuntu (3.14)	Set up Docker Compose	2026-05-19T19:31:47.9098712Z  fe07684b16b8 Waiting 
test-ubuntu (3.14)	Set up Docker Compose	2026-05-19T19:31:47.9099048Z  8625de8a7c49 Waiting 
test-ubuntu (3.14)	Set up Docker Compose	2026-05-19T19:31:47.9099384Z  37ea5726b062 Waiting 
test-ubuntu (3.14)	Set up Docker Compose	2026-05-19T19:31:47.9099712Z  de7b6d2bd702 Waiting 
test-ubuntu (3.14)	Set up Docker Compose	2026-05-19T19:31:47.9100040Z  bf317fc9d047 Waiting 
test-ubuntu (3.14)	Set up Docker Compose	2026-05-19T19:31:47.9100450Z  4acaa03d21c0 Waiting 
test-ubuntu (3.14)	Set up Docker Compose	2026-05-19T19:31:47.9100769Z  8b8b5338fa05 Waiting 
test-ubuntu (3.14)	Set up Docker Compose	2026-05-19T19:31:47.9101040Z  d03efd77259a Waiting 
test-ubuntu (3.14)	Set up Docker Compose	2026-05-19T19:31:47.9101257Z  84643c7b3905 Waiting 
test-ubuntu (3.14)	Set up Docker Compose	2026-05-19T19:31:47.9101451Z  5a632533374f Waiting 
test-ubuntu (3.14)	Set up Docker Compose	2026-05-19T19:31:47.9101648Z  9e4893765af9 Waiting 
test-ubuntu (3.14)	Set up Docker Compose	2026-05-19T19:31:47.9101856Z  173e9abf17df Waiting 
test-ubuntu (3.14)	Set up Docker Compose	2026-05-19T19:31:47.9102064Z  2d00d5ceb5d5 Waiting 
test-ubuntu (3.14)	Set up Docker Compose	2026-05-19T19:31:47.9102265Z  4c7647800bee Waiting 
test-ubuntu (3.14)	Set up Docker Compose	2026-05-19T19:31:47.9102456Z  0879326081d0 Waiting 
test-ubuntu (3.14)	Set up Docker Compose	2026-05-19T19:31:47.9102658Z  b06dfe297ce4 Pulling fs layer 
test-ubuntu (3.14)	Set up Docker Compose	2026-05-19T19:31:47.9102917Z  4f4fb700ef54 Pulling fs layer 
test-ubuntu (3.14)	Set up Docker Compose	2026-05-19T19:31:47.9103153Z  d49027299ad5 Pulling fs layer 
test-ubuntu (3.14)	Set up Docker Compose	2026-05-19T19:31:47.9103381Z  0c4ef7d4f655 Pulling fs layer 
test-ubuntu (3.14)	Set up Docker Compose	2026-05-19T19:31:47.9103610Z  ff4608a2de69 Pulling fs layer 
test-ubuntu (3.14)	Set up Docker Compose	2026-05-19T19:31:47.9103836Z  dad859c13bf0 Pulling fs layer 
test-ubuntu (3.14)	Set up Docker Compose	2026-05-19T19:31:47.9104062Z  b06dfe297ce4 Waiting 
test-ubuntu (3.14)	Set up Docker Compose	2026-05-19T19:31:47.9104269Z  4f4fb700ef54 Waiting 
test-ubuntu (3.14)	Set up Docker Compose	2026-05-19T19:31:47.9104484Z  d49027299ad5 Waiting 
test-ubuntu (3.14)	Set up Docker Compose	2026-05-19T19:31:47.9104672Z  dad859c13bf0 Waiting 
test-ubuntu (3.14)	Set up Docker Compose	2026-05-19T19:31:47.9104872Z  0c4ef7d4f655 Waiting 
test-ubuntu (3.14)	Set up Docker Compose	2026-05-19T19:31:47.9105066Z  ff4608a2de69 Waiting 
test-ubuntu (3.14)	Set up Docker Compose	2026-05-19T19:31:47.9105558Z  a22c0f637cc8 Waiting 
test-ubuntu (3.14)	Set up Docker Compose	2026-05-19T19:31:47.9202948Z  57fb71246055 Pulling fs layer 
test-ubuntu (3.14)	Set up Docker Compose	2026-05-19T19:31:47.9203698Z  afff1a729121 Pulling fs layer 
test-ubuntu (3.14)	Set up Docker Compose	2026-05-19T19:31:47.9205703Z  de11576bde87 Pulling fs layer 
test-ubuntu (3.14)	Set up Docker Compose	2026-05-19T19:31:47.9206296Z  a7ee000e310e Pulling fs layer 
test-ubuntu (3.14)	Set up Docker Compose	2026-05-19T19:31:47.9206692Z  7a97a7bd35bb Pulling fs layer 
test-ubuntu (3.14)	Set up Docker Compose	2026-05-19T19:31:47.9207103Z  33948d124eb7 Pulling fs layer 
test-ubuntu (3.14)	Set up Docker Compose	2026-05-19T19:31:47.9207519Z  c2c802328ad4 Pulling fs layer 
test-ubuntu (3.14)	Set up Docker Compose	2026-05-19T19:31:47.9207913Z  18066de916e4 Pulling fs layer 
test-ubuntu (3.14)	Set up Docker Compose	2026-05-19T19:31:47.9208335Z  57fb71246055 Waiting 
test-ubuntu (3.14)	Set up Docker Compose	2026-05-19T19:31:47.9208687Z  b0f4f1626421 Pulling fs layer 
test-ubuntu (3.14)	Set up Docker Compose	2026-05-19T19:31:47.9210468Z  5775e5d393e8 Pulling fs layer 
test-ubuntu (3.14)	Set up Docker Compose	2026-05-19T19:31:47.9211897Z  e0de67612b9a Pulling fs layer 
test-ubuntu (3.14)	Set up Docker Compose	2026-05-19T19:31:47.9212959Z  e8463a0bbc2e Pulling fs layer 
test-ubuntu (3.14)	Set up Docker Compose	2026-05-19T19:31:47.9213658Z  afff1a729121 Waiting 
test-ubuntu (3.14)	Set up Docker Compose	2026-05-19T19:31:47.9214067Z  394171cb0e6f Pulling fs layer 
test-ubuntu (3.14)	Set up Docker Compose	2026-05-19T19:31:47.9214533Z  d1632e5aec61 Pulling fs layer 
test-ubuntu (3.14)	Set up Docker Compose	2026-05-19T19:31:47.9214927Z  de11576bde87 Waiting 
test-ubuntu (3.14)	Set up Docker Compose	2026-05-19T19:31:47.9215152Z  a7ee000e310e Waiting 
test-ubuntu (3.14)	Set up Docker Compose	2026-05-19T19:31:47.9215356Z  c2c802328ad4 Waiting 
test-ubuntu (3.14)	Set up Docker Compose	2026-05-19T19:31:47.9215555Z  7a97a7bd35bb Waiting 
test-ubuntu (3.14)	Set up Docker Compose	2026-05-19T19:31:47.9216265Z  33948d124eb7 Waiting 
test-ubuntu (3.14)	Set up Docker Compose	2026-05-19T19:31:47.9216579Z  18066de916e4 Waiting 
test-ubuntu (3.14)	Set up Docker Compose	2026-05-19T19:31:47.9216781Z  e8463a0bbc2e Waiting 
test-ubuntu (3.14)	Set up Docker Compose	2026-05-19T19:31:47.9216990Z  b0f4f1626421 Waiting 
test-ubuntu (3.14)	Set up Docker Compose	2026-05-19T19:31:47.9217188Z  5775e5d393e8 Waiting 
test-ubuntu (3.14)	Set up Docker Compose	2026-05-19T19:31:47.9217375Z  394171cb0e6f Waiting 
test-ubuntu (3.14)	Set up Docker Compose	2026-05-19T19:31:47.9217609Z  e0de67612b9a Waiting 
test-ubuntu (3.14)	Set up Docker Compose	2026-05-19T19:31:47.9217960Z  d1632e5aec61 Waiting 
test-ubuntu (3.14)	Set up Docker Compose	2026-05-19T19:31:47.9228926Z  9da841cba2d1 Pulling fs layer 
test-ubuntu (3.14)	Set up Docker Compose	2026-05-19T19:31:47.9231703Z  91470fc0967b Pulling fs layer 
test-ubuntu (3.14)	Set up Docker Compose	2026-05-19T19:31:47.9232318Z  1bff2c58b4cb Pulling fs layer 
test-ubuntu (3.14)	Set up Docker Compose	2026-05-19T19:31:47.9232867Z  514fc8664ab8 Pulling fs layer 
test-ubuntu (3.14)	Set up Docker Compose	2026-05-19T19:31:47.9233477Z  9b972c53c46c Pulling fs layer 
test-ubuntu (3.14)	Set up Docker Compose	2026-05-19T19:31:47.9233860Z  13d2de324eed Pulling fs layer 
test-ubuntu (3.14)	Set up Docker Compose	2026-05-19T19:31:47.9234227Z  222ab7740458 Pulling fs layer 
test-ubuntu (3.14)	Set up Docker Compose	2026-05-19T19:31:47.9234612Z  9da841cba2d1 Waiting 
test-ubuntu (3.14)	Set up Docker Compose	2026-05-19T19:31:47.9234939Z  514fc8664ab8 Waiting 
test-ubuntu (3.14)	Set up Docker Compose	2026-05-19T19:31:47.9235237Z  9b972c53c46c Waiting 
test-ubuntu (3.14)	Set up Docker Compose	2026-05-19T19:31:47.9235554Z  222ab7740458 Waiting 
test-ubuntu (3.14)	Set up Docker Compose	2026-05-19T19:31:47.9235860Z  13d2de324eed Waiting 
test-ubuntu (3.14)	Set up Docker Compose	2026-05-19T19:31:47.9320380Z  e67fdae35593 Pulling fs layer 
test-ubuntu (3.14)	Set up Docker Compose	2026-05-19T19:31:47.9321684Z  03b1c1358482 Pulling fs layer 
test-ubuntu (3.14)	Set up Docker Compose	2026-05-19T19:31:47.9322493Z  c914fe955fee Pulling fs layer 
test-ubuntu (3.14)	Set up Docker Compose	2026-05-19T19:31:47.9323097Z  ecab2cd70e50 Pulling fs layer 
test-ubuntu (3.14)	Set up Docker Compose	2026-05-19T19:31:47.9324005Z  0e9d048cd1fe Pulling fs layer 
test-ubuntu (3.14)	Set up Docker Compose	2026-05-19T19:31:47.9324502Z  e67fdae35593 Waiting 
test-ubuntu (3.14)	Set up Docker Compose	2026-05-19T19:31:47.9324845Z  ecab2cd70e50 Waiting 
test-ubuntu (3.14)	Set up Docker Compose	2026-05-19T19:31:47.9325166Z  0e9d048cd1fe Waiting 
test-ubuntu (3.14)	Set up Docker Compose	2026-05-19T19:31:47.9325498Z  c914fe955fee Waiting 
test-ubuntu (3.14)	Set up Docker Compose	2026-05-19T19:31:47.9325819Z  03b1c1358482 Waiting 
test-ubuntu (3.14)	Set up Docker Compose	2026-05-19T19:31:47.9424860Z  d5fd17ec1767 Pulling fs layer 
test-ubuntu (3.14)	Set up Docker Compose	2026-05-19T19:31:47.9425494Z  3333ece3d6fb Pulling fs layer 
test-ubuntu (3.14)	Set up Docker Compose	2026-05-19T19:31:47.9425920Z  6060df901d94 Pulling fs layer 
test-ubuntu (3.14)	Set up Docker Compose	2026-05-19T19:31:47.9428734Z  fae1f0b2907e Pulling fs layer 
test-ubuntu (3.14)	Set up Docker Compose	2026-05-19T19:31:47.9429800Z  6163e4fdd626 Pulling fs layer 
test-ubuntu (3.14)	Set up Docker Compose	2026-05-19T19:31:47.9430311Z  1f27396f6efc Pulling fs layer 
test-ubuntu (3.14)	Set up Docker Compose	2026-05-19T19:31:47.9430934Z  fe556ec02776 Pulling fs layer 
test-ubuntu (3.14)	Set up Docker Compose	2026-05-19T19:31:47.9431454Z  d5fd17ec1767 Waiting 
test-ubuntu (3.14)	Set up Docker Compose	2026-05-19T19:31:47.9431722Z  3333ece3d6fb Waiting 
test-ubuntu (3.14)	Set up Docker Compose	2026-05-19T19:31:47.9432025Z  6060df901d94 Waiting 
test-ubuntu (3.14)	Set up Docker Compose	2026-05-19T19:31:47.9432232Z  fae1f0b2907e Waiting 
test-ubuntu (3.14)	Set up Docker Compose	2026-05-19T19:31:47.9432440Z  6163e4fdd626 Waiting 
test-ubuntu (3.14)	Set up Docker Compose	2026-05-19T19:31:47.9432637Z  1f27396f6efc Waiting 
test-ubuntu (3.14)	Set up Docker Compose	2026-05-19T19:31:47.9432837Z  fe556ec02776 Waiting 
test-ubuntu (3.14)	Set up Docker Compose	2026-05-19T19:31:47.9850262Z  57fb71246055 Pulling fs layer 
test-ubuntu (3.14)	Set up Docker Compose	2026-05-19T19:31:47.9851844Z  69f581787942 Pulling fs layer 
test-ubuntu (3.14)	Set up Docker Compose	2026-05-19T19:31:47.9853725Z  631be4105227 Pulling fs layer 
test-ubuntu (3.14)	Set up Docker Compose	2026-05-19T19:31:47.9854776Z  3b8271951027 Pulling fs layer 
test-ubuntu (3.14)	Set up Docker Compose	2026-05-19T19:31:47.9855283Z  06936fd22673 Pulling fs layer 
test-ubuntu (3.14)	Set up Docker Compose	2026-05-19T19:31:47.9855671Z  4f4fb700ef54 Pulling fs layer 
test-ubuntu (3.14)	Set up Docker Compose	2026-05-19T19:31:47.9856287Z  57fb71246055 Waiting 
test-ubuntu (3.14)	Set up Docker Compose	2026-05-19T19:31:47.9857068Z  0124d324831b Pulling fs layer 
test-ubuntu (3.14)	Set up Docker Compose	2026-05-19T19:31:47.9857582Z  eded19f67da4 Pulling fs layer 
test-ubuntu (3.14)	Set up Docker Compose	2026-05-19T19:31:47.9857818Z  69f581787942 Waiting 
test-ubuntu (3.14)	Set up Docker Compose	2026-05-19T19:31:47.9858141Z  631be4105227 Waiting 
test-ubuntu (3.14)	Set up Docker Compose	2026-05-19T19:31:47.9858439Z  4f4fb700ef54 Waiting 
test-ubuntu (3.14)	Set up Docker Compose	2026-05-19T19:31:47.9858729Z  3b8271951027 Waiting 
test-ubuntu (3.14)	Set up Docker Compose	2026-05-19T19:31:47.9859031Z  0124d324831b Waiting 
test-ubuntu (3.14)	Set up Docker Compose	2026-05-19T19:31:47.9859538Z  06936fd22673 Waiting 
test-ubuntu (3.14)	Set up Docker Compose	2026-05-19T19:31:47.9860106Z  eded19f67da4 Waiting 
test-ubuntu (3.14)	Set up Docker Compose	2026-05-19T19:31:48.0409811Z  57fb71246055 Pulling fs layer 
test-ubuntu (3.14)	Set up Docker Compose	2026-05-19T19:31:48.0412830Z  69f581787942 Pulling fs layer 
test-ubuntu (3.14)	Set up Docker Compose	2026-05-19T19:31:48.0415198Z  631be4105227 Pulling fs layer 
test-ubuntu (3.14)	Set up Docker Compose	2026-05-19T19:31:48.0415779Z  3b8271951027 Pulling fs layer 
test-ubuntu (3.14)	Set up Docker Compose	2026-05-19T19:31:48.0416481Z  06803ccce673 Pulling fs layer 
test-ubuntu (3.14)	Set up Docker Compose	2026-05-19T19:31:48.0416849Z  f7580f6b7618 Pulling fs layer 
test-ubuntu (3.14)	Set up Docker Compose	2026-05-19T19:31:48.0417225Z  3ab90894f5f5 Pulling fs layer 
test-ubuntu (3.14)	Set up Docker Compose	2026-05-19T19:31:48.0417591Z  75616aa22dfd Pulling fs layer 
test-ubuntu (3.14)	Set up Docker Compose	2026-05-19T19:31:48.0417969Z  b5c5a3ac416f Pulling fs layer 
test-ubuntu (3.14)	Set up Docker Compose	2026-05-19T19:31:48.0418371Z  57fb71246055 Waiting 
test-ubuntu (3.14)	Set up Docker Compose	2026-05-19T19:31:48.0418700Z  69f581787942 Waiting 
test-ubuntu (3.14)	Set up Docker Compose	2026-05-19T19:31:48.0419003Z  3ab90894f5f5 Waiting 
test-ubuntu (3.14)	Set up Docker Compose	2026-05-19T19:31:48.0419707Z  631be4105227 Waiting 
test-ubuntu (3.14)	Set up Docker Compose	2026-05-19T19:31:48.0420028Z  3b8271951027 Waiting 
test-ubuntu (3.14)	Set up Docker Compose	2026-05-19T19:31:48.0420407Z  75616aa22dfd Waiting 
test-ubuntu (3.14)	Set up Docker Compose	2026-05-19T19:31:48.0420651Z  06803ccce673 Waiting 
test-ubuntu (3.14)	Set up Docker Compose	2026-05-19T19:31:48.0420853Z  b5c5a3ac416f Waiting 
test-ubuntu (3.14)	Set up Docker Compose	2026-05-19T19:31:48.0421125Z  f7580f6b7618 Waiting 
test-ubuntu (3.14)	Set up Docker Compose	2026-05-19T19:31:48.0753785Z  2acf9a40b14f Pulling fs layer 
test-ubuntu (3.14)	Set up Docker Compose	2026-05-19T19:31:48.0754694Z  27baa147e9fa Pulling fs layer 
test-ubuntu (3.14)	Set up Docker Compose	2026-05-19T19:31:48.0756960Z  ac03b73ed425 Pulling fs layer 
test-ubuntu (3.14)	Set up Docker Compose	2026-05-19T19:31:48.0758058Z  f591ea4658bd Pulling fs layer 
test-ubuntu (3.14)	Set up Docker Compose	2026-05-19T19:31:48.0759662Z  e7f02ac1f456 Pulling fs layer 
test-ubuntu (3.14)	Set up Docker Compose	2026-05-19T19:31:48.0760626Z  612087d42eba Pulling fs layer 
test-ubuntu (3.14)	Set up Docker Compose	2026-05-19T19:31:48.0761394Z  2d001a504b81 Pulling fs layer 
test-ubuntu (3.14)	Set up Docker Compose	2026-05-19T19:31:48.0763890Z  bd1a7d2e0737 Pulling fs layer 
test-ubuntu (3.14)	Set up Docker Compose	2026-05-19T19:31:48.0764361Z  2acf9a40b14f Waiting 
test-ubuntu (3.14)	Set up Docker Compose	2026-05-19T19:31:48.0764773Z  69294359b56a Pulling fs layer 
test-ubuntu (3.14)	Set up Docker Compose	2026-05-19T19:31:48.0765166Z  df0231abac1e Pulling fs layer 
test-ubuntu (3.14)	Set up Docker Compose	2026-05-19T19:31:48.0765531Z  f591ea4658bd Waiting 
test-ubuntu (3.14)	Set up Docker Compose	2026-05-19T19:31:48.0765856Z  e7f02ac1f456 Waiting 
test-ubuntu (3.14)	Set up Docker Compose	2026-05-19T19:31:48.0766331Z  612087d42eba Waiting 
test-ubuntu (3.14)	Set up Docker Compose	2026-05-19T19:31:48.0766650Z  2d001a504b81 Waiting 
test-ubuntu (3.14)	Set up Docker Compose	2026-05-19T19:31:48.0766965Z  bd1a7d2e0737 Waiting 
test-ubuntu (3.14)	Set up Docker Compose	2026-05-19T19:31:48.0767279Z  69294359b56a Waiting 
test-ubuntu (3.14)	Set up Docker Compose	2026-05-19T19:31:48.0767589Z  27baa147e9fa Waiting 
test-ubuntu (3.14)	Set up Docker Compose	2026-05-19T19:31:48.0767900Z  ac03b73ed425 Waiting 
test-ubuntu (3.14)	Set up Docker Compose	2026-05-19T19:31:48.0768211Z  df0231abac1e Waiting 
test-ubuntu (3.14)	Set up Docker Compose	2026-05-19T19:31:48.0790591Z  661ff4d9561e Pulling fs layer 
test-ubuntu (3.14)	Set up Docker Compose	2026-05-19T19:31:48.0792467Z  77265a0c00dc Pulling fs layer 
test-ubuntu (3.14)	Set up Docker Compose	2026-05-19T19:31:48.0794202Z  b4635ee9510c Pulling fs layer 
test-ubuntu (3.14)	Set up Docker Compose	2026-05-19T19:31:48.0795931Z  d8148ed4c132 Pulling fs layer 
test-ubuntu (3.14)	Set up Docker Compose	2026-05-19T19:31:48.0796691Z  9d5d726ba80c Pulling fs layer 
test-ubuntu (3.14)	Set up Docker Compose	2026-05-19T19:31:48.0797183Z  b47a890975df Pulling fs layer 
test-ubuntu (3.14)	Set up Docker Compose	2026-05-19T19:31:48.0797737Z  250787e53948 Pulling fs layer 
test-ubuntu (3.14)	Set up Docker Compose	2026-05-19T19:31:48.0798122Z  36e66ef758c3 Pulling fs layer 
test-ubuntu (3.14)	Set up Docker Compose	2026-05-19T19:31:48.0798482Z  56994fce3c1a Pulling fs layer 
test-ubuntu (3.14)	Set up Docker Compose	2026-05-19T19:31:48.0798837Z  1f1735923178 Pulling fs layer 
test-ubuntu (3.14)	Set up Docker Compose	2026-05-19T19:31:48.0800773Z  b47a890975df Waiting 
test-ubuntu (3.14)	Set up Docker Compose	2026-05-19T19:31:48.0801090Z  250787e53948 Waiting 
test-ubuntu (3.14)	Set up Docker Compose	2026-05-19T19:31:48.0801435Z  36e66ef758c3 Waiting 
test-ubuntu (3.14)	Set up Docker Compose	2026-05-19T19:31:48.0801749Z  56994fce3c1a Waiting 
test-ubuntu (3.14)	Set up Docker Compose	2026-05-19T19:31:48.0803508Z  661ff4d9561e Waiting 
test-ubuntu (3.14)	Set up Docker Compose	2026-05-19T19:31:48.0803864Z  77265a0c00dc Waiting 
test-ubuntu (3.14)	Set up Docker Compose	2026-05-19T19:31:48.0804190Z  9d5d726ba80c Waiting 
test-ubuntu (3.14)	Set up Docker Compose	2026-05-19T19:31:48.0804519Z  b4635ee9510c Waiting 
test-ubuntu (3.14)	Set up Docker Compose	2026-05-19T19:31:48.0804833Z  d8148ed4c132 Waiting 
test-ubuntu (3.14)	Set up Docker Compose	2026-05-19T19:31:48.0805142Z  1f1735923178 Waiting 
test-ubuntu (3.14)	Set up Docker Compose	2026-05-19T19:31:48.0826734Z  8a3c71b80346 Downloading [>                                                  ]  48.36kB/3.847MB
test-ubuntu (3.14)	Set up Docker Compose	2026-05-19T19:31:48.0838135Z  63849d89c66d Downloading [==================================================>]     142B/142B
test-ubuntu (3.14)	Set up Docker Compose	2026-05-19T19:31:48.0839183Z  63849d89c66d Verifying Checksum 
test-ubuntu (3.14)	Set up Docker Compose	2026-05-19T19:31:48.0840005Z  63849d89c66d Download complete 
test-ubuntu (3.14)	Set up Docker Compose	2026-05-19T19:31:48.0847635Z  589002ba0eae Downloading [>                                                  ]  48.51kB/3.862MB
test-ubuntu (3.14)	Set up Docker Compose	2026-05-19T19:31:48.1119127Z  589002ba0eae Verifying Checksum 
test-ubuntu (3.14)	Set up Docker Compose	2026-05-19T19:31:48.1119697Z  589002ba0eae Download complete 
test-ubuntu (3.14)	Set up Docker Compose	2026-05-19T19:31:48.1157504Z  589002ba0eae Extracting [>                                                  ]  65.54kB/3.862MB
test-ubuntu (3.14)	Set up Docker Compose	2026-05-19T19:31:48.1199164Z  8a3c71b80346 Download complete 
test-ubuntu (3.14)	Set up Docker Compose	2026-05-19T19:31:48.2148851Z  589002ba0eae Extracting [=========================================>         ]  3.211MB/3.862MB
test-ubuntu (3.14)	Set up Docker Compose	2026-05-19T19:31:48.2245064Z  589002ba0eae Extracting [==================================================>]  3.862MB/3.862MB
test-ubuntu (3.14)	Set up Docker Compose	2026-05-19T19:31:48.2258463Z  589002ba0eae Extracting [==================================================>]  3.862MB/3.862MB
test-ubuntu (3.14)	Set up Docker Compose	2026-05-19T19:31:48.2469449Z  589002ba0eae Pull complete 
test-ubuntu (3.14)	Set up Docker Compose	2026-05-19T19:31:48.2492830Z  63849d89c66d Extracting [==================================================>]     142B/142B
test-ubuntu (3.14)	Set up Docker Compose	2026-05-19T19:31:48.2504620Z  63849d89c66d Extracting [==================================================>]     142B/142B
test-ubuntu (3.14)	Set up Docker Compose	2026-05-19T19:31:48.2864158Z  56c2f4d51269 Downloading [>                                                  ]  97.64kB/8.735MB
test-ubuntu (3.14)	Set up Docker Compose	2026-05-19T19:31:48.2937492Z  46517af21612 Downloading [============>                                      ]  16.38kB/67.05kB
test-ubuntu (3.14)	Set up Docker Compose	2026-05-19T19:31:48.2953245Z  46517af21612 Downloading [==================================================>]  67.05kB/67.05kB
test-ubuntu (3.14)	Set up Docker Compose	2026-05-19T19:31:48.2954310Z  46517af21612 Verifying Checksum 
test-ubuntu (3.14)	Set up Docker Compose	2026-05-19T19:31:48.2954915Z  63849d89c66d Pull complete 
test-ubuntu (3.14)	Set up Docker Compose	2026-05-19T19:31:48.2955309Z  46517af21612 Download complete 
test-ubuntu (3.14)	Set up Docker Compose	2026-05-19T19:31:48.2991190Z  8a3c71b80346 Extracting [>                                                  ]  65.54kB/3.847MB
test-ubuntu (3.14)	Set up Docker Compose	2026-05-19T19:31:48.3101585Z  51682cba8e21 Downloading [=====>                                             ]  3.479kB/30.61kB
test-ubuntu (3.14)	Set up Docker Compose	2026-05-19T19:31:48.3106389Z  51682cba8e21 Download complete 
test-ubuntu (3.14)	Set up Docker Compose	2026-05-19T19:31:48.3326364Z  56c2f4d51269 Verifying Checksum 
test-ubuntu (3.14)	Set up Docker Compose	2026-05-19T19:31:48.3326909Z  56c2f4d51269 Download complete 
test-ubuntu (3.14)	Set up Docker Compose	2026-05-19T19:31:48.3997112Z  8a3c71b80346 Extracting [===================>                               ]  1.507MB/3.847MB
test-ubuntu (3.14)	Set up Docker Compose	2026-05-19T19:31:48.4520506Z  8a3c71b80346 Extracting [==================================================>]  3.847MB/3.847MB
test-ubuntu (3.14)	Set up Docker Compose	2026-05-19T19:31:48.4724594Z  ffaa3dc87eb8 Downloading [>                                                  ]  534.7kB/184.8MB
test-ubuntu (3.14)	Set up Docker Compose	2026-05-19T19:31:48.4840501Z  8a3c71b80346 Extracting [==================================================>]  3.847MB/3.847MB
test-ubuntu (3.14)	Set up Docker Compose	2026-05-19T19:31:48.4927811Z  ca64c64b8c6b Downloading [>                                                  ]  540.4kB/133.1MB
test-ubuntu (3.14)	Set up Docker Compose	2026-05-19T19:31:48.5181360Z  5d4e761fb5e7 Downloading [==============>                                    ]  3.479kB/11.93kB
test-ubuntu (3.14)	Set up Docker Compose	2026-05-19T19:31:48.5187681Z  5d4e761fb5e7 Downloading [==================================================>]  11.93kB/11.93kB
test-ubuntu (3.14)	Set up Docker Compose	2026-05-19T19:31:48.5188612Z  5d4e761fb5e7 Verifying Checksum 
test-ubuntu (3.14)	Set up Docker Compose	2026-05-19T19:31:48.5189420Z  5d4e761fb5e7 Download complete 
test-ubuntu (3.14)	Set up Docker Compose	2026-05-19T19:31:48.5728841Z  ffaa3dc87eb8 Downloading [=======>                                           ]  27.64MB/184.8MB
test-ubuntu (3.14)	Set up Docker Compose	2026-05-19T19:31:48.5943259Z  ca64c64b8c6b Downloading [==========>                                        ]  29.17MB/133.1MB
test-ubuntu (3.14)	Set up Docker Compose	2026-05-19T19:31:48.6780813Z  ffaa3dc87eb8 Downloading [===============>                                   ]  56.27MB/184.8MB
test-ubuntu (3.14)	Set up Docker Compose	2026-05-19T19:31:48.6953457Z  ca64c64b8c6b Downloading [=====================>                             ]  58.34MB/133.1MB
test-ubuntu (3.14)	Set up Docker Compose	2026-05-19T19:31:48.6994636Z  8a3c71b80346 Pull complete 
test-ubuntu (3.14)	Set up Docker Compose	2026-05-19T19:31:48.7028366Z  56c2f4d51269 Extracting [>                                                  ]   98.3kB/8.735MB
test-ubuntu (3.14)	Set up Docker Compose	2026-05-19T19:31:48.7113399Z  45f569379759 Downloading [>                                                  ]  146.8kB/13.42MB
test-ubuntu (3.14)	Set up Docker Compose	2026-05-19T19:31:48.7782875Z  ffaa3dc87eb8 Downloading [======================>                            ]  84.89MB/184.8MB
test-ubuntu (3.14)	Set up Docker Compose	2026-05-19T19:31:48.7962634Z  ca64c64b8c6b Downloading [=================================>                 ]   88.6MB/133.1MB
test-ubuntu (3.14)	Set up Docker Compose	2026-05-19T19:31:48.8034764Z  56c2f4d51269 Extracting [=======================>                           ]  4.129MB/8.735MB
test-ubuntu (3.14)	Set up Docker Compose	2026-05-19T19:31:48.8089466Z  45f569379759 Downloading [==================================================>]  13.42MB/13.42MB
test-ubuntu (3.14)	Set up Docker Compose	2026-05-19T19:31:48.8100669Z  45f569379759 Verifying Checksum 
test-ubuntu (3.14)	Set up Docker Compose	2026-05-19T19:31:48.8102679Z  45f569379759 Download complete 
test-ubuntu (3.14)	Set up Docker Compose	2026-05-19T19:31:48.8797203Z  ffaa3dc87eb8 Downloading [===============================>                   ]  115.7MB/184.8MB
test-ubuntu (3.14)	Set up Docker Compose	2026-05-19T19:31:48.8961000Z  ca64c64b8c6b Downloading [============================================>      ]  117.8MB/133.1MB
test-ubuntu (3.14)	Set up Docker Compose	2026-05-19T19:31:48.9054771Z  56c2f4d51269 Extracting [===============================================>   ]  8.356MB/8.735MB
test-ubuntu (3.14)	Set up Docker Compose	2026-05-19T19:31:48.9204522Z  56c2f4d51269 Extracting [==================================================>]  8.735MB/8.735MB
test-ubuntu (3.14)	Set up Docker Compose	2026-05-19T19:31:48.9518935Z  ca64c64b8c6b Verifying Checksum 
test-ubuntu (3.14)	Set up Docker Compose	2026-05-19T19:31:48.9520103Z  ca64c64b8c6b Download complete 
test-ubuntu (3.14)	Set up Docker Compose	2026-05-19T19:31:49.0060794Z  2f5d19039fdb Downloading [==================================================>]     162B/162B
test-ubuntu (3.14)	Set up Docker Compose	2026-05-19T19:31:49.0355271Z  2f5d19039fdb Download complete 
test-ubuntu (3.14)	Set up Docker Compose	2026-05-19T19:31:49.0367419Z  ffaa3dc87eb8 Downloading [=====================================>             ]    138MB/184.8MB
test-ubuntu (3.14)	Set up Docker Compose	2026-05-19T19:31:49.1294724Z  4f4fb700ef54 Downloading [==================================================>]      32B/32B
test-ubuntu (3.14)	Set up Docker Compose	2026-05-19T19:31:49.1295485Z  4f4fb700ef54 Verifying Checksum 
test-ubuntu (3.14)	Set up Docker Compose	2026-05-19T19:31:49.1295918Z  4f4fb700ef54 Download complete 
test-ubuntu (3.14)	Set up Docker Compose	2026-05-19T19:31:49.1377380Z  ffaa3dc87eb8 Downloading [==============================================>    ]    171MB/184.8MB
test-ubuntu (3.14)	Set up Docker Compose	2026-05-19T19:31:49.1515563Z  56c2f4d51269 Pull complete 
test-ubuntu (3.14)	Set up Docker Compose	2026-05-19T19:31:49.1535820Z  46517af21612 Extracting [========================>                          ]  32.77kB/67.05kB
test-ubuntu (3.14)	Set up Docker Compose	2026-05-19T19:31:49.1542643Z  46517af21612 Extracting [==================================================>]  67.05kB/67.05kB
test-ubuntu (3.14)	Set up Docker Compose	2026-05-19T19:31:49.1550545Z  46517af21612 Extracting [==================================================>]  67.05kB/67.05kB
test-ubuntu (3.14)	Set up Docker Compose	2026-05-19T19:31:49.2257933Z  c8533800cdf1 Downloading [==================================================>]  1.334kB/1.334kB
test-ubuntu (3.14)	Set up Docker Compose	2026-05-19T19:31:49.2436816Z  c8533800cdf1 Verifying Checksum 
test-ubuntu (3.14)	Set up Docker Compose	2026-05-19T19:31:49.2437557Z  c8533800cdf1 Download complete 
test-ubuntu (3.14)	Set up Docker Compose	2026-05-19T19:31:49.2453739Z  ffaa3dc87eb8 Downloading [=================================================> ]  184.2MB/184.8MB
test-ubuntu (3.14)	Set up Docker Compose	2026-05-19T19:31:49.2474812Z  ffaa3dc87eb8 Verifying Checksum 
test-ubuntu (3.14)	Set up Docker Compose	2026-05-19T19:31:49.2475994Z  ffaa3dc87eb8 Download complete 
test-ubuntu (3.14)	Set up Docker Compose	2026-05-19T19:31:49.2924533Z  46517af21612 Pull complete 
test-ubuntu (3.14)	Set up Docker Compose	2026-05-19T19:31:49.2938168Z  51682cba8e21 Extracting [==================================================>]  30.61kB/30.61kB
test-ubuntu (3.14)	Set up Docker Compose	2026-05-19T19:31:49.2944585Z  51682cba8e21 Extracting [==================================================>]  30.61kB/30.61kB
test-ubuntu (3.14)	Set up Docker Compose	2026-05-19T19:31:49.3108077Z  51682cba8e21 Pull complete 
test-ubuntu (3.14)	Set up Docker Compose	2026-05-19T19:31:49.3217861Z  ffaa3dc87eb8 Extracting [>                                                  ]  557.1kB/184.8MB
test-ubuntu (3.14)	Set up Docker Compose	2026-05-19T19:31:49.3579300Z  481282afbc43 Downloading [>                                                  ]  22.25kB/2.211MB
test-ubuntu (3.14)	Set up Docker Compose	2026-05-19T19:31:49.4257997Z  481282afbc43 Download complete 
test-ubuntu (3.14)	Set up Docker Compose	2026-05-19T19:31:49.4258737Z  481282afbc43 Extracting [>                                                  ]  32.77kB/2.211MB
test-ubuntu (3.14)	Set up Docker Compose	2026-05-19T19:31:49.4297254Z  ffaa3dc87eb8 Extracting [==>                                                ]  8.356MB/184.8MB
test-ubuntu (3.14)	Set up Docker Compose	2026-05-19T19:31:49.4901199Z  d26ba0483358 Downloading [=====================================>             ]     347B/458B
test-ubuntu (3.14)	Set up Docker Compose	2026-05-19T19:31:49.4908526Z  d26ba0483358 Downloading [==================================================>]     458B/458B
test-ubuntu (3.14)	Set up Docker Compose	2026-05-19T19:31:49.4910005Z  d26ba0483358 Download complete 
test-ubuntu (3.14)	Set up Docker Compose	2026-05-19T19:31:49.5235441Z  481282afbc43 Extracting [==================================================>]  2.211MB/2.211MB
test-ubuntu (3.14)	Set up Docker Compose	2026-05-19T19:31:49.5329824Z  481282afbc43 Pull complete 
test-ubuntu (3.14)	Set up Docker Compose	2026-05-19T19:31:49.5338435Z  ffaa3dc87eb8 Extracting [====>                                              ]  15.04MB/184.8MB
test-ubuntu (3.14)	Set up Docker Compose	2026-05-19T19:31:49.5607586Z  573dc7a8ae4d Downloading [>                                                  ]  1.369kB/124.3kB
test-ubuntu (3.14)	Set up Docker Compose	2026-05-19T19:31:49.5720208Z  573dc7a8ae4d Downloading [==================================================>]  124.3kB/124.3kB
test-ubuntu (3.14)	Set up Docker Compose	2026-05-19T19:31:49.5720846Z  573dc7a8ae4d Download complete 
test-ubuntu (3.14)	Set up Docker Compose	2026-05-19T19:31:49.5722532Z  573dc7a8ae4d Extracting [=============>                                     ]  32.77kB/124.3kB
test-ubuntu (3.14)	Set up Docker Compose	2026-05-19T19:31:49.5744982Z  573dc7a8ae4d Extracting [==================================================>]  124.3kB/124.3kB
test-ubuntu (3.14)	Set up Docker Compose	2026-05-19T19:31:49.6084441Z  573dc7a8ae4d Pull complete 
test-ubuntu (3.14)	Set up Docker Compose	2026-05-19T19:31:49.6098446Z  d26ba0483358 Extracting [==================================================>]     458B/458B
test-ubuntu (3.14)	Set up Docker Compose	2026-05-19T19:31:49.6107967Z  d26ba0483358 Extracting [==================================================>]     458B/458B
test-ubuntu (3.14)	Set up Docker Compose	2026-05-19T19:31:49.6214438Z  d26ba0483358 Pull complete 
test-ubuntu (3.14)	Set up Docker Compose	2026-05-19T19:31:49.6372369Z  ffaa3dc87eb8 Extracting [=====>                                             ]  20.61MB/184.8MB
test-ubuntu (3.14)	Set up Docker Compose	2026-05-19T19:31:49.7143848Z  e90c5064d283 Downloading [>                                                  ]  540.7kB/93.66MB
test-ubuntu (3.14)	Set up Docker Compose	2026-05-19T19:31:49.7400057Z  ffaa3dc87eb8 Extracting [=======>                                           ]  27.85MB/184.8MB
test-ubuntu (3.14)	Set up Docker Compose	2026-05-19T19:31:49.7431067Z  92bd91292cb6 Downloading [==================================================>]     307B/307B
test-ubuntu (3.14)	Set up Docker Compose	2026-05-19T19:31:49.7432807Z  92bd91292cb6 Verifying Checksum 
test-ubuntu (3.14)	Set up Docker Compose	2026-05-19T19:31:49.7433674Z  92bd91292cb6 Download complete 
test-ubuntu (3.14)	Set up Docker Compose	2026-05-19T19:31:49.7966304Z  0a13b90e86fb Downloading [=>                                                 ]  3.479kB/127.5kB
test-ubuntu (3.14)	Set up Docker Compose	2026-05-19T19:31:49.7998011Z  0a13b90e86fb Downloading [==================================================>]  127.5kB/127.5kB
test-ubuntu (3.14)	Set up Docker Compose	2026-05-19T19:31:49.7999539Z  0a13b90e86fb Verifying Checksum 
test-ubuntu (3.14)	Set up Docker Compose	2026-05-19T19:31:49.8001081Z  0a13b90e86fb Extracting [============>                                      ]  32.77kB/127.5kB
test-ubuntu (3.14)	Set up Docker Compose	2026-05-19T19:31:49.8040281Z  0a13b90e86fb Extracting [==================================================>]  127.5kB/127.5kB
test-ubuntu (3.14)	Set up Docker Compose	2026-05-19T19:31:49.8093928Z  0a13b90e86fb Pull complete 
test-ubuntu (3.14)	Set up Docker Compose	2026-05-19T19:31:49.8217557Z  e90c5064d283 Downloading [====>                                              ]  9.081MB/93.66MB
test-ubuntu (3.14)	Set up Docker Compose	2026-05-19T19:31:49.8402711Z  ffaa3dc87eb8 Extracting [=========>                                         ]  33.98MB/184.8MB
test-ubuntu (3.14)	Set up Docker Compose	2026-05-19T19:31:49.9301585Z  e90c5064d283 Downloading [========>                                          ]  16.54MB/93.66MB
test-ubuntu (3.14)	Set up Docker Compose	2026-05-19T19:31:49.9439838Z  ffaa3dc87eb8 Extracting [===========>                                       ]  40.67MB/184.8MB
test-ubuntu (3.14)	Set up Docker Compose	2026-05-19T19:31:49.9650411Z  93f76af26bd1 Downloading [>                                                  ]  538.4kB/67.7MB
test-ubuntu (3.14)	Set up Docker Compose	2026-05-19T19:31:50.0043354Z  75ea594db523 Downloading [==================================================>]     730B/730B
test-ubuntu (3.14)	Set up Docker Compose	2026-05-19T19:31:50.0044130Z  75ea594db523 Verifying Checksum 
test-ubuntu (3.14)	Set up Docker Compose	2026-05-19T19:31:50.0044547Z  75ea594db523 Download complete 
test-ubuntu (3.14)	Set up Docker Compose	2026-05-19T19:31:50.0362821Z  e90c5064d283 Downloading [===========>                                       ]  20.83MB/93.66MB
test-ubuntu (3.14)	Set up Docker Compose	2026-05-19T19:31:50.0508879Z  ffaa3dc87eb8 Extracting [============>                                      ]  45.12MB/184.8MB
test-ubuntu (3.14)	Set up Docker Compose	2026-05-19T19:31:50.0655162Z  93f76af26bd1 Downloading [===============>                                   ]  21.35MB/67.7MB
test-ubuntu (3.14)	Set up Docker Compose	2026-05-19T19:31:50.1449912Z  e90c5064d283 Downloading [=============>                                     ]  25.65MB/93.66MB
test-ubuntu (3.14)	Set up Docker Compose	2026-05-19T19:31:50.1587475Z  ffaa3dc87eb8 Extracting [=============>                                     ]  50.69MB/184.8MB
test-ubuntu (3.14)	Set up Docker Compose	2026-05-19T19:31:50.1652882Z  93f76af26bd1 Downloading [====================================>              ]  49.18MB/67.7MB
test-ubuntu (3.14)	Set up Docker Compose	2026-05-19T19:31:50.2330960Z  93f76af26bd1 Verifying Checksum 
test-ubuntu (3.14)	Set up Docker Compose	2026-05-19T19:31:50.2331509Z  93f76af26bd1 Download complete 
test-ubuntu (3.14)	Set up Docker Compose	2026-05-19T19:31:50.2430033Z  93f76af26bd1 Extracting [>                                                  ]  557.1kB/67.7MB
test-ubuntu (3.14)	Set up Docker Compose	2026-05-19T19:31:50.2503939Z  e90c5064d283 Downloading [===============>                                   ]  29.91MB/93.66MB
test-ubuntu (3.14)	Set up Docker Compose	2026-05-19T19:31:50.2592998Z  ffaa3dc87eb8 Extracting [===============>                                   ]  55.71MB/184.8MB
test-ubuntu (3.14)	Set up Docker Compose	2026-05-19T19:31:50.3387433Z  9cb31e2e37ea Downloading [>                                                  ]  310.4kB/29.54MB
test-ubuntu (3.14)	Set up Docker Compose	2026-05-19T19:31:50.3448289Z  93f76af26bd1 Extracting [====>                                              ]  6.128MB/67.7MB
test-ubuntu (3.14)	Set up Docker Compose	2026-05-19T19:31:50.3674186Z  ffaa3dc87eb8 Extracting [================>                                  ]  60.72MB/184.8MB
test-ubuntu (3.14)	Set up Docker Compose	2026-05-19T19:31:50.4396770Z  9cb31e2e37ea Downloading [==================>                                ]  11.04MB/29.54MB
test-ubuntu (3.14)	Set up Docker Compose	2026-05-19T19:31:50.4535018Z  93f76af26bd1 Extracting [========>                                          ]  11.14MB/67.7MB
test-ubuntu (3.14)	Set up Docker Compose	2026-05-19T19:31:50.4700029Z  ffaa3dc87eb8 Extracting [=================>                                 ]   63.5MB/184.8MB
test-ubuntu (3.14)	Set up Docker Compose	2026-05-19T19:31:50.4927578Z  2c5982b8ac03 Downloading [=============>                                     ]     378B/1.398kB
test-ubuntu (3.14)	Set up Docker Compose	2026-05-19T19:31:50.4930001Z  2c5982b8ac03 Downloading [==================================================>]  1.398kB/1.398kB
test-ubuntu (3.14)	Set up Docker Compose	2026-05-19T19:31:50.4934684Z  2c5982b8ac03 Verifying Checksum 
test-ubuntu (3.14)	Set up Docker Compose	2026-05-19T19:31:50.4943971Z  2c5982b8ac03 Download complete 
test-ubuntu (3.14)	Set up Docker Compose	2026-05-19T19:31:50.5075028Z  9cb31e2e37ea Verifying Checksum 
test-ubuntu (3.14)	Set up Docker Compose	2026-05-19T19:31:50.5102352Z  e90c5064d283 Downloading [=================>                                 ]  33.64MB/93.66MB
test-ubuntu (3.14)	Set up Docker Compose	2026-05-19T19:31:50.5598639Z  93f76af26bd1 Extracting [===========>                                       ]   15.6MB/67.7MB
test-ubuntu (3.14)	Set up Docker Compose	2026-05-19T19:31:50.5755804Z  ffaa3dc87eb8 Extracting [=================>                                 ]  64.62MB/184.8MB
test-ubuntu (3.14)	Set up Docker Compose	2026-05-19T19:31:50.5816958Z  9cb31e2e37ea Extracting [>                                                  ]  327.7kB/29.54MB
test-ubuntu (3.14)	Set up Docker Compose	2026-05-19T19:31:50.6124815Z  e90c5064d283 Downloading [===================>                               ]  37.38MB/93.66MB
test-ubuntu (3.14)	Set up Docker Compose	2026-05-19T19:31:50.6761710Z  93f76af26bd1 Extracting [===============>                                   ]  20.61MB/67.7MB
test-ubuntu (3.14)	Set up Docker Compose	2026-05-19T19:31:50.6780465Z  ffaa3dc87eb8 Extracting [==================>                                ]   67.4MB/184.8MB
test-ubuntu (3.14)	Set up Docker Compose	2026-05-19T19:31:50.6962571Z  9cb31e2e37ea Extracting [======>                                            ]  3.604MB/29.54MB
test-ubuntu (3.14)	Set up Docker Compose	2026-05-19T19:31:50.7248444Z  e90c5064d283 Downloading [======================>                            ]  41.65MB/93.66MB
test-ubuntu (3.14)	Set up Docker Compose	2026-05-19T19:31:50.7693263Z  3c4f2fffcffa Downloading [>                                                  ]  113.9kB/11.16MB
test-ubuntu (3.14)	Set up Docker Compose	2026-05-19T19:31:50.7817533Z  ffaa3dc87eb8 Extracting [====================>                              ]  74.09MB/184.8MB
test-ubuntu (3.14)	Set up Docker Compose	2026-05-19T19:31:50.7839440Z  93f76af26bd1 Extracting [==================>                                ]  24.51MB/67.7MB
test-ubuntu (3.14)	Set up Docker Compose	2026-05-19T19:31:50.7890306Z  b3e55e2462fe Downloading [==================================================>]     173B/173B
test-ubuntu (3.14)	Set up Docker Compose	2026-05-19T19:31:50.7906686Z  b3e55e2462fe Verifying Checksum 
test-ubuntu (3.14)	Set up Docker Compose	2026-05-19T19:31:50.7907272Z  b3e55e2462fe Download complete 
test-ubuntu (3.14)	Set up Docker Compose	2026-05-19T19:31:50.7998373Z  9cb31e2e37ea Extracting [==========>                                        ]  6.226MB/29.54MB
test-ubuntu (3.14)	Set up Docker Compose	2026-05-19T19:31:50.8700530Z  3c4f2fffcffa Downloading [==============================>                    ]  6.849MB/11.16MB
test-ubuntu (3.14)	Set up Docker Compose	2026-05-19T19:31:50.8857241Z  ffaa3dc87eb8 Extracting [=====================>                             ]  80.22MB/184.8MB
test-ubuntu (3.14)	Set up Docker Compose	2026-05-19T19:31:50.8889289Z  e90c5064d283 Downloading [========================>                          ]  45.91MB/93.66MB
test-ubuntu (3.14)	Set up Docker Compose	2026-05-19T19:31:50.8927633Z  3c4f2fffcffa Verifying Checksum 
test-ubuntu (3.14)	Set up Docker Compose	2026-05-19T19:31:50.8929564Z  3c4f2fffcffa Download complete 
test-ubuntu (3.14)	Set up Docker Compose	2026-05-19T19:31:50.8955490Z  93f76af26bd1 Extracting [====================>                              ]  28.41MB/67.7MB
test-ubuntu (3.14)	Set up Docker Compose	2026-05-19T19:31:50.9120839Z  9cb31e2e37ea Extracting [=============>                                     ]  7.864MB/29.54MB
test-ubuntu (3.14)	Set up Docker Compose	2026-05-19T19:31:50.9932661Z  ffaa3dc87eb8 Extracting [=======================>                           ]  85.23MB/184.8MB
test-ubuntu (3.14)	Set up Docker Compose	2026-05-19T19:31:51.0009405Z  93f76af26bd1 Extracting [=======================>                           ]  32.31MB/67.7MB
test-ubuntu (3.14)	Set up Docker Compose	2026-05-19T19:31:51.0136496Z  94160d652e91 Downloading [======================>                            ]     359B/790B
test-ubuntu (3.14)	Set up Docker Compose	2026-05-19T19:31:51.0137434Z  94160d652e91 Downloading [==================================================>]     790B/790B
test-ubuntu (3.14)	Set up Docker Compose	2026-05-19T19:31:51.0138064Z  94160d652e91 Verifying Checksum 
test-ubuntu (3.14)	Set up Docker Compose	2026-05-19T19:31:51.0139514Z  e90c5064d283 Downloading [=========================>                         ]  47.51MB/93.66MB
test-ubuntu (3.14)	Set up Docker Compose	2026-05-19T19:31:51.0141032Z  94160d652e91 Download complete 
test-ubuntu (3.14)	Set up Docker Compose	2026-05-19T19:31:51.0437645Z  9cb31e2e37ea Extracting [================>                                  ]  9.503MB/29.54MB
test-ubuntu (3.14)	Set up Docker Compose	2026-05-19T19:31:51.1029398Z  ffaa3dc87eb8 Extracting [========================>                          ]  89.69MB/184.8MB
test-ubuntu (3.14)	Set up Docker Compose	2026-05-19T19:31:51.1161382Z  93f76af26bd1 Extracting [==========================>                        ]  36.21MB/67.7MB
test-ubuntu (3.14)	Set up Docker Compose	2026-05-19T19:31:51.1280264Z  e90c5064d283 Downloading [===========================>                       ]  50.74MB/93.66MB
test-ubuntu (3.14)	Set up Docker Compose	2026-05-19T19:31:51.1499375Z  9cb31e2e37ea Extracting [=====================>                             ]  12.45MB/29.54MB
test-ubuntu (3.14)	Set up Docker Compose	2026-05-19T19:31:51.1771620Z  c2435bf7794e Downloading [=======================================>           ]     379B/483B
test-ubuntu (3.14)	Set up Docker Compose	2026-05-19T19:31:51.1777861Z  c2435bf7794e Downloading [==================================================>]     483B/483B
test-ubuntu (3.14)	Set up Docker Compose	2026-05-19T19:31:51.1782926Z  c2435bf7794e Download complete 
test-ubuntu (3.14)	Set up Docker Compose	2026-05-19T19:31:51.2055356Z  ffaa3dc87eb8 Extracting [=========================>                         ]  95.81MB/184.8MB
test-ubuntu (3.14)	Set up Docker Compose	2026-05-19T19:31:51.2204107Z  93f76af26bd1 Extracting [=============================>                     ]  40.11MB/67.7MB
test-ubuntu (3.14)	Set up Docker Compose	2026-05-19T19:31:51.2345935Z  e90c5064d283 Downloading [============================>                      ]  53.93MB/93.66MB
test-ubuntu (3.14)	Set up Docker Compose	2026-05-19T19:31:51.2519046Z  9cb31e2e37ea Extracting [===========================>                       ]  16.38MB/29.54MB
test-ubuntu (3.14)	Set up Docker Compose	2026-05-19T19:31:51.3057586Z  f97325d8f21b Downloading [====>                                              ]     391B/4.492kB
test-ubuntu (3.14)	Set up Docker Compose	2026-05-19T19:31:51.3058729Z  f97325d8f21b Downloading [==================================================>]  4.492kB/4.492kB
test-ubuntu (3.14)	Set up Docker Compose	2026-05-19T19:31:51.3060093Z  f97325d8f21b Verifying Checksum 
test-ubuntu (3.14)	Set up Docker Compose	2026-05-19T19:31:51.3060523Z  f97325d8f21b Download complete 
test-ubuntu (3.14)	Set up Docker Compose	2026-05-19T19:31:51.3134709Z  ffaa3dc87eb8 Extracting [===========================>                       ]  103.1MB/184.8MB
test-ubuntu (3.14)	Set up Docker Compose	2026-05-19T19:31:51.3469815Z  e90c5064d283 Downloading [===============================>                   ]  58.72MB/93.66MB
test-ubuntu (3.14)	Set up Docker Compose	2026-05-19T19:31:51.3479246Z  93f76af26bd1 Extracting [================================>                  ]  43.45MB/67.7MB
test-ubuntu (3.14)	Set up Docker Compose	2026-05-19T19:31:51.3641172Z  9cb31e2e37ea Extracting [===================================>               ]  20.97MB/29.54MB
test-ubuntu (3.14)	Set up Docker Compose	2026-05-19T19:31:51.4156557Z  ffaa3dc87eb8 Extracting [===============================>                   ]  115.9MB/184.8MB
test-ubuntu (3.14)	Set up Docker Compose	2026-05-19T19:31:51.4470756Z  00fe8a009f40 Downloading [>                                                  ]    261kB/25.74MB
test-ubuntu (3.14)	Set up Docker Compose	2026-05-19T19:31:51.4535256Z  e90c5064d283 Downloading [=================================>                 ]  61.93MB/93.66MB
test-ubuntu (3.14)	Set up Docker Compose	2026-05-19T19:31:51.4545184Z  93f76af26bd1 Extracting [==================================>                ]  46.24MB/67.7MB
test-ubuntu (3.14)	Set up Docker Compose	2026-05-19T19:31:51.4948210Z  9cb31e2e37ea Extracting [==========================================>        ]   24.9MB/29.54MB
test-ubuntu (3.14)	Set up Docker Compose	2026-05-19T19:31:51.5184658Z  ffaa3dc87eb8 Extracting [==================================>                ]  129.2MB/184.8MB
test-ubuntu (3.14)	Set up Docker Compose	2026-05-19T19:31:51.5471894Z  00fe8a009f40 Downloading [===================>                               ]  10.01MB/25.74MB
test-ubuntu (3.14)	Set up Docker Compose	2026-05-19T19:31:51.5613603Z  e90c5064d283 Downloading [===================================>               ]  65.68MB/93.66MB
test-ubuntu (3.14)	Set up Docker Compose	2026-05-19T19:31:51.5653435Z  4f4fb700ef54 Downloading [==================================================>]      32B/32B
test-ubuntu (3.14)	Set up Docker Compose	2026-05-19T19:31:51.5662191Z  4f4fb700ef54 Verifying Checksum 
test-ubuntu (3.14)	Set up Docker Compose	2026-05-19T19:31:51.5666540Z  4f4fb700ef54 Download complete 
test-ubuntu (3.14)	Set up Docker Compose	2026-05-19T19:31:51.5852145Z  93f76af26bd1 Extracting [===================================>               ]  47.91MB/67.7MB
test-ubuntu (3.14)	Set up Docker Compose	2026-05-19T19:31:51.6207120Z  ffaa3dc87eb8 Extracting [======================================>            ]  143.2MB/184.8MB
test-ubuntu (3.14)	Set up Docker Compose	2026-05-19T19:31:51.6367669Z  00fe8a009f40 Verifying Checksum 
test-ubuntu (3.14)	Set up Docker Compose	2026-05-19T19:31:51.6372874Z  00fe8a009f40 Download complete 
test-ubuntu (3.14)	Set up Docker Compose	2026-05-19T19:31:51.6674707Z  e90c5064d283 Downloading [=====================================>             ]   70.5MB/93.66MB
test-ubuntu (3.14)	Set up Docker Compose	2026-05-19T19:31:51.6931343Z  93f76af26bd1 Extracting [=====================================>             ]  51.25MB/67.7MB
test-ubuntu (3.14)	Set up Docker Compose	2026-05-19T19:31:51.7207762Z  ffaa3dc87eb8 Extracting [===========================================>       ]  159.3MB/184.8MB
test-ubuntu (3.14)	Set up Docker Compose	2026-05-19T19:31:51.7699305Z  e90c5064d283 Downloading [========================================>          ]  75.28MB/93.66MB
test-ubuntu (3.14)	Set up Docker Compose	2026-05-19T19:31:51.7872320Z  9cb31e2e37ea Extracting [===========================================>       ]  25.89MB/29.54MB
test-ubuntu (3.14)	Set up Docker Compose	2026-05-19T19:31:51.7947532Z  93f76af26bd1 Extracting [===========================================>       ]  58.49MB/67.7MB
test-ubuntu (3.14)	Set up Docker Compose	2026-05-19T19:31:51.8036365Z  fe07684b16b8 Downloading [>                                                  ]  38.27kB/3.797MB
test-ubuntu (3.14)	Set up Docker Compose	2026-05-19T19:31:51.8228568Z  ffaa3dc87eb8 Extracting [==============================================>    ]  173.2MB/184.8MB
test-ubuntu (3.14)	Set up Docker Compose	2026-05-19T19:31:51.8654651Z  8625de8a7c49 Downloading [==>                                                ]     380B/7.942kB
test-ubuntu (3.14)	Set up Docker Compose	2026-05-19T19:31:51.8656643Z  8625de8a7c49 Downloading [==================================================>]  7.942kB/7.942kB
test-ubuntu (3.14)	Set up Docker Compose	2026-05-19T19:31:51.8658531Z  8625de8a7c49 Download complete 
test-ubuntu (3.14)	Set up Docker Compose	2026-05-19T19:31:51.8734549Z  e90c5064d283 Downloading [==========================================>        ]  79.52MB/93.66MB
test-ubuntu (3.14)	Set up Docker Compose	2026-05-19T19:31:51.8875485Z  fe07684b16b8 Verifying Checksum 
test-ubuntu (3.14)	Set up Docker Compose	2026-05-19T19:31:51.8876581Z  fe07684b16b8 Download complete 
test-ubuntu (3.14)	Set up Docker Compose	2026-05-19T19:31:51.8932038Z  fe07684b16b8 Extracting [>                                                  ]  65.54kB/3.797MB
test-ubuntu (3.14)	Set up Docker Compose	2026-05-19T19:31:51.9119636Z  93f76af26bd1 Extracting [==============================================>    ]  62.95MB/67.7MB
test-ubuntu (3.14)	Set up Docker Compose	2026-05-19T19:31:51.9305359Z  ffaa3dc87eb8 Extracting [================================================>  ]    181MB/184.8MB
test-ubuntu (3.14)	Set up Docker Compose	2026-05-19T19:31:51.9780277Z  e90c5064d283 Downloading [=============================================>     ]  84.33MB/93.66MB
test-ubuntu (3.14)	Set up Docker Compose	2026-05-19T19:31:52.0058967Z  9cb31e2e37ea Extracting [===============================================>   ]  28.18MB/29.54MB
test-ubuntu (3.14)	Set up Docker Compose	2026-05-19T19:31:52.0116255Z  fe07684b16b8 Extracting [==================>                                ]  1.376MB/3.797MB
test-ubuntu (3.14)	Set up Docker Compose	2026-05-19T19:31:52.0130281Z  93f76af26bd1 Extracting [================================================>  ]  66.29MB/67.7MB
test-ubuntu (3.14)	Set up Docker Compose	2026-05-19T19:31:52.0371217Z  ffaa3dc87eb8 Extracting [=================================================> ]  183.3MB/184.8MB
test-ubuntu (3.14)	Set up Docker Compose	2026-05-19T19:31:52.0620714Z  93f76af26bd1 Extracting [==================================================>]   67.7MB/67.7MB
test-ubuntu (3.14)	Set up Docker Compose	2026-05-19T19:31:52.0864287Z  e90c5064d283 Downloading [===============================================>   ]  89.14MB/93.66MB
test-ubuntu (3.14)	Set up Docker Compose	2026-05-19T19:31:52.0975574Z  fe07684b16b8 Extracting [==================================================>]  3.797MB/3.797MB
test-ubuntu (3.14)	Set up Docker Compose	2026-05-19T19:31:52.1075808Z  9cb31e2e37ea Extracting [================================================>  ]  28.84MB/29.54MB
test-ubuntu (3.14)	Set up Docker Compose	2026-05-19T19:31:52.1250448Z  5a632533374f Downloading [>                                                  ]  37.46kB/3.635MB
test-ubuntu (3.14)	Set up Docker Compose	2026-05-19T19:31:52.1417263Z  d03efd77259a Downloading [>                                                  ]  73.99kB/7.066MB
test-ubuntu (3.14)	Set up Docker Compose	2026-05-19T19:31:52.4490667Z  5a632533374f Downloading [====>                                              ]  322.7kB/3.635MB
test-ubuntu (3.14)	Set up Docker Compose	2026-05-19T19:31:52.4493621Z  d03efd77259a Downloading [=>                                                 ]  234.1kB/7.066MB
test-ubuntu (3.14)	Set up Docker Compose	2026-05-19T19:31:52.4497207Z  e90c5064d283 Downloading [=================================================> ]   91.8MB/93.66MB
test-ubuntu (3.14)	Set up Docker Compose	2026-05-19T19:31:52.4528161Z  ffaa3dc87eb8 Extracting [=================================================> ]  184.4MB/184.8MB
test-ubuntu (3.14)	Set up Docker Compose	2026-05-19T19:31:52.4554728Z  e90c5064d283 Verifying Checksum 
test-ubuntu (3.14)	Set up Docker Compose	2026-05-19T19:31:52.4555456Z  e90c5064d283 Download complete 
test-ubuntu (3.14)	Set up Docker Compose	2026-05-19T19:31:52.4876544Z  ffaa3dc87eb8 Extracting [==================================================>]  184.8MB/184.8MB
test-ubuntu (3.14)	Set up Docker Compose	2026-05-19T19:31:52.6368856Z  d03efd77259a Downloading [======>                                            ]  966.7kB/7.066MB
test-ubuntu (3.14)	Set up Docker Compose	2026-05-19T19:31:52.7060617Z  37ea5726b062 Downloading [==================================================>]     118B/118B
test-ubuntu (3.14)	Set up Docker Compose	2026-05-19T19:31:52.7378885Z  d03efd77259a Downloading [=======================>                           ]  3.263MB/7.066MB
test-ubuntu (3.14)	Set up Docker Compose	2026-05-19T19:31:52.7950929Z  37ea5726b062 Verifying Checksum 
test-ubuntu (3.14)	Set up Docker Compose	2026-05-19T19:31:52.7951460Z  37ea5726b062 Download complete 
test-ubuntu (3.14)	Set up Docker Compose	2026-05-19T19:31:52.7952662Z  5a632533374f Downloading [==================>                                ]  1.336MB/3.635MB
test-ubuntu (3.14)	Set up Docker Compose	2026-05-19T19:31:52.8092363Z  d03efd77259a Verifying Checksum 
test-ubuntu (3.14)	Set up Docker Compose	2026-05-19T19:31:52.8092920Z  d03efd77259a Download complete 
test-ubuntu (3.14)	Set up Docker Compose	2026-05-19T19:31:52.8313827Z  9cb31e2e37ea Extracting [=================================================> ]  29.16MB/29.54MB
test-ubuntu (3.14)	Set up Docker Compose	2026-05-19T19:31:52.9236500Z  9cb31e2e37ea Extracting [==================================================>]  29.54MB/29.54MB
test-ubuntu (3.14)	Set up Docker Compose	2026-05-19T19:31:53.0235995Z  de7b6d2bd702 Downloading [=========================================>         ]     379B/456B
test-ubuntu (3.14)	Set up Docker Compose	2026-05-19T19:31:53.0339081Z  de7b6d2bd702 Download complete 
test-ubuntu (3.14)	Set up Docker Compose	2026-05-19T19:31:53.0348803Z  5a632533374f Downloading [======================================>            ]   2.81MB/3.635MB
test-ubuntu (3.14)	Set up Docker Compose	2026-05-19T19:31:53.0357453Z  bf317fc9d047 Downloading [===================>                               ]     378B/951B
test-ubuntu (3.14)	Set up Docker Compose	2026-05-19T19:31:53.0358649Z  bf317fc9d047 Downloading [==================================================>]     951B/951B
test-ubuntu (3.14)	Set up Docker Compose	2026-05-19T19:31:53.0479926Z  bf317fc9d047 Verifying Checksum 
test-ubuntu (3.14)	Set up Docker Compose	2026-05-19T19:31:53.0480317Z  5a632533374f Verifying Checksum 
test-ubuntu (3.14)	Set up Docker Compose	2026-05-19T19:31:53.0480622Z  bf317fc9d047 Download complete 
test-ubuntu (3.14)	Set up Docker Compose	2026-05-19T19:31:53.0480875Z  5a632533374f Download complete 
test-ubuntu (3.14)	Set up Docker Compose	2026-05-19T19:31:53.2903765Z  4acaa03d21c0 Downloading [==================================================>]     137B/137B
test-ubuntu (3.14)	Set up Docker Compose	2026-05-19T19:31:53.3711883Z  8b8b5338fa05 Downloading [==================================================>]     144B/144B
test-ubuntu (3.14)	Set up Docker Compose	2026-05-19T19:31:53.6992212Z  8b8b5338fa05 Verifying Checksum 
test-ubuntu (3.14)	Set up Docker Compose	2026-05-19T19:31:53.6992751Z  4acaa03d21c0 Verifying Checksum 
test-ubuntu (3.14)	Set up Docker Compose	2026-05-19T19:31:53.6993164Z  4acaa03d21c0 Download complete 
test-ubuntu (3.14)	Set up Docker Compose	2026-05-19T19:31:53.6993541Z  8b8b5338fa05 Download complete 
test-ubuntu (3.14)	Set up Docker Compose	2026-05-19T19:31:53.7229214Z  84643c7b3905 Downloading [>                                                  ]  277.4kB/26.31MB
test-ubuntu (3.14)	Set up Docker Compose	2026-05-19T19:31:53.7461593Z  fe07684b16b8 Pull complete 
test-ubuntu (3.14)	Set up Docker Compose	2026-05-19T19:31:53.7523736Z  8625de8a7c49 Extracting [==================================================>]  7.942kB/7.942kB
test-ubuntu (3.14)	Set up Docker Compose	2026-05-19T19:31:53.7529787Z  9cb31e2e37ea Pull complete 
test-ubuntu (3.14)	Set up Docker Compose	2026-05-19T19:31:53.7534823Z  8625de8a7c49 Extracting [==================================================>]  7.942kB/7.942kB
test-ubuntu (3.14)	Set up Docker Compose	2026-05-19T19:31:53.7540929Z  e90c5064d283 Extracting [>                                                  ]  557.1kB/93.66MB
test-ubuntu (3.14)	Set up Docker Compose	2026-05-19T19:31:53.7567533Z  2c5982b8ac03 Extracting [==================================================>]  1.398kB/1.398kB
test-ubuntu (3.14)	Set up Docker Compose	2026-05-19T19:31:53.7584451Z  2c5982b8ac03 Extracting [==================================================>]  1.398kB/1.398kB
test-ubuntu (3.14)	Set up Docker Compose	2026-05-19T19:31:53.8409910Z  84643c7b3905 Downloading [=====>                                             ]   2.76MB/26.31MB
test-ubuntu (3.14)	Set up Docker Compose	2026-05-19T19:31:53.8565804Z  e90c5064d283 Extracting [===>                                               ]  7.242MB/93.66MB
test-ubuntu (3.14)	Set up Docker Compose	2026-05-19T19:31:53.9557916Z  84643c7b3905 Downloading [============>                                      ]  6.586MB/26.31MB
test-ubuntu (3.14)	Set up Docker Compose	2026-05-19T19:31:53.9580798Z  e90c5064d283 Extracting [=====>                                             ]  10.58MB/93.66MB
test-ubuntu (3.14)	Set up Docker Compose	2026-05-19T19:31:53.9602109Z  9e4893765af9 Downloading [>                                                  ]  125.8kB/12.29MB
test-ubuntu (3.14)	Set up Docker Compose	2026-05-19T19:31:53.9678391Z  173e9abf17df Downloading [>                                                  ]  462.1kB/45.11MB
test-ubuntu (3.14)	Set up Docker Compose	2026-05-19T19:31:54.0593277Z  e90c5064d283 Extracting [========>                                          ]   15.6MB/93.66MB
test-ubuntu (3.14)	Set up Docker Compose	2026-05-19T19:31:54.0940440Z  173e9abf17df Downloading [===========>                                       ]  10.07MB/45.11MB
test-ubuntu (3.14)	Set up Docker Compose	2026-05-19T19:31:54.0941346Z  9e4893765af9 Downloading [=======================>                           ]   5.82MB/12.29MB
test-ubuntu (3.14)	Set up Docker Compose	2026-05-19T19:31:54.0984292Z  84643c7b3905 Downloading [====================================>              ]  19.29MB/26.31MB
test-ubuntu (3.14)	Set up Docker Compose	2026-05-19T19:31:54.1168878Z  84643c7b3905 Verifying Checksum 
test-ubuntu (3.14)	Set up Docker Compose	2026-05-19T19:31:54.1169414Z  84643c7b3905 Download complete 
test-ubuntu (3.14)	Set up Docker Compose	2026-05-19T19:31:54.1223170Z  9e4893765af9 Verifying Checksum 
test-ubuntu (3.14)	Set up Docker Compose	2026-05-19T19:31:54.1224017Z  9e4893765af9 Download complete 
test-ubuntu (3.14)	Set up Docker Compose	2026-05-19T19:31:54.1889765Z  93f76af26bd1 Pull complete 
test-ubuntu (3.14)	Set up Docker Compose	2026-05-19T19:31:54.2386349Z  173e9abf17df Downloading [===================>                               ]  17.42MB/45.11MB
test-ubuntu (3.14)	Set up Docker Compose	2026-05-19T19:31:54.2394633Z  e90c5064d283 Extracting [========>                                          ]  16.15MB/93.66MB
test-ubuntu (3.14)	Set up Docker Compose	2026-05-19T19:31:54.2414999Z  75ea594db523 Extracting [==================================================>]     730B/730B
test-ubuntu (3.14)	Set up Docker Compose	2026-05-19T19:31:54.2422432Z  75ea594db523 Extracting [==================================================>]     730B/730B
test-ubuntu (3.14)	Set up Docker Compose	2026-05-19T19:31:54.3557089Z  173e9abf17df Downloading [========================>                          ]  22.02MB/45.11MB
test-ubuntu (3.14)	Set up Docker Compose	2026-05-19T19:31:54.3568225Z  ffaa3dc87eb8 Pull complete 
test-ubuntu (3.14)	Set up Docker Compose	2026-05-19T19:31:54.3576920Z  8625de8a7c49 Pull complete 
test-ubuntu (3.14)	Set up Docker Compose	2026-05-19T19:31:54.3585541Z  e90c5064d283 Extracting [========>                                          ]  16.71MB/93.66MB
test-ubuntu (3.14)	Set up Docker Compose	2026-05-19T19:31:54.3589887Z  2c5982b8ac03 Pull complete 
test-ubuntu (3.14)	Set up Docker Compose	2026-05-19T19:31:54.3648969Z  b3e55e2462fe Extracting [==================================================>]     173B/173B
test-ubuntu (3.14)	Set up Docker Compose	2026-05-19T19:31:54.3650695Z  b3e55e2462fe Extracting [==================================================>]     173B/173B
test-ubuntu (3.14)	Set up Docker Compose	2026-05-19T19:31:54.3671858Z  5a632533374f Extracting [>                                                  ]  65.54kB/3.635MB
test-ubuntu (3.14)	Set up Docker Compose	2026-05-19T19:31:54.3745854Z  75ea594db523 Pull complete 
test-ubuntu (3.14)	Set up Docker Compose	2026-05-19T19:31:54.3823112Z  b3e55e2462fe Pull complete 
test-ubuntu (3.14)	Set up Docker Compose	2026-05-19T19:31:54.3884712Z  3c4f2fffcffa Extracting [>                                                  ]  131.1kB/11.16MB
test-ubuntu (3.14)	Set up Docker Compose	2026-05-19T19:31:54.3894404Z  otel-collector Pulled 
test-ubuntu (3.14)	Set up Docker Compose	2026-05-19T19:31:54.4469924Z  4c7647800bee Downloading [==================================================>]     202B/202B
test-ubuntu (3.14)	Set up Docker Compose	2026-05-19T19:31:54.4480390Z  4c7647800bee Verifying Checksum 
test-ubuntu (3.14)	Set up Docker Compose	2026-05-19T19:31:54.4481425Z  4c7647800bee Download complete 
test-ubuntu (3.14)	Set up Docker Compose	2026-05-19T19:31:54.4620074Z  e90c5064d283 Extracting [==========>                                        ]  20.05MB/93.66MB
test-ubuntu (3.14)	Set up Docker Compose	2026-05-19T19:31:54.4646381Z  2d00d5ceb5d5 Downloading [>                                                  ]  539.6kB/75.55MB
test-ubuntu (3.14)	Set up Docker Compose	2026-05-19T19:31:54.4718665Z  173e9abf17df Downloading [============================>                      ]   25.7MB/45.11MB
test-ubuntu (3.14)	Set up Docker Compose	2026-05-19T19:31:54.4854045Z  5a632533374f Extracting [=========>                                         ]  655.4kB/3.635MB
test-ubuntu (3.14)	Set up Docker Compose	2026-05-19T19:31:54.4959459Z  3c4f2fffcffa Extracting [=>                                                 ]  393.2kB/11.16MB
test-ubuntu (3.14)	Set up Docker Compose	2026-05-19T19:31:54.5492557Z  ca64c64b8c6b Extracting [>                                                  ]  557.1kB/133.1MB
test-ubuntu (3.14)	Set up Docker Compose	2026-05-19T19:31:54.5689135Z  e90c5064d283 Extracting [============>                                      ]  23.95MB/93.66MB
test-ubuntu (3.14)	Set up Docker Compose	2026-05-19T19:31:54.5723717Z  173e9abf17df Downloading [================================>                  ]  29.35MB/45.11MB
test-ubuntu (3.14)	Set up Docker Compose	2026-05-19T19:31:54.5834481Z  2d00d5ceb5d5 Downloading [==>                                                ]   3.22MB/75.55MB
test-ubuntu (3.14)	Set up Docker Compose	2026-05-19T19:31:54.5851432Z  5a632533374f Extracting [===========================>                       ]  1.966MB/3.635MB
test-ubuntu (3.14)	Set up Docker Compose	2026-05-19T19:31:54.6278437Z  3c4f2fffcffa Extracting [========>                                          ]  1.835MB/11.16MB
test-ubuntu (3.14)	Set up Docker Compose	2026-05-19T19:31:54.6782031Z  173e9abf17df Downloading [===================================>               ]  31.64MB/45.11MB
test-ubuntu (3.14)	Set up Docker Compose	2026-05-19T19:31:54.6797408Z  e90c5064d283 Extracting [==============>                                    ]   27.3MB/93.66MB
test-ubuntu (3.14)	Set up Docker Compose	2026-05-19T19:31:54.6915531Z  2d00d5ceb5d5 Downloading [====>                                              ]  7.502MB/75.55MB
test-ubuntu (3.14)	Set up Docker Compose	2026-05-19T19:31:54.6931991Z  5a632533374f Extracting [==================================================>]  3.635MB/3.635MB
test-ubuntu (3.14)	Set up Docker Compose	2026-05-19T19:31:54.7261891Z  0879326081d0 Downloading [=====>                                             ]     345B/3.218kB
test-ubuntu (3.14)	Set up Docker Compose	2026-05-19T19:31:54.7268852Z  0879326081d0 Downloading [==================================================>]  3.218kB/3.218kB
test-ubuntu (3.14)	Set up Docker Compose	2026-05-19T19:31:54.7284386Z  0879326081d0 Verifying Checksum 
test-ubuntu (3.14)	Set up Docker Compose	2026-05-19T19:31:54.7286522Z  0879326081d0 Download complete 
test-ubuntu (3.14)	Set up Docker Compose	2026-05-19T19:31:54.7365870Z  3c4f2fffcffa Extracting [==============>                                    ]  3.277MB/11.16MB
test-ubuntu (3.14)	Set up Docker Compose	2026-05-19T19:31:54.7923495Z  2d00d5ceb5d5 Downloading [=========>                                         ]  13.96MB/75.55MB
test-ubuntu (3.14)	Set up Docker Compose	2026-05-19T19:31:54.7944816Z  e90c5064d283 Extracting [================>                                  ]   31.2MB/93.66MB
test-ubuntu (3.14)	Set up Docker Compose	2026-05-19T19:31:54.7954079Z  173e9abf17df Downloading [======================================>            ]  34.85MB/45.11MB
test-ubuntu (3.14)	Set up Docker Compose	2026-05-19T19:31:54.8418984Z  3c4f2fffcffa Extracting [===============================>                   ]  6.947MB/11.16MB
test-ubuntu (3.14)	Set up Docker Compose	2026-05-19T19:31:54.8855011Z  ca64c64b8c6b Extracting [=>                                                 ]  3.342MB/133.1MB
test-ubuntu (3.14)	Set up Docker Compose	2026-05-19T19:31:54.8922936Z  2d00d5ceb5d5 Downloading [================>                                  ]  25.21MB/75.55MB
test-ubuntu (3.14)	Set up Docker Compose	2026-05-19T19:31:54.8946934Z  e90c5064d283 Extracting [==================>                                ]  35.09MB/93.66MB
test-ubuntu (3.14)	Set up Docker Compose	2026-05-19T19:31:54.8971123Z  173e9abf17df Downloading [==========================================>        ]  38.06MB/45.11MB
test-ubuntu (3.14)	Set up Docker Compose	2026-05-19T19:31:54.9460636Z  3c4f2fffcffa Extracting [=============================================>     ]  10.09MB/11.16MB
test-ubuntu (3.14)	Set up Docker Compose	2026-05-19T19:31:54.9828694Z  a22c0f637cc8 Downloading [=======================>                           ]     378B/812B
test-ubuntu (3.14)	Set up Docker Compose	2026-05-19T19:31:54.9830037Z  a22c0f637cc8 Downloading [==================================================>]     812B/812B
test-ubuntu (3.14)	Set up Docker Compose	2026-05-19T19:31:54.9838171Z  a22c0f637cc8 Verifying Checksum 
test-ubuntu (3.14)	Set up Docker Compose	2026-05-19T19:31:54.9841564Z  a22c0f637cc8 Download complete 
test-ubuntu (3.14)	Set up Docker Compose	2026-05-19T19:31:54.9942131Z  2d00d5ceb5d5 Downloading [============================>                      ]   42.4MB/75.55MB
test-ubuntu (3.14)	Set up Docker Compose	2026-05-19T19:31:55.0099282Z  173e9abf17df Downloading [==============================================>    ]  41.74MB/45.11MB
test-ubuntu (3.14)	Set up Docker Compose	2026-05-19T19:31:55.0196901Z  e90c5064d283 Extracting [===================>                               ]  37.32MB/93.66MB
test-ubuntu (3.14)	Set up Docker Compose	2026-05-19T19:31:55.0959250Z  2d00d5ceb5d5 Downloading [===========================================>       ]  65.34MB/75.55MB
test-ubuntu (3.14)	Set up Docker Compose	2026-05-19T19:31:55.1400770Z  173e9abf17df Downloading [=================================================> ]  44.94MB/45.11MB
test-ubuntu (3.14)	Set up Docker Compose	2026-05-19T19:31:55.1412222Z  173e9abf17df Verifying Checksum 
test-ubuntu (3.14)	Set up Docker Compose	2026-05-19T19:31:55.1412961Z  173e9abf17df Download complete 
test-ubuntu (3.14)	Set up Docker Compose	2026-05-19T19:31:55.1497377Z  e90c5064d283 Extracting [=====================>                             ]  40.67MB/93.66MB
test-ubuntu (3.14)	Set up Docker Compose	2026-05-19T19:31:55.1704151Z  2d00d5ceb5d5 Download complete 
test-ubuntu (3.14)	Set up Docker Compose	2026-05-19T19:31:55.1939064Z  5a632533374f Pull complete 
test-ubuntu (3.14)	Set up Docker Compose	2026-05-19T19:31:55.2040026Z  3c4f2fffcffa Extracting [================================================>  ]  10.88MB/11.16MB
test-ubuntu (3.14)	Set up Docker Compose	2026-05-19T19:31:55.2052639Z  d03efd77259a Extracting [>                                                  ]   98.3kB/7.066MB
test-ubuntu (3.14)	Set up Docker Compose	2026-05-19T19:31:55.2224890Z  b06dfe297ce4 Downloading [=========================================>         ]     358B/431B
test-ubuntu (3.14)	Set up Docker Compose	2026-05-19T19:31:55.2226604Z  b06dfe297ce4 Downloading [==================================================>]     431B/431B
test-ubuntu (3.14)	Set up Docker Compose	2026-05-19T19:31:55.2234254Z  b06dfe297ce4 Verifying Checksum 
test-ubuntu (3.14)	Set up Docker Compose	2026-05-19T19:31:55.2235039Z  b06dfe297ce4 Download complete 
test-ubuntu (3.14)	Set up Docker Compose	2026-05-19T19:31:55.2607280Z  e90c5064d283 Extracting [========================>                          ]  45.12MB/93.66MB
test-ubuntu (3.14)	Set up Docker Compose	2026-05-19T19:31:55.2627024Z  3c4f2fffcffa Extracting [==================================================>]  11.16MB/11.16MB
test-ubuntu (3.14)	Set up Docker Compose	2026-05-19T19:31:55.2751629Z  ca64c64b8c6b Extracting [=>                                                 ]  3.899MB/133.1MB
test-ubuntu (3.14)	Set up Docker Compose	2026-05-19T19:31:55.2992542Z  d03efd77259a Extracting [==========================================>        ]  5.997MB/7.066MB
test-ubuntu (3.14)	Set up Docker Compose	2026-05-19T19:31:55.3095080Z  d03efd77259a Extracting [==================================================>]  7.066MB/7.066MB
test-ubuntu (3.14)	Set up Docker Compose	2026-05-19T19:31:55.3096645Z  d03efd77259a Extracting [==================================================>]  7.066MB/7.066MB
test-ubuntu (3.14)	Set up Docker Compose	2026-05-19T19:31:55.3505079Z  d03efd77259a Pull complete 
test-ubuntu (3.14)	Set up Docker Compose	2026-05-19T19:31:55.3507237Z  3c4f2fffcffa Pull complete 
test-ubuntu (3.14)	Set up Docker Compose	2026-05-19T19:31:55.3519657Z  37ea5726b062 Extracting [==================================================>]     118B/118B
test-ubuntu (3.14)	Set up Docker Compose	2026-05-19T19:31:55.3530011Z  94160d652e91 Extracting [==================================================>]     790B/790B
test-ubuntu (3.14)	Set up Docker Compose	2026-05-19T19:31:55.3532825Z  94160d652e91 Extracting [==================================================>]     790B/790B
test-ubuntu (3.14)	Set up Docker Compose	2026-05-19T19:31:55.3546762Z  37ea5726b062 Extracting [==================================================>]     118B/118B
test-ubuntu (3.14)	Set up Docker Compose	2026-05-19T19:31:55.3670197Z  e90c5064d283 Extracting [=========================>                         ]  47.91MB/93.66MB
test-ubuntu (3.14)	Set up Docker Compose	2026-05-19T19:31:55.3674599Z  94160d652e91 Pull complete 
test-ubuntu (3.14)	Set up Docker Compose	2026-05-19T19:31:55.3676487Z  37ea5726b062 Pull complete 
test-ubuntu (3.14)	Set up Docker Compose	2026-05-19T19:31:55.3699524Z  c2435bf7794e Extracting [==================================================>]     483B/483B
test-ubuntu (3.14)	Set up Docker Compose	2026-05-19T19:31:55.3701166Z  c2435bf7794e Extracting [==================================================>]     483B/483B
test-ubuntu (3.14)	Set up Docker Compose	2026-05-19T19:31:55.3704727Z  de7b6d2bd702 Extracting [==================================================>]     456B/456B
test-ubuntu (3.14)	Set up Docker Compose	2026-05-19T19:31:55.3715687Z  de7b6d2bd702 Extracting [==================================================>]     456B/456B
test-ubuntu (3.14)	Set up Docker Compose	2026-05-19T19:31:55.3822514Z  c2435bf7794e Pull complete 
test-ubuntu (3.14)	Set up Docker Compose	2026-05-19T19:31:55.3855538Z  f97325d8f21b Extracting [==================================================>]  4.492kB/4.492kB
test-ubuntu (3.14)	Set up Docker Compose	2026-05-19T19:31:55.3862887Z  f97325d8f21b Extracting [==================================================>]  4.492kB/4.492kB
test-ubuntu (3.14)	Set up Docker Compose	2026-05-19T19:31:55.3863582Z  de7b6d2bd702 Pull complete 
test-ubuntu (3.14)	Set up Docker Compose	2026-05-19T19:31:55.3866792Z  bf317fc9d047 Extracting [==================================================>]     951B/951B
test-ubuntu (3.14)	Set up Docker Compose	2026-05-19T19:31:55.3885034Z  bf317fc9d047 Extracting [==================================================>]     951B/951B
test-ubuntu (3.14)	Set up Docker Compose	2026-05-19T19:31:55.3998018Z  4f4fb700ef54 Download complete 
test-ubuntu (3.14)	Set up Docker Compose	2026-05-19T19:31:55.4044630Z  f97325d8f21b Pull complete 
test-ubuntu (3.14)	Set up Docker Compose	2026-05-19T19:31:55.4047908Z  bf317fc9d047 Pull complete 
test-ubuntu (3.14)	Set up Docker Compose	2026-05-19T19:31:55.4090941Z  4acaa03d21c0 Extracting [==================================================>]     137B/137B
test-ubuntu (3.14)	Set up Docker Compose	2026-05-19T19:31:55.4105811Z  4acaa03d21c0 Extracting [==================================================>]     137B/137B
test-ubuntu (3.14)	Set up Docker Compose	2026-05-19T19:31:55.4207504Z  00fe8a009f40 Extracting [>                                                  ]  262.1kB/25.74MB
test-ubuntu (3.14)	Set up Docker Compose	2026-05-19T19:31:55.4268420Z  4acaa03d21c0 Pull complete 
test-ubuntu (3.14)	Set up Docker Compose	2026-05-19T19:31:55.4292200Z  8b8b5338fa05 Extracting [==================================================>]     144B/144B
test-ubuntu (3.14)	Set up Docker Compose	2026-05-19T19:31:55.4293085Z  8b8b5338fa05 Extracting [==================================================>]     144B/144B
test-ubuntu (3.14)	Set up Docker Compose	2026-05-19T19:31:55.4309486Z  d49027299ad5 Downloading [>                                                  ]  180.6kB/18.04MB
test-ubuntu (3.14)	Set up Docker Compose	2026-05-19T19:31:55.4430398Z  8b8b5338fa05 Pull complete 
test-ubuntu (3.14)	Set up Docker Compose	2026-05-19T19:31:55.4570509Z  84643c7b3905 Extracting [>                                                  ]  294.9kB/26.31MB
test-ubuntu (3.14)	Set up Docker Compose	2026-05-19T19:31:55.4736891Z  e90c5064d283 Extracting [===========================>                       ]  50.69MB/93.66MB
test-ubuntu (3.14)	Set up Docker Compose	2026-05-19T19:31:55.5004412Z  0c4ef7d4f655 Downloading [>                                                  ]  234.1kB/23.07MB
test-ubuntu (3.14)	Set up Docker Compose	2026-05-19T19:31:55.5210223Z  00fe8a009f40 Extracting [=====>                                             ]  2.621MB/25.74MB
test-ubuntu (3.14)	Set up Docker Compose	2026-05-19T19:31:55.5319140Z  d49027299ad5 Downloading [================>                                  ]  5.972MB/18.04MB
test-ubuntu (3.14)	Set up Docker Compose	2026-05-19T19:31:55.5583096Z  84643c7b3905 Extracting [======>                                            ]  3.539MB/26.31MB
test-ubuntu (3.14)	Set up Docker Compose	2026-05-19T19:31:55.5742374Z  e90c5064d283 Extracting [============================>                      ]  52.92MB/93.66MB
test-ubuntu (3.14)	Set up Docker Compose	2026-05-19T19:31:55.5999715Z  d49027299ad5 Verifying Checksum 
test-ubuntu (3.14)	Set up Docker Compose	2026-05-19T19:31:55.6000405Z  d49027299ad5 Download complete 
test-ubuntu (3.14)	Set up Docker Compose	2026-05-19T19:31:55.6016763Z  0c4ef7d4f655 Downloading [=============>                                     ]  6.278MB/23.07MB
test-ubuntu (3.14)	Set up Docker Compose	2026-05-19T19:31:55.6337144Z  00fe8a009f40 Extracting [===========>                                       ]  6.029MB/25.74MB
test-ubuntu (3.14)	Set up Docker Compose	2026-05-19T19:31:55.6348341Z  ff4608a2de69 Downloading [==>                                                ]  1.747kB/38.1kB
test-ubuntu (3.14)	Set up Docker Compose	2026-05-19T19:31:55.6355105Z  ff4608a2de69 Downloading [==================================================>]   38.1kB/38.1kB
test-ubuntu (3.14)	Set up Docker Compose	2026-05-19T19:31:55.6371458Z  ff4608a2de69 Verifying Checksum 
test-ubuntu (3.14)	Set up Docker Compose	2026-05-19T19:31:55.6372150Z  ff4608a2de69 Download complete 
test-ubuntu (3.14)	Set up Docker Compose	2026-05-19T19:31:55.6613924Z  84643c7b3905 Extracting [============>                                      ]  6.488MB/26.31MB
test-ubuntu (3.14)	Set up Docker Compose	2026-05-19T19:31:55.6802345Z  0c4ef7d4f655 Verifying Checksum 
test-ubuntu (3.14)	Set up Docker Compose	2026-05-19T19:31:55.6803290Z  0c4ef7d4f655 Download complete 
test-ubuntu (3.14)	Set up Docker Compose	2026-05-19T19:31:55.6846467Z  e90c5064d283 Extracting [==============================>                    ]  56.26MB/93.66MB
test-ubuntu (3.14)	Set up Docker Compose	2026-05-19T19:31:55.6985306Z  ca64c64b8c6b Extracting [=>                                                 ]  4.456MB/133.1MB
test-ubuntu (3.14)	Set up Docker Compose	2026-05-19T19:31:55.7369996Z  00fe8a009f40 Extracting [================>                                  ]  8.651MB/25.74MB
test-ubuntu (3.14)	Set up Docker Compose	2026-05-19T19:31:55.7865698Z  84643c7b3905 Extracting [=================>                                 ]  9.437MB/26.31MB
test-ubuntu (3.14)	Set up Docker Compose	2026-05-19T19:31:55.8023723Z  e90c5064d283 Extracting [===============================>                   ]   59.6MB/93.66MB
test-ubuntu (3.14)	Set up Docker Compose	2026-05-19T19:31:55.8395431Z  00fe8a009f40 Extracting [========================>                          ]  12.58MB/25.74MB
test-ubuntu (3.14)	Set up Docker Compose	2026-05-19T19:31:55.8479731Z  dad859c13bf0 Downloading [=====================>                             ]  1.369kB/3.198kB
test-ubuntu (3.14)	Set up Docker Compose	2026-05-19T19:31:55.8485978Z  dad859c13bf0 Downloading [==================================================>]  3.198kB/3.198kB
test-ubuntu (3.14)	Set up Docker Compose	2026-05-19T19:31:55.8506340Z  dad859c13bf0 Verifying Checksum 
test-ubuntu (3.14)	Set up Docker Compose	2026-05-19T19:31:55.8507225Z  dad859c13bf0 Download complete 
test-ubuntu (3.14)	Set up Docker Compose	2026-05-19T19:31:55.8870907Z  84643c7b3905 Extracting [==========================>                        ]  14.16MB/26.31MB
test-ubuntu (3.14)	Set up Docker Compose	2026-05-19T19:31:55.8907061Z  57fb71246055 Downloading [>                                                  ]    303kB/29.78MB
test-ubuntu (3.14)	Set up Docker Compose	2026-05-19T19:31:55.8910207Z  57fb71246055 Downloading [>                                                  ]    303kB/29.78MB
test-ubuntu (3.14)	Set up Docker Compose	2026-05-19T19:31:55.8915125Z  57fb71246055 Downloading [>                                                  ]    303kB/29.78MB
test-ubuntu (3.14)	Set up Docker Compose	2026-05-19T19:31:55.9156534Z  afff1a729121 Downloading [================>                                  ]     378B/1.171kB
test-ubuntu (3.14)	Set up Docker Compose	2026-05-19T19:31:55.9157806Z  afff1a729121 Downloading [==================================================>]  1.171kB/1.171kB
test-ubuntu (3.14)	Set up Docker Compose	2026-05-19T19:31:55.9168645Z  afff1a729121 Verifying Checksum 
test-ubuntu (3.14)	Set up Docker Compose	2026-05-19T19:31:55.9169821Z  afff1a729121 Download complete 
test-ubuntu (3.14)	Set up Docker Compose	2026-05-19T19:31:55.9194578Z  e90c5064d283 Extracting [================================>                  ]  61.28MB/93.66MB
test-ubuntu (3.14)	Set up Docker Compose	2026-05-19T19:31:55.9430157Z  00fe8a009f40 Extracting [=================================>                 ]  17.04MB/25.74MB
test-ubuntu (3.14)	Set up Docker Compose	2026-05-19T19:31:55.9909258Z  57fb71246055 Downloading [===================>                               ]  11.62MB/29.78MB
test-ubuntu (3.14)	Set up Docker Compose	2026-05-19T19:31:55.9912726Z  84643c7b3905 Extracting [============================================>      ]  23.59MB/26.31MB
test-ubuntu (3.14)	Set up Docker Compose	2026-05-19T19:31:55.9958462Z  57fb71246055 Downloading [===================>                               ]  11.62MB/29.78MB
test-ubuntu (3.14)	Set up Docker Compose	2026-05-19T19:31:55.9959638Z  57fb71246055 Downloading [===================>                               ]  11.62MB/29.78MB
test-ubuntu (3.14)	Set up Docker Compose	2026-05-19T19:31:56.0111703Z  ca64c64b8c6b Extracting [=>                                                 ]  5.014MB/133.1MB
test-ubuntu (3.14)	Set up Docker Compose	2026-05-19T19:31:56.0436985Z  00fe8a009f40 Extracting [=======================================>           ]  20.45MB/25.74MB
test-ubuntu (3.14)	Set up Docker Compose	2026-05-19T19:31:56.0602990Z  de11576bde87 Downloading [>                                                  ]  80.34kB/6.441MB
test-ubuntu (3.14)	Set up Docker Compose	2026-05-19T19:31:56.0604145Z  e90c5064d283 Extracting [=================================>                 ]  62.39MB/93.66MB
test-ubuntu (3.14)	Set up Docker Compose	2026-05-19T19:31:56.0613015Z  57fb71246055 Verifying Checksum 
test-ubuntu (3.14)	Set up Docker Compose	2026-05-19T19:31:56.0616343Z  57fb71246055 Verifying Checksum 
test-ubuntu (3.14)	Set up Docker Compose	2026-05-19T19:31:56.0616761Z  57fb71246055 Verifying Checksum 
test-ubuntu (3.14)	Set up Docker Compose	2026-05-19T19:31:56.0620303Z  57fb71246055 Download complete 
test-ubuntu (3.14)	Set up Docker Compose	2026-05-19T19:31:56.0675542Z  57fb71246055 Download complete 
test-ubuntu (3.14)	Set up Docker Compose	2026-05-19T19:31:56.0676467Z  57fb71246055 Download complete 
test-ubuntu (3.14)	Set up Docker Compose	2026-05-19T19:31:56.0689055Z  84643c7b3905 Extracting [==================================================>]  26.31MB/26.31MB
test-ubuntu (3.14)	Set up Docker Compose	2026-05-19T19:31:56.1122842Z  a7ee000e310e Downloading [>                                                  ]  16.38kB/1.257MB
test-ubuntu (3.14)	Set up Docker Compose	2026-05-19T19:31:56.1412058Z  57fb71246055 Extracting [>                                                  ]  327.7kB/29.78MB
test-ubuntu (3.14)	Set up Docker Compose	2026-05-19T19:31:56.1457432Z  57fb71246055 Extracting [>                                                  ]  327.7kB/29.78MB
test-ubuntu (3.14)	Set up Docker Compose	2026-05-19T19:31:56.1466727Z  00fe8a009f40 Extracting [===========================================>       ]  22.28MB/25.74MB
test-ubuntu (3.14)	Set up Docker Compose	2026-05-19T19:31:56.1484679Z  a7ee000e310e Verifying Checksum 
test-ubuntu (3.14)	Set up Docker Compose	2026-05-19T19:31:56.1489181Z  a7ee000e310e Download complete 
test-ubuntu (3.14)	Set up Docker Compose	2026-05-19T19:31:56.1545592Z  de11576bde87 Verifying Checksum 
test-ubuntu (3.14)	Set up Docker Compose	2026-05-19T19:31:56.1546720Z  de11576bde87 Download complete 
test-ubuntu (3.14)	Set up Docker Compose	2026-05-19T19:31:56.1589071Z  57fb71246055 Extracting [>                                                  ]  327.7kB/29.78MB
test-ubuntu (3.14)	Set up Docker Compose	2026-05-19T19:31:56.1701482Z  e90c5064d283 Extracting [=================================>                 ]   63.5MB/93.66MB
test-ubuntu (3.14)	Set up Docker Compose	2026-05-19T19:31:56.2289363Z  00fe8a009f40 Extracting [==================================================>]  25.74MB/25.74MB
test-ubuntu (3.14)	Set up Docker Compose	2026-05-19T19:31:56.2452976Z  57fb71246055 Extracting [====>                                              ]  2.949MB/29.78MB
test-ubuntu (3.14)	Set up Docker Compose	2026-05-19T19:31:56.2464344Z  57fb71246055 Extracting [====>                                              ]  2.949MB/29.78MB
test-ubuntu (3.14)	Set up Docker Compose	2026-05-19T19:31:56.2466503Z  57fb71246055 Extracting [====>                                              ]  2.949MB/29.78MB
test-ubuntu (3.14)	Set up Docker Compose	2026-05-19T19:31:56.2730073Z  e90c5064d283 Extracting [====================================>              ]  69.07MB/93.66MB
test-ubuntu (3.14)	Set up Docker Compose	2026-05-19T19:31:56.2970375Z  ca64c64b8c6b Extracting [==>                                                ]  5.571MB/133.1MB
test-ubuntu (3.14)	Set up Docker Compose	2026-05-19T19:31:56.3204396Z  7a97a7bd35bb Downloading [>                                                  ]  83.55kB/8.204MB
test-ubuntu (3.14)	Set up Docker Compose	2026-05-19T19:31:56.3435493Z  c2c802328ad4 Downloading [==================================================>]     116B/116B
test-ubuntu (3.14)	Set up Docker Compose	2026-05-19T19:31:56.3438907Z  c2c802328ad4 Verifying Checksum 
test-ubuntu (3.14)	Set up Docker Compose	2026-05-19T19:31:56.3439680Z  c2c802328ad4 Download complete 
test-ubuntu (3.14)	Set up Docker Compose	2026-05-19T19:31:56.3478881Z  57fb71246055 Extracting [===========>                                       ]  6.554MB/29.78MB
test-ubuntu (3.14)	Set up Docker Compose	2026-05-19T19:31:56.3480542Z  57fb71246055 Extracting [===========>                                       ]  6.554MB/29.78MB
test-ubuntu (3.14)	Set up Docker Compose	2026-05-19T19:31:56.3482477Z  57fb71246055 Extracting [===========>                                       ]  6.554MB/29.78MB
test-ubuntu (3.14)	Set up Docker Compose	2026-05-19T19:31:56.3757085Z  e90c5064d283 Extracting [========================================>          ]  75.76MB/93.66MB
test-ubuntu (3.14)	Set up Docker Compose	2026-05-19T19:31:56.3976541Z  33948d124eb7 Downloading [>                                                  ]  14.06kB/1.312MB
test-ubuntu (3.14)	Set up Docker Compose	2026-05-19T19:31:56.4225840Z  7a97a7bd35bb Verifying Checksum 
test-ubuntu (3.14)	Set up Docker Compose	2026-05-19T19:31:56.4227723Z  7a97a7bd35bb Download complete 
test-ubuntu (3.14)	Set up Docker Compose	2026-05-19T19:31:56.4986705Z  33948d124eb7 Downloading [==================================>                ]  902.2kB/1.312MB
test-ubuntu (3.14)	Set up Docker Compose	2026-05-19T19:31:56.4994032Z  33948d124eb7 Downloading [==================================================>]  1.312MB/1.312MB
test-ubuntu (3.14)	Set up Docker Compose	2026-05-19T19:31:56.4995676Z  33948d124eb7 Verifying Checksum 
test-ubuntu (3.14)	Set up Docker Compose	2026-05-19T19:31:56.4997448Z  33948d124eb7 Download complete 
test-ubuntu (3.14)	Set up Docker Compose	2026-05-19T19:31:56.5054752Z  e90c5064d283 Extracting [==========================================>        ]  80.22MB/93.66MB
test-ubuntu (3.14)	Set up Docker Compose	2026-05-19T19:31:56.5164253Z  57fb71246055 Extracting [===============>                                   ]  9.503MB/29.78MB
test-ubuntu (3.14)	Set up Docker Compose	2026-05-19T19:31:56.5165533Z  57fb71246055 Extracting [===============>                                   ]  9.503MB/29.78MB
test-ubuntu (3.14)	Set up Docker Compose	2026-05-19T19:31:56.5166911Z  57fb71246055 Extracting [===============>                                   ]  9.503MB/29.78MB
test-ubuntu (3.14)	Set up Docker Compose	2026-05-19T19:31:56.5762187Z  18066de916e4 Downloading [======>                                            ]     379B/3.146kB
test-ubuntu (3.14)	Set up Docker Compose	2026-05-19T19:31:56.5767191Z  18066de916e4 Verifying Checksum 
test-ubuntu (3.14)	Set up Docker Compose	2026-05-19T19:31:56.5767712Z  18066de916e4 Download complete 
test-ubuntu (3.14)	Set up Docker Compose	2026-05-19T19:31:56.6139724Z  e90c5064d283 Extracting [=============================================>     ]  85.23MB/93.66MB
test-ubuntu (3.14)	Set up Docker Compose	2026-05-19T19:31:56.6254495Z  57fb71246055 Extracting [==================>                                ]  11.14MB/29.78MB
test-ubuntu (3.14)	Set up Docker Compose	2026-05-19T19:31:56.6258291Z  57fb71246055 Extracting [==================>                                ]  11.14MB/29.78MB
test-ubuntu (3.14)	Set up Docker Compose	2026-05-19T19:31:56.6263533Z  57fb71246055 Extracting [==================>                                ]  11.14MB/29.78MB
test-ubuntu (3.14)	Set up Docker Compose	2026-05-19T19:31:56.6342539Z  ca64c64b8c6b Extracting [==>                                                ]  6.128MB/133.1MB
test-ubuntu (3.14)	Set up Docker Compose	2026-05-19T19:31:56.6358010Z  b0f4f1626421 Downloading [>                                                  ]  529.9kB/111.1MB
test-ubuntu (3.14)	Set up Docker Compose	2026-05-19T19:31:56.7283150Z  57fb71246055 Extracting [======================>                            ]  13.43MB/29.78MB
test-ubuntu (3.14)	Set up Docker Compose	2026-05-19T19:31:56.7284380Z  57fb71246055 Extracting [======================>                            ]  13.43MB/29.78MB
test-ubuntu (3.14)	Set up Docker Compose	2026-05-19T19:31:56.7285448Z  57fb71246055 Extracting [======================>                            ]  13.43MB/29.78MB
test-ubuntu (3.14)	Set up Docker Compose	2026-05-19T19:31:56.7368447Z  b0f4f1626421 Downloading [==========>                                        ]  22.87MB/111.1MB
test-ubuntu (3.14)	Set up Docker Compose	2026-05-19T19:31:56.7414527Z  e90c5064d283 Extracting [===============================================>   ]  88.57MB/93.66MB
test-ubuntu (3.14)	Set up Docker Compose	2026-05-19T19:31:56.7449875Z  5775e5d393e8 Downloading [=>                                                 ]     378B/9.887kB
test-ubuntu (3.14)	Set up Docker Compose	2026-05-19T19:31:56.7460738Z  5775e5d393e8 Downloading [==================================================>]  9.887kB/9.887kB
test-ubuntu (3.14)	Set up Docker Compose	2026-05-19T19:31:56.7475842Z  5775e5d393e8 Download complete 
test-ubuntu (3.14)	Set up Docker Compose	2026-05-19T19:31:56.7964574Z  ca64c64b8c6b Extracting [==>                                                ]  7.242MB/133.1MB
test-ubuntu (3.14)	Set up Docker Compose	2026-05-19T19:31:56.8017155Z  e0de67612b9a Downloading [==================================================>]     128B/128B
test-ubuntu (3.14)	Set up Docker Compose	2026-05-19T19:31:56.8021750Z  e0de67612b9a Verifying Checksum 
test-ubuntu (3.14)	Set up Docker Compose	2026-05-19T19:31:56.8022500Z  e0de67612b9a Download complete 
test-ubuntu (3.14)	Set up Docker Compose	2026-05-19T19:31:56.8342534Z  57fb71246055 Extracting [============================>                      ]  17.04MB/29.78MB
test-ubuntu (3.14)	Set up Docker Compose	2026-05-19T19:31:56.8349154Z  57fb71246055 Extracting [============================>                      ]  17.04MB/29.78MB
test-ubuntu (3.14)	Set up Docker Compose	2026-05-19T19:31:56.8350380Z  57fb71246055 Extracting [============================>                      ]  17.04MB/29.78MB
test-ubuntu (3.14)	Set up Docker Compose	2026-05-19T19:31:56.8382887Z  b0f4f1626421 Downloading [======================>                            ]  48.91MB/111.1MB
test-ubuntu (3.14)	Set up Docker Compose	2026-05-19T19:31:56.8516362Z  e90c5064d283 Extracting [================================================>  ]  91.36MB/93.66MB
test-ubuntu (3.14)	Set up Docker Compose	2026-05-19T19:31:56.9427584Z  b0f4f1626421 Downloading [=============================>                     ]  64.81MB/111.1MB
test-ubuntu (3.14)	Set up Docker Compose	2026-05-19T19:31:56.9438146Z  57fb71246055 Extracting [=================================>                 ]  19.99MB/29.78MB
test-ubuntu (3.14)	Set up Docker Compose	2026-05-19T19:31:56.9440441Z  57fb71246055 Extracting [=================================>                 ]  19.99MB/29.78MB
test-ubuntu (3.14)	Set up Docker Compose	2026-05-19T19:31:56.9441476Z  57fb71246055 Extracting [=================================>                 ]  19.99MB/29.78MB
test-ubuntu (3.14)	Set up Docker Compose	2026-05-19T19:31:56.9759370Z  e90c5064d283 Extracting [=================================================> ]  91.91MB/93.66MB
test-ubuntu (3.14)	Set up Docker Compose	2026-05-19T19:31:57.0126211Z  e8463a0bbc2e Downloading [==================================================>]     169B/169B
test-ubuntu (3.14)	Set up Docker Compose	2026-05-19T19:31:57.0235030Z  e90c5064d283 Extracting [==================================================>]  93.66MB/93.66MB
test-ubuntu (3.14)	Set up Docker Compose	2026-05-19T19:31:57.0478513Z  e8463a0bbc2e Verifying Checksum 
test-ubuntu (3.14)	Set up Docker Compose	2026-05-19T19:31:57.0481647Z  e8463a0bbc2e Download complete 
test-ubuntu (3.14)	Set up Docker Compose	2026-05-19T19:31:57.0547977Z  394171cb0e6f Downloading [==>                                                ]     358B/6.1kB
test-ubuntu (3.14)	Set up Docker Compose	2026-05-19T19:31:57.0548865Z  394171cb0e6f Download complete 
test-ubuntu (3.14)	Set up Docker Compose	2026-05-19T19:31:57.0962977Z  b0f4f1626421 Downloading [=================================>                 ]  74.35MB/111.1MB
test-ubuntu (3.14)	Set up Docker Compose	2026-05-19T19:31:57.1444197Z  84643c7b3905 Pull complete 
test-ubuntu (3.14)	Set up Docker Compose	2026-05-19T19:31:57.1448355Z  57fb71246055 Extracting [===================================>               ]   21.3MB/29.78MB
test-ubuntu (3.14)	Set up Docker Compose	2026-05-19T19:31:57.1454786Z  57fb71246055 Extracting [===================================>               ]   21.3MB/29.78MB
test-ubuntu (3.14)	Set up Docker Compose	2026-05-19T19:31:57.1457676Z  57fb71246055 Extracting [===================================>               ]   21.3MB/29.78MB
test-ubuntu (3.14)	Set up Docker Compose	2026-05-19T19:31:57.1527768Z  9e4893765af9 Extracting [>                                                  ]  131.1kB/12.29MB
test-ubuntu (3.14)	Set up Docker Compose	2026-05-19T19:31:57.1531806Z  00fe8a009f40 Pull complete 
test-ubuntu (3.14)	Set up Docker Compose	2026-05-19T19:31:57.1548509Z  e90c5064d283 Pull complete 
test-ubuntu (3.14)	Set up Docker Compose	2026-05-19T19:31:57.1553687Z  4f4fb700ef54 Extracting [==================================================>]      32B/32B
test-ubuntu (3.14)	Set up Docker Compose	2026-05-19T19:31:57.1558127Z  4f4fb700ef54 Extracting [==================================================>]      32B/32B
test-ubuntu (3.14)	Set up Docker Compose	2026-05-19T19:31:57.1579355Z  92bd91292cb6 Extracting [==================================================>]     307B/307B
test-ubuntu (3.14)	Set up Docker Compose	2026-05-19T19:31:57.1586976Z  92bd91292cb6 Extracting [==================================================>]     307B/307B
test-ubuntu (3.14)	Set up Docker Compose	2026-05-19T19:31:57.1967175Z  92bd91292cb6 Pull complete 
test-ubuntu (3.14)	Set up Docker Compose	2026-05-19T19:31:57.1969654Z  b0f4f1626421 Downloading [=====================================>             ]  83.38MB/111.1MB
test-ubuntu (3.14)	Set up Docker Compose	2026-05-19T19:31:57.1981082Z  4f4fb700ef54 Pull complete 
test-ubuntu (3.14)	Set up Docker Compose	2026-05-19T19:31:57.2102410Z  redpanda-connect Pulled 
test-ubuntu (3.14)	Set up Docker Compose	2026-05-19T19:31:57.2135059Z  envoy Pulled 
test-ubuntu (3.14)	Set up Docker Compose	2026-05-19T19:31:57.2352084Z  d1632e5aec61 Downloading [==================================================>]     187B/187B
test-ubuntu (3.14)	Set up Docker Compose	2026-05-19T19:31:57.2354073Z  d1632e5aec61 Verifying Checksum 
test-ubuntu (3.14)	Set up Docker Compose	2026-05-19T19:31:57.2354533Z  d1632e5aec61 Download complete 
test-ubuntu (3.14)	Set up Docker Compose	2026-05-19T19:31:57.2496942Z  57fb71246055 Extracting [========================================>          ]  24.25MB/29.78MB
test-ubuntu (3.14)	Set up Docker Compose	2026-05-19T19:31:57.2499753Z  57fb71246055 Extracting [========================================>          ]  24.25MB/29.78MB
test-ubuntu (3.14)	Set up Docker Compose	2026-05-19T19:31:57.2501200Z  9e4893765af9 Extracting [==========>                                        ]   2.49MB/12.29MB
test-ubuntu (3.14)	Set up Docker Compose	2026-05-19T19:31:57.2502905Z  57fb71246055 Extracting [========================================>          ]  24.25MB/29.78MB
test-ubuntu (3.14)	Set up Docker Compose	2026-05-19T19:31:57.2995248Z  b0f4f1626421 Downloading [================================================>  ]  108.4MB/111.1MB
test-ubuntu (3.14)	Set up Docker Compose	2026-05-19T19:31:57.3108277Z  9da841cba2d1 Downloading [>                                                  ]  48.49kB/3.978MB
test-ubuntu (3.14)	Set up Docker Compose	2026-05-19T19:31:57.3114955Z  b0f4f1626421 Verifying Checksum 
test-ubuntu (3.14)	Set up Docker Compose	2026-05-19T19:31:57.3116369Z  b0f4f1626421 Download complete 
test-ubuntu (3.14)	Set up Docker Compose	2026-05-19T19:31:57.3411346Z  9da841cba2d1 Downloading [==================================================>]  3.978MB/3.978MB
test-ubuntu (3.14)	Set up Docker Compose	2026-05-19T19:31:57.3413283Z  9da841cba2d1 Verifying Checksum 
test-ubuntu (3.14)	Set up Docker Compose	2026-05-19T19:31:57.3414012Z  9da841cba2d1 Download complete 
test-ubuntu (3.14)	Set up Docker Compose	2026-05-19T19:31:57.3501272Z  9e4893765af9 Extracting [==========================>                        ]  6.554MB/12.29MB
test-ubuntu (3.14)	Set up Docker Compose	2026-05-19T19:31:57.3585563Z  ca64c64b8c6b Extracting [==>                                                ]  7.799MB/133.1MB
test-ubuntu (3.14)	Set up Docker Compose	2026-05-19T19:31:57.3613856Z  9da841cba2d1 Extracting [>                                                  ]  65.54kB/3.978MB
test-ubuntu (3.14)	Set up Docker Compose	2026-05-19T19:31:57.4036992Z  9e4893765af9 Extracting [==================================================>]  12.29MB/12.29MB
test-ubuntu (3.14)	Set up Docker Compose	2026-05-19T19:31:57.4359657Z  91470fc0967b Downloading [==================================================>]  2.083kB/2.083kB
test-ubuntu (3.14)	Set up Docker Compose	2026-05-19T19:31:57.4363238Z  91470fc0967b Verifying Checksum 
test-ubuntu (3.14)	Set up Docker Compose	2026-05-19T19:31:57.4372863Z  91470fc0967b Download complete 
test-ubuntu (3.14)	Set up Docker Compose	2026-05-19T19:31:57.4552525Z  9e4893765af9 Pull complete 
test-ubuntu (3.14)	Set up Docker Compose	2026-05-19T19:31:57.4569765Z  9da841cba2d1 Extracting [==================>                                ]  1.442MB/3.978MB
test-ubuntu (3.14)	Set up Docker Compose	2026-05-19T19:31:57.4698005Z  173e9abf17df Extracting [>                                                  ]  458.8kB/45.11MB
test-ubuntu (3.14)	Set up Docker Compose	2026-05-19T19:31:57.5263311Z  9da841cba2d1 Extracting [==================================================>]  3.978MB/3.978MB
test-ubuntu (3.14)	Set up Docker Compose	2026-05-19T19:31:57.5304152Z  1bff2c58b4cb Downloading [==================================================>]     972B/972B
test-ubuntu (3.14)	Set up Docker Compose	2026-05-19T19:31:57.5313682Z  1bff2c58b4cb Verifying Checksum 
test-ubuntu (3.14)	Set up Docker Compose	2026-05-19T19:31:57.5315237Z  1bff2c58b4cb Download complete 
test-ubuntu (3.14)	Set up Docker Compose	2026-05-19T19:31:57.5604299Z  514fc8664ab8 Downloading [>                                                  ]  49.15kB/3.663MB
test-ubuntu (3.14)	Set up Docker Compose	2026-05-19T19:31:57.5642747Z  57fb71246055 Extracting [============================================>      ]  26.21MB/29.78MB
test-ubuntu (3.14)	Set up Docker Compose	2026-05-19T19:31:57.5647015Z  57fb71246055 Extracting [============================================>      ]  26.21MB/29.78MB
test-ubuntu (3.14)	Set up Docker Compose	2026-05-19T19:31:57.5647902Z  57fb71246055 Extracting [============================================>      ]  26.21MB/29.78MB
test-ubuntu (3.14)	Set up Docker Compose	2026-05-19T19:31:57.5814141Z  9da841cba2d1 Pull complete 
test-ubuntu (3.14)	Set up Docker Compose	2026-05-19T19:31:57.5827730Z  173e9abf17df Extracting [======>                                            ]  5.505MB/45.11MB
test-ubuntu (3.14)	Set up Docker Compose	2026-05-19T19:31:57.5882736Z  91470fc0967b Extracting [==================================================>]  2.083kB/2.083kB
test-ubuntu (3.14)	Set up Docker Compose	2026-05-19T19:31:57.5883895Z  91470fc0967b Extracting [==================================================>]  2.083kB/2.083kB
test-ubuntu (3.14)	Set up Docker Compose	2026-05-19T19:31:57.6195712Z  91470fc0967b Pull complete 
test-ubuntu (3.14)	Set up Docker Compose	2026-05-19T19:31:57.6214989Z  1bff2c58b4cb Extracting [==================================================>]     972B/972B
test-ubuntu (3.14)	Set up Docker Compose	2026-05-19T19:31:57.6229913Z  1bff2c58b4cb Extracting [==================================================>]     972B/972B
test-ubuntu (3.14)	Set up Docker Compose	2026-05-19T19:31:57.6350704Z  514fc8664ab8 Verifying Checksum 
test-ubuntu (3.14)	Set up Docker Compose	2026-05-19T19:31:57.6352290Z  514fc8664ab8 Download complete 
test-ubuntu (3.14)	Set up Docker Compose	2026-05-19T19:31:57.6420754Z  1bff2c58b4cb Pull complete 
test-ubuntu (3.14)	Set up Docker Compose	2026-05-19T19:31:57.6450562Z  514fc8664ab8 Extracting [>                                                  ]  65.54kB/3.663MB
test-ubuntu (3.14)	Set up Docker Compose	2026-05-19T19:31:57.6498808Z  ca64c64b8c6b Extracting [===>                                               ]  8.356MB/133.1MB
test-ubuntu (3.14)	Set up Docker Compose	2026-05-19T19:31:57.6602047Z  9b972c53c46c Downloading [>                                                  ]  537.8kB/183.5MB
test-ubuntu (3.14)	Set up Docker Compose	2026-05-19T19:31:57.6672003Z  57fb71246055 Extracting [===============================================>   ]  28.18MB/29.78MB
test-ubuntu (3.14)	Set up Docker Compose	2026-05-19T19:31:57.6673288Z  57fb71246055 Extracting [===============================================>   ]  28.18MB/29.78MB
test-ubuntu (3.14)	Set up Docker Compose	2026-05-19T19:31:57.6674404Z  57fb71246055 Extracting [===============================================>   ]  28.18MB/29.78MB
test-ubuntu (3.14)	Set up Docker Compose	2026-05-19T19:31:57.6905268Z  173e9abf17df Extracting [==========>                                        ]  9.175MB/45.11MB
test-ubuntu (3.14)	Set up Docker Compose	2026-05-19T19:31:57.7615881Z  9b972c53c46c Downloading [====>                                              ]  17.05MB/183.5MB
test-ubuntu (3.14)	Set up Docker Compose	2026-05-19T19:31:57.7712563Z  514fc8664ab8 Extracting [===========>                                       ]    852kB/3.663MB
test-ubuntu (3.14)	Set up Docker Compose	2026-05-19T19:31:57.7721112Z  13d2de324eed Downloading [==================================================>]     156B/156B
test-ubuntu (3.14)	Set up Docker Compose	2026-05-19T19:31:57.7745639Z  13d2de324eed Verifying Checksum 
test-ubuntu (3.14)	Set up Docker Compose	2026-05-19T19:31:57.7749886Z  13d2de324eed Download complete 
test-ubuntu (3.14)	Set up Docker Compose	2026-05-19T19:31:57.8093499Z  173e9abf17df Extracting [============>                                      ]  11.47MB/45.11MB
test-ubuntu (3.14)	Set up Docker Compose	2026-05-19T19:31:57.8678819Z  222ab7740458 Downloading [==================================================>]  1.902kB/1.902kB
test-ubuntu (3.14)	Set up Docker Compose	2026-05-19T19:31:57.8688354Z  222ab7740458 Verifying Checksum 
test-ubuntu (3.14)	Set up Docker Compose	2026-05-19T19:31:57.8689367Z  9b972c53c46c Downloading [============>                                      ]  44.11MB/183.5MB
test-ubuntu (3.14)	Set up Docker Compose	2026-05-19T19:31:57.8934114Z  222ab7740458 Download complete 
test-ubuntu (3.14)	Set up Docker Compose	2026-05-19T19:31:57.8934841Z  514fc8664ab8 Extracting [============>                                      ]  917.5kB/3.663MB
test-ubuntu (3.14)	Set up Docker Compose	2026-05-19T19:31:57.9163244Z  57fb71246055 Extracting [================================================>  ]  28.84MB/29.78MB
test-ubuntu (3.14)	Set up Docker Compose	2026-05-19T19:31:57.9167771Z  57fb71246055 Extracting [================================================>  ]  28.84MB/29.78MB
test-ubuntu (3.14)	Set up Docker Compose	2026-05-19T19:31:57.9169639Z  57fb71246055 Extracting [================================================>  ]  28.84MB/29.78MB
test-ubuntu (3.14)	Set up Docker Compose	2026-05-19T19:31:57.9254733Z  173e9abf17df Extracting [==============>                                    ]   13.3MB/45.11MB
test-ubuntu (3.14)	Set up Docker Compose	2026-05-19T19:31:57.9256460Z  ca64c64b8c6b Extracting [===>                                               ]  8.913MB/133.1MB
test-ubuntu (3.14)	Set up Docker Compose	2026-05-19T19:31:57.9636741Z  9b972c53c46c Downloading [===================>                               ]  71.18MB/183.5MB
test-ubuntu (3.14)	Set up Docker Compose	2026-05-19T19:31:57.9929097Z  514fc8664ab8 Extracting [==================================================>]  3.663MB/3.663MB
test-ubuntu (3.14)	Set up Docker Compose	2026-05-19T19:31:58.0266639Z  173e9abf17df Extracting [=================>                                 ]   15.6MB/45.11MB
test-ubuntu (3.14)	Set up Docker Compose	2026-05-19T19:31:58.0723203Z  9b972c53c46c Downloading [=========================>                         ]     94MB/183.5MB
test-ubuntu (3.14)	Set up Docker Compose	2026-05-19T19:31:58.0740630Z  e67fdae35593 Downloading [>                                                  ]  322.7kB/31.42MB
test-ubuntu (3.14)	Set up Docker Compose	2026-05-19T19:31:58.0748469Z  ca64c64b8c6b Extracting [===>                                               ]   9.47MB/133.1MB
test-ubuntu (3.14)	Set up Docker Compose	2026-05-19T19:31:58.1051391Z  514fc8664ab8 Pull complete 
test-ubuntu (3.14)	Set up Docker Compose	2026-05-19T19:31:58.1180829Z  57fb71246055 Extracting [================================================>  ]  29.16MB/29.78MB
test-ubuntu (3.14)	Set up Docker Compose	2026-05-19T19:31:58.1186211Z  57fb71246055 Extracting [================================================>  ]  29.16MB/29.78MB
test-ubuntu (3.14)	Set up Docker Compose	2026-05-19T19:31:58.1187571Z  57fb71246055 Extracting [================================================>  ]  29.16MB/29.78MB
test-ubuntu (3.14)	Set up Docker Compose	2026-05-19T19:31:58.1316456Z  173e9abf17df Extracting [==================>                                ]  16.52MB/45.11MB
test-ubuntu (3.14)	Set up Docker Compose	2026-05-19T19:31:58.1648171Z  9b972c53c46c Downloading [=================================>                 ]  122.2MB/183.5MB
test-ubuntu (3.14)	Set up Docker Compose	2026-05-19T19:31:58.1870461Z  e67fdae35593 Downloading [==>                                                ]  1.629MB/31.42MB
test-ubuntu (3.14)	Set up Docker Compose	2026-05-19T19:31:58.2254167Z  03b1c1358482 Downloading [>                                                  ]  532.5kB/144.8MB
test-ubuntu (3.14)	Set up Docker Compose	2026-05-19T19:31:58.2459790Z  173e9abf17df Extracting [========================>                          ]  22.02MB/45.11MB
test-ubuntu (3.14)	Set up Docker Compose	2026-05-19T19:31:58.2652443Z  9b972c53c46c Downloading [=========================================>         ]    152MB/183.5MB
test-ubuntu (3.14)	Set up Docker Compose	2026-05-19T19:31:58.2879404Z  e67fdae35593 Downloading [======>                                            ]  4.253MB/31.42MB
test-ubuntu (3.14)	Set up Docker Compose	2026-05-19T19:31:58.3052815Z  57fb71246055 Extracting [==================================================>]  29.78MB/29.78MB
test-ubuntu (3.14)	Set up Docker Compose	2026-05-19T19:31:58.3055099Z  57fb71246055 Extracting [==================================================>]  29.78MB/29.78MB
test-ubuntu (3.14)	Set up Docker Compose	2026-05-19T19:31:58.3056431Z  57fb71246055 Extracting [==================================================>]  29.78MB/29.78MB
test-ubuntu (3.14)	Set up Docker Compose	2026-05-19T19:31:58.3365530Z  03b1c1358482 Downloading [>                                                  ]  2.686MB/144.8MB
test-ubuntu (3.14)	Set up Docker Compose	2026-05-19T19:31:58.3461163Z  57fb71246055 Pull complete 
test-ubuntu (3.14)	Set up Docker Compose	2026-05-19T19:31:58.3464774Z  57fb71246055 Pull complete 
test-ubuntu (3.14)	Set up Docker Compose	2026-05-19T19:31:58.3465233Z  57fb71246055 Pull complete 
test-ubuntu (3.14)	Set up Docker Compose	2026-05-19T19:31:58.3474054Z  173e9abf17df Extracting [==============================>                    ]  27.53MB/45.11MB
test-ubuntu (3.14)	Set up Docker Compose	2026-05-19T19:31:58.3503569Z  afff1a729121 Extracting [==================================================>]  1.171kB/1.171kB
test-ubuntu (3.14)	Set up Docker Compose	2026-05-19T19:31:58.3527706Z  afff1a729121 Extracting [==================================================>]  1.171kB/1.171kB
test-ubuntu (3.14)	Set up Docker Compose	2026-05-19T19:31:58.3675872Z  9b972c53c46c Downloading [=================================================> ]  182.3MB/183.5MB
test-ubuntu (3.14)	Set up Docker Compose	2026-05-19T19:31:58.3678121Z  ca64c64b8c6b Extracting [====>                                              ]  12.26MB/133.1MB
test-ubuntu (3.14)	Set up Docker Compose	2026-05-19T19:31:58.3692995Z  9b972c53c46c Verifying Checksum 
test-ubuntu (3.14)	Set up Docker Compose	2026-05-19T19:31:58.3693696Z  9b972c53c46c Download complete 
test-ubuntu (3.14)	Set up Docker Compose	2026-05-19T19:31:58.3894292Z  e67fdae35593 Downloading [=================>                                 ]  10.79MB/31.42MB
test-ubuntu (3.14)	Set up Docker Compose	2026-05-19T19:31:58.4152228Z  9b972c53c46c Extracting [>                                                  ]  557.1kB/183.5MB
test-ubuntu (3.14)	Set up Docker Compose	2026-05-19T19:31:58.4494378Z  173e9abf17df Extracting [========================================>          ]   36.7MB/45.11MB
test-ubuntu (3.14)	Set up Docker Compose	2026-05-19T19:31:58.4518548Z  03b1c1358482 Downloading [==>                                                ]  5.912MB/144.8MB
test-ubuntu (3.14)	Set up Docker Compose	2026-05-19T19:31:58.4686670Z  ca64c64b8c6b Extracting [====>                                              ]  12.81MB/133.1MB
test-ubuntu (3.14)	Set up Docker Compose	2026-05-19T19:31:58.4898703Z  e67fdae35593 Downloading [=====================================>             ]  23.76MB/31.42MB
test-ubuntu (3.14)	Set up Docker Compose	2026-05-19T19:31:58.5185950Z  9b972c53c46c Extracting [=>                                                 ]  4.456MB/183.5MB
test-ubuntu (3.14)	Set up Docker Compose	2026-05-19T19:31:58.5321812Z  e67fdae35593 Verifying Checksum 
test-ubuntu (3.14)	Set up Docker Compose	2026-05-19T19:31:58.5323291Z  e67fdae35593 Download complete 
test-ubuntu (3.14)	Set up Docker Compose	2026-05-19T19:31:58.5474488Z  e67fdae35593 Extracting [>                                                  ]  327.7kB/31.42MB
test-ubuntu (3.14)	Set up Docker Compose	2026-05-19T19:31:58.5481064Z  afff1a729121 Pull complete 
test-ubuntu (3.14)	Set up Docker Compose	2026-05-19T19:31:58.5522406Z  de11576bde87 Extracting [>                                                  ]  65.54kB/6.441MB
test-ubuntu (3.14)	Set up Docker Compose	2026-05-19T19:31:58.5564370Z  03b1c1358482 Downloading [===>                                               ]  10.21MB/144.8MB
test-ubuntu (3.14)	Set up Docker Compose	2026-05-19T19:31:58.5709270Z  ca64c64b8c6b Extracting [=====>                                             ]  13.93MB/133.1MB
test-ubuntu (3.14)	Set up Docker Compose	2026-05-19T19:31:58.5887344Z  173e9abf17df Extracting [=================================================> ]  44.96MB/45.11MB
test-ubuntu (3.14)	Set up Docker Compose	2026-05-19T19:31:58.6200816Z  173e9abf17df Extracting [==================================================>]  45.11MB/45.11MB
test-ubuntu (3.14)	Set up Docker Compose	2026-05-19T19:31:58.6229067Z  9b972c53c46c Extracting [=>                                                 ]  6.685MB/183.5MB
test-ubuntu (3.14)	Set up Docker Compose	2026-05-19T19:31:58.6477180Z  e67fdae35593 Extracting [====>                                              ]  2.621MB/31.42MB
test-ubuntu (3.14)	Set up Docker Compose	2026-05-19T19:31:58.6526615Z  de11576bde87 Extracting [=============>                                     ]  1.704MB/6.441MB
test-ubuntu (3.14)	Set up Docker Compose	2026-05-19T19:31:58.6572023Z  03b1c1358482 Downloading [======>                                            ]  17.65MB/144.8MB
test-ubuntu (3.14)	Set up Docker Compose	2026-05-19T19:31:58.7535785Z  173e9abf17df Pull complete 
test-ubuntu (3.14)	Set up Docker Compose	2026-05-19T19:31:58.7582974Z  de11576bde87 Extracting [==================>                                ]  2.425MB/6.441MB
test-ubuntu (3.14)	Set up Docker Compose	2026-05-19T19:31:58.7621191Z  9b972c53c46c Extracting [==>                                                ]  8.356MB/183.5MB
test-ubuntu (3.14)	Set up Docker Compose	2026-05-19T19:31:58.7733591Z  03b1c1358482 Downloading [=======>                                           ]  22.98MB/144.8MB
test-ubuntu (3.14)	Set up Docker Compose	2026-05-19T19:31:58.7786572Z  2d00d5ceb5d5 Extracting [>                                                  ]  557.1kB/75.55MB
test-ubuntu (3.14)	Set up Docker Compose	2026-05-19T19:31:58.8293041Z  e67fdae35593 Extracting [====>                                              ]  2.949MB/31.42MB
test-ubuntu (3.14)	Set up Docker Compose	2026-05-19T19:31:58.8408774Z  ca64c64b8c6b Extracting [=====>                                             ]  14.48MB/133.1MB
test-ubuntu (3.14)	Set up Docker Compose	2026-05-19T19:31:58.8590638Z  de11576bde87 Extracting [==========================================>        ]  5.439MB/6.441MB
test-ubuntu (3.14)	Set up Docker Compose	2026-05-19T19:31:58.8640496Z  9b972c53c46c Extracting [===>                                               ]  11.14MB/183.5MB
test-ubuntu (3.14)	Set up Docker Compose	2026-05-19T19:31:58.8720834Z  c914fe955fee Downloading [=============================================>     ]  3.514kB/3.864kB
test-ubuntu (3.14)	Set up Docker Compose	2026-05-19T19:31:58.8728562Z  c914fe955fee Downloading [==================================================>]  3.864kB/3.864kB
test-ubuntu (3.14)	Set up Docker Compose	2026-05-19T19:31:58.8744975Z  c914fe955fee Verifying Checksum 
test-ubuntu (3.14)	Set up Docker Compose	2026-05-19T19:31:58.8748532Z  c914fe955fee Download complete 
test-ubuntu (3.14)	Set up Docker Compose	2026-05-19T19:31:58.8805202Z  2d00d5ceb5d5 Extracting [==>                                                ]  3.899MB/75.55MB
test-ubuntu (3.14)	Set up Docker Compose	2026-05-19T19:31:58.9327029Z  e67fdae35593 Extracting [=========>                                         ]  5.898MB/31.42MB
test-ubuntu (3.14)	Set up Docker Compose	2026-05-19T19:31:58.9378552Z  de11576bde87 Extracting [==================================================>]  6.441MB/6.441MB
test-ubuntu (3.14)	Set up Docker Compose	2026-05-19T19:31:58.9435579Z  03b1c1358482 Downloading [========>                                          ]  24.58MB/144.8MB
test-ubuntu (3.14)	Set up Docker Compose	2026-05-19T19:31:58.9531863Z  ca64c64b8c6b Extracting [=====>                                             ]   15.6MB/133.1MB
test-ubuntu (3.14)	Set up Docker Compose	2026-05-19T19:31:58.9759433Z  9b972c53c46c Extracting [===>                                               ]  13.93MB/183.5MB
test-ubuntu (3.14)	Set up Docker Compose	2026-05-19T19:31:59.0012117Z  ecab2cd70e50 Downloading [==================>                                ]  3.514kB/9.429kB
test-ubuntu (3.14)	Set up Docker Compose	2026-05-19T19:31:59.0020547Z  ecab2cd70e50 Downloading [==================================================>]  9.429kB/9.429kB
test-ubuntu (3.14)	Set up Docker Compose	2026-05-19T19:31:59.0038568Z  ecab2cd70e50 Verifying Checksum 
test-ubuntu (3.14)	Set up Docker Compose	2026-05-19T19:31:59.0039253Z  ecab2cd70e50 Download complete 
test-ubuntu (3.14)	Set up Docker Compose	2026-05-19T19:31:59.0062776Z  2d00d5ceb5d5 Extracting [====>                                              ]  6.685MB/75.55MB
test-ubuntu (3.14)	Set up Docker Compose	2026-05-19T19:31:59.0480098Z  e67fdae35593 Extracting [=============>                                     ]  8.192MB/31.42MB
test-ubuntu (3.14)	Set up Docker Compose	2026-05-19T19:31:59.0645954Z  03b1c1358482 Downloading [=========>                                         ]  26.71MB/144.8MB
test-ubuntu (3.14)	Set up Docker Compose	2026-05-19T19:31:59.0673393Z  ca64c64b8c6b Extracting [======>                                            ]  16.15MB/133.1MB
test-ubuntu (3.14)	Set up Docker Compose	2026-05-19T19:31:59.0855168Z  9b972c53c46c Extracting [====>                                              ]  16.15MB/183.5MB
test-ubuntu (3.14)	Set up Docker Compose	2026-05-19T19:31:59.0957133Z  de11576bde87 Pull complete 
test-ubuntu (3.14)	Set up Docker Compose	2026-05-19T19:31:59.0969150Z  a7ee000e310e Extracting [=>                                                 ]  32.77kB/1.257MB
test-ubuntu (3.14)	Set up Docker Compose	2026-05-19T19:31:59.1254080Z  2d00d5ceb5d5 Extracting [=====>                                             ]  8.913MB/75.55MB
test-ubuntu (3.14)	Set up Docker Compose	2026-05-19T19:31:59.1612039Z  e67fdae35593 Extracting [================>                                  ]  10.49MB/31.42MB
test-ubuntu (3.14)	Set up Docker Compose	2026-05-19T19:31:59.1671592Z  a7ee000e310e Extracting [==================================================>]  1.257MB/1.257MB
test-ubuntu (3.14)	Set up Docker Compose	2026-05-19T19:31:59.1919342Z  03b1c1358482 Downloading [=========>                                         ]  28.84MB/144.8MB
test-ubuntu (3.14)	Set up Docker Compose	2026-05-19T19:31:59.1966818Z  9b972c53c46c Extracting [=====>                                             ]  18.94MB/183.5MB
test-ubuntu (3.14)	Set up Docker Compose	2026-05-19T19:31:59.2023891Z  ca64c64b8c6b Extracting [======>                                            ]  17.27MB/133.1MB
test-ubuntu (3.14)	Set up Docker Compose	2026-05-19T19:31:59.2159669Z  a7ee000e310e Pull complete 
test-ubuntu (3.14)	Set up Docker Compose	2026-05-19T19:31:59.2220054Z  7a97a7bd35bb Extracting [>                                                  ]   98.3kB/8.204MB
test-ubuntu (3.14)	Set up Docker Compose	2026-05-19T19:31:59.2351874Z  2d00d5ceb5d5 Extracting [=======>                                           ]  11.14MB/75.55MB
test-ubuntu (3.14)	Set up Docker Compose	2026-05-19T19:31:59.2718228Z  0e9d048cd1fe Downloading [>                                                  ]  540.7kB/116.5MB
test-ubuntu (3.14)	Set up Docker Compose	2026-05-19T19:31:59.2819197Z  e67fdae35593 Extracting [====================>                              ]  13.11MB/31.42MB
test-ubuntu (3.14)	Set up Docker Compose	2026-05-19T19:31:59.2897834Z  d5fd17ec1767 Downloading [>                                                  ]  294.9kB/28.57MB
test-ubuntu (3.14)	Set up Docker Compose	2026-05-19T19:31:59.3043299Z  9b972c53c46c Extracting [=====>                                             ]  21.73MB/183.5MB
test-ubuntu (3.14)	Set up Docker Compose	2026-05-19T19:31:59.3072398Z  03b1c1358482 Downloading [===========>                                       ]  32.02MB/144.8MB
test-ubuntu (3.14)	Set up Docker Compose	2026-05-19T19:31:59.3314675Z  7a97a7bd35bb Extracting [==========>                                        ]  1.671MB/8.204MB
test-ubuntu (3.14)	Set up Docker Compose	2026-05-19T19:31:59.3640024Z  2d00d5ceb5d5 Extracting [=========>                                         ]  13.93MB/75.55MB
test-ubuntu (3.14)	Set up Docker Compose	2026-05-19T19:31:59.3739844Z  ca64c64b8c6b Extracting [======>                                            ]  18.38MB/133.1MB
test-ubuntu (3.14)	Set up Docker Compose	2026-05-19T19:31:59.3952546Z  d5fd17ec1767 Downloading [=========>                                         ]  5.329MB/28.57MB
test-ubuntu (3.14)	Set up Docker Compose	2026-05-19T19:31:59.4129817Z  03b1c1358482 Downloading [===========>                                       ]  34.17MB/144.8MB
test-ubuntu (3.14)	Set up Docker Compose	2026-05-19T19:31:59.4219776Z  0e9d048cd1fe Downloading [>                                                  ]  2.163MB/116.5MB
test-ubuntu (3.14)	Set up Docker Compose	2026-05-19T19:31:59.4222978Z  e67fdae35593 Extracting [========================>                          ]   15.4MB/31.42MB
test-ubuntu (3.14)	Set up Docker Compose	2026-05-19T19:31:59.4227101Z  9b972c53c46c Extracting [======>                                            ]  23.95MB/183.5MB
test-ubuntu (3.14)	Set up Docker Compose	2026-05-19T19:31:59.4443921Z  7a97a7bd35bb Extracting [====================>                              ]  3.342MB/8.204MB
test-ubuntu (3.14)	Set up Docker Compose	2026-05-19T19:31:59.4765043Z  2d00d5ceb5d5 Extracting [==========>                                        ]  16.15MB/75.55MB
test-ubuntu (3.14)	Set up Docker Compose	2026-05-19T19:31:59.4977471Z  d5fd17ec1767 Downloading [===================================>               ]  20.15MB/28.57MB
test-ubuntu (3.14)	Set up Docker Compose	2026-05-19T19:31:59.5092640Z  ca64c64b8c6b Extracting [=======>                                           ]  20.61MB/133.1MB
test-ubuntu (3.14)	Set up Docker Compose	2026-05-19T19:31:59.5280953Z  e67fdae35593 Extracting [==========================>                        ]  16.38MB/31.42MB
test-ubuntu (3.14)	Set up Docker Compose	2026-05-19T19:31:59.5292857Z  03b1c1358482 Downloading [============>                                      ]  37.36MB/144.8MB
test-ubuntu (3.14)	Set up Docker Compose	2026-05-19T19:31:59.5370574Z  9b972c53c46c Extracting [=======>                                           ]  26.18MB/183.5MB
test-ubuntu (3.14)	Set up Docker Compose	2026-05-19T19:31:59.5493225Z  7a97a7bd35bb Extracting [============================>                      ]   4.62MB/8.204MB
test-ubuntu (3.14)	Set up Docker Compose	2026-05-19T19:31:59.5806931Z  0e9d048cd1fe Downloading [=>                                                 ]  3.785MB/116.5MB
test-ubuntu (3.14)	Set up Docker Compose	2026-05-19T19:31:59.5900938Z  2d00d5ceb5d5 Extracting [===========>                                       ]  17.27MB/75.55MB
test-ubuntu (3.14)	Set up Docker Compose	2026-05-19T19:31:59.6073795Z  d5fd17ec1767 Downloading [==============================================>    ]  26.69MB/28.57MB
test-ubuntu (3.14)	Set up Docker Compose	2026-05-19T19:31:59.6129552Z  d5fd17ec1767 Verifying Checksum 
test-ubuntu (3.14)	Set up Docker Compose	2026-05-19T19:31:59.6130757Z  d5fd17ec1767 Download complete 
test-ubuntu (3.14)	Set up Docker Compose	2026-05-19T19:31:59.6303951Z  e67fdae35593 Extracting [============================>                      ]  17.69MB/31.42MB
test-ubuntu (3.14)	Set up Docker Compose	2026-05-19T19:31:59.6348955Z  03b1c1358482 Downloading [==============>                                    ]  40.57MB/144.8MB
test-ubuntu (3.14)	Set up Docker Compose	2026-05-19T19:31:59.6497456Z  7a97a7bd35bb Extracting [================================>                  ]  5.308MB/8.204MB
test-ubuntu (3.14)	Set up Docker Compose	2026-05-19T19:31:59.6608659Z  9b972c53c46c Extracting [=======>                                           ]  27.85MB/183.5MB
test-ubuntu (3.14)	Set up Docker Compose	2026-05-19T19:31:59.6980303Z  0e9d048cd1fe Downloading [==>                                                ]  4.866MB/116.5MB
test-ubuntu (3.14)	Set up Docker Compose	2026-05-19T19:31:59.7030614Z  2d00d5ceb5d5 Extracting [===========>                                       ]  17.83MB/75.55MB
test-ubuntu (3.14)	Set up Docker Compose	2026-05-19T19:31:59.7406668Z  d5fd17ec1767 Extracting [>                                                  ]  294.9kB/28.57MB
test-ubuntu (3.14)	Set up Docker Compose	2026-05-19T19:31:59.7538423Z  03b1c1358482 Downloading [===============>                                   ]  43.78MB/144.8MB
test-ubuntu (3.14)	Set up Docker Compose	2026-05-19T19:31:59.7680331Z  9b972c53c46c Extracting [=======>                                           ]  28.97MB/183.5MB
test-ubuntu (3.14)	Set up Docker Compose	2026-05-19T19:31:59.7690739Z  ca64c64b8c6b Extracting [========>                                          ]  22.28MB/133.1MB
test-ubuntu (3.14)	Set up Docker Compose	2026-05-19T19:31:59.7741465Z  7a97a7bd35bb Extracting [====================================>              ]  5.997MB/8.204MB
test-ubuntu (3.14)	Set up Docker Compose	2026-05-19T19:31:59.7830407Z  e67fdae35593 Extracting [===============================>                   ]  19.66MB/31.42MB
test-ubuntu (3.14)	Set up Docker Compose	2026-05-19T19:31:59.8233069Z  0e9d048cd1fe Downloading [==>                                                ]  6.488MB/116.5MB
test-ubuntu (3.14)	Set up Docker Compose	2026-05-19T19:31:59.8338162Z  2d00d5ceb5d5 Extracting [============>                                      ]  18.38MB/75.55MB
test-ubuntu (3.14)	Set up Docker Compose	2026-05-19T19:31:59.8471903Z  d5fd17ec1767 Extracting [====>                                              ]  2.359MB/28.57MB
test-ubuntu (3.14)	Set up Docker Compose	2026-05-19T19:31:59.8585196Z  03b1c1358482 Downloading [================>                                  ]  46.47MB/144.8MB
test-ubuntu (3.14)	Set up Docker Compose	2026-05-19T19:31:59.8763792Z  7a97a7bd35bb Extracting [============================================>      ]  7.373MB/8.204MB
test-ubuntu (3.14)	Set up Docker Compose	2026-05-19T19:31:59.8907201Z  9b972c53c46c Extracting [========>                                          ]  30.64MB/183.5MB
test-ubuntu (3.14)	Set up Docker Compose	2026-05-19T19:31:59.8910272Z  e67fdae35593 Extracting [==================================>                ]  21.63MB/31.42MB
test-ubuntu (3.14)	Set up Docker Compose	2026-05-19T19:31:59.9028980Z  3333ece3d6fb Downloading [>                                                  ]  74.98kB/7.428MB
test-ubuntu (3.14)	Set up Docker Compose	2026-05-19T19:31:59.9464952Z  7a97a7bd35bb Extracting [==================================================>]  8.204MB/8.204MB
test-ubuntu (3.14)	Set up Docker Compose	2026-05-19T19:31:59.9510067Z  2d00d5ceb5d5 Extracting [============>                                      ]  18.94MB/75.55MB
test-ubuntu (3.14)	Set up Docker Compose	2026-05-19T19:31:59.9602993Z  d5fd17ec1767 Extracting [=======>                                           ]  4.424MB/28.57MB
test-ubuntu (3.14)	Set up Docker Compose	2026-05-19T19:31:59.9669260Z  0e9d048cd1fe Downloading [===>                                               ]  7.569MB/116.5MB
test-ubuntu (3.14)	Set up Docker Compose	2026-05-19T19:31:59.9670423Z  ca64c64b8c6b Extracting [========>                                          ]  22.84MB/133.1MB
test-ubuntu (3.14)	Set up Docker Compose	2026-05-19T19:31:59.9679484Z  03b1c1358482 Downloading [================>                                  ]  49.14MB/144.8MB
test-ubuntu (3.14)	Set up Docker Compose	2026-05-19T19:31:59.9920310Z  9b972c53c46c Extracting [========>                                          ]  32.31MB/183.5MB
test-ubuntu (3.14)	Set up Docker Compose	2026-05-19T19:32:00.0077421Z  e67fdae35593 Extracting [======================================>            ]  23.92MB/31.42MB
test-ubuntu (3.14)	Set up Docker Compose	2026-05-19T19:32:00.0078415Z  3333ece3d6fb Downloading [=========>                                         ]  1.384MB/7.428MB
test-ubuntu (3.14)	Set up Docker Compose	2026-05-19T19:32:00.0648212Z  2d00d5ceb5d5 Extracting [============>                                      ]   19.5MB/75.55MB
test-ubuntu (3.14)	Set up Docker Compose	2026-05-19T19:32:00.0689171Z  03b1c1358482 Downloading [=================>                                 ]   51.8MB/144.8MB
test-ubuntu (3.14)	Set up Docker Compose	2026-05-19T19:32:00.0695256Z  0e9d048cd1fe Downloading [===>                                               ]  8.651MB/116.5MB
test-ubuntu (3.14)	Set up Docker Compose	2026-05-19T19:32:00.0719071Z  d5fd17ec1767 Extracting [===========>                                       ]  6.488MB/28.57MB
test-ubuntu (3.14)	Set up Docker Compose	2026-05-19T19:32:00.1117830Z  3333ece3d6fb Downloading [=========================>                         ]  3.759MB/7.428MB
test-ubuntu (3.14)	Set up Docker Compose	2026-05-19T19:32:00.1144470Z  e67fdae35593 Extracting [=========================================>         ]  26.21MB/31.42MB
test-ubuntu (3.14)	Set up Docker Compose	2026-05-19T19:32:00.1271592Z  9b972c53c46c Extracting [=========>                                         ]  34.54MB/183.5MB
test-ubuntu (3.14)	Set up Docker Compose	2026-05-19T19:32:00.1705067Z  0e9d048cd1fe Downloading [=========>                                         ]  23.07MB/116.5MB
test-ubuntu (3.14)	Set up Docker Compose	2026-05-19T19:32:00.1778905Z  03b1c1358482 Downloading [===================>                               ]  55.02MB/144.8MB
test-ubuntu (3.14)	Set up Docker Compose	2026-05-19T19:32:00.1788340Z  d5fd17ec1767 Extracting [=============>                                     ]  7.963MB/28.57MB
test-ubuntu (3.14)	Set up Docker Compose	2026-05-19T19:32:00.1842700Z  2d00d5ceb5d5 Extracting [==============>                                    ]  21.17MB/75.55MB
test-ubuntu (3.14)	Set up Docker Compose	2026-05-19T19:32:00.2123286Z  3333ece3d6fb Verifying Checksum 
test-ubuntu (3.14)	Set up Docker Compose	2026-05-19T19:32:00.2124723Z  3333ece3d6fb Download complete 
test-ubuntu (3.14)	Set up Docker Compose	2026-05-19T19:32:00.2165601Z  e67fdae35593 Extracting [===========================================>       ]  27.53MB/31.42MB
test-ubuntu (3.14)	Set up Docker Compose	2026-05-19T19:32:00.2368579Z  9b972c53c46c Extracting [=========>                                         ]  36.21MB/183.5MB
test-ubuntu (3.14)	Set up Docker Compose	2026-05-19T19:32:00.2771029Z  0e9d048cd1fe Downloading [===================>                               ]  45.06MB/116.5MB
test-ubuntu (3.14)	Set up Docker Compose	2026-05-19T19:32:00.2808512Z  d5fd17ec1767 Extracting [================>                                  ]  9.142MB/28.57MB
test-ubuntu (3.14)	Set up Docker Compose	2026-05-19T19:32:00.2843236Z  2d00d5ceb5d5 Extracting [===============>                                   ]  22.84MB/75.55MB
test-ubuntu (3.14)	Set up Docker Compose	2026-05-19T19:32:00.2943552Z  03b1c1358482 Downloading [====================>                              ]  58.74MB/144.8MB
test-ubuntu (3.14)	Set up Docker Compose	2026-05-19T19:32:00.3993136Z  0e9d048cd1fe Downloading [========================>                          ]  57.43MB/116.5MB
test-ubuntu (3.14)	Set up Docker Compose	2026-05-19T19:32:00.4039746Z  03b1c1358482 Downloading [=====================>                             ]  60.89MB/144.8MB
test-ubuntu (3.14)	Set up Docker Compose	2026-05-19T19:32:00.4096516Z  9b972c53c46c Extracting [==========>                                        ]  38.44MB/183.5MB
test-ubuntu (3.14)	Set up Docker Compose	2026-05-19T19:32:00.4267379Z  2d00d5ceb5d5 Extracting [===============>                                   ]  23.95MB/75.55MB
test-ubuntu (3.14)	Set up Docker Compose	2026-05-19T19:32:00.4343685Z  d5fd17ec1767 Extracting [================>                                  ]  9.437MB/28.57MB
test-ubuntu (3.14)	Set up Docker Compose	2026-05-19T19:32:00.4395873Z  e67fdae35593 Extracting [=============================================>     ]  28.51MB/31.42MB
test-ubuntu (3.14)	Set up Docker Compose	2026-05-19T19:32:00.4867300Z  6060df901d94 Downloading [>                                                  ]  540.7kB/58.74MB
test-ubuntu (3.14)	Set up Docker Compose	2026-05-19T19:32:00.4995505Z  0e9d048cd1fe Downloading [===================================>               ]   83.1MB/116.5MB
test-ubuntu (3.14)	Set up Docker Compose	2026-05-19T19:32:00.5007583Z  03b1c1358482 Downloading [======================>                            ]  66.21MB/144.8MB
test-ubuntu (3.14)	Set up Docker Compose	2026-05-19T19:32:00.5160932Z  9b972c53c46c Extracting [===========>                                       ]  41.78MB/183.5MB
test-ubuntu (3.14)	Set up Docker Compose	2026-05-19T19:32:00.5372201Z  2d00d5ceb5d5 Extracting [==================>                                ]  27.85MB/75.55MB
test-ubuntu (3.14)	Set up Docker Compose	2026-05-19T19:32:00.5878168Z  6060df901d94 Downloading [===========>                                       ]  13.33MB/58.74MB
test-ubuntu (3.14)	Set up Docker Compose	2026-05-19T19:32:00.6001857Z  0e9d048cd1fe Downloading [===============================================>   ]  109.9MB/116.5MB
test-ubuntu (3.14)	Set up Docker Compose	2026-05-19T19:32:00.6137721Z  03b1c1358482 Downloading [=======================>                           ]  69.45MB/144.8MB
test-ubuntu (3.14)	Set up Docker Compose	2026-05-19T19:32:00.6217117Z  d5fd17ec1767 Extracting [=================>                                 ]  9.732MB/28.57MB
test-ubuntu (3.14)	Set up Docker Compose	2026-05-19T19:32:00.6281774Z  ca64c64b8c6b Extracting [========>                                          ]   23.4MB/133.1MB
test-ubuntu (3.14)	Set up Docker Compose	2026-05-19T19:32:00.6297934Z  0e9d048cd1fe Verifying Checksum 
test-ubuntu (3.14)	Set up Docker Compose	2026-05-19T19:32:00.6303573Z  0e9d048cd1fe Download complete 
test-ubuntu (3.14)	Set up Docker Compose	2026-05-19T19:32:00.6637502Z  9b972c53c46c Extracting [============>                                      ]  44.56MB/183.5MB
test-ubuntu (3.14)	Set up Docker Compose	2026-05-19T19:32:00.6675293Z  2d00d5ceb5d5 Extracting [====================>                              ]  30.64MB/75.55MB
test-ubuntu (3.14)	Set up Docker Compose	2026-05-19T19:32:00.6902658Z  6060df901d94 Downloading [=============================>                     ]  34.68MB/58.74MB
test-ubuntu (3.14)	Set up Docker Compose	2026-05-19T19:32:00.7226218Z  03b1c1358482 Downloading [========================>                          ]  72.12MB/144.8MB
test-ubuntu (3.14)	Set up Docker Compose	2026-05-19T19:32:00.7301081Z  7a97a7bd35bb Pull complete 
test-ubuntu (3.14)	Set up Docker Compose	2026-05-19T19:32:00.7349103Z  33948d124eb7 Extracting [=>                                                 ]  32.77kB/1.312MB
test-ubuntu (3.14)	Set up Docker Compose	2026-05-19T19:32:00.7467260Z  ca64c64b8c6b Extracting [=========>                                         ]  25.07MB/133.1MB
test-ubuntu (3.14)	Set up Docker Compose	2026-05-19T19:32:00.7468612Z  d5fd17ec1767 Extracting [==================>                                ]  10.62MB/28.57MB
test-ubuntu (3.14)	Set up Docker Compose	2026-05-19T19:32:00.7786234Z  9b972c53c46c Extracting [============>                                      ]  46.24MB/183.5MB
test-ubuntu (3.14)	Set up Docker Compose	2026-05-19T19:32:00.7863271Z  2d00d5ceb5d5 Extracting [=====================>                             ]  32.87MB/75.55MB
test-ubuntu (3.14)	Set up Docker Compose	2026-05-19T19:32:00.7942659Z  6060df901d94 Downloading [============================================>      ]  52.85MB/58.74MB
test-ubuntu (3.14)	Set up Docker Compose	2026-05-19T19:32:00.8347173Z  33948d124eb7 Extracting [============================================>      ]   1.18MB/1.312MB
test-ubuntu (3.14)	Set up Docker Compose	2026-05-19T19:32:00.8392533Z  03b1c1358482 Downloading [==========================>                        ]  75.31MB/144.8MB
test-ubuntu (3.14)	Set up Docker Compose	2026-05-19T19:32:00.8479305Z  d5fd17ec1767 Extracting [====================>                              ]   11.8MB/28.57MB
test-ubuntu (3.14)	Set up Docker Compose	2026-05-19T19:32:00.8514798Z  6060df901d94 Verifying Checksum 
test-ubuntu (3.14)	Set up Docker Compose	2026-05-19T19:32:00.8515929Z  6060df901d94 Download complete 
test-ubuntu (3.14)	Set up Docker Compose	2026-05-19T19:32:00.8737819Z  ca64c64b8c6b Extracting [==========>                                        ]  26.74MB/133.1MB
test-ubuntu (3.14)	Set up Docker Compose	2026-05-19T19:32:00.8833820Z  9b972c53c46c Extracting [=============>                                     ]  47.91MB/183.5MB
test-ubuntu (3.14)	Set up Docker Compose	2026-05-19T19:32:00.9000324Z  2d00d5ceb5d5 Extracting [=======================>                           ]  35.09MB/75.55MB
test-ubuntu (3.14)	Set up Docker Compose	2026-05-19T19:32:00.9004210Z  fae1f0b2907e Downloading [>                                                  ]     358B/19.43kB
test-ubuntu (3.14)	Set up Docker Compose	2026-05-19T19:32:00.9012138Z  fae1f0b2907e Downloading [==================================================>]  19.43kB/19.43kB
test-ubuntu (3.14)	Set up Docker Compose	2026-05-19T19:32:00.9026878Z  fae1f0b2907e Verifying Checksum 
test-ubuntu (3.14)	Set up Docker Compose	2026-05-19T19:32:00.9027540Z  fae1f0b2907e Download complete 
test-ubuntu (3.14)	Set up Docker Compose	2026-05-19T19:32:00.9393117Z  33948d124eb7 Extracting [==================================================>]  1.312MB/1.312MB
test-ubuntu (3.14)	Set up Docker Compose	2026-05-19T19:32:00.9518887Z  03b1c1358482 Downloading [==========================>                        ]  77.45MB/144.8MB
test-ubuntu (3.14)	Set up Docker Compose	2026-05-19T19:32:00.9581479Z  d5fd17ec1767 Extracting [========================>                          ]  14.16MB/28.57MB
test-ubuntu (3.14)	Set up Docker Compose	2026-05-19T19:32:00.9830421Z  e67fdae35593 Extracting [=============================================>     ]  28.84MB/31.42MB
test-ubuntu (3.14)	Set up Docker Compose	2026-05-19T19:32:01.0021934Z  ca64c64b8c6b Extracting [==========>                                        ]  28.41MB/133.1MB
test-ubuntu (3.14)	Set up Docker Compose	2026-05-19T19:32:01.0207223Z  9b972c53c46c Extracting [=============>                                     ]  50.14MB/183.5MB
test-ubuntu (3.14)	Set up Docker Compose	2026-05-19T19:32:01.0307601Z  2d00d5ceb5d5 Extracting [=========================>                         ]  37.88MB/75.55MB
test-ubuntu (3.14)	Set up Docker Compose	2026-05-19T19:32:01.0652758Z  d5fd17ec1767 Extracting [============================>                      ]  16.22MB/28.57MB
test-ubuntu (3.14)	Set up Docker Compose	2026-05-19T19:32:01.0661698Z  03b1c1358482 Downloading [===========================>                       ]  80.65MB/144.8MB
test-ubuntu (3.14)	Set up Docker Compose	2026-05-19T19:32:01.1316955Z  2d00d5ceb5d5 Extracting [==========================>                        ]  39.55MB/75.55MB
test-ubuntu (3.14)	Set up Docker Compose	2026-05-19T19:32:01.1440622Z  ca64c64b8c6b Extracting [===========>                                       ]  30.64MB/133.1MB
test-ubuntu (3.14)	Set up Docker Compose	2026-05-19T19:32:01.1492919Z  9b972c53c46c Extracting [==============>                                    ]  51.81MB/183.5MB
test-ubuntu (3.14)	Set up Docker Compose	2026-05-19T19:32:01.1611090Z  1f27396f6efc Downloading [==>                                                ]     415B/9.462kB
test-ubuntu (3.14)	Set up Docker Compose	2026-05-19T19:32:01.1613918Z  1f27396f6efc Downloading [==================================================>]  9.462kB/9.462kB
test-ubuntu (3.14)	Set up Docker Compose	2026-05-19T19:32:01.1624958Z  1f27396f6efc Verifying Checksum 
test-ubuntu (3.14)	Set up Docker Compose	2026-05-19T19:32:01.1626361Z  1f27396f6efc Download complete 
test-ubuntu (3.14)	Set up Docker Compose	2026-05-19T19:32:01.1698875Z  03b1c1358482 Downloading [============================>                      ]  83.33MB/144.8MB
test-ubuntu (3.14)	Set up Docker Compose	2026-05-19T19:32:01.1830183Z  d5fd17ec1767 Extracting [==================================>                ]  19.76MB/28.57MB
test-ubuntu (3.14)	Set up Docker Compose	2026-05-19T19:32:01.1946947Z  e67fdae35593 Extracting [===============================================>   ]  29.82MB/31.42MB
test-ubuntu (3.14)	Set up Docker Compose	2026-05-19T19:32:01.2452965Z  ca64c64b8c6b Extracting [============>                                      ]  32.87MB/133.1MB
test-ubuntu (3.14)	Set up Docker Compose	2026-05-19T19:32:01.2638953Z  9b972c53c46c Extracting [==============>                                    ]  54.03MB/183.5MB
test-ubuntu (3.14)	Set up Docker Compose	2026-05-19T19:32:01.2797487Z  03b1c1358482 Downloading [=============================>                     ]  86.52MB/144.8MB
test-ubuntu (3.14)	Set up Docker Compose	2026-05-19T19:32:01.2864788Z  d5fd17ec1767 Extracting [======================================>            ]  22.12MB/28.57MB
test-ubuntu (3.14)	Set up Docker Compose	2026-05-19T19:32:01.2981898Z  2d00d5ceb5d5 Extracting [===========================>                       ]  41.78MB/75.55MB
test-ubuntu (3.14)	Set up Docker Compose	2026-05-19T19:32:01.3678403Z  ca64c64b8c6b Extracting [=============>                                     ]  35.09MB/133.1MB
test-ubuntu (3.14)	Set up Docker Compose	2026-05-19T19:32:01.3806520Z  03b1c1358482 Downloading [==============================>                    ]  89.73MB/144.8MB
test-ubuntu (3.14)	Set up Docker Compose	2026-05-19T19:32:01.3852603Z  9b972c53c46c Extracting [===============>                                   ]  56.26MB/183.5MB
test-ubuntu (3.14)	Set up Docker Compose	2026-05-19T19:32:01.3907789Z  d5fd17ec1767 Extracting [=========================================>         ]  23.89MB/28.57MB
test-ubuntu (3.14)	Set up Docker Compose	2026-05-19T19:32:01.4123677Z  2d00d5ceb5d5 Extracting [==============================>                    ]  45.68MB/75.55MB
test-ubuntu (3.14)	Set up Docker Compose	2026-05-19T19:32:01.4315692Z  fe556ec02776 Downloading [==>                                                ]     416B/9.461kB
test-ubuntu (3.14)	Set up Docker Compose	2026-05-19T19:32:01.4320669Z  fe556ec02776 Downloading [==================================================>]  9.461kB/9.461kB
test-ubuntu (3.14)	Set up Docker Compose	2026-05-19T19:32:01.4339089Z  fe556ec02776 Verifying Checksum 
test-ubuntu (3.14)	Set up Docker Compose	2026-05-19T19:32:01.4344806Z  fe556ec02776 Download complete 
test-ubuntu (3.14)	Set up Docker Compose	2026-05-19T19:32:01.4757283Z  ca64c64b8c6b Extracting [==============>                                    ]  37.32MB/133.1MB
test-ubuntu (3.14)	Set up Docker Compose	2026-05-19T19:32:01.4842862Z  03b1c1358482 Downloading [================================>                  ]  93.48MB/144.8MB
test-ubuntu (3.14)	Set up Docker Compose	2026-05-19T19:32:01.4933753Z  9b972c53c46c Extracting [================>                                  ]   59.6MB/183.5MB
test-ubuntu (3.14)	Set up Docker Compose	2026-05-19T19:32:01.5125543Z  2d00d5ceb5d5 Extracting [================================>                  ]  49.58MB/75.55MB
test-ubuntu (3.14)	Set up Docker Compose	2026-05-19T19:32:01.5943771Z  03b1c1358482 Downloading [=================================>                 ]  96.68MB/144.8MB
test-ubuntu (3.14)	Set up Docker Compose	2026-05-19T19:32:01.5958587Z  9b972c53c46c Extracting [=================>                                 ]  65.73MB/183.5MB
test-ubuntu (3.14)	Set up Docker Compose	2026-05-19T19:32:01.5972683Z  6163e4fdd626 Downloading [>                                                  ]  540.7kB/154.6MB
test-ubuntu (3.14)	Set up Docker Compose	2026-05-19T19:32:01.6190120Z  e67fdae35593 Extracting [===============================================>   ]  30.15MB/31.42MB
test-ubuntu (3.14)	Set up Docker Compose	2026-05-19T19:32:01.6199877Z  2d00d5ceb5d5 Extracting [===========================================>       ]  65.18MB/75.55MB
test-ubuntu (3.14)	Set up Docker Compose	2026-05-19T19:32:01.6304508Z  ca64c64b8c6b Extracting [==============>                                    ]  38.44MB/133.1MB
test-ubuntu (3.14)	Set up Docker Compose	2026-05-19T19:32:01.7048031Z  03b1c1358482 Downloading [==================================>                ]  99.33MB/144.8MB
test-ubuntu (3.14)	Set up Docker Compose	2026-05-19T19:32:01.7163072Z  6163e4fdd626 Downloading [>                                                  ]  1.081MB/154.6MB
test-ubuntu (3.14)	Set up Docker Compose	2026-05-19T19:32:01.7231050Z  9b972c53c46c Extracting [==================>                                ]  67.96MB/183.5MB
test-ubuntu (3.14)	Set up Docker Compose	2026-05-19T19:32:01.7234288Z  2d00d5ceb5d5 Extracting [==============================================>    ]  69.63MB/75.55MB
test-ubuntu (3.14)	Set up Docker Compose	2026-05-19T19:32:01.7424096Z  ca64c64b8c6b Extracting [===============>                                   ]  40.67MB/133.1MB
test-ubuntu (3.14)	Set up Docker Compose	2026-05-19T19:32:01.7493422Z  d5fd17ec1767 Extracting [==========================================>        ]  24.18MB/28.57MB
test-ubuntu (3.14)	Set up Docker Compose	2026-05-19T19:32:01.7505484Z  69f581787942 Downloading [>                                                  ]  13.78kB/1.293MB
test-ubuntu (3.14)	Set up Docker Compose	2026-05-19T19:32:01.7506926Z  69f581787942 Downloading [>                                                  ]  13.78kB/1.293MB
test-ubuntu (3.14)	Set up Docker Compose	2026-05-19T19:32:01.7519536Z  33948d124eb7 Pull complete 
test-ubuntu (3.14)	Set up Docker Compose	2026-05-19T19:32:01.7614331Z  c2c802328ad4 Extracting [==================================================>]     116B/116B
test-ubuntu (3.14)	Set up Docker Compose	2026-05-19T19:32:01.7615339Z  c2c802328ad4 Extracting [==================================================>]     116B/116B
test-ubuntu (3.14)	Set up Docker Compose	2026-05-19T19:32:01.8117590Z  03b1c1358482 Downloading [===================================>               ]  101.5MB/144.8MB
test-ubuntu (3.14)	Set up Docker Compose	2026-05-19T19:32:01.8374436Z  69f581787942 Downloading [==================================================>]  1.293MB/1.293MB
test-ubuntu (3.14)	Set up Docker Compose	2026-05-19T19:32:01.8375499Z  69f581787942 Verifying Checksum 
test-ubuntu (3.14)	Set up Docker Compose	2026-05-19T19:32:01.8376916Z  69f581787942 Download complete 
test-ubuntu (3.14)	Set up Docker Compose	2026-05-19T19:32:01.8377474Z  69f581787942 Downloading [==================================================>]  1.293MB/1.293MB
test-ubuntu (3.14)	Set up Docker Compose	2026-05-19T19:32:01.8378090Z  69f581787942 Verifying Checksum 
test-ubuntu (3.14)	Set up Docker Compose	2026-05-19T19:32:01.8387647Z  69f581787942 Extracting [=>                                                 ]  32.77kB/1.293MB
test-ubuntu (3.14)	Set up Docker Compose	2026-05-19T19:32:01.8390666Z  69f581787942 Extracting [=>                                                 ]  32.77kB/1.293MB
test-ubuntu (3.14)	Set up Docker Compose	2026-05-19T19:32:01.8543366Z  2d00d5ceb5d5 Extracting [================================================>  ]  73.53MB/75.55MB
test-ubuntu (3.14)	Set up Docker Compose	2026-05-19T19:32:01.8611521Z  d5fd17ec1767 Extracting [==========================================>        ]  24.48MB/28.57MB
test-ubuntu (3.14)	Set up Docker Compose	2026-05-19T19:32:01.8642871Z  ca64c64b8c6b Extracting [===============>                                   ]  42.34MB/133.1MB
test-ubuntu (3.14)	Set up Docker Compose	2026-05-19T19:32:01.8828509Z  9b972c53c46c Extracting [==================>                                ]  69.07MB/183.5MB
test-ubuntu (3.14)	Set up Docker Compose	2026-05-19T19:32:01.8860600Z  6163e4fdd626 Downloading [>                                                  ]  1.622MB/154.6MB
test-ubuntu (3.14)	Set up Docker Compose	2026-05-19T19:32:01.9486644Z  03b1c1358482 Downloading [===================================>               ]  103.6MB/144.8MB
test-ubuntu (3.14)	Set up Docker Compose	2026-05-19T19:32:02.0106792Z  d5fd17ec1767 Extracting [============================================>      ]  25.66MB/28.57MB
test-ubuntu (3.14)	Set up Docker Compose	2026-05-19T19:32:02.0318870Z  ca64c64b8c6b Extracting [================>                                  ]  43.45MB/133.1MB
test-ubuntu (3.14)	Set up Docker Compose	2026-05-19T19:32:02.0349430Z  9b972c53c46c Extracting [===================>                               ]  70.19MB/183.5MB
test-ubuntu (3.14)	Set up Docker Compose	2026-05-19T19:32:02.0452713Z  69f581787942 Extracting [=======>                                           ]  196.6kB/1.293MB
test-ubuntu (3.14)	Set up Docker Compose	2026-05-19T19:32:02.0454124Z  69f581787942 Extracting [=======>                                           ]  196.6kB/1.293MB
test-ubuntu (3.14)	Set up Docker Compose	2026-05-19T19:32:02.0481919Z  03b1c1358482 Downloading [====================================>              ]  105.7MB/144.8MB
test-ubuntu (3.14)	Set up Docker Compose	2026-05-19T19:32:02.0755080Z  2d00d5ceb5d5 Extracting [=================================================> ]   75.2MB/75.55MB
test-ubuntu (3.14)	Set up Docker Compose	2026-05-19T19:32:02.1295758Z  d5fd17ec1767 Extracting [===============================================>   ]  27.13MB/28.57MB
test-ubuntu (3.14)	Set up Docker Compose	2026-05-19T19:32:02.1384317Z  6163e4fdd626 Downloading [>                                                  ]  2.163MB/154.6MB
test-ubuntu (3.14)	Set up Docker Compose	2026-05-19T19:32:02.1513209Z  2d00d5ceb5d5 Extracting [==================================================>]  75.55MB/75.55MB
test-ubuntu (3.14)	Set up Docker Compose	2026-05-19T19:32:02.1514303Z  ca64c64b8c6b Extracting [================>                                  ]  44.56MB/133.1MB
test-ubuntu (3.14)	Set up Docker Compose	2026-05-19T19:32:02.1562015Z  03b1c1358482 Downloading [=====================================>             ]  107.9MB/144.8MB
test-ubuntu (3.14)	Set up Docker Compose	2026-05-19T19:32:02.1608512Z  9b972c53c46c Extracting [===================>                               ]  71.86MB/183.5MB
test-ubuntu (3.14)	Set up Docker Compose	2026-05-19T19:32:02.2077226Z  631be4105227 Downloading [>                                                  ]  129.7kB/12.33MB
test-ubuntu (3.14)	Set up Docker Compose	2026-05-19T19:32:02.2078162Z  631be4105227 Downloading [>                                                  ]  129.7kB/12.33MB
test-ubuntu (3.14)	Set up Docker Compose	2026-05-19T19:32:02.2939017Z  03b1c1358482 Downloading [=====================================>             ]  109.5MB/144.8MB
test-ubuntu (3.14)	Set up Docker Compose	2026-05-19T19:32:02.2961294Z  69f581787942 Extracting [==========>                                        ]  262.1kB/1.293MB
test-ubuntu (3.14)	Set up Docker Compose	2026-05-19T19:32:02.2964562Z  69f581787942 Extracting [==========>                                        ]  262.1kB/1.293MB
test-ubuntu (3.14)	Set up Docker Compose	2026-05-19T19:32:02.3007564Z  c2c802328ad4 Pull complete 
test-ubuntu (3.14)	Set up Docker Compose	2026-05-19T19:32:02.3041018Z  18066de916e4 Extracting [==================================================>]  3.146kB/3.146kB
test-ubuntu (3.14)	Set up Docker Compose	2026-05-19T19:32:02.3042255Z  18066de916e4 Extracting [==================================================>]  3.146kB/3.146kB
test-ubuntu (3.14)	Set up Docker Compose	2026-05-19T19:32:02.3088081Z  9b972c53c46c Extracting [====================>                              ]  76.32MB/183.5MB
test-ubuntu (3.14)	Set up Docker Compose	2026-05-19T19:32:02.3095862Z  631be4105227 Downloading [=========>                                         ]  2.223MB/12.33MB
test-ubuntu (3.14)	Set up Docker Compose	2026-05-19T19:32:02.3101999Z  2d00d5ceb5d5 Pull complete 
test-ubuntu (3.14)	Set up Docker Compose	2026-05-19T19:32:02.3105398Z  631be4105227 Downloading [=========>                                         ]  2.223MB/12.33MB
test-ubuntu (3.14)	Set up Docker Compose	2026-05-19T19:32:02.3158943Z  ca64c64b8c6b Extracting [=================>                                 ]  45.68MB/133.1MB
test-ubuntu (3.14)	Set up Docker Compose	2026-05-19T19:32:02.3181602Z  4c7647800bee Extracting [==================================================>]     202B/202B
test-ubuntu (3.14)	Set up Docker Compose	2026-05-19T19:32:02.3199337Z  4c7647800bee Extracting [==================================================>]     202B/202B
test-ubuntu (3.14)	Set up Docker Compose	2026-05-19T19:32:02.3510911Z  4c7647800bee Pull complete 
test-ubuntu (3.14)	Set up Docker Compose	2026-05-19T19:32:02.3532180Z  18066de916e4 Pull complete 
test-ubuntu (3.14)	Set up Docker Compose	2026-05-19T19:32:02.3838678Z  e67fdae35593 Extracting [================================================>  ]  30.47MB/31.42MB
test-ubuntu (3.14)	Set up Docker Compose	2026-05-19T19:32:02.3841618Z  0879326081d0 Extracting [==================================================>]  3.218kB/3.218kB
test-ubuntu (3.14)	Set up Docker Compose	2026-05-19T19:32:02.3843402Z  0879326081d0 Extracting [==================================================>]  3.218kB/3.218kB
test-ubuntu (3.14)	Set up Docker Compose	2026-05-19T19:32:02.3924847Z  03b1c1358482 Downloading [======================================>            ]  111.1MB/144.8MB
test-ubuntu (3.14)	Set up Docker Compose	2026-05-19T19:32:02.3938001Z  6163e4fdd626 Downloading [>                                                  ]  2.703MB/154.6MB
test-ubuntu (3.14)	Set up Docker Compose	2026-05-19T19:32:02.4038571Z  d5fd17ec1767 Extracting [================================================>  ]  27.43MB/28.57MB
test-ubuntu (3.14)	Set up Docker Compose	2026-05-19T19:32:02.4098616Z  631be4105227 Downloading [=======================================>           ]  9.625MB/12.33MB
test-ubuntu (3.14)	Set up Docker Compose	2026-05-19T19:32:02.4114027Z  631be4105227 Downloading [=======================================>           ]  9.625MB/12.33MB
test-ubuntu (3.14)	Set up Docker Compose	2026-05-19T19:32:02.4164069Z  ca64c64b8c6b Extracting [=================>                                 ]  46.79MB/133.1MB
test-ubuntu (3.14)	Set up Docker Compose	2026-05-19T19:32:02.4175690Z  69f581787942 Extracting [================================>                  ]    852kB/1.293MB
test-ubuntu (3.14)	Set up Docker Compose	2026-05-19T19:32:02.4195964Z  69f581787942 Extracting [================================>                  ]    852kB/1.293MB
test-ubuntu (3.14)	Set up Docker Compose	2026-05-19T19:32:02.4299840Z  0879326081d0 Pull complete 
test-ubuntu (3.14)	Set up Docker Compose	2026-05-19T19:32:02.4304958Z  9b972c53c46c Extracting [=====================>                             ]  77.99MB/183.5MB
test-ubuntu (3.14)	Set up Docker Compose	2026-05-19T19:32:02.4345755Z  a22c0f637cc8 Extracting [==================================================>]     812B/812B
test-ubuntu (3.14)	Set up Docker Compose	2026-05-19T19:32:02.4363029Z  a22c0f637cc8 Extracting [==================================================>]     812B/812B
test-ubuntu (3.14)	Set up Docker Compose	2026-05-19T19:32:02.4635804Z  a22c0f637cc8 Pull complete 
test-ubuntu (3.14)	Set up Docker Compose	2026-05-19T19:32:02.4678153Z  631be4105227 Verifying Checksum 
test-ubuntu (3.14)	Set up Docker Compose	2026-05-19T19:32:02.4678759Z  631be4105227 Verifying Checksum 
test-ubuntu (3.14)	Set up Docker Compose	2026-05-19T19:32:02.4685883Z  631be4105227 Download complete 
test-ubuntu (3.14)	Set up Docker Compose	2026-05-19T19:32:02.4686879Z  631be4105227 Download complete 
test-ubuntu (3.14)	Set up Docker Compose	2026-05-19T19:32:02.4746741Z  b06dfe297ce4 Extracting [==================================================>]     431B/431B
test-ubuntu (3.14)	Set up Docker Compose	2026-05-19T19:32:02.4753154Z  b06dfe297ce4 Extracting [==================================================>]     431B/431B
test-ubuntu (3.14)	Set up Docker Compose	2026-05-19T19:32:02.5050840Z  d5fd17ec1767 Extracting [=================================================> ]  28.02MB/28.57MB
test-ubuntu (3.14)	Set up Docker Compose	2026-05-19T19:32:02.5075983Z  b06dfe297ce4 Pull complete 
test-ubuntu (3.14)	Set up Docker Compose	2026-05-19T19:32:02.5148121Z  4f4fb700ef54 Extracting [==================================================>]      32B/32B
test-ubuntu (3.14)	Set up Docker Compose	2026-05-19T19:32:02.5149315Z  4f4fb700ef54 Extracting [==================================================>]      32B/32B
test-ubuntu (3.14)	Set up Docker Compose	2026-05-19T19:32:02.5175104Z  03b1c1358482 Downloading [======================================>            ]  112.7MB/144.8MB
test-ubuntu (3.14)	Set up Docker Compose	2026-05-19T19:32:02.5207264Z  69f581787942 Extracting [========================================>          ]  1.049MB/1.293MB
test-ubuntu (3.14)	Set up Docker Compose	2026-05-19T19:32:02.5211719Z  69f581787942 Extracting [========================================>          ]  1.049MB/1.293MB
test-ubuntu (3.14)	Set up Docker Compose	2026-05-19T19:32:02.5334861Z  9b972c53c46c Extracting [=====================>                             ]  80.22MB/183.5MB
test-ubuntu (3.14)	Set up Docker Compose	2026-05-19T19:32:02.5371902Z  4f4fb700ef54 Pull complete 
test-ubuntu (3.14)	Set up Docker Compose	2026-05-19T19:32:02.5383954Z  69f581787942 Extracting [==================================================>]  1.293MB/1.293MB
test-ubuntu (3.14)	Set up Docker Compose	2026-05-19T19:32:02.5393040Z  69f581787942 Extracting [==================================================>]  1.293MB/1.293MB
test-ubuntu (3.14)	Set up Docker Compose	2026-05-19T19:32:02.5465450Z  d49027299ad5 Extracting [>                                                  ]  196.6kB/18.04MB
test-ubuntu (3.14)	Set up Docker Compose	2026-05-19T19:32:02.5466719Z  69f581787942 Extracting [==================================================>]  1.293MB/1.293MB
test-ubuntu (3.14)	Set up Docker Compose	2026-05-19T19:32:02.5469024Z  69f581787942 Extracting [==================================================>]  1.293MB/1.293MB
test-ubuntu (3.14)	Set up Docker Compose	2026-05-19T19:32:02.5516359Z  ca64c64b8c6b Extracting [==================>                                ]  48.46MB/133.1MB
test-ubuntu (3.14)	Set up Docker Compose	2026-05-19T19:32:02.5739592Z  b0f4f1626421 Extracting [>                                                  ]  557.1kB/111.1MB
test-ubuntu (3.14)	Set up Docker Compose	2026-05-19T19:32:02.5851830Z  6163e4fdd626 Downloading [=>                                                 ]  3.244MB/154.6MB
test-ubuntu (3.14)	Set up Docker Compose	2026-05-19T19:32:02.6127925Z  e67fdae35593 Extracting [=================================================> ]  31.13MB/31.42MB
test-ubuntu (3.14)	Set up Docker Compose	2026-05-19T19:32:02.6136458Z  69f581787942 Pull complete 
test-ubuntu (3.14)	Set up Docker Compose	2026-05-19T19:32:02.6136937Z  69f581787942 Pull complete 
test-ubuntu (3.14)	Set up Docker Compose	2026-05-19T19:32:02.6258265Z  631be4105227 Extracting [>                                                  ]  131.1kB/12.33MB
test-ubuntu (3.14)	Set up Docker Compose	2026-05-19T19:32:02.6259203Z  631be4105227 Extracting [>                                                  ]  131.1kB/12.33MB
test-ubuntu (3.14)	Set up Docker Compose	2026-05-19T19:32:02.6346354Z  9b972c53c46c Extracting [======================>                            ]     83MB/183.5MB
test-ubuntu (3.14)	Set up Docker Compose	2026-05-19T19:32:02.6382988Z  03b1c1358482 Downloading [=======================================>           ]  114.3MB/144.8MB
test-ubuntu (3.14)	Set up Docker Compose	2026-05-19T19:32:02.6474154Z  d49027299ad5 Extracting [=====>                                             ]  2.163MB/18.04MB
test-ubuntu (3.14)	Set up Docker Compose	2026-05-19T19:32:02.6953130Z  ca64c64b8c6b Extracting [==================>                                ]  50.14MB/133.1MB
test-ubuntu (3.14)	Set up Docker Compose	2026-05-19T19:32:02.7146744Z  d5fd17ec1767 Extracting [=================================================> ]  28.31MB/28.57MB
test-ubuntu (3.14)	Set up Docker Compose	2026-05-19T19:32:02.7172714Z  b0f4f1626421 Extracting [=>                                                 ]  2.228MB/111.1MB
test-ubuntu (3.14)	Set up Docker Compose	2026-05-19T19:32:02.7525681Z  d49027299ad5 Extracting [==========>                                        ]  3.736MB/18.04MB
test-ubuntu (3.14)	Set up Docker Compose	2026-05-19T19:32:02.7527303Z  6163e4fdd626 Downloading [=>                                                 ]  3.785MB/154.6MB
test-ubuntu (3.14)	Set up Docker Compose	2026-05-19T19:32:02.7534952Z  03b1c1358482 Downloading [========================================>          ]  115.8MB/144.8MB
test-ubuntu (3.14)	Set up Docker Compose	2026-05-19T19:32:02.7662405Z  631be4105227 Extracting [===>                                               ]  786.4kB/12.33MB
test-ubuntu (3.14)	Set up Docker Compose	2026-05-19T19:32:02.7663300Z  631be4105227 Extracting [===>                                               ]  786.4kB/12.33MB
test-ubuntu (3.14)	Set up Docker Compose	2026-05-19T19:32:02.7730258Z  9b972c53c46c Extracting [=======================>                           ]  85.23MB/183.5MB
test-ubuntu (3.14)	Set up Docker Compose	2026-05-19T19:32:02.8249173Z  b0f4f1626421 Extracting [==>                                                ]  4.456MB/111.1MB
test-ubuntu (3.14)	Set up Docker Compose	2026-05-19T19:32:02.8324679Z  e67fdae35593 Extracting [==================================================>]  31.42MB/31.42MB
test-ubuntu (3.14)	Set up Docker Compose	2026-05-19T19:32:02.8585600Z  3b8271951027 Downloading [==================================================>]     251B/251B
test-ubuntu (3.14)	Set up Docker Compose	2026-05-19T19:32:02.8588182Z  3b8271951027 Downloading [==================================================>]     251B/251B
test-ubuntu (3.14)	Set up Docker Compose	2026-05-19T19:32:02.8588909Z  e67fdae35593 Pull complete 
test-ubuntu (3.14)	Set up Docker Compose	2026-05-19T19:32:02.8596408Z  3b8271951027 Verifying Checksum 
test-ubuntu (3.14)	Set up Docker Compose	2026-05-19T19:32:02.8597014Z  3b8271951027 Download complete 
test-ubuntu (3.14)	Set up Docker Compose	2026-05-19T19:32:02.8597463Z  3b8271951027 Verifying Checksum 
test-ubuntu (3.14)	Set up Docker Compose	2026-05-19T19:32:02.8606592Z  3b8271951027 Download complete 
test-ubuntu (3.14)	Set up Docker Compose	2026-05-19T19:32:02.8619456Z  d49027299ad5 Extracting [===============>                                   ]  5.702MB/18.04MB
test-ubuntu (3.14)	Set up Docker Compose	2026-05-19T19:32:02.8667593Z  03b1c1358482 Downloading [========================================>          ]    118MB/144.8MB
test-ubuntu (3.14)	Set up Docker Compose	2026-05-19T19:32:02.8672700Z  ca64c64b8c6b Extracting [===================>                               ]  51.25MB/133.1MB
test-ubuntu (3.14)	Set up Docker Compose	2026-05-19T19:32:02.8694817Z  631be4105227 Extracting [=====>                                             ]  1.442MB/12.33MB
test-ubuntu (3.14)	Set up Docker Compose	2026-05-19T19:32:02.8697591Z  631be4105227 Extracting [=====>                                             ]  1.442MB/12.33MB
test-ubuntu (3.14)	Set up Docker Compose	2026-05-19T19:32:02.8851760Z  d5fd17ec1767 Extracting [==================================================>]  28.57MB/28.57MB
test-ubuntu (3.14)	Set up Docker Compose	2026-05-19T19:32:02.8992305Z  9b972c53c46c Extracting [=======================>                           ]  86.34MB/183.5MB
test-ubuntu (3.14)	Set up Docker Compose	2026-05-19T19:32:02.9577367Z  6163e4fdd626 Downloading [=>                                                 ]  4.325MB/154.6MB
test-ubuntu (3.14)	Set up Docker Compose	2026-05-19T19:32:02.9750075Z  d5fd17ec1767 Pull complete 
test-ubuntu (3.14)	Set up Docker Compose	2026-05-19T19:32:02.9761412Z  b0f4f1626421 Extracting [===>                                               ]  7.242MB/111.1MB
test-ubuntu (3.14)	Set up Docker Compose	2026-05-19T19:32:02.9762321Z  631be4105227 Extracting [=============>                                     ]  3.277MB/12.33MB
test-ubuntu (3.14)	Set up Docker Compose	2026-05-19T19:32:02.9771966Z  631be4105227 Extracting [=============>                                     ]  3.277MB/12.33MB
test-ubuntu (3.14)	Set up Docker Compose	2026-05-19T19:32:02.9861112Z  d49027299ad5 Extracting [===================>                               ]  7.078MB/18.04MB
test-ubuntu (3.14)	Set up Docker Compose	2026-05-19T19:32:02.9931692Z  03b1c1358482 Downloading [=========================================>         ]  120.7MB/144.8MB
test-ubuntu (3.14)	Set up Docker Compose	2026-05-19T19:32:02.9980399Z  3333ece3d6fb Extracting [>                                                  ]   98.3kB/7.428MB
test-ubuntu (3.14)	Set up Docker Compose	2026-05-19T19:32:03.0038179Z  ca64c64b8c6b Extracting [===================>                               ]  52.92MB/133.1MB
test-ubuntu (3.14)	Set up Docker Compose	2026-05-19T19:32:03.0255152Z  9b972c53c46c Extracting [=======================>                           ]  88.01MB/183.5MB
test-ubuntu (3.14)	Set up Docker Compose	2026-05-19T19:32:03.0931103Z  b0f4f1626421 Extracting [===>                                               ]  8.356MB/111.1MB
test-ubuntu (3.14)	Set up Docker Compose	2026-05-19T19:32:03.0997260Z  631be4105227 Extracting [===============>                                   ]  3.932MB/12.33MB
test-ubuntu (3.14)	Set up Docker Compose	2026-05-19T19:32:03.0998399Z  631be4105227 Extracting [===============>                                   ]  3.932MB/12.33MB
test-ubuntu (3.14)	Set up Docker Compose	2026-05-19T19:32:03.1053165Z  d49027299ad5 Extracting [=========================>                         ]  9.241MB/18.04MB
test-ubuntu (3.14)	Set up Docker Compose	2026-05-19T19:32:03.1068032Z  03b1c1358482 Downloading [==========================================>        ]  123.8MB/144.8MB
test-ubuntu (3.14)	Set up Docker Compose	2026-05-19T19:32:03.1069826Z  3333ece3d6fb Extracting [=>                                                 ]  294.9kB/7.428MB
test-ubuntu (3.14)	Set up Docker Compose	2026-05-19T19:32:03.1118274Z  ca64c64b8c6b Extracting [====================>                              ]  54.59MB/133.1MB
test-ubuntu (3.14)	Set up Docker Compose	2026-05-19T19:32:03.1273107Z  9b972c53c46c Extracting [========================>                          ]  89.69MB/183.5MB
test-ubuntu (3.14)	Set up Docker Compose	2026-05-19T19:32:03.2005588Z  631be4105227 Extracting [==================>                                ]  4.456MB/12.33MB
test-ubuntu (3.14)	Set up Docker Compose	2026-05-19T19:32:03.2006614Z  631be4105227 Extracting [==================>                                ]  4.456MB/12.33MB
test-ubuntu (3.14)	Set up Docker Compose	2026-05-19T19:32:03.2076963Z  b0f4f1626421 Extracting [====>                                              ]   9.47MB/111.1MB
test-ubuntu (3.14)	Set up Docker Compose	2026-05-19T19:32:03.2087962Z  d49027299ad5 Extracting [=================================>                 ]  12.19MB/18.04MB
test-ubuntu (3.14)	Set up Docker Compose	2026-05-19T19:32:03.2090011Z  3333ece3d6fb Extracting [============>                                      ]  1.868MB/7.428MB
test-ubuntu (3.14)	Set up Docker Compose	2026-05-19T19:32:03.2139292Z  ca64c64b8c6b Extracting [=====================>                             ]  56.26MB/133.1MB
test-ubuntu (3.14)	Set up Docker Compose	2026-05-19T19:32:03.2233233Z  03b1c1358482 Downloading [===========================================>       ]    127MB/144.8MB
test-ubuntu (3.14)	Set up Docker Compose	2026-05-19T19:32:03.2541323Z  9b972c53c46c Extracting [=========================>                         ]  91.91MB/183.5MB
test-ubuntu (3.14)	Set up Docker Compose	2026-05-19T19:32:03.2724672Z  6163e4fdd626 Downloading [=>                                                 ]  4.866MB/154.6MB
test-ubuntu (3.14)	Set up Docker Compose	2026-05-19T19:32:03.2768312Z  06936fd22673 Downloading [====================>                              ]  1.378kB/3.436kB
test-ubuntu (3.14)	Set up Docker Compose	2026-05-19T19:32:03.2771041Z  06936fd22673 Downloading [==================================================>]  3.436kB/3.436kB
test-ubuntu (3.14)	Set up Docker Compose	2026-05-19T19:32:03.2789114Z  06936fd22673 Verifying Checksum 
test-ubuntu (3.14)	Set up Docker Compose	2026-05-19T19:32:03.2790106Z  06936fd22673 Download complete 
test-ubuntu (3.14)	Set up Docker Compose	2026-05-19T19:32:03.3083133Z  3333ece3d6fb Extracting [===========================>                       ]  4.129MB/7.428MB
test-ubuntu (3.14)	Set up Docker Compose	2026-05-19T19:32:03.3100009Z  d49027299ad5 Extracting [==============================================>    ]  16.91MB/18.04MB
test-ubuntu (3.14)	Set up Docker Compose	2026-05-19T19:32:03.3142436Z  b0f4f1626421 Extracting [=====>                                             ]  11.14MB/111.1MB
test-ubuntu (3.14)	Set up Docker Compose	2026-05-19T19:32:03.3171300Z  631be4105227 Extracting [==========================>                        ]  6.554MB/12.33MB
test-ubuntu (3.14)	Set up Docker Compose	2026-05-19T19:32:03.3175000Z  631be4105227 Extracting [==========================>                        ]  6.554MB/12.33MB
test-ubuntu (3.14)	Set up Docker Compose	2026-05-19T19:32:03.3283838Z  03b1c1358482 Downloading [============================================>      ]  129.7MB/144.8MB
test-ubuntu (3.14)	Set up Docker Compose	2026-05-19T19:32:03.3285972Z  ca64c64b8c6b Extracting [=====================>                             ]  57.38MB/133.1MB
test-ubuntu (3.14)	Set up Docker Compose	2026-05-19T19:32:03.3740127Z  9b972c53c46c Extracting [=========================>                         ]  94.14MB/183.5MB
test-ubuntu (3.14)	Set up Docker Compose	2026-05-19T19:32:03.3741825Z  d49027299ad5 Extracting [==================================================>]  18.04MB/18.04MB
test-ubuntu (3.14)	Set up Docker Compose	2026-05-19T19:32:03.4158530Z  3333ece3d6fb Extracting [=========================================>         ]  6.193MB/7.428MB
test-ubuntu (3.14)	Set up Docker Compose	2026-05-19T19:32:03.4191246Z  631be4105227 Extracting [================================>                  ]  7.995MB/12.33MB
test-ubuntu (3.14)	Set up Docker Compose	2026-05-19T19:32:03.4193826Z  631be4105227 Extracting [================================>                  ]  7.995MB/12.33MB
test-ubuntu (3.14)	Set up Docker Compose	2026-05-19T19:32:03.4382629Z  6163e4fdd626 Downloading [=>                                                 ]  5.407MB/154.6MB
test-ubuntu (3.14)	Set up Docker Compose	2026-05-19T19:32:03.4559792Z  ca64c64b8c6b Extracting [=====================>                             ]  58.49MB/133.1MB
test-ubuntu (3.14)	Set up Docker Compose	2026-05-19T19:32:03.4563468Z  03b1c1358482 Downloading [=============================================>     ]  132.3MB/144.8MB
test-ubuntu (3.14)	Set up Docker Compose	2026-05-19T19:32:03.4566838Z  b0f4f1626421 Extracting [=====>                                             ]  12.81MB/111.1MB
test-ubuntu (3.14)	Set up Docker Compose	2026-05-19T19:32:03.4832720Z  9b972c53c46c Extracting [==========================>                        ]  95.81MB/183.5MB
test-ubuntu (3.14)	Set up Docker Compose	2026-05-19T19:32:03.5518885Z  631be4105227 Extracting [=====================================>             ]  9.306MB/12.33MB
test-ubuntu (3.14)	Set up Docker Compose	2026-05-19T19:32:03.5523117Z  631be4105227 Extracting [=====================================>             ]  9.306MB/12.33MB
test-ubuntu (3.14)	Set up Docker Compose	2026-05-19T19:32:03.5596779Z  3333ece3d6fb Extracting [==============================================>    ]  6.881MB/7.428MB
test-ubuntu (3.14)	Set up Docker Compose	2026-05-19T19:32:03.5734334Z  b0f4f1626421 Extracting [======>                                            ]  14.48MB/111.1MB
test-ubuntu (3.14)	Set up Docker Compose	2026-05-19T19:32:03.5746935Z  03b1c1358482 Downloading [==============================================>    ]    135MB/144.8MB
test-ubuntu (3.14)	Set up Docker Compose	2026-05-19T19:32:03.5810195Z  ca64c64b8c6b Extracting [======================>                            ]  60.16MB/133.1MB
test-ubuntu (3.14)	Set up Docker Compose	2026-05-19T19:32:03.5869210Z  4f4fb700ef54 Downloading [==================================================>]      32B/32B
test-ubuntu (3.14)	Set up Docker Compose	2026-05-19T19:32:03.5882298Z  4f4fb700ef54 Verifying Checksum 
test-ubuntu (3.14)	Set up Docker Compose	2026-05-19T19:32:03.5883032Z  4f4fb700ef54 Download complete 
test-ubuntu (3.14)	Set up Docker Compose	2026-05-19T19:32:03.5931170Z  9b972c53c46c Extracting [==========================>                        ]   98.6MB/183.5MB
test-ubuntu (3.14)	Set up Docker Compose	2026-05-19T19:32:03.6399055Z  6163e4fdd626 Downloading [=>                                                 ]  5.947MB/154.6MB
test-ubuntu (3.14)	Set up Docker Compose	2026-05-19T19:32:03.6961075Z  03b1c1358482 Downloading [===============================================>   ]  137.1MB/144.8MB
test-ubuntu (3.14)	Set up Docker Compose	2026-05-19T19:32:03.7055072Z  ca64c64b8c6b Extracting [======================>                            ]  60.72MB/133.1MB
test-ubuntu (3.14)	Set up Docker Compose	2026-05-19T19:32:03.7058158Z  9b972c53c46c Extracting [==============================>                    ]  110.9MB/183.5MB
test-ubuntu (3.14)	Set up Docker Compose	2026-05-19T19:32:03.7114597Z  b0f4f1626421 Extracting [======>                                            ]  15.04MB/111.1MB
test-ubuntu (3.14)	Set up Docker Compose	2026-05-19T19:32:03.7242701Z  631be4105227 Extracting [=======================================>           ]  9.699MB/12.33MB
test-ubuntu (3.14)	Set up Docker Compose	2026-05-19T19:32:03.7243957Z  631be4105227 Extracting [=======================================>           ]  9.699MB/12.33MB
test-ubuntu (3.14)	Set up Docker Compose	2026-05-19T19:32:03.8383267Z  6163e4fdd626 Downloading [==>                                                ]  6.488MB/154.6MB
test-ubuntu (3.14)	Set up Docker Compose	2026-05-19T19:32:03.8400038Z  03b1c1358482 Downloading [================================================>  ]  140.3MB/144.8MB
test-ubuntu (3.14)	Set up Docker Compose	2026-05-19T19:32:03.8495349Z  d49027299ad5 Pull complete 
test-ubuntu (3.14)	Set up Docker Compose	2026-05-19T19:32:03.8508654Z  9b972c53c46c Extracting [=================================>                 ]  124.8MB/183.5MB
test-ubuntu (3.14)	Set up Docker Compose	2026-05-19T19:32:03.8522443Z  ca64c64b8c6b Extracting [=======================>                           ]  61.28MB/133.1MB
test-ubuntu (3.14)	Set up Docker Compose	2026-05-19T19:32:03.8615334Z  3333ece3d6fb Extracting [==============================================>    ]   6.98MB/7.428MB
test-ubuntu (3.14)	Set up Docker Compose	2026-05-19T19:32:03.8724189Z  b0f4f1626421 Extracting [=======>                                           ]   15.6MB/111.1MB
test-ubuntu (3.14)	Set up Docker Compose	2026-05-19T19:32:03.8725230Z  631be4105227 Extracting [=======================================>           ]   9.83MB/12.33MB
test-ubuntu (3.14)	Set up Docker Compose	2026-05-19T19:32:03.8726687Z  631be4105227 Extracting [=======================================>           ]   9.83MB/12.33MB
test-ubuntu (3.14)	Set up Docker Compose	2026-05-19T19:32:03.8787906Z  0c4ef7d4f655 Extracting [>                                                  ]  262.1kB/23.07MB
test-ubuntu (3.14)	Set up Docker Compose	2026-05-19T19:32:03.9574909Z  9b972c53c46c Extracting [===================================>               ]  128.7MB/183.5MB
test-ubuntu (3.14)	Set up Docker Compose	2026-05-19T19:32:03.9609170Z  03b1c1358482 Downloading [=================================================> ]  143.5MB/144.8MB
test-ubuntu (3.14)	Set up Docker Compose	2026-05-19T19:32:03.9726509Z  ca64c64b8c6b Extracting [=======================>                           ]  62.95MB/133.1MB
test-ubuntu (3.14)	Set up Docker Compose	2026-05-19T19:32:03.9770121Z  0124d324831b Downloading [>                                                  ]  539.3kB/249.5MB
test-ubuntu (3.14)	Set up Docker Compose	2026-05-19T19:32:03.9845670Z  0c4ef7d4f655 Extracting [======>                                            ]  2.884MB/23.07MB
test-ubuntu (3.14)	Set up Docker Compose	2026-05-19T19:32:03.9980460Z  631be4105227 Extracting [===========================================>       ]  10.75MB/12.33MB
test-ubuntu (3.14)	Set up Docker Compose	2026-05-19T19:32:03.9998482Z  631be4105227 Extracting [===========================================>       ]  10.75MB/12.33MB
test-ubuntu (3.14)	Set up Docker Compose	2026-05-19T19:32:04.0130309Z  b0f4f1626421 Extracting [========>                                          ]  17.83MB/111.1MB
test-ubuntu (3.14)	Set up Docker Compose	2026-05-19T19:32:04.0134952Z  03b1c1358482 Verifying Checksum 
test-ubuntu (3.14)	Set up Docker Compose	2026-05-19T19:32:04.0139628Z  03b1c1358482 Download complete 
test-ubuntu (3.14)	Set up Docker Compose	2026-05-19T19:32:04.0296492Z  6163e4fdd626 Downloading [==>                                                ]  7.029MB/154.6MB
test-ubuntu (3.14)	Set up Docker Compose	2026-05-19T19:32:04.0509977Z  3333ece3d6fb Extracting [==================================================>]  7.428MB/7.428MB
test-ubuntu (3.14)	Set up Docker Compose	2026-05-19T19:32:04.0747491Z  9b972c53c46c Extracting [===================================>               ]  131.5MB/183.5MB
test-ubuntu (3.14)	Set up Docker Compose	2026-05-19T19:32:04.0828732Z  0124d324831b Downloading [>                                                  ]  3.223MB/249.5MB
test-ubuntu (3.14)	Set up Docker Compose	2026-05-19T19:32:04.1004163Z  0c4ef7d4f655 Extracting [=========>                                         ]  4.194MB/23.07MB
test-ubuntu (3.14)	Set up Docker Compose	2026-05-19T19:32:04.1087832Z  03b1c1358482 Extracting [>                                                  ]  557.1kB/144.8MB
test-ubuntu (3.14)	Set up Docker Compose	2026-05-19T19:32:04.1235875Z  ca64c64b8c6b Extracting [========================>                          ]  64.62MB/133.1MB
test-ubuntu (3.14)	Set up Docker Compose	2026-05-19T19:32:04.1327821Z  b0f4f1626421 Extracting [========>                                          ]   19.5MB/111.1MB
test-ubuntu (3.14)	Set up Docker Compose	2026-05-19T19:32:04.1519675Z  3333ece3d6fb Pull complete 
test-ubuntu (3.14)	Set up Docker Compose	2026-05-19T19:32:04.1617497Z  631be4105227 Extracting [=============================================>     ]  11.14MB/12.33MB
test-ubuntu (3.14)	Set up Docker Compose	2026-05-19T19:32:04.1622231Z  631be4105227 Extracting [=============================================>     ]  11.14MB/12.33MB
test-ubuntu (3.14)	Set up Docker Compose	2026-05-19T19:32:04.1852149Z  0124d324831b Downloading [=>                                                 ]  6.464MB/249.5MB
test-ubuntu (3.14)	Set up Docker Compose	2026-05-19T19:32:04.1877677Z  6060df901d94 Extracting [>                                                  ]  557.1kB/58.74MB
test-ubuntu (3.14)	Set up Docker Compose	2026-05-19T19:32:04.1890118Z  9b972c53c46c Extracting [====================================>              ]  134.8MB/183.5MB
test-ubuntu (3.14)	Set up Docker Compose	2026-05-19T19:32:04.2008836Z  0c4ef7d4f655 Extracting [============>                                      ]  5.767MB/23.07MB
test-ubuntu (3.14)	Set up Docker Compose	2026-05-19T19:32:04.2216450Z  03b1c1358482 Extracting [=>                                                 ]  3.342MB/144.8MB
test-ubuntu (3.14)	Set up Docker Compose	2026-05-19T19:32:04.2393605Z  ca64c64b8c6b Extracting [========================>                          ]  65.73MB/133.1MB
test-ubuntu (3.14)	Set up Docker Compose	2026-05-19T19:32:04.2832208Z  b0f4f1626421 Extracting [=========>                                         ]  20.61MB/111.1MB
test-ubuntu (3.14)	Set up Docker Compose	2026-05-19T19:32:04.2920994Z  631be4105227 Extracting [==============================================>    ]   11.4MB/12.33MB
test-ubuntu (3.14)	Set up Docker Compose	2026-05-19T19:32:04.2929003Z  631be4105227 Extracting [==============================================>    ]   11.4MB/12.33MB
test-ubuntu (3.14)	Set up Docker Compose	2026-05-19T19:32:04.2930924Z  0124d324831b Downloading [===>                                               ]  17.23MB/249.5MB
test-ubuntu (3.14)	Set up Docker Compose	2026-05-19T19:32:04.3062223Z  0c4ef7d4f655 Extracting [===============>                                   ]  7.078MB/23.07MB
test-ubuntu (3.14)	Set up Docker Compose	2026-05-19T19:32:04.3137488Z  9b972c53c46c Extracting [=====================================>             ]  138.1MB/183.5MB
test-ubuntu (3.14)	Set up Docker Compose	2026-05-19T19:32:04.3225547Z  6060df901d94 Extracting [==>                                                ]  2.785MB/58.74MB
test-ubuntu (3.14)	Set up Docker Compose	2026-05-19T19:32:04.3452832Z  03b1c1358482 Extracting [==>                                                ]  6.128MB/144.8MB
test-ubuntu (3.14)	Set up Docker Compose	2026-05-19T19:32:04.3559297Z  ca64c64b8c6b Extracting [=========================>                         ]  66.85MB/133.1MB
test-ubuntu (3.14)	Set up Docker Compose	2026-05-19T19:32:04.3705622Z  6163e4fdd626 Downloading [==>                                                ]  7.569MB/154.6MB
test-ubuntu (3.14)	Set up Docker Compose	2026-05-19T19:32:04.3818582Z  eded19f67da4 Downloading [>                                                  ]  2.756kB/167.6kB
test-ubuntu (3.14)	Set up Docker Compose	2026-05-19T19:32:04.3984497Z  0124d324831b Downloading [====>                                              ]  22.55MB/249.5MB
test-ubuntu (3.14)	Set up Docker Compose	2026-05-19T19:32:04.4045310Z  eded19f67da4 Downloading [==================================================>]  167.6kB/167.6kB
test-ubuntu (3.14)	Set up Docker Compose	2026-05-19T19:32:04.4070697Z  eded19f67da4 Verifying Checksum 
test-ubuntu (3.14)	Set up Docker Compose	2026-05-19T19:32:04.4074975Z  eded19f67da4 Download complete 
test-ubuntu (3.14)	Set up Docker Compose	2026-05-19T19:32:04.4135098Z  631be4105227 Extracting [===============================================>   ]   11.8MB/12.33MB
test-ubuntu (3.14)	Set up Docker Compose	2026-05-19T19:32:04.4171899Z  0c4ef7d4f655 Extracting [=================>                                 ]  8.126MB/23.07MB
test-ubuntu (3.14)	Set up Docker Compose	2026-05-19T19:32:04.4173103Z  631be4105227 Extracting [===============================================>   ]   11.8MB/12.33MB
test-ubuntu (3.14)	Set up Docker Compose	2026-05-19T19:32:04.4241317Z  b0f4f1626421 Extracting [==========>                                        ]  22.28MB/111.1MB
test-ubuntu (3.14)	Set up Docker Compose	2026-05-19T19:32:04.4424650Z  6060df901d94 Extracting [===>                                               ]  4.456MB/58.74MB
test-ubuntu (3.14)	Set up Docker Compose	2026-05-19T19:32:04.4437125Z  9b972c53c46c Extracting [======================================>            ]  141.5MB/183.5MB
test-ubuntu (3.14)	Set up Docker Compose	2026-05-19T19:32:04.4559018Z  03b1c1358482 Extracting [===>                                               ]  8.913MB/144.8MB
test-ubuntu (3.14)	Set up Docker Compose	2026-05-19T19:32:04.5008670Z  0124d324831b Downloading [=====>                                             ]  27.36MB/249.5MB
test-ubuntu (3.14)	Set up Docker Compose	2026-05-19T19:32:04.5009699Z  ca64c64b8c6b Extracting [=========================>                         ]  68.52MB/133.1MB
test-ubuntu (3.14)	Set up Docker Compose	2026-05-19T19:32:04.5191919Z  0c4ef7d4f655 Extracting [===================>                               ]  9.175MB/23.07MB
test-ubuntu (3.14)	Set up Docker Compose	2026-05-19T19:32:04.5226681Z  631be4105227 Extracting [=================================================> ]  12.19MB/12.33MB
test-ubuntu (3.14)	Set up Docker Compose	2026-05-19T19:32:04.5229542Z  631be4105227 Extracting [=================================================> ]  12.19MB/12.33MB
test-ubuntu (3.14)	Set up Docker Compose	2026-05-19T19:32:04.5397642Z  b0f4f1626421 Extracting [==========>                                        ]   23.4MB/111.1MB
test-ubuntu (3.14)	Set up Docker Compose	2026-05-19T19:32:04.5409437Z  631be4105227 Extracting [==================================================>]  12.33MB/12.33MB
test-ubuntu (3.14)	Set up Docker Compose	2026-05-19T19:32:04.5418135Z  631be4105227 Extracting [==================================================>]  12.33MB/12.33MB
test-ubuntu (3.14)	Set up Docker Compose	2026-05-19T19:32:04.5531953Z  9b972c53c46c Extracting [=======================================>           ]  145.9MB/183.5MB
test-ubuntu (3.14)	Set up Docker Compose	2026-05-19T19:32:04.5720938Z  03b1c1358482 Extracting [====>                                              ]  12.26MB/144.8MB
test-ubuntu (3.14)	Set up Docker Compose	2026-05-19T19:32:04.5844393Z  6060df901d94 Extracting [=====>                                             ]  6.128MB/58.74MB
test-ubuntu (3.14)	Set up Docker Compose	2026-05-19T19:32:04.6033659Z  0124d324831b Downloading [======>                                            ]  32.18MB/249.5MB
test-ubuntu (3.14)	Set up Docker Compose	2026-05-19T19:32:04.6345976Z  0c4ef7d4f655 Extracting [========================>                          ]  11.27MB/23.07MB
test-ubuntu (3.14)	Set up Docker Compose	2026-05-19T19:32:04.6409232Z  b0f4f1626421 Extracting [===========>                                       ]  24.51MB/111.1MB
test-ubuntu (3.14)	Set up Docker Compose	2026-05-19T19:32:04.6410467Z  ca64c64b8c6b Extracting [==========================>                        ]  70.19MB/133.1MB
test-ubuntu (3.14)	Set up Docker Compose	2026-05-19T19:32:04.6618810Z  9b972c53c46c Extracting [========================================>          ]  148.7MB/183.5MB
test-ubuntu (3.14)	Set up Docker Compose	2026-05-19T19:32:04.6952777Z  6163e4fdd626 Downloading [==>                                                ]   8.11MB/154.6MB
test-ubuntu (3.14)	Set up Docker Compose	2026-05-19T19:32:04.7072405Z  0124d324831b Downloading [=======>                                           ]  36.47MB/249.5MB
test-ubuntu (3.14)	Set up Docker Compose	2026-05-19T19:32:04.7078711Z  03b1c1358482 Extracting [=====>                                             ]  15.04MB/144.8MB
test-ubuntu (3.14)	Set up Docker Compose	2026-05-19T19:32:04.7119944Z  6060df901d94 Extracting [======>                                            ]  7.242MB/58.74MB
test-ubuntu (3.14)	Set up Docker Compose	2026-05-19T19:32:04.7134535Z  631be4105227 Pull complete 
test-ubuntu (3.14)	Set up Docker Compose	2026-05-19T19:32:04.7138721Z  631be4105227 Pull complete 
test-ubuntu (3.14)	Set up Docker Compose	2026-05-19T19:32:04.7173037Z  3b8271951027 Extracting [==================================================>]     251B/251B
test-ubuntu (3.14)	Set up Docker Compose	2026-05-19T19:32:04.7175708Z  3b8271951027 Extracting [==================================================>]     251B/251B
test-ubuntu (3.14)	Set up Docker Compose	2026-05-19T19:32:04.7178974Z  3b8271951027 Extracting [==================================================>]     251B/251B
test-ubuntu (3.14)	Set up Docker Compose	2026-05-19T19:32:04.7435501Z  0c4ef7d4f655 Extracting [==========================>                        ]  12.32MB/23.07MB
test-ubuntu (3.14)	Set up Docker Compose	2026-05-19T19:32:04.7529774Z  ca64c64b8c6b Extracting [==========================>                        ]   71.3MB/133.1MB
test-ubuntu (3.14)	Set up Docker Compose	2026-05-19T19:32:04.7590735Z  b0f4f1626421 Extracting [===========>                                       ]  26.18MB/111.1MB
test-ubuntu (3.14)	Set up Docker Compose	2026-05-19T19:32:04.7621836Z  3b8271951027 Pull complete 
test-ubuntu (3.14)	Set up Docker Compose	2026-05-19T19:32:04.7630297Z  3b8271951027 Pull complete 
test-ubuntu (3.14)	Set up Docker Compose	2026-05-19T19:32:04.7690893Z  06936fd22673 Extracting [==================================================>]  3.436kB/3.436kB
test-ubuntu (3.14)	Set up Docker Compose	2026-05-19T19:32:04.7706240Z  06936fd22673 Extracting [==================================================>]  3.436kB/3.436kB
test-ubuntu (3.14)	Set up Docker Compose	2026-05-19T19:32:04.7715219Z  9b972c53c46c Extracting [=========================================>         ]  151.5MB/183.5MB
test-ubuntu (3.14)	Set up Docker Compose	2026-05-19T19:32:04.8056249Z  0124d324831b Downloading [========>                                          ]  41.83MB/249.5MB
test-ubuntu (3.14)	Set up Docker Compose	2026-05-19T19:32:04.8179873Z  03b1c1358482 Extracting [======>                                            ]  18.94MB/144.8MB
test-ubuntu (3.14)	Set up Docker Compose	2026-05-19T19:32:04.8313917Z  6060df901d94 Extracting [=======>                                           ]  8.913MB/58.74MB
test-ubuntu (3.14)	Set up Docker Compose	2026-05-19T19:32:04.8373903Z  06803ccce673 Downloading [>                                                  ]  245.8kB/24.33MB
test-ubuntu (3.14)	Set up Docker Compose	2026-05-19T19:32:04.8430286Z  0c4ef7d4f655 Extracting [==================================>                ]  15.73MB/23.07MB
test-ubuntu (3.14)	Set up Docker Compose	2026-05-19T19:32:04.8611121Z  ca64c64b8c6b Extracting [===========================>                       ]  72.97MB/133.1MB
test-ubuntu (3.14)	Set up Docker Compose	2026-05-19T19:32:04.8640600Z  06936fd22673 Pull complete 
test-ubuntu (3.14)	Set up Docker Compose	2026-05-19T19:32:04.8727503Z  b0f4f1626421 Extracting [============>                                      ]  28.41MB/111.1MB
test-ubuntu (3.14)	Set up Docker Compose	2026-05-19T19:32:04.8766621Z  9b972c53c46c Extracting [==========================================>        ]  154.9MB/183.5MB
test-ubuntu (3.14)	Set up Docker Compose	2026-05-19T19:32:04.8767528Z  4f4fb700ef54 Extracting [==================================================>]      32B/32B
test-ubuntu (3.14)	Set up Docker Compose	2026-05-19T19:32:04.8768386Z  4f4fb700ef54 Extracting [==================================================>]      32B/32B
test-ubuntu (3.14)	Set up Docker Compose	2026-05-19T19:32:04.8997257Z  4f4fb700ef54 Pull complete 
test-ubuntu (3.14)	Set up Docker Compose	2026-05-19T19:32:04.9026970Z  6163e4fdd626 Downloading [==>                                                ]  8.651MB/154.6MB
test-ubuntu (3.14)	Set up Docker Compose	2026-05-19T19:32:04.9066917Z  0124d324831b Downloading [=========>                                         ]  46.66MB/249.5MB
test-ubuntu (3.14)	Set up Docker Compose	2026-05-19T19:32:04.9180876Z  03b1c1358482 Extracting [=======>                                           ]  21.73MB/144.8MB
test-ubuntu (3.14)	Set up Docker Compose	2026-05-19T19:32:04.9437201Z  0c4ef7d4f655 Extracting [===========================================>       ]  20.19MB/23.07MB
test-ubuntu (3.14)	Set up Docker Compose	2026-05-19T19:32:04.9567155Z  6060df901d94 Extracting [=========>                                         ]  10.58MB/58.74MB
test-ubuntu (3.14)	Set up Docker Compose	2026-05-19T19:32:04.9642369Z  ca64c64b8c6b Extracting [===========================>                       ]  74.09MB/133.1MB
test-ubuntu (3.14)	Set up Docker Compose	2026-05-19T19:32:04.9692606Z  06803ccce673 Downloading [==>                                                ]  1.241MB/24.33MB
test-ubuntu (3.14)	Set up Docker Compose	2026-05-19T19:32:04.9763084Z  9b972c53c46c Extracting [===========================================>       ]  159.9MB/183.5MB
test-ubuntu (3.14)	Set up Docker Compose	2026-05-19T19:32:05.0021754Z  b0f4f1626421 Extracting [=============>                                     ]  30.64MB/111.1MB
test-ubuntu (3.14)	Set up Docker Compose	2026-05-19T19:32:05.0087140Z  0124d324831b Downloading [==========>                                        ]  51.48MB/249.5MB
test-ubuntu (3.14)	Set up Docker Compose	2026-05-19T19:32:05.0187002Z  03b1c1358482 Extracting [========>                                          ]  25.62MB/144.8MB
test-ubuntu (3.14)	Set up Docker Compose	2026-05-19T19:32:05.0555943Z  0c4ef7d4f655 Extracting [=================================================> ]  22.81MB/23.07MB
test-ubuntu (3.14)	Set up Docker Compose	2026-05-19T19:32:05.0613097Z  6060df901d94 Extracting [==========>                                        ]  12.26MB/58.74MB
test-ubuntu (3.14)	Set up Docker Compose	2026-05-19T19:32:05.0649867Z  ca64c64b8c6b Extracting [============================>                      ]   75.2MB/133.1MB
test-ubuntu (3.14)	Set up Docker Compose	2026-05-19T19:32:05.0828094Z  9b972c53c46c Extracting [=============================================>     ]    166MB/183.5MB
test-ubuntu (3.14)	Set up Docker Compose	2026-05-19T19:32:05.0935947Z  6163e4fdd626 Downloading [==>                                                ]  9.191MB/154.6MB
test-ubuntu (3.14)	Set up Docker Compose	2026-05-19T19:32:05.0961127Z  06803ccce673 Downloading [====>                                              ]  2.237MB/24.33MB
test-ubuntu (3.14)	Set up Docker Compose	2026-05-19T19:32:05.1066870Z  0c4ef7d4f655 Extracting [==================================================>]  23.07MB/23.07MB
test-ubuntu (3.14)	Set up Docker Compose	2026-05-19T19:32:05.1082780Z  0c4ef7d4f655 Extracting [==================================================>]  23.07MB/23.07MB
test-ubuntu (3.14)	Set up Docker Compose	2026-05-19T19:32:05.1113622Z  0124d324831b Downloading [===========>                                       ]   56.3MB/249.5MB
test-ubuntu (3.14)	Set up Docker Compose	2026-05-19T19:32:05.1200967Z  03b1c1358482 Extracting [==========>                                        ]  30.64MB/144.8MB
test-ubuntu (3.14)	Set up Docker Compose	2026-05-19T19:32:05.1235827Z  b0f4f1626421 Extracting [==============>                                    ]  32.87MB/111.1MB
test-ubuntu (3.14)	Set up Docker Compose	2026-05-19T19:32:05.1709046Z  ca64c64b8c6b Extracting [============================>                      ]  76.32MB/133.1MB
test-ubuntu (3.14)	Set up Docker Compose	2026-05-19T19:32:05.1711078Z  0c4ef7d4f655 Pull complete 
test-ubuntu (3.14)	Set up Docker Compose	2026-05-19T19:32:05.1714661Z  6060df901d94 Extracting [===========>                                       ]  13.93MB/58.74MB
test-ubuntu (3.14)	Set up Docker Compose	2026-05-19T19:32:05.1770539Z  ff4608a2de69 Extracting [===========================================>       ]  32.77kB/38.1kB
test-ubuntu (3.14)	Set up Docker Compose	2026-05-19T19:32:05.1798260Z  ff4608a2de69 Extracting [==================================================>]   38.1kB/38.1kB
test-ubuntu (3.14)	Set up Docker Compose	2026-05-19T19:32:05.1910296Z  9b972c53c46c Extracting [==============================================>    ]  171.6MB/183.5MB
test-ubuntu (3.14)	Set up Docker Compose	2026-05-19T19:32:05.2020577Z  06803ccce673 Downloading [======>                                            ]  3.226MB/24.33MB
test-ubuntu (3.14)	Set up Docker Compose	2026-05-19T19:32:05.2123462Z  0124d324831b Downloading [============>                                      ]  61.13MB/249.5MB
test-ubuntu (3.14)	Set up Docker Compose	2026-05-19T19:32:05.2214795Z  03b1c1358482 Extracting [===========>                                       ]  34.54MB/144.8MB
test-ubuntu (3.14)	Set up Docker Compose	2026-05-19T19:32:05.2387395Z  b0f4f1626421 Extracting [===============>                                   ]  35.09MB/111.1MB
test-ubuntu (3.14)	Set up Docker Compose	2026-05-19T19:32:05.2744559Z  6060df901d94 Extracting [=============>                                     ]   15.6MB/58.74MB
test-ubuntu (3.14)	Set up Docker Compose	2026-05-19T19:32:05.2782706Z  6163e4fdd626 Downloading [===>                                               ]  9.732MB/154.6MB
test-ubuntu (3.14)	Set up Docker Compose	2026-05-19T19:32:05.2979954Z  9b972c53c46c Extracting [================================================>  ]  176.6MB/183.5MB
test-ubuntu (3.14)	Set up Docker Compose	2026-05-19T19:32:05.3007543Z  ca64c64b8c6b Extracting [=============================>                     ]  77.99MB/133.1MB
test-ubuntu (3.14)	Set up Docker Compose	2026-05-19T19:32:05.3124994Z  0124d324831b Downloading [=============>                                     ]  65.95MB/249.5MB
test-ubuntu (3.14)	Set up Docker Compose	2026-05-19T19:32:05.3183099Z  06803ccce673 Downloading [========>                                          ]  4.232MB/24.33MB
test-ubuntu (3.14)	Set up Docker Compose	2026-05-19T19:32:05.3221704Z  03b1c1358482 Extracting [=============>                                     ]  39.55MB/144.8MB
test-ubuntu (3.14)	Set up Docker Compose	2026-05-19T19:32:05.3493997Z  b0f4f1626421 Extracting [================>                                  ]  36.77MB/111.1MB
test-ubuntu (3.14)	Set up Docker Compose	2026-05-19T19:32:05.3843610Z  6060df901d94 Extracting [==============>                                    ]  17.27MB/58.74MB
test-ubuntu (3.14)	Set up Docker Compose	2026-05-19T19:32:05.4146226Z  ca64c64b8c6b Extracting [=============================>                     ]   79.1MB/133.1MB
test-ubuntu (3.14)	Set up Docker Compose	2026-05-19T19:32:05.4158099Z  0124d324831b Downloading [==============>                                    ]  70.76MB/249.5MB
test-ubuntu (3.14)	Set up Docker Compose	2026-05-19T19:32:05.4185323Z  6163e4fdd626 Downloading [===>                                               ]  10.27MB/154.6MB
test-ubuntu (3.14)	Set up Docker Compose	2026-05-19T19:32:05.4250532Z  9b972c53c46c Extracting [================================================>  ]  178.8MB/183.5MB
test-ubuntu (3.14)	Set up Docker Compose	2026-05-19T19:32:05.4360412Z  03b1c1358482 Extracting [===============>                                   ]  44.01MB/144.8MB
test-ubuntu (3.14)	Set up Docker Compose	2026-05-19T19:32:05.4385452Z  06803ccce673 Downloading [==========>                                        ]  5.226MB/24.33MB
test-ubuntu (3.14)	Set up Docker Compose	2026-05-19T19:32:05.4492981Z  b0f4f1626421 Extracting [=================>                                 ]  38.44MB/111.1MB
test-ubuntu (3.14)	Set up Docker Compose	2026-05-19T19:32:05.5124452Z  6060df901d94 Extracting [================>                                  ]   19.5MB/58.74MB
test-ubuntu (3.14)	Set up Docker Compose	2026-05-19T19:32:05.5184865Z  0124d324831b Downloading [===============>                                   ]  75.59MB/249.5MB
test-ubuntu (3.14)	Set up Docker Compose	2026-05-19T19:32:05.5202641Z  6163e4fdd626 Downloading [====>                                              ]  14.02MB/154.6MB
test-ubuntu (3.14)	Set up Docker Compose	2026-05-19T19:32:05.5292236Z  ca64c64b8c6b Extracting [==============================>                    ]  80.22MB/133.1MB
test-ubuntu (3.14)	Set up Docker Compose	2026-05-19T19:32:05.5392772Z  03b1c1358482 Extracting [================>                                  ]  47.35MB/144.8MB
test-ubuntu (3.14)	Set up Docker Compose	2026-05-19T19:32:05.5518626Z  ff4608a2de69 Pull complete 
test-ubuntu (3.14)	Set up Docker Compose	2026-05-19T19:32:05.5556394Z  06803ccce673 Downloading [===========>                                       ]  5.483MB/24.33MB
test-ubuntu (3.14)	Set up Docker Compose	2026-05-19T19:32:05.5663852Z  b0f4f1626421 Extracting [==================>                                ]  40.11MB/111.1MB
test-ubuntu (3.14)	Set up Docker Compose	2026-05-19T19:32:05.5927823Z  9b972c53c46c Extracting [=================================================> ]  180.5MB/183.5MB
test-ubuntu (3.14)	Set up Docker Compose	2026-05-19T19:32:05.6206907Z  0124d324831b Downloading [================>                                  ]  80.41MB/249.5MB
test-ubuntu (3.14)	Set up Docker Compose	2026-05-19T19:32:05.6229164Z  6163e4fdd626 Downloading [======>                                            ]  20.48MB/154.6MB
test-ubuntu (3.14)	Set up Docker Compose	2026-05-19T19:32:05.6268378Z  6060df901d94 Extracting [=================>                                 ]  20.61MB/58.74MB
test-ubuntu (3.14)	Set up Docker Compose	2026-05-19T19:32:05.6352529Z  dad859c13bf0 Extracting [==================================================>]  3.198kB/3.198kB
test-ubuntu (3.14)	Set up Docker Compose	2026-05-19T19:32:05.6360439Z  dad859c13bf0 Extracting [==================================================>]  3.198kB/3.198kB
test-ubuntu (3.14)	Set up Docker Compose	2026-05-19T19:32:05.6451891Z  03b1c1358482 Extracting [=================>                                 ]  50.69MB/144.8MB
test-ubuntu (3.14)	Set up Docker Compose	2026-05-19T19:32:05.6454143Z  ca64c64b8c6b Extracting [==============================>                    ]  81.33MB/133.1MB
test-ubuntu (3.14)	Set up Docker Compose	2026-05-19T19:32:05.6658155Z  dad859c13bf0 Pull complete 
test-ubuntu (3.14)	Set up Docker Compose	2026-05-19T19:32:05.6709926Z  b0f4f1626421 Extracting [==================>                                ]  41.78MB/111.1MB
test-ubuntu (3.14)	Set up Docker Compose	2026-05-19T19:32:05.6891447Z  temporal Pulled 
test-ubuntu (3.14)	Set up Docker Compose	2026-05-19T19:32:05.7301580Z  9b972c53c46c Extracting [=================================================> ]    181MB/183.5MB
test-ubuntu (3.14)	Set up Docker Compose	2026-05-19T19:32:05.7315835Z  0124d324831b Downloading [=================>                                 ]  85.77MB/249.5MB
test-ubuntu (3.14)	Set up Docker Compose	2026-05-19T19:32:05.7363357Z  6060df901d94 Extracting [==================>                                ]  22.28MB/58.74MB
test-ubuntu (3.14)	Set up Docker Compose	2026-05-19T19:32:05.7562021Z  03b1c1358482 Extracting [===================>                               ]  56.26MB/144.8MB
test-ubuntu (3.14)	Set up Docker Compose	2026-05-19T19:32:05.7633056Z  06803ccce673 Downloading [===========>                                       ]  5.729MB/24.33MB
test-ubuntu (3.14)	Set up Docker Compose	2026-05-19T19:32:05.7742289Z  ca64c64b8c6b Extracting [==============================>                    ]  82.44MB/133.1MB
test-ubuntu (3.14)	Set up Docker Compose	2026-05-19T19:32:05.7964915Z  b0f4f1626421 Extracting [===================>                               ]  44.01MB/111.1MB
test-ubuntu (3.14)	Set up Docker Compose	2026-05-19T19:32:05.8334582Z  0124d324831b Downloading [==================>                                ]  90.59MB/249.5MB
test-ubuntu (3.14)	Set up Docker Compose	2026-05-19T19:32:05.8399562Z  9b972c53c46c Extracting [=================================================> ]  181.6MB/183.5MB
test-ubuntu (3.14)	Set up Docker Compose	2026-05-19T19:32:05.8470131Z  6163e4fdd626 Downloading [========>                                          ]   25.3MB/154.6MB
test-ubuntu (3.14)	Set up Docker Compose	2026-05-19T19:32:05.8681356Z  03b1c1358482 Extracting [=====================>                             ]  61.83MB/144.8MB
test-ubuntu (3.14)	Set up Docker Compose	2026-05-19T19:32:05.8842774Z  6060df901d94 Extracting [====================>                              ]  23.95MB/58.74MB
test-ubuntu (3.14)	Set up Docker Compose	2026-05-19T19:32:05.8851163Z  06803ccce673 Downloading [=============>                                     ]  6.734MB/24.33MB
test-ubuntu (3.14)	Set up Docker Compose	2026-05-19T19:32:05.9059345Z  b0f4f1626421 Extracting [====================>                              ]  46.24MB/111.1MB
test-ubuntu (3.14)	Set up Docker Compose	2026-05-19T19:32:05.9346812Z  0124d324831b Downloading [===================>                               ]  95.42MB/249.5MB
test-ubuntu (3.14)	Set up Docker Compose	2026-05-19T19:32:05.9519225Z  ca64c64b8c6b Extracting [===============================>                   ]  84.12MB/133.1MB
test-ubuntu (3.14)	Set up Docker Compose	2026-05-19T19:32:05.9561458Z  6163e4fdd626 Downloading [==========>                                        ]  33.33MB/154.6MB
test-ubuntu (3.14)	Set up Docker Compose	2026-05-19T19:32:05.9699025Z  9b972c53c46c Extracting [=================================================> ]  182.2MB/183.5MB
test-ubuntu (3.14)	Set up Docker Compose	2026-05-19T19:32:05.9783401Z  03b1c1358482 Extracting [======================>                            ]  66.29MB/144.8MB
test-ubuntu (3.14)	Set up Docker Compose	2026-05-19T19:32:06.0086821Z  06803ccce673 Downloading [=================>                                 ]  8.734MB/24.33MB
test-ubuntu (3.14)	Set up Docker Compose	2026-05-19T19:32:06.0117959Z  6060df901d94 Extracting [======================>                            ]  26.18MB/58.74MB
test-ubuntu (3.14)	Set up Docker Compose	2026-05-19T19:32:06.0340285Z  b0f4f1626421 Extracting [=====================>                             ]  48.46MB/111.1MB
test-ubuntu (3.14)	Set up Docker Compose	2026-05-19T19:32:06.0362438Z  0124d324831b Downloading [====================>                              ]  100.2MB/249.5MB
test-ubuntu (3.14)	Set up Docker Compose	2026-05-19T19:32:06.0579570Z  6163e4fdd626 Downloading [==============>                                    ]  45.61MB/154.6MB
test-ubuntu (3.14)	Set up Docker Compose	2026-05-19T19:32:06.0868883Z  03b1c1358482 Extracting [========================>                          ]  70.19MB/144.8MB
test-ubuntu (3.14)	Set up Docker Compose	2026-05-19T19:32:06.1021496Z  ca64c64b8c6b Extracting [================================>                  ]  85.79MB/133.1MB
test-ubuntu (3.14)	Set up Docker Compose	2026-05-19T19:32:06.1325465Z  6060df901d94 Extracting [=========================>                         ]  29.52MB/58.74MB
test-ubuntu (3.14)	Set up Docker Compose	2026-05-19T19:32:06.1350948Z  06803ccce673 Downloading [====================>                              ]  9.989MB/24.33MB
test-ubuntu (3.14)	Set up Docker Compose	2026-05-19T19:32:06.1369463Z  b0f4f1626421 Extracting [======================>                            ]  50.14MB/111.1MB
test-ubuntu (3.14)	Set up Docker Compose	2026-05-19T19:32:06.1372616Z  0124d324831b Downloading [=====================>                             ]  105.1MB/249.5MB
test-ubuntu (3.14)	Set up Docker Compose	2026-05-19T19:32:06.1461909Z  9b972c53c46c Extracting [=================================================> ]  182.7MB/183.5MB
test-ubuntu (3.14)	Set up Docker Compose	2026-05-19T19:32:06.1648513Z  6163e4fdd626 Downloading [=================>                                 ]  55.26MB/154.6MB
test-ubuntu (3.14)	Set up Docker Compose	2026-05-19T19:32:06.1870884Z  03b1c1358482 Extracting [=========================>                         ]  74.09MB/144.8MB
test-ubuntu (3.14)	Set up Docker Compose	2026-05-19T19:32:06.2396982Z  ca64c64b8c6b Extracting [================================>                  ]   86.9MB/133.1MB
test-ubuntu (3.14)	Set up Docker Compose	2026-05-19T19:32:06.2399510Z  0124d324831b Downloading [======================>                            ]  109.9MB/249.5MB
test-ubuntu (3.14)	Set up Docker Compose	2026-05-19T19:32:06.2425997Z  b0f4f1626421 Extracting [=======================>                           ]  51.81MB/111.1MB
test-ubuntu (3.14)	Set up Docker Compose	2026-05-19T19:32:06.2494813Z  6060df901d94 Extracting [==========================>                        ]   31.2MB/58.74MB
test-ubuntu (3.14)	Set up Docker Compose	2026-05-19T19:32:06.2541765Z  06803ccce673 Downloading [======================>                            ]  10.74MB/24.33MB
test-ubuntu (3.14)	Set up Docker Compose	2026-05-19T19:32:06.2591003Z  9b972c53c46c Extracting [=================================================> ]  183.3MB/183.5MB
test-ubuntu (3.14)	Set up Docker Compose	2026-05-19T19:32:06.2686919Z  6163e4fdd626 Downloading [=====================>                             ]  65.93MB/154.6MB
test-ubuntu (3.14)	Set up Docker Compose	2026-05-19T19:32:06.3117346Z  9b972c53c46c Extracting [==================================================>]  183.5MB/183.5MB
test-ubuntu (3.14)	Set up Docker Compose	2026-05-19T19:32:06.3503836Z  0124d324831b Downloading [======================>                            ]  114.7MB/249.5MB
test-ubuntu (3.14)	Set up Docker Compose	2026-05-19T19:32:06.3633305Z  6060df901d94 Extracting [===========================>                       ]  32.87MB/58.74MB
test-ubuntu (3.14)	Set up Docker Compose	2026-05-19T19:32:06.3713911Z  ca64c64b8c6b Extracting [=================================>                 ]  88.57MB/133.1MB
test-ubuntu (3.14)	Set up Docker Compose	2026-05-19T19:32:06.3781508Z  6163e4fdd626 Downloading [=======================>                           ]  72.89MB/154.6MB
test-ubuntu (3.14)	Set up Docker Compose	2026-05-19T19:32:06.4040554Z  03b1c1358482 Extracting [=========================>                         ]   75.2MB/144.8MB
test-ubuntu (3.14)	Set up Docker Compose	2026-05-19T19:32:06.4098475Z  06803ccce673 Downloading [=======================>                           ]  11.24MB/24.33MB
test-ubuntu (3.14)	Set up Docker Compose	2026-05-19T19:32:06.4307070Z  b0f4f1626421 Extracting [========================>                          ]  53.48MB/111.1MB
test-ubuntu (3.14)	Set up Docker Compose	2026-05-19T19:32:06.4444232Z  0124d324831b Downloading [=======================>                           ]  119.5MB/249.5MB
test-ubuntu (3.14)	Set up Docker Compose	2026-05-19T19:32:06.4722699Z  6060df901d94 Extracting [=============================>                     ]  34.54MB/58.74MB
test-ubuntu (3.14)	Set up Docker Compose	2026-05-19T19:32:06.4952170Z  ca64c64b8c6b Extracting [=================================>                 ]  90.24MB/133.1MB
test-ubuntu (3.14)	Set up Docker Compose	2026-05-19T19:32:06.4998436Z  6163e4fdd626 Downloading [=========================>                         ]  79.83MB/154.6MB
test-ubuntu (3.14)	Set up Docker Compose	2026-05-19T19:32:06.5153858Z  03b1c1358482 Extracting [===========================>                       ]  79.66MB/144.8MB
test-ubuntu (3.14)	Set up Docker Compose	2026-05-19T19:32:06.5331107Z  b0f4f1626421 Extracting [========================>                          ]  54.59MB/111.1MB
test-ubuntu (3.14)	Set up Docker Compose	2026-05-19T19:32:06.5487471Z  0124d324831b Downloading [========================>                          ]  124.4MB/249.5MB
test-ubuntu (3.14)	Set up Docker Compose	2026-05-19T19:32:06.5874260Z  6060df901d94 Extracting [==============================>                    ]  35.65MB/58.74MB
test-ubuntu (3.14)	Set up Docker Compose	2026-05-19T19:32:06.6007662Z  6163e4fdd626 Downloading [===========================>                       ]  84.66MB/154.6MB
test-ubuntu (3.14)	Set up Docker Compose	2026-05-19T19:32:06.6183618Z  ca64c64b8c6b Extracting [==================================>                ]  92.47MB/133.1MB
test-ubuntu (3.14)	Set up Docker Compose	2026-05-19T19:32:06.6299283Z  03b1c1358482 Extracting [============================>                      ]  82.44MB/144.8MB
test-ubuntu (3.14)	Set up Docker Compose	2026-05-19T19:32:06.6401834Z  b0f4f1626421 Extracting [=========================>                         ]  56.26MB/111.1MB
test-ubuntu (3.14)	Set up Docker Compose	2026-05-19T19:32:06.6593150Z  0124d324831b Downloading [=========================>                         ]  129.7MB/249.5MB
test-ubuntu (3.14)	Set up Docker Compose	2026-05-19T19:32:06.6923721Z  6060df901d94 Extracting [===================================>               ]  41.78MB/58.74MB
test-ubuntu (3.14)	Set up Docker Compose	2026-05-19T19:32:06.7447682Z  6163e4fdd626 Downloading [==============================>                    ]  93.73MB/154.6MB
test-ubuntu (3.14)	Set up Docker Compose	2026-05-19T19:32:06.7608789Z  03b1c1358482 Extracting [=============================>                     ]  84.12MB/144.8MB
test-ubuntu (3.14)	Set up Docker Compose	2026-05-19T19:32:06.7621949Z  0124d324831b Downloading [==========================>                        ]  134.5MB/249.5MB
test-ubuntu (3.14)	Set up Docker Compose	2026-05-19T19:32:06.7763227Z  ca64c64b8c6b Extracting [===================================>               ]  94.14MB/133.1MB
test-ubuntu (3.14)	Set up Docker Compose	2026-05-19T19:32:06.7784243Z  b0f4f1626421 Extracting [==========================>                        ]  58.49MB/111.1MB
test-ubuntu (3.14)	Set up Docker Compose	2026-05-19T19:32:06.7890618Z  06803ccce673 Downloading [=========================>                         ]  12.49MB/24.33MB
test-ubuntu (3.14)	Set up Docker Compose	2026-05-19T19:32:06.8000632Z  6060df901d94 Extracting [=====================================>             ]  44.56MB/58.74MB
test-ubuntu (3.14)	Set up Docker Compose	2026-05-19T19:32:06.8482574Z  6163e4fdd626 Downloading [==================================>                ]  108.1MB/154.6MB
test-ubuntu (3.14)	Set up Docker Compose	2026-05-19T19:32:06.8654443Z  0124d324831b Downloading [===========================>                       ]  139.4MB/249.5MB
test-ubuntu (3.14)	Set up Docker Compose	2026-05-19T19:32:06.8716924Z  03b1c1358482 Extracting [=============================>                     ]  86.34MB/144.8MB
test-ubuntu (3.14)	Set up Docker Compose	2026-05-19T19:32:06.8967038Z  b0f4f1626421 Extracting [===========================>                       ]  60.16MB/111.1MB
test-ubuntu (3.14)	Set up Docker Compose	2026-05-19T19:32:06.9008325Z  ca64c64b8c6b Extracting [===================================>               ]  95.81MB/133.1MB
test-ubuntu (3.14)	Set up Docker Compose	2026-05-19T19:32:06.9014951Z  6060df901d94 Extracting [==========================================>        ]  50.14MB/58.74MB
test-ubuntu (3.14)	Set up Docker Compose	2026-05-19T19:32:06.9021781Z  06803ccce673 Downloading [==============================>                    ]  14.74MB/24.33MB
test-ubuntu (3.14)	Set up Docker Compose	2026-05-19T19:32:06.9552502Z  6163e4fdd626 Downloading [======================================>            ]  119.3MB/154.6MB
test-ubuntu (3.14)	Set up Docker Compose	2026-05-19T19:32:06.9763177Z  0124d324831b Downloading [=============================>                     ]  144.7MB/249.5MB
test-ubuntu (3.14)	Set up Docker Compose	2026-05-19T19:32:06.9936753Z  03b1c1358482 Extracting [==============================>                    ]  89.13MB/144.8MB
test-ubuntu (3.14)	Set up Docker Compose	2026-05-19T19:32:07.0091557Z  6060df901d94 Extracting [===============================================>   ]  56.26MB/58.74MB
test-ubuntu (3.14)	Set up Docker Compose	2026-05-19T19:32:07.0155228Z  ca64c64b8c6b Extracting [====================================>              ]  97.48MB/133.1MB
test-ubuntu (3.14)	Set up Docker Compose	2026-05-19T19:32:07.0183880Z  b0f4f1626421 Extracting [============================>                      ]  62.39MB/111.1MB
test-ubuntu (3.14)	Set up Docker Compose	2026-05-19T19:32:07.0194284Z  06803ccce673 Downloading [===============================>                   ]  15.47MB/24.33MB
test-ubuntu (3.14)	Set up Docker Compose	2026-05-19T19:32:07.0450678Z  9b972c53c46c Pull complete 
test-ubuntu (3.14)	Set up Docker Compose	2026-05-19T19:32:07.0480590Z  13d2de324eed Extracting [==================================================>]     156B/156B
test-ubuntu (3.14)	Set up Docker Compose	2026-05-19T19:32:07.0482088Z  13d2de324eed Extracting [==================================================>]     156B/156B
test-ubuntu (3.14)	Set up Docker Compose	2026-05-19T19:32:07.0662394Z  6163e4fdd626 Downloading [==========================================>        ]  130.5MB/154.6MB
test-ubuntu (3.14)	Set up Docker Compose	2026-05-19T19:32:07.0784396Z  0124d324831b Downloading [=============================>                     ]  149.5MB/249.5MB
test-ubuntu (3.14)	Set up Docker Compose	2026-05-19T19:32:07.0928434Z  6060df901d94 Extracting [==================================================>]  58.74MB/58.74MB
test-ubuntu (3.14)	Set up Docker Compose	2026-05-19T19:32:07.1072495Z  03b1c1358482 Extracting [===============================>                   ]   90.8MB/144.8MB
test-ubuntu (3.14)	Set up Docker Compose	2026-05-19T19:32:07.1485980Z  06803ccce673 Downloading [================================>                  ]  15.96MB/24.33MB
test-ubuntu (3.14)	Set up Docker Compose	2026-05-19T19:32:07.1663316Z  6163e4fdd626 Downloading [===========================================>       ]  135.3MB/154.6MB
test-ubuntu (3.14)	Set up Docker Compose	2026-05-19T19:32:07.1705106Z  b0f4f1626421 Extracting [=============================>                     ]  64.62MB/111.1MB
test-ubuntu (3.14)	Set up Docker Compose	2026-05-19T19:32:07.1820681Z  0124d324831b Downloading [==============================>                    ]  153.3MB/249.5MB
test-ubuntu (3.14)	Set up Docker Compose	2026-05-19T19:32:07.1825509Z  ca64c64b8c6b Extracting [=====================================>             ]   98.6MB/133.1MB
test-ubuntu (3.14)	Set up Docker Compose	2026-05-19T19:32:07.2115766Z  03b1c1358482 Extracting [================================>                  ]  94.14MB/144.8MB
test-ubuntu (3.14)	Set up Docker Compose	2026-05-19T19:32:07.2641040Z  6163e4fdd626 Downloading [===============================================>   ]  147.1MB/154.6MB
test-ubuntu (3.14)	Set up Docker Compose	2026-05-19T19:32:07.2660164Z  06803ccce673 Downloading [==================================>                ]  16.97MB/24.33MB
test-ubuntu (3.14)	Set up Docker Compose	2026-05-19T19:32:07.2763931Z  b0f4f1626421 Extracting [==============================>                    ]   67.4MB/111.1MB
test-ubuntu (3.14)	Set up Docker Compose	2026-05-19T19:32:07.2804060Z  0124d324831b Downloading [===============================>                   ]  159.2MB/249.5MB
test-ubuntu (3.14)	Set up Docker Compose	2026-05-19T19:32:07.3166308Z  03b1c1358482 Extracting [=================================>                 ]  97.48MB/144.8MB
test-ubuntu (3.14)	Set up Docker Compose	2026-05-19T19:32:07.3272984Z  ca64c64b8c6b Extracting [=====================================>             ]  100.3MB/133.1MB
test-ubuntu (3.14)	Set up Docker Compose	2026-05-19T19:32:07.3518086Z  6163e4fdd626 Verifying Checksum 
test-ubuntu (3.14)	Set up Docker Compose	2026-05-19T19:32:07.3518986Z  6163e4fdd626 Download complete 
test-ubuntu (3.14)	Set up Docker Compose	2026-05-19T19:32:07.3806515Z  b0f4f1626421 Extracting [================================>                  ]   71.3MB/111.1MB
test-ubuntu (3.14)	Set up Docker Compose	2026-05-19T19:32:07.3818404Z  0124d324831b Downloading [================================>                  ]    164MB/249.5MB
test-ubuntu (3.14)	Set up Docker Compose	2026-05-19T19:32:07.3866320Z  06803ccce673 Downloading [====================================>              ]  17.72MB/24.33MB
test-ubuntu (3.14)	Set up Docker Compose	2026-05-19T19:32:07.4935676Z  06803ccce673 Downloading [====================================>              ]  17.97MB/24.33MB
test-ubuntu (3.14)	Set up Docker Compose	2026-05-19T19:32:07.4950108Z  0124d324831b Downloading [=================================>                 ]  165.6MB/249.5MB
test-ubuntu (3.14)	Set up Docker Compose	2026-05-19T19:32:07.4961240Z  03b1c1358482 Extracting [==================================>                ]  100.8MB/144.8MB
test-ubuntu (3.14)	Set up Docker Compose	2026-05-19T19:32:07.5019248Z  13d2de324eed Pull complete 
test-ubuntu (3.14)	Set up Docker Compose	2026-05-19T19:32:07.5061506Z  222ab7740458 Extracting [==================================================>]  1.902kB/1.902kB
test-ubuntu (3.14)	Set up Docker Compose	2026-05-19T19:32:07.5073398Z  222ab7740458 Extracting [==================================================>]  1.902kB/1.902kB
test-ubuntu (3.14)	Set up Docker Compose	2026-05-19T19:32:07.5076381Z  6060df901d94 Pull complete 
test-ubuntu (3.14)	Set up Docker Compose	2026-05-19T19:32:07.5132409Z  b0f4f1626421 Extracting [================================>                  ]  72.42MB/111.1MB
test-ubuntu (3.14)	Set up Docker Compose	2026-05-19T19:32:07.5139613Z  fae1f0b2907e Extracting [==================================================>]  19.43kB/19.43kB
test-ubuntu (3.14)	Set up Docker Compose	2026-05-19T19:32:07.5153435Z  fae1f0b2907e Extracting [==================================================>]  19.43kB/19.43kB
test-ubuntu (3.14)	Set up Docker Compose	2026-05-19T19:32:07.6354451Z  fae1f0b2907e Pull complete 
test-ubuntu (3.14)	Set up Docker Compose	2026-05-19T19:32:07.6355259Z  0124d324831b Downloading [==================================>                ]  172.6MB/249.5MB
test-ubuntu (3.14)	Set up Docker Compose	2026-05-19T19:32:07.6367053Z  b0f4f1626421 Extracting [=================================>                 ]  73.53MB/111.1MB
test-ubuntu (3.14)	Set up Docker Compose	2026-05-19T19:32:07.6383167Z  06803ccce673 Downloading [======================================>            ]  18.73MB/24.33MB
test-ubuntu (3.14)	Set up Docker Compose	2026-05-19T19:32:07.6524135Z  f7580f6b7618 Downloading [====================>                              ]  1.378kB/3.315kB
test-ubuntu (3.14)	Set up Docker Compose	2026-05-19T19:32:07.6529843Z  f7580f6b7618 Downloading [==================================================>]  3.315kB/3.315kB
test-ubuntu (3.14)	Set up Docker Compose	2026-05-19T19:32:07.6535971Z  f7580f6b7618 Verifying Checksum 
test-ubuntu (3.14)	Set up Docker Compose	2026-05-19T19:32:07.6537004Z  f7580f6b7618 Download complete 
test-ubuntu (3.14)	Set up Docker Compose	2026-05-19T19:32:07.6543280Z  222ab7740458 Pull complete 
test-ubuntu (3.14)	Set up Docker Compose	2026-05-19T19:32:07.6607772Z  03b1c1358482 Extracting [===================================>               ]  102.5MB/144.8MB
test-ubuntu (3.14)	Set up Docker Compose	2026-05-19T19:32:07.6631802Z  ca64c64b8c6b Extracting [======================================>            ]  101.4MB/133.1MB
test-ubuntu (3.14)	Set up Docker Compose	2026-05-19T19:32:07.6657765Z  6163e4fdd626 Extracting [>                                                  ]  557.1kB/154.6MB
test-ubuntu (3.14)	Set up Docker Compose	2026-05-19T19:32:07.6710046Z  vault Pulled 
test-ubuntu (3.14)	Set up Docker Compose	2026-05-19T19:32:07.7384230Z  b0f4f1626421 Extracting [==================================>                ]  76.32MB/111.1MB
test-ubuntu (3.14)	Set up Docker Compose	2026-05-19T19:32:07.7425120Z  06803ccce673 Downloading [========================================>          ]  19.48MB/24.33MB
test-ubuntu (3.14)	Set up Docker Compose	2026-05-19T19:32:07.7445688Z  0124d324831b Downloading [====================================>              ]  181.2MB/249.5MB
test-ubuntu (3.14)	Set up Docker Compose	2026-05-19T19:32:07.7635150Z  03b1c1358482 Extracting [====================================>              ]  105.8MB/144.8MB
test-ubuntu (3.14)	Set up Docker Compose	2026-05-19T19:32:07.7738536Z  6163e4fdd626 Extracting [=>                                                 ]  3.342MB/154.6MB
test-ubuntu (3.14)	Set up Docker Compose	2026-05-19T19:32:07.8457626Z  ca64c64b8c6b Extracting [======================================>            ]  102.5MB/133.1MB
test-ubuntu (3.14)	Set up Docker Compose	2026-05-19T19:32:07.8458585Z  06803ccce673 Downloading [=========================================>         ]  19.98MB/24.33MB
test-ubuntu (3.14)	Set up Docker Compose	2026-05-19T19:32:07.8468021Z  0124d324831b Downloading [=====================================>             ]    186MB/249.5MB
test-ubuntu (3.14)	Set up Docker Compose	2026-05-19T19:32:07.8533570Z  b0f4f1626421 Extracting [====================================>              ]  80.22MB/111.1MB
test-ubuntu (3.14)	Set up Docker Compose	2026-05-19T19:32:07.8729295Z  03b1c1358482 Extracting [=====================================>             ]  109.7MB/144.8MB
test-ubuntu (3.14)	Set up Docker Compose	2026-05-19T19:32:07.8841786Z  6163e4fdd626 Extracting [==>                                                ]  7.242MB/154.6MB
test-ubuntu (3.14)	Set up Docker Compose	2026-05-19T19:32:07.9478160Z  0124d324831b Downloading [======================================>            ]  190.8MB/249.5MB
test-ubuntu (3.14)	Set up Docker Compose	2026-05-19T19:32:07.9570102Z  ca64c64b8c6b Extracting [=======================================>           ]  104.2MB/133.1MB
test-ubuntu (3.14)	Set up Docker Compose	2026-05-19T19:32:07.9636860Z  b0f4f1626421 Extracting [=====================================>             ]  83.56MB/111.1MB
test-ubuntu (3.14)	Set up Docker Compose	2026-05-19T19:32:07.9794394Z  06803ccce673 Downloading [===========================================>       ]  21.23MB/24.33MB
test-ubuntu (3.14)	Set up Docker Compose	2026-05-19T19:32:07.9813374Z  03b1c1358482 Extracting [=======================================>           ]  113.1MB/144.8MB
test-ubuntu (3.14)	Set up Docker Compose	2026-05-19T19:32:07.9889555Z  6163e4fdd626 Extracting [===>                                               ]  12.26MB/154.6MB
test-ubuntu (3.14)	Set up Docker Compose	2026-05-19T19:32:08.0021297Z  3ab90894f5f5 Downloading [==================================================>]     145B/145B
test-ubuntu (3.14)	Set up Docker Compose	2026-05-19T19:32:08.0043733Z  3ab90894f5f5 Verifying Checksum 
test-ubuntu (3.14)	Set up Docker Compose	2026-05-19T19:32:08.0054828Z  3ab90894f5f5 Download complete 
test-ubuntu (3.14)	Set up Docker Compose	2026-05-19T19:32:08.0499041Z  0124d324831b Downloading [=======================================>           ]  195.6MB/249.5MB
test-ubuntu (3.14)	Set up Docker Compose	2026-05-19T19:32:08.0594124Z  ca64c64b8c6b Extracting [=======================================>           ]  105.3MB/133.1MB
test-ubuntu (3.14)	Set up Docker Compose	2026-05-19T19:32:08.0735416Z  b0f4f1626421 Extracting [=======================================>           ]  88.01MB/111.1MB
test-ubuntu (3.14)	Set up Docker Compose	2026-05-19T19:32:08.0873015Z  03b1c1358482 Extracting [========================================>          ]  115.9MB/144.8MB
test-ubuntu (3.14)	Set up Docker Compose	2026-05-19T19:32:08.1002672Z  6163e4fdd626 Extracting [=====>                                             ]  16.71MB/154.6MB
test-ubuntu (3.14)	Set up Docker Compose	2026-05-19T19:32:08.1514341Z  0124d324831b Downloading [========================================>          ]  200.5MB/249.5MB
test-ubuntu (3.14)	Set up Docker Compose	2026-05-19T19:32:08.1715097Z  06803ccce673 Downloading [=============================================>     ]  21.98MB/24.33MB
test-ubuntu (3.14)	Set up Docker Compose	2026-05-19T19:32:08.1903385Z  03b1c1358482 Extracting [=========================================>         ]  119.2MB/144.8MB
test-ubuntu (3.14)	Set up Docker Compose	2026-05-19T19:32:08.1911622Z  b0f4f1626421 Extracting [=========================================>         ]  93.03MB/111.1MB
test-ubuntu (3.14)	Set up Docker Compose	2026-05-19T19:32:08.2054096Z  6163e4fdd626 Extracting [======>                                            ]  20.61MB/154.6MB
test-ubuntu (3.14)	Set up Docker Compose	2026-05-19T19:32:08.2544514Z  0124d324831b Downloading [=========================================>         ]  205.3MB/249.5MB
test-ubuntu (3.14)	Set up Docker Compose	2026-05-19T19:32:08.3066889Z  03b1c1358482 Extracting [==========================================>        ]  123.1MB/144.8MB
test-ubuntu (3.14)	Set up Docker Compose	2026-05-19T19:32:08.3170543Z  6163e4fdd626 Extracting [========>                                          ]  25.62MB/154.6MB
test-ubuntu (3.14)	Set up Docker Compose	2026-05-19T19:32:08.3173448Z  75616aa22dfd Downloading [============>                                      ]  16.38kB/64.77kB
test-ubuntu (3.14)	Set up Docker Compose	2026-05-19T19:32:08.3258050Z  75616aa22dfd Downloading [==================================================>]  64.77kB/64.77kB
test-ubuntu (3.14)	Set up Docker Compose	2026-05-19T19:32:08.3277376Z  75616aa22dfd Verifying Checksum 
test-ubuntu (3.14)	Set up Docker Compose	2026-05-19T19:32:08.3277920Z  75616aa22dfd Download complete 
test-ubuntu (3.14)	Set up Docker Compose	2026-05-19T19:32:08.3292751Z  b0f4f1626421 Extracting [==========================================>        ]  95.26MB/111.1MB
test-ubuntu (3.14)	Set up Docker Compose	2026-05-19T19:32:08.3663134Z  0124d324831b Downloading [==========================================>        ]  210.6MB/249.5MB
test-ubuntu (3.14)	Set up Docker Compose	2026-05-19T19:32:08.3682879Z  06803ccce673 Downloading [===============================================>   ]  22.98MB/24.33MB
test-ubuntu (3.14)	Set up Docker Compose	2026-05-19T19:32:08.4149927Z  03b1c1358482 Extracting [===========================================>       ]    127MB/144.8MB
test-ubuntu (3.14)	Set up Docker Compose	2026-05-19T19:32:08.4222982Z  6163e4fdd626 Extracting [=========>                                         ]  30.08MB/154.6MB
test-ubuntu (3.14)	Set up Docker Compose	2026-05-19T19:32:08.4413311Z  b0f4f1626421 Extracting [===========================================>       ]  96.37MB/111.1MB
test-ubuntu (3.14)	Set up Docker Compose	2026-05-19T19:32:08.4698335Z  0124d324831b Downloading [===========================================>       ]  215.5MB/249.5MB
test-ubuntu (3.14)	Set up Docker Compose	2026-05-19T19:32:08.5175494Z  03b1c1358482 Extracting [============================================>      ]  129.8MB/144.8MB
test-ubuntu (3.14)	Set up Docker Compose	2026-05-19T19:32:08.5309360Z  6163e4fdd626 Extracting [===========>                                       ]  35.09MB/154.6MB
test-ubuntu (3.14)	Set up Docker Compose	2026-05-19T19:32:08.5415160Z  b0f4f1626421 Extracting [============================================>      ]   98.6MB/111.1MB
test-ubuntu (3.14)	Set up Docker Compose	2026-05-19T19:32:08.5700201Z  0124d324831b Downloading [============================================>      ]  220.3MB/249.5MB
test-ubuntu (3.14)	Set up Docker Compose	2026-05-19T19:32:08.6170543Z  06803ccce673 Downloading [=================================================> ]  23.98MB/24.33MB
test-ubuntu (3.14)	Set up Docker Compose	2026-05-19T19:32:08.6184743Z  03b1c1358482 Extracting [=============================================>     ]  133.1MB/144.8MB
test-ubuntu (3.14)	Set up Docker Compose	2026-05-19T19:32:08.6197871Z  06803ccce673 Verifying Checksum 
test-ubuntu (3.14)	Set up Docker Compose	2026-05-19T19:32:08.6198458Z  06803ccce673 Download complete 
test-ubuntu (3.14)	Set up Docker Compose	2026-05-19T19:32:08.6418728Z  06803ccce673 Extracting [>                                                  ]  262.1kB/24.33MB
test-ubuntu (3.14)	Set up Docker Compose	2026-05-19T19:32:08.6683907Z  6163e4fdd626 Extracting [============>                                      ]  37.32MB/154.6MB
test-ubuntu (3.14)	Set up Docker Compose	2026-05-19T19:32:08.6736761Z  0124d324831b Downloading [=============================================>     ]  225.1MB/249.5MB
test-ubuntu (3.14)	Set up Docker Compose	2026-05-19T19:32:08.6855898Z  b5c5a3ac416f Downloading [>                                                  ]  534.3kB/3.001GB
test-ubuntu (3.14)	Set up Docker Compose	2026-05-19T19:32:08.7287480Z  b0f4f1626421 Extracting [============================================>      ]  99.71MB/111.1MB
test-ubuntu (3.14)	Set up Docker Compose	2026-05-19T19:32:08.7457352Z  03b1c1358482 Extracting [===============================================>   ]  136.5MB/144.8MB
test-ubuntu (3.14)	Set up Docker Compose	2026-05-19T19:32:08.7477346Z  06803ccce673 Extracting [=======>                                           ]   3.67MB/24.33MB
test-ubuntu (3.14)	Set up Docker Compose	2026-05-19T19:32:08.7781922Z  6163e4fdd626 Extracting [============>                                      ]  38.44MB/154.6MB
test-ubuntu (3.14)	Set up Docker Compose	2026-05-19T19:32:08.7859687Z  0124d324831b Downloading [==============================================>    ]  230.5MB/249.5MB
test-ubuntu (3.14)	Set up Docker Compose	2026-05-19T19:32:08.7891398Z  b5c5a3ac416f Downloading [>                                                  ]  4.298MB/3.001GB
test-ubuntu (3.14)	Set up Docker Compose	2026-05-19T19:32:08.8209257Z  2acf9a40b14f Downloading [=>                                                 ]  16.38kB/783.4kB
test-ubuntu (3.14)	Set up Docker Compose	2026-05-19T19:32:08.8416879Z  b0f4f1626421 Extracting [=============================================>     ]  101.4MB/111.1MB
test-ubuntu (3.14)	Set up Docker Compose	2026-05-19T19:32:08.8451054Z  2acf9a40b14f Downloading [==================================================>]  783.4kB/783.4kB
test-ubuntu (3.14)	Set up Docker Compose	2026-05-19T19:32:08.8457521Z  2acf9a40b14f Verifying Checksum 
test-ubuntu (3.14)	Set up Docker Compose	2026-05-19T19:32:08.8458079Z  2acf9a40b14f Download complete 
test-ubuntu (3.14)	Set up Docker Compose	2026-05-19T19:32:08.8512221Z  2acf9a40b14f Extracting [==>                                                ]  32.77kB/783.4kB
test-ubuntu (3.14)	Set up Docker Compose	2026-05-19T19:32:08.8702578Z  03b1c1358482 Extracting [================================================>  ]  139.3MB/144.8MB
test-ubuntu (3.14)	Set up Docker Compose	2026-05-19T19:32:08.8776436Z  06803ccce673 Extracting [============>                                      ]  6.029MB/24.33MB
test-ubuntu (3.14)	Set up Docker Compose	2026-05-19T19:32:08.8800005Z  2acf9a40b14f Extracting [==================================================>]  783.4kB/783.4kB
test-ubuntu (3.14)	Set up Docker Compose	2026-05-19T19:32:08.8878474Z  0124d324831b Downloading [===============================================>   ]  235.3MB/249.5MB
test-ubuntu (3.14)	Set up Docker Compose	2026-05-19T19:32:08.8976561Z  b5c5a3ac416f Downloading [>                                                  ]  12.85MB/3.001GB
test-ubuntu (3.14)	Set up Docker Compose	2026-05-19T19:32:08.9035447Z  6163e4fdd626 Extracting [============>                                      ]  39.55MB/154.6MB
test-ubuntu (3.14)	Set up Docker Compose	2026-05-19T19:32:08.9423310Z  b0f4f1626421 Extracting [==============================================>    ]  102.5MB/111.1MB
test-ubuntu (3.14)	Set up Docker Compose	2026-05-19T19:32:08.9724258Z  03b1c1358482 Extracting [================================================>  ]  140.9MB/144.8MB
test-ubuntu (3.14)	Set up Docker Compose	2026-05-19T19:32:08.9869391Z  2acf9a40b14f Pull complete 
test-ubuntu (3.14)	Set up Docker Compose	2026-05-19T19:32:08.9870100Z  06803ccce673 Extracting [================>                                  ]  7.864MB/24.33MB
test-ubuntu (3.14)	Set up Docker Compose	2026-05-19T19:32:08.9904978Z  0124d324831b Downloading [================================================>  ]  240.1MB/249.5MB
test-ubuntu (3.14)	Set up Docker Compose	2026-05-19T19:32:08.9919145Z  ca64c64b8c6b Extracting [=========================================>         ]  109.7MB/133.1MB
test-ubuntu (3.14)	Set up Docker Compose	2026-05-19T19:32:08.9977633Z  b5c5a3ac416f Downloading [>                                                  ]  18.21MB/3.001GB
test-ubuntu (3.14)	Set up Docker Compose	2026-05-19T19:32:09.0324513Z  6163e4fdd626 Extracting [=============>                                     ]  40.67MB/154.6MB
test-ubuntu (3.14)	Set up Docker Compose	2026-05-19T19:32:09.0543522Z  27baa147e9fa Downloading [==>                                                ]  16.38kB/324.6kB
test-ubuntu (3.14)	Set up Docker Compose	2026-05-19T19:32:09.0639343Z  27baa147e9fa Verifying Checksum 
test-ubuntu (3.14)	Set up Docker Compose	2026-05-19T19:32:09.0640392Z  27baa147e9fa Download complete 
test-ubuntu (3.14)	Set up Docker Compose	2026-05-19T19:32:09.0734105Z  27baa147e9fa Extracting [=====>                                             ]  32.77kB/324.6kB
test-ubuntu (3.14)	Set up Docker Compose	2026-05-19T19:32:09.0836422Z  b0f4f1626421 Extracting [==============================================>    ]  104.2MB/111.1MB
test-ubuntu (3.14)	Set up Docker Compose	2026-05-19T19:32:09.0912716Z  06803ccce673 Extracting [=====================>                             ]  10.22MB/24.33MB
test-ubuntu (3.14)	Set up Docker Compose	2026-05-19T19:32:09.0914875Z  0124d324831b Downloading [=================================================> ]    245MB/249.5MB
test-ubuntu (3.14)	Set up Docker Compose	2026-05-19T19:32:09.1021641Z  b5c5a3ac416f Downloading [>                                                  ]  23.57MB/3.001GB
test-ubuntu (3.14)	Set up Docker Compose	2026-05-19T19:32:09.1133729Z  27baa147e9fa Extracting [==================================================>]  324.6kB/324.6kB
test-ubuntu (3.14)	Set up Docker Compose	2026-05-19T19:32:09.1235329Z  ca64c64b8c6b Extracting [==========================================>        ]  113.1MB/133.1MB
test-ubuntu (3.14)	Set up Docker Compose	2026-05-19T19:32:09.1237011Z  03b1c1358482 Extracting [=================================================> ]  143.7MB/144.8MB
test-ubuntu (3.14)	Set up Docker Compose	2026-05-19T19:32:09.1444622Z  6163e4fdd626 Extracting [=============>                                     ]  41.78MB/154.6MB
test-ubuntu (3.14)	Set up Docker Compose	2026-05-19T19:32:09.1877246Z  27baa147e9fa Extracting [==================================================>]  324.6kB/324.6kB
test-ubuntu (3.14)	Set up Docker Compose	2026-05-19T19:32:09.1938319Z  0124d324831b Verifying Checksum 
test-ubuntu (3.14)	Set up Docker Compose	2026-05-19T19:32:09.1939316Z  0124d324831b Download complete 
test-ubuntu (3.14)	Set up Docker Compose	2026-05-19T19:32:09.2000215Z  03b1c1358482 Extracting [==================================================>]  144.8MB/144.8MB
test-ubuntu (3.14)	Set up Docker Compose	2026-05-19T19:32:09.2015179Z  06803ccce673 Extracting [=========================>                         ]  12.58MB/24.33MB
test-ubuntu (3.14)	Set up Docker Compose	2026-05-19T19:32:09.2120391Z  b5c5a3ac416f Downloading [>                                                  ]  28.93MB/3.001GB
test-ubuntu (3.14)	Set up Docker Compose	2026-05-19T19:32:09.2296593Z  ca64c64b8c6b Extracting [==========================================>        ]  114.2MB/133.1MB
test-ubuntu (3.14)	Set up Docker Compose	2026-05-19T19:32:09.2789977Z  6163e4fdd626 Extracting [=============>                                     ]  42.89MB/154.6MB
test-ubuntu (3.14)	Set up Docker Compose	2026-05-19T19:32:09.3011188Z  ac03b73ed425 Downloading [>                                                  ]  537.8kB/81.28MB
test-ubuntu (3.14)	Set up Docker Compose	2026-05-19T19:32:09.3052348Z  06803ccce673 Extracting [=============================>                     ]  14.42MB/24.33MB
test-ubuntu (3.14)	Set up Docker Compose	2026-05-19T19:32:09.3112564Z  b5c5a3ac416f Downloading [>                                                  ]  34.29MB/3.001GB
test-ubuntu (3.14)	Set up Docker Compose	2026-05-19T19:32:09.3200638Z  b0f4f1626421 Extracting [===============================================>   ]  105.3MB/111.1MB
test-ubuntu (3.14)	Set up Docker Compose	2026-05-19T19:32:09.3342005Z  0124d324831b Extracting [>                                                  ]  557.1kB/249.5MB
test-ubuntu (3.14)	Set up Docker Compose	2026-05-19T19:32:09.3358893Z  ca64c64b8c6b Extracting [===========================================>       ]  116.4MB/133.1MB
test-ubuntu (3.14)	Set up Docker Compose	2026-05-19T19:32:09.4035911Z  ac03b73ed425 Downloading [=====>                                             ]  8.578MB/81.28MB
test-ubuntu (3.14)	Set up Docker Compose	2026-05-19T19:32:09.4144879Z  b5c5a3ac416f Downloading [>                                                  ]  39.65MB/3.001GB
test-ubuntu (3.14)	Set up Docker Compose	2026-05-19T19:32:09.4171012Z  6163e4fdd626 Extracting [==============>                                    ]  44.56MB/154.6MB
test-ubuntu (3.14)	Set up Docker Compose	2026-05-19T19:32:09.4209769Z  06803ccce673 Extracting [=================================>                 ]  16.52MB/24.33MB
test-ubuntu (3.14)	Set up Docker Compose	2026-05-19T19:32:09.4334031Z  f591ea4658bd Downloading [>                                                  ]  535.9kB/70.46MB
test-ubuntu (3.14)	Set up Docker Compose	2026-05-19T19:32:09.4360776Z  ca64c64b8c6b Extracting [============================================>      ]  118.1MB/133.1MB
test-ubuntu (3.14)	Set up Docker Compose	2026-05-19T19:32:09.4490832Z  0124d324831b Extracting [>                                                  ]  1.671MB/249.5MB
test-ubuntu (3.14)	Set up Docker Compose	2026-05-19T19:32:09.4584153Z  b0f4f1626421 Extracting [===============================================>   ]  105.8MB/111.1MB
test-ubuntu (3.14)	Set up Docker Compose	2026-05-19T19:32:09.5039367Z  ac03b73ed425 Downloading [================>                                  ]  26.66MB/81.28MB
test-ubuntu (3.14)	Set up Docker Compose	2026-05-19T19:32:09.5167858Z  b5c5a3ac416f Downloading [>                                                  ]  44.47MB/3.001GB
test-ubuntu (3.14)	Set up Docker Compose	2026-05-19T19:32:09.5262646Z  06803ccce673 Extracting [====================================>              ]  17.56MB/24.33MB
test-ubuntu (3.14)	Set up Docker Compose	2026-05-19T19:32:09.5390740Z  f591ea4658bd Downloading [===>                                               ]  4.269MB/70.46MB
test-ubuntu (3.14)	Set up Docker Compose	2026-05-19T19:32:09.5629236Z  0124d324831b Extracting [>                                                  ]  2.785MB/249.5MB
test-ubuntu (3.14)	Set up Docker Compose	2026-05-19T19:32:09.5671836Z  b0f4f1626421 Extracting [===============================================>   ]  106.4MB/111.1MB
test-ubuntu (3.14)	Set up Docker Compose	2026-05-19T19:32:09.5798886Z  6163e4fdd626 Extracting [==============>                                    ]  45.68MB/154.6MB
test-ubuntu (3.14)	Set up Docker Compose	2026-05-19T19:32:09.5854636Z  ca64c64b8c6b Extracting [============================================>      ]  119.2MB/133.1MB
test-ubuntu (3.14)	Set up Docker Compose	2026-05-19T19:32:09.6122876Z  ac03b73ed425 Downloading [==========================>                        ]  43.65MB/81.28MB
test-ubuntu (3.14)	Set up Docker Compose	2026-05-19T19:32:09.6154382Z  b5c5a3ac416f Downloading [>                                                  ]  49.83MB/3.001GB
test-ubuntu (3.14)	Set up Docker Compose	2026-05-19T19:32:09.6283747Z  06803ccce673 Extracting [========================================>          ]  19.66MB/24.33MB
test-ubuntu (3.14)	Set up Docker Compose	2026-05-19T19:32:09.6397188Z  f591ea4658bd Downloading [============>                                      ]   17.6MB/70.46MB
test-ubuntu (3.14)	Set up Docker Compose	2026-05-19T19:32:09.6692383Z  0124d324831b Extracting [>                                                  ]  4.456MB/249.5MB
test-ubuntu (3.14)	Set up Docker Compose	2026-05-19T19:32:09.7077630Z  ac03b73ed425 Downloading [======================================>            ]  62.77MB/81.28MB
test-ubuntu (3.14)	Set up Docker Compose	2026-05-19T19:32:09.7079535Z  ca64c64b8c6b Extracting [=============================================>     ]  120.3MB/133.1MB
test-ubuntu (3.14)	Set up Docker Compose	2026-05-19T19:32:09.7187914Z  b0f4f1626421 Extracting [================================================>  ]    107MB/111.1MB
test-ubuntu (3.14)	Set up Docker Compose	2026-05-19T19:32:09.7197529Z  b5c5a3ac416f Downloading [>                                                  ]  55.19MB/3.001GB
test-ubuntu (3.14)	Set up Docker Compose	2026-05-19T19:32:09.7417421Z  f591ea4658bd Downloading [=========================>                         ]  36.21MB/70.46MB
test-ubuntu (3.14)	Set up Docker Compose	2026-05-19T19:32:09.7525631Z  6163e4fdd626 Extracting [===============>                                   ]  46.79MB/154.6MB
test-ubuntu (3.14)	Set up Docker Compose	2026-05-19T19:32:09.7532950Z  06803ccce673 Extracting [============================================>      ]   21.5MB/24.33MB
test-ubuntu (3.14)	Set up Docker Compose	2026-05-19T19:32:09.7725863Z  0124d324831b Extracting [=>                                                 ]  6.128MB/249.5MB
test-ubuntu (3.14)	Set up Docker Compose	2026-05-19T19:32:09.7890300Z  ac03b73ed425 Verifying Checksum 
test-ubuntu (3.14)	Set up Docker Compose	2026-05-19T19:32:09.7891121Z  ac03b73ed425 Download complete 
test-ubuntu (3.14)	Set up Docker Compose	2026-05-19T19:32:09.8096800Z  ca64c64b8c6b Extracting [=============================================>     ]  121.4MB/133.1MB
test-ubuntu (3.14)	Set up Docker Compose	2026-05-19T19:32:09.8215415Z  b5c5a3ac416f Downloading [=>                                                 ]  60.55MB/3.001GB
test-ubuntu (3.14)	Set up Docker Compose	2026-05-19T19:32:09.8442381Z  f591ea4658bd Downloading [=======================================>           ]  55.32MB/70.46MB
test-ubuntu (3.14)	Set up Docker Compose	2026-05-19T19:32:09.8570390Z  06803ccce673 Extracting [===============================================>   ]  23.33MB/24.33MB
test-ubuntu (3.14)	Set up Docker Compose	2026-05-19T19:32:09.8703191Z  6163e4fdd626 Extracting [===============>                                   ]  48.46MB/154.6MB
test-ubuntu (3.14)	Set up Docker Compose	2026-05-19T19:32:09.8750332Z  0124d324831b Extracting [=>                                                 ]  8.356MB/249.5MB
test-ubuntu (3.14)	Set up Docker Compose	2026-05-19T19:32:09.9032819Z  06803ccce673 Extracting [==================================================>]  24.33MB/24.33MB
test-ubuntu (3.14)	Set up Docker Compose	2026-05-19T19:32:09.9128152Z  ca64c64b8c6b Extracting [==============================================>    ]  124.8MB/133.1MB
test-ubuntu (3.14)	Set up Docker Compose	2026-05-19T19:32:09.9165047Z  b0f4f1626421 Extracting [================================================>  ]  107.5MB/111.1MB
test-ubuntu (3.14)	Set up Docker Compose	2026-05-19T19:32:09.9204173Z  f591ea4658bd Verifying Checksum 
test-ubuntu (3.14)	Set up Docker Compose	2026-05-19T19:32:09.9205906Z  f591ea4658bd Download complete 
test-ubuntu (3.14)	Set up Docker Compose	2026-05-19T19:32:09.9244423Z  b5c5a3ac416f Downloading [=>                                                 ]  65.91MB/3.001GB
test-ubuntu (3.14)	Set up Docker Compose	2026-05-19T19:32:09.9756479Z  6163e4fdd626 Extracting [================>                                  ]  51.81MB/154.6MB
test-ubuntu (3.14)	Set up Docker Compose	2026-05-19T19:32:09.9785189Z  0124d324831b Extracting [==>                                                ]  10.03MB/249.5MB
test-ubuntu (3.14)	Set up Docker Compose	2026-05-19T19:32:09.9818543Z  e7f02ac1f456 Downloading [==================================================>]     639B/639B
test-ubuntu (3.14)	Set up Docker Compose	2026-05-19T19:32:09.9825931Z  e7f02ac1f456 Verifying Checksum 
test-ubuntu (3.14)	Set up Docker Compose	2026-05-19T19:32:09.9829644Z  e7f02ac1f456 Download complete 
test-ubuntu (3.14)	Set up Docker Compose	2026-05-19T19:32:10.0314733Z  b5c5a3ac416f Downloading [=>                                                 ]  71.27MB/3.001GB
test-ubuntu (3.14)	Set up Docker Compose	2026-05-19T19:32:10.0659380Z  b0f4f1626421 Extracting [================================================>  ]  108.6MB/111.1MB
test-ubuntu (3.14)	Set up Docker Compose	2026-05-19T19:32:10.0772433Z  6163e4fdd626 Extracting [==================>                                ]  56.26MB/154.6MB
test-ubuntu (3.14)	Set up Docker Compose	2026-05-19T19:32:10.0825013Z  0124d324831b Extracting [==>                                                ]  13.37MB/249.5MB
test-ubuntu (3.14)	Set up Docker Compose	2026-05-19T19:32:10.1112098Z  612087d42eba Downloading [===========================================>       ]   3.48kB/4.023kB
test-ubuntu (3.14)	Set up Docker Compose	2026-05-19T19:32:10.1114500Z  612087d42eba Downloading [==================================================>]  4.023kB/4.023kB
test-ubuntu (3.14)	Set up Docker Compose	2026-05-19T19:32:10.1123662Z  612087d42eba Verifying Checksum 
test-ubuntu (3.14)	Set up Docker Compose	2026-05-19T19:32:10.1127335Z  612087d42eba Download complete 
test-ubuntu (3.14)	Set up Docker Compose	2026-05-19T19:32:10.1347004Z  b5c5a3ac416f Downloading [=>                                                 ]  76.63MB/3.001GB
test-ubuntu (3.14)	Set up Docker Compose	2026-05-19T19:32:10.1643058Z  2d001a504b81 Downloading [==================================================>]   1.48kB/1.48kB
test-ubuntu (3.14)	Set up Docker Compose	2026-05-19T19:32:10.1657041Z  2d001a504b81 Verifying Checksum 
test-ubuntu (3.14)	Set up Docker Compose	2026-05-19T19:32:10.1658912Z  2d001a504b81 Download complete 
test-ubuntu (3.14)	Set up Docker Compose	2026-05-19T19:32:10.1839217Z  6163e4fdd626 Extracting [===================>                               ]  59.05MB/154.6MB
test-ubuntu (3.14)	Set up Docker Compose	2026-05-19T19:32:10.1868716Z  0124d324831b Extracting [===>                                               ]  17.27MB/249.5MB
test-ubuntu (3.14)	Set up Docker Compose	2026-05-19T19:32:10.2396965Z  b5c5a3ac416f Downloading [=>                                                 ]  81.99MB/3.001GB
test-ubuntu (3.14)	Set up Docker Compose	2026-05-19T19:32:10.2437257Z  ca64c64b8c6b Extracting [===============================================>   ]  126.5MB/133.1MB
test-ubuntu (3.14)	Set up Docker Compose	2026-05-19T19:32:10.2872011Z  0124d324831b Extracting [====>                                              ]  21.17MB/249.5MB
test-ubuntu (3.14)	Set up Docker Compose	2026-05-19T19:32:10.2950104Z  6163e4fdd626 Extracting [====================>                              ]  62.95MB/154.6MB
test-ubuntu (3.14)	Set up Docker Compose	2026-05-19T19:32:10.3233283Z  bd1a7d2e0737 Downloading [=============>                                     ]  16.38kB/62.75kB
test-ubuntu (3.14)	Set up Docker Compose	2026-05-19T19:32:10.3243502Z  bd1a7d2e0737 Downloading [==================================================>]  62.75kB/62.75kB
test-ubuntu (3.14)	Set up Docker Compose	2026-05-19T19:32:10.3253392Z  bd1a7d2e0737 Verifying Checksum 
test-ubuntu (3.14)	Set up Docker Compose	2026-05-19T19:32:10.3254070Z  bd1a7d2e0737 Download complete 
test-ubuntu (3.14)	Set up Docker Compose	2026-05-19T19:32:10.3450249Z  b5c5a3ac416f Downloading [=>                                                 ]  87.35MB/3.001GB
test-ubuntu (3.14)	Set up Docker Compose	2026-05-19T19:32:10.3510830Z  69294359b56a Downloading [==================================================>]     100B/100B
test-ubuntu (3.14)	Set up Docker Compose	2026-05-19T19:32:10.3519599Z  69294359b56a Verifying Checksum 
test-ubuntu (3.14)	Set up Docker Compose	2026-05-19T19:32:10.3520080Z  69294359b56a Download complete 
test-ubuntu (3.14)	Set up Docker Compose	2026-05-19T19:32:10.3888963Z  0124d324831b Extracting [=====>                                             ]  25.07MB/249.5MB
test-ubuntu (3.14)	Set up Docker Compose	2026-05-19T19:32:10.3995191Z  6163e4fdd626 Extracting [=====================>                             ]   67.4MB/154.6MB
test-ubuntu (3.14)	Set up Docker Compose	2026-05-19T19:32:10.4502096Z  b5c5a3ac416f Downloading [=>                                                 ]  92.71MB/3.001GB
test-ubuntu (3.14)	Set up Docker Compose	2026-05-19T19:32:10.4956849Z  0124d324831b Extracting [=====>                                             ]  28.41MB/249.5MB
test-ubuntu (3.14)	Set up Docker Compose	2026-05-19T19:32:10.5210576Z  6163e4fdd626 Extracting [======================>                            ]  69.63MB/154.6MB
test-ubuntu (3.14)	Set up Docker Compose	2026-05-19T19:32:10.5212294Z  df0231abac1e Downloading [==================================================>]     700B/700B
test-ubuntu (3.14)	Set up Docker Compose	2026-05-19T19:32:10.5234685Z  df0231abac1e Verifying Checksum 
test-ubuntu (3.14)	Set up Docker Compose	2026-05-19T19:32:10.5237882Z  df0231abac1e Download complete 
test-ubuntu (3.14)	Set up Docker Compose	2026-05-19T19:32:10.5533027Z  b5c5a3ac416f Downloading [=>                                                 ]  98.07MB/3.001GB
test-ubuntu (3.14)	Set up Docker Compose	2026-05-19T19:32:10.5703514Z  b0f4f1626421 Extracting [=================================================> ]  109.7MB/111.1MB
test-ubuntu (3.14)	Set up Docker Compose	2026-05-19T19:32:10.6054586Z  0124d324831b Extracting [======>                                            ]  32.31MB/249.5MB
test-ubuntu (3.14)	Set up Docker Compose	2026-05-19T19:32:10.6367350Z  6163e4fdd626 Extracting [=======================>                           ]  73.53MB/154.6MB
test-ubuntu (3.14)	Set up Docker Compose	2026-05-19T19:32:10.6549279Z  661ff4d9561e Downloading [>                                                  ]   34.3kB/3.408MB
test-ubuntu (3.14)	Set up Docker Compose	2026-05-19T19:32:10.6560032Z  b5c5a3ac416f Downloading [=>                                                 ]  103.4MB/3.001GB
test-ubuntu (3.14)	Set up Docker Compose	2026-05-19T19:32:10.7055861Z  0124d324831b Extracting [=======>                                           ]  36.77MB/249.5MB
test-ubuntu (3.14)	Set up Docker Compose	2026-05-19T19:32:10.7543924Z  661ff4d9561e Verifying Checksum 
test-ubuntu (3.14)	Set up Docker Compose	2026-05-19T19:32:10.7545232Z  661ff4d9561e Download complete 
test-ubuntu (3.14)	Set up Docker Compose	2026-05-19T19:32:10.7588214Z  6163e4fdd626 Extracting [=========================>                         ]   79.1MB/154.6MB
test-ubuntu (3.14)	Set up Docker Compose	2026-05-19T19:32:10.7602376Z  b5c5a3ac416f Downloading [=>                                                 ]  108.8MB/3.001GB
test-ubuntu (3.14)	Set up Docker Compose	2026-05-19T19:32:10.7662368Z  b0f4f1626421 Extracting [=================================================> ]  110.3MB/111.1MB
test-ubuntu (3.14)	Set up Docker Compose	2026-05-19T19:32:10.7694318Z  661ff4d9561e Extracting [>                                                  ]  65.54kB/3.408MB
test-ubuntu (3.14)	Set up Docker Compose	2026-05-19T19:32:10.8177753Z  77265a0c00dc Downloading [>                                                  ]  1.378kB/123.6kB
test-ubuntu (3.14)	Set up Docker Compose	2026-05-19T19:32:10.8597276Z  6163e4fdd626 Extracting [===========================>                       ]  85.79MB/154.6MB
test-ubuntu (3.14)	Set up Docker Compose	2026-05-19T19:32:10.8615914Z  77265a0c00dc Downloading [==================================================>]  123.6kB/123.6kB
test-ubuntu (3.14)	Set up Docker Compose	2026-05-19T19:32:10.8631335Z  77265a0c00dc Verifying Checksum 
test-ubuntu (3.14)	Set up Docker Compose	2026-05-19T19:32:10.8632067Z  77265a0c00dc Download complete 
test-ubuntu (3.14)	Set up Docker Compose	2026-05-19T19:32:10.8649763Z  b5c5a3ac416f Downloading [=>                                                 ]  114.2MB/3.001GB
test-ubuntu (3.14)	Set up Docker Compose	2026-05-19T19:32:10.8650873Z  0124d324831b Extracting [========>                                          ]  40.67MB/249.5MB
test-ubuntu (3.14)	Set up Docker Compose	2026-05-19T19:32:10.9912104Z  b5c5a3ac416f Downloading [=>                                                 ]  115.8MB/3.001GB
test-ubuntu (3.14)	Set up Docker Compose	2026-05-19T19:32:10.9961734Z  661ff4d9561e Extracting [===>                                               ]  262.1kB/3.408MB
test-ubuntu (3.14)	Set up Docker Compose	2026-05-19T19:32:11.0065209Z  6163e4fdd626 Extracting [============================>                      ]  88.01MB/154.6MB
test-ubuntu (3.14)	Set up Docker Compose	2026-05-19T19:32:11.0158027Z  0124d324831b Extracting [========>                                          ]  42.34MB/249.5MB
test-ubuntu (3.14)	Set up Docker Compose	2026-05-19T19:32:11.0263813Z  b0f4f1626421 Extracting [=================================================> ]  110.9MB/111.1MB
test-ubuntu (3.14)	Set up Docker Compose	2026-05-19T19:32:11.0661249Z  b4635ee9510c Downloading [==================================================>]     122B/122B
test-ubuntu (3.14)	Set up Docker Compose	2026-05-19T19:32:11.0661779Z  b4635ee9510c Verifying Checksum 
test-ubuntu (3.14)	Set up Docker Compose	2026-05-19T19:32:11.0662064Z  b4635ee9510c Download complete 
test-ubuntu (3.14)	Set up Docker Compose	2026-05-19T19:32:11.1565057Z  d8148ed4c132 Downloading [==================================================>]     963B/963B
test-ubuntu (3.14)	Set up Docker Compose	2026-05-19T19:32:11.1565699Z  d8148ed4c132 Verifying Checksum 
test-ubuntu (3.14)	Set up Docker Compose	2026-05-19T19:32:11.1566213Z  d8148ed4c132 Download complete 
test-ubuntu (3.14)	Set up Docker Compose	2026-05-19T19:32:11.2950926Z  b5c5a3ac416f Downloading [==>                                                ]  125.9MB/3.001GB
test-ubuntu (3.14)	Set up Docker Compose	2026-05-19T19:32:11.3038752Z  6163e4fdd626 Extracting [============================>                      ]  89.13MB/154.6MB
test-ubuntu (3.14)	Set up Docker Compose	2026-05-19T19:32:11.3535580Z  0124d324831b Extracting [========>                                          ]  43.45MB/249.5MB
test-ubuntu (3.14)	Set up Docker Compose	2026-05-19T19:32:11.3620030Z  661ff4d9561e Extracting [===========>                                       ]  786.4kB/3.408MB
test-ubuntu (3.14)	Set up Docker Compose	2026-05-19T19:32:11.3962149Z  b5c5a3ac416f Downloading [==>                                                ]  141.5MB/3.001GB
test-ubuntu (3.14)	Set up Docker Compose	2026-05-19T19:32:11.3994017Z  ca64c64b8c6b Extracting [===============================================>   ]    127MB/133.1MB
test-ubuntu (3.14)	Set up Docker Compose	2026-05-19T19:32:11.4227242Z  6163e4fdd626 Extracting [==============================>                    ]  93.59MB/154.6MB
test-ubuntu (3.14)	Set up Docker Compose	2026-05-19T19:32:11.4255613Z  b0f4f1626421 Extracting [==================================================>]  111.1MB/111.1MB
test-ubuntu (3.14)	Set up Docker Compose	2026-05-19T19:32:11.4309794Z  9d5d726ba80c Downloading [===>                                               ]  1.378kB/17.25kB
test-ubuntu (3.14)	Set up Docker Compose	2026-05-19T19:32:11.4368135Z  9d5d726ba80c Downloading [==================================================>]  17.25kB/17.25kB
test-ubuntu (3.14)	Set up Docker Compose	2026-05-19T19:32:11.4369157Z  9d5d726ba80c Verifying Checksum 
test-ubuntu (3.14)	Set up Docker Compose	2026-05-19T19:32:11.4369936Z  9d5d726ba80c Download complete 
test-ubuntu (3.14)	Set up Docker Compose	2026-05-19T19:32:11.4728816Z  0124d324831b Extracting [=========>                                         ]  46.24MB/249.5MB
test-ubuntu (3.14)	Set up Docker Compose	2026-05-19T19:32:11.5981518Z  b5c5a3ac416f Downloading [==>                                                ]  145.8MB/3.001GB
test-ubuntu (3.14)	Set up Docker Compose	2026-05-19T19:32:11.6078324Z  b47a890975df Downloading [>                                                  ]  1.378kB/78.04kB
test-ubuntu (3.14)	Set up Docker Compose	2026-05-19T19:32:11.6180413Z  b47a890975df Download complete 
test-ubuntu (3.14)	Set up Docker Compose	2026-05-19T19:32:11.6508777Z  ca64c64b8c6b Extracting [================================================>  ]  129.2MB/133.1MB
test-ubuntu (3.14)	Set up Docker Compose	2026-05-19T19:32:11.6528113Z  6163e4fdd626 Extracting [==============================>                    ]  95.26MB/154.6MB
test-ubuntu (3.14)	Set up Docker Compose	2026-05-19T19:32:11.6556608Z  661ff4d9561e Extracting [==================================================>]  3.408MB/3.408MB
test-ubuntu (3.14)	Set up Docker Compose	2026-05-19T19:32:11.7391980Z  0124d324831b Extracting [=========>                                         ]  46.79MB/249.5MB
test-ubuntu (3.14)	Set up Docker Compose	2026-05-19T19:32:11.7401839Z  b5c5a3ac416f Downloading [==>                                                ]  152.2MB/3.001GB
test-ubuntu (3.14)	Set up Docker Compose	2026-05-19T19:32:11.7590124Z  6163e4fdd626 Extracting [===============================>                   ]   98.6MB/154.6MB
test-ubuntu (3.14)	Set up Docker Compose	2026-05-19T19:32:11.7602715Z  250787e53948 Downloading [>                                                  ]  146.1kB/14.53MB
test-ubuntu (3.14)	Set up Docker Compose	2026-05-19T19:32:11.7853705Z  ca64c64b8c6b Extracting [================================================>  ]  129.8MB/133.1MB
test-ubuntu (3.14)	Set up Docker Compose	2026-05-19T19:32:11.8047188Z  661ff4d9561e Pull complete 
test-ubuntu (3.14)	Set up Docker Compose	2026-05-19T19:32:11.8363658Z  b5c5a3ac416f Downloading [==>                                                ]    164MB/3.001GB
test-ubuntu (3.14)	Set up Docker Compose	2026-05-19T19:32:11.8419033Z  0124d324831b Extracting [=========>                                         ]  49.58MB/249.5MB
test-ubuntu (3.14)	Set up Docker Compose	2026-05-19T19:32:11.8596548Z  6163e4fdd626 Extracting [=================================>                 ]  102.5MB/154.6MB
test-ubuntu (3.14)	Set up Docker Compose	2026-05-19T19:32:11.8605381Z  250787e53948 Downloading [=================>                                 ]  5.187MB/14.53MB
test-ubuntu (3.14)	Set up Docker Compose	2026-05-19T19:32:11.9092767Z  ca64c64b8c6b Extracting [=================================================> ]  132.6MB/133.1MB
test-ubuntu (3.14)	Set up Docker Compose	2026-05-19T19:32:11.9365878Z  ca64c64b8c6b Extracting [==================================================>]  133.1MB/133.1MB
test-ubuntu (3.14)	Set up Docker Compose	2026-05-19T19:32:11.9410237Z  b5c5a3ac416f Downloading [==>                                                ]  169.3MB/3.001GB
test-ubuntu (3.14)	Set up Docker Compose	2026-05-19T19:32:11.9494283Z  77265a0c00dc Extracting [=============>                                     ]  32.77kB/123.6kB
test-ubuntu (3.14)	Set up Docker Compose	2026-05-19T19:32:11.9496864Z  77265a0c00dc Extracting [==================================================>]  123.6kB/123.6kB
test-ubuntu (3.14)	Set up Docker Compose	2026-05-19T19:32:11.9498489Z  77265a0c00dc Extracting [==================================================>]  123.6kB/123.6kB
test-ubuntu (3.14)	Set up Docker Compose	2026-05-19T19:32:11.9608482Z  250787e53948 Downloading [==================================>                ]  10.03MB/14.53MB
test-ubuntu (3.14)	Set up Docker Compose	2026-05-19T19:32:11.9684699Z  6163e4fdd626 Extracting [==================================>                ]  105.3MB/154.6MB
test-ubuntu (3.14)	Set up Docker Compose	2026-05-19T19:32:11.9811974Z  36e66ef758c3 Downloading [>                                                  ]  8.268kB/735.8kB
test-ubuntu (3.14)	Set up Docker Compose	2026-05-19T19:32:11.9923435Z  0124d324831b Extracting [==========>                                        ]  54.03MB/249.5MB
test-ubuntu (3.14)	Set up Docker Compose	2026-05-19T19:32:12.0357590Z  36e66ef758c3 Verifying Checksum 
test-ubuntu (3.14)	Set up Docker Compose	2026-05-19T19:32:12.0358564Z  36e66ef758c3 Download complete 
test-ubuntu (3.14)	Set up Docker Compose	2026-05-19T19:32:12.0450663Z  250787e53948 Download complete 
test-ubuntu (3.14)	Set up Docker Compose	2026-05-19T19:32:12.0488161Z  b5c5a3ac416f Downloading [==>                                                ]  174.7MB/3.001GB
test-ubuntu (3.14)	Set up Docker Compose	2026-05-19T19:32:12.0699088Z  6163e4fdd626 Extracting [==================================>                ]    107MB/154.6MB
test-ubuntu (3.14)	Set up Docker Compose	2026-05-19T19:32:12.1514519Z  b5c5a3ac416f Downloading [==>                                                ]  176.8MB/3.001GB
test-ubuntu (3.14)	Set up Docker Compose	2026-05-19T19:32:12.2163197Z  0124d324831b Extracting [===========>                                       ]  57.38MB/249.5MB
test-ubuntu (3.14)	Set up Docker Compose	2026-05-19T19:32:12.2575927Z  b5c5a3ac416f Downloading [===>                                               ]  181.7MB/3.001GB
test-ubuntu (3.14)	Set up Docker Compose	2026-05-19T19:32:12.2893800Z  ca64c64b8c6b Pull complete 
test-ubuntu (3.14)	Set up Docker Compose	2026-05-19T19:32:12.2953623Z  5d4e761fb5e7 Extracting [==================================================>]  11.93kB/11.93kB
test-ubuntu (3.14)	Set up Docker Compose	2026-05-19T19:32:12.2954711Z  5d4e761fb5e7 Extracting [==================================================>]  11.93kB/11.93kB
test-ubuntu (3.14)	Set up Docker Compose	2026-05-19T19:32:12.2976503Z  6163e4fdd626 Extracting [==================================>                ]  107.5MB/154.6MB
test-ubuntu (3.14)	Set up Docker Compose	2026-05-19T19:32:12.3677269Z  56994fce3c1a Downloading [>                                                  ]  1.378kB/83.12kB
test-ubuntu (3.14)	Set up Docker Compose	2026-05-19T19:32:12.3709649Z  1f1735923178 Downloading [>                                                  ]  147.5kB/14.31MB
test-ubuntu (3.14)	Set up Docker Compose	2026-05-19T19:32:12.4006657Z  56994fce3c1a Downloading [==================================================>]  83.12kB/83.12kB
test-ubuntu (3.14)	Set up Docker Compose	2026-05-19T19:32:12.4007220Z  56994fce3c1a Verifying Checksum 
test-ubuntu (3.14)	Set up Docker Compose	2026-05-19T19:32:12.4007857Z  56994fce3c1a Download complete 
test-ubuntu (3.14)	Set up Docker Compose	2026-05-19T19:32:12.4474181Z  b5c5a3ac416f Downloading [===>                                               ]  189.7MB/3.001GB
test-ubuntu (3.14)	Set up Docker Compose	2026-05-19T19:32:12.4478354Z  77265a0c00dc Pull complete 
test-ubuntu (3.14)	Set up Docker Compose	2026-05-19T19:32:12.4584185Z  b4635ee9510c Extracting [==================================================>]     122B/122B
test-ubuntu (3.14)	Set up Docker Compose	2026-05-19T19:32:12.4591475Z  b4635ee9510c Extracting [==================================================>]     122B/122B
test-ubuntu (3.14)	Set up Docker Compose	2026-05-19T19:32:12.4806959Z  0124d324831b Extracting [===========>                                       ]  59.05MB/249.5MB
test-ubuntu (3.14)	Set up Docker Compose	2026-05-19T19:32:12.4955669Z  1f1735923178 Downloading [====================>                              ]  5.775MB/14.31MB
test-ubuntu (3.14)	Set up Docker Compose	2026-05-19T19:32:12.5047851Z  6163e4fdd626 Extracting [===================================>               ]  108.6MB/154.6MB
test-ubuntu (3.14)	Set up Docker Compose	2026-05-19T19:32:12.5608421Z  b5c5a3ac416f Downloading [===>                                               ]  194.5MB/3.001GB
test-ubuntu (3.14)	Set up Docker Compose	2026-05-19T19:32:12.5963288Z  1f1735923178 Downloading [==========================================>        ]  12.26MB/14.31MB
test-ubuntu (3.14)	Set up Docker Compose	2026-05-19T19:32:12.6400215Z  03b1c1358482 Pull complete 
test-ubuntu (3.14)	Set up Docker Compose	2026-05-19T19:32:12.6409022Z  27baa147e9fa Pull complete 
test-ubuntu (3.14)	Set up Docker Compose	2026-05-19T19:32:12.6436438Z  1f1735923178 Verifying Checksum 
test-ubuntu (3.14)	Set up Docker Compose	2026-05-19T19:32:12.6437205Z  1f1735923178 Download complete 
test-ubuntu (3.14)	Set up Docker Compose	2026-05-19T19:32:12.6455764Z  c914fe955fee Extracting [==================================================>]  3.864kB/3.864kB
test-ubuntu (3.14)	Set up Docker Compose	2026-05-19T19:32:12.6462339Z  06803ccce673 Pull complete 
test-ubuntu (3.14)	Set up Docker Compose	2026-05-19T19:32:12.6472629Z  c914fe955fee Extracting [==================================================>]  3.864kB/3.864kB
test-ubuntu (3.14)	Set up Docker Compose	2026-05-19T19:32:12.6480129Z  b5c5a3ac416f Downloading [===>                                               ]  204.2MB/3.001GB
test-ubuntu (3.14)	Set up Docker Compose	2026-05-19T19:32:12.6521468Z  f7580f6b7618 Extracting [==================================================>]  3.315kB/3.315kB
test-ubuntu (3.14)	Set up Docker Compose	2026-05-19T19:32:12.6522761Z  f7580f6b7618 Extracting [==================================================>]  3.315kB/3.315kB
test-ubuntu (3.14)	Set up Docker Compose	2026-05-19T19:32:12.6543214Z  b0f4f1626421 Pull complete 
test-ubuntu (3.14)	Set up Docker Compose	2026-05-19T19:32:12.6543929Z  5d4e761fb5e7 Pull complete 
test-ubuntu (3.14)	Set up Docker Compose	2026-05-19T19:32:12.6568829Z  b4635ee9510c Pull complete 
test-ubuntu (3.14)	Set up Docker Compose	2026-05-19T19:32:12.6585865Z  5775e5d393e8 Extracting [==================================================>]  9.887kB/9.887kB
test-ubuntu (3.14)	Set up Docker Compose	2026-05-19T19:32:12.6598139Z  5775e5d393e8 Extracting [==================================================>]  9.887kB/9.887kB
test-ubuntu (3.14)	Set up Docker Compose	2026-05-19T19:32:12.6604721Z  0124d324831b Extracting [===========>                                       ]   59.6MB/249.5MB
test-ubuntu (3.14)	Set up Docker Compose	2026-05-19T19:32:12.6675888Z  d8148ed4c132 Extracting [==================================================>]     963B/963B
test-ubuntu (3.14)	Set up Docker Compose	2026-05-19T19:32:12.6677246Z  d8148ed4c132 Extracting [==================================================>]     963B/963B
test-ubuntu (3.14)	Set up Docker Compose	2026-05-19T19:32:12.6684589Z  45f569379759 Extracting [>                                                  ]  163.8kB/13.42MB
test-ubuntu (3.14)	Set up Docker Compose	2026-05-19T19:32:12.6743374Z  6163e4fdd626 Extracting [===================================>               ]  110.9MB/154.6MB
test-ubuntu (3.14)	Set up Docker Compose	2026-05-19T19:32:12.6768493Z  ac03b73ed425 Extracting [>                                                  ]  557.1kB/81.28MB
test-ubuntu (3.14)	Set up Docker Compose	2026-05-19T19:32:12.7024786Z  f7580f6b7618 Pull complete 
test-ubuntu (3.14)	Set up Docker Compose	2026-05-19T19:32:12.7028207Z  d8148ed4c132 Pull complete 
test-ubuntu (3.14)	Set up Docker Compose	2026-05-19T19:32:12.7090987Z  3ab90894f5f5 Extracting [==================================================>]     145B/145B
test-ubuntu (3.14)	Set up Docker Compose	2026-05-19T19:32:12.7092131Z  3ab90894f5f5 Extracting [==================================================>]     145B/145B
test-ubuntu (3.14)	Set up Docker Compose	2026-05-19T19:32:12.7133401Z  9d5d726ba80c Extracting [==================================================>]  17.25kB/17.25kB
test-ubuntu (3.14)	Set up Docker Compose	2026-05-19T19:32:12.7144859Z  9d5d726ba80c Extracting [==================================================>]  17.25kB/17.25kB
test-ubuntu (3.14)	Set up Docker Compose	2026-05-19T19:32:12.7521612Z  b5c5a3ac416f Downloading [===>                                               ]    209MB/3.001GB
test-ubuntu (3.14)	Set up Docker Compose	2026-05-19T19:32:12.7689045Z  5775e5d393e8 Pull complete 
test-ubuntu (3.14)	Set up Docker Compose	2026-05-19T19:32:12.7733731Z  e0de67612b9a Extracting [==================================================>]     128B/128B
test-ubuntu (3.14)	Set up Docker Compose	2026-05-19T19:32:12.7738143Z  e0de67612b9a Extracting [==================================================>]     128B/128B
test-ubuntu (3.14)	Set up Docker Compose	2026-05-19T19:32:12.7751198Z  3ab90894f5f5 Pull complete 
test-ubuntu (3.14)	Set up Docker Compose	2026-05-19T19:32:12.7763926Z  c914fe955fee Pull complete 
test-ubuntu (3.14)	Set up Docker Compose	2026-05-19T19:32:12.7765618Z  45f569379759 Extracting [===>                                               ]  819.2kB/13.42MB
test-ubuntu (3.14)	Set up Docker Compose	2026-05-19T19:32:12.7868590Z  75616aa22dfd Extracting [=========================>                         ]  32.77kB/64.77kB
test-ubuntu (3.14)	Set up Docker Compose	2026-05-19T19:32:12.7877452Z  75616aa22dfd Extracting [==================================================>]  64.77kB/64.77kB
test-ubuntu (3.14)	Set up Docker Compose	2026-05-19T19:32:12.7906517Z  ecab2cd70e50 Extracting [==================================================>]  9.429kB/9.429kB
test-ubuntu (3.14)	Set up Docker Compose	2026-05-19T19:32:12.7907764Z  ecab2cd70e50 Extracting [==================================================>]  9.429kB/9.429kB
test-ubuntu (3.14)	Set up Docker Compose	2026-05-19T19:32:12.7917824Z  9d5d726ba80c Pull complete 
test-ubuntu (3.14)	Set up Docker Compose	2026-05-19T19:32:12.7939692Z  ac03b73ed425 Extracting [=>                                                 ]  2.228MB/81.28MB
test-ubuntu (3.14)	Set up Docker Compose	2026-05-19T19:32:12.7965226Z  b47a890975df Extracting [====================>                              ]  32.77kB/78.04kB
test-ubuntu (3.14)	Set up Docker Compose	2026-05-19T19:32:12.7968159Z  b47a890975df Extracting [==================================================>]  78.04kB/78.04kB
test-ubuntu (3.14)	Set up Docker Compose	2026-05-19T19:32:12.8009995Z  e0de67612b9a Pull complete 
test-ubuntu (3.14)	Set up Docker Compose	2026-05-19T19:32:12.8031793Z  b47a890975df Extracting [==================================================>]  78.04kB/78.04kB
test-ubuntu (3.14)	Set up Docker Compose	2026-05-19T19:32:12.8105289Z  e8463a0bbc2e Extracting [==================================================>]     169B/169B
test-ubuntu (3.14)	Set up Docker Compose	2026-05-19T19:32:12.8106858Z  e8463a0bbc2e Extracting [==================================================>]     169B/169B
test-ubuntu (3.14)	Set up Docker Compose	2026-05-19T19:32:12.8151884Z  ecab2cd70e50 Pull complete 
test-ubuntu (3.14)	Set up Docker Compose	2026-05-19T19:32:12.8169757Z  6163e4fdd626 Extracting [====================================>              ]  111.4MB/154.6MB
test-ubuntu (3.14)	Set up Docker Compose	2026-05-19T19:32:12.8236559Z  75616aa22dfd Pull complete 
test-ubuntu (3.14)	Set up Docker Compose	2026-05-19T19:32:12.8355114Z  b47a890975df Pull complete 
test-ubuntu (3.14)	Set up Docker Compose	2026-05-19T19:32:12.8434421Z  e8463a0bbc2e Pull complete 
test-ubuntu (3.14)	Set up Docker Compose	2026-05-19T19:32:12.8439754Z  250787e53948 Extracting [>                                                  ]  163.8kB/14.53MB
test-ubuntu (3.14)	Set up Docker Compose	2026-05-19T19:32:12.8498301Z  394171cb0e6f Extracting [==================================================>]    6.1kB/6.1kB
test-ubuntu (3.14)	Set up Docker Compose	2026-05-19T19:32:12.8506729Z  394171cb0e6f Extracting [==================================================>]    6.1kB/6.1kB
test-ubuntu (3.14)	Set up Docker Compose	2026-05-19T19:32:12.8526594Z  b5c5a3ac416f Downloading [===>                                               ]    216MB/3.001GB
test-ubuntu (3.14)	Set up Docker Compose	2026-05-19T19:32:12.8607729Z  0124d324831b Extracting [============>                                      ]  60.16MB/249.5MB
test-ubuntu (3.14)	Set up Docker Compose	2026-05-19T19:32:12.8778143Z  45f569379759 Extracting [=========>                                         ]  2.621MB/13.42MB
test-ubuntu (3.14)	Set up Docker Compose	2026-05-19T19:32:12.8801894Z  394171cb0e6f Pull complete 
test-ubuntu (3.14)	Set up Docker Compose	2026-05-19T19:32:12.8841965Z  d1632e5aec61 Extracting [==================================================>]     187B/187B
test-ubuntu (3.14)	Set up Docker Compose	2026-05-19T19:32:12.8851659Z  d1632e5aec61 Extracting [==================================================>]     187B/187B
test-ubuntu (3.14)	Set up Docker Compose	2026-05-19T19:32:12.8967090Z  ac03b73ed425 Extracting [==>                                                ]  3.899MB/81.28MB
test-ubuntu (3.14)	Set up Docker Compose	2026-05-19T19:32:12.9150875Z  d1632e5aec61 Pull complete 
test-ubuntu (3.14)	Set up Docker Compose	2026-05-19T19:32:12.9378401Z  postgres Pulled 
test-ubuntu (3.14)	Set up Docker Compose	2026-05-19T19:32:12.9475775Z  6163e4fdd626 Extracting [====================================>              ]  113.1MB/154.6MB
test-ubuntu (3.14)	Set up Docker Compose	2026-05-19T19:32:12.9489939Z  250787e53948 Extracting [======>                                            ]  1.802MB/14.53MB
test-ubuntu (3.14)	Set up Docker Compose	2026-05-19T19:32:12.9545197Z  b5c5a3ac416f Downloading [===>                                               ]  221.3MB/3.001GB
test-ubuntu (3.14)	Set up Docker Compose	2026-05-19T19:32:12.9861712Z  45f569379759 Extracting [=================>                                 ]  4.751MB/13.42MB
test-ubuntu (3.14)	Set up Docker Compose	2026-05-19T19:32:12.9964205Z  0e9d048cd1fe Extracting [>                                                  ]  557.1kB/116.5MB
test-ubuntu (3.14)	Set up Docker Compose	2026-05-19T19:32:13.0231347Z  ac03b73ed425 Extracting [===>                                               ]  6.128MB/81.28MB
test-ubuntu (3.14)	Set up Docker Compose	2026-05-19T19:32:13.0500409Z  250787e53948 Extracting [=============>                                     ]  3.932MB/14.53MB
test-ubuntu (3.14)	Set up Docker Compose	2026-05-19T19:32:13.0592579Z  b5c5a3ac416f Downloading [===>                                               ]  226.7MB/3.001GB
test-ubuntu (3.14)	Set up Docker Compose	2026-05-19T19:32:13.0794309Z  6163e4fdd626 Extracting [=====================================>             ]  115.9MB/154.6MB
test-ubuntu (3.14)	Set up Docker Compose	2026-05-19T19:32:13.0891393Z  45f569379759 Extracting [========================>                          ]  6.554MB/13.42MB
test-ubuntu (3.14)	Set up Docker Compose	2026-05-19T19:32:13.1161078Z  0e9d048cd1fe Extracting [>                                                  ]  2.228MB/116.5MB
test-ubuntu (3.14)	Set up Docker Compose	2026-05-19T19:32:13.1507843Z  250787e53948 Extracting [=====================>                             ]   6.39MB/14.53MB
test-ubuntu (3.14)	Set up Docker Compose	2026-05-19T19:32:13.1628454Z  b5c5a3ac416f Downloading [===>                                               ]  232.1MB/3.001GB
test-ubuntu (3.14)	Set up Docker Compose	2026-05-19T19:32:13.1720670Z  ac03b73ed425 Extracting [====>                                              ]  7.799MB/81.28MB
test-ubuntu (3.14)	Set up Docker Compose	2026-05-19T19:32:13.1819629Z  0124d324831b Extracting [============>                                      ]  61.83MB/249.5MB
test-ubuntu (3.14)	Set up Docker Compose	2026-05-19T19:32:13.1931405Z  45f569379759 Extracting [==============================>                    ]  8.192MB/13.42MB
test-ubuntu (3.14)	Set up Docker Compose	2026-05-19T19:32:13.2026806Z  6163e4fdd626 Extracting [======================================>            ]  118.1MB/154.6MB
test-ubuntu (3.14)	Set up Docker Compose	2026-05-19T19:32:13.2450151Z  0e9d048cd1fe Extracting [=>                                                 ]  3.342MB/116.5MB
test-ubuntu (3.14)	Set up Docker Compose	2026-05-19T19:32:13.2532831Z  250787e53948 Extracting [=============================>                     ]   8.52MB/14.53MB
test-ubuntu (3.14)	Set up Docker Compose	2026-05-19T19:32:13.2692948Z  b5c5a3ac416f Downloading [===>                                               ]  237.4MB/3.001GB
test-ubuntu (3.14)	Set up Docker Compose	2026-05-19T19:32:13.2874938Z  ac03b73ed425 Extracting [=====>                                             ]   9.47MB/81.28MB
test-ubuntu (3.14)	Set up Docker Compose	2026-05-19T19:32:13.2951704Z  45f569379759 Extracting [========================================>          ]  10.81MB/13.42MB
test-ubuntu (3.14)	Set up Docker Compose	2026-05-19T19:32:13.3222313Z  6163e4fdd626 Extracting [======================================>            ]  120.3MB/154.6MB
test-ubuntu (3.14)	Set up Docker Compose	2026-05-19T19:32:13.3572956Z  0124d324831b Extracting [============>                                      ]  62.95MB/249.5MB
test-ubuntu (3.14)	Set up Docker Compose	2026-05-19T19:32:13.3587069Z  250787e53948 Extracting [=====================================>             ]  10.81MB/14.53MB
test-ubuntu (3.14)	Set up Docker Compose	2026-05-19T19:32:13.3628226Z  0e9d048cd1fe Extracting [=>                                                 ]  4.456MB/116.5MB
test-ubuntu (3.14)	Set up Docker Compose	2026-05-19T19:32:13.3733417Z  b5c5a3ac416f Downloading [====>                                              ]  242.8MB/3.001GB
test-ubuntu (3.14)	Set up Docker Compose	2026-05-19T19:32:13.3968769Z  45f569379759 Extracting [===============================================>   ]  12.78MB/13.42MB
test-ubuntu (3.14)	Set up Docker Compose	2026-05-19T19:32:13.4040810Z  ac03b73ed425 Extracting [======>                                            ]  11.14MB/81.28MB
test-ubuntu (3.14)	Set up Docker Compose	2026-05-19T19:32:13.4438195Z  45f569379759 Extracting [==================================================>]  13.42MB/13.42MB
test-ubuntu (3.14)	Set up Docker Compose	2026-05-19T19:32:13.4486679Z  6163e4fdd626 Extracting [=======================================>           ]  123.1MB/154.6MB
test-ubuntu (3.14)	Set up Docker Compose	2026-05-19T19:32:13.4677971Z  250787e53948 Extracting [=================================================> ]  14.42MB/14.53MB
test-ubuntu (3.14)	Set up Docker Compose	2026-05-19T19:32:13.4740446Z  0e9d048cd1fe Extracting [====>                                              ]  10.03MB/116.5MB
test-ubuntu (3.14)	Set up Docker Compose	2026-05-19T19:32:13.4752138Z  b5c5a3ac416f Downloading [====>                                              ]  248.1MB/3.001GB
test-ubuntu (3.14)	Set up Docker Compose	2026-05-19T19:32:13.4922170Z  250787e53948 Extracting [==================================================>]  14.53MB/14.53MB
test-ubuntu (3.14)	Set up Docker Compose	2026-05-19T19:32:13.5106878Z  ac03b73ed425 Extracting [=======>                                           ]  12.81MB/81.28MB
test-ubuntu (3.14)	Set up Docker Compose	2026-05-19T19:32:13.5417872Z  0124d324831b Extracting [============>                                      ]  64.06MB/249.5MB
test-ubuntu (3.14)	Set up Docker Compose	2026-05-19T19:32:13.5499695Z  6163e4fdd626 Extracting [=========================================>         ]    127MB/154.6MB
test-ubuntu (3.14)	Set up Docker Compose	2026-05-19T19:32:13.5820586Z  b5c5a3ac416f Downloading [====>                                              ]  253.5MB/3.001GB
test-ubuntu (3.14)	Set up Docker Compose	2026-05-19T19:32:13.5837301Z  0e9d048cd1fe Extracting [=======>                                           ]  17.27MB/116.5MB
test-ubuntu (3.14)	Set up Docker Compose	2026-05-19T19:32:13.6269913Z  ac03b73ed425 Extracting [=========>                                         ]  16.15MB/81.28MB
test-ubuntu (3.14)	Set up Docker Compose	2026-05-19T19:32:13.6832292Z  b5c5a3ac416f Downloading [====>                                              ]  258.9MB/3.001GB
test-ubuntu (3.14)	Set up Docker Compose	2026-05-19T19:32:13.7070153Z  0e9d048cd1fe Extracting [=========>                                         ]  22.28MB/116.5MB
test-ubuntu (3.14)	Set up Docker Compose	2026-05-19T19:32:13.7168894Z  6163e4fdd626 Extracting [==========================================>        ]  131.5MB/154.6MB
test-ubuntu (3.14)	Set up Docker Compose	2026-05-19T19:32:13.7290274Z  0124d324831b Extracting [=============>                                     ]  65.18MB/249.5MB
test-ubuntu (3.14)	Set up Docker Compose	2026-05-19T19:32:13.7314419Z  ac03b73ed425 Extracting [==========>                                        ]  17.83MB/81.28MB
test-ubuntu (3.14)	Set up Docker Compose	2026-05-19T19:32:13.7905473Z  b5c5a3ac416f Downloading [====>                                              ]  264.2MB/3.001GB
test-ubuntu (3.14)	Set up Docker Compose	2026-05-19T19:32:13.8420879Z  0e9d048cd1fe Extracting [============>                                      ]  29.52MB/116.5MB
test-ubuntu (3.14)	Set up Docker Compose	2026-05-19T19:32:13.8425241Z  6163e4fdd626 Extracting [==========================================>        ]  132.6MB/154.6MB
test-ubuntu (3.14)	Set up Docker Compose	2026-05-19T19:32:13.8470571Z  0124d324831b Extracting [=============>                                     ]  65.73MB/249.5MB
test-ubuntu (3.14)	Set up Docker Compose	2026-05-19T19:32:13.8558488Z  ac03b73ed425 Extracting [============>                                      ]  20.61MB/81.28MB
test-ubuntu (3.14)	Set up Docker Compose	2026-05-19T19:32:13.8936813Z  b5c5a3ac416f Downloading [====>                                              ]  269.6MB/3.001GB
test-ubuntu (3.14)	Set up Docker Compose	2026-05-19T19:32:13.9380124Z  250787e53948 Pull complete 
test-ubuntu (3.14)	Set up Docker Compose	2026-05-19T19:32:13.9387304Z  45f569379759 Pull complete 
test-ubuntu (3.14)	Set up Docker Compose	2026-05-19T19:32:13.9457694Z  2f5d19039fdb Extracting [==================================================>]     162B/162B
test-ubuntu (3.14)	Set up Docker Compose	2026-05-19T19:32:13.9458553Z  2f5d19039fdb Extracting [==================================================>]     162B/162B
test-ubuntu (3.14)	Set up Docker Compose	2026-05-19T19:32:13.9459301Z  36e66ef758c3 Extracting [==>                                                ]  32.77kB/735.8kB
test-ubuntu (3.14)	Set up Docker Compose	2026-05-19T19:32:13.9499047Z  0e9d048cd1fe Extracting [==============>                                    ]  33.98MB/116.5MB
test-ubuntu (3.14)	Set up Docker Compose	2026-05-19T19:32:13.9544813Z  0124d324831b Extracting [=============>                                     ]  66.29MB/249.5MB
test-ubuntu (3.14)	Set up Docker Compose	2026-05-19T19:32:13.9650226Z  6163e4fdd626 Extracting [===========================================>       ]  134.8MB/154.6MB
test-ubuntu (3.14)	Set up Docker Compose	2026-05-19T19:32:14.0469460Z  b5c5a3ac416f Downloading [====>                                              ]  273.3MB/3.001GB
test-ubuntu (3.14)	Set up Docker Compose	2026-05-19T19:32:14.0499685Z  36e66ef758c3 Extracting [=================>                                 ]  262.1kB/735.8kB
test-ubuntu (3.14)	Set up Docker Compose	2026-05-19T19:32:14.0509339Z  0e9d048cd1fe Extracting [==============>                                    ]  34.54MB/116.5MB
test-ubuntu (3.14)	Set up Docker Compose	2026-05-19T19:32:14.0586941Z  2f5d19039fdb Pull complete 
test-ubuntu (3.14)	Set up Docker Compose	2026-05-19T19:32:14.0593256Z  ac03b73ed425 Extracting [==============>                                    ]  23.95MB/81.28MB
test-ubuntu (3.14)	Set up Docker Compose	2026-05-19T19:32:14.0647620Z  0124d324831b Extracting [=============>                                     ]  66.85MB/249.5MB
test-ubuntu (3.14)	Set up Docker Compose	2026-05-19T19:32:14.0660774Z  4f4fb700ef54 Extracting [==================================================>]      32B/32B
test-ubuntu (3.14)	Set up Docker Compose	2026-05-19T19:32:14.0662626Z  4f4fb700ef54 Extracting [==================================================>]      32B/32B
test-ubuntu (3.14)	Set up Docker Compose	2026-05-19T19:32:14.0788041Z  36e66ef758c3 Extracting [==================================================>]  735.8kB/735.8kB
test-ubuntu (3.14)	Set up Docker Compose	2026-05-19T19:32:14.0812659Z  6163e4fdd626 Extracting [===========================================>       ]  135.4MB/154.6MB
test-ubuntu (3.14)	Set up Docker Compose	2026-05-19T19:32:14.0977472Z  4f4fb700ef54 Pull complete 
test-ubuntu (3.14)	Set up Docker Compose	2026-05-19T19:32:14.0978075Z  36e66ef758c3 Pull complete 
test-ubuntu (3.14)	Set up Docker Compose	2026-05-19T19:32:14.1013517Z  56994fce3c1a Extracting [===================>                               ]  32.77kB/83.12kB
test-ubuntu (3.14)	Set up Docker Compose	2026-05-19T19:32:14.1018498Z  56994fce3c1a Extracting [==================================================>]  83.12kB/83.12kB
test-ubuntu (3.14)	Set up Docker Compose	2026-05-19T19:32:14.1042796Z  56994fce3c1a Extracting [==================================================>]  83.12kB/83.12kB
test-ubuntu (3.14)	Set up Docker Compose	2026-05-19T19:32:14.1064732Z  c8533800cdf1 Extracting [==================================================>]  1.334kB/1.334kB
test-ubuntu (3.14)	Set up Docker Compose	2026-05-19T19:32:14.1087754Z  c8533800cdf1 Extracting [==================================================>]  1.334kB/1.334kB
test-ubuntu (3.14)	Set up Docker Compose	2026-05-19T19:32:14.1299493Z  c8533800cdf1 Pull complete 
test-ubuntu (3.14)	Set up Docker Compose	2026-05-19T19:32:14.1449998Z  b5c5a3ac416f Downloading [====>                                              ]  282.4MB/3.001GB
test-ubuntu (3.14)	Set up Docker Compose	2026-05-19T19:32:14.1463966Z  grafana Pulled 
test-ubuntu (3.14)	Set up Docker Compose	2026-05-19T19:32:14.1474749Z  56994fce3c1a Pull complete 
test-ubuntu (3.14)	Set up Docker Compose	2026-05-19T19:32:14.1547666Z  1f1735923178 Extracting [>                                                  ]  163.8kB/14.31MB
test-ubuntu (3.14)	Set up Docker Compose	2026-05-19T19:32:14.1590270Z  0e9d048cd1fe Extracting [================>                                  ]  38.99MB/116.5MB
test-ubuntu (3.14)	Set up Docker Compose	2026-05-19T19:32:14.1730588Z  ac03b73ed425 Extracting [================>                                  ]  26.18MB/81.28MB
test-ubuntu (3.14)	Set up Docker Compose	2026-05-19T19:32:14.1920468Z  6163e4fdd626 Extracting [============================================>      ]  137.6MB/154.6MB
test-ubuntu (3.14)	Set up Docker Compose	2026-05-19T19:32:14.2101535Z  0124d324831b Extracting [=============>                                     ]  67.96MB/249.5MB
test-ubuntu (3.14)	Set up Docker Compose	2026-05-19T19:32:14.2486895Z  b5c5a3ac416f Downloading [====>                                              ]  287.8MB/3.001GB
test-ubuntu (3.14)	Set up Docker Compose	2026-05-19T19:32:14.2564647Z  1f1735923178 Extracting [==========>                                        ]  2.949MB/14.31MB
test-ubuntu (3.14)	Set up Docker Compose	2026-05-19T19:32:14.2655319Z  0e9d048cd1fe Extracting [===================>                               ]  45.12MB/116.5MB
test-ubuntu (3.14)	Set up Docker Compose	2026-05-19T19:32:14.3092474Z  6163e4fdd626 Extracting [=============================================>     ]  140.9MB/154.6MB
test-ubuntu (3.14)	Set up Docker Compose	2026-05-19T19:32:14.3478996Z  0124d324831b Extracting [=============>                                     ]  69.07MB/249.5MB
test-ubuntu (3.14)	Set up Docker Compose	2026-05-19T19:32:14.3484486Z  ac03b73ed425 Extracting [==================>                                ]  30.64MB/81.28MB
test-ubuntu (3.14)	Set up Docker Compose	2026-05-19T19:32:14.3523333Z  b5c5a3ac416f Downloading [====>                                              ]  293.2MB/3.001GB
test-ubuntu (3.14)	Set up Docker Compose	2026-05-19T19:32:14.3620071Z  1f1735923178 Extracting [==================>                                ]  5.243MB/14.31MB
test-ubuntu (3.14)	Set up Docker Compose	2026-05-19T19:32:14.3665612Z  0e9d048cd1fe Extracting [======================>                            ]  51.25MB/116.5MB
test-ubuntu (3.14)	Set up Docker Compose	2026-05-19T19:32:14.4141830Z  6163e4fdd626 Extracting [==============================================>    ]  144.3MB/154.6MB
test-ubuntu (3.14)	Set up Docker Compose	2026-05-19T19:32:14.4525875Z  ac03b73ed425 Extracting [====================>                              ]  33.42MB/81.28MB
test-ubuntu (3.14)	Set up Docker Compose	2026-05-19T19:32:14.4587318Z  b5c5a3ac416f Downloading [====>                                              ]  298.5MB/3.001GB
test-ubuntu (3.14)	Set up Docker Compose	2026-05-19T19:32:14.4620640Z  0124d324831b Extracting [=============>                                     ]  69.63MB/249.5MB
test-ubuntu (3.14)	Set up Docker Compose	2026-05-19T19:32:14.4695760Z  1f1735923178 Extracting [==========================>                        ]    7.7MB/14.31MB
test-ubuntu (3.14)	Set up Docker Compose	2026-05-19T19:32:14.4721405Z  0e9d048cd1fe Extracting [========================>                          ]  57.38MB/116.5MB
test-ubuntu (3.14)	Set up Docker Compose	2026-05-19T19:32:14.5261189Z  6163e4fdd626 Extracting [===============================================>   ]  147.6MB/154.6MB
test-ubuntu (3.14)	Set up Docker Compose	2026-05-19T19:32:14.5549922Z  ac03b73ed425 Extracting [======================>                            ]  37.32MB/81.28MB
test-ubuntu (3.14)	Set up Docker Compose	2026-05-19T19:32:14.5613667Z  b5c5a3ac416f Downloading [=====>                                             ]  303.9MB/3.001GB
test-ubuntu (3.14)	Set up Docker Compose	2026-05-19T19:32:14.5765582Z  0e9d048cd1fe Extracting [============================>                      ]  65.73MB/116.5MB
test-ubuntu (3.14)	Set up Docker Compose	2026-05-19T19:32:14.5802613Z  1f1735923178 Extracting [==================================>                ]   9.83MB/14.31MB
test-ubuntu (3.14)	Set up Docker Compose	2026-05-19T19:32:14.6315639Z  6163e4fdd626 Extracting [================================================>  ]  150.4MB/154.6MB
test-ubuntu (3.14)	Set up Docker Compose	2026-05-19T19:32:14.6385318Z  0124d324831b Extracting [==============>                                    ]  70.75MB/249.5MB
test-ubuntu (3.14)	Set up Docker Compose	2026-05-19T19:32:14.6580527Z  ac03b73ed425 Extracting [========================>                          ]  40.11MB/81.28MB
test-ubuntu (3.14)	Set up Docker Compose	2026-05-19T19:32:14.6665032Z  b5c5a3ac416f Downloading [=====>                                             ]  309.2MB/3.001GB
test-ubuntu (3.14)	Set up Docker Compose	2026-05-19T19:32:14.6801096Z  1f1735923178 Extracting [============================================>      ]  12.78MB/14.31MB
test-ubuntu (3.14)	Set up Docker Compose	2026-05-19T19:32:14.6815247Z  0e9d048cd1fe Extracting [==============================>                    ]   71.3MB/116.5MB
test-ubuntu (3.14)	Set up Docker Compose	2026-05-19T19:32:14.7337209Z  6163e4fdd626 Extracting [=================================================> ]  153.7MB/154.6MB
test-ubuntu (3.14)	Set up Docker Compose	2026-05-19T19:32:14.7368066Z  1f1735923178 Extracting [==================================================>]  14.31MB/14.31MB
test-ubuntu (3.14)	Set up Docker Compose	2026-05-19T19:32:14.7422159Z  0124d324831b Extracting [==============>                                    ]   71.3MB/249.5MB
test-ubuntu (3.14)	Set up Docker Compose	2026-05-19T19:32:14.7719827Z  b5c5a3ac416f Downloading [=====>                                             ]  314.6MB/3.001GB
test-ubuntu (3.14)	Set up Docker Compose	2026-05-19T19:32:14.7917082Z  0e9d048cd1fe Extracting [=================================>                 ]  77.43MB/116.5MB
test-ubuntu (3.14)	Set up Docker Compose	2026-05-19T19:32:14.7921710Z  6163e4fdd626 Extracting [==================================================>]  154.6MB/154.6MB
test-ubuntu (3.14)	Set up Docker Compose	2026-05-19T19:32:14.7965970Z  ac03b73ed425 Extracting [==========================>                        ]  42.34MB/81.28MB
test-ubuntu (3.14)	Set up Docker Compose	2026-05-19T19:32:14.8744098Z  b5c5a3ac416f Downloading [=====>                                             ]    320MB/3.001GB
test-ubuntu (3.14)	Set up Docker Compose	2026-05-19T19:32:14.8817698Z  0124d324831b Extracting [==============>                                    ]  72.42MB/249.5MB
test-ubuntu (3.14)	Set up Docker Compose	2026-05-19T19:32:14.8940890Z  0e9d048cd1fe Extracting [======================================>            ]  89.13MB/116.5MB
test-ubuntu (3.14)	Set up Docker Compose	2026-05-19T19:32:14.8980168Z  ac03b73ed425 Extracting [================================>                  ]  53.48MB/81.28MB
test-ubuntu (3.14)	Set up Docker Compose	2026-05-19T19:32:14.9788117Z  b5c5a3ac416f Downloading [=====>                                             ]  325.3MB/3.001GB
test-ubuntu (3.14)	Set up Docker Compose	2026-05-19T19:32:14.9942113Z  0e9d048cd1fe Extracting [==========================================>        ]  99.16MB/116.5MB
test-ubuntu (3.14)	Set up Docker Compose	2026-05-19T19:32:15.0408612Z  ac03b73ed425 Extracting [==========================================>        ]  68.52MB/81.28MB
test-ubuntu (3.14)	Set up Docker Compose	2026-05-19T19:32:15.0835863Z  0124d324831b Extracting [==============>                                    ]  74.09MB/249.5MB
test-ubuntu (3.14)	Set up Docker Compose	2026-05-19T19:32:15.0837505Z  b5c5a3ac416f Downloading [=====>                                             ]  330.7MB/3.001GB
test-ubuntu (3.14)	Set up Docker Compose	2026-05-19T19:32:15.0950422Z  0e9d048cd1fe Extracting [=============================================>     ]    107MB/116.5MB
test-ubuntu (3.14)	Set up Docker Compose	2026-05-19T19:32:15.1500798Z  ac03b73ed425 Extracting [=================================================> ]  80.22MB/81.28MB
test-ubuntu (3.14)	Set up Docker Compose	2026-05-19T19:32:15.1664659Z  0e9d048cd1fe Extracting [==================================================>]  116.5MB/116.5MB
test-ubuntu (3.14)	Set up Docker Compose	2026-05-19T19:32:15.1995395Z  b5c5a3ac416f Downloading [=====>                                             ]  335.5MB/3.001GB
test-ubuntu (3.14)	Set up Docker Compose	2026-05-19T19:32:15.2521970Z  ac03b73ed425 Extracting [=================================================> ]  80.77MB/81.28MB
test-ubuntu (3.14)	Set up Docker Compose	2026-05-19T19:32:15.2684328Z  0124d324831b Extracting [===============>                                   ]   75.2MB/249.5MB
test-ubuntu (3.14)	Set up Docker Compose	2026-05-19T19:32:15.2895689Z  ac03b73ed425 Extracting [==================================================>]  81.28MB/81.28MB
test-ubuntu (3.14)	Set up Docker Compose	2026-05-19T19:32:15.3022203Z  b5c5a3ac416f Downloading [=====>                                             ]  341.9MB/3.001GB
test-ubuntu (3.14)	Set up Docker Compose	2026-05-19T19:32:15.3725992Z  0124d324831b Extracting [===============>                                   ]  76.32MB/249.5MB
test-ubuntu (3.14)	Set up Docker Compose	2026-05-19T19:32:15.4070449Z  b5c5a3ac416f Downloading [=====>                                             ]  347.3MB/3.001GB
test-ubuntu (3.14)	Set up Docker Compose	2026-05-19T19:32:15.4426360Z  1f1735923178 Pull complete 
test-ubuntu (3.14)	Set up Docker Compose	2026-05-19T19:32:15.4474335Z  6163e4fdd626 Pull complete 
test-ubuntu (3.14)	Set up Docker Compose	2026-05-19T19:32:15.4475059Z  ac03b73ed425 Pull complete 
test-ubuntu (3.14)	Set up Docker Compose	2026-05-19T19:32:15.4497952Z  0e9d048cd1fe Pull complete 
test-ubuntu (3.14)	Set up Docker Compose	2026-05-19T19:32:15.4612446Z  1f27396f6efc Extracting [==================================================>]  9.462kB/9.462kB
test-ubuntu (3.14)	Set up Docker Compose	2026-05-19T19:32:15.4627893Z  dex Pulled 
test-ubuntu (3.14)	Set up Docker Compose	2026-05-19T19:32:15.4645761Z  1f27396f6efc Extracting [==================================================>]  9.462kB/9.462kB
test-ubuntu (3.14)	Set up Docker Compose	2026-05-19T19:32:15.4964500Z  neo4j Pulled 
test-ubuntu (3.14)	Set up Docker Compose	2026-05-19T19:32:15.4992935Z  f591ea4658bd Extracting [>                                                  ]  557.1kB/70.46MB
test-ubuntu (3.14)	Set up Docker Compose	2026-05-19T19:32:15.5008487Z  1f27396f6efc Pull complete 
test-ubuntu (3.14)	Set up Docker Compose	2026-05-19T19:32:15.5024542Z  fe556ec02776 Extracting [==================================================>]  9.461kB/9.461kB
test-ubuntu (3.14)	Set up Docker Compose	2026-05-19T19:32:15.5036718Z  fe556ec02776 Extracting [==================================================>]  9.461kB/9.461kB
test-ubuntu (3.14)	Set up Docker Compose	2026-05-19T19:32:15.5112111Z  b5c5a3ac416f Downloading [=====>                                             ]  352.6MB/3.001GB
test-ubuntu (3.14)	Set up Docker Compose	2026-05-19T19:32:15.5136653Z  0124d324831b Extracting [===============>                                   ]  77.99MB/249.5MB
test-ubuntu (3.14)	Set up Docker Compose	2026-05-19T19:32:15.5166656Z  fe556ec02776 Pull complete 
test-ubuntu (3.14)	Set up Docker Compose	2026-05-19T19:32:15.5253368Z  milvus Pulled 
test-ubuntu (3.14)	Set up Docker Compose	2026-05-19T19:32:15.6017152Z  f591ea4658bd Extracting [====>                                              ]  6.128MB/70.46MB
test-ubuntu (3.14)	Set up Docker Compose	2026-05-19T19:32:15.6159652Z  b5c5a3ac416f Downloading [=====>                                             ]    358MB/3.001GB
test-ubuntu (3.14)	Set up Docker Compose	2026-05-19T19:32:15.6342780Z  0124d324831b Extracting [===============>                                   ]  79.66MB/249.5MB
test-ubuntu (3.14)	Set up Docker Compose	2026-05-19T19:32:15.7099219Z  f591ea4658bd Extracting [=======>                                           ]  11.14MB/70.46MB
test-ubuntu (3.14)	Set up Docker Compose	2026-05-19T19:32:15.7201837Z  b5c5a3ac416f Downloading [======>                                            ]  363.4MB/3.001GB
test-ubuntu (3.14)	Set up Docker Compose	2026-05-19T19:32:15.8016252Z  0124d324831b Extracting [================>                                  ]  80.22MB/249.5MB
test-ubuntu (3.14)	Set up Docker Compose	2026-05-19T19:32:15.8175527Z  f591ea4658bd Extracting [==========>                                        ]  15.04MB/70.46MB
test-ubuntu (3.14)	Set up Docker Compose	2026-05-19T19:32:15.8253059Z  b5c5a3ac416f Downloading [======>                                            ]  368.7MB/3.001GB
test-ubuntu (3.14)	Set up Docker Compose	2026-05-19T19:32:15.9077222Z  0124d324831b Extracting [=================>                                 ]   86.9MB/249.5MB
test-ubuntu (3.14)	Set up Docker Compose	2026-05-19T19:32:15.9259030Z  f591ea4658bd Extracting [=============>                                     ]  18.94MB/70.46MB
test-ubuntu (3.14)	Set up Docker Compose	2026-05-19T19:32:15.9298632Z  b5c5a3ac416f Downloading [======>                                            ]  374.1MB/3.001GB
test-ubuntu (3.14)	Set up Docker Compose	2026-05-19T19:32:16.0337270Z  b5c5a3ac416f Downloading [======>                                            ]  379.4MB/3.001GB
test-ubuntu (3.14)	Set up Docker Compose	2026-05-19T19:32:16.0357255Z  f591ea4658bd Extracting [================>                                  ]  23.95MB/70.46MB
test-ubuntu (3.14)	Set up Docker Compose	2026-05-19T19:32:16.0670308Z  0124d324831b Extracting [=================>                                 ]  88.01MB/249.5MB
test-ubuntu (3.14)	Set up Docker Compose	2026-05-19T19:32:16.1377243Z  b5c5a3ac416f Downloading [======>                                            ]  384.8MB/3.001GB
test-ubuntu (3.14)	Set up Docker Compose	2026-05-19T19:32:16.1398476Z  f591ea4658bd Extracting [====================>                              ]  28.41MB/70.46MB
test-ubuntu (3.14)	Set up Docker Compose	2026-05-19T19:32:16.1926250Z  0124d324831b Extracting [=================>                                 ]  88.57MB/249.5MB
test-ubuntu (3.14)	Set up Docker Compose	2026-05-19T19:32:16.2417374Z  b5c5a3ac416f Downloading [======>                                            ]  390.2MB/3.001GB
test-ubuntu (3.14)	Set up Docker Compose	2026-05-19T19:32:16.2471547Z  f591ea4658bd Extracting [========================>                          ]  34.54MB/70.46MB
test-ubuntu (3.14)	Set up Docker Compose	2026-05-19T19:32:16.2925457Z  0124d324831b Extracting [==================>                                ]   94.7MB/249.5MB
test-ubuntu (3.14)	Set up Docker Compose	2026-05-19T19:32:16.3464410Z  b5c5a3ac416f Downloading [======>                                            ]  395.5MB/3.001GB
test-ubuntu (3.14)	Set up Docker Compose	2026-05-19T19:32:16.3504587Z  f591ea4658bd Extracting [===============================>                   ]  44.56MB/70.46MB
test-ubuntu (3.14)	Set up Docker Compose	2026-05-19T19:32:16.4009902Z  0124d324831b Extracting [===================>                               ]  99.71MB/249.5MB
test-ubuntu (3.14)	Set up Docker Compose	2026-05-19T19:32:16.4507502Z  b5c5a3ac416f Downloading [======>                                            ]  400.9MB/3.001GB
test-ubuntu (3.14)	Set up Docker Compose	2026-05-19T19:32:16.4542196Z  f591ea4658bd Extracting [============================================>      ]  62.39MB/70.46MB
test-ubuntu (3.14)	Set up Docker Compose	2026-05-19T19:32:16.5080914Z  0124d324831b Extracting [=====================>                             ]  105.8MB/249.5MB
test-ubuntu (3.14)	Set up Docker Compose	2026-05-19T19:32:16.5553483Z  b5c5a3ac416f Downloading [======>                                            ]  406.2MB/3.001GB
test-ubuntu (3.14)	Set up Docker Compose	2026-05-19T19:32:16.5682041Z  f591ea4658bd Extracting [=================================================> ]  70.19MB/70.46MB
test-ubuntu (3.14)	Set up Docker Compose	2026-05-19T19:32:16.5957281Z  f591ea4658bd Extracting [==================================================>]  70.46MB/70.46MB
test-ubuntu (3.14)	Set up Docker Compose	2026-05-19T19:32:16.6225601Z  0124d324831b Extracting [======================>                            ]    112MB/249.5MB
test-ubuntu (3.14)	Set up Docker Compose	2026-05-19T19:32:16.6562378Z  b5c5a3ac416f Downloading [======>                                            ]  411.1MB/3.001GB
test-ubuntu (3.14)	Set up Docker Compose	2026-05-19T19:32:16.7234581Z  0124d324831b Extracting [=======================>                           ]  119.2MB/249.5MB
test-ubuntu (3.14)	Set up Docker Compose	2026-05-19T19:32:16.7663858Z  b5c5a3ac416f Downloading [======>                                            ]  416.9MB/3.001GB
test-ubuntu (3.14)	Set up Docker Compose	2026-05-19T19:32:16.8303119Z  0124d324831b Extracting [=========================>                         ]    127MB/249.5MB
test-ubuntu (3.14)	Set up Docker Compose	2026-05-19T19:32:16.8769532Z  b5c5a3ac416f Downloading [=======>                                           ]  422.3MB/3.001GB
test-ubuntu (3.14)	Set up Docker Compose	2026-05-19T19:32:16.9400675Z  0124d324831b Extracting [===========================>                       ]  134.8MB/249.5MB
test-ubuntu (3.14)	Set up Docker Compose	2026-05-19T19:32:16.9823294Z  b5c5a3ac416f Downloading [=======>                                           ]  427.7MB/3.001GB
test-ubuntu (3.14)	Set up Docker Compose	2026-05-19T19:32:17.0966612Z  b5c5a3ac416f Downloading [=======>                                           ]  429.3MB/3.001GB
test-ubuntu (3.14)	Set up Docker Compose	2026-05-19T19:32:17.1038285Z  0124d324831b Extracting [===========================>                       ]  135.4MB/249.5MB
test-ubuntu (3.14)	Set up Docker Compose	2026-05-19T19:32:17.2002784Z  b5c5a3ac416f Downloading [=======>                                           ]  438.9MB/3.001GB
test-ubuntu (3.14)	Set up Docker Compose	2026-05-19T19:32:17.2650864Z  0124d324831b Extracting [===========================>                       ]    137MB/249.5MB
test-ubuntu (3.14)	Set up Docker Compose	2026-05-19T19:32:17.3048818Z  b5c5a3ac416f Downloading [=======>                                           ]  444.3MB/3.001GB
test-ubuntu (3.14)	Set up Docker Compose	2026-05-19T19:32:17.3834678Z  0124d324831b Extracting [===========================>                       ]  138.1MB/249.5MB
test-ubuntu (3.14)	Set up Docker Compose	2026-05-19T19:32:17.4011061Z  f591ea4658bd Pull complete 
test-ubuntu (3.14)	Set up Docker Compose	2026-05-19T19:32:17.4025834Z  e7f02ac1f456 Extracting [==================================================>]     639B/639B
test-ubuntu (3.14)	Set up Docker Compose	2026-05-19T19:32:17.4033841Z  e7f02ac1f456 Extracting [==================================================>]     639B/639B
test-ubuntu (3.14)	Set up Docker Compose	2026-05-19T19:32:17.4098259Z  b5c5a3ac416f Downloading [=======>                                           ]  449.6MB/3.001GB
test-ubuntu (3.14)	Set up Docker Compose	2026-05-19T19:32:17.4939383Z  e7f02ac1f456 Pull complete 
test-ubuntu (3.14)	Set up Docker Compose	2026-05-19T19:32:17.4955105Z  612087d42eba Extracting [==================================================>]  4.023kB/4.023kB
test-ubuntu (3.14)	Set up Docker Compose	2026-05-19T19:32:17.4966769Z  612087d42eba Extracting [==================================================>]  4.023kB/4.023kB
test-ubuntu (3.14)	Set up Docker Compose	2026-05-19T19:32:17.5364595Z  b5c5a3ac416f Downloading [=======>                                           ]    455MB/3.001GB
test-ubuntu (3.14)	Set up Docker Compose	2026-05-19T19:32:17.5386739Z  612087d42eba Pull complete 
test-ubuntu (3.14)	Set up Docker Compose	2026-05-19T19:32:17.5409456Z  2d001a504b81 Extracting [==================================================>]   1.48kB/1.48kB
test-ubuntu (3.14)	Set up Docker Compose	2026-05-19T19:32:17.5411225Z  2d001a504b81 Extracting [==================================================>]   1.48kB/1.48kB
test-ubuntu (3.14)	Set up Docker Compose	2026-05-19T19:32:17.5493394Z  2d001a504b81 Pull complete 
test-ubuntu (3.14)	Set up Docker Compose	2026-05-19T19:32:17.5509598Z  bd1a7d2e0737 Extracting [==========================>                        ]  32.77kB/62.75kB
test-ubuntu (3.14)	Set up Docker Compose	2026-05-19T19:32:17.5516705Z  bd1a7d2e0737 Extracting [==================================================>]  62.75kB/62.75kB
test-ubuntu (3.14)	Set up Docker Compose	2026-05-19T19:32:17.5605117Z  bd1a7d2e0737 Pull complete 
test-ubuntu (3.14)	Set up Docker Compose	2026-05-19T19:32:17.5617597Z  69294359b56a Extracting [==================================================>]     100B/100B
test-ubuntu (3.14)	Set up Docker Compose	2026-05-19T19:32:17.5625391Z  69294359b56a Extracting [==================================================>]     100B/100B
test-ubuntu (3.14)	Set up Docker Compose	2026-05-19T19:32:17.5631046Z  0124d324831b Extracting [============================>                      ]  142.6MB/249.5MB
test-ubuntu (3.14)	Set up Docker Compose	2026-05-19T19:32:17.5718414Z  69294359b56a Pull complete 
test-ubuntu (3.14)	Set up Docker Compose	2026-05-19T19:32:17.5731345Z  df0231abac1e Extracting [==================================================>]     700B/700B
test-ubuntu (3.14)	Set up Docker Compose	2026-05-19T19:32:17.5737841Z  df0231abac1e Extracting [==================================================>]     700B/700B
test-ubuntu (3.14)	Set up Docker Compose	2026-05-19T19:32:17.5884658Z  df0231abac1e Pull complete 
test-ubuntu (3.14)	Set up Docker Compose	2026-05-19T19:32:17.5942796Z  prometheus Pulled 
test-ubuntu (3.14)	Set up Docker Compose	2026-05-19T19:32:17.6392897Z  b5c5a3ac416f Downloading [=======>                                           ]  461.4MB/3.001GB
test-ubuntu (3.14)	Set up Docker Compose	2026-05-19T19:32:17.6957834Z  0124d324831b Extracting [============================>                      ]  143.7MB/249.5MB
test-ubuntu (3.14)	Set up Docker Compose	2026-05-19T19:32:17.7432821Z  b5c5a3ac416f Downloading [=======>                                           ]  466.8MB/3.001GB
test-ubuntu (3.14)	Set up Docker Compose	2026-05-19T19:32:17.7957501Z  0124d324831b Extracting [=============================>                     ]  145.9MB/249.5MB
test-ubuntu (3.14)	Set up Docker Compose	2026-05-19T19:32:17.8478683Z  b5c5a3ac416f Downloading [=======>                                           ]  472.2MB/3.001GB
test-ubuntu (3.14)	Set up Docker Compose	2026-05-19T19:32:17.8972429Z  0124d324831b Extracting [=============================>                     ]  148.2MB/249.5MB
test-ubuntu (3.14)	Set up Docker Compose	2026-05-19T19:32:17.9521392Z  b5c5a3ac416f Downloading [=======>                                           ]  477.5MB/3.001GB
test-ubuntu (3.14)	Set up Docker Compose	2026-05-19T19:32:18.0563393Z  b5c5a3ac416f Downloading [========>                                          ]  482.9MB/3.001GB
test-ubuntu (3.14)	Set up Docker Compose	2026-05-19T19:32:18.1621793Z  b5c5a3ac416f Downloading [========>                                          ]  488.2MB/3.001GB
test-ubuntu (3.14)	Set up Docker Compose	2026-05-19T19:32:18.2651303Z  b5c5a3ac416f Downloading [========>                                          ]  493.6MB/3.001GB
test-ubuntu (3.14)	Set up Docker Compose	2026-05-19T19:32:18.2910786Z  0124d324831b Extracting [===============================>                   ]  155.4MB/249.5MB
test-ubuntu (3.14)	Set up Docker Compose	2026-05-19T19:32:18.3784584Z  b5c5a3ac416f Downloading [========>                                          ]  497.9MB/3.001GB
test-ubuntu (3.14)	Set up Docker Compose	2026-05-19T19:32:18.4418736Z  0124d324831b Extracting [===============================>                   ]    156MB/249.5MB
test-ubuntu (3.14)	Set up Docker Compose	2026-05-19T19:32:18.5000719Z  b5c5a3ac416f Downloading [========>                                          ]  501.1MB/3.001GB
test-ubuntu (3.14)	Set up Docker Compose	2026-05-19T19:32:18.5469383Z  0124d324831b Extracting [================================>                  ]  161.5MB/249.5MB
test-ubuntu (3.14)	Set up Docker Compose	2026-05-19T19:32:18.6027944Z  b5c5a3ac416f Downloading [========>                                          ]  504.9MB/3.001GB
test-ubuntu (3.14)	Set up Docker Compose	2026-05-19T19:32:18.6478713Z  0124d324831b Extracting [=================================>                 ]  164.9MB/249.5MB
test-ubuntu (3.14)	Set up Docker Compose	2026-05-19T19:32:18.7073135Z  b5c5a3ac416f Downloading [========>                                          ]  510.2MB/3.001GB
test-ubuntu (3.14)	Set up Docker Compose	2026-05-19T19:32:18.7668120Z  0124d324831b Extracting [=================================>                 ]  167.7MB/249.5MB
test-ubuntu (3.14)	Set up Docker Compose	2026-05-19T19:32:18.8114332Z  b5c5a3ac416f Downloading [========>                                          ]  515.6MB/3.001GB
test-ubuntu (3.14)	Set up Docker Compose	2026-05-19T19:32:18.9168459Z  b5c5a3ac416f Downloading [========>                                          ]  520.9MB/3.001GB
test-ubuntu (3.14)	Set up Docker Compose	2026-05-19T19:32:18.9392691Z  0124d324831b Extracting [==================================>                ]    171MB/249.5MB
test-ubuntu (3.14)	Set up Docker Compose	2026-05-19T19:32:19.0217774Z  b5c5a3ac416f Downloading [========>                                          ]  526.3MB/3.001GB
test-ubuntu (3.14)	Set up Docker Compose	2026-05-19T19:32:19.0462083Z  0124d324831b Extracting [===================================>               ]    176MB/249.5MB
test-ubuntu (3.14)	Set up Docker Compose	2026-05-19T19:32:19.1263660Z  b5c5a3ac416f Downloading [========>                                          ]  531.7MB/3.001GB
test-ubuntu (3.14)	Set up Docker Compose	2026-05-19T19:32:19.1514119Z  0124d324831b Extracting [====================================>              ]  184.4MB/249.5MB
test-ubuntu (3.14)	Set up Docker Compose	2026-05-19T19:32:19.2322300Z  b5c5a3ac416f Downloading [========>                                          ]    537MB/3.001GB
test-ubuntu (3.14)	Set up Docker Compose	2026-05-19T19:32:19.2526847Z  0124d324831b Extracting [======================================>            ]  191.6MB/249.5MB
test-ubuntu (3.14)	Set up Docker Compose	2026-05-19T19:32:19.3406984Z  b5c5a3ac416f Downloading [=========>                                         ]  542.4MB/3.001GB
test-ubuntu (3.14)	Set up Docker Compose	2026-05-19T19:32:19.3542168Z  0124d324831b Extracting [=======================================>           ]  197.8MB/249.5MB
test-ubuntu (3.14)	Set up Docker Compose	2026-05-19T19:32:19.4439533Z  b5c5a3ac416f Downloading [=========>                                         ]  547.7MB/3.001GB
test-ubuntu (3.14)	Set up Docker Compose	2026-05-19T19:32:19.4617763Z  0124d324831b Extracting [=========================================>         ]  206.1MB/249.5MB
test-ubuntu (3.14)	Set up Docker Compose	2026-05-19T19:32:19.5488890Z  b5c5a3ac416f Downloading [=========>                                         ]  553.1MB/3.001GB
test-ubuntu (3.14)	Set up Docker Compose	2026-05-19T19:32:19.5658167Z  0124d324831b Extracting [==========================================>        ]  212.8MB/249.5MB
test-ubuntu (3.14)	Set up Docker Compose	2026-05-19T19:32:19.6524361Z  b5c5a3ac416f Downloading [=========>                                         ]  558.4MB/3.001GB
test-ubuntu (3.14)	Set up Docker Compose	2026-05-19T19:32:19.6884035Z  0124d324831b Extracting [===========================================>       ]  217.3MB/249.5MB
test-ubuntu (3.14)	Set up Docker Compose	2026-05-19T19:32:19.7565033Z  b5c5a3ac416f Downloading [=========>                                         ]  563.8MB/3.001GB
test-ubuntu (3.14)	Set up Docker Compose	2026-05-19T19:32:19.8323901Z  0124d324831b Extracting [============================================>      ]  221.2MB/249.5MB
test-ubuntu (3.14)	Set up Docker Compose	2026-05-19T19:32:19.8613389Z  b5c5a3ac416f Downloading [=========>                                         ]  569.2MB/3.001GB
test-ubuntu (3.14)	Set up Docker Compose	2026-05-19T19:32:19.9657043Z  b5c5a3ac416f Downloading [=========>                                         ]  574.5MB/3.001GB
test-ubuntu (3.14)	Set up Docker Compose	2026-05-19T19:32:20.0704703Z  b5c5a3ac416f Downloading [=========>                                         ]  579.9MB/3.001GB
test-ubuntu (3.14)	Set up Docker Compose	2026-05-19T19:32:20.0871118Z  0124d324831b Extracting [============================================>      ]  222.3MB/249.5MB
test-ubuntu (3.14)	Set up Docker Compose	2026-05-19T19:32:20.1742890Z  b5c5a3ac416f Downloading [=========>                                         ]  585.2MB/3.001GB
test-ubuntu (3.14)	Set up Docker Compose	2026-05-19T19:32:20.2321947Z  0124d324831b Extracting [============================================>      ]  223.9MB/249.5MB
test-ubuntu (3.14)	Set up Docker Compose	2026-05-19T19:32:20.2816896Z  b5c5a3ac416f Downloading [=========>                                         ]  590.6MB/3.001GB
test-ubuntu (3.14)	Set up Docker Compose	2026-05-19T19:32:20.3802130Z  0124d324831b Extracting [=============================================>     ]  225.6MB/249.5MB
test-ubuntu (3.14)	Set up Docker Compose	2026-05-19T19:32:20.3860319Z  b5c5a3ac416f Downloading [=========>                                         ]  595.9MB/3.001GB
test-ubuntu (3.14)	Set up Docker Compose	2026-05-19T19:32:20.4954009Z  b5c5a3ac416f Downloading [==========>                                        ]  601.3MB/3.001GB
test-ubuntu (3.14)	Set up Docker Compose	2026-05-19T19:32:20.5179788Z  0124d324831b Extracting [=============================================>     ]  226.7MB/249.5MB
test-ubuntu (3.14)	Set up Docker Compose	2026-05-19T19:32:20.6011842Z  b5c5a3ac416f Downloading [==========>                                        ]  606.6MB/3.001GB
test-ubuntu (3.14)	Set up Docker Compose	2026-05-19T19:32:20.6182677Z  0124d324831b Extracting [=============================================>     ]  227.8MB/249.5MB
test-ubuntu (3.14)	Set up Docker Compose	2026-05-19T19:32:20.7071461Z  b5c5a3ac416f Downloading [==========>                                        ]    612MB/3.001GB
test-ubuntu (3.14)	Set up Docker Compose	2026-05-19T19:32:20.8103587Z  b5c5a3ac416f Downloading [==========>                                        ]  617.4MB/3.001GB
test-ubuntu (3.14)	Set up Docker Compose	2026-05-19T19:32:20.8119273Z  0124d324831b Extracting [=============================================>     ]  229.5MB/249.5MB
test-ubuntu (3.14)	Set up Docker Compose	2026-05-19T19:32:20.9141776Z  b5c5a3ac416f Downloading [==========>                                        ]  622.7MB/3.001GB
test-ubuntu (3.14)	Set up Docker Compose	2026-05-19T19:32:20.9942119Z  0124d324831b Extracting [==============================================>    ]  230.6MB/249.5MB
test-ubuntu (3.14)	Set up Docker Compose	2026-05-19T19:32:21.0196996Z  b5c5a3ac416f Downloading [==========>                                        ]  628.1MB/3.001GB
test-ubuntu (3.14)	Set up Docker Compose	2026-05-19T19:32:21.0970087Z  0124d324831b Extracting [==============================================>    ]    234MB/249.5MB
test-ubuntu (3.14)	Set up Docker Compose	2026-05-19T19:32:21.1227813Z  b5c5a3ac416f Downloading [==========>                                        ]  633.4MB/3.001GB
test-ubuntu (3.14)	Set up Docker Compose	2026-05-19T19:32:21.2004948Z  0124d324831b Extracting [================================================>  ]  241.8MB/249.5MB
test-ubuntu (3.14)	Set up Docker Compose	2026-05-19T19:32:21.2282708Z  b5c5a3ac416f Downloading [==========>                                        ]  638.8MB/3.001GB
test-ubuntu (3.14)	Set up Docker Compose	2026-05-19T19:32:21.3235474Z  0124d324831b Extracting [================================================>  ]    244MB/249.5MB
test-ubuntu (3.14)	Set up Docker Compose	2026-05-19T19:32:21.3328218Z  b5c5a3ac416f Downloading [==========>                                        ]  644.2MB/3.001GB
test-ubuntu (3.14)	Set up Docker Compose	2026-05-19T19:32:21.4347123Z  0124d324831b Extracting [=================================================> ]  248.4MB/249.5MB
test-ubuntu (3.14)	Set up Docker Compose	2026-05-19T19:32:21.4374274Z  b5c5a3ac416f Downloading [==========>                                        ]  649.5MB/3.001GB
test-ubuntu (3.14)	Set up Docker Compose	2026-05-19T19:32:21.4847669Z  0124d324831b Extracting [==================================================>]  249.5MB/249.5MB
test-ubuntu (3.14)	Set up Docker Compose	2026-05-19T19:32:21.5418541Z  b5c5a3ac416f Downloading [==========>                                        ]  654.9MB/3.001GB
test-ubuntu (3.14)	Set up Docker Compose	2026-05-19T19:32:21.6470581Z  b5c5a3ac416f Downloading [==========>                                        ]  660.2MB/3.001GB
test-ubuntu (3.14)	Set up Docker Compose	2026-05-19T19:32:21.7517670Z  b5c5a3ac416f Downloading [===========>                                       ]  665.6MB/3.001GB
test-ubuntu (3.14)	Set up Docker Compose	2026-05-19T19:32:21.8559979Z  b5c5a3ac416f Downloading [===========>                                       ]  670.9MB/3.001GB
test-ubuntu (3.14)	Set up Docker Compose	2026-05-19T19:32:21.9603553Z  b5c5a3ac416f Downloading [===========>                                       ]  676.3MB/3.001GB
test-ubuntu (3.14)	Set up Docker Compose	2026-05-19T19:32:22.0639200Z  b5c5a3ac416f Downloading [===========>                                       ]  681.7MB/3.001GB
test-ubuntu (3.14)	Set up Docker Compose	2026-05-19T19:32:22.1689363Z  b5c5a3ac416f Downloading [===========>                                       ]    687MB/3.001GB
test-ubuntu (3.14)	Set up Docker Compose	2026-05-19T19:32:22.2728626Z  b5c5a3ac416f Downloading [===========>                                       ]  692.4MB/3.001GB
test-ubuntu (3.14)	Set up Docker Compose	2026-05-19T19:32:22.3774837Z  b5c5a3ac416f Downloading [===========>                                       ]  697.7MB/3.001GB
test-ubuntu (3.14)	Set up Docker Compose	2026-05-19T19:32:22.4817745Z  b5c5a3ac416f Downloading [===========>                                       ]  703.1MB/3.001GB
test-ubuntu (3.14)	Set up Docker Compose	2026-05-19T19:32:22.5855687Z  b5c5a3ac416f Downloading [===========>                                       ]  708.5MB/3.001GB
test-ubuntu (3.14)	Set up Docker Compose	2026-05-19T19:32:22.6903083Z  b5c5a3ac416f Downloading [===========>                                       ]  713.8MB/3.001GB
test-ubuntu (3.14)	Set up Docker Compose	2026-05-19T19:32:22.7946465Z  b5c5a3ac416f Downloading [===========>                                       ]  719.2MB/3.001GB
test-ubuntu (3.14)	Set up Docker Compose	2026-05-19T19:32:22.8885680Z  0124d324831b Pull complete 
test-ubuntu (3.14)	Set up Docker Compose	2026-05-19T19:32:22.8896615Z  eded19f67da4 Extracting [=========>                                         ]  32.77kB/167.6kB
test-ubuntu (3.14)	Set up Docker Compose	2026-05-19T19:32:22.8922146Z  eded19f67da4 Extracting [==================================================>]  167.6kB/167.6kB
test-ubuntu (3.14)	Set up Docker Compose	2026-05-19T19:32:22.8983460Z  b5c5a3ac416f Downloading [============>                                      ]  724.5MB/3.001GB
test-ubuntu (3.14)	Set up Docker Compose	2026-05-19T19:32:22.9045210Z  eded19f67da4 Extracting [==================================================>]  167.6kB/167.6kB
test-ubuntu (3.14)	Set up Docker Compose	2026-05-19T19:32:22.9327496Z  eded19f67da4 Pull complete 
test-ubuntu (3.14)	Set up Docker Compose	2026-05-19T19:32:22.9385623Z  coreason-runtime Pulled 
test-ubuntu (3.14)	Set up Docker Compose	2026-05-19T19:32:23.0031590Z  b5c5a3ac416f Downloading [============>                                      ]  729.9MB/3.001GB
test-ubuntu (3.14)	Set up Docker Compose	2026-05-19T19:32:23.1072491Z  b5c5a3ac416f Downloading [============>                                      ]  735.2MB/3.001GB
test-ubuntu (3.14)	Set up Docker Compose	2026-05-19T19:32:23.2109915Z  b5c5a3ac416f Downloading [============>                                      ]  740.6MB/3.001GB
test-ubuntu (3.14)	Set up Docker Compose	2026-05-19T19:32:23.3159697Z  b5c5a3ac416f Downloading [============>                                      ]    746MB/3.001GB
test-ubuntu (3.14)	Set up Docker Compose	2026-05-19T19:32:23.4224618Z  b5c5a3ac416f Downloading [============>                                      ]  751.3MB/3.001GB
test-ubuntu (3.14)	Set up Docker Compose	2026-05-19T19:32:23.5273590Z  b5c5a3ac416f Downloading [============>                                      ]  756.7MB/3.001GB
test-ubuntu (3.14)	Set up Docker Compose	2026-05-19T19:32:23.6311826Z  b5c5a3ac416f Downloading [============>                                      ]    762MB/3.001GB
test-ubuntu (3.14)	Set up Docker Compose	2026-05-19T19:32:23.7351462Z  b5c5a3ac416f Downloading [============>                                      ]  767.4MB/3.001GB
test-ubuntu (3.14)	Set up Docker Compose	2026-05-19T19:32:23.8419802Z  b5c5a3ac416f Downloading [============>                                      ]  772.8MB/3.001GB
test-ubuntu (3.14)	Set up Docker Compose	2026-05-19T19:32:23.9461594Z  b5c5a3ac416f Downloading [============>                                      ]  778.1MB/3.001GB
test-ubuntu (3.14)	Set up Docker Compose	2026-05-19T19:32:24.0501595Z  b5c5a3ac416f Downloading [=============>                                     ]  783.5MB/3.001GB
test-ubuntu (3.14)	Set up Docker Compose	2026-05-19T19:32:24.1577417Z  b5c5a3ac416f Downloading [=============>                                     ]  788.8MB/3.001GB
test-ubuntu (3.14)	Set up Docker Compose	2026-05-19T19:32:24.2625760Z  b5c5a3ac416f Downloading [=============>                                     ]  794.2MB/3.001GB
test-ubuntu (3.14)	Set up Docker Compose	2026-05-19T19:32:24.3662851Z  b5c5a3ac416f Downloading [=============>                                     ]  799.6MB/3.001GB
test-ubuntu (3.14)	Set up Docker Compose	2026-05-19T19:32:24.4704150Z  b5c5a3ac416f Downloading [=============>                                     ]  804.9MB/3.001GB
test-ubuntu (3.14)	Set up Docker Compose	2026-05-19T19:32:24.5732328Z  b5c5a3ac416f Downloading [=============>                                     ]  808.7MB/3.001GB
test-ubuntu (3.14)	Set up Docker Compose	2026-05-19T19:32:24.6953418Z  b5c5a3ac416f Downloading [=============>                                     ]  811.9MB/3.001GB
test-ubuntu (3.14)	Set up Docker Compose	2026-05-19T19:32:24.7979604Z  b5c5a3ac416f Downloading [=============>                                     ]  815.6MB/3.001GB
test-ubuntu (3.14)	Set up Docker Compose	2026-05-19T19:32:24.9019142Z  b5c5a3ac416f Downloading [=============>                                     ]    821MB/3.001GB
test-ubuntu (3.14)	Set up Docker Compose	2026-05-19T19:32:25.0058213Z  b5c5a3ac416f Downloading [=============>                                     ]  826.3MB/3.001GB
test-ubuntu (3.14)	Set up Docker Compose	2026-05-19T19:32:25.1099411Z  b5c5a3ac416f Downloading [=============>                                     ]  831.7MB/3.001GB
test-ubuntu (3.14)	Set up Docker Compose	2026-05-19T19:32:25.2145690Z  b5c5a3ac416f Downloading [=============>                                     ]  837.1MB/3.001GB
test-ubuntu (3.14)	Set up Docker Compose	2026-05-19T19:32:25.3192017Z  b5c5a3ac416f Downloading [==============>                                    ]  842.4MB/3.001GB
test-ubuntu (3.14)	Set up Docker Compose	2026-05-19T19:32:25.4239993Z  b5c5a3ac416f Downloading [==============>                                    ]  847.8MB/3.001GB
test-ubuntu (3.14)	Set up Docker Compose	2026-05-19T19:32:25.5283159Z  b5c5a3ac416f Downloading [==============>                                    ]  853.1MB/3.001GB
test-ubuntu (3.14)	Set up Docker Compose	2026-05-19T19:32:25.6317699Z  b5c5a3ac416f Downloading [==============>                                    ]  858.5MB/3.001GB
test-ubuntu (3.14)	Set up Docker Compose	2026-05-19T19:32:25.7364066Z  b5c5a3ac416f Downloading [==============>                                    ]  863.9MB/3.001GB
test-ubuntu (3.14)	Set up Docker Compose	2026-05-19T19:32:25.8431264Z  b5c5a3ac416f Downloading [==============>                                    ]  869.2MB/3.001GB
test-ubuntu (3.14)	Set up Docker Compose	2026-05-19T19:32:25.9476524Z  b5c5a3ac416f Downloading [==============>                                    ]  874.6MB/3.001GB
test-ubuntu (3.14)	Set up Docker Compose	2026-05-19T19:32:26.0544436Z  b5c5a3ac416f Downloading [==============>                                    ]  879.9MB/3.001GB
test-ubuntu (3.14)	Set up Docker Compose	2026-05-19T19:32:26.1587213Z  b5c5a3ac416f Downloading [==============>                                    ]  885.3MB/3.001GB
test-ubuntu (3.14)	Set up Docker Compose	2026-05-19T19:32:26.2636650Z  b5c5a3ac416f Downloading [==============>                                    ]  890.7MB/3.001GB
test-ubuntu (3.14)	Set up Docker Compose	2026-05-19T19:32:26.3691669Z  b5c5a3ac416f Downloading [==============>                                    ]    896MB/3.001GB
test-ubuntu (3.14)	Set up Docker Compose	2026-05-19T19:32:26.4733160Z  b5c5a3ac416f Downloading [===============>                                   ]  901.4MB/3.001GB
test-ubuntu (3.14)	Set up Docker Compose	2026-05-19T19:32:26.5782467Z  b5c5a3ac416f Downloading [===============>                                   ]  906.7MB/3.001GB
test-ubuntu (3.14)	Set up Docker Compose	2026-05-19T19:32:26.6820389Z  b5c5a3ac416f Downloading [===============>                                   ]  912.1MB/3.001GB
test-ubuntu (3.14)	Set up Docker Compose	2026-05-19T19:32:26.7859699Z  b5c5a3ac416f Downloading [===============>                                   ]  917.5MB/3.001GB
test-ubuntu (3.14)	Set up Docker Compose	2026-05-19T19:32:26.8904682Z  b5c5a3ac416f Downloading [===============>                                   ]  922.8MB/3.001GB
test-ubuntu (3.14)	Set up Docker Compose	2026-05-19T19:32:26.9945841Z  b5c5a3ac416f Downloading [===============>                                   ]  928.2MB/3.001GB
test-ubuntu (3.14)	Set up Docker Compose	2026-05-19T19:32:27.0984029Z  b5c5a3ac416f Downloading [===============>                                   ]  933.5MB/3.001GB
test-ubuntu (3.14)	Set up Docker Compose	2026-05-19T19:32:27.2030374Z  b5c5a3ac416f Downloading [===============>                                   ]  938.9MB/3.001GB
test-ubuntu (3.14)	Set up Docker Compose	2026-05-19T19:32:27.3071456Z  b5c5a3ac416f Downloading [===============>                                   ]  944.3MB/3.001GB
test-ubuntu (3.14)	Set up Docker Compose	2026-05-19T19:32:27.4110325Z  b5c5a3ac416f Downloading [===============>                                   ]  949.6MB/3.001GB
test-ubuntu (3.14)	Set up Docker Compose	2026-05-19T19:32:27.5157013Z  b5c5a3ac416f Downloading [===============>                                   ]    955MB/3.001GB
test-ubuntu (3.14)	Set up Docker Compose	2026-05-19T19:32:27.6204203Z  b5c5a3ac416f Downloading [===============>                                   ]  960.3MB/3.001GB
test-ubuntu (3.14)	Set up Docker Compose	2026-05-19T19:32:27.7242215Z  b5c5a3ac416f Downloading [================>                                  ]  965.7MB/3.001GB
test-ubuntu (3.14)	Set up Docker Compose	2026-05-19T19:32:27.8290897Z  b5c5a3ac416f Downloading [================>                                  ]  971.1MB/3.001GB
test-ubuntu (3.14)	Set up Docker Compose	2026-05-19T19:32:27.9334824Z  b5c5a3ac416f Downloading [================>                                  ]  976.4MB/3.001GB
test-ubuntu (3.14)	Set up Docker Compose	2026-05-19T19:32:28.0394566Z  b5c5a3ac416f Downloading [================>                                  ]  981.8MB/3.001GB
test-ubuntu (3.14)	Set up Docker Compose	2026-05-19T19:32:28.1428654Z  b5c5a3ac416f Downloading [================>                                  ]  987.1MB/3.001GB
test-ubuntu (3.14)	Set up Docker Compose	2026-05-19T19:32:28.2475819Z  b5c5a3ac416f Downloading [================>                                  ]  992.5MB/3.001GB
test-ubuntu (3.14)	Set up Docker Compose	2026-05-19T19:32:28.3513661Z  b5c5a3ac416f Downloading [================>                                  ]  997.8MB/3.001GB
test-ubuntu (3.14)	Set up Docker Compose	2026-05-19T19:32:28.4552362Z  b5c5a3ac416f Downloading [================>                                  ]  1.003GB/3.001GB
test-ubuntu (3.14)	Set up Docker Compose	2026-05-19T19:32:28.5599090Z  b5c5a3ac416f Downloading [================>                                  ]  1.009GB/3.001GB
test-ubuntu (3.14)	Set up Docker Compose	2026-05-19T19:32:28.6669111Z  b5c5a3ac416f Downloading [================>                                  ]  1.014GB/3.001GB
test-ubuntu (3.14)	Set up Docker Compose	2026-05-19T19:32:28.7728506Z  b5c5a3ac416f Downloading [================>                                  ]  1.019GB/3.001GB
test-ubuntu (3.14)	Set up Docker Compose	2026-05-19T19:32:28.8766684Z  b5c5a3ac416f Downloading [=================>                                 ]  1.025GB/3.001GB
test-ubuntu (3.14)	Set up Docker Compose	2026-05-19T19:32:28.9808199Z  b5c5a3ac416f Downloading [=================>                                 ]   1.03GB/3.001GB
test-ubuntu (3.14)	Set up Docker Compose	2026-05-19T19:32:29.0854723Z  b5c5a3ac416f Downloading [=================>                                 ]  1.035GB/3.001GB
test-ubuntu (3.14)	Set up Docker Compose	2026-05-19T19:32:29.1893105Z  b5c5a3ac416f Downloading [=================>                                 ]  1.041GB/3.001GB
test-ubuntu (3.14)	Set up Docker Compose	2026-05-19T19:32:29.2933089Z  b5c5a3ac416f Downloading [=================>                                 ]  1.046GB/3.001GB
test-ubuntu (3.14)	Set up Docker Compose	2026-05-19T19:32:29.3984686Z  b5c5a3ac416f Downloading [=================>                                 ]  1.051GB/3.001GB
test-ubuntu (3.14)	Set up Docker Compose	2026-05-19T19:32:29.5022595Z  b5c5a3ac416f Downloading [=================>                                 ]  1.057GB/3.001GB
test-ubuntu (3.14)	Set up Docker Compose	2026-05-19T19:32:29.6067373Z  b5c5a3ac416f Downloading [=================>                                 ]  1.062GB/3.001GB
test-ubuntu (3.14)	Set up Docker Compose	2026-05-19T19:32:29.7109459Z  b5c5a3ac416f Downloading [=================>                                 ]  1.068GB/3.001GB
test-ubuntu (3.14)	Set up Docker Compose	2026-05-19T19:32:29.8147689Z  b5c5a3ac416f Downloading [=================>                                 ]  1.073GB/3.001GB
test-ubuntu (3.14)	Set up Docker Compose	2026-05-19T19:32:29.9196880Z  b5c5a3ac416f Downloading [=================>                                 ]  1.078GB/3.001GB
test-ubuntu (3.14)	Set up Docker Compose	2026-05-19T19:32:30.0230308Z  b5c5a3ac416f Downloading [==================>                                ]  1.084GB/3.001GB
test-ubuntu (3.14)	Set up Docker Compose	2026-05-19T19:32:30.1273199Z  b5c5a3ac416f Downloading [==================>                                ]  1.089GB/3.001GB
test-ubuntu (3.14)	Set up Docker Compose	2026-05-19T19:32:30.2337405Z  b5c5a3ac416f Downloading [==================>                                ]  1.094GB/3.001GB
test-ubuntu (3.14)	Set up Docker Compose	2026-05-19T19:32:30.3378507Z  b5c5a3ac416f Downloading [==================>                                ]    1.1GB/3.001GB
test-ubuntu (3.14)	Set up Docker Compose	2026-05-19T19:32:30.4416699Z  b5c5a3ac416f Downloading [==================>                                ]  1.105GB/3.001GB
test-ubuntu (3.14)	Set up Docker Compose	2026-05-19T19:32:30.5455730Z  b5c5a3ac416f Downloading [==================>                                ]   1.11GB/3.001GB
test-ubuntu (3.14)	Set up Docker Compose	2026-05-19T19:32:30.6504968Z  b5c5a3ac416f Downloading [==================>                                ]  1.116GB/3.001GB
test-ubuntu (3.14)	Set up Docker Compose	2026-05-19T19:32:30.7545810Z  b5c5a3ac416f Downloading [==================>                                ]  1.121GB/3.001GB
test-ubuntu (3.14)	Set up Docker Compose	2026-05-19T19:32:30.8587230Z  b5c5a3ac416f Downloading [==================>                                ]  1.126GB/3.001GB
test-ubuntu (3.14)	Set up Docker Compose	2026-05-19T19:32:30.9656893Z  b5c5a3ac416f Downloading [==================>                                ]  1.132GB/3.001GB
test-ubuntu (3.14)	Set up Docker Compose	2026-05-19T19:32:31.0704760Z  b5c5a3ac416f Downloading [==================>                                ]  1.137GB/3.001GB
test-ubuntu (3.14)	Set up Docker Compose	2026-05-19T19:32:31.1745169Z  b5c5a3ac416f Downloading [===================>                               ]  1.143GB/3.001GB
test-ubuntu (3.14)	Set up Docker Compose	2026-05-19T19:32:31.2794302Z  b5c5a3ac416f Downloading [===================>                               ]  1.148GB/3.001GB
test-ubuntu (3.14)	Set up Docker Compose	2026-05-19T19:32:31.3834044Z  b5c5a3ac416f Downloading [===================>                               ]  1.153GB/3.001GB
test-ubuntu (3.14)	Set up Docker Compose	2026-05-19T19:32:31.4883635Z  b5c5a3ac416f Downloading [===================>                               ]  1.159GB/3.001GB
test-ubuntu (3.14)	Set up Docker Compose	2026-05-19T19:32:31.5923546Z  b5c5a3ac416f Downloading [===================>                               ]  1.164GB/3.001GB
test-ubuntu (3.14)	Set up Docker Compose	2026-05-19T19:32:31.6962815Z  b5c5a3ac416f Downloading [===================>                               ]  1.169GB/3.001GB
test-ubuntu (3.14)	Set up Docker Compose	2026-05-19T19:32:31.8011382Z  b5c5a3ac416f Downloading [===================>                               ]  1.175GB/3.001GB
test-ubuntu (3.14)	Set up Docker Compose	2026-05-19T19:32:31.9053251Z  b5c5a3ac416f Downloading [===================>                               ]   1.18GB/3.001GB
test-ubuntu (3.14)	Set up Docker Compose	2026-05-19T19:32:32.0098385Z  b5c5a3ac416f Downloading [===================>                               ]  1.185GB/3.001GB
test-ubuntu (3.14)	Set up Docker Compose	2026-05-19T19:32:32.1144299Z  b5c5a3ac416f Downloading [===================>                               ]  1.191GB/3.001GB
test-ubuntu (3.14)	Set up Docker Compose	2026-05-19T19:32:32.2186419Z  b5c5a3ac416f Downloading [===================>                               ]  1.196GB/3.001GB
test-ubuntu (3.14)	Set up Docker Compose	2026-05-19T19:32:32.3237676Z  b5c5a3ac416f Downloading [====================>                              ]  1.201GB/3.001GB
test-ubuntu (3.14)	Set up Docker Compose	2026-05-19T19:32:32.4275943Z  b5c5a3ac416f Downloading [====================>                              ]  1.207GB/3.001GB
test-ubuntu (3.14)	Set up Docker Compose	2026-05-19T19:32:32.5322503Z  b5c5a3ac416f Downloading [====================>                              ]  1.212GB/3.001GB
test-ubuntu (3.14)	Set up Docker Compose	2026-05-19T19:32:32.6354492Z  b5c5a3ac416f Downloading [====================>                              ]  1.218GB/3.001GB
test-ubuntu (3.14)	Set up Docker Compose	2026-05-19T19:32:32.7413030Z  b5c5a3ac416f Downloading [====================>                              ]  1.223GB/3.001GB
test-ubuntu (3.14)	Set up Docker Compose	2026-05-19T19:32:32.8455282Z  b5c5a3ac416f Downloading [====================>                              ]  1.228GB/3.001GB
test-ubuntu (3.14)	Set up Docker Compose	2026-05-19T19:32:32.9503862Z  b5c5a3ac416f Downloading [====================>                              ]  1.234GB/3.001GB
test-ubuntu (3.14)	Set up Docker Compose	2026-05-19T19:32:33.0543382Z  b5c5a3ac416f Downloading [====================>                              ]  1.239GB/3.001GB
test-ubuntu (3.14)	Set up Docker Compose	2026-05-19T19:32:33.1592949Z  b5c5a3ac416f Downloading [====================>                              ]  1.244GB/3.001GB
test-ubuntu (3.14)	Set up Docker Compose	2026-05-19T19:32:33.2633393Z  b5c5a3ac416f Downloading [====================>                              ]   1.25GB/3.001GB
test-ubuntu (3.14)	Set up Docker Compose	2026-05-19T19:32:33.3674495Z  b5c5a3ac416f Downloading [====================>                              ]  1.255GB/3.001GB
test-ubuntu (3.14)	Set up Docker Compose	2026-05-19T19:32:33.4724747Z  b5c5a3ac416f Downloading [====================>                              ]   1.26GB/3.001GB
test-ubuntu (3.14)	Set up Docker Compose	2026-05-19T19:32:33.5763572Z  b5c5a3ac416f Downloading [=====================>                             ]  1.266GB/3.001GB
test-ubuntu (3.14)	Set up Docker Compose	2026-05-19T19:32:33.6805557Z  b5c5a3ac416f Downloading [=====================>                             ]  1.271GB/3.001GB
test-ubuntu (3.14)	Set up Docker Compose	2026-05-19T19:32:33.7856339Z  b5c5a3ac416f Downloading [=====================>                             ]  1.277GB/3.001GB
test-ubuntu (3.14)	Set up Docker Compose	2026-05-19T19:32:33.8902971Z  b5c5a3ac416f Downloading [=====================>                             ]  1.282GB/3.001GB
test-ubuntu (3.14)	Set up Docker Compose	2026-05-19T19:32:33.9932683Z  b5c5a3ac416f Downloading [=====================>                             ]  1.286GB/3.001GB
test-ubuntu (3.14)	Set up Docker Compose	2026-05-19T19:32:34.1046292Z  b5c5a3ac416f Downloading [=====================>                             ]  1.288GB/3.001GB
test-ubuntu (3.14)	Set up Docker Compose	2026-05-19T19:32:34.2074725Z  b5c5a3ac416f Downloading [=====================>                             ]  1.292GB/3.001GB
test-ubuntu (3.14)	Set up Docker Compose	2026-05-19T19:32:34.3114922Z  b5c5a3ac416f Downloading [=====================>                             ]  1.297GB/3.001GB
test-ubuntu (3.14)	Set up Docker Compose	2026-05-19T19:32:34.4163515Z  b5c5a3ac416f Downloading [=====================>                             ]  1.303GB/3.001GB
test-ubuntu (3.14)	Set up Docker Compose	2026-05-19T19:32:34.5205718Z  b5c5a3ac416f Downloading [=====================>                             ]  1.308GB/3.001GB
test-ubuntu (3.14)	Set up Docker Compose	2026-05-19T19:32:34.6277897Z  b5c5a3ac416f Downloading [=====================>                             ]  1.313GB/3.001GB
test-ubuntu (3.14)	Set up Docker Compose	2026-05-19T19:32:34.7321268Z  b5c5a3ac416f Downloading [=====================>                             ]  1.319GB/3.001GB
test-ubuntu (3.14)	Set up Docker Compose	2026-05-19T19:32:34.8370700Z  b5c5a3ac416f Downloading [======================>                            ]  1.324GB/3.001GB
test-ubuntu (3.14)	Set up Docker Compose	2026-05-19T19:32:34.9412117Z  b5c5a3ac416f Downloading [======================>                            ]   1.33GB/3.001GB
test-ubuntu (3.14)	Set up Docker Compose	2026-05-19T19:32:35.0461639Z  b5c5a3ac416f Downloading [======================>                            ]  1.335GB/3.001GB
test-ubuntu (3.14)	Set up Docker Compose	2026-05-19T19:32:35.1503125Z  b5c5a3ac416f Downloading [======================>                            ]   1.34GB/3.001GB
test-ubuntu (3.14)	Set up Docker Compose	2026-05-19T19:32:35.2573806Z  b5c5a3ac416f Downloading [======================>                            ]  1.346GB/3.001GB
test-ubuntu (3.14)	Set up Docker Compose	2026-05-19T19:32:35.3624750Z  b5c5a3ac416f Downloading [======================>                            ]  1.351GB/3.001GB
test-ubuntu (3.14)	Set up Docker Compose	2026-05-19T19:32:35.4665354Z  b5c5a3ac416f Downloading [======================>                            ]  1.356GB/3.001GB
test-ubuntu (3.14)	Set up Docker Compose	2026-05-19T19:32:35.5712933Z  b5c5a3ac416f Downloading [======================>                            ]  1.362GB/3.001GB
test-ubuntu (3.14)	Set up Docker Compose	2026-05-19T19:32:35.6753923Z  b5c5a3ac416f Downloading [======================>                            ]  1.367GB/3.001GB
test-ubuntu (3.14)	Set up Docker Compose	2026-05-19T19:32:35.7795697Z  b5c5a3ac416f Downloading [======================>                            ]  1.372GB/3.001GB
test-ubuntu (3.14)	Set up Docker Compose	2026-05-19T19:32:35.8842974Z  b5c5a3ac416f Downloading [======================>                            ]  1.378GB/3.001GB
test-ubuntu (3.14)	Set up Docker Compose	2026-05-19T19:32:35.9891687Z  b5c5a3ac416f Downloading [=======================>                           ]  1.383GB/3.001GB
test-ubuntu (3.14)	Set up Docker Compose	2026-05-19T19:32:36.0934242Z  b5c5a3ac416f Downloading [=======================>                           ]  1.389GB/3.001GB
test-ubuntu (3.14)	Set up Docker Compose	2026-05-19T19:32:36.1981091Z  b5c5a3ac416f Downloading [=======================>                           ]  1.394GB/3.001GB
test-ubuntu (3.14)	Set up Docker Compose	2026-05-19T19:32:36.3022618Z  b5c5a3ac416f Downloading [=======================>                           ]  1.399GB/3.001GB
test-ubuntu (3.14)	Set up Docker Compose	2026-05-19T19:32:36.4060212Z  b5c5a3ac416f Downloading [=======================>                           ]  1.405GB/3.001GB
test-ubuntu (3.14)	Set up Docker Compose	2026-05-19T19:32:36.5099644Z  b5c5a3ac416f Downloading [=======================>                           ]   1.41GB/3.001GB
test-ubuntu (3.14)	Set up Docker Compose	2026-05-19T19:32:36.6143933Z  b5c5a3ac416f Downloading [=======================>                           ]  1.415GB/3.001GB
test-ubuntu (3.14)	Set up Docker Compose	2026-05-19T19:32:36.7191994Z  b5c5a3ac416f Downloading [=======================>                           ]  1.421GB/3.001GB
test-ubuntu (3.14)	Set up Docker Compose	2026-05-19T19:32:36.8232792Z  b5c5a3ac416f Downloading [=======================>                           ]  1.426GB/3.001GB
test-ubuntu (3.14)	Set up Docker Compose	2026-05-19T19:32:36.9281777Z  b5c5a3ac416f Downloading [=======================>                           ]  1.431GB/3.001GB
test-ubuntu (3.14)	Set up Docker Compose	2026-05-19T19:32:37.0322916Z  b5c5a3ac416f Downloading [=======================>                           ]  1.437GB/3.001GB
test-ubuntu (3.14)	Set up Docker Compose	2026-05-19T19:32:37.1362794Z  b5c5a3ac416f Downloading [========================>                          ]  1.442GB/3.001GB
test-ubuntu (3.14)	Set up Docker Compose	2026-05-19T19:32:37.2410053Z  b5c5a3ac416f Downloading [========================>                          ]  1.447GB/3.001GB
test-ubuntu (3.14)	Set up Docker Compose	2026-05-19T19:32:37.3450992Z  b5c5a3ac416f Downloading [========================>                          ]  1.453GB/3.001GB
test-ubuntu (3.14)	Set up Docker Compose	2026-05-19T19:32:37.4490505Z  b5c5a3ac416f Downloading [========================>                          ]  1.458GB/3.001GB
test-ubuntu (3.14)	Set up Docker Compose	2026-05-19T19:32:37.5540517Z  b5c5a3ac416f Downloading [========================>                          ]  1.464GB/3.001GB
test-ubuntu (3.14)	Set up Docker Compose	2026-05-19T19:32:37.6578401Z  b5c5a3ac416f Downloading [========================>                          ]  1.469GB/3.001GB
test-ubuntu (3.14)	Set up Docker Compose	2026-05-19T19:32:37.7617009Z  b5c5a3ac416f Downloading [========================>                          ]  1.474GB/3.001GB
test-ubuntu (3.14)	Set up Docker Compose	2026-05-19T19:32:37.8666349Z  b5c5a3ac416f Downloading [========================>                          ]   1.48GB/3.001GB
test-ubuntu (3.14)	Set up Docker Compose	2026-05-19T19:32:37.9706239Z  b5c5a3ac416f Downloading [========================>                          ]  1.485GB/3.001GB
test-ubuntu (3.14)	Set up Docker Compose	2026-05-19T19:32:38.0753996Z  b5c5a3ac416f Downloading [========================>                          ]   1.49GB/3.001GB
test-ubuntu (3.14)	Set up Docker Compose	2026-05-19T19:32:38.1795282Z  b5c5a3ac416f Downloading [========================>                          ]  1.496GB/3.001GB
test-ubuntu (3.14)	Set up Docker Compose	2026-05-19T19:32:38.2835074Z  b5c5a3ac416f Downloading [=========================>                         ]  1.501GB/3.001GB
test-ubuntu (3.14)	Set up Docker Compose	2026-05-19T19:32:38.3880793Z  b5c5a3ac416f Downloading [=========================>                         ]  1.506GB/3.001GB
test-ubuntu (3.14)	Set up Docker Compose	2026-05-19T19:32:38.4923807Z  b5c5a3ac416f Downloading [=========================>                         ]  1.512GB/3.001GB
test-ubuntu (3.14)	Set up Docker Compose	2026-05-19T19:32:38.5962529Z  b5c5a3ac416f Downloading [=========================>                         ]  1.517GB/3.001GB
test-ubuntu (3.14)	Set up Docker Compose	2026-05-19T19:32:38.7010487Z  b5c5a3ac416f Downloading [=========================>                         ]  1.523GB/3.001GB
test-ubuntu (3.14)	Set up Docker Compose	2026-05-19T19:32:38.8053231Z  b5c5a3ac416f Downloading [=========================>                         ]  1.528GB/3.001GB
test-ubuntu (3.14)	Set up Docker Compose	2026-05-19T19:32:38.9111141Z  b5c5a3ac416f Downloading [=========================>                         ]  1.533GB/3.001GB
test-ubuntu (3.14)	Set up Docker Compose	2026-05-19T19:32:39.0126489Z  b5c5a3ac416f Downloading [=========================>                         ]  1.538GB/3.001GB
test-ubuntu (3.14)	Set up Docker Compose	2026-05-19T19:32:39.1168092Z  b5c5a3ac416f Downloading [=========================>                         ]  1.543GB/3.001GB
test-ubuntu (3.14)	Set up Docker Compose	2026-05-19T19:32:39.2216799Z  b5c5a3ac416f Downloading [=========================>                         ]  1.549GB/3.001GB
test-ubuntu (3.14)	Set up Docker Compose	2026-05-19T19:32:39.3257653Z  b5c5a3ac416f Downloading [=========================>                         ]  1.554GB/3.001GB
test-ubuntu (3.14)	Set up Docker Compose	2026-05-19T19:32:39.4295883Z  b5c5a3ac416f Downloading [=========================>                         ]  1.559GB/3.001GB
test-ubuntu (3.14)	Set up Docker Compose	2026-05-19T19:32:39.5333786Z  b5c5a3ac416f Downloading [==========================>                        ]  1.565GB/3.001GB
test-ubuntu (3.14)	Set up Docker Compose	2026-05-19T19:32:39.6388543Z  b5c5a3ac416f Downloading [==========================>                        ]   1.57GB/3.001GB
test-ubuntu (3.14)	Set up Docker Compose	2026-05-19T19:32:39.7429268Z  b5c5a3ac416f Downloading [==========================>                        ]  1.576GB/3.001GB
test-ubuntu (3.14)	Set up Docker Compose	2026-05-19T19:32:39.8478763Z  b5c5a3ac416f Downloading [==========================>                        ]  1.581GB/3.001GB
test-ubuntu (3.14)	Set up Docker Compose	2026-05-19T19:32:39.9535933Z  b5c5a3ac416f Downloading [==========================>                        ]  1.586GB/3.001GB
test-ubuntu (3.14)	Set up Docker Compose	2026-05-19T19:32:40.0559287Z  b5c5a3ac416f Downloading [==========================>                        ]  1.592GB/3.001GB
test-ubuntu (3.14)	Set up Docker Compose	2026-05-19T19:32:40.1607727Z  b5c5a3ac416f Downloading [==========================>                        ]  1.597GB/3.001GB
test-ubuntu (3.14)	Set up Docker Compose	2026-05-19T19:32:40.2649421Z  b5c5a3ac416f Downloading [==========================>                        ]  1.602GB/3.001GB
test-ubuntu (3.14)	Set up Docker Compose	2026-05-19T19:32:40.3714849Z  b5c5a3ac416f Downloading [==========================>                        ]  1.608GB/3.001GB
test-ubuntu (3.14)	Set up Docker Compose	2026-05-19T19:32:40.4756396Z  b5c5a3ac416f Downloading [==========================>                        ]  1.613GB/3.001GB
test-ubuntu (3.14)	Set up Docker Compose	2026-05-19T19:32:40.5796397Z  b5c5a3ac416f Downloading [==========================>                        ]  1.618GB/3.001GB
test-ubuntu (3.14)	Set up Docker Compose	2026-05-19T19:32:40.6846926Z  b5c5a3ac416f Downloading [===========================>                       ]  1.624GB/3.001GB
test-ubuntu (3.14)	Set up Docker Compose	2026-05-19T19:32:40.7888929Z  b5c5a3ac416f Downloading [===========================>                       ]  1.629GB/3.001GB
test-ubuntu (3.14)	Set up Docker Compose	2026-05-19T19:32:40.8928625Z  b5c5a3ac416f Downloading [===========================>                       ]  1.635GB/3.001GB
test-ubuntu (3.14)	Set up Docker Compose	2026-05-19T19:32:40.9978915Z  b5c5a3ac416f Downloading [===========================>                       ]   1.64GB/3.001GB
test-ubuntu (3.14)	Set up Docker Compose	2026-05-19T19:32:41.1019161Z  b5c5a3ac416f Downloading [===========================>                       ]  1.645GB/3.001GB
test-ubuntu (3.14)	Set up Docker Compose	2026-05-19T19:32:41.2068575Z  b5c5a3ac416f Downloading [===========================>                       ]  1.651GB/3.001GB
test-ubuntu (3.14)	Set up Docker Compose	2026-05-19T19:32:41.3115923Z  b5c5a3ac416f Downloading [===========================>                       ]  1.656GB/3.001GB
test-ubuntu (3.14)	Set up Docker Compose	2026-05-19T19:32:41.4160109Z  b5c5a3ac416f Downloading [===========================>                       ]  1.661GB/3.001GB
test-ubuntu (3.14)	Set up Docker Compose	2026-05-19T19:32:41.5214088Z  b5c5a3ac416f Downloading [===========================>                       ]  1.667GB/3.001GB
test-ubuntu (3.14)	Set up Docker Compose	2026-05-19T19:32:41.6269524Z  b5c5a3ac416f Downloading [===========================>                       ]  1.672GB/3.001GB
test-ubuntu (3.14)	Set up Docker Compose	2026-05-19T19:32:41.7313536Z  b5c5a3ac416f Downloading [===========================>                       ]  1.677GB/3.001GB
test-ubuntu (3.14)	Set up Docker Compose	2026-05-19T19:32:41.8354121Z  b5c5a3ac416f Downloading [============================>                      ]  1.683GB/3.001GB
test-ubuntu (3.14)	Set up Docker Compose	2026-05-19T19:32:41.9415445Z  b5c5a3ac416f Downloading [============================>                      ]  1.688GB/3.001GB
test-ubuntu (3.14)	Set up Docker Compose	2026-05-19T19:32:42.0457464Z  b5c5a3ac416f Downloading [============================>                      ]  1.693GB/3.001GB
test-ubuntu (3.14)	Set up Docker Compose	2026-05-19T19:32:42.1498618Z  b5c5a3ac416f Downloading [============================>                      ]  1.699GB/3.001GB
test-ubuntu (3.14)	Set up Docker Compose	2026-05-19T19:32:42.2547149Z  b5c5a3ac416f Downloading [============================>                      ]  1.704GB/3.001GB
test-ubuntu (3.14)	Set up Docker Compose	2026-05-19T19:32:42.3588275Z  b5c5a3ac416f Downloading [============================>                      ]   1.71GB/3.001GB
test-ubuntu (3.14)	Set up Docker Compose	2026-05-19T19:32:42.4823287Z  b5c5a3ac416f Downloading [============================>                      ]  1.714GB/3.001GB
test-ubuntu (3.14)	Set up Docker Compose	2026-05-19T19:32:42.6052503Z  b5c5a3ac416f Downloading [============================>                      ]  1.718GB/3.001GB
test-ubuntu (3.14)	Set up Docker Compose	2026-05-19T19:32:42.7078050Z  b5c5a3ac416f Downloading [============================>                      ]  1.721GB/3.001GB
test-ubuntu (3.14)	Set up Docker Compose	2026-05-19T19:32:42.8119420Z  b5c5a3ac416f Downloading [============================>                      ]  1.727GB/3.001GB
test-ubuntu (3.14)	Set up Docker Compose	2026-05-19T19:32:42.9166834Z  b5c5a3ac416f Downloading [============================>                      ]  1.732GB/3.001GB
test-ubuntu (3.14)	Set up Docker Compose	2026-05-19T19:32:43.0208318Z  b5c5a3ac416f Downloading [============================>                      ]  1.737GB/3.001GB
test-ubuntu (3.14)	Set up Docker Compose	2026-05-19T19:32:43.1266772Z  b5c5a3ac416f Downloading [=============================>                     ]  1.743GB/3.001GB
test-ubuntu (3.14)	Set up Docker Compose	2026-05-19T19:32:43.2328840Z  b5c5a3ac416f Downloading [=============================>                     ]  1.748GB/3.001GB
test-ubuntu (3.14)	Set up Docker Compose	2026-05-19T19:32:43.3371165Z  b5c5a3ac416f Downloading [=============================>                     ]  1.753GB/3.001GB
test-ubuntu (3.14)	Set up Docker Compose	2026-05-19T19:32:43.4424067Z  b5c5a3ac416f Downloading [=============================>                     ]  1.759GB/3.001GB
test-ubuntu (3.14)	Set up Docker Compose	2026-05-19T19:32:43.5463341Z  b5c5a3ac416f Downloading [=============================>                     ]  1.764GB/3.001GB
test-ubuntu (3.14)	Set up Docker Compose	2026-05-19T19:32:43.6503982Z  b5c5a3ac416f Downloading [=============================>                     ]   1.77GB/3.001GB
test-ubuntu (3.14)	Set up Docker Compose	2026-05-19T19:32:43.7554064Z  b5c5a3ac416f Downloading [=============================>                     ]  1.775GB/3.001GB
test-ubuntu (3.14)	Set up Docker Compose	2026-05-19T19:32:43.8603997Z  b5c5a3ac416f Downloading [=============================>                     ]   1.78GB/3.001GB
test-ubuntu (3.14)	Set up Docker Compose	2026-05-19T19:32:43.9652538Z  b5c5a3ac416f Downloading [=============================>                     ]  1.786GB/3.001GB
test-ubuntu (3.14)	Set up Docker Compose	2026-05-19T19:32:44.0690542Z  b5c5a3ac416f Downloading [=============================>                     ]  1.791GB/3.001GB
test-ubuntu (3.14)	Set up Docker Compose	2026-05-19T19:32:44.1750023Z  b5c5a3ac416f Downloading [=============================>                     ]  1.796GB/3.001GB
test-ubuntu (3.14)	Set up Docker Compose	2026-05-19T19:32:44.2796409Z  b5c5a3ac416f Downloading [==============================>                    ]  1.802GB/3.001GB
test-ubuntu (3.14)	Set up Docker Compose	2026-05-19T19:32:44.3838529Z  b5c5a3ac416f Downloading [==============================>                    ]  1.807GB/3.001GB
test-ubuntu (3.14)	Set up Docker Compose	2026-05-19T19:32:44.4902606Z  b5c5a3ac416f Downloading [==============================>                    ]  1.812GB/3.001GB
test-ubuntu (3.14)	Set up Docker Compose	2026-05-19T19:32:44.5951785Z  b5c5a3ac416f Downloading [==============================>                    ]  1.818GB/3.001GB
test-ubuntu (3.14)	Set up Docker Compose	2026-05-19T19:32:44.6992481Z  b5c5a3ac416f Downloading [==============================>                    ]  1.823GB/3.001GB
test-ubuntu (3.14)	Set up Docker Compose	2026-05-19T19:32:44.8041388Z  b5c5a3ac416f Downloading [==============================>                    ]  1.829GB/3.001GB
test-ubuntu (3.14)	Set up Docker Compose	2026-05-19T19:32:44.9089727Z  b5c5a3ac416f Downloading [==============================>                    ]  1.834GB/3.001GB
test-ubuntu (3.14)	Set up Docker Compose	2026-05-19T19:32:45.0130226Z  b5c5a3ac416f Downloading [==============================>                    ]  1.839GB/3.001GB
test-ubuntu (3.14)	Set up Docker Compose	2026-05-19T19:32:45.1180044Z  b5c5a3ac416f Downloading [==============================>                    ]  1.845GB/3.001GB
test-ubuntu (3.14)	Set up Docker Compose	2026-05-19T19:32:45.2223821Z  b5c5a3ac416f Downloading [==============================>                    ]   1.85GB/3.001GB
test-ubuntu (3.14)	Set up Docker Compose	2026-05-19T19:32:45.3260712Z  b5c5a3ac416f Downloading [==============================>                    ]  1.855GB/3.001GB
test-ubuntu (3.14)	Set up Docker Compose	2026-05-19T19:32:45.4308319Z  b5c5a3ac416f Downloading [==============================>                    ]  1.861GB/3.001GB
test-ubuntu (3.14)	Set up Docker Compose	2026-05-19T19:32:45.5350584Z  b5c5a3ac416f Downloading [===============================>                   ]  1.866GB/3.001GB
test-ubuntu (3.14)	Set up Docker Compose	2026-05-19T19:32:45.6391360Z  b5c5a3ac416f Downloading [===============================>                   ]  1.871GB/3.001GB
test-ubuntu (3.14)	Set up Docker Compose	2026-05-19T19:32:45.7428360Z  b5c5a3ac416f Downloading [===============================>                   ]  1.877GB/3.001GB
test-ubuntu (3.14)	Set up Docker Compose	2026-05-19T19:32:45.8481283Z  b5c5a3ac416f Downloading [===============================>                   ]  1.882GB/3.001GB
test-ubuntu (3.14)	Set up Docker Compose	2026-05-19T19:32:45.9522981Z  b5c5a3ac416f Downloading [===============================>                   ]  1.887GB/3.001GB
test-ubuntu (3.14)	Set up Docker Compose	2026-05-19T19:32:46.0565011Z  b5c5a3ac416f Downloading [===============================>                   ]  1.893GB/3.001GB
test-ubuntu (3.14)	Set up Docker Compose	2026-05-19T19:32:46.1612989Z  b5c5a3ac416f Downloading [===============================>                   ]  1.898GB/3.001GB
test-ubuntu (3.14)	Set up Docker Compose	2026-05-19T19:32:46.2655178Z  b5c5a3ac416f Downloading [===============================>                   ]  1.904GB/3.001GB
test-ubuntu (3.14)	Set up Docker Compose	2026-05-19T19:32:46.3703007Z  b5c5a3ac416f Downloading [===============================>                   ]  1.909GB/3.001GB
test-ubuntu (3.14)	Set up Docker Compose	2026-05-19T19:32:46.4765589Z  b5c5a3ac416f Downloading [===============================>                   ]  1.914GB/3.001GB
test-ubuntu (3.14)	Set up Docker Compose	2026-05-19T19:32:46.5812325Z  b5c5a3ac416f Downloading [===============================>                   ]   1.92GB/3.001GB
test-ubuntu (3.14)	Set up Docker Compose	2026-05-19T19:32:46.6857624Z  b5c5a3ac416f Downloading [================================>                  ]  1.925GB/3.001GB
test-ubuntu (3.14)	Set up Docker Compose	2026-05-19T19:32:46.7902979Z  b5c5a3ac416f Downloading [================================>                  ]   1.93GB/3.001GB
test-ubuntu (3.14)	Set up Docker Compose	2026-05-19T19:32:46.8953054Z  b5c5a3ac416f Downloading [================================>                  ]  1.936GB/3.001GB
test-ubuntu (3.14)	Set up Docker Compose	2026-05-19T19:32:46.9995955Z  b5c5a3ac416f Downloading [================================>                  ]  1.941GB/3.001GB
test-ubuntu (3.14)	Set up Docker Compose	2026-05-19T19:32:47.1038446Z  b5c5a3ac416f Downloading [================================>                  ]  1.946GB/3.001GB
test-ubuntu (3.14)	Set up Docker Compose	2026-05-19T19:32:47.2090246Z  b5c5a3ac416f Downloading [================================>                  ]  1.952GB/3.001GB
test-ubuntu (3.14)	Set up Docker Compose	2026-05-19T19:32:47.3129583Z  b5c5a3ac416f Downloading [================================>                  ]  1.957GB/3.001GB
test-ubuntu (3.14)	Set up Docker Compose	2026-05-19T19:32:47.4169450Z  b5c5a3ac416f Downloading [================================>                  ]  1.963GB/3.001GB
test-ubuntu (3.14)	Set up Docker Compose	2026-05-19T19:32:47.5218206Z  b5c5a3ac416f Downloading [================================>                  ]  1.968GB/3.001GB
test-ubuntu (3.14)	Set up Docker Compose	2026-05-19T19:32:47.6258733Z  b5c5a3ac416f Downloading [================================>                  ]  1.973GB/3.001GB
test-ubuntu (3.14)	Set up Docker Compose	2026-05-19T19:32:47.7308045Z  b5c5a3ac416f Downloading [================================>                  ]  1.979GB/3.001GB
test-ubuntu (3.14)	Set up Docker Compose	2026-05-19T19:32:47.8424027Z  b5c5a3ac416f Downloading [=================================>                 ]  1.981GB/3.001GB
test-ubuntu (3.14)	Set up Docker Compose	2026-05-19T19:32:47.9646325Z  b5c5a3ac416f Downloading [=================================>                 ]  1.984GB/3.001GB
test-ubuntu (3.14)	Set up Docker Compose	2026-05-19T19:32:48.0697302Z  b5c5a3ac416f Downloading [=================================>                 ]   1.99GB/3.001GB
test-ubuntu (3.14)	Set up Docker Compose	2026-05-19T19:32:48.1744831Z  b5c5a3ac416f Downloading [=================================>                 ]  1.995GB/3.001GB
test-ubuntu (3.14)	Set up Docker Compose	2026-05-19T19:32:48.2777795Z  b5c5a3ac416f Downloading [=================================>                 ]  2.001GB/3.001GB
test-ubuntu (3.14)	Set up Docker Compose	2026-05-19T19:32:48.3855730Z  b5c5a3ac416f Downloading [=================================>                 ]  2.006GB/3.001GB
test-ubuntu (3.14)	Set up Docker Compose	2026-05-19T19:32:48.4898652Z  b5c5a3ac416f Downloading [=================================>                 ]  2.011GB/3.001GB
test-ubuntu (3.14)	Set up Docker Compose	2026-05-19T19:32:48.5936539Z  b5c5a3ac416f Downloading [=================================>                 ]  2.017GB/3.001GB
test-ubuntu (3.14)	Set up Docker Compose	2026-05-19T19:32:48.6985178Z  b5c5a3ac416f Downloading [=================================>                 ]  2.022GB/3.001GB
test-ubuntu (3.14)	Set up Docker Compose	2026-05-19T19:32:48.8026641Z  b5c5a3ac416f Downloading [=================================>                 ]  2.027GB/3.001GB
test-ubuntu (3.14)	Set up Docker Compose	2026-05-19T19:32:48.9068557Z  b5c5a3ac416f Downloading [=================================>                 ]  2.033GB/3.001GB
test-ubuntu (3.14)	Set up Docker Compose	2026-05-19T19:32:49.0116849Z  b5c5a3ac416f Downloading [=================================>                 ]  2.038GB/3.001GB
test-ubuntu (3.14)	Set up Docker Compose	2026-05-19T19:32:49.1156861Z  b5c5a3ac416f Downloading [==================================>                ]  2.043GB/3.001GB
test-ubuntu (3.14)	Set up Docker Compose	2026-05-19T19:32:49.2197311Z  b5c5a3ac416f Downloading [==================================>                ]  2.049GB/3.001GB
test-ubuntu (3.14)	Set up Docker Compose	2026-05-19T19:32:49.3236355Z  b5c5a3ac416f Downloading [==================================>                ]  2.054GB/3.001GB
test-ubuntu (3.14)	Set up Docker Compose	2026-05-19T19:32:49.4283975Z  b5c5a3ac416f Downloading [==================================>                ]  2.059GB/3.001GB
test-ubuntu (3.14)	Set up Docker Compose	2026-05-19T19:32:49.5326732Z  b5c5a3ac416f Downloading [==================================>                ]  2.065GB/3.001GB
test-ubuntu (3.14)	Set up Docker Compose	2026-05-19T19:32:49.6384692Z  b5c5a3ac416f Downloading [==================================>                ]   2.07GB/3.001GB
test-ubuntu (3.14)	Set up Docker Compose	2026-05-19T19:32:49.7438929Z  b5c5a3ac416f Downloading [==================================>                ]  2.076GB/3.001GB
test-ubuntu (3.14)	Set up Docker Compose	2026-05-19T19:32:49.8480454Z  b5c5a3ac416f Downloading [==================================>                ]  2.081GB/3.001GB
test-ubuntu (3.14)	Set up Docker Compose	2026-05-19T19:32:49.9527934Z  b5c5a3ac416f Downloading [==================================>                ]  2.086GB/3.001GB
test-ubuntu (3.14)	Set up Docker Compose	2026-05-19T19:32:50.0593318Z  b5c5a3ac416f Downloading [==================================>                ]  2.092GB/3.001GB
test-ubuntu (3.14)	Set up Docker Compose	2026-05-19T19:32:50.1641398Z  b5c5a3ac416f Downloading [==================================>                ]  2.097GB/3.001GB
test-ubuntu (3.14)	Set up Docker Compose	2026-05-19T19:32:50.2691721Z  b5c5a3ac416f Downloading [===================================>               ]  2.102GB/3.001GB
test-ubuntu (3.14)	Set up Docker Compose	2026-05-19T19:32:50.3754328Z  b5c5a3ac416f Downloading [===================================>               ]  2.108GB/3.001GB
test-ubuntu (3.14)	Set up Docker Compose	2026-05-19T19:32:50.4788675Z  b5c5a3ac416f Downloading [===================================>               ]  2.113GB/3.001GB
test-ubuntu (3.14)	Set up Docker Compose	2026-05-19T19:32:50.5833532Z  b5c5a3ac416f Downloading [===================================>               ]  2.118GB/3.001GB
test-ubuntu (3.14)	Set up Docker Compose	2026-05-19T19:32:50.6878755Z  b5c5a3ac416f Downloading [===================================>               ]  2.124GB/3.001GB
test-ubuntu (3.14)	Set up Docker Compose	2026-05-19T19:32:50.7919140Z  b5c5a3ac416f Downloading [===================================>               ]  2.129GB/3.001GB
test-ubuntu (3.14)	Set up Docker Compose	2026-05-19T19:32:50.8964390Z  b5c5a3ac416f Downloading [===================================>               ]  2.135GB/3.001GB
test-ubuntu (3.14)	Set up Docker Compose	2026-05-19T19:32:51.0011144Z  b5c5a3ac416f Downloading [===================================>               ]   2.14GB/3.001GB
test-ubuntu (3.14)	Set up Docker Compose	2026-05-19T19:32:51.1051531Z  b5c5a3ac416f Downloading [===================================>               ]  2.145GB/3.001GB
test-ubuntu (3.14)	Set up Docker Compose	2026-05-19T19:32:51.2106429Z  b5c5a3ac416f Downloading [===================================>               ]  2.151GB/3.001GB
test-ubuntu (3.14)	Set up Docker Compose	2026-05-19T19:32:51.3147177Z  b5c5a3ac416f Downloading [===================================>               ]  2.156GB/3.001GB
test-ubuntu (3.14)	Set up Docker Compose	2026-05-19T19:32:51.4191194Z  b5c5a3ac416f Downloading [====================================>              ]  2.161GB/3.001GB
test-ubuntu (3.14)	Set up Docker Compose	2026-05-19T19:32:51.5240434Z  b5c5a3ac416f Downloading [====================================>              ]  2.167GB/3.001GB
test-ubuntu (3.14)	Set up Docker Compose	2026-05-19T19:32:51.6282049Z  b5c5a3ac416f Downloading [====================================>              ]  2.172GB/3.001GB
test-ubuntu (3.14)	Set up Docker Compose	2026-05-19T19:32:51.7323029Z  b5c5a3ac416f Downloading [====================================>              ]  2.177GB/3.001GB
test-ubuntu (3.14)	Set up Docker Compose	2026-05-19T19:32:51.8372515Z  b5c5a3ac416f Downloading [====================================>              ]  2.183GB/3.001GB
test-ubuntu (3.14)	Set up Docker Compose	2026-05-19T19:32:51.9423580Z  b5c5a3ac416f Downloading [====================================>              ]  2.188GB/3.001GB
test-ubuntu (3.14)	Set up Docker Compose	2026-05-19T19:32:52.0482647Z  b5c5a3ac416f Downloading [====================================>              ]  2.193GB/3.001GB
test-ubuntu (3.14)	Set up Docker Compose	2026-05-19T19:32:52.1522856Z  b5c5a3ac416f Downloading [====================================>              ]  2.199GB/3.001GB
test-ubuntu (3.14)	Set up Docker Compose	2026-05-19T19:32:52.2565552Z  b5c5a3ac416f Downloading [====================================>              ]  2.204GB/3.001GB
test-ubuntu (3.14)	Set up Docker Compose	2026-05-19T19:32:52.3616615Z  b5c5a3ac416f Downloading [====================================>              ]   2.21GB/3.001GB
test-ubuntu (3.14)	Set up Docker Compose	2026-05-19T19:32:52.4655606Z  b5c5a3ac416f Downloading [====================================>              ]  2.215GB/3.001GB
test-ubuntu (3.14)	Set up Docker Compose	2026-05-19T19:32:52.5697540Z  b5c5a3ac416f Downloading [====================================>              ]   2.22GB/3.001GB
test-ubuntu (3.14)	Set up Docker Compose	2026-05-19T19:32:52.6737719Z  b5c5a3ac416f Downloading [=====================================>             ]  2.226GB/3.001GB
test-ubuntu (3.14)	Set up Docker Compose	2026-05-19T19:32:52.7788126Z  b5c5a3ac416f Downloading [=====================================>             ]  2.231GB/3.001GB
test-ubuntu (3.14)	Set up Docker Compose	2026-05-19T19:32:52.8829221Z  b5c5a3ac416f Downloading [=====================================>             ]  2.236GB/3.001GB
test-ubuntu (3.14)	Set up Docker Compose	2026-05-19T19:32:52.9878440Z  b5c5a3ac416f Downloading [=====================================>             ]  2.242GB/3.001GB
test-ubuntu (3.14)	Set up Docker Compose	2026-05-19T19:32:53.0918934Z  b5c5a3ac416f Downloading [=====================================>             ]  2.247GB/3.001GB
test-ubuntu (3.14)	Set up Docker Compose	2026-05-19T19:32:53.1967116Z  b5c5a3ac416f Downloading [=====================================>             ]  2.252GB/3.001GB
test-ubuntu (3.14)	Set up Docker Compose	2026-05-19T19:32:53.3019161Z  b5c5a3ac416f Downloading [=====================================>             ]  2.258GB/3.001GB
test-ubuntu (3.14)	Set up Docker Compose	2026-05-19T19:32:53.4053137Z  b5c5a3ac416f Downloading [=====================================>             ]  2.263GB/3.001GB
test-ubuntu (3.14)	Set up Docker Compose	2026-05-19T19:32:53.5095282Z  b5c5a3ac416f Downloading [=====================================>             ]  2.269GB/3.001GB
test-ubuntu (3.14)	Set up Docker Compose	2026-05-19T19:32:53.6139101Z  b5c5a3ac416f Downloading [=====================================>             ]  2.274GB/3.001GB
test-ubuntu (3.14)	Set up Docker Compose	2026-05-19T19:32:53.7186928Z  b5c5a3ac416f Downloading [=====================================>             ]  2.279GB/3.001GB
test-ubuntu (3.14)	Set up Docker Compose	2026-05-19T19:32:53.8220914Z  b5c5a3ac416f Downloading [======================================>            ]  2.285GB/3.001GB
test-ubuntu (3.14)	Set up Docker Compose	2026-05-19T19:32:53.9261628Z  b5c5a3ac416f Downloading [======================================>            ]   2.29GB/3.001GB
test-ubuntu (3.14)	Set up Docker Compose	2026-05-19T19:32:54.0310386Z  b5c5a3ac416f Downloading [======================================>            ]  2.295GB/3.001GB
test-ubuntu (3.14)	Set up Docker Compose	2026-05-19T19:32:54.1418872Z  b5c5a3ac416f Downloading [======================================>            ]  2.301GB/3.001GB
test-ubuntu (3.14)	Set up Docker Compose	2026-05-19T19:32:54.2450412Z  b5c5a3ac416f Downloading [======================================>            ]  2.306GB/3.001GB
test-ubuntu (3.14)	Set up Docker Compose	2026-05-19T19:32:54.3499369Z  b5c5a3ac416f Downloading [======================================>            ]  2.311GB/3.001GB
test-ubuntu (3.14)	Set up Docker Compose	2026-05-19T19:32:54.4541799Z  b5c5a3ac416f Downloading [======================================>            ]  2.317GB/3.001GB
test-ubuntu (3.14)	Set up Docker Compose	2026-05-19T19:32:54.5589133Z  b5c5a3ac416f Downloading [======================================>            ]  2.322GB/3.001GB
test-ubuntu (3.14)	Set up Docker Compose	2026-05-19T19:32:54.6631040Z  b5c5a3ac416f Downloading [======================================>            ]  2.327GB/3.001GB
test-ubuntu (3.14)	Set up Docker Compose	2026-05-19T19:32:54.7672156Z  b5c5a3ac416f Downloading [======================================>            ]  2.333GB/3.001GB
test-ubuntu (3.14)	Set up Docker Compose	2026-05-19T19:32:54.8719040Z  b5c5a3ac416f Downloading [======================================>            ]  2.338GB/3.001GB
test-ubuntu (3.14)	Set up Docker Compose	2026-05-19T19:32:54.9728453Z  b5c5a3ac416f Downloading [======================================>            ]   2.34GB/3.001GB
test-ubuntu (3.14)	Set up Docker Compose	2026-05-19T19:32:55.0948480Z  b5c5a3ac416f Downloading [=======================================>           ]  2.344GB/3.001GB
test-ubuntu (3.14)	Set up Docker Compose	2026-05-19T19:32:55.1985801Z  b5c5a3ac416f Downloading [=======================================>           ]  2.349GB/3.001GB
test-ubuntu (3.14)	Set up Docker Compose	2026-05-19T19:32:55.3033214Z  b5c5a3ac416f Downloading [=======================================>           ]  2.354GB/3.001GB
test-ubuntu (3.14)	Set up Docker Compose	2026-05-19T19:32:55.4075962Z  b5c5a3ac416f Downloading [=======================================>           ]   2.36GB/3.001GB
test-ubuntu (3.14)	Set up Docker Compose	2026-05-19T19:32:55.5125683Z  b5c5a3ac416f Downloading [=======================================>           ]  2.365GB/3.001GB
test-ubuntu (3.14)	Set up Docker Compose	2026-05-19T19:32:55.6164651Z  b5c5a3ac416f Downloading [=======================================>           ]   2.37GB/3.001GB
test-ubuntu (3.14)	Set up Docker Compose	2026-05-19T19:32:55.7206868Z  b5c5a3ac416f Downloading [=======================================>           ]  2.376GB/3.001GB
test-ubuntu (3.14)	Set up Docker Compose	2026-05-19T19:32:55.8257743Z  b5c5a3ac416f Downloading [=======================================>           ]  2.381GB/3.001GB
test-ubuntu (3.14)	Set up Docker Compose	2026-05-19T19:32:55.9294892Z  b5c5a3ac416f Downloading [=======================================>           ]  2.386GB/3.001GB
test-ubuntu (3.14)	Set up Docker Compose	2026-05-19T19:32:56.0335424Z  b5c5a3ac416f Downloading [=======================================>           ]  2.392GB/3.001GB
test-ubuntu (3.14)	Set up Docker Compose	2026-05-19T19:32:56.1384679Z  b5c5a3ac416f Downloading [=======================================>           ]  2.397GB/3.001GB
test-ubuntu (3.14)	Set up Docker Compose	2026-05-19T19:32:56.2425085Z  b5c5a3ac416f Downloading [========================================>          ]  2.403GB/3.001GB
test-ubuntu (3.14)	Set up Docker Compose	2026-05-19T19:32:56.3476586Z  b5c5a3ac416f Downloading [========================================>          ]  2.408GB/3.001GB
test-ubuntu (3.14)	Set up Docker Compose	2026-05-19T19:32:56.4518446Z  b5c5a3ac416f Downloading [========================================>          ]  2.413GB/3.001GB
test-ubuntu (3.14)	Set up Docker Compose	2026-05-19T19:32:56.5558787Z  b5c5a3ac416f Downloading [========================================>          ]  2.419GB/3.001GB
test-ubuntu (3.14)	Set up Docker Compose	2026-05-19T19:32:56.6609059Z  b5c5a3ac416f Downloading [========================================>          ]  2.424GB/3.001GB
test-ubuntu (3.14)	Set up Docker Compose	2026-05-19T19:32:56.7648024Z  b5c5a3ac416f Downloading [========================================>          ]  2.429GB/3.001GB
test-ubuntu (3.14)	Set up Docker Compose	2026-05-19T19:32:56.8688337Z  b5c5a3ac416f Downloading [========================================>          ]  2.435GB/3.001GB
test-ubuntu (3.14)	Set up Docker Compose	2026-05-19T19:32:56.9738867Z  b5c5a3ac416f Downloading [========================================>          ]   2.44GB/3.001GB
test-ubuntu (3.14)	Set up Docker Compose	2026-05-19T19:32:57.0778720Z  b5c5a3ac416f Downloading [========================================>          ]  2.445GB/3.001GB
test-ubuntu (3.14)	Set up Docker Compose	2026-05-19T19:32:57.1820181Z  b5c5a3ac416f Downloading [========================================>          ]  2.451GB/3.001GB
test-ubuntu (3.14)	Set up Docker Compose	2026-05-19T19:32:57.2868379Z  b5c5a3ac416f Downloading [========================================>          ]  2.456GB/3.001GB
test-ubuntu (3.14)	Set up Docker Compose	2026-05-19T19:32:57.3907747Z  b5c5a3ac416f Downloading [=========================================>         ]  2.461GB/3.001GB
test-ubuntu (3.14)	Set up Docker Compose	2026-05-19T19:32:57.4948296Z  b5c5a3ac416f Downloading [=========================================>         ]  2.467GB/3.001GB
test-ubuntu (3.14)	Set up Docker Compose	2026-05-19T19:32:57.5997303Z  b5c5a3ac416f Downloading [=========================================>         ]  2.472GB/3.001GB
test-ubuntu (3.14)	Set up Docker Compose	2026-05-19T19:32:57.7027612Z  b5c5a3ac416f Downloading [=========================================>         ]  2.478GB/3.001GB
test-ubuntu (3.14)	Set up Docker Compose	2026-05-19T19:32:57.8079921Z  b5c5a3ac416f Downloading [=========================================>         ]  2.483GB/3.001GB
test-ubuntu (3.14)	Set up Docker Compose	2026-05-19T19:32:57.9134341Z  b5c5a3ac416f Downloading [=========================================>         ]  2.488GB/3.001GB
test-ubuntu (3.14)	Set up Docker Compose	2026-05-19T19:32:58.0160528Z  b5c5a3ac416f Downloading [=========================================>         ]  2.494GB/3.001GB
test-ubuntu (3.14)	Set up Docker Compose	2026-05-19T19:32:58.1208858Z  b5c5a3ac416f Downloading [=========================================>         ]  2.499GB/3.001GB
test-ubuntu (3.14)	Set up Docker Compose	2026-05-19T19:32:58.2248432Z  b5c5a3ac416f Downloading [=========================================>         ]  2.504GB/3.001GB
test-ubuntu (3.14)	Set up Docker Compose	2026-05-19T19:32:58.3288842Z  b5c5a3ac416f Downloading [=========================================>         ]   2.51GB/3.001GB
test-ubuntu (3.14)	Set up Docker Compose	2026-05-19T19:32:58.4349711Z  b5c5a3ac416f Downloading [=========================================>         ]  2.515GB/3.001GB
test-ubuntu (3.14)	Set up Docker Compose	2026-05-19T19:32:58.5388330Z  b5c5a3ac416f Downloading [=========================================>         ]   2.52GB/3.001GB
test-ubuntu (3.14)	Set up Docker Compose	2026-05-19T19:32:58.6428303Z  b5c5a3ac416f Downloading [==========================================>        ]  2.526GB/3.001GB
test-ubuntu (3.14)	Set up Docker Compose	2026-05-19T19:32:58.7471503Z  b5c5a3ac416f Downloading [==========================================>        ]  2.531GB/3.001GB
test-ubuntu (3.14)	Set up Docker Compose	2026-05-19T19:32:58.8520441Z  b5c5a3ac416f Downloading [==========================================>        ]  2.536GB/3.001GB
test-ubuntu (3.14)	Set up Docker Compose	2026-05-19T19:32:58.9559034Z  b5c5a3ac416f Downloading [==========================================>        ]  2.542GB/3.001GB
test-ubuntu (3.14)	Set up Docker Compose	2026-05-19T19:32:59.0601044Z  b5c5a3ac416f Downloading [==========================================>        ]  2.547GB/3.001GB
test-ubuntu (3.14)	Set up Docker Compose	2026-05-19T19:32:59.1647027Z  b5c5a3ac416f Downloading [==========================================>        ]  2.553GB/3.001GB
test-ubuntu (3.14)	Set up Docker Compose	2026-05-19T19:32:59.2688516Z  b5c5a3ac416f Downloading [==========================================>        ]  2.558GB/3.001GB
test-ubuntu (3.14)	Set up Docker Compose	2026-05-19T19:32:59.3737612Z  b5c5a3ac416f Downloading [==========================================>        ]  2.563GB/3.001GB
test-ubuntu (3.14)	Set up Docker Compose	2026-05-19T19:32:59.4776834Z  b5c5a3ac416f Downloading [==========================================>        ]  2.569GB/3.001GB
test-ubuntu (3.14)	Set up Docker Compose	2026-05-19T19:32:59.5819292Z  b5c5a3ac416f Downloading [==========================================>        ]  2.574GB/3.001GB
test-ubuntu (3.14)	Set up Docker Compose	2026-05-19T19:32:59.6860522Z  b5c5a3ac416f Downloading [==========================================>        ]  2.579GB/3.001GB
test-ubuntu (3.14)	Set up Docker Compose	2026-05-19T19:32:59.7910102Z  b5c5a3ac416f Downloading [===========================================>       ]  2.585GB/3.001GB
test-ubuntu (3.14)	Set up Docker Compose	2026-05-19T19:32:59.8949361Z  b5c5a3ac416f Downloading [===========================================>       ]   2.59GB/3.001GB
test-ubuntu (3.14)	Set up Docker Compose	2026-05-19T19:33:00.0005635Z  b5c5a3ac416f Downloading [===========================================>       ]  2.595GB/3.001GB
test-ubuntu (3.14)	Set up Docker Compose	2026-05-19T19:33:00.1039694Z  b5c5a3ac416f Downloading [===========================================>       ]  2.601GB/3.001GB
test-ubuntu (3.14)	Set up Docker Compose	2026-05-19T19:33:00.2079467Z  b5c5a3ac416f Downloading [===========================================>       ]  2.606GB/3.001GB
test-ubuntu (3.14)	Set up Docker Compose	2026-05-19T19:33:00.3130788Z  b5c5a3ac416f Downloading [===========================================>       ]  2.611GB/3.001GB
test-ubuntu (3.14)	Set up Docker Compose	2026-05-19T19:33:00.4176513Z  b5c5a3ac416f Downloading [===========================================>       ]  2.617GB/3.001GB
test-ubuntu (3.14)	Set up Docker Compose	2026-05-19T19:33:00.5218053Z  b5c5a3ac416f Downloading [===========================================>       ]  2.622GB/3.001GB
test-ubuntu (3.14)	Set up Docker Compose	2026-05-19T19:33:00.6255145Z  b5c5a3ac416f Downloading [===========================================>       ]  2.628GB/3.001GB
test-ubuntu (3.14)	Set up Docker Compose	2026-05-19T19:33:00.7313015Z  b5c5a3ac416f Downloading [===========================================>       ]  2.633GB/3.001GB
test-ubuntu (3.14)	Set up Docker Compose	2026-05-19T19:33:00.8358244Z  b5c5a3ac416f Downloading [===========================================>       ]  2.638GB/3.001GB
test-ubuntu (3.14)	Set up Docker Compose	2026-05-19T19:33:00.9401006Z  b5c5a3ac416f Downloading [============================================>      ]  2.644GB/3.001GB
test-ubuntu (3.14)	Set up Docker Compose	2026-05-19T19:33:01.0449112Z  b5c5a3ac416f Downloading [============================================>      ]  2.649GB/3.001GB
test-ubuntu (3.14)	Set up Docker Compose	2026-05-19T19:33:01.1490507Z  b5c5a3ac416f Downloading [============================================>      ]  2.654GB/3.001GB
test-ubuntu (3.14)	Set up Docker Compose	2026-05-19T19:33:01.2529739Z  b5c5a3ac416f Downloading [============================================>      ]   2.66GB/3.001GB
test-ubuntu (3.14)	Set up Docker Compose	2026-05-19T19:33:01.3578742Z  b5c5a3ac416f Downloading [============================================>      ]  2.665GB/3.001GB
test-ubuntu (3.14)	Set up Docker Compose	2026-05-19T19:33:01.4619483Z  b5c5a3ac416f Downloading [============================================>      ]   2.67GB/3.001GB
test-ubuntu (3.14)	Set up Docker Compose	2026-05-19T19:33:01.5661443Z  b5c5a3ac416f Downloading [============================================>      ]  2.676GB/3.001GB
test-ubuntu (3.14)	Set up Docker Compose	2026-05-19T19:33:01.6727723Z  b5c5a3ac416f Downloading [============================================>      ]  2.681GB/3.001GB
test-ubuntu (3.14)	Set up Docker Compose	2026-05-19T19:33:01.7775965Z  b5c5a3ac416f Downloading [============================================>      ]  2.687GB/3.001GB
test-ubuntu (3.14)	Set up Docker Compose	2026-05-19T19:33:01.8829445Z  b5c5a3ac416f Downloading [============================================>      ]  2.692GB/3.001GB
test-ubuntu (3.14)	Set up Docker Compose	2026-05-19T19:33:01.9869908Z  b5c5a3ac416f Downloading [============================================>      ]  2.697GB/3.001GB
test-ubuntu (3.14)	Set up Docker Compose	2026-05-19T19:33:02.0923106Z  b5c5a3ac416f Downloading [=============================================>     ]  2.703GB/3.001GB
test-ubuntu (3.14)	Set up Docker Compose	2026-05-19T19:33:02.1973411Z  b5c5a3ac416f Downloading [=============================================>     ]  2.708GB/3.001GB
test-ubuntu (3.14)	Set up Docker Compose	2026-05-19T19:33:02.3015168Z  b5c5a3ac416f Downloading [=============================================>     ]  2.713GB/3.001GB
test-ubuntu (3.14)	Set up Docker Compose	2026-05-19T19:33:02.4057177Z  b5c5a3ac416f Downloading [=============================================>     ]  2.719GB/3.001GB
test-ubuntu (3.14)	Set up Docker Compose	2026-05-19T19:33:02.5109510Z  b5c5a3ac416f Downloading [=============================================>     ]  2.724GB/3.001GB
test-ubuntu (3.14)	Set up Docker Compose	2026-05-19T19:33:02.6148364Z  b5c5a3ac416f Downloading [=============================================>     ]  2.729GB/3.001GB
test-ubuntu (3.14)	Set up Docker Compose	2026-05-19T19:33:02.7191894Z  b5c5a3ac416f Downloading [=============================================>     ]  2.735GB/3.001GB
test-ubuntu (3.14)	Set up Docker Compose	2026-05-19T19:33:02.8240603Z  b5c5a3ac416f Downloading [=============================================>     ]   2.74GB/3.001GB
test-ubuntu (3.14)	Set up Docker Compose	2026-05-19T19:33:02.9294906Z  b5c5a3ac416f Downloading [=============================================>     ]  2.745GB/3.001GB
test-ubuntu (3.14)	Set up Docker Compose	2026-05-19T19:33:03.0352118Z  b5c5a3ac416f Downloading [=============================================>     ]  2.751GB/3.001GB
test-ubuntu (3.14)	Set up Docker Compose	2026-05-19T19:33:03.1401199Z  b5c5a3ac416f Downloading [=============================================>     ]  2.756GB/3.001GB
test-ubuntu (3.14)	Set up Docker Compose	2026-05-19T19:33:03.2455164Z  b5c5a3ac416f Downloading [==============================================>    ]  2.762GB/3.001GB
test-ubuntu (3.14)	Set up Docker Compose	2026-05-19T19:33:03.3700720Z  b5c5a3ac416f Downloading [==============================================>    ]  2.766GB/3.001GB
test-ubuntu (3.14)	Set up Docker Compose	2026-05-19T19:33:03.4928900Z  b5c5a3ac416f Downloading [==============================================>    ]   2.77GB/3.001GB
test-ubuntu (3.14)	Set up Docker Compose	2026-05-19T19:33:03.5955128Z  b5c5a3ac416f Downloading [==============================================>    ]  2.773GB/3.001GB
test-ubuntu (3.14)	Set up Docker Compose	2026-05-19T19:33:03.6997982Z  b5c5a3ac416f Downloading [==============================================>    ]  2.779GB/3.001GB
test-ubuntu (3.14)	Set up Docker Compose	2026-05-19T19:33:03.8051114Z  b5c5a3ac416f Downloading [==============================================>    ]  2.784GB/3.001GB
test-ubuntu (3.14)	Set up Docker Compose	2026-05-19T19:33:03.9101618Z  b5c5a3ac416f Downloading [==============================================>    ]  2.789GB/3.001GB
test-ubuntu (3.14)	Set up Docker Compose	2026-05-19T19:33:04.0150860Z  b5c5a3ac416f Downloading [==============================================>    ]  2.795GB/3.001GB
test-ubuntu (3.14)	Set up Docker Compose	2026-05-19T19:33:04.1194412Z  b5c5a3ac416f Downloading [==============================================>    ]    2.8GB/3.001GB
test-ubuntu (3.14)	Set up Docker Compose	2026-05-19T19:33:04.2232834Z  b5c5a3ac416f Downloading [==============================================>    ]  2.806GB/3.001GB
test-ubuntu (3.14)	Set up Docker Compose	2026-05-19T19:33:04.3283775Z  b5c5a3ac416f Downloading [==============================================>    ]  2.811GB/3.001GB
test-ubuntu (3.14)	Set up Docker Compose	2026-05-19T19:33:04.4324500Z  b5c5a3ac416f Downloading [==============================================>    ]  2.816GB/3.001GB
test-ubuntu (3.14)	Set up Docker Compose	2026-05-19T19:33:04.5364466Z  b5c5a3ac416f Downloading [===============================================>   ]  2.822GB/3.001GB
test-ubuntu (3.14)	Set up Docker Compose	2026-05-19T19:33:04.6430395Z  b5c5a3ac416f Downloading [===============================================>   ]  2.827GB/3.001GB
test-ubuntu (3.14)	Set up Docker Compose	2026-05-19T19:33:04.7471911Z  b5c5a3ac416f Downloading [===============================================>   ]  2.832GB/3.001GB
test-ubuntu (3.14)	Set up Docker Compose	2026-05-19T19:33:04.8515018Z  b5c5a3ac416f Downloading [===============================================>   ]  2.838GB/3.001GB
test-ubuntu (3.14)	Set up Docker Compose	2026-05-19T19:33:04.9564295Z  b5c5a3ac416f Downloading [===============================================>   ]  2.843GB/3.001GB
test-ubuntu (3.14)	Set up Docker Compose	2026-05-19T19:33:05.0604907Z  b5c5a3ac416f Downloading [===============================================>   ]  2.848GB/3.001GB
test-ubuntu (3.14)	Set up Docker Compose	2026-05-19T19:33:05.1655426Z  b5c5a3ac416f Downloading [===============================================>   ]  2.854GB/3.001GB
test-ubuntu (3.14)	Set up Docker Compose	2026-05-19T19:33:05.2695091Z  b5c5a3ac416f Downloading [===============================================>   ]  2.859GB/3.001GB
test-ubuntu (3.14)	Set up Docker Compose	2026-05-19T19:33:05.3737307Z  b5c5a3ac416f Downloading [===============================================>   ]  2.864GB/3.001GB
test-ubuntu (3.14)	Set up Docker Compose	2026-05-19T19:33:05.4789883Z  b5c5a3ac416f Downloading [===============================================>   ]   2.87GB/3.001GB
test-ubuntu (3.14)	Set up Docker Compose	2026-05-19T19:33:05.5829994Z  b5c5a3ac416f Downloading [===============================================>   ]  2.875GB/3.001GB
test-ubuntu (3.14)	Set up Docker Compose	2026-05-19T19:33:05.6839452Z  b5c5a3ac416f Downloading [===============================================>   ]   2.88GB/3.001GB
test-ubuntu (3.14)	Set up Docker Compose	2026-05-19T19:33:05.7951438Z  b5c5a3ac416f Downloading [================================================>  ]  2.886GB/3.001GB
test-ubuntu (3.14)	Set up Docker Compose	2026-05-19T19:33:05.9030393Z  b5c5a3ac416f Downloading [================================================>  ]  2.891GB/3.001GB
test-ubuntu (3.14)	Set up Docker Compose	2026-05-19T19:33:06.0079687Z  b5c5a3ac416f Downloading [================================================>  ]  2.897GB/3.001GB
test-ubuntu (3.14)	Set up Docker Compose	2026-05-19T19:33:06.1123713Z  b5c5a3ac416f Downloading [================================================>  ]  2.902GB/3.001GB
test-ubuntu (3.14)	Set up Docker Compose	2026-05-19T19:33:06.2174359Z  b5c5a3ac416f Downloading [================================================>  ]  2.907GB/3.001GB
test-ubuntu (3.14)	Set up Docker Compose	2026-05-19T19:33:06.3218392Z  b5c5a3ac416f Downloading [================================================>  ]  2.913GB/3.001GB
test-ubuntu (3.14)	Set up Docker Compose	2026-05-19T19:33:06.4261189Z  b5c5a3ac416f Downloading [================================================>  ]  2.918GB/3.001GB
test-ubuntu (3.14)	Set up Docker Compose	2026-05-19T19:33:06.5312919Z  b5c5a3ac416f Downloading [================================================>  ]  2.923GB/3.001GB
test-ubuntu (3.14)	Set up Docker Compose	2026-05-19T19:33:06.6355818Z  b5c5a3ac416f Downloading [================================================>  ]  2.929GB/3.001GB
test-ubuntu (3.14)	Set up Docker Compose	2026-05-19T19:33:06.7410089Z  b5c5a3ac416f Downloading [================================================>  ]  2.934GB/3.001GB
test-ubuntu (3.14)	Set up Docker Compose	2026-05-19T19:33:06.8452805Z  b5c5a3ac416f Downloading [================================================>  ]   2.94GB/3.001GB
test-ubuntu (3.14)	Set up Docker Compose	2026-05-19T19:33:06.9495777Z  b5c5a3ac416f Downloading [=================================================> ]  2.945GB/3.001GB
test-ubuntu (3.14)	Set up Docker Compose	2026-05-19T19:33:07.0550998Z  b5c5a3ac416f Downloading [=================================================> ]   2.95GB/3.001GB
test-ubuntu (3.14)	Set up Docker Compose	2026-05-19T19:33:07.1592618Z  b5c5a3ac416f Downloading [=================================================> ]  2.956GB/3.001GB
test-ubuntu (3.14)	Set up Docker Compose	2026-05-19T19:33:07.2637126Z  b5c5a3ac416f Downloading [=================================================> ]  2.961GB/3.001GB
test-ubuntu (3.14)	Set up Docker Compose	2026-05-19T19:33:07.3688418Z  b5c5a3ac416f Downloading [=================================================> ]  2.966GB/3.001GB
test-ubuntu (3.14)	Set up Docker Compose	2026-05-19T19:33:07.4730727Z  b5c5a3ac416f Downloading [=================================================> ]  2.972GB/3.001GB
test-ubuntu (3.14)	Set up Docker Compose	2026-05-19T19:33:07.5772459Z  b5c5a3ac416f Downloading [=================================================> ]  2.977GB/3.001GB
test-ubuntu (3.14)	Set up Docker Compose	2026-05-19T19:33:07.6823209Z  b5c5a3ac416f Downloading [=================================================> ]  2.982GB/3.001GB
test-ubuntu (3.14)	Set up Docker Compose	2026-05-19T19:33:07.7867434Z  b5c5a3ac416f Downloading [=================================================> ]  2.988GB/3.001GB
test-ubuntu (3.14)	Set up Docker Compose	2026-05-19T19:33:07.8916700Z  b5c5a3ac416f Downloading [=================================================> ]  2.993GB/3.001GB
test-ubuntu (3.14)	Set up Docker Compose	2026-05-19T19:33:07.9961961Z  b5c5a3ac416f Downloading [=================================================> ]  2.998GB/3.001GB
test-ubuntu (3.14)	Set up Docker Compose	2026-05-19T19:33:08.0891908Z  b5c5a3ac416f Verifying Checksum 
test-ubuntu (3.14)	Set up Docker Compose	2026-05-19T19:33:08.0892506Z  b5c5a3ac416f Download complete 
test-ubuntu (3.14)	Set up Docker Compose	2026-05-19T19:33:08.1305530Z  b5c5a3ac416f Extracting [>                                                  ]  557.1kB/3.001GB
test-ubuntu (3.14)	Set up Docker Compose	2026-05-19T19:33:08.2507905Z  b5c5a3ac416f Extracting [>                                                  ]  2.785MB/3.001GB
test-ubuntu (3.14)	Set up Docker Compose	2026-05-19T19:33:08.4049783Z  b5c5a3ac416f Extracting [>                                                  ]  7.242MB/3.001GB
test-ubuntu (3.14)	Set up Docker Compose	2026-05-19T19:33:08.5168916Z  b5c5a3ac416f Extracting [>                                                  ]  12.26MB/3.001GB
test-ubuntu (3.14)	Set up Docker Compose	2026-05-19T19:33:08.6190917Z  b5c5a3ac416f Extracting [>                                                  ]  17.83MB/3.001GB
test-ubuntu (3.14)	Set up Docker Compose	2026-05-19T19:33:08.7554276Z  b5c5a3ac416f Extracting [>                                                  ]  20.05MB/3.001GB
test-ubuntu (3.14)	Set up Docker Compose	2026-05-19T19:33:08.8839602Z  b5c5a3ac416f Extracting [>                                                  ]  21.17MB/3.001GB
test-ubuntu (3.14)	Set up Docker Compose	2026-05-19T19:33:09.0187239Z  b5c5a3ac416f Extracting [>                                                  ]  26.74MB/3.001GB
test-ubuntu (3.14)	Set up Docker Compose	2026-05-19T19:33:09.1209648Z  b5c5a3ac416f Extracting [>                                                  ]  27.85MB/3.001GB
test-ubuntu (3.14)	Set up Docker Compose	2026-05-19T19:33:09.2240040Z  b5c5a3ac416f Extracting [>                                                  ]  28.41MB/3.001GB
test-ubuntu (3.14)	Set up Docker Compose	2026-05-19T19:33:09.3285933Z  b5c5a3ac416f Extracting [>                                                  ]  30.08MB/3.001GB
test-ubuntu (3.14)	Set up Docker Compose	2026-05-19T19:33:09.5202324Z  b5c5a3ac416f Extracting [>                                                  ]  33.42MB/3.001GB
test-ubuntu (3.14)	Set up Docker Compose	2026-05-19T19:33:09.6958241Z  b5c5a3ac416f Extracting [>                                                  ]  34.54MB/3.001GB
test-ubuntu (3.14)	Set up Docker Compose	2026-05-19T19:33:09.8030128Z  b5c5a3ac416f Extracting [>                                                  ]  38.44MB/3.001GB
test-ubuntu (3.14)	Set up Docker Compose	2026-05-19T19:33:09.9708279Z  b5c5a3ac416f Extracting [>                                                  ]  40.67MB/3.001GB
test-ubuntu (3.14)	Set up Docker Compose	2026-05-19T19:33:10.1184025Z  b5c5a3ac416f Extracting [>                                                  ]  41.78MB/3.001GB
test-ubuntu (3.14)	Set up Docker Compose	2026-05-19T19:33:10.2679978Z  b5c5a3ac416f Extracting [>                                                  ]  43.45MB/3.001GB
test-ubuntu (3.14)	Set up Docker Compose	2026-05-19T19:33:10.3870936Z  b5c5a3ac416f Extracting [>                                                  ]  44.56MB/3.001GB
test-ubuntu (3.14)	Set up Docker Compose	2026-05-19T19:33:10.4974550Z  b5c5a3ac416f Extracting [>                                                  ]  46.79MB/3.001GB
test-ubuntu (3.14)	Set up Docker Compose	2026-05-19T19:33:10.6057583Z  b5c5a3ac416f Extracting [>                                                  ]  47.91MB/3.001GB
test-ubuntu (3.14)	Set up Docker Compose	2026-05-19T19:33:10.7216845Z  b5c5a3ac416f Extracting [>                                                  ]  52.36MB/3.001GB
test-ubuntu (3.14)	Set up Docker Compose	2026-05-19T19:33:10.8683552Z  b5c5a3ac416f Extracting [>                                                  ]  54.03MB/3.001GB
test-ubuntu (3.14)	Set up Docker Compose	2026-05-19T19:33:11.0018555Z  b5c5a3ac416f Extracting [>                                                  ]  56.26MB/3.001GB
test-ubuntu (3.14)	Set up Docker Compose	2026-05-19T19:33:11.1034123Z  b5c5a3ac416f Extracting [=>                                                 ]  62.39MB/3.001GB
test-ubuntu (3.14)	Set up Docker Compose	2026-05-19T19:33:11.2357879Z  b5c5a3ac416f Extracting [=>                                                 ]  66.85MB/3.001GB
test-ubuntu (3.14)	Set up Docker Compose	2026-05-19T19:33:11.3364773Z  b5c5a3ac416f Extracting [=>                                                 ]  88.57MB/3.001GB
test-ubuntu (3.14)	Set up Docker Compose	2026-05-19T19:33:11.4389938Z  b5c5a3ac416f Extracting [=>                                                 ]  115.3MB/3.001GB
test-ubuntu (3.14)	Set up Docker Compose	2026-05-19T19:33:11.5548668Z  b5c5a3ac416f Extracting [==>                                                ]  121.4MB/3.001GB
test-ubuntu (3.14)	Set up Docker Compose	2026-05-19T19:33:11.6615231Z  b5c5a3ac416f Extracting [==>                                                ]  125.9MB/3.001GB
test-ubuntu (3.14)	Set up Docker Compose	2026-05-19T19:33:11.7622961Z  b5c5a3ac416f Extracting [==>                                                ]  133.7MB/3.001GB
test-ubuntu (3.14)	Set up Docker Compose	2026-05-19T19:33:11.8653765Z  b5c5a3ac416f Extracting [==>                                                ]  141.5MB/3.001GB
test-ubuntu (3.14)	Set up Docker Compose	2026-05-19T19:33:11.9674170Z  b5c5a3ac416f Extracting [==>                                                ]  153.2MB/3.001GB
test-ubuntu (3.14)	Set up Docker Compose	2026-05-19T19:33:12.0674471Z  b5c5a3ac416f Extracting [==>                                                ]  167.1MB/3.001GB
test-ubuntu (3.14)	Set up Docker Compose	2026-05-19T19:33:12.1687313Z  b5c5a3ac416f Extracting [===>                                               ]    181MB/3.001GB
test-ubuntu (3.14)	Set up Docker Compose	2026-05-19T19:33:12.2700400Z  b5c5a3ac416f Extracting [===>                                               ]    210MB/3.001GB
test-ubuntu (3.14)	Set up Docker Compose	2026-05-19T19:33:12.3704007Z  b5c5a3ac416f Extracting [===>                                               ]  238.4MB/3.001GB
test-ubuntu (3.14)	Set up Docker Compose	2026-05-19T19:33:12.4712325Z  b5c5a3ac416f Extracting [====>                                              ]  265.7MB/3.001GB
test-ubuntu (3.14)	Set up Docker Compose	2026-05-19T19:33:12.5730223Z  b5c5a3ac416f Extracting [====>                                              ]  291.9MB/3.001GB
test-ubuntu (3.14)	Set up Docker Compose	2026-05-19T19:33:12.6736446Z  b5c5a3ac416f Extracting [=====>                                             ]  317.5MB/3.001GB
test-ubuntu (3.14)	Set up Docker Compose	2026-05-19T19:33:12.7791893Z  b5c5a3ac416f Extracting [=====>                                             ]  341.5MB/3.001GB
test-ubuntu (3.14)	Set up Docker Compose	2026-05-19T19:33:12.8850817Z  b5c5a3ac416f Extracting [======>                                            ]    361MB/3.001GB
test-ubuntu (3.14)	Set up Docker Compose	2026-05-19T19:33:12.9866680Z  b5c5a3ac416f Extracting [======>                                            ]  379.9MB/3.001GB
test-ubuntu (3.14)	Set up Docker Compose	2026-05-19T19:33:13.0879440Z  b5c5a3ac416f Extracting [======>                                            ]  393.3MB/3.001GB
test-ubuntu (3.14)	Set up Docker Compose	2026-05-19T19:33:13.1895938Z  b5c5a3ac416f Extracting [======>                                            ]  403.3MB/3.001GB
test-ubuntu (3.14)	Set up Docker Compose	2026-05-19T19:33:13.2907348Z  b5c5a3ac416f Extracting [=======>                                           ]  427.8MB/3.001GB
test-ubuntu (3.14)	Set up Docker Compose	2026-05-19T19:33:13.3909002Z  b5c5a3ac416f Extracting [=======>                                           ]  456.2MB/3.001GB
test-ubuntu (3.14)	Set up Docker Compose	2026-05-19T19:33:13.4923538Z  b5c5a3ac416f Extracting [========>                                          ]  484.6MB/3.001GB
test-ubuntu (3.14)	Set up Docker Compose	2026-05-19T19:33:13.5940433Z  b5c5a3ac416f Extracting [========>                                          ]  499.7MB/3.001GB
test-ubuntu (3.14)	Set up Docker Compose	2026-05-19T19:33:13.6990586Z  b5c5a3ac416f Extracting [========>                                          ]  510.8MB/3.001GB
test-ubuntu (3.14)	Set up Docker Compose	2026-05-19T19:33:13.7993522Z  b5c5a3ac416f Extracting [========>                                          ]  520.3MB/3.001GB
test-ubuntu (3.14)	Set up Docker Compose	2026-05-19T19:33:13.9047488Z  b5c5a3ac416f Extracting [========>                                          ]  529.8MB/3.001GB
test-ubuntu (3.14)	Set up Docker Compose	2026-05-19T19:33:14.0105009Z  b5c5a3ac416f Extracting [========>                                          ]  539.2MB/3.001GB
test-ubuntu (3.14)	Set up Docker Compose	2026-05-19T19:33:14.1108167Z  b5c5a3ac416f Extracting [=========>                                         ]  548.1MB/3.001GB
test-ubuntu (3.14)	Set up Docker Compose	2026-05-19T19:33:14.2124419Z  b5c5a3ac416f Extracting [=========>                                         ]  557.6MB/3.001GB
test-ubuntu (3.14)	Set up Docker Compose	2026-05-19T19:33:14.3184066Z  b5c5a3ac416f Extracting [=========>                                         ]  567.6MB/3.001GB
test-ubuntu (3.14)	Set up Docker Compose	2026-05-19T19:33:14.4207614Z  b5c5a3ac416f Extracting [=========>                                         ]  578.8MB/3.001GB
test-ubuntu (3.14)	Set up Docker Compose	2026-05-19T19:33:14.5231758Z  b5c5a3ac416f Extracting [=========>                                         ]  593.3MB/3.001GB
test-ubuntu (3.14)	Set up Docker Compose	2026-05-19T19:33:14.6245968Z  b5c5a3ac416f Extracting [==========>                                        ]  612.8MB/3.001GB
test-ubuntu (3.14)	Set up Docker Compose	2026-05-19T19:33:14.7264414Z  b5c5a3ac416f Extracting [==========>                                        ]  637.8MB/3.001GB
test-ubuntu (3.14)	Set up Docker Compose	2026-05-19T19:33:14.8265585Z  b5c5a3ac416f Extracting [==========>                                        ]    659MB/3.001GB
test-ubuntu (3.14)	Set up Docker Compose	2026-05-19T19:33:14.9286662Z  b5c5a3ac416f Extracting [===========>                                       ]  680.7MB/3.001GB
test-ubuntu (3.14)	Set up Docker Compose	2026-05-19T19:33:15.0289021Z  b5c5a3ac416f Extracting [===========>                                       ]  705.2MB/3.001GB
test-ubuntu (3.14)	Set up Docker Compose	2026-05-19T19:33:15.1290140Z  b5c5a3ac416f Extracting [============>                                      ]  723.6MB/3.001GB
test-ubuntu (3.14)	Set up Docker Compose	2026-05-19T19:33:15.2295604Z  b5c5a3ac416f Extracting [============>                                      ]  735.3MB/3.001GB
test-ubuntu (3.14)	Set up Docker Compose	2026-05-19T19:33:15.3370638Z  b5c5a3ac416f Extracting [============>                                      ]  743.1MB/3.001GB
test-ubuntu (3.14)	Set up Docker Compose	2026-05-19T19:33:15.4403895Z  b5c5a3ac416f Extracting [============>                                      ]  750.4MB/3.001GB
test-ubuntu (3.14)	Set up Docker Compose	2026-05-19T19:33:15.5438816Z  b5c5a3ac416f Extracting [============>                                      ]  766.5MB/3.001GB
test-ubuntu (3.14)	Set up Docker Compose	2026-05-19T19:33:15.6445192Z  b5c5a3ac416f Extracting [============>                                      ]  777.1MB/3.001GB
test-ubuntu (3.14)	Set up Docker Compose	2026-05-19T19:33:15.7458995Z  b5c5a3ac416f Extracting [=============>                                     ]  802.7MB/3.001GB
test-ubuntu (3.14)	Set up Docker Compose	2026-05-19T19:33:15.8463826Z  b5c5a3ac416f Extracting [=============>                                     ]  829.5MB/3.001GB
test-ubuntu (3.14)	Set up Docker Compose	2026-05-19T19:33:15.9472391Z  b5c5a3ac416f Extracting [==============>                                    ]  857.9MB/3.001GB
test-ubuntu (3.14)	Set up Docker Compose	2026-05-19T19:33:16.0482248Z  b5c5a3ac416f Extracting [==============>                                    ]  885.7MB/3.001GB
test-ubuntu (3.14)	Set up Docker Compose	2026-05-19T19:33:16.1578269Z  b5c5a3ac416f Extracting [==============>                                    ]  894.1MB/3.001GB
test-ubuntu (3.14)	Set up Docker Compose	2026-05-19T19:33:16.2596264Z  b5c5a3ac416f Extracting [===============>                                   ]  918.6MB/3.001GB
test-ubuntu (3.14)	Set up Docker Compose	2026-05-19T19:33:16.3598669Z  b5c5a3ac416f Extracting [===============>                                   ]  946.4MB/3.001GB
test-ubuntu (3.14)	Set up Docker Compose	2026-05-19T19:33:16.4625633Z  b5c5a3ac416f Extracting [================>                                  ]  969.3MB/3.001GB
test-ubuntu (3.14)	Set up Docker Compose	2026-05-19T19:33:16.5667776Z  b5c5a3ac416f Extracting [================>                                  ]  977.6MB/3.001GB
test-ubuntu (3.14)	Set up Docker Compose	2026-05-19T19:33:16.6669959Z  b5c5a3ac416f Extracting [================>                                  ]  998.2MB/3.001GB
test-ubuntu (3.14)	Set up Docker Compose	2026-05-19T19:33:16.7690466Z  b5c5a3ac416f Extracting [=================>                                 ]  1.027GB/3.001GB
test-ubuntu (3.14)	Set up Docker Compose	2026-05-19T19:33:16.8700570Z  b5c5a3ac416f Extracting [=================>                                 ]  1.053GB/3.001GB
test-ubuntu (3.14)	Set up Docker Compose	2026-05-19T19:33:16.9713104Z  b5c5a3ac416f Extracting [==================>                                ]  1.082GB/3.001GB
test-ubuntu (3.14)	Set up Docker Compose	2026-05-19T19:33:17.0725539Z  b5c5a3ac416f Extracting [==================>                                ]   1.11GB/3.001GB
test-ubuntu (3.14)	Set up Docker Compose	2026-05-19T19:33:17.1817457Z  b5c5a3ac416f Extracting [==================>                                ]  1.122GB/3.001GB
test-ubuntu (3.14)	Set up Docker Compose	2026-05-19T19:33:17.2840767Z  b5c5a3ac416f Extracting [==================>                                ]   1.13GB/3.001GB
test-ubuntu (3.14)	Set up Docker Compose	2026-05-19T19:33:17.3845073Z  b5c5a3ac416f Extracting [==================>                                ]  1.138GB/3.001GB
test-ubuntu (3.14)	Set up Docker Compose	2026-05-19T19:33:17.4880822Z  b5c5a3ac416f Extracting [===================>                               ]  1.146GB/3.001GB
test-ubuntu (3.14)	Set up Docker Compose	2026-05-19T19:33:17.5941612Z  b5c5a3ac416f Extracting [===================>                               ]  1.156GB/3.001GB
test-ubuntu (3.14)	Set up Docker Compose	2026-05-19T19:33:17.6985427Z  b5c5a3ac416f Extracting [===================>                               ]  1.163GB/3.001GB
test-ubuntu (3.14)	Set up Docker Compose	2026-05-19T19:33:17.8075820Z  b5c5a3ac416f Extracting [===================>                               ]   1.17GB/3.001GB
test-ubuntu (3.14)	Set up Docker Compose	2026-05-19T19:33:17.9084668Z  b5c5a3ac416f Extracting [===================>                               ]  1.178GB/3.001GB
test-ubuntu (3.14)	Set up Docker Compose	2026-05-19T19:33:18.0102035Z  b5c5a3ac416f Extracting [===================>                               ]  1.186GB/3.001GB
test-ubuntu (3.14)	Set up Docker Compose	2026-05-19T19:33:18.1130917Z  b5c5a3ac416f Extracting [===================>                               ]  1.194GB/3.001GB
test-ubuntu (3.14)	Set up Docker Compose	2026-05-19T19:33:18.2148188Z  b5c5a3ac416f Extracting [====================>                              ]  1.203GB/3.001GB
test-ubuntu (3.14)	Set up Docker Compose	2026-05-19T19:33:18.3156823Z  b5c5a3ac416f Extracting [====================>                              ]  1.212GB/3.001GB
test-ubuntu (3.14)	Set up Docker Compose	2026-05-19T19:33:18.4159472Z  b5c5a3ac416f Extracting [====================>                              ]   1.22GB/3.001GB
test-ubuntu (3.14)	Set up Docker Compose	2026-05-19T19:33:18.5192140Z  b5c5a3ac416f Extracting [====================>                              ]  1.228GB/3.001GB
test-ubuntu (3.14)	Set up Docker Compose	2026-05-19T19:33:18.6202752Z  b5c5a3ac416f Extracting [====================>                              ]  1.236GB/3.001GB
test-ubuntu (3.14)	Set up Docker Compose	2026-05-19T19:33:18.7207377Z  b5c5a3ac416f Extracting [====================>                              ]  1.244GB/3.001GB
test-ubuntu (3.14)	Set up Docker Compose	2026-05-19T19:33:18.8221356Z  b5c5a3ac416f Extracting [====================>                              ]  1.254GB/3.001GB
test-ubuntu (3.14)	Set up Docker Compose	2026-05-19T19:33:18.9228858Z  b5c5a3ac416f Extracting [=====================>                             ]  1.261GB/3.001GB
test-ubuntu (3.14)	Set up Docker Compose	2026-05-19T19:33:19.0228527Z  b5c5a3ac416f Extracting [=====================>                             ]   1.29GB/3.001GB
test-ubuntu (3.14)	Set up Docker Compose	2026-05-19T19:33:19.1228161Z  b5c5a3ac416f Extracting [=====================>                             ]  1.318GB/3.001GB
test-ubuntu (3.14)	Set up Docker Compose	2026-05-19T19:33:19.2244735Z  b5c5a3ac416f Extracting [======================>                            ]  1.345GB/3.001GB
test-ubuntu (3.14)	Set up Docker Compose	2026-05-19T19:33:19.3264250Z  b5c5a3ac416f Extracting [======================>                            ]  1.364GB/3.001GB
test-ubuntu (3.14)	Set up Docker Compose	2026-05-19T19:33:19.4314726Z  b5c5a3ac416f Extracting [======================>                            ]  1.371GB/3.001GB
test-ubuntu (3.14)	Set up Docker Compose	2026-05-19T19:33:19.5347967Z  b5c5a3ac416f Extracting [======================>                            ]  1.379GB/3.001GB
test-ubuntu (3.14)	Set up Docker Compose	2026-05-19T19:33:19.6357673Z  b5c5a3ac416f Extracting [=======================>                           ]    1.4GB/3.001GB
test-ubuntu (3.14)	Set up Docker Compose	2026-05-19T19:33:19.7370489Z  b5c5a3ac416f Extracting [=======================>                           ]  1.429GB/3.001GB
test-ubuntu (3.14)	Set up Docker Compose	2026-05-19T19:33:19.8375431Z  b5c5a3ac416f Extracting [========================>                          ]  1.457GB/3.001GB
test-ubuntu (3.14)	Set up Docker Compose	2026-05-19T19:33:19.9379309Z  b5c5a3ac416f Extracting [========================>                          ]  1.486GB/3.001GB
test-ubuntu (3.14)	Set up Docker Compose	2026-05-19T19:33:20.0380637Z  b5c5a3ac416f Extracting [=========================>                         ]  1.514GB/3.001GB
test-ubuntu (3.14)	Set up Docker Compose	2026-05-19T19:33:20.1408580Z  b5c5a3ac416f Extracting [=========================>                         ]  1.539GB/3.001GB
test-ubuntu (3.14)	Set up Docker Compose	2026-05-19T19:33:20.2413670Z  b5c5a3ac416f Extracting [=========================>                         ]  1.554GB/3.001GB
test-ubuntu (3.14)	Set up Docker Compose	2026-05-19T19:33:20.3426922Z  b5c5a3ac416f Extracting [==========================>                        ]  1.569GB/3.001GB
test-ubuntu (3.14)	Set up Docker Compose	2026-05-19T19:33:20.4499185Z  b5c5a3ac416f Extracting [==========================>                        ]  1.575GB/3.001GB
test-ubuntu (3.14)	Set up Docker Compose	2026-05-19T19:33:20.5543751Z  b5c5a3ac416f Extracting [==========================>                        ]  1.584GB/3.001GB
test-ubuntu (3.14)	Set up Docker Compose	2026-05-19T19:33:20.6563235Z  b5c5a3ac416f Extracting [==========================>                        ]  1.593GB/3.001GB
test-ubuntu (3.14)	Set up Docker Compose	2026-05-19T19:33:20.7581410Z  b5c5a3ac416f Extracting [===========================>                       ]  1.621GB/3.001GB
test-ubuntu (3.14)	Set up Docker Compose	2026-05-19T19:33:20.8632709Z  b5c5a3ac416f Extracting [===========================>                       ]  1.632GB/3.001GB
test-ubuntu (3.14)	Set up Docker Compose	2026-05-19T19:33:20.9669391Z  b5c5a3ac416f Extracting [===========================>                       ]  1.641GB/3.001GB
test-ubuntu (3.14)	Set up Docker Compose	2026-05-19T19:33:21.0720868Z  b5c5a3ac416f Extracting [===========================>                       ]  1.646GB/3.001GB
test-ubuntu (3.14)	Set up Docker Compose	2026-05-19T19:33:21.1727294Z  b5c5a3ac416f Extracting [===========================>                       ]  1.673GB/3.001GB
test-ubuntu (3.14)	Set up Docker Compose	2026-05-19T19:33:21.2740694Z  b5c5a3ac416f Extracting [============================>                      ]  1.702GB/3.001GB
test-ubuntu (3.14)	Set up Docker Compose	2026-05-19T19:33:21.3823379Z  b5c5a3ac416f Extracting [============================>                      ]   1.73GB/3.001GB
test-ubuntu (3.14)	Set up Docker Compose	2026-05-19T19:33:21.4838408Z  b5c5a3ac416f Extracting [=============================>                     ]  1.756GB/3.001GB
test-ubuntu (3.14)	Set up Docker Compose	2026-05-19T19:33:21.5875520Z  b5c5a3ac416f Extracting [=============================>                     ]  1.783GB/3.001GB
test-ubuntu (3.14)	Set up Docker Compose	2026-05-19T19:33:21.6888053Z  b5c5a3ac416f Extracting [=============================>                     ]  1.799GB/3.001GB
test-ubuntu (3.14)	Set up Docker Compose	2026-05-19T19:33:21.7891736Z  b5c5a3ac416f Extracting [==============================>                    ]  1.825GB/3.001GB
test-ubuntu (3.14)	Set up Docker Compose	2026-05-19T19:33:21.8891700Z  b5c5a3ac416f Extracting [==============================>                    ]  1.852GB/3.001GB
test-ubuntu (3.14)	Set up Docker Compose	2026-05-19T19:33:21.9907541Z  b5c5a3ac416f Extracting [===============================>                   ]   1.88GB/3.001GB
test-ubuntu (3.14)	Set up Docker Compose	2026-05-19T19:33:22.0911026Z  b5c5a3ac416f Extracting [===============================>                   ]  1.908GB/3.001GB
test-ubuntu (3.14)	Set up Docker Compose	2026-05-19T19:33:22.1927031Z  b5c5a3ac416f Extracting [================================>                  ]  1.936GB/3.001GB
test-ubuntu (3.14)	Set up Docker Compose	2026-05-19T19:33:22.2947619Z  b5c5a3ac416f Extracting [================================>                  ]  1.964GB/3.001GB
test-ubuntu (3.14)	Set up Docker Compose	2026-05-19T19:33:22.3963106Z  b5c5a3ac416f Extracting [=================================>                 ]  1.991GB/3.001GB
test-ubuntu (3.14)	Set up Docker Compose	2026-05-19T19:33:22.5011316Z  b5c5a3ac416f Extracting [=================================>                 ]      2GB/3.001GB
test-ubuntu (3.14)	Set up Docker Compose	2026-05-19T19:33:22.6044775Z  b5c5a3ac416f Extracting [=================================>                 ]  2.007GB/3.001GB
test-ubuntu (3.14)	Set up Docker Compose	2026-05-19T19:33:22.7075275Z  b5c5a3ac416f Extracting [=================================>                 ]  2.019GB/3.001GB
test-ubuntu (3.14)	Set up Docker Compose	2026-05-19T19:33:22.8074955Z  b5c5a3ac416f Extracting [=================================>                 ]  2.036GB/3.001GB
test-ubuntu (3.14)	Set up Docker Compose	2026-05-19T19:33:22.9154324Z  b5c5a3ac416f Extracting [==================================>                ]  2.063GB/3.001GB
test-ubuntu (3.14)	Set up Docker Compose	2026-05-19T19:33:23.0216333Z  b5c5a3ac416f Extracting [==================================>                ]  2.069GB/3.001GB
test-ubuntu (3.14)	Set up Docker Compose	2026-05-19T19:33:23.1247159Z  b5c5a3ac416f Extracting [==================================>                ]  2.077GB/3.001GB
test-ubuntu (3.14)	Set up Docker Compose	2026-05-19T19:33:23.2491612Z  b5c5a3ac416f Extracting [==================================>                ]  2.083GB/3.001GB
test-ubuntu (3.14)	Set up Docker Compose	2026-05-19T19:33:23.6701277Z  b5c5a3ac416f Extracting [==================================>                ]  2.084GB/3.001GB
test-ubuntu (3.14)	Set up Docker Compose	2026-05-19T19:33:23.7760408Z  b5c5a3ac416f Extracting [==================================>                ]  2.086GB/3.001GB
test-ubuntu (3.14)	Set up Docker Compose	2026-05-19T19:33:23.8951842Z  b5c5a3ac416f Extracting [==================================>                ]  2.091GB/3.001GB
test-ubuntu (3.14)	Set up Docker Compose	2026-05-19T19:33:24.0566289Z  b5c5a3ac416f Extracting [==================================>                ]  2.093GB/3.001GB
test-ubuntu (3.14)	Set up Docker Compose	2026-05-19T19:33:24.2052653Z  b5c5a3ac416f Extracting [==================================>                ]  2.094GB/3.001GB
test-ubuntu (3.14)	Set up Docker Compose	2026-05-19T19:33:24.3453096Z  b5c5a3ac416f Extracting [==================================>                ]  2.095GB/3.001GB
test-ubuntu (3.14)	Set up Docker Compose	2026-05-19T19:33:24.4728602Z  b5c5a3ac416f Extracting [==================================>                ]  2.096GB/3.001GB
test-ubuntu (3.14)	Set up Docker Compose	2026-05-19T19:33:24.6105832Z  b5c5a3ac416f Extracting [==================================>                ]  2.098GB/3.001GB
test-ubuntu (3.14)	Set up Docker Compose	2026-05-19T19:33:24.7175013Z  b5c5a3ac416f Extracting [===================================>               ]  2.106GB/3.001GB
test-ubuntu (3.14)	Set up Docker Compose	2026-05-19T19:33:24.8204921Z  b5c5a3ac416f Extracting [===================================>               ]  2.114GB/3.001GB
test-ubuntu (3.14)	Set up Docker Compose	2026-05-19T19:33:24.9252821Z  b5c5a3ac416f Extracting [===================================>               ]  2.121GB/3.001GB
test-ubuntu (3.14)	Set up Docker Compose	2026-05-19T19:33:25.0882649Z  b5c5a3ac416f Extracting [===================================>               ]  2.123GB/3.001GB
test-ubuntu (3.14)	Set up Docker Compose	2026-05-19T19:33:25.1927638Z  b5c5a3ac416f Extracting [===================================>               ]   2.13GB/3.001GB
test-ubuntu (3.14)	Set up Docker Compose	2026-05-19T19:33:25.2987267Z  b5c5a3ac416f Extracting [===================================>               ]  2.139GB/3.001GB
test-ubuntu (3.14)	Set up Docker Compose	2026-05-19T19:33:25.4006566Z  b5c5a3ac416f Extracting [===================================>               ]  2.146GB/3.001GB
test-ubuntu (3.14)	Set up Docker Compose	2026-05-19T19:33:25.5057950Z  b5c5a3ac416f Extracting [===================================>               ]  2.153GB/3.001GB
test-ubuntu (3.14)	Set up Docker Compose	2026-05-19T19:33:25.6088081Z  b5c5a3ac416f Extracting [===================================>               ]  2.161GB/3.001GB
test-ubuntu (3.14)	Set up Docker Compose	2026-05-19T19:33:25.7259010Z  b5c5a3ac416f Extracting [====================================>              ]  2.168GB/3.001GB
test-ubuntu (3.14)	Set up Docker Compose	2026-05-19T19:33:25.8358024Z  b5c5a3ac416f Extracting [====================================>              ]   2.17GB/3.001GB
test-ubuntu (3.14)	Set up Docker Compose	2026-05-19T19:33:26.0041894Z  b5c5a3ac416f Extracting [====================================>              ]  2.174GB/3.001GB
test-ubuntu (3.14)	Set up Docker Compose	2026-05-19T19:33:26.1394851Z  b5c5a3ac416f Extracting [====================================>              ]  2.176GB/3.001GB
test-ubuntu (3.14)	Set up Docker Compose	2026-05-19T19:33:26.2440240Z  b5c5a3ac416f Extracting [====================================>              ]   2.18GB/3.001GB
test-ubuntu (3.14)	Set up Docker Compose	2026-05-19T19:33:26.3494549Z  b5c5a3ac416f Extracting [====================================>              ]  2.182GB/3.001GB
test-ubuntu (3.14)	Set up Docker Compose	2026-05-19T19:33:26.4548253Z  b5c5a3ac416f Extracting [====================================>              ]  2.186GB/3.001GB
test-ubuntu (3.14)	Set up Docker Compose	2026-05-19T19:33:26.5654496Z  b5c5a3ac416f Extracting [====================================>              ]   2.19GB/3.001GB
test-ubuntu (3.14)	Set up Docker Compose	2026-05-19T19:33:26.6671069Z  b5c5a3ac416f Extracting [====================================>              ]  2.194GB/3.001GB
test-ubuntu (3.14)	Set up Docker Compose	2026-05-19T19:33:26.7685574Z  b5c5a3ac416f Extracting [====================================>              ]    2.2GB/3.001GB
test-ubuntu (3.14)	Set up Docker Compose	2026-05-19T19:33:26.8711869Z  b5c5a3ac416f Extracting [====================================>              ]  2.205GB/3.001GB
test-ubuntu (3.14)	Set up Docker Compose	2026-05-19T19:33:27.0177373Z  b5c5a3ac416f Extracting [====================================>              ]  2.212GB/3.001GB
test-ubuntu (3.14)	Set up Docker Compose	2026-05-19T19:33:27.1761402Z  b5c5a3ac416f Extracting [====================================>              ]  2.213GB/3.001GB
test-ubuntu (3.14)	Set up Docker Compose	2026-05-19T19:33:27.2947748Z  b5c5a3ac416f Extracting [====================================>              ]  2.215GB/3.001GB
test-ubuntu (3.14)	Set up Docker Compose	2026-05-19T19:33:27.4144214Z  b5c5a3ac416f Extracting [====================================>              ]  2.218GB/3.001GB
test-ubuntu (3.14)	Set up Docker Compose	2026-05-19T19:33:27.5181444Z  b5c5a3ac416f Extracting [====================================>              ]   2.22GB/3.001GB
test-ubuntu (3.14)	Set up Docker Compose	2026-05-19T19:33:27.6254078Z  b5c5a3ac416f Extracting [=====================================>             ]  2.223GB/3.001GB
test-ubuntu (3.14)	Set up Docker Compose	2026-05-19T19:33:27.7376171Z  b5c5a3ac416f Extracting [=====================================>             ]  2.224GB/3.001GB
test-ubuntu (3.14)	Set up Docker Compose	2026-05-19T19:33:27.8514731Z  b5c5a3ac416f Extracting [=====================================>             ]  2.226GB/3.001GB
test-ubuntu (3.14)	Set up Docker Compose	2026-05-19T19:33:27.9706458Z  b5c5a3ac416f Extracting [=====================================>             ]  2.228GB/3.001GB
test-ubuntu (3.14)	Set up Docker Compose	2026-05-19T19:33:28.1118187Z  b5c5a3ac416f Extracting [=====================================>             ]  2.229GB/3.001GB
test-ubuntu (3.14)	Set up Docker Compose	2026-05-19T19:33:28.2419146Z  b5c5a3ac416f Extracting [=====================================>             ]   2.23GB/3.001GB
test-ubuntu (3.14)	Set up Docker Compose	2026-05-19T19:33:28.3805808Z  b5c5a3ac416f Extracting [=====================================>             ]  2.232GB/3.001GB
test-ubuntu (3.14)	Set up Docker Compose	2026-05-19T19:33:28.5816230Z  b5c5a3ac416f Extracting [=====================================>             ]  2.234GB/3.001GB
test-ubuntu (3.14)	Set up Docker Compose	2026-05-19T19:33:28.7338008Z  b5c5a3ac416f Extracting [=====================================>             ]  2.235GB/3.001GB
test-ubuntu (3.14)	Set up Docker Compose	2026-05-19T19:33:28.8364383Z  b5c5a3ac416f Extracting [=====================================>             ]   2.24GB/3.001GB
test-ubuntu (3.14)	Set up Docker Compose	2026-05-19T19:33:28.9397467Z  b5c5a3ac416f Extracting [=====================================>             ]  2.247GB/3.001GB
test-ubuntu (3.14)	Set up Docker Compose	2026-05-19T19:33:29.0427524Z  b5c5a3ac416f Extracting [=====================================>             ]  2.252GB/3.001GB
test-ubuntu (3.14)	Set up Docker Compose	2026-05-19T19:33:29.1603265Z  b5c5a3ac416f Extracting [=====================================>             ]  2.254GB/3.001GB
test-ubuntu (3.14)	Set up Docker Compose	2026-05-19T19:33:29.2751789Z  b5c5a3ac416f Extracting [=====================================>             ]  2.256GB/3.001GB
test-ubuntu (3.14)	Set up Docker Compose	2026-05-19T19:33:29.4163683Z  b5c5a3ac416f Extracting [=====================================>             ]  2.257GB/3.001GB
test-ubuntu (3.14)	Set up Docker Compose	2026-05-19T19:33:29.5171053Z  b5c5a3ac416f Extracting [=====================================>             ]  2.264GB/3.001GB
test-ubuntu (3.14)	Set up Docker Compose	2026-05-19T19:33:29.6216509Z  b5c5a3ac416f Extracting [=====================================>             ]  2.273GB/3.001GB
test-ubuntu (3.14)	Set up Docker Compose	2026-05-19T19:33:29.7563900Z  b5c5a3ac416f Extracting [=====================================>             ]  2.275GB/3.001GB
test-ubuntu (3.14)	Set up Docker Compose	2026-05-19T19:33:29.8637197Z  b5c5a3ac416f Extracting [=====================================>             ]  2.276GB/3.001GB
test-ubuntu (3.14)	Set up Docker Compose	2026-05-19T19:33:30.0503844Z  b5c5a3ac416f Extracting [=====================================>             ]  2.277GB/3.001GB
test-ubuntu (3.14)	Set up Docker Compose	2026-05-19T19:33:31.6434570Z  b5c5a3ac416f Extracting [=====================================>             ]  2.278GB/3.001GB
test-ubuntu (3.14)	Set up Docker Compose	2026-05-19T19:33:32.0349046Z  b5c5a3ac416f Extracting [=====================================>             ]  2.278GB/3.001GB
test-ubuntu (3.14)	Set up Docker Compose	2026-05-19T19:33:32.1599848Z  b5c5a3ac416f Extracting [=====================================>             ]  2.279GB/3.001GB
test-ubuntu (3.14)	Set up Docker Compose	2026-05-19T19:33:32.3168644Z  b5c5a3ac416f Extracting [=====================================>             ]   2.28GB/3.001GB
test-ubuntu (3.14)	Set up Docker Compose	2026-05-19T19:33:32.4753567Z  b5c5a3ac416f Extracting [=====================================>             ]  2.281GB/3.001GB
test-ubuntu (3.14)	Set up Docker Compose	2026-05-19T19:33:32.5818465Z  b5c5a3ac416f Extracting [======================================>            ]  2.286GB/3.001GB
test-ubuntu (3.14)	Set up Docker Compose	2026-05-19T19:33:32.6856238Z  b5c5a3ac416f Extracting [======================================>            ]  2.294GB/3.001GB
test-ubuntu (3.14)	Set up Docker Compose	2026-05-19T19:33:32.7885492Z  b5c5a3ac416f Extracting [======================================>            ]  2.302GB/3.001GB
test-ubuntu (3.14)	Set up Docker Compose	2026-05-19T19:33:32.8945908Z  b5c5a3ac416f Extracting [======================================>            ]   2.31GB/3.001GB
test-ubuntu (3.14)	Set up Docker Compose	2026-05-19T19:33:33.0005713Z  b5c5a3ac416f Extracting [======================================>            ]  2.318GB/3.001GB
test-ubuntu (3.14)	Set up Docker Compose	2026-05-19T19:33:33.1041343Z  b5c5a3ac416f Extracting [======================================>            ]  2.325GB/3.001GB
test-ubuntu (3.14)	Set up Docker Compose	2026-05-19T19:33:33.2109149Z  b5c5a3ac416f Extracting [======================================>            ]  2.333GB/3.001GB
test-ubuntu (3.14)	Set up Docker Compose	2026-05-19T19:33:33.3179516Z  b5c5a3ac416f Extracting [=======================================>           ]  2.341GB/3.001GB
test-ubuntu (3.14)	Set up Docker Compose	2026-05-19T19:33:33.4248150Z  b5c5a3ac416f Extracting [=======================================>           ]  2.349GB/3.001GB
test-ubuntu (3.14)	Set up Docker Compose	2026-05-19T19:33:33.5280139Z  b5c5a3ac416f Extracting [=======================================>           ]  2.356GB/3.001GB
test-ubuntu (3.14)	Set up Docker Compose	2026-05-19T19:33:33.6318923Z  b5c5a3ac416f Extracting [=======================================>           ]  2.364GB/3.001GB
test-ubuntu (3.14)	Set up Docker Compose	2026-05-19T19:33:33.7398566Z  b5c5a3ac416f Extracting [=======================================>           ]  2.371GB/3.001GB
test-ubuntu (3.14)	Set up Docker Compose	2026-05-19T19:33:33.8408332Z  b5c5a3ac416f Extracting [=======================================>           ]  2.378GB/3.001GB
test-ubuntu (3.14)	Set up Docker Compose	2026-05-19T19:33:33.9471201Z  b5c5a3ac416f Extracting [=======================================>           ]  2.385GB/3.001GB
test-ubuntu (3.14)	Set up Docker Compose	2026-05-19T19:33:34.0547992Z  b5c5a3ac416f Extracting [=======================================>           ]  2.393GB/3.001GB
test-ubuntu (3.14)	Set up Docker Compose	2026-05-19T19:33:34.2015882Z  b5c5a3ac416f Extracting [=======================================>           ]  2.398GB/3.001GB
test-ubuntu (3.14)	Set up Docker Compose	2026-05-19T19:33:34.3053692Z  b5c5a3ac416f Extracting [=======================================>           ]    2.4GB/3.001GB
test-ubuntu (3.14)	Set up Docker Compose	2026-05-19T19:33:34.4315299Z  b5c5a3ac416f Extracting [========================================>          ]  2.405GB/3.001GB
test-ubuntu (3.14)	Set up Docker Compose	2026-05-19T19:33:34.5423413Z  b5c5a3ac416f Extracting [========================================>          ]  2.412GB/3.001GB
test-ubuntu (3.14)	Set up Docker Compose	2026-05-19T19:33:34.6500767Z  b5c5a3ac416f Extracting [========================================>          ]  2.419GB/3.001GB
test-ubuntu (3.14)	Set up Docker Compose	2026-05-19T19:33:34.7502926Z  b5c5a3ac416f Extracting [========================================>          ]  2.439GB/3.001GB
test-ubuntu (3.14)	Set up Docker Compose	2026-05-19T19:33:34.8505579Z  b5c5a3ac416f Extracting [=========================================>         ]  2.467GB/3.001GB
test-ubuntu (3.14)	Set up Docker Compose	2026-05-19T19:33:34.9530017Z  b5c5a3ac416f Extracting [=========================================>         ]  2.494GB/3.001GB
test-ubuntu (3.14)	Set up Docker Compose	2026-05-19T19:33:35.0547151Z  b5c5a3ac416f Extracting [=========================================>         ]   2.52GB/3.001GB
test-ubuntu (3.14)	Set up Docker Compose	2026-05-19T19:33:35.1557098Z  b5c5a3ac416f Extracting [==========================================>        ]  2.547GB/3.001GB
test-ubuntu (3.14)	Set up Docker Compose	2026-05-19T19:33:35.2569771Z  b5c5a3ac416f Extracting [==========================================>        ]  2.574GB/3.001GB
test-ubuntu (3.14)	Set up Docker Compose	2026-05-19T19:33:35.3578175Z  b5c5a3ac416f Extracting [===========================================>       ]  2.598GB/3.001GB
test-ubuntu (3.14)	Set up Docker Compose	2026-05-19T19:33:35.4597522Z  b5c5a3ac416f Extracting [===========================================>       ]  2.625GB/3.001GB
test-ubuntu (3.14)	Set up Docker Compose	2026-05-19T19:33:35.5613103Z  b5c5a3ac416f Extracting [============================================>      ]  2.653GB/3.001GB
test-ubuntu (3.14)	Set up Docker Compose	2026-05-19T19:33:35.6627381Z  b5c5a3ac416f Extracting [============================================>      ]  2.681GB/3.001GB
test-ubuntu (3.14)	Set up Docker Compose	2026-05-19T19:33:35.7644857Z  b5c5a3ac416f Extracting [=============================================>     ]   2.71GB/3.001GB
test-ubuntu (3.14)	Set up Docker Compose	2026-05-19T19:33:35.8779550Z  b5c5a3ac416f Extracting [=============================================>     ]  2.727GB/3.001GB
test-ubuntu (3.14)	Set up Docker Compose	2026-05-19T19:33:36.0440908Z  b5c5a3ac416f Extracting [=============================================>     ]  2.728GB/3.001GB
test-ubuntu (3.14)	Set up Docker Compose	2026-05-19T19:33:36.1453942Z  b5c5a3ac416f Extracting [=============================================>     ]  2.733GB/3.001GB
test-ubuntu (3.14)	Set up Docker Compose	2026-05-19T19:33:36.2467705Z  b5c5a3ac416f Extracting [=============================================>     ]  2.761GB/3.001GB
test-ubuntu (3.14)	Set up Docker Compose	2026-05-19T19:33:36.3472593Z  b5c5a3ac416f Extracting [==============================================>    ]  2.772GB/3.001GB
test-ubuntu (3.14)	Set up Docker Compose	2026-05-19T19:33:36.5122495Z  b5c5a3ac416f Extracting [==============================================>    ]  2.779GB/3.001GB
test-ubuntu (3.14)	Set up Docker Compose	2026-05-19T19:33:36.6663969Z  b5c5a3ac416f Extracting [==============================================>    ]   2.78GB/3.001GB
test-ubuntu (3.14)	Set up Docker Compose	2026-05-19T19:33:36.7825848Z  b5c5a3ac416f Extracting [==============================================>    ]  2.782GB/3.001GB
test-ubuntu (3.14)	Set up Docker Compose	2026-05-19T19:33:36.8827213Z  b5c5a3ac416f Extracting [==============================================>    ]  2.783GB/3.001GB
test-ubuntu (3.14)	Set up Docker Compose	2026-05-19T19:33:37.0101514Z  b5c5a3ac416f Extracting [==============================================>    ]  2.784GB/3.001GB
test-ubuntu (3.14)	Set up Docker Compose	2026-05-19T19:33:37.1345206Z  b5c5a3ac416f Extracting [==============================================>    ]  2.785GB/3.001GB
test-ubuntu (3.14)	Set up Docker Compose	2026-05-19T19:33:37.2605563Z  b5c5a3ac416f Extracting [==============================================>    ]  2.786GB/3.001GB
test-ubuntu (3.14)	Set up Docker Compose	2026-05-19T19:33:37.3844607Z  b5c5a3ac416f Extracting [==============================================>    ]  2.788GB/3.001GB
test-ubuntu (3.14)	Set up Docker Compose	2026-05-19T19:33:37.4971443Z  b5c5a3ac416f Extracting [==============================================>    ]  2.789GB/3.001GB
test-ubuntu (3.14)	Set up Docker Compose	2026-05-19T19:33:37.6054471Z  b5c5a3ac416f Extracting [==============================================>    ]   2.79GB/3.001GB
test-ubuntu (3.14)	Set up Docker Compose	2026-05-19T19:33:37.7121756Z  b5c5a3ac416f Extracting [==============================================>    ]  2.796GB/3.001GB
test-ubuntu (3.14)	Set up Docker Compose	2026-05-19T19:33:37.8149805Z  b5c5a3ac416f Extracting [==============================================>    ]  2.801GB/3.001GB
test-ubuntu (3.14)	Set up Docker Compose	2026-05-19T19:33:37.9184190Z  b5c5a3ac416f Extracting [==============================================>    ]  2.806GB/3.001GB
test-ubuntu (3.14)	Set up Docker Compose	2026-05-19T19:33:38.0239121Z  b5c5a3ac416f Extracting [==============================================>    ]  2.813GB/3.001GB
test-ubuntu (3.14)	Set up Docker Compose	2026-05-19T19:33:38.1275435Z  b5c5a3ac416f Extracting [===============================================>   ]  2.821GB/3.001GB
test-ubuntu (3.14)	Set up Docker Compose	2026-05-19T19:33:38.2284992Z  b5c5a3ac416f Extracting [===============================================>   ]   2.83GB/3.001GB
test-ubuntu (3.14)	Set up Docker Compose	2026-05-19T19:33:38.3351232Z  b5c5a3ac416f Extracting [===============================================>   ]  2.838GB/3.001GB
test-ubuntu (3.14)	Set up Docker Compose	2026-05-19T19:33:38.4405909Z  b5c5a3ac416f Extracting [===============================================>   ]  2.847GB/3.001GB
test-ubuntu (3.14)	Set up Docker Compose	2026-05-19T19:33:38.5488493Z  b5c5a3ac416f Extracting [===============================================>   ]  2.854GB/3.001GB
test-ubuntu (3.14)	Set up Docker Compose	2026-05-19T19:33:38.6527361Z  b5c5a3ac416f Extracting [===============================================>   ]  2.858GB/3.001GB
test-ubuntu (3.14)	Set up Docker Compose	2026-05-19T19:33:38.7576801Z  b5c5a3ac416f Extracting [===============================================>   ]  2.864GB/3.001GB
test-ubuntu (3.14)	Set up Docker Compose	2026-05-19T19:33:38.8603641Z  b5c5a3ac416f Extracting [===============================================>   ]  2.873GB/3.001GB
test-ubuntu (3.14)	Set up Docker Compose	2026-05-19T19:33:38.9665371Z  b5c5a3ac416f Extracting [================================================>  ]  2.882GB/3.001GB
test-ubuntu (3.14)	Set up Docker Compose	2026-05-19T19:33:39.0732123Z  b5c5a3ac416f Extracting [================================================>  ]  2.889GB/3.001GB
test-ubuntu (3.14)	Set up Docker Compose	2026-05-19T19:33:39.1740893Z  b5c5a3ac416f Extracting [================================================>  ]  2.897GB/3.001GB
test-ubuntu (3.14)	Set up Docker Compose	2026-05-19T19:33:39.2804520Z  b5c5a3ac416f Extracting [================================================>  ]  2.906GB/3.001GB
test-ubuntu (3.14)	Set up Docker Compose	2026-05-19T19:33:39.3947255Z  b5c5a3ac416f Extracting [================================================>  ]  2.914GB/3.001GB
test-ubuntu (3.14)	Set up Docker Compose	2026-05-19T19:33:39.4958600Z  b5c5a3ac416f Extracting [================================================>  ]  2.918GB/3.001GB
test-ubuntu (3.14)	Set up Docker Compose	2026-05-19T19:33:39.6000329Z  b5c5a3ac416f Extracting [================================================>  ]  2.924GB/3.001GB
test-ubuntu (3.14)	Set up Docker Compose	2026-05-19T19:33:39.7181786Z  b5c5a3ac416f Extracting [================================================>  ]  2.929GB/3.001GB
test-ubuntu (3.14)	Set up Docker Compose	2026-05-19T19:33:39.8186728Z  b5c5a3ac416f Extracting [================================================>  ]  2.933GB/3.001GB
test-ubuntu (3.14)	Set up Docker Compose	2026-05-19T19:33:39.9226695Z  b5c5a3ac416f Extracting [=================================================> ]  2.943GB/3.001GB
test-ubuntu (3.14)	Set up Docker Compose	2026-05-19T19:33:40.0248832Z  b5c5a3ac416f Extracting [=================================================> ]  2.952GB/3.001GB
test-ubuntu (3.14)	Set up Docker Compose	2026-05-19T19:33:40.1426201Z  b5c5a3ac416f Extracting [=================================================> ]  2.961GB/3.001GB
test-ubuntu (3.14)	Set up Docker Compose	2026-05-19T19:33:40.2461550Z  b5c5a3ac416f Extracting [=================================================> ]  2.965GB/3.001GB
test-ubuntu (3.14)	Set up Docker Compose	2026-05-19T19:33:40.3613366Z  b5c5a3ac416f Extracting [=================================================> ]  2.972GB/3.001GB
test-ubuntu (3.14)	Set up Docker Compose	2026-05-19T19:33:40.4711325Z  b5c5a3ac416f Extracting [=================================================> ]  2.977GB/3.001GB
test-ubuntu (3.14)	Set up Docker Compose	2026-05-19T19:33:40.5771842Z  b5c5a3ac416f Extracting [=================================================> ]  2.984GB/3.001GB
test-ubuntu (3.14)	Set up Docker Compose	2026-05-19T19:33:40.6814872Z  b5c5a3ac416f Extracting [=================================================> ]  2.989GB/3.001GB
test-ubuntu (3.14)	Set up Docker Compose	2026-05-19T19:33:40.7841955Z  b5c5a3ac416f Extracting [=================================================> ]  2.995GB/3.001GB
test-ubuntu (3.14)	Set up Docker Compose	2026-05-19T19:33:41.0273207Z  b5c5a3ac416f Extracting [=================================================> ]  2.996GB/3.001GB
test-ubuntu (3.14)	Set up Docker Compose	2026-05-19T19:33:41.1432339Z  b5c5a3ac416f Extracting [=================================================> ]  3.001GB/3.001GB
test-ubuntu (3.14)	Set up Docker Compose	2026-05-19T19:33:41.1525620Z  b5c5a3ac416f Extracting [==================================================>]  3.001GB/3.001GB
test-ubuntu (3.14)	Set up Docker Compose	2026-05-19T19:33:43.6473932Z  b5c5a3ac416f Pull complete 
test-ubuntu (3.14)	Set up Docker Compose	2026-05-19T19:33:43.6544823Z  coreason-master-gateway Pulled 
test-ubuntu (3.14)	Set up Docker Compose	2026-05-19T19:33:43.7275754Z time="2026-05-19T19:33:43Z" level=warning msg="The \"EPISTEMIC_MERKLE_ROOT\" variable is not set. Defaulting to a blank string."
test-ubuntu (3.14)	Set up Docker Compose	2026-05-19T19:33:43.7277177Z time="2026-05-19T19:33:43Z" level=warning msg="The \"EPISTEMIC_MERKLE_ROOT\" variable is not set. Defaulting to a blank string."
test-ubuntu (3.14)	Set up Docker Compose	2026-05-19T19:33:43.7296475Z time="2026-05-19T19:33:43Z" level=warning msg="The \"COREASON_TREASURY_CONTRACT\" variable is not set. Defaulting to a blank string."
test-ubuntu (3.14)	Set up Docker Compose	2026-05-19T19:33:43.7367966Z time="2026-05-19T19:33:43Z" level=warning msg="/home/runner/work/coreason-ecosystem/coreason-ecosystem/infrastructure/local/compose.yaml: the attribute `version` is obsolete, it will be ignored, please remove it to avoid potential confusion"
test-ubuntu (3.14)	Set up Docker Compose	2026-05-19T19:33:43.9601597Z #1 [internal] load local bake definitions
test-ubuntu (3.14)	Set up Docker Compose	2026-05-19T19:33:44.1783413Z #1 reading from stdin 478B done
test-ubuntu (3.14)	Set up Docker Compose	2026-05-19T19:33:44.1783796Z #1 DONE 0.0s
test-ubuntu (3.14)	Set up Docker Compose	2026-05-19T19:33:44.1783927Z 
test-ubuntu (3.14)	Set up Docker Compose	2026-05-19T19:33:44.1784088Z #2 [internal] load build definition from Dockerfile
test-ubuntu (3.14)	Set up Docker Compose	2026-05-19T19:33:44.1784461Z #2 transferring dockerfile: 1.61kB done
test-ubuntu (3.14)	Set up Docker Compose	2026-05-19T19:33:44.1784725Z #2 DONE 0.0s
test-ubuntu (3.14)	Set up Docker Compose	2026-05-19T19:33:44.1784842Z 
test-ubuntu (3.14)	Set up Docker Compose	2026-05-19T19:33:44.1785106Z #3 [internal] load metadata for ghcr.io/astral-sh/uv:latest
test-ubuntu (3.14)	Set up Docker Compose	2026-05-19T19:33:44.3973382Z #3 ...
test-ubuntu (3.14)	Set up Docker Compose	2026-05-19T19:33:44.3973680Z 
test-ubuntu (3.14)	Set up Docker Compose	2026-05-19T19:33:44.3973981Z #4 [auth] library/python:pull token for registry-1.docker.io
test-ubuntu (3.14)	Set up Docker Compose	2026-05-19T19:33:44.3974370Z #4 DONE 0.0s
test-ubuntu (3.14)	Set up Docker Compose	2026-05-19T19:33:44.3974929Z 
test-ubuntu (3.14)	Set up Docker Compose	2026-05-19T19:33:44.3975063Z #5 [auth] astral-sh/uv:pull token for ghcr.io
test-ubuntu (3.14)	Set up Docker Compose	2026-05-19T19:33:44.3975347Z #5 DONE 0.0s
test-ubuntu (3.14)	Set up Docker Compose	2026-05-19T19:33:44.5475072Z 
test-ubuntu (3.14)	Set up Docker Compose	2026-05-19T19:33:44.5475778Z #6 [internal] load metadata for docker.io/library/python:3.14-slim
test-ubuntu (3.14)	Set up Docker Compose	2026-05-19T19:33:44.9130562Z #6 DONE 0.9s
test-ubuntu (3.14)	Set up Docker Compose	2026-05-19T19:33:44.9130855Z 
test-ubuntu (3.14)	Set up Docker Compose	2026-05-19T19:33:44.9131127Z #3 [internal] load metadata for ghcr.io/astral-sh/uv:latest
test-ubuntu (3.14)	Set up Docker Compose	2026-05-19T19:33:45.0439455Z #3 DONE 0.9s
test-ubuntu (3.14)	Set up Docker Compose	2026-05-19T19:33:45.0444011Z 
test-ubuntu (3.14)	Set up Docker Compose	2026-05-19T19:33:45.0444560Z #7 [internal] load .dockerignore
test-ubuntu (3.14)	Set up Docker Compose	2026-05-19T19:33:45.0447995Z #7 transferring context: 144B done
test-ubuntu (3.14)	Set up Docker Compose	2026-05-19T19:33:45.0448736Z #7 DONE 0.0s
test-ubuntu (3.14)	Set up Docker Compose	2026-05-19T19:33:45.0451289Z 
test-ubuntu (3.14)	Set up Docker Compose	2026-05-19T19:33:45.0452256Z #8 [builder  1/13] FROM docker.io/library/python:3.14-slim@sha256:7a500125bc50693f2214e842a621440a1b1b9cbb2188f74ab045d29ed2ea5856
test-ubuntu (3.14)	Set up Docker Compose	2026-05-19T19:33:45.0457241Z #8 resolve docker.io/library/python:3.14-slim@sha256:7a500125bc50693f2214e842a621440a1b1b9cbb2188f74ab045d29ed2ea5856 done
test-ubuntu (3.14)	Set up Docker Compose	2026-05-19T19:33:45.0460878Z #8 sha256:7a500125bc50693f2214e842a621440a1b1b9cbb2188f74ab045d29ed2ea5856 10.37kB / 10.37kB done
test-ubuntu (3.14)	Set up Docker Compose	2026-05-19T19:33:45.0462408Z #8 sha256:cb2a026931ad98548889f820f852e3399cdf45af067577baba5e06d222bd08d1 1.75kB / 1.75kB done
test-ubuntu (3.14)	Set up Docker Compose	2026-05-19T19:33:45.0468447Z #8 sha256:2e3f788256a7e2abe86eb972dd72d7bcdf4273f5d775817d2e3619170852559b 4.93kB / 4.93kB done
test-ubuntu (3.14)	Set up Docker Compose	2026-05-19T19:33:45.0470340Z #8 DONE 0.0s
test-ubuntu (3.14)	Set up Docker Compose	2026-05-19T19:33:45.0471438Z 
test-ubuntu (3.14)	Set up Docker Compose	2026-05-19T19:33:45.0472314Z #9 FROM ghcr.io/astral-sh/uv:latest@sha256:e590846f4776907b254ac0f44b5b380347af5d90d668138ca7938d1b0c2f98d3
test-ubuntu (3.14)	Set up Docker Compose	2026-05-19T19:33:45.0476895Z #9 resolve ghcr.io/astral-sh/uv:latest@sha256:e590846f4776907b254ac0f44b5b380347af5d90d668138ca7938d1b0c2f98d3 done
test-ubuntu (3.14)	Set up Docker Compose	2026-05-19T19:33:45.0478352Z #9 sha256:e590846f4776907b254ac0f44b5b380347af5d90d668138ca7938d1b0c2f98d3 2.20kB / 2.20kB done
test-ubuntu (3.14)	Set up Docker Compose	2026-05-19T19:33:45.0480353Z #9 sha256:0d4b147d9c7a3d1af91c86b262c6b5b445ed8de927c287fe9b932da7f6b598f1 669B / 669B done
test-ubuntu (3.14)	Set up Docker Compose	2026-05-19T19:33:45.0492136Z #9 sha256:ed93eeb3cf920de60e0e56cba55fd87f94aa1815d82fb152dde84c3b4f6e93c4 1.30kB / 1.30kB done
test-ubuntu (3.14)	Set up Docker Compose	2026-05-19T19:33:45.0500911Z #9 sha256:51e5b22c7c9f50cb9b87616ce109058a097bf732e479d7cd03f1968e4e75b9ee 0B / 24.90MB 0.1s
test-ubuntu (3.14)	Set up Docker Compose	2026-05-19T19:33:45.0501988Z #9 sha256:edf16e7a8ef4fafc6ea9c9cff19db5558f8dad3b64f9ad7540a11699fc7e6a60 0B / 98B 0.1s
test-ubuntu (3.14)	Set up Docker Compose	2026-05-19T19:33:45.2437579Z #9 ...
test-ubuntu (3.14)	Set up Docker Compose	2026-05-19T19:33:45.2437866Z 
test-ubuntu (3.14)	Set up Docker Compose	2026-05-19T19:33:45.2438030Z #10 [internal] load build context
test-ubuntu (3.14)	Set up Docker Compose	2026-05-19T19:33:45.2438512Z #10 transferring context: 32.62MB 0.2s done
test-ubuntu (3.14)	Set up Docker Compose	2026-05-19T19:33:45.2438797Z #10 DONE 0.2s
test-ubuntu (3.14)	Set up Docker Compose	2026-05-19T19:33:45.2438916Z 
test-ubuntu (3.14)	Set up Docker Compose	2026-05-19T19:33:45.2439247Z #9 FROM ghcr.io/astral-sh/uv:latest@sha256:e590846f4776907b254ac0f44b5b380347af5d90d668138ca7938d1b0c2f98d3
test-ubuntu (3.14)	Set up Docker Compose	2026-05-19T19:33:45.2439914Z #9 sha256:51e5b22c7c9f50cb9b87616ce109058a097bf732e479d7cd03f1968e4e75b9ee 24.12MB / 24.90MB 0.3s
test-ubuntu (3.14)	Set up Docker Compose	2026-05-19T19:33:45.2440902Z #9 sha256:edf16e7a8ef4fafc6ea9c9cff19db5558f8dad3b64f9ad7540a11699fc7e6a60 98B / 98B 0.2s done
test-ubuntu (3.14)	Set up Docker Compose	2026-05-19T19:33:45.3547722Z #9 sha256:51e5b22c7c9f50cb9b87616ce109058a097bf732e479d7cd03f1968e4e75b9ee 24.90MB / 24.90MB 0.3s done
test-ubuntu (3.14)	Set up Docker Compose	2026-05-19T19:33:45.3548741Z #9 extracting sha256:51e5b22c7c9f50cb9b87616ce109058a097bf732e479d7cd03f1968e4e75b9ee 0.1s
test-ubuntu (3.14)	Set up Docker Compose	2026-05-19T19:33:45.6745305Z #9 extracting sha256:51e5b22c7c9f50cb9b87616ce109058a097bf732e479d7cd03f1968e4e75b9ee 0.3s done
test-ubuntu (3.14)	Set up Docker Compose	2026-05-19T19:33:45.6746349Z #9 extracting sha256:edf16e7a8ef4fafc6ea9c9cff19db5558f8dad3b64f9ad7540a11699fc7e6a60 done
test-ubuntu (3.14)	Set up Docker Compose	2026-05-19T19:33:45.6746827Z #9 DONE 0.7s
test-ubuntu (3.14)	Set up Docker Compose	2026-05-19T19:33:45.6747030Z 
test-ubuntu (3.14)	Set up Docker Compose	2026-05-19T19:33:45.6747365Z #11 [builder  2/13] COPY --from=ghcr.io/astral-sh/uv:latest /uv /uvx /bin/
test-ubuntu (3.14)	Set up Docker Compose	2026-05-19T19:33:45.8749521Z #11 DONE 0.0s
test-ubuntu (3.14)	Set up Docker Compose	2026-05-19T19:33:45.8750371Z 
test-ubuntu (3.14)	Set up Docker Compose	2026-05-19T19:33:45.8751220Z #12 [runtime 3/6] RUN useradd --create-home --shell /bin/bash appuser
test-ubuntu (3.14)	Set up Docker Compose	2026-05-19T19:33:45.9313121Z #12 DONE 0.2s
test-ubuntu (3.14)	Set up Docker Compose	2026-05-19T19:33:45.9313432Z 
test-ubuntu (3.14)	Set up Docker Compose	2026-05-19T19:33:45.9313958Z #13 [builder  3/13] RUN apt-get update && apt-get install -y --no-install-recommends git && rm -rf /var/lib/apt/lists/*
test-ubuntu (3.14)	Set up Docker Compose	2026-05-19T19:33:46.0543891Z #13 ...
test-ubuntu (3.14)	Set up Docker Compose	2026-05-19T19:33:46.0544110Z 
test-ubuntu (3.14)	Set up Docker Compose	2026-05-19T19:33:46.0544247Z #14 [runtime 4/6] WORKDIR /home/appuser/app
test-ubuntu (3.14)	Set up Docker Compose	2026-05-19T19:33:46.0544561Z #14 DONE 0.0s
test-ubuntu (3.14)	Set up Docker Compose	2026-05-19T19:33:46.0544687Z 
test-ubuntu (3.14)	Set up Docker Compose	2026-05-19T19:33:46.0545059Z #13 [builder  3/13] RUN apt-get update && apt-get install -y --no-install-recommends git && rm -rf /var/lib/apt/lists/*
test-ubuntu (3.14)	Set up Docker Compose	2026-05-19T19:33:46.0545712Z #13 0.273 Get:1 http://deb.debian.org/debian trixie InRelease [140 kB]
test-ubuntu (3.14)	Set up Docker Compose	2026-05-19T19:33:46.0546493Z #13 0.293 Get:2 http://deb.debian.org/debian trixie-updates InRelease [47.3 kB]
test-ubuntu (3.14)	Set up Docker Compose	2026-05-19T19:33:46.0547007Z #13 0.300 Get:3 http://deb.debian.org/debian-security trixie-security InRelease [43.4 kB]
test-ubuntu (3.14)	Set up Docker Compose	2026-05-19T19:33:46.0547525Z #13 0.332 Get:4 http://deb.debian.org/debian trixie/main amd64 Packages [9671 kB]
test-ubuntu (3.14)	Set up Docker Compose	2026-05-19T19:33:46.1596695Z #13 0.437 Get:5 http://deb.debian.org/debian trixie-updates/main amd64 Packages [5412 B]
test-ubuntu (3.14)	Set up Docker Compose	2026-05-19T19:33:46.3180047Z #13 0.445 Get:6 http://deb.debian.org/debian-security trixie-security/main amd64 Packages [165 kB]
test-ubuntu (3.14)	Set up Docker Compose	2026-05-19T19:33:46.8569550Z #13 1.134 Fetched 10.1 MB in 1s (11.2 MB/s)
test-ubuntu (3.14)	Set up Docker Compose	2026-05-19T19:33:47.3377460Z #13 1.134 Reading package lists...
test-ubuntu (3.14)	Set up Docker Compose	2026-05-19T19:33:47.8357562Z #13 1.634 Reading package lists...
test-ubuntu (3.14)	Set up Docker Compose	2026-05-19T19:33:47.9535615Z #13 2.122 Building dependency tree...
test-ubuntu (3.14)	Set up Docker Compose	2026-05-19T19:33:48.0905234Z #13 2.231 Reading state information...
test-ubuntu (3.14)	Set up Docker Compose	2026-05-19T19:33:48.0906394Z #13 2.367 The following additional packages will be installed:
test-ubuntu (3.14)	Set up Docker Compose	2026-05-19T19:33:48.2422589Z #13 2.368   git-man libbrotli1 libcom-err2 libcurl3t64-gnutls liberror-perl libexpat1
test-ubuntu (3.14)	Set up Docker Compose	2026-05-19T19:33:48.2423574Z #13 2.368   libgdbm-compat4t64 libgnutls30t64 libgssapi-krb5-2 libidn2-0 libk5crypto3
test-ubuntu (3.14)	Set up Docker Compose	2026-05-19T19:33:48.2424147Z #13 2.368   libkeyutils1 libkrb5-3 libkrb5support0 libldap2 libnghttp2-14 libnghttp3-9
test-ubuntu (3.14)	Set up Docker Compose	2026-05-19T19:33:48.2424727Z #13 2.368   libngtcp2-16 libngtcp2-crypto-gnutls8 libp11-kit0 libperl5.40 libpsl5t64
test-ubuntu (3.14)	Set up Docker Compose	2026-05-19T19:33:48.2425291Z #13 2.368   librtmp1 libsasl2-2 libsasl2-modules-db libssh2-1t64 libtasn1-6
test-ubuntu (3.14)	Set up Docker Compose	2026-05-19T19:33:48.2425702Z #13 2.369   libunistring5 perl perl-modules-5.40
test-ubuntu (3.14)	Set up Docker Compose	2026-05-19T19:33:48.2425994Z #13 2.369 Suggested packages:
test-ubuntu (3.14)	Set up Docker Compose	2026-05-19T19:33:48.2426632Z #13 2.369   gettext-base git-doc git-email git-gui gitk gitweb git-cvs git-mediawiki
test-ubuntu (3.14)	Set up Docker Compose	2026-05-19T19:33:48.2427105Z #13 2.369   git-svn gnutls-bin krb5-doc krb5-user sensible-utils perl-doc
test-ubuntu (3.14)	Set up Docker Compose	2026-05-19T19:33:48.2427554Z #13 2.369   libterm-readline-gnu-perl | libterm-readline-perl-perl make
test-ubuntu (3.14)	Set up Docker Compose	2026-05-19T19:33:48.2427929Z #13 2.369   libtap-harness-archive-perl
test-ubuntu (3.14)	Set up Docker Compose	2026-05-19T19:33:48.2428197Z #13 2.369 Recommended packages:
test-ubuntu (3.14)	Set up Docker Compose	2026-05-19T19:33:48.2428535Z #13 2.369   patch less ssh-client krb5-locales libldap-common publicsuffix
test-ubuntu (3.14)	Set up Docker Compose	2026-05-19T19:33:48.2428889Z #13 2.369   libsasl2-modules
test-ubuntu (3.14)	Set up Docker Compose	2026-05-19T19:33:48.2719250Z #13 2.549 The following NEW packages will be installed:
test-ubuntu (3.14)	Set up Docker Compose	2026-05-19T19:33:48.2722692Z #13 2.549   git git-man libbrotli1 libcom-err2 libcurl3t64-gnutls liberror-perl
test-ubuntu (3.14)	Set up Docker Compose	2026-05-19T19:33:48.3945124Z #13 2.549   libexpat1 libgdbm-compat4t64 libgnutls30t64 libgssapi-krb5-2 libidn2-0
test-ubuntu (3.14)	Set up Docker Compose	2026-05-19T19:33:48.3945895Z #13 2.549   libk5crypto3 libkeyutils1 libkrb5-3 libkrb5support0 libldap2 libnghttp2-14
test-ubuntu (3.14)	Set up Docker Compose	2026-05-19T19:33:48.3946765Z #13 2.549   libnghttp3-9 libngtcp2-16 libngtcp2-crypto-gnutls8 libp11-kit0 libperl5.40
test-ubuntu (3.14)	Set up Docker Compose	2026-05-19T19:33:48.3947395Z #13 2.550   libpsl5t64 librtmp1 libsasl2-2 libsasl2-modules-db libssh2-1t64 libtasn1-6
test-ubuntu (3.14)	Set up Docker Compose	2026-05-19T19:33:48.3947976Z #13 2.550   libunistring5 perl perl-modules-5.40
test-ubuntu (3.14)	Set up Docker Compose	2026-05-19T19:33:48.3948408Z #13 2.588 0 upgraded, 31 newly installed, 0 to remove and 12 not upgraded.
test-ubuntu (3.14)	Set up Docker Compose	2026-05-19T19:33:48.3948840Z #13 2.588 Need to get 23.6 MB of archives.
test-ubuntu (3.14)	Set up Docker Compose	2026-05-19T19:33:48.3949277Z #13 2.588 After this operation, 119 MB of additional disk space will be used.
test-ubuntu (3.14)	Set up Docker Compose	2026-05-19T19:33:48.3949885Z #13 2.588 Get:1 http://deb.debian.org/debian trixie/main amd64 libexpat1 amd64 2.7.1-2 [108 kB]
test-ubuntu (3.14)	Set up Docker Compose	2026-05-19T19:33:48.3950619Z #13 2.611 Get:2 http://deb.debian.org/debian trixie/main amd64 perl-modules-5.40 all 5.40.1-6 [3019 kB]
test-ubuntu (3.14)	Set up Docker Compose	2026-05-19T19:33:48.3951359Z #13 2.672 Get:3 http://deb.debian.org/debian trixie/main amd64 libgdbm-compat4t64 amd64 1.24-2 [50.3 kB]
test-ubuntu (3.14)	Set up Docker Compose	2026-05-19T19:33:48.5004465Z #13 2.675 Get:4 http://deb.debian.org/debian trixie/main amd64 libperl5.40 amd64 5.40.1-6 [4341 kB]
test-ubuntu (3.14)	Set up Docker Compose	2026-05-19T19:33:48.5005531Z #13 2.712 Get:5 http://deb.debian.org/debian trixie/main amd64 perl amd64 5.40.1-6 [267 kB]
test-ubuntu (3.14)	Set up Docker Compose	2026-05-19T19:33:48.5006695Z #13 2.721 Get:6 http://deb.debian.org/debian trixie/main amd64 libbrotli1 amd64 1.1.0-2+b7 [307 kB]
test-ubuntu (3.14)	Set up Docker Compose	2026-05-19T19:33:48.5007801Z #13 2.723 Get:7 http://deb.debian.org/debian trixie/main amd64 libunistring5 amd64 1.3-2 [477 kB]
test-ubuntu (3.14)	Set up Docker Compose	2026-05-19T19:33:48.5008740Z #13 2.725 Get:8 http://deb.debian.org/debian trixie/main amd64 libidn2-0 amd64 2.3.8-2 [109 kB]
test-ubuntu (3.14)	Set up Docker Compose	2026-05-19T19:33:48.5009685Z #13 2.726 Get:9 http://deb.debian.org/debian trixie/main amd64 libp11-kit0 amd64 0.25.5-3 [425 kB]
test-ubuntu (3.14)	Set up Docker Compose	2026-05-19T19:33:48.5010668Z #13 2.728 Get:10 http://deb.debian.org/debian trixie/main amd64 libtasn1-6 amd64 4.20.0-2 [49.9 kB]
test-ubuntu (3.14)	Set up Docker Compose	2026-05-19T19:33:48.5011685Z #13 2.728 Get:11 http://deb.debian.org/debian trixie/main amd64 libgnutls30t64 amd64 3.8.9-3+deb13u3 [1467 kB]
test-ubuntu (3.14)	Set up Docker Compose	2026-05-19T19:33:48.5012758Z #13 2.734 Get:12 http://deb.debian.org/debian trixie/main amd64 libkrb5support0 amd64 1.21.3-5 [33.0 kB]
test-ubuntu (3.14)	Set up Docker Compose	2026-05-19T19:33:48.5013793Z #13 2.734 Get:13 http://deb.debian.org/debian trixie/main amd64 libcom-err2 amd64 1.47.2-3+b11 [25.0 kB]
test-ubuntu (3.14)	Set up Docker Compose	2026-05-19T19:33:48.5014798Z #13 2.734 Get:14 http://deb.debian.org/debian trixie/main amd64 libk5crypto3 amd64 1.21.3-5 [81.5 kB]
test-ubuntu (3.14)	Set up Docker Compose	2026-05-19T19:33:48.5015860Z #13 2.735 Get:15 http://deb.debian.org/debian trixie/main amd64 libkeyutils1 amd64 1.6.3-6 [9456 B]
test-ubuntu (3.14)	Set up Docker Compose	2026-05-19T19:33:48.5017524Z #13 2.735 Get:16 http://deb.debian.org/debian trixie/main amd64 libkrb5-3 amd64 1.21.3-5 [326 kB]
test-ubuntu (3.14)	Set up Docker Compose	2026-05-19T19:33:48.5018478Z #13 2.740 Get:17 http://deb.debian.org/debian trixie/main amd64 libgssapi-krb5-2 amd64 1.21.3-5 [138 kB]
test-ubuntu (3.14)	Set up Docker Compose	2026-05-19T19:33:48.5019546Z #13 2.742 Get:18 http://deb.debian.org/debian trixie/main amd64 libsasl2-modules-db amd64 2.1.28+dfsg1-9 [19.8 kB]
test-ubuntu (3.14)	Set up Docker Compose	2026-05-19T19:33:48.5020635Z #13 2.742 Get:19 http://deb.debian.org/debian trixie/main amd64 libsasl2-2 amd64 2.1.28+dfsg1-9 [57.5 kB]
test-ubuntu (3.14)	Set up Docker Compose	2026-05-19T19:33:48.5021636Z #13 2.742 Get:20 http://deb.debian.org/debian trixie/main amd64 libldap2 amd64 2.6.10+dfsg-1 [194 kB]
test-ubuntu (3.14)	Set up Docker Compose	2026-05-19T19:33:48.5022814Z #13 2.749 Get:21 http://deb.debian.org/debian-security trixie-security/main amd64 libnghttp2-14 amd64 1.64.0-1.1+deb13u1 [76.2 kB]
test-ubuntu (3.14)	Set up Docker Compose	2026-05-19T19:33:48.5023964Z #13 2.749 Get:22 http://deb.debian.org/debian trixie/main amd64 libnghttp3-9 amd64 1.8.0-1 [67.7 kB]
test-ubuntu (3.14)	Set up Docker Compose	2026-05-19T19:33:48.5024985Z #13 2.758 Get:23 http://deb.debian.org/debian trixie/main amd64 libngtcp2-16 amd64 1.11.0-1+deb13u1 [132 kB]
test-ubuntu (3.14)	Set up Docker Compose	2026-05-19T19:33:48.5026449Z #13 2.759 Get:24 http://deb.debian.org/debian trixie/main amd64 libngtcp2-crypto-gnutls8 amd64 1.11.0-1+deb13u1 [29.5 kB]
test-ubuntu (3.14)	Set up Docker Compose	2026-05-19T19:33:48.5027846Z #13 2.759 Get:25 http://deb.debian.org/debian trixie/main amd64 libpsl5t64 amd64 0.21.2-1.1+b1 [57.2 kB]
test-ubuntu (3.14)	Set up Docker Compose	2026-05-19T19:33:48.5028927Z #13 2.760 Get:26 http://deb.debian.org/debian trixie/main amd64 librtmp1 amd64 2.4+20151223.gitfa8646d.1-2+b5 [58.8 kB]
test-ubuntu (3.14)	Set up Docker Compose	2026-05-19T19:33:48.5030007Z #13 2.768 Get:27 http://deb.debian.org/debian trixie/main amd64 libssh2-1t64 amd64 1.11.1-1 [245 kB]
test-ubuntu (3.14)	Set up Docker Compose	2026-05-19T19:33:48.5031053Z #13 2.770 Get:28 http://deb.debian.org/debian trixie/main amd64 libcurl3t64-gnutls amd64 8.14.1-2+deb13u3 [384 kB]
test-ubuntu (3.14)	Set up Docker Compose	2026-05-19T19:33:48.5032107Z #13 2.771 Get:29 http://deb.debian.org/debian trixie/main amd64 liberror-perl all 0.17030-1 [26.9 kB]
test-ubuntu (3.14)	Set up Docker Compose	2026-05-19T19:33:48.5033085Z #13 2.778 Get:30 http://deb.debian.org/debian trixie/main amd64 git-man all 1:2.47.3-0+deb13u1 [2205 kB]
test-ubuntu (3.14)	Set up Docker Compose	2026-05-19T19:33:48.6618776Z #13 2.789 Get:31 http://deb.debian.org/debian trixie/main amd64 git amd64 1:2.47.3-0+deb13u1 [8862 kB]
test-ubuntu (3.14)	Set up Docker Compose	2026-05-19T19:33:48.6824551Z #13 2.960 debconf: unable to initialize frontend: Dialog
test-ubuntu (3.14)	Set up Docker Compose	2026-05-19T19:33:48.6825324Z #13 2.960 debconf: (TERM is not set, so the dialog frontend is not usable.)
test-ubuntu (3.14)	Set up Docker Compose	2026-05-19T19:33:48.6825976Z #13 2.960 debconf: falling back to frontend: Readline
test-ubuntu (3.14)	Set up Docker Compose	2026-05-19T19:33:48.8384439Z #13 2.960 debconf: unable to initialize frontend: Readline
test-ubuntu (3.14)	Set up Docker Compose	2026-05-19T19:33:48.8387610Z #13 2.960 debconf: (Can't locate Term/ReadLine.pm in @INC (you may need to install the Term::ReadLine module) (@INC entries checked: /etc/perl /usr/local/lib/x86_64-linux-gnu/perl/5.40.1 /usr/local/share/perl/5.40.1 /usr/lib/x86_64-linux-gnu/perl5/5.40 /usr/share/perl5 /usr/lib/x86_64-linux-gnu/perl-base /usr/lib/x86_64-linux-gnu/perl/5.40 /usr/share/perl/5.40 /usr/local/lib/site_perl) at /usr/share/perl5/Debconf/FrontEnd/Readline.pm line 8, <STDIN> line 31.)
test-ubuntu (3.14)	Set up Docker Compose	2026-05-19T19:33:48.8393283Z #13 2.960 debconf: falling back to frontend: Teletype
test-ubuntu (3.14)	Set up Docker Compose	2026-05-19T19:33:48.8393872Z #13 2.965 debconf: unable to initialize frontend: Teletype
test-ubuntu (3.14)	Set up Docker Compose	2026-05-19T19:33:48.8394481Z #13 2.965 debconf: (This frontend requires a controlling tty.)
test-ubuntu (3.14)	Set up Docker Compose	2026-05-19T19:33:48.8395129Z #13 2.965 debconf: falling back to frontend: Noninteractive
test-ubuntu (3.14)	Set up Docker Compose	2026-05-19T19:33:49.6828529Z #13 3.960 Fetched 23.6 MB in 0s (89.5 MB/s)
test-ubuntu (3.14)	Set up Docker Compose	2026-05-19T19:33:49.8852549Z #13 3.975 Selecting previously unselected package libexpat1:amd64.
test-ubuntu (3.14)	Set up Docker Compose	2026-05-19T19:33:49.8853032Z #13 3.975 (Reading database ... 
test-ubuntu (3.14)	Set up Docker Compose	2026-05-19T19:33:49.8853304Z (Reading database ... 5%
test-ubuntu (3.14)	Set up Docker Compose	2026-05-19T19:33:49.8853546Z (Reading database ... 10%
test-ubuntu (3.14)	Set up Docker Compose	2026-05-19T19:33:49.8853792Z (Reading database ... 15%
test-ubuntu (3.14)	Set up Docker Compose	2026-05-19T19:33:49.8854011Z (Reading database ... 20%
test-ubuntu (3.14)	Set up Docker Compose	2026-05-19T19:33:49.8854222Z (Reading database ... 25%
test-ubuntu (3.14)	Set up Docker Compose	2026-05-19T19:33:49.8854427Z (Reading database ... 30%
test-ubuntu (3.14)	Set up Docker Compose	2026-05-19T19:33:49.8854654Z (Reading database ... 35%
test-ubuntu (3.14)	Set up Docker Compose	2026-05-19T19:33:49.8854882Z (Reading database ... 40%
test-ubuntu (3.14)	Set up Docker Compose	2026-05-19T19:33:49.8855099Z (Reading database ... 45%
test-ubuntu (3.14)	Set up Docker Compose	2026-05-19T19:33:49.8855314Z (Reading database ... 50%
test-ubuntu (3.14)	Set up Docker Compose	2026-05-19T19:33:49.8855527Z (Reading database ... 55%
test-ubuntu (3.14)	Set up Docker Compose	2026-05-19T19:33:49.8855739Z (Reading database ... 60%
test-ubuntu (3.14)	Set up Docker Compose	2026-05-19T19:33:49.8855985Z (Reading database ... 65%
test-ubuntu (3.14)	Set up Docker Compose	2026-05-19T19:33:49.8856503Z (Reading database ... 70%
test-ubuntu (3.14)	Set up Docker Compose	2026-05-19T19:33:49.8856733Z (Reading database ... 75%
test-ubuntu (3.14)	Set up Docker Compose	2026-05-19T19:33:49.8856949Z (Reading database ... 80%
test-ubuntu (3.14)	Set up Docker Compose	2026-05-19T19:33:49.8857176Z (Reading database ... 85%
test-ubuntu (3.14)	Set up Docker Compose	2026-05-19T19:33:49.8864392Z (Reading database ... 90%
test-ubuntu (3.14)	Set up Docker Compose	2026-05-19T19:33:49.8864663Z (Reading database ... 95%
test-ubuntu (3.14)	Set up Docker Compose	2026-05-19T19:33:49.8864907Z (Reading database ... 100%
test-ubuntu (3.14)	Set up Docker Compose	2026-05-19T19:33:49.8865249Z (Reading database ... 5645 files and directories currently installed.)
test-ubuntu (3.14)	Set up Docker Compose	2026-05-19T19:33:49.8865706Z #13 3.990 Preparing to unpack .../00-libexpat1_2.7.1-2_amd64.deb ...
test-ubuntu (3.14)	Set up Docker Compose	2026-05-19T19:33:49.8866229Z #13 3.992 Unpacking libexpat1:amd64 (2.7.1-2) ...
test-ubuntu (3.14)	Set up Docker Compose	2026-05-19T19:33:49.8866619Z #13 4.011 Selecting previously unselected package perl-modules-5.40.
test-ubuntu (3.14)	Set up Docker Compose	2026-05-19T19:33:49.8867067Z #13 4.012 Preparing to unpack .../01-perl-modules-5.40_5.40.1-6_all.deb ...
test-ubuntu (3.14)	Set up Docker Compose	2026-05-19T19:33:49.8867490Z #13 4.012 Unpacking perl-modules-5.40 (5.40.1-6) ...
test-ubuntu (3.14)	Set up Docker Compose	2026-05-19T19:33:50.0137012Z #13 4.291 Selecting previously unselected package libgdbm-compat4t64:amd64.
test-ubuntu (3.14)	Set up Docker Compose	2026-05-19T19:33:50.1828405Z #13 4.293 Preparing to unpack .../02-libgdbm-compat4t64_1.24-2_amd64.deb ...
test-ubuntu (3.14)	Set up Docker Compose	2026-05-19T19:33:50.1831164Z #13 4.293 Unpacking libgdbm-compat4t64:amd64 (1.24-2) ...
test-ubuntu (3.14)	Set up Docker Compose	2026-05-19T19:33:50.1831855Z #13 4.308 Selecting previously unselected package libperl5.40:amd64.
test-ubuntu (3.14)	Set up Docker Compose	2026-05-19T19:33:50.1832354Z #13 4.309 Preparing to unpack .../03-libperl5.40_5.40.1-6_amd64.deb ...
test-ubuntu (3.14)	Set up Docker Compose	2026-05-19T19:33:50.1832761Z #13 4.310 Unpacking libperl5.40:amd64 (5.40.1-6) ...
test-ubuntu (3.14)	Set up Docker Compose	2026-05-19T19:33:50.2574747Z #13 4.535 Selecting previously unselected package perl.
test-ubuntu (3.14)	Set up Docker Compose	2026-05-19T19:33:50.3699959Z #13 4.536 Preparing to unpack .../04-perl_5.40.1-6_amd64.deb ...
test-ubuntu (3.14)	Set up Docker Compose	2026-05-19T19:33:50.3700610Z #13 4.537 Unpacking perl (5.40.1-6) ...
test-ubuntu (3.14)	Set up Docker Compose	2026-05-19T19:33:50.3701173Z #13 4.564 Selecting previously unselected package libbrotli1:amd64.
test-ubuntu (3.14)	Set up Docker Compose	2026-05-19T19:33:50.3701874Z #13 4.565 Preparing to unpack .../05-libbrotli1_1.1.0-2+b7_amd64.deb ...
test-ubuntu (3.14)	Set up Docker Compose	2026-05-19T19:33:50.3702482Z #13 4.566 Unpacking libbrotli1:amd64 (1.1.0-2+b7) ...
test-ubuntu (3.14)	Set up Docker Compose	2026-05-19T19:33:50.3703145Z #13 4.606 Selecting previously unselected package libunistring5:amd64.
test-ubuntu (3.14)	Set up Docker Compose	2026-05-19T19:33:50.3703701Z #13 4.607 Preparing to unpack .../06-libunistring5_1.3-2_amd64.deb ...
test-ubuntu (3.14)	Set up Docker Compose	2026-05-19T19:33:50.3704379Z #13 4.608 Unpacking libunistring5:amd64 (1.3-2) ...
test-ubuntu (3.14)	Set up Docker Compose	2026-05-19T19:33:50.3704757Z #13 4.647 Selecting previously unselected package libidn2-0:amd64.
test-ubuntu (3.14)	Set up Docker Compose	2026-05-19T19:33:50.5001652Z #13 4.649 Preparing to unpack .../07-libidn2-0_2.3.8-2_amd64.deb ...
test-ubuntu (3.14)	Set up Docker Compose	2026-05-19T19:33:50.5002357Z #13 4.650 Unpacking libidn2-0:amd64 (2.3.8-2) ...
test-ubuntu (3.14)	Set up Docker Compose	2026-05-19T19:33:50.5002968Z #13 4.669 Selecting previously unselected package libp11-kit0:amd64.
test-ubuntu (3.14)	Set up Docker Compose	2026-05-19T19:33:50.5003664Z #13 4.671 Preparing to unpack .../08-libp11-kit0_0.25.5-3_amd64.deb ...
test-ubuntu (3.14)	Set up Docker Compose	2026-05-19T19:33:50.5004244Z #13 4.671 Unpacking libp11-kit0:amd64 (0.25.5-3) ...
test-ubuntu (3.14)	Set up Docker Compose	2026-05-19T19:33:50.5004830Z #13 4.702 Selecting previously unselected package libtasn1-6:amd64.
test-ubuntu (3.14)	Set up Docker Compose	2026-05-19T19:33:50.5005495Z #13 4.703 Preparing to unpack .../09-libtasn1-6_4.20.0-2_amd64.deb ...
test-ubuntu (3.14)	Set up Docker Compose	2026-05-19T19:33:50.5005930Z #13 4.704 Unpacking libtasn1-6:amd64 (4.20.0-2) ...
test-ubuntu (3.14)	Set up Docker Compose	2026-05-19T19:33:50.5006579Z #13 4.720 Selecting previously unselected package libgnutls30t64:amd64.
test-ubuntu (3.14)	Set up Docker Compose	2026-05-19T19:33:50.5007083Z #13 4.721 Preparing to unpack .../10-libgnutls30t64_3.8.9-3+deb13u3_amd64.deb ...
test-ubuntu (3.14)	Set up Docker Compose	2026-05-19T19:33:50.5007516Z #13 4.722 Unpacking libgnutls30t64:amd64 (3.8.9-3+deb13u3) ...
test-ubuntu (3.14)	Set up Docker Compose	2026-05-19T19:33:50.5007933Z #13 4.778 Selecting previously unselected package libkrb5support0:amd64.
test-ubuntu (3.14)	Set up Docker Compose	2026-05-19T19:33:50.6002352Z #13 4.779 Preparing to unpack .../11-libkrb5support0_1.21.3-5_amd64.deb ...
test-ubuntu (3.14)	Set up Docker Compose	2026-05-19T19:33:50.6003252Z #13 4.780 Unpacking libkrb5support0:amd64 (1.21.3-5) ...
test-ubuntu (3.14)	Set up Docker Compose	2026-05-19T19:33:50.6003860Z #13 4.795 Selecting previously unselected package libcom-err2:amd64.
test-ubuntu (3.14)	Set up Docker Compose	2026-05-19T19:33:50.6004622Z #13 4.796 Preparing to unpack .../12-libcom-err2_1.47.2-3+b11_amd64.deb ...
test-ubuntu (3.14)	Set up Docker Compose	2026-05-19T19:33:50.6005267Z #13 4.797 Unpacking libcom-err2:amd64 (1.47.2-3+b11) ...
test-ubuntu (3.14)	Set up Docker Compose	2026-05-19T19:33:50.6005701Z #13 4.811 Selecting previously unselected package libk5crypto3:amd64.
test-ubuntu (3.14)	Set up Docker Compose	2026-05-19T19:33:50.6006350Z #13 4.812 Preparing to unpack .../13-libk5crypto3_1.21.3-5_amd64.deb ...
test-ubuntu (3.14)	Set up Docker Compose	2026-05-19T19:33:50.6006902Z #13 4.813 Unpacking libk5crypto3:amd64 (1.21.3-5) ...
test-ubuntu (3.14)	Set up Docker Compose	2026-05-19T19:33:50.6007519Z #13 4.830 Selecting previously unselected package libkeyutils1:amd64.
test-ubuntu (3.14)	Set up Docker Compose	2026-05-19T19:33:50.6008299Z #13 4.831 Preparing to unpack .../14-libkeyutils1_1.6.3-6_amd64.deb ...
test-ubuntu (3.14)	Set up Docker Compose	2026-05-19T19:33:50.6009021Z #13 4.832 Unpacking libkeyutils1:amd64 (1.6.3-6) ...
test-ubuntu (3.14)	Set up Docker Compose	2026-05-19T19:33:50.6011441Z #13 4.845 Selecting previously unselected package libkrb5-3:amd64.
test-ubuntu (3.14)	Set up Docker Compose	2026-05-19T19:33:50.6011990Z #13 4.846 Preparing to unpack .../15-libkrb5-3_1.21.3-5_amd64.deb ...
test-ubuntu (3.14)	Set up Docker Compose	2026-05-19T19:33:50.6012406Z #13 4.847 Unpacking libkrb5-3:amd64 (1.21.3-5) ...
test-ubuntu (3.14)	Set up Docker Compose	2026-05-19T19:33:50.6012815Z #13 4.877 Selecting previously unselected package libgssapi-krb5-2:amd64.
test-ubuntu (3.14)	Set up Docker Compose	2026-05-19T19:33:50.6013287Z #13 4.878 Preparing to unpack .../16-libgssapi-krb5-2_1.21.3-5_amd64.deb ...
test-ubuntu (3.14)	Set up Docker Compose	2026-05-19T19:33:50.7147891Z #13 4.879 Unpacking libgssapi-krb5-2:amd64 (1.21.3-5) ...
test-ubuntu (3.14)	Set up Docker Compose	2026-05-19T19:33:50.7148815Z #13 4.897 Selecting previously unselected package libsasl2-modules-db:amd64.
test-ubuntu (3.14)	Set up Docker Compose	2026-05-19T19:33:50.7149743Z #13 4.898 Preparing to unpack .../17-libsasl2-modules-db_2.1.28+dfsg1-9_amd64.deb ...
test-ubuntu (3.14)	Set up Docker Compose	2026-05-19T19:33:50.7150549Z #13 4.899 Unpacking libsasl2-modules-db:amd64 (2.1.28+dfsg1-9) ...
test-ubuntu (3.14)	Set up Docker Compose	2026-05-19T19:33:50.7151277Z #13 4.913 Selecting previously unselected package libsasl2-2:amd64.
test-ubuntu (3.14)	Set up Docker Compose	2026-05-19T19:33:50.7152006Z #13 4.914 Preparing to unpack .../18-libsasl2-2_2.1.28+dfsg1-9_amd64.deb ...
test-ubuntu (3.14)	Set up Docker Compose	2026-05-19T19:33:50.7152641Z #13 4.915 Unpacking libsasl2-2:amd64 (2.1.28+dfsg1-9) ...
test-ubuntu (3.14)	Set up Docker Compose	2026-05-19T19:33:50.7153240Z #13 4.931 Selecting previously unselected package libldap2:amd64.
test-ubuntu (3.14)	Set up Docker Compose	2026-05-19T19:33:50.7153923Z #13 4.932 Preparing to unpack .../19-libldap2_2.6.10+dfsg-1_amd64.deb ...
test-ubuntu (3.14)	Set up Docker Compose	2026-05-19T19:33:50.7154522Z #13 4.933 Unpacking libldap2:amd64 (2.6.10+dfsg-1) ...
test-ubuntu (3.14)	Set up Docker Compose	2026-05-19T19:33:50.7155141Z #13 4.955 Selecting previously unselected package libnghttp2-14:amd64.
test-ubuntu (3.14)	Set up Docker Compose	2026-05-19T19:33:50.7155883Z #13 4.956 Preparing to unpack .../20-libnghttp2-14_1.64.0-1.1+deb13u1_amd64.deb ...
test-ubuntu (3.14)	Set up Docker Compose	2026-05-19T19:33:50.7157601Z #13 4.957 Unpacking libnghttp2-14:amd64 (1.64.0-1.1+deb13u1) ...
test-ubuntu (3.14)	Set up Docker Compose	2026-05-19T19:33:50.7158342Z #13 4.973 Selecting previously unselected package libnghttp3-9:amd64.
test-ubuntu (3.14)	Set up Docker Compose	2026-05-19T19:33:50.7159291Z #13 4.975 Preparing to unpack .../21-libnghttp3-9_1.8.0-1_amd64.deb ...
test-ubuntu (3.14)	Set up Docker Compose	2026-05-19T19:33:50.7160188Z #13 4.975 Unpacking libnghttp3-9:amd64 (1.8.0-1) ...
test-ubuntu (3.14)	Set up Docker Compose	2026-05-19T19:33:50.7160775Z #13 4.992 Selecting previously unselected package libngtcp2-16:amd64.
test-ubuntu (3.14)	Set up Docker Compose	2026-05-19T19:33:50.8411552Z #13 4.994 Preparing to unpack .../22-libngtcp2-16_1.11.0-1+deb13u1_amd64.deb ...
test-ubuntu (3.14)	Set up Docker Compose	2026-05-19T19:33:50.8412344Z #13 4.994 Unpacking libngtcp2-16:amd64 (1.11.0-1+deb13u1) ...
test-ubuntu (3.14)	Set up Docker Compose	2026-05-19T19:33:50.8413027Z #13 5.014 Selecting previously unselected package libngtcp2-crypto-gnutls8:amd64.
test-ubuntu (3.14)	Set up Docker Compose	2026-05-19T19:33:50.8413853Z #13 5.015 Preparing to unpack .../23-libngtcp2-crypto-gnutls8_1.11.0-1+deb13u1_amd64.deb ...
test-ubuntu (3.14)	Set up Docker Compose	2026-05-19T19:33:50.8414640Z #13 5.016 Unpacking libngtcp2-crypto-gnutls8:amd64 (1.11.0-1+deb13u1) ...
test-ubuntu (3.14)	Set up Docker Compose	2026-05-19T19:33:50.8415310Z #13 5.030 Selecting previously unselected package libpsl5t64:amd64.
test-ubuntu (3.14)	Set up Docker Compose	2026-05-19T19:33:50.8415941Z #13 5.031 Preparing to unpack .../24-libpsl5t64_0.21.2-1.1+b1_amd64.deb ...
test-ubuntu (3.14)	Set up Docker Compose	2026-05-19T19:33:50.8416733Z #13 5.032 Unpacking libpsl5t64:amd64 (0.21.2-1.1+b1) ...
test-ubuntu (3.14)	Set up Docker Compose	2026-05-19T19:33:50.8417290Z #13 5.047 Selecting previously unselected package librtmp1:amd64.
test-ubuntu (3.14)	Set up Docker Compose	2026-05-19T19:33:50.8417960Z #13 5.048 Preparing to unpack .../25-librtmp1_2.4+20151223.gitfa8646d.1-2+b5_amd64.deb ...
test-ubuntu (3.14)	Set up Docker Compose	2026-05-19T19:33:50.8418651Z #13 5.050 Unpacking librtmp1:amd64 (2.4+20151223.gitfa8646d.1-2+b5) ...
test-ubuntu (3.14)	Set up Docker Compose	2026-05-19T19:33:50.8419275Z #13 5.066 Selecting previously unselected package libssh2-1t64:amd64.
test-ubuntu (3.14)	Set up Docker Compose	2026-05-19T19:33:50.8419899Z #13 5.067 Preparing to unpack .../26-libssh2-1t64_1.11.1-1_amd64.deb ...
test-ubuntu (3.14)	Set up Docker Compose	2026-05-19T19:33:50.8420447Z #13 5.067 Unpacking libssh2-1t64:amd64 (1.11.1-1) ...
test-ubuntu (3.14)	Set up Docker Compose	2026-05-19T19:33:50.8421041Z #13 5.088 Selecting previously unselected package libcurl3t64-gnutls:amd64.
test-ubuntu (3.14)	Set up Docker Compose	2026-05-19T19:33:50.8421758Z #13 5.089 Preparing to unpack .../27-libcurl3t64-gnutls_8.14.1-2+deb13u3_amd64.deb ...
test-ubuntu (3.14)	Set up Docker Compose	2026-05-19T19:33:50.8422488Z #13 5.090 Unpacking libcurl3t64-gnutls:amd64 (8.14.1-2+deb13u3) ...
test-ubuntu (3.14)	Set up Docker Compose	2026-05-19T19:33:50.8423419Z #13 5.119 Selecting previously unselected package liberror-perl.
test-ubuntu (3.14)	Set up Docker Compose	2026-05-19T19:33:51.0689958Z #13 5.120 Preparing to unpack .../28-liberror-perl_0.17030-1_all.deb ...
test-ubuntu (3.14)	Set up Docker Compose	2026-05-19T19:33:51.0690725Z #13 5.121 Unpacking liberror-perl (0.17030-1) ...
test-ubuntu (3.14)	Set up Docker Compose	2026-05-19T19:33:51.0691331Z #13 5.135 Selecting previously unselected package git-man.
test-ubuntu (3.14)	Set up Docker Compose	2026-05-19T19:33:51.0692034Z #13 5.136 Preparing to unpack .../29-git-man_1%3a2.47.3-0+deb13u1_all.deb ...
test-ubuntu (3.14)	Set up Docker Compose	2026-05-19T19:33:51.0692710Z #13 5.137 Unpacking git-man (1:2.47.3-0+deb13u1) ...
test-ubuntu (3.14)	Set up Docker Compose	2026-05-19T19:33:51.0693273Z #13 5.188 Selecting previously unselected package git.
test-ubuntu (3.14)	Set up Docker Compose	2026-05-19T19:33:51.0694318Z #13 5.189 Preparing to unpack .../30-git_1%3a2.47.3-0+deb13u1_amd64.deb ...
test-ubuntu (3.14)	Set up Docker Compose	2026-05-19T19:33:51.0695010Z #13 5.196 Unpacking git (1:2.47.3-0+deb13u1) ...
test-ubuntu (3.14)	Set up Docker Compose	2026-05-19T19:33:51.1954822Z #13 5.473 Setting up libexpat1:amd64 (2.7.1-2) ...
test-ubuntu (3.14)	Set up Docker Compose	2026-05-19T19:33:51.3793864Z #13 5.475 Setting up libkeyutils1:amd64 (1.6.3-6) ...
test-ubuntu (3.14)	Set up Docker Compose	2026-05-19T19:33:51.3794547Z #13 5.477 Setting up libgdbm-compat4t64:amd64 (1.24-2) ...
test-ubuntu (3.14)	Set up Docker Compose	2026-05-19T19:33:51.3795097Z #13 5.479 Setting up libbrotli1:amd64 (1.1.0-2+b7) ...
test-ubuntu (3.14)	Set up Docker Compose	2026-05-19T19:33:51.3795654Z #13 5.481 Setting up libnghttp2-14:amd64 (1.64.0-1.1+deb13u1) ...
test-ubuntu (3.14)	Set up Docker Compose	2026-05-19T19:33:51.3797741Z #13 5.483 Setting up libcom-err2:amd64 (1.47.2-3+b11) ...
test-ubuntu (3.14)	Set up Docker Compose	2026-05-19T19:33:51.3798311Z #13 5.485 Setting up libkrb5support0:amd64 (1.21.3-5) ...
test-ubuntu (3.14)	Set up Docker Compose	2026-05-19T19:33:51.3798908Z #13 5.487 Setting up libsasl2-modules-db:amd64 (2.1.28+dfsg1-9) ...
test-ubuntu (3.14)	Set up Docker Compose	2026-05-19T19:33:51.3799937Z #13 5.489 Setting up libp11-kit0:amd64 (0.25.5-3) ...
test-ubuntu (3.14)	Set up Docker Compose	2026-05-19T19:33:51.3800444Z #13 5.491 Setting up libunistring5:amd64 (1.3-2) ...
test-ubuntu (3.14)	Set up Docker Compose	2026-05-19T19:33:51.3800991Z #13 5.493 Setting up libk5crypto3:amd64 (1.21.3-5) ...
test-ubuntu (3.14)	Set up Docker Compose	2026-05-19T19:33:51.3801520Z #13 5.495 Setting up libsasl2-2:amd64 (2.1.28+dfsg1-9) ...
test-ubuntu (3.14)	Set up Docker Compose	2026-05-19T19:33:51.3802394Z #13 5.497 Setting up libnghttp3-9:amd64 (1.8.0-1) ...
test-ubuntu (3.14)	Set up Docker Compose	2026-05-19T19:33:51.3802900Z #13 5.499 Setting up perl-modules-5.40 (5.40.1-6) ...
test-ubuntu (3.14)	Set up Docker Compose	2026-05-19T19:33:51.3803386Z #13 5.501 Setting up libtasn1-6:amd64 (4.20.0-2) ...
test-ubuntu (3.14)	Set up Docker Compose	2026-05-19T19:33:51.3803892Z #13 5.503 Setting up git-man (1:2.47.3-0+deb13u1) ...
test-ubuntu (3.14)	Set up Docker Compose	2026-05-19T19:33:51.3804428Z #13 5.505 Setting up libngtcp2-16:amd64 (1.11.0-1+deb13u1) ...
test-ubuntu (3.14)	Set up Docker Compose	2026-05-19T19:33:51.3804964Z #13 5.507 Setting up libkrb5-3:amd64 (1.21.3-5) ...
test-ubuntu (3.14)	Set up Docker Compose	2026-05-19T19:33:51.3805465Z #13 5.509 Setting up libssh2-1t64:amd64 (1.11.1-1) ...
test-ubuntu (3.14)	Set up Docker Compose	2026-05-19T19:33:51.3805982Z #13 5.511 Setting up libldap2:amd64 (2.6.10+dfsg-1) ...
test-ubuntu (3.14)	Set up Docker Compose	2026-05-19T19:33:51.3806639Z #13 5.513 Setting up libidn2-0:amd64 (2.3.8-2) ...
test-ubuntu (3.14)	Set up Docker Compose	2026-05-19T19:33:51.3807127Z #13 5.516 Setting up libperl5.40:amd64 (5.40.1-6) ...
test-ubuntu (3.14)	Set up Docker Compose	2026-05-19T19:33:51.3807475Z #13 5.518 Setting up perl (5.40.1-6) ...
test-ubuntu (3.14)	Set up Docker Compose	2026-05-19T19:33:51.3807913Z #13 5.525 Setting up libgssapi-krb5-2:amd64 (1.21.3-5) ...
test-ubuntu (3.14)	Set up Docker Compose	2026-05-19T19:33:51.3808399Z #13 5.528 Setting up libgnutls30t64:amd64 (3.8.9-3+deb13u3) ...
test-ubuntu (3.14)	Set up Docker Compose	2026-05-19T19:33:51.3808903Z #13 5.530 Setting up libpsl5t64:amd64 (0.21.2-1.1+b1) ...
test-ubuntu (3.14)	Set up Docker Compose	2026-05-19T19:33:51.3809410Z #13 5.532 Setting up liberror-perl (0.17030-1) ...
test-ubuntu (3.14)	Set up Docker Compose	2026-05-19T19:33:51.3809993Z #13 5.534 Setting up librtmp1:amd64 (2.4+20151223.gitfa8646d.1-2+b5) ...
test-ubuntu (3.14)	Set up Docker Compose	2026-05-19T19:33:51.3810637Z #13 5.536 Setting up libngtcp2-crypto-gnutls8:amd64 (1.11.0-1+deb13u1) ...
test-ubuntu (3.14)	Set up Docker Compose	2026-05-19T19:33:51.3811134Z #13 5.538 Setting up libcurl3t64-gnutls:amd64 (8.14.1-2+deb13u3) ...
test-ubuntu (3.14)	Set up Docker Compose	2026-05-19T19:33:51.3811683Z #13 5.540 Setting up git (1:2.47.3-0+deb13u1) ...
test-ubuntu (3.14)	Set up Docker Compose	2026-05-19T19:33:51.3812159Z #13 5.548 Processing triggers for libc-bin (2.41-12+deb13u2) ...
test-ubuntu (3.14)	Set up Docker Compose	2026-05-19T19:33:51.3812591Z #13 DONE 5.7s
test-ubuntu (3.14)	Set up Docker Compose	2026-05-19T19:33:51.5331887Z 
test-ubuntu (3.14)	Set up Docker Compose	2026-05-19T19:33:51.5332669Z #15 [builder  4/13] WORKDIR /app
test-ubuntu (3.14)	Set up Docker Compose	2026-05-19T19:33:51.5333211Z #15 DONE 0.0s
test-ubuntu (3.14)	Set up Docker Compose	2026-05-19T19:33:51.5333402Z 
test-ubuntu (3.14)	Set up Docker Compose	2026-05-19T19:33:51.5333581Z #16 [builder  5/13] COPY pyproject.toml .
test-ubuntu (3.14)	Set up Docker Compose	2026-05-19T19:33:51.5334012Z #16 DONE 0.0s
test-ubuntu (3.14)	Set up Docker Compose	2026-05-19T19:33:51.5334188Z 
test-ubuntu (3.14)	Set up Docker Compose	2026-05-19T19:33:51.5334329Z #17 [builder  6/13] COPY uv.lock .
test-ubuntu (3.14)	Set up Docker Compose	2026-05-19T19:33:51.5334692Z #17 DONE 0.0s
test-ubuntu (3.14)	Set up Docker Compose	2026-05-19T19:33:51.5334863Z 
test-ubuntu (3.14)	Set up Docker Compose	2026-05-19T19:33:51.5335005Z #18 [builder  7/13] COPY src/ ./src/
test-ubuntu (3.14)	Set up Docker Compose	2026-05-19T19:33:51.5335278Z #18 DONE 0.0s
test-ubuntu (3.14)	Set up Docker Compose	2026-05-19T19:33:51.5335395Z 
test-ubuntu (3.14)	Set up Docker Compose	2026-05-19T19:33:51.5335495Z #19 [builder  8/13] COPY README.md .
test-ubuntu (3.14)	Set up Docker Compose	2026-05-19T19:33:51.5335732Z #19 DONE 0.0s
test-ubuntu (3.14)	Set up Docker Compose	2026-05-19T19:33:51.5335839Z 
test-ubuntu (3.14)	Set up Docker Compose	2026-05-19T19:33:51.5336004Z #20 [builder  9/13] COPY LICENSE .
test-ubuntu (3.14)	Set up Docker Compose	2026-05-19T19:33:51.5336502Z #20 DONE 0.0s
test-ubuntu (3.14)	Set up Docker Compose	2026-05-19T19:33:51.5336611Z 
test-ubuntu (3.14)	Set up Docker Compose	2026-05-19T19:33:51.5336707Z #21 [builder 10/13] COPY .git ./.git
test-ubuntu (3.14)	Set up Docker Compose	2026-05-19T19:33:51.5337091Z #21 DONE 0.0s
test-ubuntu (3.14)	Set up Docker Compose	2026-05-19T19:33:51.5337254Z 
test-ubuntu (3.14)	Set up Docker Compose	2026-05-19T19:33:51.5337520Z #22 [builder 11/13] COPY coreason-manifest* /coreason-manifest/
test-ubuntu (3.14)	Set up Docker Compose	2026-05-19T19:33:51.5338190Z #22 DONE 0.1s
test-ubuntu (3.14)	Set up Docker Compose	2026-05-19T19:33:51.6843314Z 
test-ubuntu (3.14)	Set up Docker Compose	2026-05-19T19:33:51.6844162Z #23 [builder 12/13] RUN --mount=type=cache,target=/root/.cache/uv     uv sync --no-dev --frozen
test-ubuntu (3.14)	Set up Docker Compose	2026-05-19T19:33:51.8774299Z #23 0.343 Using CPython 3.14.5 interpreter at: /usr/local/bin/python3
test-ubuntu (3.14)	Set up Docker Compose	2026-05-19T19:33:51.8774819Z #23 0.343 Creating virtual environment at: .venv
test-ubuntu (3.14)	Set up Docker Compose	2026-05-19T19:33:52.0132174Z #23 0.376    Building coreason-ecosystem @ file:///app
test-ubuntu (3.14)	Set up Docker Compose	2026-05-19T19:33:52.0132821Z #23 0.376    Building coreason-manifest @ file:///coreason-manifest
test-ubuntu (3.14)	Set up Docker Compose	2026-05-19T19:33:52.0133292Z #23 0.479 Downloading cryptography (4.5MiB)
test-ubuntu (3.14)	Set up Docker Compose	2026-05-19T19:33:52.1846489Z #23 0.492 Downloading setuptools (1.0MiB)
test-ubuntu (3.14)	Set up Docker Compose	2026-05-19T19:33:52.1846907Z #23 0.492 Downloading pip (1.7MiB)
test-ubuntu (3.14)	Set up Docker Compose	2026-05-19T19:33:52.1847209Z #23 0.493 Downloading pynacl (1.3MiB)
test-ubuntu (3.14)	Set up Docker Compose	2026-05-19T19:33:52.1847503Z #23 0.493 Downloading pygments (1.2MiB)
test-ubuntu (3.14)	Set up Docker Compose	2026-05-19T19:33:52.1847888Z #23 0.494 Downloading pydantic-core (2.0MiB)
test-ubuntu (3.14)	Set up Docker Compose	2026-05-19T19:33:52.1848343Z #23 0.494 Downloading networkx (2.0MiB)
test-ubuntu (3.14)	Set up Docker Compose	2026-05-19T19:33:52.1848783Z #23 0.495 Downloading sqlalchemy (3.1MiB)
test-ubuntu (3.14)	Set up Docker Compose	2026-05-19T19:33:52.1849214Z #23 0.495 Downloading uvloop (4.1MiB)
test-ubuntu (3.14)	Set up Docker Compose	2026-05-19T19:33:52.1849620Z #23 0.496 Downloading numpy (15.9MiB)
test-ubuntu (3.14)	Set up Docker Compose	2026-05-19T19:33:52.1850375Z #23 0.496 Downloading psycopg2-binary (4.1MiB)
test-ubuntu (3.14)	Set up Docker Compose	2026-05-19T19:33:52.1850832Z #23 0.497 Downloading skypilot (3.4MiB)
test-ubuntu (3.14)	Set up Docker Compose	2026-05-19T19:33:52.1851094Z #23 0.497 Downloading pulp (15.6MiB)
test-ubuntu (3.14)	Set up Docker Compose	2026-05-19T19:33:52.1851347Z #23 0.498 Downloading aiohttp (1.7MiB)
test-ubuntu (3.14)	Set up Docker Compose	2026-05-19T19:33:52.1851598Z #23 0.498 Downloading asyncpg (3.3MiB)
test-ubuntu (3.14)	Set up Docker Compose	2026-05-19T19:33:52.1851927Z #23 0.498 Downloading temporalio (14.1MiB)
test-ubuntu (3.14)	Set up Docker Compose	2026-05-19T19:33:52.1852371Z #23 0.500 Downloading pyarrow (46.6MiB)
test-ubuntu (3.14)	Set up Docker Compose	2026-05-19T19:33:52.1852654Z #23 0.500 Downloading pandas (10.4MiB)
test-ubuntu (3.14)	Set up Docker Compose	2026-05-19T19:33:52.6836480Z #23 1.149  Downloaded pynacl
test-ubuntu (3.14)	Set up Docker Compose	2026-05-19T19:33:52.7910665Z #23 1.201  Downloaded aiohttp
test-ubuntu (3.14)	Set up Docker Compose	2026-05-19T19:33:52.7911223Z #23 1.257  Downloaded pydantic-core
test-ubuntu (3.14)	Set up Docker Compose	2026-05-19T19:33:52.9656278Z #23 1.431  Downloaded pygments
test-ubuntu (3.14)	Set up Docker Compose	2026-05-19T19:33:53.0930436Z #23 1.513  Downloaded asyncpg
test-ubuntu (3.14)	Set up Docker Compose	2026-05-19T19:33:53.0931050Z #23 1.559  Downloaded psycopg2-binary
test-ubuntu (3.14)	Set up Docker Compose	2026-05-19T19:33:53.2333613Z #23 1.610  Downloaded uvloop
test-ubuntu (3.14)	Set up Docker Compose	2026-05-19T19:33:53.2334148Z #23 1.619  Downloaded sqlalchemy
test-ubuntu (3.14)	Set up Docker Compose	2026-05-19T19:33:53.2334594Z #23 1.643  Downloaded setuptools
test-ubuntu (3.14)	Set up Docker Compose	2026-05-19T19:33:53.2334972Z #23 1.655  Downloaded pip
test-ubuntu (3.14)	Set up Docker Compose	2026-05-19T19:33:53.2335349Z #23 1.699  Downloaded cryptography
test-ubuntu (3.14)	Set up Docker Compose	2026-05-19T19:33:53.4764010Z #23 1.792  Downloaded networkx
test-ubuntu (3.14)	Set up Docker Compose	2026-05-19T19:33:53.4834694Z #23 1.949  Downloaded skypilot
test-ubuntu (3.14)	Set up Docker Compose	2026-05-19T19:33:53.8878455Z #23 2.353  Downloaded pulp
test-ubuntu (3.14)	Set up Docker Compose	2026-05-19T19:33:54.1004607Z #23 2.566  Downloaded numpy
test-ubuntu (3.14)	Set up Docker Compose	2026-05-19T19:33:54.2900250Z #23 2.653  Downloaded temporalio
test-ubuntu (3.14)	Set up Docker Compose	2026-05-19T19:33:54.2900881Z #23 2.755  Downloaded pandas
test-ubuntu (3.14)	Set up Docker Compose	2026-05-19T19:33:54.4598675Z #23 2.775  Downloaded pyarrow
test-ubuntu (3.14)	Set up Docker Compose	2026-05-19T19:33:54.5063266Z #23 2.972       Built coreason-ecosystem @ file:///app
test-ubuntu (3.14)	Set up Docker Compose	2026-05-19T19:33:54.6987228Z #23 3.008       Built coreason-manifest @ file:///coreason-manifest
test-ubuntu (3.14)	Set up Docker Compose	2026-05-19T19:33:54.6988377Z #23 3.012 Prepared 125 packages in 2.65s
test-ubuntu (3.14)	Set up Docker Compose	2026-05-19T19:33:54.6989405Z #23 3.014 warning: Failed to hardlink files; falling back to full copy. This may lead to degraded performance.
test-ubuntu (3.14)	Set up Docker Compose	2026-05-19T19:33:54.6990746Z #23 3.014          If the cache and target directories are on different filesystems, hardlinking may not be supported.
test-ubuntu (3.14)	Set up Docker Compose	2026-05-19T19:33:54.6992134Z #23 3.014          If this is intentional, set `export UV_LINK_MODE=copy` or use `--link-mode=copy` to suppress this warning.
test-ubuntu (3.14)	Set up Docker Compose	2026-05-19T19:33:55.5189446Z #23 3.984 Installed 125 packages in 972ms
test-ubuntu (3.14)	Set up Docker Compose	2026-05-19T19:33:55.6751152Z #23 3.985  + aiofiles==24.1.0
test-ubuntu (3.14)	Set up Docker Compose	2026-05-19T19:33:55.6751684Z #23 3.985  + aiohappyeyeballs==2.6.1
test-ubuntu (3.14)	Set up Docker Compose	2026-05-19T19:33:55.6752111Z #23 3.985  + aiohttp==3.13.5
test-ubuntu (3.14)	Set up Docker Compose	2026-05-19T19:33:55.6752472Z #23 3.985  + aiosignal==1.4.0
test-ubuntu (3.14)	Set up Docker Compose	2026-05-19T19:33:55.6752839Z #23 3.985  + aiosqlite==0.22.1
test-ubuntu (3.14)	Set up Docker Compose	2026-05-19T19:33:55.6753181Z #23 3.985  + alembic==1.18.4
test-ubuntu (3.14)	Set up Docker Compose	2026-05-19T19:33:55.6753534Z #23 3.985  + annotated-doc==0.0.4
test-ubuntu (3.14)	Set up Docker Compose	2026-05-19T19:33:55.6753925Z #23 3.985  + annotated-types==0.7.0
test-ubuntu (3.14)	Set up Docker Compose	2026-05-19T19:33:55.6754597Z #23 3.985  + anyio==4.13.0
test-ubuntu (3.14)	Set up Docker Compose	2026-05-19T19:33:55.6754832Z #23 3.985  + asyncpg==0.31.0
test-ubuntu (3.14)	Set up Docker Compose	2026-05-19T19:33:55.6755060Z #23 3.985  + attrs==26.1.0
test-ubuntu (3.14)	Set up Docker Compose	2026-05-19T19:33:55.6755298Z #23 3.985  + bcrypt==4.0.1
test-ubuntu (3.14)	Set up Docker Compose	2026-05-19T19:33:55.6755526Z #23 3.985  + bracex==2.6
test-ubuntu (3.14)	Set up Docker Compose	2026-05-19T19:33:55.6755749Z #23 3.985  + cachetools==7.1.1
test-ubuntu (3.14)	Set up Docker Compose	2026-05-19T19:33:55.6755991Z #23 3.985  + canonicaljson==2.0.0
test-ubuntu (3.14)	Set up Docker Compose	2026-05-19T19:33:55.6756420Z #23 3.985  + casbin==1.43.0
test-ubuntu (3.14)	Set up Docker Compose	2026-05-19T19:33:55.6756648Z #23 3.986  + certifi==2026.4.22
test-ubuntu (3.14)	Set up Docker Compose	2026-05-19T19:33:55.6757025Z #23 3.986  + cffi==2.0.0
test-ubuntu (3.14)	Set up Docker Compose	2026-05-19T19:33:55.6757376Z #23 3.986  + charset-normalizer==3.4.7
test-ubuntu (3.14)	Set up Docker Compose	2026-05-19T19:33:55.6757776Z #23 3.986  + click==8.1.8
test-ubuntu (3.14)	Set up Docker Compose	2026-05-19T19:33:55.6758051Z #23 3.986  + colorama==0.4.6
test-ubuntu (3.14)	Set up Docker Compose	2026-05-19T19:33:55.6758430Z #23 3.986  + coreason-ecosystem==0.45.2.dev2+g22bab08de.d20260519 (from file:///app)
test-ubuntu (3.14)	Set up Docker Compose	2026-05-19T19:33:55.6759216Z #23 3.986  + coreason-manifest==0.84.1 (from file:///coreason-manifest)
test-ubuntu (3.14)	Set up Docker Compose	2026-05-19T19:33:55.6759777Z #23 3.986  + cryptography==48.0.0
test-ubuntu (3.14)	Set up Docker Compose	2026-05-19T19:33:55.6760136Z #23 3.986  + fastapi==0.136.1
test-ubuntu (3.14)	Set up Docker Compose	2026-05-19T19:33:55.6760501Z #23 3.986  + filelock==3.29.0
test-ubuntu (3.14)	Set up Docker Compose	2026-05-19T19:33:55.6760854Z #23 3.986  + frozenlist==1.8.0
test-ubuntu (3.14)	Set up Docker Compose	2026-05-19T19:33:55.6761535Z #23 3.986  + gitdb==4.0.12
test-ubuntu (3.14)	Set up Docker Compose	2026-05-19T19:33:55.6761888Z #23 3.986  + gitpython==3.1.50
test-ubuntu (3.14)	Set up Docker Compose	2026-05-19T19:33:55.6762303Z #23 3.986  + googleapis-common-protos==1.75.0
test-ubuntu (3.14)	Set up Docker Compose	2026-05-19T19:33:55.6762732Z #23 3.986  + greenlet==3.5.0
test-ubuntu (3.14)	Set up Docker Compose	2026-05-19T19:33:55.6763082Z #23 3.986  + h11==0.16.0
test-ubuntu (3.14)	Set up Docker Compose	2026-05-19T19:33:55.6763396Z #23 3.986  + httpcore==1.0.9
test-ubuntu (3.14)	Set up Docker Compose	2026-05-19T19:33:55.6763725Z #23 3.986  + httptools==0.7.1
test-ubuntu (3.14)	Set up Docker Compose	2026-05-19T19:33:55.6764058Z #23 3.986  + httpx==0.28.1
test-ubuntu (3.14)	Set up Docker Compose	2026-05-19T19:33:55.6764359Z #23 3.986  + httpx-sse==0.4.3
test-ubuntu (3.14)	Set up Docker Compose	2026-05-19T19:33:55.6764709Z #23 3.986  + hvac==2.4.0
test-ubuntu (3.14)	Set up Docker Compose	2026-05-19T19:33:55.6765044Z #23 3.986  + idna==3.15
test-ubuntu (3.14)	Set up Docker Compose	2026-05-19T19:33:55.6765345Z #23 3.986  + ijson==3.5.0
test-ubuntu (3.14)	Set up Docker Compose	2026-05-19T19:33:55.6765690Z #23 3.986  + importlib-metadata==8.7.1
test-ubuntu (3.14)	Set up Docker Compose	2026-05-19T19:33:55.6766223Z #23 3.987  + invoke==3.0.3
test-ubuntu (3.14)	Set up Docker Compose	2026-05-19T19:33:55.6766566Z #23 3.987  + jinja2==3.1.6
test-ubuntu (3.14)	Set up Docker Compose	2026-05-19T19:33:55.6766880Z #23 3.987  + jsonpatch==1.33
test-ubuntu (3.14)	Set up Docker Compose	2026-05-19T19:33:55.6767101Z #23 3.987  + jsonpointer==3.1.1
test-ubuntu (3.14)	Set up Docker Compose	2026-05-19T19:33:55.6767476Z #23 3.987  + jsonschema==4.26.0
test-ubuntu (3.14)	Set up Docker Compose	2026-05-19T19:33:55.6767904Z #23 3.987  + jsonschema-specifications==2025.9.1
test-ubuntu (3.14)	Set up Docker Compose	2026-05-19T19:33:55.6768375Z #23 3.987  + loguru==0.7.3
test-ubuntu (3.14)	Set up Docker Compose	2026-05-19T19:33:55.6768673Z #23 3.987  + mako==1.3.12
test-ubuntu (3.14)	Set up Docker Compose	2026-05-19T19:33:55.6769031Z #23 3.987  + markdown-it-py==4.2.0
test-ubuntu (3.14)	Set up Docker Compose	2026-05-19T19:33:55.6769416Z #23 3.987  + markupsafe==3.0.3
test-ubuntu (3.14)	Set up Docker Compose	2026-05-19T19:33:55.6769783Z #23 3.987  + mcp==1.27.1
test-ubuntu (3.14)	Set up Docker Compose	2026-05-19T19:33:55.6770094Z #23 3.987  + mdurl==0.1.2
test-ubuntu (3.14)	Set up Docker Compose	2026-05-19T19:33:55.6770418Z #23 3.987  + msgspec==0.21.1
test-ubuntu (3.14)	Set up Docker Compose	2026-05-19T19:33:55.6770710Z #23 3.987  + multidict==6.7.1
test-ubuntu (3.14)	Set up Docker Compose	2026-05-19T19:33:55.6771068Z #23 3.987  + nats-py==2.14.0
test-ubuntu (3.14)	Set up Docker Compose	2026-05-19T19:33:55.6771416Z #23 3.987  + networkx==3.6.1
test-ubuntu (3.14)	Set up Docker Compose	2026-05-19T19:33:55.6771733Z #23 3.987  + nexus-rpc==1.4.0
test-ubuntu (3.14)	Set up Docker Compose	2026-05-19T19:33:55.6772066Z #23 3.987  + numpy==2.4.4
test-ubuntu (3.14)	Set up Docker Compose	2026-05-19T19:33:55.6772396Z #23 3.987  + opentelemetry-api==1.41.1
test-ubuntu (3.14)	Set up Docker Compose	2026-05-19T19:33:55.6772938Z #23 3.987  + opentelemetry-exporter-otlp-proto-common==1.41.1
test-ubuntu (3.14)	Set up Docker Compose	2026-05-19T19:33:55.6773541Z #23 3.987  + opentelemetry-exporter-otlp-proto-http==1.41.1
test-ubuntu (3.14)	Set up Docker Compose	2026-05-19T19:33:55.6774076Z #23 3.988  + opentelemetry-proto==1.41.1
test-ubuntu (3.14)	Set up Docker Compose	2026-05-19T19:33:55.6774503Z #23 3.988  + opentelemetry-sdk==1.41.1
test-ubuntu (3.14)	Set up Docker Compose	2026-05-19T19:33:55.6774971Z #23 3.988  + opentelemetry-semantic-conventions==0.62b1
test-ubuntu (3.14)	Set up Docker Compose	2026-05-19T19:33:55.6775422Z #23 3.988  + orjson==3.11.9
test-ubuntu (3.14)	Set up Docker Compose	2026-05-19T19:33:55.6775749Z #23 3.988  + packaging==26.2
test-ubuntu (3.14)	Set up Docker Compose	2026-05-19T19:33:55.6776247Z #23 3.988  + pandas==3.0.3
test-ubuntu (3.14)	Set up Docker Compose	2026-05-19T19:33:55.6776581Z #23 3.988  + paramiko==5.0.0
test-ubuntu (3.14)	Set up Docker Compose	2026-05-19T19:33:55.6776924Z #23 3.988  + passlib==1.7.4
test-ubuntu (3.14)	Set up Docker Compose	2026-05-19T19:33:55.6777231Z #23 3.988  + pendulum==3.2.0
test-ubuntu (3.14)	Set up Docker Compose	2026-05-19T19:33:55.6777546Z #23 3.988  + pip==26.1.1
test-ubuntu (3.14)	Set up Docker Compose	2026-05-19T19:33:55.6777850Z #23 3.988  + prettytable==3.17.0
test-ubuntu (3.14)	Set up Docker Compose	2026-05-19T19:33:55.6778234Z #23 3.988  + prometheus-client==0.25.0
test-ubuntu (3.14)	Set up Docker Compose	2026-05-19T19:33:55.6778626Z #23 3.988  + propcache==0.5.2
test-ubuntu (3.14)	Set up Docker Compose	2026-05-19T19:33:55.6779204Z #23 3.988  + protobuf==6.33.6
test-ubuntu (3.14)	Set up Docker Compose	2026-05-19T19:33:55.6779525Z #23 3.988  + psutil==7.2.2
test-ubuntu (3.14)	Set up Docker Compose	2026-05-19T19:33:55.6779882Z #23 3.988  + psycopg2-binary==2.9.12
test-ubuntu (3.14)	Set up Docker Compose	2026-05-19T19:33:55.6780255Z #23 3.988  + pulp==3.3.1
test-ubuntu (3.14)	Set up Docker Compose	2026-05-19T19:33:55.6780547Z #23 3.988  + pyarrow==24.0.0
test-ubuntu (3.14)	Set up Docker Compose	2026-05-19T19:33:55.6780867Z #23 3.988  + pycasbin==2.8.0
test-ubuntu (3.14)	Set up Docker Compose	2026-05-19T19:33:55.6781183Z #23 3.988  + pycparser==3.0
test-ubuntu (3.14)	Set up Docker Compose	2026-05-19T19:33:55.6781536Z #23 3.989  + pycrdt==0.13.0
test-ubuntu (3.14)	Set up Docker Compose	2026-05-19T19:33:55.6781850Z #23 3.989  + pydantic==2.13.4
test-ubuntu (3.14)	Set up Docker Compose	2026-05-19T19:33:55.6782182Z #23 3.989  + pydantic-core==2.46.4
test-ubuntu (3.14)	Set up Docker Compose	2026-05-19T19:33:55.6782566Z #23 3.989  + pydantic-settings==2.14.1
test-ubuntu (3.14)	Set up Docker Compose	2026-05-19T19:33:55.6782932Z #23 3.989  + pygments==2.20.0
test-ubuntu (3.14)	Set up Docker Compose	2026-05-19T19:33:55.6783232Z #23 3.989  + pyjwt==2.12.1
test-ubuntu (3.14)	Set up Docker Compose	2026-05-19T19:33:55.6783576Z #23 3.989  + pynacl==1.6.2
test-ubuntu (3.14)	Set up Docker Compose	2026-05-19T19:33:55.6783921Z #23 3.989  + python-dateutil==2.9.0.post0
test-ubuntu (3.14)	Set up Docker Compose	2026-05-19T19:33:55.6784298Z #23 3.989  + python-dotenv==1.2.2
test-ubuntu (3.14)	Set up Docker Compose	2026-05-19T19:33:55.6784671Z #23 3.989  + python-multipart==0.0.28
test-ubuntu (3.14)	Set up Docker Compose	2026-05-19T19:33:55.6785044Z #23 3.989  + pyyaml==6.0.3
test-ubuntu (3.14)	Set up Docker Compose	2026-05-19T19:33:55.6785355Z #23 3.989  + referencing==0.37.0
test-ubuntu (3.14)	Set up Docker Compose	2026-05-19T19:33:55.6785670Z #23 3.989  + requests==2.34.0
test-ubuntu (3.14)	Set up Docker Compose	2026-05-19T19:33:55.6786367Z #23 3.989  + rich==15.0.0
test-ubuntu (3.14)	Set up Docker Compose	2026-05-19T19:33:55.6786683Z #23 3.989  + rpds-py==0.30.0
test-ubuntu (3.14)	Set up Docker Compose	2026-05-19T19:33:55.6787026Z #23 3.989  + setproctitle==1.3.7
test-ubuntu (3.14)	Set up Docker Compose	2026-05-19T19:33:55.6787381Z #23 3.989  + setuptools==81.0.0
test-ubuntu (3.14)	Set up Docker Compose	2026-05-19T19:33:55.6787716Z #23 3.989  + shellingham==1.5.4
test-ubuntu (3.14)	Set up Docker Compose	2026-05-19T19:33:55.6788051Z #23 3.989  + simpleeval==1.0.7
test-ubuntu (3.14)	Set up Docker Compose	2026-05-19T19:33:55.6788380Z #23 3.989  + six==1.17.0
test-ubuntu (3.14)	Set up Docker Compose	2026-05-19T19:33:55.6788688Z #23 3.989  + skypilot==0.12.1
test-ubuntu (3.14)	Set up Docker Compose	2026-05-19T19:33:55.6789044Z #23 3.990  + smmap==5.0.3
test-ubuntu (3.14)	Set up Docker Compose	2026-05-19T19:33:55.6789355Z #23 3.990  + sqlalchemy==2.0.49
test-ubuntu (3.14)	Set up Docker Compose	2026-05-19T19:33:55.6789708Z #23 3.990  + sqlalchemy-adapter==1.9.0
test-ubuntu (3.14)	Set up Docker Compose	2026-05-19T19:33:55.6790105Z #23 3.990  + sse-starlette==3.4.4
test-ubuntu (3.14)	Set up Docker Compose	2026-05-19T19:33:55.6790463Z #23 3.990  + starlette==1.0.0
test-ubuntu (3.14)	Set up Docker Compose	2026-05-19T19:33:55.6790769Z #23 3.990  + tabulate==0.10.0
test-ubuntu (3.14)	Set up Docker Compose	2026-05-19T19:33:55.6791131Z #23 3.990  + temporalio==1.27.0
test-ubuntu (3.14)	Set up Docker Compose	2026-05-19T19:33:55.6791473Z #23 3.990  + typer==0.23.1
test-ubuntu (3.14)	Set up Docker Compose	2026-05-19T19:33:55.6791820Z #23 3.990  + types-paramiko==4.0.0.20260508
test-ubuntu (3.14)	Set up Docker Compose	2026-05-19T19:33:55.6792244Z #23 3.990  + types-protobuf==6.32.1.20260221
test-ubuntu (3.14)	Set up Docker Compose	2026-05-19T19:33:55.6792657Z #23 3.990  + typing-extensions==4.15.0
test-ubuntu (3.14)	Set up Docker Compose	2026-05-19T19:33:55.6793047Z #23 3.990  + typing-inspection==0.4.2
test-ubuntu (3.14)	Set up Docker Compose	2026-05-19T19:33:55.6793416Z #23 3.990  + tzdata==2026.2
test-ubuntu (3.14)	Set up Docker Compose	2026-05-19T19:33:55.6793711Z #23 3.990  + urllib3==2.7.0
test-ubuntu (3.14)	Set up Docker Compose	2026-05-19T19:33:55.6794054Z #23 3.990  + uvicorn==0.35.0
test-ubuntu (3.14)	Set up Docker Compose	2026-05-19T19:33:55.6794401Z #23 3.990  + uvloop==0.22.1
test-ubuntu (3.14)	Set up Docker Compose	2026-05-19T19:33:55.6794711Z #23 3.990  + watchfiles==1.1.1
test-ubuntu (3.14)	Set up Docker Compose	2026-05-19T19:33:55.6795042Z #23 3.990  + wcmatch==10.1
test-ubuntu (3.14)	Set up Docker Compose	2026-05-19T19:33:55.6795333Z #23 3.990  + wcwidth==0.7.0
test-ubuntu (3.14)	Set up Docker Compose	2026-05-19T19:33:55.6795681Z #23 3.990  + websockets==16.0
test-ubuntu (3.14)	Set up Docker Compose	2026-05-19T19:33:55.6796124Z #23 3.990  + wheel==0.47.0
test-ubuntu (3.14)	Set up Docker Compose	2026-05-19T19:33:55.6796434Z #23 3.991  + yarl==1.23.0
test-ubuntu (3.14)	Set up Docker Compose	2026-05-19T19:33:55.6796739Z #23 3.991  + zipp==3.23.1
test-ubuntu (3.14)	Set up Docker Compose	2026-05-19T19:33:58.0475663Z #23 DONE 6.5s
test-ubuntu (3.14)	Set up Docker Compose	2026-05-19T19:33:58.1984664Z 
test-ubuntu (3.14)	Set up Docker Compose	2026-05-19T19:33:58.1985992Z #24 [builder 13/13] RUN cd /coreason-manifest && uv build --wheel --out-dir /wheels &&     cd /app && uv build --wheel --out-dir /wheels
test-ubuntu (3.14)	Set up Docker Compose	2026-05-19T19:33:58.2283747Z #24 0.180 Building wheel...
test-ubuntu (3.14)	Set up Docker Compose	2026-05-19T19:33:59.0415050Z #24 0.993 Successfully built /wheels/coreason_manifest-0.84.1-py3-none-any.whl
test-ubuntu (3.14)	Set up Docker Compose	2026-05-19T19:33:59.2618676Z #24 1.063 Building wheel...
test-ubuntu (3.14)	Set up Docker Compose	2026-05-19T19:33:59.6011592Z #24 1.553 Successfully built /wheels/coreason_ecosystem-0.45.2.dev2+g22bab08de.d20260519-py3-none-any.whl
test-ubuntu (3.14)	Set up Docker Compose	2026-05-19T19:33:59.7752301Z #24 DONE 1.6s
test-ubuntu (3.14)	Set up Docker Compose	2026-05-19T19:34:00.1075594Z 
test-ubuntu (3.14)	Set up Docker Compose	2026-05-19T19:34:00.1076424Z #25 [runtime 5/6] COPY --from=builder /wheels /wheels
test-ubuntu (3.14)	Set up Docker Compose	2026-05-19T19:34:00.2730364Z #25 DONE 0.0s
test-ubuntu (3.14)	Set up Docker Compose	2026-05-19T19:34:00.2730694Z 
test-ubuntu (3.14)	Set up Docker Compose	2026-05-19T19:34:00.2731240Z #26 [runtime 6/6] RUN uv venv /home/appuser/app/.venv &&     uv pip install --no-cache /wheels/*.whl
test-ubuntu (3.14)	Set up Docker Compose	2026-05-19T19:34:00.6012442Z #26 0.328 Using CPython 3.14.5 interpreter at: /usr/local/bin/python
test-ubuntu (3.14)	Set up Docker Compose	2026-05-19T19:34:00.6013366Z #26 0.328 Creating virtual environment at: .venv
test-ubuntu (3.14)	Set up Docker Compose	2026-05-19T19:34:01.5290382Z #26 1.406 Resolved 124 packages in 866ms
test-ubuntu (3.14)	Set up Docker Compose	2026-05-19T19:34:01.7230339Z #26 1.430 Downloading networkx (2.0MiB)
test-ubuntu (3.14)	Set up Docker Compose	2026-05-19T19:34:01.7230951Z #26 1.430 Downloading pip (1.7MiB)
test-ubuntu (3.14)	Set up Docker Compose	2026-05-19T19:34:01.7231241Z #26 1.437 Downloading uvloop (4.1MiB)
test-ubuntu (3.14)	Set up Docker Compose	2026-05-19T19:34:01.7231513Z #26 1.437 Downloading pygments (1.2MiB)
test-ubuntu (3.14)	Set up Docker Compose	2026-05-19T19:34:01.7231929Z #26 1.437 Downloading pynacl (1.3MiB)
test-ubuntu (3.14)	Set up Docker Compose	2026-05-19T19:34:01.7232327Z #26 1.443 Downloading pydantic-core (2.0MiB)
test-ubuntu (3.14)	Set up Docker Compose	2026-05-19T19:34:01.7232821Z #26 1.446 Downloading cryptography (4.5MiB)
test-ubuntu (3.14)	Set up Docker Compose	2026-05-19T19:34:01.7233220Z #26 1.447 Downloading aiohttp (1.7MiB)
test-ubuntu (3.14)	Set up Docker Compose	2026-05-19T19:34:01.7233628Z #26 1.447 Downloading asyncpg (3.3MiB)
test-ubuntu (3.14)	Set up Docker Compose	2026-05-19T19:34:01.7234057Z #26 1.447 Downloading temporalio (14.1MiB)
test-ubuntu (3.14)	Set up Docker Compose	2026-05-19T19:34:01.7234475Z #26 1.448 Downloading numpy (15.9MiB)
test-ubuntu (3.14)	Set up Docker Compose	2026-05-19T19:34:01.7234868Z #26 1.448 Downloading pandas (10.4MiB)
test-ubuntu (3.14)	Set up Docker Compose	2026-05-19T19:34:01.7235298Z #26 1.448 Downloading pulp (15.6MiB)
test-ubuntu (3.14)	Set up Docker Compose	2026-05-19T19:34:01.7235563Z #26 1.449 Downloading skypilot (3.4MiB)
test-ubuntu (3.14)	Set up Docker Compose	2026-05-19T19:34:01.7235831Z #26 1.449 Downloading sqlalchemy (3.1MiB)
test-ubuntu (3.14)	Set up Docker Compose	2026-05-19T19:34:01.7236708Z #26 1.450 Downloading psycopg2-binary (4.1MiB)
test-ubuntu (3.14)	Set up Docker Compose	2026-05-19T19:34:01.7237023Z #26 1.450 Downloading pyarrow (46.6MiB)
test-ubuntu (3.14)	Set up Docker Compose	2026-05-19T19:34:02.2098624Z #26 2.087  Downloaded pynacl
test-ubuntu (3.14)	Set up Docker Compose	2026-05-19T19:34:02.3128166Z #26 2.115  Downloaded aiohttp
test-ubuntu (3.14)	Set up Docker Compose	2026-05-19T19:34:02.3128698Z #26 2.190  Downloaded pydantic-core
test-ubuntu (3.14)	Set up Docker Compose	2026-05-19T19:34:02.4141496Z #26 2.292  Downloaded pygments
test-ubuntu (3.14)	Set up Docker Compose	2026-05-19T19:34:02.5585734Z #26 2.386  Downloaded asyncpg
test-ubuntu (3.14)	Set up Docker Compose	2026-05-19T19:34:02.5587913Z #26 2.436  Downloaded psycopg2-binary
test-ubuntu (3.14)	Set up Docker Compose	2026-05-19T19:34:02.6801306Z #26 2.478  Downloaded uvloop
test-ubuntu (3.14)	Set up Docker Compose	2026-05-19T19:34:02.6802474Z #26 2.494  Downloaded sqlalchemy
test-ubuntu (3.14)	Set up Docker Compose	2026-05-19T19:34:02.6803173Z #26 2.535  Downloaded pip
test-ubuntu (3.14)	Set up Docker Compose	2026-05-19T19:34:02.6803565Z #26 2.557  Downloaded cryptography
test-ubuntu (3.14)	Set up Docker Compose	2026-05-19T19:34:02.8802200Z #26 2.638  Downloaded networkx
test-ubuntu (3.14)	Set up Docker Compose	2026-05-19T19:34:02.8802775Z #26 2.757  Downloaded skypilot
test-ubuntu (3.14)	Set up Docker Compose	2026-05-19T19:34:03.2062197Z #26 3.084  Downloaded pulp
test-ubuntu (3.14)	Set up Docker Compose	2026-05-19T19:34:03.4082786Z #26 3.286  Downloaded numpy
test-ubuntu (3.14)	Set up Docker Compose	2026-05-19T19:34:03.5651906Z #26 3.384  Downloaded temporalio
test-ubuntu (3.14)	Set up Docker Compose	2026-05-19T19:34:03.5652415Z #26 3.443  Downloaded pandas
test-ubuntu (3.14)	Set up Docker Compose	2026-05-19T19:34:03.7373447Z #26 3.464  Downloaded pyarrow
test-ubuntu (3.14)	Set up Docker Compose	2026-05-19T19:34:03.7373976Z #26 3.464 Prepared 124 packages in 2.05s
test-ubuntu (3.14)	Set up Docker Compose	2026-05-19T19:34:03.7728962Z #26 3.650 Installed 124 packages in 185ms
test-ubuntu (3.14)	Set up Docker Compose	2026-05-19T19:34:03.9298760Z #26 3.650  + aiofiles==25.1.0
test-ubuntu (3.14)	Set up Docker Compose	2026-05-19T19:34:03.9299308Z #26 3.651  + aiohappyeyeballs==2.6.1
test-ubuntu (3.14)	Set up Docker Compose	2026-05-19T19:34:03.9299736Z #26 3.651  + aiohttp==3.13.5
test-ubuntu (3.14)	Set up Docker Compose	2026-05-19T19:34:03.9300088Z #26 3.651  + aiosignal==1.4.0
test-ubuntu (3.14)	Set up Docker Compose	2026-05-19T19:34:03.9300445Z #26 3.651  + aiosqlite==0.22.1
test-ubuntu (3.14)	Set up Docker Compose	2026-05-19T19:34:03.9300786Z #26 3.651  + alembic==1.18.4
test-ubuntu (3.14)	Set up Docker Compose	2026-05-19T19:34:03.9301134Z #26 3.651  + annotated-doc==0.0.4
test-ubuntu (3.14)	Set up Docker Compose	2026-05-19T19:34:03.9301518Z #26 3.651  + annotated-types==0.7.0
test-ubuntu (3.14)	Set up Docker Compose	2026-05-19T19:34:03.9301904Z #26 3.651  + anyio==4.13.0
test-ubuntu (3.14)	Set up Docker Compose	2026-05-19T19:34:03.9302272Z #26 3.651  + asyncpg==0.31.0
test-ubuntu (3.14)	Set up Docker Compose	2026-05-19T19:34:03.9302612Z #26 3.651  + attrs==26.1.0
test-ubuntu (3.14)	Set up Docker Compose	2026-05-19T19:34:03.9302929Z #26 3.651  + bcrypt==4.0.1
test-ubuntu (3.14)	Set up Docker Compose	2026-05-19T19:34:03.9303252Z #26 3.651  + bracex==2.6
test-ubuntu (3.14)	Set up Docker Compose	2026-05-19T19:34:03.9303569Z #26 3.651  + cachetools==7.1.3
test-ubuntu (3.14)	Set up Docker Compose	2026-05-19T19:34:03.9303921Z #26 3.651  + canonicaljson==2.0.0
test-ubuntu (3.14)	Set up Docker Compose	2026-05-19T19:34:03.9304281Z #26 3.651  + casbin==1.43.0
test-ubuntu (3.14)	Set up Docker Compose	2026-05-19T19:34:03.9304611Z #26 3.651  + certifi==2026.4.22
test-ubuntu (3.14)	Set up Docker Compose	2026-05-19T19:34:03.9304953Z #26 3.651  + cffi==2.0.0
test-ubuntu (3.14)	Set up Docker Compose	2026-05-19T19:34:03.9305290Z #26 3.651  + charset-normalizer==3.4.7
test-ubuntu (3.14)	Set up Docker Compose	2026-05-19T19:34:03.9305674Z #26 3.651  + click==8.1.8
test-ubuntu (3.14)	Set up Docker Compose	2026-05-19T19:34:03.9306001Z #26 3.651  + colorama==0.4.6
test-ubuntu (3.14)	Set up Docker Compose	2026-05-19T19:34:03.9307249Z #26 3.652  + coreason-ecosystem==0.45.2.dev2+g22bab08de.d20260519 (from file:///wheels/coreason_ecosystem-0.45.2.dev2+g22bab08de.d20260519-py3-none-any.whl)
test-ubuntu (3.14)	Set up Docker Compose	2026-05-19T19:34:03.9308584Z #26 3.652  + coreason-manifest==0.84.1 (from file:///wheels/coreason_manifest-0.84.1-py3-none-any.whl)
test-ubuntu (3.14)	Set up Docker Compose	2026-05-19T19:34:03.9309662Z #26 3.652  + cryptography==48.0.0
test-ubuntu (3.14)	Set up Docker Compose	2026-05-19T19:34:03.9310031Z #26 3.652  + fastapi==0.136.1
test-ubuntu (3.14)	Set up Docker Compose	2026-05-19T19:34:03.9310371Z #26 3.652  + filelock==3.29.0
test-ubuntu (3.14)	Set up Docker Compose	2026-05-19T19:34:03.9310717Z #26 3.652  + frozenlist==1.8.0
test-ubuntu (3.14)	Set up Docker Compose	2026-05-19T19:34:03.9311054Z #26 3.652  + gitdb==4.0.12
test-ubuntu (3.14)	Set up Docker Compose	2026-05-19T19:34:03.9311375Z #26 3.652  + gitpython==3.1.50
test-ubuntu (3.14)	Set up Docker Compose	2026-05-19T19:34:03.9311766Z #26 3.652  + googleapis-common-protos==1.75.0
test-ubuntu (3.14)	Set up Docker Compose	2026-05-19T19:34:03.9312195Z #26 3.652  + greenlet==3.5.0
test-ubuntu (3.14)	Set up Docker Compose	2026-05-19T19:34:03.9312526Z #26 3.652  + h11==0.16.0
test-ubuntu (3.14)	Set up Docker Compose	2026-05-19T19:34:03.9312832Z #26 3.652  + httpcore==1.0.9
test-ubuntu (3.14)	Set up Docker Compose	2026-05-19T19:34:03.9313159Z #26 3.652  + httptools==0.7.1
test-ubuntu (3.14)	Set up Docker Compose	2026-05-19T19:34:03.9313493Z #26 3.652  + httpx==0.28.1
test-ubuntu (3.14)	Set up Docker Compose	2026-05-19T19:34:03.9313816Z #26 3.652  + httpx-sse==0.4.3
test-ubuntu (3.14)	Set up Docker Compose	2026-05-19T19:34:03.9314144Z #26 3.652  + hvac==2.4.0
test-ubuntu (3.14)	Set up Docker Compose	2026-05-19T19:34:03.9314451Z #26 3.652  + idna==3.15
test-ubuntu (3.14)	Set up Docker Compose	2026-05-19T19:34:03.9314758Z #26 3.652  + ijson==3.5.0
test-ubuntu (3.14)	Set up Docker Compose	2026-05-19T19:34:03.9315074Z #26 3.652  + invoke==3.0.3
test-ubuntu (3.14)	Set up Docker Compose	2026-05-19T19:34:03.9315390Z #26 3.652  + jinja2==3.1.6
test-ubuntu (3.14)	Set up Docker Compose	2026-05-19T19:34:03.9315709Z #26 3.652  + jsonpatch==1.33
test-ubuntu (3.14)	Set up Docker Compose	2026-05-19T19:34:03.9316220Z #26 3.652  + jsonpointer==3.1.1
test-ubuntu (3.14)	Set up Docker Compose	2026-05-19T19:34:03.9316569Z #26 3.652  + jsonschema==4.26.0
test-ubuntu (3.14)	Set up Docker Compose	2026-05-19T19:34:03.9317169Z #26 3.652  + jsonschema-specifications==2025.9.1
test-ubuntu (3.14)	Set up Docker Compose	2026-05-19T19:34:03.9317630Z #26 3.653  + loguru==0.7.3
test-ubuntu (3.14)	Set up Docker Compose	2026-05-19T19:34:03.9317939Z #26 3.653  + mako==1.3.12
test-ubuntu (3.14)	Set up Docker Compose	2026-05-19T19:34:03.9318261Z #26 3.653  + markdown-it-py==4.2.0
test-ubuntu (3.14)	Set up Docker Compose	2026-05-19T19:34:03.9318624Z #26 3.653  + markupsafe==3.0.3
test-ubuntu (3.14)	Set up Docker Compose	2026-05-19T19:34:03.9318958Z #26 3.653  + mcp==1.27.1
test-ubuntu (3.14)	Set up Docker Compose	2026-05-19T19:34:03.9319261Z #26 3.653  + mdurl==0.1.2
test-ubuntu (3.14)	Set up Docker Compose	2026-05-19T19:34:03.9319568Z #26 3.653  + msgspec==0.21.1
test-ubuntu (3.14)	Set up Docker Compose	2026-05-19T19:34:03.9319890Z #26 3.653  + multidict==6.7.1
test-ubuntu (3.14)	Set up Docker Compose	2026-05-19T19:34:03.9320211Z #26 3.653  + nats-py==2.14.0
test-ubuntu (3.14)	Set up Docker Compose	2026-05-19T19:34:03.9320531Z #26 3.653  + networkx==3.6.1
test-ubuntu (3.14)	Set up Docker Compose	2026-05-19T19:34:03.9320853Z #26 3.653  + nexus-rpc==1.4.0
test-ubuntu (3.14)	Set up Docker Compose	2026-05-19T19:34:03.9321176Z #26 3.653  + numpy==2.4.6
test-ubuntu (3.14)	Set up Docker Compose	2026-05-19T19:34:03.9321501Z #26 3.653  + opentelemetry-api==1.42.0
test-ubuntu (3.14)	Set up Docker Compose	2026-05-19T19:34:03.9322003Z #26 3.653  + opentelemetry-exporter-otlp-proto-common==1.42.0
test-ubuntu (3.14)	Set up Docker Compose	2026-05-19T19:34:03.9322682Z #26 3.653  + opentelemetry-exporter-otlp-proto-http==1.42.0
test-ubuntu (3.14)	Set up Docker Compose	2026-05-19T19:34:03.9323203Z #26 3.653  + opentelemetry-proto==1.42.0
test-ubuntu (3.14)	Set up Docker Compose	2026-05-19T19:34:03.9323607Z #26 3.653  + opentelemetry-sdk==1.42.0
test-ubuntu (3.14)	Set up Docker Compose	2026-05-19T19:34:03.9324074Z #26 3.653  + opentelemetry-semantic-conventions==0.63b0
test-ubuntu (3.14)	Set up Docker Compose	2026-05-19T19:34:03.9324541Z #26 3.654  + orjson==3.11.9
test-ubuntu (3.14)	Set up Docker Compose	2026-05-19T19:34:03.9324870Z #26 3.654  + packaging==26.2
test-ubuntu (3.14)	Set up Docker Compose	2026-05-19T19:34:03.9325204Z #26 3.654  + pandas==3.0.3
test-ubuntu (3.14)	Set up Docker Compose	2026-05-19T19:34:03.9325527Z #26 3.654  + paramiko==5.0.0
test-ubuntu (3.14)	Set up Docker Compose	2026-05-19T19:34:03.9325855Z #26 3.654  + passlib==1.7.4
test-ubuntu (3.14)	Set up Docker Compose	2026-05-19T19:34:03.9326353Z #26 3.654  + pendulum==3.2.0
test-ubuntu (3.14)	Set up Docker Compose	2026-05-19T19:34:03.9326678Z #26 3.654  + pip==26.1.1
test-ubuntu (3.14)	Set up Docker Compose	2026-05-19T19:34:03.9327002Z #26 3.654  + prettytable==3.17.0
test-ubuntu (3.14)	Set up Docker Compose	2026-05-19T19:34:03.9327382Z #26 3.654  + prometheus-client==0.25.0
test-ubuntu (3.14)	Set up Docker Compose	2026-05-19T19:34:03.9327755Z #26 3.654  + propcache==0.5.2
test-ubuntu (3.14)	Set up Docker Compose	2026-05-19T19:34:03.9328089Z #26 3.654  + protobuf==6.33.6
test-ubuntu (3.14)	Set up Docker Compose	2026-05-19T19:34:03.9328427Z #26 3.654  + psutil==7.2.2
test-ubuntu (3.14)	Set up Docker Compose	2026-05-19T19:34:03.9328760Z #26 3.654  + psycopg2-binary==2.9.12
test-ubuntu (3.14)	Set up Docker Compose	2026-05-19T19:34:03.9329134Z #26 3.654  + pulp==3.3.1
test-ubuntu (3.14)	Set up Docker Compose	2026-05-19T19:34:03.9329454Z #26 3.654  + pyarrow==24.0.0
test-ubuntu (3.14)	Set up Docker Compose	2026-05-19T19:34:03.9329783Z #26 3.654  + pycasbin==2.8.0
test-ubuntu (3.14)	Set up Docker Compose	2026-05-19T19:34:03.9330116Z #26 3.654  + pycparser==3.0
test-ubuntu (3.14)	Set up Docker Compose	2026-05-19T19:34:03.9330442Z #26 3.655  + pycrdt==0.13.0
test-ubuntu (3.14)	Set up Docker Compose	2026-05-19T19:34:03.9330768Z #26 3.655  + pydantic==2.13.4
test-ubuntu (3.14)	Set up Docker Compose	2026-05-19T19:34:03.9331114Z #26 3.655  + pydantic-core==2.46.4
test-ubuntu (3.14)	Set up Docker Compose	2026-05-19T19:34:03.9331494Z #26 3.655  + pydantic-settings==2.14.1
test-ubuntu (3.14)	Set up Docker Compose	2026-05-19T19:34:03.9331870Z #26 3.655  + pygments==2.20.0
test-ubuntu (3.14)	Set up Docker Compose	2026-05-19T19:34:03.9332203Z #26 3.655  + pyjwt==2.12.1
test-ubuntu (3.14)	Set up Docker Compose	2026-05-19T19:34:03.9332517Z #26 3.655  + pynacl==1.6.2
test-ubuntu (3.14)	Set up Docker Compose	2026-05-19T19:34:03.9332869Z #26 3.655  + python-dateutil==2.9.0.post0
test-ubuntu (3.14)	Set up Docker Compose	2026-05-19T19:34:03.9333276Z #26 3.655  + python-dotenv==1.2.2
test-ubuntu (3.14)	Set up Docker Compose	2026-05-19T19:34:03.9333658Z #26 3.655  + python-multipart==0.0.29
test-ubuntu (3.14)	Set up Docker Compose	2026-05-19T19:34:03.9334036Z #26 3.655  + pyyaml==6.0.3
test-ubuntu (3.14)	Set up Docker Compose	2026-05-19T19:34:03.9334567Z #26 3.655  + referencing==0.37.0
test-ubuntu (3.14)	Set up Docker Compose	2026-05-19T19:34:03.9334915Z #26 3.655  + requests==2.34.2
test-ubuntu (3.14)	Set up Docker Compose	2026-05-19T19:34:03.9335243Z #26 3.655  + rich==15.0.0
test-ubuntu (3.14)	Set up Docker Compose	2026-05-19T19:34:03.9335565Z #26 3.655  + rpds-py==0.30.0
test-ubuntu (3.14)	Set up Docker Compose	2026-05-19T19:34:03.9335899Z #26 3.655  + setproctitle==1.3.7
test-ubuntu (3.14)	Set up Docker Compose	2026-05-19T19:34:03.9336428Z #26 3.655  + setuptools==82.0.1
test-ubuntu (3.14)	Set up Docker Compose	2026-05-19T19:34:03.9336775Z #26 3.655  + shellingham==1.5.4
test-ubuntu (3.14)	Set up Docker Compose	2026-05-19T19:34:03.9337123Z #26 3.655  + simpleeval==1.0.7
test-ubuntu (3.14)	Set up Docker Compose	2026-05-19T19:34:03.9337463Z #26 3.655  + six==1.17.0
test-ubuntu (3.14)	Set up Docker Compose	2026-05-19T19:34:03.9337768Z #26 3.655  + skypilot==0.12.2
test-ubuntu (3.14)	Set up Docker Compose	2026-05-19T19:34:03.9338098Z #26 3.655  + smmap==5.0.3
test-ubuntu (3.14)	Set up Docker Compose	2026-05-19T19:34:03.9338416Z #26 3.655  + sqlalchemy==2.0.49
test-ubuntu (3.14)	Set up Docker Compose	2026-05-19T19:34:03.9338773Z #26 3.655  + sqlalchemy-adapter==1.9.0
test-ubuntu (3.14)	Set up Docker Compose	2026-05-19T19:34:03.9339166Z #26 3.655  + sse-starlette==3.4.4
test-ubuntu (3.14)	Set up Docker Compose	2026-05-19T19:34:03.9339524Z #26 3.655  + starlette==1.0.0
test-ubuntu (3.14)	Set up Docker Compose	2026-05-19T19:34:03.9339852Z #26 3.655  + tabulate==0.10.0
test-ubuntu (3.14)	Set up Docker Compose	2026-05-19T19:34:03.9340187Z #26 3.655  + temporalio==1.27.2
test-ubuntu (3.14)	Set up Docker Compose	2026-05-19T19:34:03.9340529Z #26 3.656  + tqdm==4.67.3
test-ubuntu (3.14)	Set up Docker Compose	2026-05-19T19:34:03.9340836Z #26 3.656  + typer==0.23.1
test-ubuntu (3.14)	Set up Docker Compose	2026-05-19T19:34:03.9341175Z #26 3.656  + types-paramiko==4.0.0.20260518
test-ubuntu (3.14)	Set up Docker Compose	2026-05-19T19:34:03.9341807Z #26 3.656  + types-protobuf==6.32.1.20260221
test-ubuntu (3.14)	Set up Docker Compose	2026-05-19T19:34:03.9342222Z #26 3.656  + typing-extensions==4.15.0
test-ubuntu (3.14)	Set up Docker Compose	2026-05-19T19:34:03.9342616Z #26 3.656  + typing-inspection==0.4.2
test-ubuntu (3.14)	Set up Docker Compose	2026-05-19T19:34:03.9342985Z #26 3.656  + tzdata==2026.2
test-ubuntu (3.14)	Set up Docker Compose	2026-05-19T19:34:03.9343305Z #26 3.656  + urllib3==2.7.0
test-ubuntu (3.14)	Set up Docker Compose	2026-05-19T19:34:03.9343629Z #26 3.656  + uvicorn==0.35.0
test-ubuntu (3.14)	Set up Docker Compose	2026-05-19T19:34:03.9343957Z #26 3.656  + uvloop==0.22.1
test-ubuntu (3.14)	Set up Docker Compose	2026-05-19T19:34:03.9344279Z #26 3.656  + watchfiles==1.2.0
test-ubuntu (3.14)	Set up Docker Compose	2026-05-19T19:34:03.9344605Z #26 3.656  + wcmatch==10.1
test-ubuntu (3.14)	Set up Docker Compose	2026-05-19T19:34:03.9344924Z #26 3.656  + wcwidth==0.7.0
test-ubuntu (3.14)	Set up Docker Compose	2026-05-19T19:34:03.9345248Z #26 3.656  + websockets==16.0
test-ubuntu (3.14)	Set up Docker Compose	2026-05-19T19:34:03.9345576Z #26 3.656  + wheel==0.47.0
test-ubuntu (3.14)	Set up Docker Compose	2026-05-19T19:34:03.9345885Z #26 3.656  + yarl==1.23.0
test-ubuntu (3.14)	Set up Docker Compose	2026-05-19T19:34:05.1580481Z #26 DONE 5.0s
test-ubuntu (3.14)	Set up Docker Compose	2026-05-19T19:34:05.3094495Z 
test-ubuntu (3.14)	Set up Docker Compose	2026-05-19T19:34:05.3095067Z #27 exporting to image
test-ubuntu (3.14)	Set up Docker Compose	2026-05-19T19:34:05.3095489Z #27 exporting layers
test-ubuntu (3.14)	Set up Docker Compose	2026-05-19T19:34:08.0884531Z #27 exporting layers 2.9s done
test-ubuntu (3.14)	Set up Docker Compose	2026-05-19T19:34:08.1133351Z #27 writing image sha256:8cf2cc7bc2fc009da2059e89b8ed224c843a04c6a00587bba35bcde26777ace8 done
test-ubuntu (3.14)	Set up Docker Compose	2026-05-19T19:34:08.1134243Z  coreason-master-gateway  Built
test-ubuntu (3.14)	Set up Docker Compose	2026-05-19T19:34:08.1134795Z #27 naming to ghcr.io/coreason-ai/coreason-ecosystem:0.32.0 done
test-ubuntu (3.14)	Set up Docker Compose	2026-05-19T19:34:08.1135321Z #27 DONE 2.9s
test-ubuntu (3.14)	Set up Docker Compose	2026-05-19T19:34:08.1135477Z 
test-ubuntu (3.14)	Set up Docker Compose	2026-05-19T19:34:08.1135660Z #28 resolving provenance for metadata file
test-ubuntu (3.14)	Set up Docker Compose	2026-05-19T19:34:08.1136228Z #28 DONE 0.0s
test-ubuntu (3.14)	Set up Docker Compose	2026-05-19T19:34:08.1147662Z  Network local_sensory-gateway  Creating
test-ubuntu (3.14)	Set up Docker Compose	2026-05-19T19:34:08.1655726Z  Network local_sensory-gateway  Created
test-ubuntu (3.14)	Set up Docker Compose	2026-05-19T19:34:08.1663724Z  Network local_swarm-mesh  Creating
test-ubuntu (3.14)	Set up Docker Compose	2026-05-19T19:34:08.1863805Z  Network local_swarm-mesh  Created
test-ubuntu (3.14)	Set up Docker Compose	2026-05-19T19:34:08.1873118Z  Volume "local_neo4j_data"  Creating
test-ubuntu (3.14)	Set up Docker Compose	2026-05-19T19:34:08.1886606Z  Volume "local_neo4j_data"  Created
test-ubuntu (3.14)	Set up Docker Compose	2026-05-19T19:34:08.1890490Z  Volume "local_milvus_data"  Creating
test-ubuntu (3.14)	Set up Docker Compose	2026-05-19T19:34:08.1897283Z  Volume "local_milvus_data"  Created
test-ubuntu (3.14)	Set up Docker Compose	2026-05-19T19:34:08.1900676Z  Volume "local_pg_data"  Creating
test-ubuntu (3.14)	Set up Docker Compose	2026-05-19T19:34:08.1907684Z  Volume "local_pg_data"  Created
test-ubuntu (3.14)	Set up Docker Compose	2026-05-19T19:34:08.1914636Z  Container local-postgres-1  Creating
test-ubuntu (3.14)	Set up Docker Compose	2026-05-19T19:34:08.1915589Z  Container local-redpanda-connect-1  Creating
test-ubuntu (3.14)	Set up Docker Compose	2026-05-19T19:34:08.1916484Z  Container local-coreason-runtime-1  Creating
test-ubuntu (3.14)	Set up Docker Compose	2026-05-19T19:34:08.1916950Z  Container local-otel-collector-1  Creating
test-ubuntu (3.14)	Set up Docker Compose	2026-05-19T19:34:08.1917389Z  Container local-milvus-1  Creating
test-ubuntu (3.14)	Set up Docker Compose	2026-05-19T19:34:08.1917797Z  Container local-dex-1  Creating
test-ubuntu (3.14)	Set up Docker Compose	2026-05-19T19:34:08.1918193Z  Container local-grafana-1  Creating
test-ubuntu (3.14)	Set up Docker Compose	2026-05-19T19:34:08.1918621Z  Container local-neo4j-1  Creating
test-ubuntu (3.14)	Set up Docker Compose	2026-05-19T19:34:08.1919005Z  Container local-vault-1  Creating
test-ubuntu (3.14)	Set up Docker Compose	2026-05-19T19:34:08.1919427Z  Container local-prometheus-1  Creating
test-ubuntu (3.14)	Set up Docker Compose	2026-05-19T19:34:08.2299604Z  Container local-otel-collector-1  Created
test-ubuntu (3.14)	Set up Docker Compose	2026-05-19T19:34:08.2301018Z  Container local-prometheus-1  Created
test-ubuntu (3.14)	Set up Docker Compose	2026-05-19T19:34:08.2310366Z  Container local-postgres-1  Created
test-ubuntu (3.14)	Set up Docker Compose	2026-05-19T19:34:08.2311205Z  Container local-temporal-1  Creating
test-ubuntu (3.14)	Set up Docker Compose	2026-05-19T19:34:08.2312215Z  Container local-milvus-1  Created
test-ubuntu (3.14)	Set up Docker Compose	2026-05-19T19:34:08.2440499Z  Container local-redpanda-connect-1  Created
test-ubuntu (3.14)	Set up Docker Compose	2026-05-19T19:34:08.2474063Z  Container local-dex-1  Created
test-ubuntu (3.14)	Set up Docker Compose	2026-05-19T19:34:08.2478786Z  Container local-coreason-runtime-1  Created
test-ubuntu (3.14)	Set up Docker Compose	2026-05-19T19:34:08.2481051Z  Container local-grafana-1  Created
test-ubuntu (3.14)	Set up Docker Compose	2026-05-19T19:34:08.2490373Z  Container local-neo4j-1  Created
test-ubuntu (3.14)	Set up Docker Compose	2026-05-19T19:34:08.2492455Z  Container local-vault-1  Created
test-ubuntu (3.14)	Set up Docker Compose	2026-05-19T19:34:08.2493500Z  Container local-coreason-master-gateway-1  Creating
test-ubuntu (3.14)	Set up Docker Compose	2026-05-19T19:34:08.2535749Z  Container local-temporal-1  Created
test-ubuntu (3.14)	Set up Docker Compose	2026-05-19T19:34:08.2536778Z  Container local-coreason-worker-1  Creating
test-ubuntu (3.14)	Set up Docker Compose	2026-05-19T19:34:08.2611566Z  Container local-coreason-master-gateway-1  Created
test-ubuntu (3.14)	Set up Docker Compose	2026-05-19T19:34:08.2612248Z  Container local-envoy-1  Creating
test-ubuntu (3.14)	Set up Docker Compose	2026-05-19T19:34:08.2658484Z  Container local-coreason-worker-1  Created
test-ubuntu (3.14)	Set up Docker Compose	2026-05-19T19:34:08.2716340Z  Container local-envoy-1  Created
test-ubuntu (3.14)	Set up Docker Compose	2026-05-19T19:34:08.2741501Z  Container local-dex-1  Starting
test-ubuntu (3.14)	Set up Docker Compose	2026-05-19T19:34:08.2746543Z  Container local-postgres-1  Starting
test-ubuntu (3.14)	Set up Docker Compose	2026-05-19T19:34:08.2748300Z  Container local-otel-collector-1  Starting
test-ubuntu (3.14)	Set up Docker Compose	2026-05-19T19:34:08.2749136Z  Container local-grafana-1  Starting
test-ubuntu (3.14)	Set up Docker Compose	2026-05-19T19:34:08.2751235Z  Container local-vault-1  Starting
test-ubuntu (3.14)	Set up Docker Compose	2026-05-19T19:34:08.2752755Z  Container local-redpanda-connect-1  Starting
test-ubuntu (3.14)	Set up Docker Compose	2026-05-19T19:34:08.2754276Z  Container local-neo4j-1  Starting
test-ubuntu (3.14)	Set up Docker Compose	2026-05-19T19:34:08.2754929Z  Container local-coreason-runtime-1  Starting
test-ubuntu (3.14)	Set up Docker Compose	2026-05-19T19:34:08.2756530Z  Container local-prometheus-1  Starting
test-ubuntu (3.14)	Set up Docker Compose	2026-05-19T19:34:08.2758160Z  Container local-milvus-1  Starting
test-ubuntu (3.14)	Set up Docker Compose	2026-05-19T19:34:08.6292698Z  Container local-otel-collector-1  Started
test-ubuntu (3.14)	Set up Docker Compose	2026-05-19T19:34:08.7045109Z  Container local-prometheus-1  Started
test-ubuntu (3.14)	Set up Docker Compose	2026-05-19T19:34:08.7652312Z  Container local-neo4j-1  Started
test-ubuntu (3.14)	Set up Docker Compose	2026-05-19T19:34:08.7786462Z  Container local-postgres-1  Started
test-ubuntu (3.14)	Set up Docker Compose	2026-05-19T19:34:08.7788788Z  Container local-postgres-1  Waiting
test-ubuntu (3.14)	Set up Docker Compose	2026-05-19T19:34:08.9048544Z  Container local-grafana-1  Started
test-ubuntu (3.14)	Set up Docker Compose	2026-05-19T19:34:09.0135584Z  Container local-milvus-1  Started
test-ubuntu (3.14)	Set up Docker Compose	2026-05-19T19:34:09.2531773Z  Container local-redpanda-connect-1  Started
test-ubuntu (3.14)	Set up Docker Compose	2026-05-19T19:34:09.2533353Z  Container local-vault-1  Started
test-ubuntu (3.14)	Set up Docker Compose	2026-05-19T19:34:09.3477136Z  Container local-dex-1  Started
test-ubuntu (3.14)	Set up Docker Compose	2026-05-19T19:34:09.3629313Z  Container local-coreason-runtime-1  Started
test-ubuntu (3.14)	Set up Docker Compose	2026-05-19T19:34:09.3630984Z  Container local-milvus-1  Waiting
test-ubuntu (3.14)	Set up Docker Compose	2026-05-19T19:34:09.3633253Z  Container local-vault-1  Waiting
test-ubuntu (3.14)	Set up Docker Compose	2026-05-19T19:34:09.3634052Z  Container local-coreason-runtime-1  Waiting
test-ubuntu (3.14)	Set up Docker Compose	2026-05-19T19:34:09.3634563Z  Container local-neo4j-1  Waiting
test-ubuntu (3.14)	Set up Docker Compose	2026-05-19T19:34:19.2816849Z  Container local-postgres-1  Healthy
test-ubuntu (3.14)	Set up Docker Compose	2026-05-19T19:34:19.2818242Z  Container local-temporal-1  Starting
test-ubuntu (3.14)	Set up Docker Compose	2026-05-19T19:34:19.3658347Z  Container local-milvus-1  Healthy
test-ubuntu (3.14)	Set up Docker Compose	2026-05-19T19:34:19.5918014Z  Container local-temporal-1  Started
test-ubuntu (3.14)	Set up Docker Compose	2026-05-19T19:34:19.5918966Z  Container local-temporal-1  Waiting
test-ubuntu (3.14)	Set up Docker Compose	2026-05-19T19:34:19.8674603Z  Container local-vault-1  Healthy
test-ubuntu (3.14)	Set up Docker Compose	2026-05-19T19:34:30.0934493Z  Container local-temporal-1  Healthy
test-ubuntu (3.14)	Set up Docker Compose	2026-05-19T19:34:30.0935136Z  Container local-coreason-worker-1  Starting
test-ubuntu (3.14)	Set up Docker Compose	2026-05-19T19:34:30.2252500Z  Container local-coreason-worker-1  Started
test-ubuntu (3.14)	Set up Docker Compose	2026-05-19T19:34:30.8646714Z  Container local-coreason-runtime-1  Healthy
test-ubuntu (3.14)	Set up Docker Compose	2026-05-19T19:34:36.8647241Z  Container local-neo4j-1  Healthy
test-ubuntu (3.14)	Set up Docker Compose	2026-05-19T19:34:36.8647924Z  Container local-coreason-master-gateway-1  Starting
test-ubuntu (3.14)	Set up Docker Compose	2026-05-19T19:34:37.0420024Z  Container local-coreason-master-gateway-1  Started
test-ubuntu (3.14)	Set up Docker Compose	2026-05-19T19:34:37.0420890Z  Container local-coreason-master-gateway-1  Waiting
test-ubuntu (3.14)	Set up Docker Compose	2026-05-19T19:34:47.5444173Z  Container local-coreason-master-gateway-1  Healthy
test-ubuntu (3.14)	Set up Docker Compose	2026-05-19T19:34:47.5445422Z  Container local-envoy-1  Starting
test-ubuntu (3.14)	Set up Docker Compose	2026-05-19T19:34:47.8272973Z  Container local-envoy-1  Started
test-ubuntu (3.14)	Install Temporal CLI	∩╗┐2026-05-19T19:34:47.8577735Z ##[group]Run temporalio/setup-temporal@1059a504f87e7fa2f385e3fa40d1aa7e62f1c6ca
test-ubuntu (3.14)	Install Temporal CLI	2026-05-19T19:34:47.8578800Z with:
test-ubuntu (3.14)	Install Temporal CLI	2026-05-19T19:34:47.8579101Z   version: latest
test-ubuntu (3.14)	Install Temporal CLI	2026-05-19T19:34:47.8579433Z env:
test-ubuntu (3.14)	Install Temporal CLI	2026-05-19T19:34:47.8579745Z   FORCE_JAVASCRIPT_ACTIONS_TO_NODE24: true
test-ubuntu (3.14)	Install Temporal CLI	2026-05-19T19:34:47.8599047Z   TEMPORAL_CI_NAMESPACE: coreason-ci-26120302019-1
test-ubuntu (3.14)	Install Temporal CLI	2026-05-19T19:34:47.8599649Z   ORJSON_BUILD_FREETHREADED: 1
test-ubuntu (3.14)	Install Temporal CLI	2026-05-19T19:34:47.8600051Z   MANIFEST_VERSION: v0.84.1
test-ubuntu (3.14)	Install Temporal CLI	2026-05-19T19:34:47.8600552Z   UV_PYTHON_INSTALL_DIR: /home/runner/work/_temp/uv-python-dir
test-ubuntu (3.14)	Install Temporal CLI	2026-05-19T19:34:47.8601090Z   UV_PYTHON: 3.14
test-ubuntu (3.14)	Install Temporal CLI	2026-05-19T19:34:47.8601489Z   UV_CACHE_DIR: /home/runner/work/_temp/setup-uv-cache
test-ubuntu (3.14)	Install Temporal CLI	2026-05-19T19:34:47.8601969Z ##[endgroup]
test-ubuntu (3.14)	Install Temporal CLI	2026-05-19T19:34:52.1777256Z [command]/usr/bin/tar xz --warning=no-unknown-keyword --overwrite -C /home/runner/work/_temp/c658d234-884d-4caf-a95f-a32177bad4e4 -f /home/runner/work/_temp/7c955644-21a9-43bb-9cbf-b851f39c014d
test-ubuntu (3.14)	Create Ephemeral Temporal Namespace	∩╗┐2026-05-19T19:34:56.2372715Z ##[group]Run temporal operator namespace create -n $TEMPORAL_CI_NAMESPACE --address 127.0.0.1:7233 --retention 24h
test-ubuntu (3.14)	Create Ephemeral Temporal Namespace	2026-05-19T19:34:56.2374028Z [36;1mtemporal operator namespace create -n $TEMPORAL_CI_NAMESPACE --address 127.0.0.1:7233 --retention 24h[0m
test-ubuntu (3.14)	Create Ephemeral Temporal Namespace	2026-05-19T19:34:56.2440449Z shell: /usr/bin/bash --noprofile --norc -e -o pipefail {0}
test-ubuntu (3.14)	Create Ephemeral Temporal Namespace	2026-05-19T19:34:56.2440988Z env:
test-ubuntu (3.14)	Create Ephemeral Temporal Namespace	2026-05-19T19:34:56.2441320Z   FORCE_JAVASCRIPT_ACTIONS_TO_NODE24: true
test-ubuntu (3.14)	Create Ephemeral Temporal Namespace	2026-05-19T19:34:56.2441838Z   TEMPORAL_CI_NAMESPACE: coreason-ci-26120302019-1
test-ubuntu (3.14)	Create Ephemeral Temporal Namespace	2026-05-19T19:34:56.2442342Z   ORJSON_BUILD_FREETHREADED: 1
test-ubuntu (3.14)	Create Ephemeral Temporal Namespace	2026-05-19T19:34:56.2442723Z   MANIFEST_VERSION: v0.84.1
test-ubuntu (3.14)	Create Ephemeral Temporal Namespace	2026-05-19T19:34:56.2443210Z   UV_PYTHON_INSTALL_DIR: /home/runner/work/_temp/uv-python-dir
test-ubuntu (3.14)	Create Ephemeral Temporal Namespace	2026-05-19T19:34:56.2443733Z   UV_PYTHON: 3.14
test-ubuntu (3.14)	Create Ephemeral Temporal Namespace	2026-05-19T19:34:56.2444108Z   UV_CACHE_DIR: /home/runner/work/_temp/setup-uv-cache
test-ubuntu (3.14)	Create Ephemeral Temporal Namespace	2026-05-19T19:34:56.2444557Z ##[endgroup]
test-ubuntu (3.14)	Create Ephemeral Temporal Namespace	2026-05-19T19:34:56.3037888Z Namespace coreason-ci-26120302019-1 successfully registered.
test-ubuntu (3.14)	Install dependencies	∩╗┐2026-05-19T19:34:56.3139204Z ##[group]Run uv sync --all-extras --dev --frozen
test-ubuntu (3.14)	Install dependencies	2026-05-19T19:34:56.3139854Z [36;1muv sync --all-extras --dev --frozen[0m
test-ubuntu (3.14)	Install dependencies	2026-05-19T19:34:56.3190061Z shell: /usr/bin/bash --noprofile --norc -e -o pipefail {0}
test-ubuntu (3.14)	Install dependencies	2026-05-19T19:34:56.3190603Z env:
test-ubuntu (3.14)	Install dependencies	2026-05-19T19:34:56.3190921Z   FORCE_JAVASCRIPT_ACTIONS_TO_NODE24: true
test-ubuntu (3.14)	Install dependencies	2026-05-19T19:34:56.3191428Z   TEMPORAL_CI_NAMESPACE: coreason-ci-26120302019-1
test-ubuntu (3.14)	Install dependencies	2026-05-19T19:34:56.3191906Z   ORJSON_BUILD_FREETHREADED: 1
test-ubuntu (3.14)	Install dependencies	2026-05-19T19:34:56.3192288Z   MANIFEST_VERSION: v0.84.1
test-ubuntu (3.14)	Install dependencies	2026-05-19T19:34:56.3192757Z   UV_PYTHON_INSTALL_DIR: /home/runner/work/_temp/uv-python-dir
test-ubuntu (3.14)	Install dependencies	2026-05-19T19:34:56.3193269Z   UV_PYTHON: 3.14
test-ubuntu (3.14)	Install dependencies	2026-05-19T19:34:56.3193649Z   UV_CACHE_DIR: /home/runner/work/_temp/setup-uv-cache
test-ubuntu (3.14)	Install dependencies	2026-05-19T19:34:56.3194109Z ##[endgroup]
test-ubuntu (3.14)	Install dependencies	2026-05-19T19:34:56.5530852Z Downloading cpython-3.14.5-linux-x86_64-gnu (download) (34.3MiB)
test-ubuntu (3.14)	Install dependencies	2026-05-19T19:34:58.0828950Z  Downloaded cpython-3.14.5-linux-x86_64-gnu (download)
test-ubuntu (3.14)	Install dependencies	2026-05-19T19:34:58.3822266Z Using CPython 3.14.5
test-ubuntu (3.14)	Install dependencies	2026-05-19T19:34:58.3823552Z Creating virtual environment at: .venv
test-ubuntu (3.14)	Install dependencies	2026-05-19T19:34:58.4338585Z    Building coreason-manifest @ file:///home/runner/work/coreason-ecosystem/coreason-manifest
test-ubuntu (3.14)	Install dependencies	2026-05-19T19:34:58.4381286Z    Building coreason-ecosystem @ file:///home/runner/work/coreason-ecosystem/coreason-ecosystem
test-ubuntu (3.14)	Install dependencies	2026-05-19T19:34:58.4823972Z Downloading sqlalchemy (3.1MiB)
test-ubuntu (3.14)	Install dependencies	2026-05-19T19:34:58.4874428Z Downloading pydantic-core (2.0MiB)
test-ubuntu (3.14)	Install dependencies	2026-05-19T19:34:58.5025216Z Downloading pygments (1.2MiB)
test-ubuntu (3.14)	Install dependencies	2026-05-19T19:34:58.5057132Z Downloading networkx (2.0MiB)
test-ubuntu (3.14)	Install dependencies	2026-05-19T19:34:58.5058079Z Downloading pynacl (1.3MiB)
test-ubuntu (3.14)	Install dependencies	2026-05-19T19:34:58.5086786Z Downloading setuptools (1.0MiB)
test-ubuntu (3.14)	Install dependencies	2026-05-19T19:34:58.5100396Z Downloading mkdocs (3.7MiB)
test-ubuntu (3.14)	Install dependencies	2026-05-19T19:34:58.5105963Z Downloading babel (9.7MiB)
test-ubuntu (3.14)	Install dependencies	2026-05-19T19:34:58.5114012Z Downloading cryptography (4.5MiB)
test-ubuntu (3.14)	Install dependencies	2026-05-19T19:34:58.5118798Z Downloading uvloop (4.1MiB)
test-ubuntu (3.14)	Install dependencies	2026-05-19T19:34:58.5119806Z Downloading pip (1.7MiB)
test-ubuntu (3.14)	Install dependencies	2026-05-19T19:34:58.5120668Z Downloading ruff (10.8MiB)
test-ubuntu (3.14)	Install dependencies	2026-05-19T19:34:58.5121548Z Downloading pandas (10.4MiB)
test-ubuntu (3.14)	Install dependencies	2026-05-19T19:34:58.5122400Z Downloading zensical (12.4MiB)
test-ubuntu (3.14)	Install dependencies	2026-05-19T19:34:58.5123244Z Downloading pulp (15.6MiB)
test-ubuntu (3.14)	Install dependencies	2026-05-19T19:34:58.5124244Z Downloading skypilot (3.4MiB)
test-ubuntu (3.14)	Install dependencies	2026-05-19T19:34:58.5125089Z Downloading ast-serialize (1.2MiB)
test-ubuntu (3.14)	Install dependencies	2026-05-19T19:34:58.5125972Z Downloading pyarrow (46.6MiB)
test-ubuntu (3.14)	Install dependencies	2026-05-19T19:34:58.5126719Z Downloading mypy (14.3MiB)
test-ubuntu (3.14)	Install dependencies	2026-05-19T19:34:58.5127311Z Downloading mkdocs-material (8.9MiB)
test-ubuntu (3.14)	Install dependencies	2026-05-19T19:34:58.5127926Z Downloading numpy (15.9MiB)
test-ubuntu (3.14)	Install dependencies	2026-05-19T19:34:58.5128499Z Downloading deptry (1.8MiB)
test-ubuntu (3.14)	Install dependencies	2026-05-19T19:34:58.5129076Z Downloading virtualenv (7.2MiB)
test-ubuntu (3.14)	Install dependencies	2026-05-19T19:34:58.5129663Z Downloading asyncpg (3.3MiB)
test-ubuntu (3.14)	Install dependencies	2026-05-19T19:34:58.5130264Z Downloading psycopg2-binary (4.1MiB)
test-ubuntu (3.14)	Install dependencies	2026-05-19T19:34:58.5130895Z Downloading temporalio (14.1MiB)
test-ubuntu (3.14)	Install dependencies	2026-05-19T19:34:58.5131487Z Downloading aiohttp (1.7MiB)
test-ubuntu (3.14)	Install dependencies	2026-05-19T19:34:59.7443619Z  Downloaded ast-serialize
test-ubuntu (3.14)	Install dependencies	2026-05-19T19:34:59.9185942Z  Downloaded pynacl
test-ubuntu (3.14)	Install dependencies	2026-05-19T19:35:00.0396858Z  Downloaded aiohttp
test-ubuntu (3.14)	Install dependencies	2026-05-19T19:35:00.0750960Z  Downloaded pygments
test-ubuntu (3.14)	Install dependencies	2026-05-19T19:35:00.1594729Z  Downloaded deptry
test-ubuntu (3.14)	Install dependencies	2026-05-19T19:35:00.2583340Z  Downloaded pydantic-core
test-ubuntu (3.14)	Install dependencies	2026-05-19T19:35:00.3180983Z  Downloaded setuptools
test-ubuntu (3.14)	Install dependencies	2026-05-19T19:35:00.3814556Z  Downloaded pip
test-ubuntu (3.14)	Install dependencies	2026-05-19T19:35:00.4968719Z  Downloaded networkx
test-ubuntu (3.14)	Install dependencies	2026-05-19T19:35:00.6924238Z  Downloaded sqlalchemy
test-ubuntu (3.14)	Install dependencies	2026-05-19T19:35:00.8192453Z  Downloaded asyncpg
test-ubuntu (3.14)	Install dependencies	2026-05-19T19:35:00.9317294Z  Downloaded mkdocs
test-ubuntu (3.14)	Install dependencies	2026-05-19T19:35:00.9772893Z  Downloaded skypilot
test-ubuntu (3.14)	Install dependencies	2026-05-19T19:35:01.0053210Z  Downloaded psycopg2-binary
test-ubuntu (3.14)	Install dependencies	2026-05-19T19:35:01.0367289Z  Downloaded uvloop
test-ubuntu (3.14)	Install dependencies	2026-05-19T19:35:01.4351920Z  Downloaded cryptography
test-ubuntu (3.14)	Install dependencies	2026-05-19T19:35:01.9543352Z  Downloaded virtualenv
test-ubuntu (3.14)	Install dependencies	2026-05-19T19:35:02.5515917Z       Built coreason-ecosystem @ file:///home/runner/work/coreason-ecosystem/coreason-ecosystem
test-ubuntu (3.14)	Install dependencies	2026-05-19T19:35:02.6498965Z       Built coreason-manifest @ file:///home/runner/work/coreason-ecosystem/coreason-manifest
test-ubuntu (3.14)	Install dependencies	2026-05-19T19:35:02.8849919Z  Downloaded babel
test-ubuntu (3.14)	Install dependencies	2026-05-19T19:35:03.0901163Z  Downloaded ruff
test-ubuntu (3.14)	Install dependencies	2026-05-19T19:35:03.2067508Z  Downloaded pandas
test-ubuntu (3.14)	Install dependencies	2026-05-19T19:35:03.6503206Z  Downloaded temporalio
test-ubuntu (3.14)	Install dependencies	2026-05-19T19:35:03.8781244Z  Downloaded pulp
test-ubuntu (3.14)	Install dependencies	2026-05-19T19:35:04.0055038Z  Downloaded numpy
test-ubuntu (3.14)	Install dependencies	2026-05-19T19:35:04.3628069Z  Downloaded mypy
test-ubuntu (3.14)	Install dependencies	2026-05-19T19:35:05.0088444Z  Downloaded pyarrow
test-ubuntu (3.14)	Install dependencies	2026-05-19T19:35:06.9283674Z  Downloaded mkdocs-material
test-ubuntu (3.14)	Install dependencies	2026-05-19T19:35:07.2648590Z  Downloaded zensical
test-ubuntu (3.14)	Install dependencies	2026-05-19T19:35:07.2652846Z Prepared 181 packages in 8.86s
test-ubuntu (3.14)	Install dependencies	2026-05-19T19:35:08.5927101Z Installed 181 packages in 1.32s
test-ubuntu (3.14)	Install dependencies	2026-05-19T19:35:08.5946661Z  + aiofiles==24.1.0
test-ubuntu (3.14)	Install dependencies	2026-05-19T19:35:08.5966244Z  + aiohappyeyeballs==2.6.1
test-ubuntu (3.14)	Install dependencies	2026-05-19T19:35:08.5986550Z  + aiohttp==3.13.5
test-ubuntu (3.14)	Install dependencies	2026-05-19T19:35:08.6016658Z  + aiosignal==1.4.0
test-ubuntu (3.14)	Install dependencies	2026-05-19T19:35:08.6026557Z  + aiosqlite==0.22.1
test-ubuntu (3.14)	Install dependencies	2026-05-19T19:35:08.6056554Z  + alembic==1.18.4
test-ubuntu (3.14)	Install dependencies	2026-05-19T19:35:08.6086512Z  + annotated-doc==0.0.4
test-ubuntu (3.14)	Install dependencies	2026-05-19T19:35:08.6106607Z  + annotated-types==0.7.0
test-ubuntu (3.14)	Install dependencies	2026-05-19T19:35:08.6116507Z  + anyio==4.13.0
test-ubuntu (3.14)	Install dependencies	2026-05-19T19:35:08.6137402Z  + ast-serialize==0.3.0
test-ubuntu (3.14)	Install dependencies	2026-05-19T19:35:08.6166476Z  + asyncpg==0.31.0
test-ubuntu (3.14)	Install dependencies	2026-05-19T19:35:08.6196517Z  + attrs==26.1.0
test-ubuntu (3.14)	Install dependencies	2026-05-19T19:35:08.6206490Z  + babel==2.18.0
test-ubuntu (3.14)	Install dependencies	2026-05-19T19:35:08.6236501Z  + backrefs==7.0
test-ubuntu (3.14)	Install dependencies	2026-05-19T19:35:08.6256611Z  + bcrypt==4.0.1
test-ubuntu (3.14)	Install dependencies	2026-05-19T19:35:08.6276705Z  + bracex==2.6
test-ubuntu (3.14)	Install dependencies	2026-05-19T19:35:08.6306546Z  + cachetools==7.1.1
test-ubuntu (3.14)	Install dependencies	2026-05-19T19:35:08.6326574Z  + canonicaljson==2.0.0
test-ubuntu (3.14)	Install dependencies	2026-05-19T19:35:08.6336535Z  + casbin==1.43.0
test-ubuntu (3.14)	Install dependencies	2026-05-19T19:35:08.6366532Z  + certifi==2026.4.22
test-ubuntu (3.14)	Install dependencies	2026-05-19T19:35:08.6376651Z  + cffi==2.0.0
test-ubuntu (3.14)	Install dependencies	2026-05-19T19:35:08.6416547Z  + cfgv==3.5.0
test-ubuntu (3.14)	Install dependencies	2026-05-19T19:35:08.6426616Z  + charset-normalizer==3.4.7
test-ubuntu (3.14)	Install dependencies	2026-05-19T19:35:08.6468457Z  + click==8.1.8
test-ubuntu (3.14)	Install dependencies	2026-05-19T19:35:08.6487183Z  + colorama==0.4.6
test-ubuntu (3.14)	Install dependencies	2026-05-19T19:35:08.6507157Z  + coreason-ecosystem==0.45.2.dev2+g22bab08de (from file:///home/runner/work/coreason-ecosystem/coreason-ecosystem)
test-ubuntu (3.14)	Install dependencies	2026-05-19T19:35:08.6537036Z  + coreason-manifest==0.84.1 (from file:///home/runner/work/coreason-ecosystem/coreason-manifest)
test-ubuntu (3.14)	Install dependencies	2026-05-19T19:35:08.6556529Z  + coverage==7.14.0
test-ubuntu (3.14)	Install dependencies	2026-05-19T19:35:08.6577825Z  + cryptography==48.0.0
test-ubuntu (3.14)	Install dependencies	2026-05-19T19:35:08.6590593Z  + deepdiff==9.0.0
test-ubuntu (3.14)	Install dependencies	2026-05-19T19:35:08.6591147Z  + deepmerge==2.0
test-ubuntu (3.14)	Install dependencies	2026-05-19T19:35:08.6591717Z  + deptry==0.25.1
test-ubuntu (3.14)	Install dependencies	2026-05-19T19:35:08.6592376Z  + distlib==0.4.0
test-ubuntu (3.14)	Install dependencies	2026-05-19T19:35:08.6592840Z  + execnet==2.1.2
test-ubuntu (3.14)	Install dependencies	2026-05-19T19:35:08.6593318Z  + fastapi==0.136.1
test-ubuntu (3.14)	Install dependencies	2026-05-19T19:35:08.6593838Z  + filelock==3.29.0
test-ubuntu (3.14)	Install dependencies	2026-05-19T19:35:08.6594347Z  + frozenlist==1.8.0
test-ubuntu (3.14)	Install dependencies	2026-05-19T19:35:08.6594907Z  + ghp-import==2.1.0
test-ubuntu (3.14)	Install dependencies	2026-05-19T19:35:08.6595448Z  + gitdb==4.0.12
test-ubuntu (3.14)	Install dependencies	2026-05-19T19:35:08.6595971Z  + gitpython==3.1.50
test-ubuntu (3.14)	Install dependencies	2026-05-19T19:35:08.6596741Z  + googleapis-common-protos==1.75.0
test-ubuntu (3.14)	Install dependencies	2026-05-19T19:35:08.6597357Z  + greenlet==3.5.0
test-ubuntu (3.14)	Install dependencies	2026-05-19T19:35:08.6597876Z  + griffelib==2.0.2
test-ubuntu (3.14)	Install dependencies	2026-05-19T19:35:08.6598389Z  + h11==0.16.0
test-ubuntu (3.14)	Install dependencies	2026-05-19T19:35:08.6598878Z  + httpcore==1.0.9
test-ubuntu (3.14)	Install dependencies	2026-05-19T19:35:08.6599389Z  + httptools==0.7.1
test-ubuntu (3.14)	Install dependencies	2026-05-19T19:35:08.6599899Z  + httpx==0.28.1
test-ubuntu (3.14)	Install dependencies	2026-05-19T19:35:08.6600400Z  + httpx-sse==0.4.3
test-ubuntu (3.14)	Install dependencies	2026-05-19T19:35:08.6600953Z  + hvac==2.4.0
test-ubuntu (3.14)	Install dependencies	2026-05-19T19:35:08.6601448Z  + hypothesis==6.152.7
test-ubuntu (3.14)	Install dependencies	2026-05-19T19:35:08.6601981Z  + identify==2.6.19
test-ubuntu (3.14)	Install dependencies	2026-05-19T19:35:08.6602475Z  + idna==3.15
test-ubuntu (3.14)	Install dependencies	2026-05-19T19:35:08.6603031Z  + ijson==3.5.0
test-ubuntu (3.14)	Install dependencies	2026-05-19T19:35:08.6604081Z  + importlib-metadata==8.7.1
test-ubuntu (3.14)	Install dependencies	2026-05-19T19:35:08.6604653Z  + iniconfig==2.3.0
test-ubuntu (3.14)	Install dependencies	2026-05-19T19:35:08.6605148Z  + invoke==3.0.3
test-ubuntu (3.14)	Install dependencies	2026-05-19T19:35:08.6605613Z  + jinja2==3.1.6
test-ubuntu (3.14)	Install dependencies	2026-05-19T19:35:08.6606420Z  + jsonpatch==1.33
test-ubuntu (3.14)	Install dependencies	2026-05-19T19:35:08.6606964Z  + jsonpointer==3.1.1
test-ubuntu (3.14)	Install dependencies	2026-05-19T19:35:08.6607505Z  + jsonschema==4.26.0
test-ubuntu (3.14)	Install dependencies	2026-05-19T19:35:08.6608077Z  + jsonschema-specifications==2025.9.1
test-ubuntu (3.14)	Install dependencies	2026-05-19T19:35:08.6608713Z  + librt==0.11.0
test-ubuntu (3.14)	Install dependencies	2026-05-19T19:35:08.6609626Z  + loguru==0.7.3
test-ubuntu (3.14)	Install dependencies	2026-05-19T19:35:08.6610115Z  + mako==1.3.12
test-ubuntu (3.14)	Install dependencies	2026-05-19T19:35:08.6610611Z  + markdown==3.10.2
test-ubuntu (3.14)	Install dependencies	2026-05-19T19:35:08.6611142Z  + markdown-it-py==4.2.0
test-ubuntu (3.14)	Install dependencies	2026-05-19T19:35:08.6611700Z  + markupsafe==3.0.3
test-ubuntu (3.14)	Install dependencies	2026-05-19T19:35:08.6612217Z  + mcp==1.27.1
test-ubuntu (3.14)	Install dependencies	2026-05-19T19:35:08.6612696Z  + mdurl==0.1.2
test-ubuntu (3.14)	Install dependencies	2026-05-19T19:35:08.6613514Z  + mergedeep==1.3.4
test-ubuntu (3.14)	Install dependencies	2026-05-19T19:35:08.6614009Z  + mkdocs==1.6.1
test-ubuntu (3.14)	Install dependencies	2026-05-19T19:35:08.6614861Z  + mkdocs-autorefs==1.4.4
test-ubuntu (3.14)	Install dependencies	2026-05-19T19:35:08.6615628Z  + mkdocs-get-deps==0.2.2
test-ubuntu (3.14)	Install dependencies	2026-05-19T19:35:08.6616879Z  + mkdocs-material==9.7.6
test-ubuntu (3.14)	Install dependencies	2026-05-19T19:35:08.6617655Z  + mkdocs-material-extensions==1.3.1
test-ubuntu (3.14)	Install dependencies	2026-05-19T19:35:08.6618441Z  + mkdocstrings==1.0.4
test-ubuntu (3.14)	Install dependencies	2026-05-19T19:35:08.6619244Z  + mkdocstrings-python==2.0.3
test-ubuntu (3.14)	Install dependencies	2026-05-19T19:35:08.6624969Z  + msgspec==0.21.1
test-ubuntu (3.14)	Install dependencies	2026-05-19T19:35:08.6625881Z  + multidict==6.7.1
test-ubuntu (3.14)	Install dependencies	2026-05-19T19:35:08.6626586Z  + mypy==2.1.0
test-ubuntu (3.14)	Install dependencies	2026-05-19T19:35:08.6627137Z  + mypy-extensions==1.1.0
test-ubuntu (3.14)	Install dependencies	2026-05-19T19:35:08.6627705Z  + nats-py==2.14.0
test-ubuntu (3.14)	Install dependencies	2026-05-19T19:35:08.6628224Z  + networkx==3.6.1
test-ubuntu (3.14)	Install dependencies	2026-05-19T19:35:08.6628740Z  + nexus-rpc==1.4.0
test-ubuntu (3.14)	Install dependencies	2026-05-19T19:35:08.6629247Z  + nodeenv==1.10.0
test-ubuntu (3.14)	Install dependencies	2026-05-19T19:35:08.6629743Z  + numpy==2.4.4
test-ubuntu (3.14)	Install dependencies	2026-05-19T19:35:08.6630270Z  + opentelemetry-api==1.41.1
test-ubuntu (3.14)	Install dependencies	2026-05-19T19:35:08.6630960Z  + opentelemetry-exporter-otlp-proto-common==1.41.1
test-ubuntu (3.14)	Install dependencies	2026-05-19T19:35:08.6631793Z  + opentelemetry-exporter-otlp-proto-http==1.41.1
test-ubuntu (3.14)	Install dependencies	2026-05-19T19:35:08.6632506Z  + opentelemetry-proto==1.41.1
test-ubuntu (3.14)	Install dependencies	2026-05-19T19:35:08.6633109Z  + opentelemetry-sdk==1.41.1
test-ubuntu (3.14)	Install dependencies	2026-05-19T19:35:08.6633763Z  + opentelemetry-semantic-conventions==0.62b1
test-ubuntu (3.14)	Install dependencies	2026-05-19T19:35:08.6634455Z  + orderly-set==5.5.0
test-ubuntu (3.14)	Install dependencies	2026-05-19T19:35:08.6634981Z  + orjson==3.11.9
test-ubuntu (3.14)	Install dependencies	2026-05-19T19:35:08.6635766Z  + packaging==26.2
test-ubuntu (3.14)	Install dependencies	2026-05-19T19:35:08.6636424Z  + paginate==0.5.7
test-ubuntu (3.14)	Install dependencies	2026-05-19T19:35:08.6637095Z  + pandas==3.0.3
test-ubuntu (3.14)	Install dependencies	2026-05-19T19:35:08.6637616Z  + pandas-stubs==3.0.0.260204
test-ubuntu (3.14)	Install dependencies	2026-05-19T19:35:08.6638203Z  + paramiko==5.0.0
test-ubuntu (3.14)	Install dependencies	2026-05-19T19:35:08.6638717Z  + passlib==1.7.4
test-ubuntu (3.14)	Install dependencies	2026-05-19T19:35:08.6639439Z  + pathspec==1.1.1
test-ubuntu (3.14)	Install dependencies	2026-05-19T19:35:08.6640140Z  + pendulum==3.2.0
test-ubuntu (3.14)	Install dependencies	2026-05-19T19:35:08.6640891Z  + pip==26.1.1
test-ubuntu (3.14)	Install dependencies	2026-05-19T19:35:08.6653318Z  + platformdirs==4.9.6
test-ubuntu (3.14)	Install dependencies	2026-05-19T19:35:08.6654068Z  + pluggy==1.6.0
test-ubuntu (3.14)	Install dependencies	2026-05-19T19:35:08.6654653Z  + pre-commit==4.6.0
test-ubuntu (3.14)	Install dependencies	2026-05-19T19:35:08.6655236Z  + prettytable==3.17.0
test-ubuntu (3.14)	Install dependencies	2026-05-19T19:35:08.6655846Z  + prometheus-client==0.25.0
test-ubuntu (3.14)	Install dependencies	2026-05-19T19:35:08.6657044Z  + propcache==0.5.2
test-ubuntu (3.14)	Install dependencies	2026-05-19T19:35:08.6657610Z  + protobuf==6.33.6
test-ubuntu (3.14)	Install dependencies	2026-05-19T19:35:08.6658164Z  + psutil==7.2.2
test-ubuntu (3.14)	Install dependencies	2026-05-19T19:35:08.6658732Z  + psycopg2-binary==2.9.12
test-ubuntu (3.14)	Install dependencies	2026-05-19T19:35:08.6659333Z  + pulp==3.3.1
test-ubuntu (3.14)	Install dependencies	2026-05-19T19:35:08.6659877Z  + py-cpuinfo==9.0.0
test-ubuntu (3.14)	Install dependencies	2026-05-19T19:35:08.6660435Z  + pyarrow==24.0.0
test-ubuntu (3.14)	Install dependencies	2026-05-19T19:35:08.6660975Z  + pycasbin==2.8.0
test-ubuntu (3.14)	Install dependencies	2026-05-19T19:35:08.6661520Z  + pycparser==3.0
test-ubuntu (3.14)	Install dependencies	2026-05-19T19:35:08.6662053Z  + pycrdt==0.13.0
test-ubuntu (3.14)	Install dependencies	2026-05-19T19:35:08.6662591Z  + pydantic==2.13.4
test-ubuntu (3.14)	Install dependencies	2026-05-19T19:35:08.6663144Z  + pydantic-core==2.46.4
test-ubuntu (3.14)	Install dependencies	2026-05-19T19:35:08.6663749Z  + pydantic-settings==2.14.1
test-ubuntu (3.14)	Install dependencies	2026-05-19T19:35:08.6664360Z  + pygments==2.20.0
test-ubuntu (3.14)	Install dependencies	2026-05-19T19:35:08.6664900Z  + pyjwt==2.12.1
test-ubuntu (3.14)	Install dependencies	2026-05-19T19:35:08.6665459Z  + pymdown-extensions==10.21.3
test-ubuntu (3.14)	Install dependencies	2026-05-19T19:35:08.6666229Z  + pynacl==1.6.2
test-ubuntu (3.14)	Install dependencies	2026-05-19T19:35:08.6666771Z  + pytest==9.0.3
test-ubuntu (3.14)	Install dependencies	2026-05-19T19:35:08.6667315Z  + pytest-asyncio==1.3.0
test-ubuntu (3.14)	Install dependencies	2026-05-19T19:35:08.6667910Z  + pytest-benchmark==5.2.3
test-ubuntu (3.14)	Install dependencies	2026-05-19T19:35:08.6668505Z  + pytest-cov==7.1.0
test-ubuntu (3.14)	Install dependencies	2026-05-19T19:35:08.6669072Z  + pytest-xdist==3.8.0
test-ubuntu (3.14)	Install dependencies	2026-05-19T19:35:08.6669658Z  + python-dateutil==2.9.0.post0
test-ubuntu (3.14)	Install dependencies	2026-05-19T19:35:08.6670290Z  + python-discovery==1.3.1
test-ubuntu (3.14)	Install dependencies	2026-05-19T19:35:08.6671203Z  + python-dotenv==1.2.2
test-ubuntu (3.14)	Install dependencies	2026-05-19T19:35:08.6671796Z  + python-multipart==0.0.28
test-ubuntu (3.14)	Install dependencies	2026-05-19T19:35:08.6672393Z  + pyyaml==6.0.3
test-ubuntu (3.14)	Install dependencies	2026-05-19T19:35:08.6672931Z  + pyyaml-env-tag==1.1
test-ubuntu (3.14)	Install dependencies	2026-05-19T19:35:08.6673503Z  + referencing==0.37.0
test-ubuntu (3.14)	Install dependencies	2026-05-19T19:35:08.6674055Z  + requests==2.34.0
test-ubuntu (3.14)	Install dependencies	2026-05-19T19:35:08.6674626Z  + requirements-parser==0.13.0
test-ubuntu (3.14)	Install dependencies	2026-05-19T19:35:08.6675231Z  + respx==0.23.1
test-ubuntu (3.14)	Install dependencies	2026-05-19T19:35:08.6675766Z  + rich==15.0.0
test-ubuntu (3.14)	Install dependencies	2026-05-19T19:35:08.6676543Z  + rpds-py==0.30.0
test-ubuntu (3.14)	Install dependencies	2026-05-19T19:35:08.6677046Z  + ruff==0.15.12
test-ubuntu (3.14)	Install dependencies	2026-05-19T19:35:08.6677555Z  + setproctitle==1.3.7
test-ubuntu (3.14)	Install dependencies	2026-05-19T19:35:08.6678100Z  + setuptools==81.0.0
test-ubuntu (3.14)	Install dependencies	2026-05-19T19:35:08.6678645Z  + shellingham==1.5.4
test-ubuntu (3.14)	Install dependencies	2026-05-19T19:35:08.6679192Z  + simpleeval==1.0.7
test-ubuntu (3.14)	Install dependencies	2026-05-19T19:35:08.6679710Z  + six==1.17.0
test-ubuntu (3.14)	Install dependencies	2026-05-19T19:35:08.6680462Z  + skypilot==0.12.1
test-ubuntu (3.14)	Install dependencies	2026-05-19T19:35:08.6680987Z  + smmap==5.0.3
test-ubuntu (3.14)	Install dependencies	2026-05-19T19:35:08.6681525Z  + sortedcontainers==2.4.0
test-ubuntu (3.14)	Install dependencies	2026-05-19T19:35:08.6682122Z  + sqlalchemy==2.0.49
test-ubuntu (3.14)	Install dependencies	2026-05-19T19:35:08.6682714Z  + sqlalchemy-adapter==1.9.0
test-ubuntu (3.14)	Install dependencies	2026-05-19T19:35:08.6683318Z  + sse-starlette==3.4.4
test-ubuntu (3.14)	Install dependencies	2026-05-19T19:35:08.6683868Z  + starlette==1.0.0
test-ubuntu (3.14)	Install dependencies	2026-05-19T19:35:08.6684390Z  + syrupy==5.1.0
test-ubuntu (3.14)	Install dependencies	2026-05-19T19:35:08.6684907Z  + tabulate==0.10.0
test-ubuntu (3.14)	Install dependencies	2026-05-19T19:35:08.6685447Z  + temporalio==1.27.0
test-ubuntu (3.14)	Install dependencies	2026-05-19T19:35:08.6685980Z  + tomli==2.4.1
test-ubuntu (3.14)	Install dependencies	2026-05-19T19:35:08.6686740Z  + typer==0.23.1
test-ubuntu (3.14)	Install dependencies	2026-05-19T19:35:08.6687269Z  + types-hvac==2.4.0.20260408
test-ubuntu (3.14)	Install dependencies	2026-05-19T19:35:08.6687875Z  + types-paramiko==4.0.0.20260508
test-ubuntu (3.14)	Install dependencies	2026-05-19T19:35:08.6688507Z  + types-protobuf==6.32.1.20260221
test-ubuntu (3.14)	Install dependencies	2026-05-19T19:35:08.6689147Z  + types-pyyaml==6.0.12.20260510
test-ubuntu (3.14)	Install dependencies	2026-05-19T19:35:08.6689768Z  + types-requests==2.33.0.20260513
test-ubuntu (3.14)	Install dependencies	2026-05-19T19:35:08.6690474Z  + typing-extensions==4.15.0
test-ubuntu (3.14)	Install dependencies	2026-05-19T19:35:08.6691050Z  + typing-inspection==0.4.2
test-ubuntu (3.14)	Install dependencies	2026-05-19T19:35:08.6691604Z  + tzdata==2026.2
test-ubuntu (3.14)	Install dependencies	2026-05-19T19:35:08.6692103Z  + urllib3==2.7.0
test-ubuntu (3.14)	Install dependencies	2026-05-19T19:35:08.6692648Z  + uvicorn==0.35.0
test-ubuntu (3.14)	Install dependencies	2026-05-19T19:35:08.6693116Z  + uvloop==0.22.1
test-ubuntu (3.14)	Install dependencies	2026-05-19T19:35:08.6693586Z  + virtualenv==21.3.2
test-ubuntu (3.14)	Install dependencies	2026-05-19T19:35:08.6694064Z  + watchdog==6.0.0
test-ubuntu (3.14)	Install dependencies	2026-05-19T19:35:08.6694531Z  + watchfiles==1.1.1
test-ubuntu (3.14)	Install dependencies	2026-05-19T19:35:08.6695009Z  + wcmatch==10.1
test-ubuntu (3.14)	Install dependencies	2026-05-19T19:35:08.6695467Z  + wcwidth==0.7.0
test-ubuntu (3.14)	Install dependencies	2026-05-19T19:35:08.6695926Z  + websockets==16.0
test-ubuntu (3.14)	Install dependencies	2026-05-19T19:35:08.6696704Z  + wheel==0.47.0
test-ubuntu (3.14)	Install dependencies	2026-05-19T19:35:08.6697161Z  + yarl==1.23.0
test-ubuntu (3.14)	Install dependencies	2026-05-19T19:35:08.6697638Z  + zensical==0.0.41
test-ubuntu (3.14)	Install dependencies	2026-05-19T19:35:08.6698092Z  + zipp==3.23.1
test-ubuntu (3.14)	Run tests	∩╗┐2026-05-19T19:35:08.6744818Z ##[group]Run if [ "3.14" = "3.14t" ]; then
test-ubuntu (3.14)	Run tests	2026-05-19T19:35:08.6745371Z [36;1mif [ "3.14" = "3.14t" ]; then[0m
test-ubuntu (3.14)	Run tests	2026-05-19T19:35:08.6746247Z [36;1m  # Under free-threaded Python 3.14t, pytest-xdist subprocesses crash on startup[0m
test-ubuntu (3.14)	Run tests	2026-05-19T19:35:08.6747252Z [36;1m  # due to C-extension incompatibilities (e.g. temporalio/pyarrow) during multiprocessing init.[0m
test-ubuntu (3.14)	Run tests	2026-05-19T19:35:08.6748237Z [36;1m  # Run sequentially to maintain a stable, self-healing test environment.[0m
test-ubuntu (3.14)	Run tests	2026-05-19T19:35:08.6748946Z [36;1m  uv run pytest --cov=src --cov-report=xml[0m
test-ubuntu (3.14)	Run tests	2026-05-19T19:35:08.6749412Z [36;1melse[0m
test-ubuntu (3.14)	Run tests	2026-05-19T19:35:08.6749996Z [36;1m  # Run in parallel using pytest-xdist to satisfy the fast parallel execution mandate.[0m
test-ubuntu (3.14)	Run tests	2026-05-19T19:35:08.6750806Z [36;1m  uv run pytest -n auto --cov=src --cov-report=xml[0m
test-ubuntu (3.14)	Run tests	2026-05-19T19:35:08.6751289Z [36;1mfi[0m
test-ubuntu (3.14)	Run tests	2026-05-19T19:35:08.6828212Z shell: /usr/bin/bash --noprofile --norc -e -o pipefail {0}
test-ubuntu (3.14)	Run tests	2026-05-19T19:35:08.6828754Z env:
test-ubuntu (3.14)	Run tests	2026-05-19T19:35:08.6829073Z   FORCE_JAVASCRIPT_ACTIONS_TO_NODE24: true
test-ubuntu (3.14)	Run tests	2026-05-19T19:35:08.6829630Z   TEMPORAL_CI_NAMESPACE: coreason-ci-26120302019-1
test-ubuntu (3.14)	Run tests	2026-05-19T19:35:08.6830119Z   ORJSON_BUILD_FREETHREADED: 1
test-ubuntu (3.14)	Run tests	2026-05-19T19:35:08.6830513Z   MANIFEST_VERSION: v0.84.1
test-ubuntu (3.14)	Run tests	2026-05-19T19:35:08.6830999Z   UV_PYTHON_INSTALL_DIR: /home/runner/work/_temp/uv-python-dir
test-ubuntu (3.14)	Run tests	2026-05-19T19:35:08.6831518Z   UV_PYTHON: 3.14
test-ubuntu (3.14)	Run tests	2026-05-19T19:35:08.6831901Z   UV_CACHE_DIR: /home/runner/work/_temp/setup-uv-cache
test-ubuntu (3.14)	Run tests	2026-05-19T19:35:08.6832390Z   TEMPORAL_ADDRESS: 127.0.0.1:7233
test-ubuntu (3.14)	Run tests	2026-05-19T19:35:08.6833067Z   TEMPORAL_NAMESPACE: coreason-ci-26120302019-1
test-ubuntu (3.14)	Run tests	2026-05-19T19:35:08.6833512Z ##[endgroup]
test-ubuntu (3.14)	Run tests	2026-05-19T19:35:12.1608725Z /home/runner/work/coreason-ecosystem/coreason-ecosystem/.venv/lib/python3.14/site-packages/pytest_benchmark/logger.py:44: PytestBenchmarkWarning: Benchmarks are automatically disabled because xdist plugin is active.Benchmarks cannot be performed reliably in a parallelized environment.
test-ubuntu (3.14)	Run tests	2026-05-19T19:35:12.1610959Z   warner(PytestBenchmarkWarning(text))
test-ubuntu (3.14)	Run tests	2026-05-19T19:35:13.0807192Z /home/runner/work/coreason-ecosystem/coreason-ecosystem/.venv/lib/python3.14/site-packages/pytest_benchmark/logger.py:44: PytestBenchmarkWarning: Benchmarks are automatically disabled because xdist plugin is active.Benchmarks cannot be performed reliably in a parallelized environment.
test-ubuntu (3.14)	Run tests	2026-05-19T19:35:13.0838970Z   warner(PytestBenchmarkWarning(text))
test-ubuntu (3.14)	Run tests	2026-05-19T19:35:13.0844189Z /home/runner/work/coreason-ecosystem/coreason-ecosystem/.venv/lib/python3.14/site-packages/pytest_benchmark/logger.py:44: PytestBenchmarkWarning: Benchmarks are automatically disabled because xdist plugin is active.Benchmarks cannot be performed reliably in a parallelized environment.
test-ubuntu (3.14)	Run tests	2026-05-19T19:35:13.0846502Z   warner(PytestBenchmarkWarning(text))
test-ubuntu (3.14)	Run tests	2026-05-19T19:35:24.0794402Z ============================= test session starts ==============================
test-ubuntu (3.14)	Run tests	2026-05-19T19:35:24.0827647Z platform linux -- Python 3.14.5, pytest-9.0.3, pluggy-1.6.0 -- /home/runner/work/coreason-ecosystem/coreason-ecosystem/.venv/bin/python
test-ubuntu (3.14)	Run tests	2026-05-19T19:35:24.0841523Z cachedir: .pytest_cache
test-ubuntu (3.14)	Run tests	2026-05-19T19:35:24.0842922Z hypothesis profile 'default' -> database=None, deadline=None, print_blob=True, derandomize=True, suppress_health_check=(HealthCheck.too_slow,)
test-ubuntu (3.14)	Run tests	2026-05-19T19:35:24.0844891Z benchmark: 5.2.3 (defaults: timer=time.perf_counter disable_gc=False min_rounds=5 min_time=0.000005 max_time=1.0 calibration_precision=10 warmup=False warmup_iterations=100000)
test-ubuntu (3.14)	Run tests	2026-05-19T19:35:24.0846621Z rootdir: /home/runner/work/coreason-ecosystem/coreason-ecosystem
test-ubuntu (3.14)	Run tests	2026-05-19T19:35:24.0847446Z configfile: pyproject.toml
test-ubuntu (3.14)	Run tests	2026-05-19T19:35:24.0848010Z testpaths: tests
test-ubuntu (3.14)	Run tests	2026-05-19T19:35:24.0848949Z plugins: xdist-3.8.0, anyio-4.13.0, cov-7.1.0, hypothesis-6.152.7, syrupy-5.1.0, asyncio-1.3.0, respx-0.23.1, benchmark-5.2.3
test-ubuntu (3.14)	Run tests	2026-05-19T19:35:24.0850449Z asyncio: mode=Mode.AUTO, debug=False, asyncio_default_fixture_loop_scope=None, asyncio_default_test_loop_scope=function
test-ubuntu (3.14)	Run tests	2026-05-19T19:35:24.0851502Z created: 2/2 workers
test-ubuntu (3.14)	Run tests	2026-05-19T19:35:24.0852482Z 2 workers [127 items]
test-ubuntu (3.14)	Run tests	2026-05-19T19:35:24.0852887Z 
test-ubuntu (3.14)	Run tests	2026-05-19T19:35:24.0853228Z scheduling tests via LoadScheduling
test-ubuntu (3.14)	Run tests	2026-05-19T19:35:24.0853710Z 
test-ubuntu (3.14)	Run tests	2026-05-19T19:35:24.1009119Z tests/auth/test_distr_provisioning.py::test_init_vault_and_issue_license 
test-ubuntu (3.14)	Run tests	2026-05-19T19:35:24.1010759Z [gw1] [  0%] PASSED tests/auth/test_distr_provisioning.py::test_init_vault_and_issue_license 
test-ubuntu (3.14)	Run tests	2026-05-19T19:35:24.1067073Z tests/auth/test_license_validator.py::test_verify_token_signature_valid 
test-ubuntu (3.14)	Run tests	2026-05-19T19:35:24.1097131Z [gw1] [  1%] PASSED tests/auth/test_license_validator.py::test_verify_token_signature_valid 
test-ubuntu (3.14)	Run tests	2026-05-19T19:35:24.1121667Z tests/auth/test_license_validator.py::test_verify_token_signature_invalid_key 
test-ubuntu (3.14)	Run tests	2026-05-19T19:35:24.1124101Z [gw1] [  2%] PASSED tests/auth/test_license_validator.py::test_verify_token_signature_invalid_key 
test-ubuntu (3.14)	Run tests	2026-05-19T19:35:24.1136404Z tests/auth/test_license_validator.py::test_get_root_ca_key_production_missing 
test-ubuntu (3.14)	Run tests	2026-05-19T19:35:24.1147299Z [gw1] [  3%] PASSED tests/auth/test_license_validator.py::test_get_root_ca_key_production_missing 
test-ubuntu (3.14)	Run tests	2026-05-19T19:35:24.1167103Z tests/auth/test_license_validator.py::test_install_license_production_vault_guards 
test-ubuntu (3.14)	Run tests	2026-05-19T19:35:24.1168782Z [gw1] [  3%] PASSED tests/auth/test_license_validator.py::test_install_license_production_vault_guards 
test-ubuntu (3.14)	Run tests	2026-05-19T19:35:24.1537908Z tests/chaos/fleet/test_chaos.py::test_chaos_execution[profile0-container_crash-node-0-False] 
test-ubuntu (3.14)	Run tests	2026-05-19T19:35:24.1608130Z [gw1] [  4%] PASSED tests/chaos/fleet/test_chaos.py::test_chaos_execution[profile0-container_crash-node-0-False] 
test-ubuntu (3.14)	Run tests	2026-05-19T19:35:24.2676349Z tests/chaos/fleet/test_chaos.py::test_chaos_execution[profile1-network_partition-node-7-True] 
test-ubuntu (3.14)	Run tests	2026-05-19T19:35:24.2677847Z tests/fleet/test_daemon.py::test_autonomic_fleet_manager_scale_up_success 
test-ubuntu (3.14)	Run tests	2026-05-19T19:35:24.2678778Z [gw0] [  5%] PASSED tests/fleet/test_daemon.py::test_autonomic_fleet_manager_scale_up_success 
test-ubuntu (3.14)	Run tests	2026-05-19T19:35:24.2679642Z tests/fleet/test_daemon.py::test_autonomic_fleet_manager_scale_up_failure 
test-ubuntu (3.14)	Run tests	2026-05-19T19:35:24.2680570Z [gw0] [  6%] PASSED tests/fleet/test_daemon.py::test_autonomic_fleet_manager_scale_up_failure 
test-ubuntu (3.14)	Run tests	2026-05-19T19:35:24.2681510Z tests/fleet/test_daemon.py::test_autonomic_fleet_manager_cancelled_during_reconcile 
test-ubuntu (3.14)	Run tests	2026-05-19T19:35:24.2682491Z [gw0] [  7%] PASSED tests/fleet/test_daemon.py::test_autonomic_fleet_manager_cancelled_during_reconcile 
test-ubuntu (3.14)	Run tests	2026-05-19T19:35:24.2683437Z tests/fleet/test_daemon.py::test_autonomic_fleet_manager_exception_caught 
test-ubuntu (3.14)	Run tests	2026-05-19T19:35:24.2684316Z [gw0] [  7%] PASSED tests/fleet/test_daemon.py::test_autonomic_fleet_manager_exception_caught 
test-ubuntu (3.14)	Run tests	2026-05-19T19:35:24.2685202Z tests/fleet/test_daemon_coverage.py::test_daemon_cooldown_decrement 
test-ubuntu (3.14)	Run tests	2026-05-19T19:35:24.2686232Z [gw0] [  8%] PASSED tests/fleet/test_daemon_coverage.py::test_daemon_cooldown_decrement 
test-ubuntu (3.14)	Run tests	2026-05-19T19:35:24.2687078Z tests/fleet/test_daemon_coverage.py::test_daemon_idle_no_nodes 
test-ubuntu (3.14)	Run tests	2026-05-19T19:35:24.2687832Z [gw0] [  9%] PASSED tests/fleet/test_daemon_coverage.py::test_daemon_idle_no_nodes 
test-ubuntu (3.14)	Run tests	2026-05-19T19:35:24.2688648Z tests/fleet/test_skypilot_actuator.py::test_provision_node_basic 
test-ubuntu (3.14)	Run tests	2026-05-19T19:35:24.2689466Z [gw0] [ 10%] PASSED tests/fleet/test_skypilot_actuator.py::test_provision_node_basic 
test-ubuntu (3.14)	Run tests	2026-05-19T19:35:24.2690315Z tests/fleet/test_skypilot_actuator.py::test_provision_node_with_hardware 
test-ubuntu (3.14)	Run tests	2026-05-19T19:35:24.2698708Z [gw0] [ 11%] PASSED tests/fleet/test_skypilot_actuator.py::test_provision_node_with_hardware 
test-ubuntu (3.14)	Run tests	2026-05-19T19:35:24.2699566Z tests/fleet/test_skypilot_actuator.py::test_destroy_node 
test-ubuntu (3.14)	Run tests	2026-05-19T19:35:24.2700268Z [gw0] [ 11%] PASSED tests/fleet/test_skypilot_actuator.py::test_destroy_node 
test-ubuntu (3.14)	Run tests	2026-05-19T19:35:24.2700977Z tests/fleet/test_skypilot_actuator.py::test_reconcile_state 
test-ubuntu (3.14)	Run tests	2026-05-19T19:35:24.2701669Z [gw0] [ 12%] PASSED tests/fleet/test_skypilot_actuator.py::test_reconcile_state 
test-ubuntu (3.14)	Run tests	2026-05-19T19:35:24.2702492Z tests/fleet/test_skypilot_actuator.py::test_thermodynamic_guillotine 
test-ubuntu (3.14)	Run tests	2026-05-19T19:35:24.2703219Z [gw0] [ 13%] PASSED tests/fleet/test_skypilot_actuator.py::test_thermodynamic_guillotine 
test-ubuntu (3.14)	Run tests	2026-05-19T19:35:24.2704399Z tests/fleet/test_skypilot_actuator.py::test_thermodynamic_guillotine_no_breach 
test-ubuntu (3.14)	Run tests	2026-05-19T19:35:24.2705819Z [gw0] [ 14%] PASSED tests/fleet/test_skypilot_actuator.py::test_thermodynamic_guillotine_no_breach 
test-ubuntu (3.14)	Run tests	2026-05-19T19:35:24.2706887Z tests/fleet/test_skypilot_actuator.py::test_provision_node_with_mesh_injection 
test-ubuntu (3.14)	Run tests	2026-05-19T19:35:24.2707715Z [gw0] [ 14%] PASSED tests/fleet/test_skypilot_actuator.py::test_provision_node_with_mesh_injection 
test-ubuntu (3.14)	Run tests	2026-05-19T19:35:24.2708572Z tests/fleet/test_skypilot_actuator.py::test_reconcile_state_handle_exception 
test-ubuntu (3.14)	Run tests	2026-05-19T19:35:24.2709232Z [gw0] [ 15%] PASSED tests/fleet/test_skypilot_actuator.py::test_reconcile_state_handle_exception 
test-ubuntu (3.14)	Run tests	2026-05-19T19:35:24.2916826Z tests/gateway/test_semantic_router.py::test_route_intent_success 
test-ubuntu (3.14)	Run tests	2026-05-19T19:35:24.2940401Z [gw0] [ 16%] PASSED tests/gateway/test_semantic_router.py::test_route_intent_success 
test-ubuntu (3.14)	Run tests	2026-05-19T19:35:24.2953509Z tests/gateway/test_wasmcloud.py::TestURNValidation::test_all_six_categories_valid 
test-ubuntu (3.14)	Run tests	2026-05-19T19:35:24.2958970Z [gw0] [ 17%] PASSED tests/gateway/test_wasmcloud.py::TestURNValidation::test_all_six_categories_valid 
test-ubuntu (3.14)	Run tests	2026-05-19T19:35:24.2972293Z tests/gateway/test_wasmcloud.py::TestURNValidation::test_invalid_prefix_raises 
test-ubuntu (3.14)	Run tests	2026-05-19T19:35:24.2978157Z [gw0] [ 18%] PASSED tests/gateway/test_wasmcloud.py::TestURNValidation::test_invalid_prefix_raises 
test-ubuntu (3.14)	Run tests	2026-05-19T19:35:24.2987940Z tests/gateway/test_wasmcloud.py::TestURNValidation::test_empty_urn_raises 
test-ubuntu (3.14)	Run tests	2026-05-19T19:35:24.2993170Z [gw0] [ 18%] PASSED tests/gateway/test_wasmcloud.py::TestURNValidation::test_empty_urn_raises 
test-ubuntu (3.14)	Run tests	2026-05-19T19:35:24.3002512Z tests/gateway/test_wasmcloud.py::TestURNValidation::test_hallucinated_urn_raises 
test-ubuntu (3.14)	Run tests	2026-05-19T19:35:24.3008445Z [gw0] [ 19%] PASSED tests/gateway/test_wasmcloud.py::TestURNValidation::test_hallucinated_urn_raises 
test-ubuntu (3.14)	Run tests	2026-05-19T19:35:24.3019523Z tests/gateway/test_wasmcloud.py::TestURNValidation::test_missing_version_raises 
test-ubuntu (3.14)	Run tests	2026-05-19T19:35:24.3024678Z [gw0] [ 20%] PASSED tests/gateway/test_wasmcloud.py::TestURNValidation::test_missing_version_raises 
test-ubuntu (3.14)	Run tests	2026-05-19T19:35:24.3033882Z tests/gateway/test_wasmcloud.py::TestURNValidation::test_invalid_category_raises 
test-ubuntu (3.14)	Run tests	2026-05-19T19:35:24.3039324Z [gw0] [ 21%] PASSED tests/gateway/test_wasmcloud.py::TestURNValidation::test_invalid_category_raises 
test-ubuntu (3.14)	Run tests	2026-05-19T19:35:24.3048563Z tests/gateway/test_wasmcloud.py::TestURNKeyConversion::test_urn_to_key 
test-ubuntu (3.14)	Run tests	2026-05-19T19:35:24.3053803Z [gw0] [ 22%] PASSED tests/gateway/test_wasmcloud.py::TestURNKeyConversion::test_urn_to_key 
test-ubuntu (3.14)	Run tests	2026-05-19T19:35:24.3063011Z tests/gateway/test_wasmcloud.py::TestURNKeyConversion::test_key_to_urn 
test-ubuntu (3.14)	Run tests	2026-05-19T19:35:24.3068378Z [gw0] [ 22%] PASSED tests/gateway/test_wasmcloud.py::TestURNKeyConversion::test_key_to_urn 
test-ubuntu (3.14)	Run tests	2026-05-19T19:35:24.3077163Z tests/gateway/test_wasmcloud.py::TestURNKeyConversion::test_roundtrip_preserves_urn 
test-ubuntu (3.14)	Run tests	2026-05-19T19:35:24.3082656Z [gw0] [ 23%] PASSED tests/gateway/test_wasmcloud.py::TestURNKeyConversion::test_roundtrip_preserves_urn 
test-ubuntu (3.14)	Run tests	2026-05-19T19:35:24.3091967Z tests/gateway/test_wasmcloud.py::TestURNRegexConsistency::test_pattern_matches_expected_format 
test-ubuntu (3.14)	Run tests	2026-05-19T19:35:24.3122690Z [gw0] [ 24%] PASSED tests/gateway/test_wasmcloud.py::TestURNRegexConsistency::test_pattern_matches_expected_format 
test-ubuntu (3.14)	Run tests	2026-05-19T19:35:24.3135539Z tests/gateway/test_wasmcloud.py::TestURNRegexConsistency::test_pattern_rejects_uppercase 
test-ubuntu (3.14)	Run tests	2026-05-19T19:35:24.3137288Z [gw0] [ 25%] PASSED tests/gateway/test_wasmcloud.py::TestURNRegexConsistency::test_pattern_rejects_uppercase 
test-ubuntu (3.14)	Run tests	2026-05-19T19:35:24.3138362Z tests/gateway/test_wasmcloud.py::TestURNRegexConsistency::test_pattern_rejects_spaces 
test-ubuntu (3.14)	Run tests	2026-05-19T19:35:24.3139308Z [gw0] [ 25%] PASSED tests/gateway/test_wasmcloud.py::TestURNRegexConsistency::test_pattern_rejects_spaces 
test-ubuntu (3.14)	Run tests	2026-05-19T19:35:24.3149629Z tests/gateway/test_wasmcloud.py::TestGatewayRequestID::test_deterministic_hash 
test-ubuntu (3.14)	Run tests	2026-05-19T19:35:24.3158917Z [gw0] [ 26%] PASSED tests/gateway/test_wasmcloud.py::TestGatewayRequestID::test_deterministic_hash 
test-ubuntu (3.14)	Run tests	2026-05-19T19:35:24.3171449Z tests/gateway/test_wasmcloud.py::TestGatewayRequestID::test_different_args_different_ids 
test-ubuntu (3.14)	Run tests	2026-05-19T19:35:24.3180447Z [gw0] [ 27%] PASSED tests/gateway/test_wasmcloud.py::TestGatewayRequestID::test_different_args_different_ids 
test-ubuntu (3.14)	Run tests	2026-05-19T19:35:24.3191602Z tests/gateway/test_wasmcloud.py::TestGatewayRequestID::test_key_ordering_invariant 
test-ubuntu (3.14)	Run tests	2026-05-19T19:35:24.3212207Z [gw0] [ 28%] PASSED tests/gateway/test_wasmcloud.py::TestGatewayRequestID::test_key_ordering_invariant 
test-ubuntu (3.14)	Run tests	2026-05-19T19:35:24.3215672Z tests/gateway/test_wasmcloud.py::TestGatewayRequestID::test_id_length 
test-ubuntu (3.14)	Run tests	2026-05-19T19:35:24.3218696Z [gw0] [ 29%] PASSED tests/gateway/test_wasmcloud.py::TestGatewayRequestID::test_id_length 
test-ubuntu (3.14)	Run tests	2026-05-19T19:35:24.3222990Z tests/gateway/test_wasmcloud.py::TestNATSSubjectDerivation::test_subject_formatting 
test-ubuntu (3.14)	Run tests	2026-05-19T19:35:24.3231476Z [gw0] [ 29%] PASSED tests/gateway/test_wasmcloud.py::TestNATSSubjectDerivation::test_subject_formatting 
test-ubuntu (3.14)	Run tests	2026-05-19T19:35:24.3242098Z tests/gateway/test_wasmcloud.py::TestNATSSubjectDerivation::test_subject_contains_no_colons 
test-ubuntu (3.14)	Run tests	2026-05-19T19:35:24.3254928Z [gw0] [ 30%] PASSED tests/gateway/test_wasmcloud.py::TestNATSSubjectDerivation::test_subject_contains_no_colons 
test-ubuntu (3.14)	Run tests	2026-05-19T19:35:24.3274531Z tests/gateway/test_wasmcloud.py::TestVolumetricGuard::test_gateway_not_connected_raises 
test-ubuntu (3.14)	Run tests	2026-05-19T19:35:24.3285231Z [gw0] [ 31%] PASSED tests/gateway/test_wasmcloud.py::TestVolumetricGuard::test_gateway_not_connected_raises 
test-ubuntu (3.14)	Run tests	2026-05-19T19:35:24.3296539Z tests/gateway/test_wasmcloud.py::TestVolumetricGuard::test_max_payload_constant 
test-ubuntu (3.14)	Run tests	2026-05-19T19:35:24.3304615Z [gw0] [ 32%] PASSED tests/gateway/test_wasmcloud.py::TestVolumetricGuard::test_max_payload_constant 
test-ubuntu (3.14)	Run tests	2026-05-19T19:35:24.3315612Z tests/gateway/test_wasmcloud.py::TestRegistryHydration::test_validate_urn_rejects_invalid_in_matrix 
test-ubuntu (3.14)	Run tests	2026-05-19T19:35:24.3323757Z [gw0] [ 33%] PASSED tests/gateway/test_wasmcloud.py::TestRegistryHydration::test_validate_urn_rejects_invalid_in_matrix 
test-ubuntu (3.14)	Run tests	2026-05-19T19:35:24.3338234Z tests/gateway/test_wasmcloud.py::TestNATSRegistryIntegration::test_register_and_resolve 
test-ubuntu (3.14)	Run tests	2026-05-19T19:35:24.3350564Z [gw0] [ 33%] SKIPPED tests/gateway/test_wasmcloud.py::TestNATSRegistryIntegration::test_register_and_resolve 
test-ubuntu (3.14)	Run tests	2026-05-19T19:35:24.3357416Z tests/gateway/test_wasmcloud.py::TestNATSRegistryIntegration::test_resolve_missing_raises 
test-ubuntu (3.14)	Run tests	2026-05-19T19:35:24.3366185Z [gw0] [ 34%] SKIPPED tests/gateway/test_wasmcloud.py::TestNATSRegistryIntegration::test_resolve_missing_raises 
test-ubuntu (3.14)	Run tests	2026-05-19T19:35:24.3422734Z tests/gateway/test_wasmcloud.py::TestNATSRegistryIntegration::test_get_epistemic_status 
test-ubuntu (3.14)	Run tests	2026-05-19T19:35:24.3432760Z [gw0] [ 35%] SKIPPED tests/gateway/test_wasmcloud.py::TestNATSRegistryIntegration::test_get_epistemic_status 
test-ubuntu (3.14)	Run tests	2026-05-19T19:35:24.3457235Z tests/gateway/test_wasmcloud.py::TestNATSRegistryIntegration::test_get_epistemic_status_missing_returns_draft 
test-ubuntu (3.14)	Run tests	2026-05-19T19:35:24.3477291Z [gw0] [ 36%] SKIPPED tests/gateway/test_wasmcloud.py::TestNATSRegistryIntegration::test_get_epistemic_status_missing_returns_draft 
test-ubuntu (3.14)	Run tests	2026-05-19T19:35:24.3478914Z tests/gateway/test_wasmcloud.py::TestNATSGatewayIntegration::test_connect_and_disconnect 
test-ubuntu (3.14)	Run tests	2026-05-19T19:35:24.3480348Z [gw0] [ 37%] SKIPPED tests/gateway/test_wasmcloud.py::TestNATSGatewayIntegration::test_connect_and_disconnect 
test-ubuntu (3.14)	Run tests	2026-05-19T19:35:24.3481646Z tests/gateway/test_wasmcloud.py::TestNATSGatewayIntegration::test_discover_returns_list 
test-ubuntu (3.14)	Run tests	2026-05-19T19:35:24.3482918Z [gw0] [ 37%] SKIPPED tests/gateway/test_wasmcloud.py::TestNATSGatewayIntegration::test_discover_returns_list 
test-ubuntu (3.14)	Run tests	2026-05-19T19:35:24.3714089Z tests/infrastructure/test_topology_completeness.py::test_topology_completeness[compose_file0] 
test-ubuntu (3.14)	Run tests	2026-05-19T19:35:24.3720012Z [gw0] [ 38%] PASSED tests/infrastructure/test_topology_completeness.py::test_topology_completeness[compose_file0] 
test-ubuntu (3.14)	Run tests	2026-05-19T19:35:24.3774818Z tests/infrastructure/test_topology_completeness.py::test_topology_completeness[compose_file1] 
test-ubuntu (3.14)	Run tests	2026-05-19T19:35:24.3780500Z [gw0] [ 39%] PASSED tests/infrastructure/test_topology_completeness.py::test_topology_completeness[compose_file1] 
test-ubuntu (3.14)	Run tests	2026-05-19T19:35:24.3812289Z tests/orchestration/test_sync.py::test_detect_and_heal_drift 
test-ubuntu (3.14)	Run tests	2026-05-19T19:35:24.3822419Z [gw0] [ 40%] PASSED tests/orchestration/test_sync.py::test_detect_and_heal_drift 
test-ubuntu (3.14)	Run tests	2026-05-19T19:35:24.4383008Z tests/orchestration/test_sync.py::test_execute_sync_success 
test-ubuntu (3.14)	Run tests	2026-05-19T19:35:24.4399284Z [gw0] [ 40%] PASSED tests/orchestration/test_sync.py::test_execute_sync_success 
test-ubuntu (3.14)	Run tests	2026-05-19T19:35:24.4462502Z tests/orchestration/test_sync.py::test_execute_sync_no_compose 
test-ubuntu (3.14)	Run tests	2026-05-19T19:35:24.4474573Z [gw0] [ 41%] PASSED tests/orchestration/test_sync.py::test_execute_sync_no_compose 
test-ubuntu (3.14)	Run tests	2026-05-19T19:35:24.4571906Z tests/orchestration/test_sync.py::test_execute_sync_docker_compose_fails 
test-ubuntu (3.14)	Run tests	2026-05-19T19:35:24.4576606Z [gw0] [ 42%] PASSED tests/orchestration/test_sync.py::test_execute_sync_docker_compose_fails 
test-ubuntu (3.14)	Run tests	2026-05-19T19:35:24.4593504Z tests/orchestration/test_up.py::test_wait_for_postgres_success 
test-ubuntu (3.14)	Run tests	2026-05-19T19:35:24.4600064Z [gw0] [ 43%] PASSED tests/orchestration/test_up.py::test_wait_for_postgres_success 
test-ubuntu (3.14)	Run tests	2026-05-19T19:35:24.4632973Z tests/orchestration/test_up.py::test_wait_for_postgres_timeout 
test-ubuntu (3.14)	Run tests	2026-05-19T19:35:24.4641328Z [gw0] [ 44%] PASSED tests/orchestration/test_up.py::test_wait_for_postgres_timeout 
test-ubuntu (3.14)	Run tests	2026-05-19T19:35:24.6656245Z tests/orchestration/test_up.py::test_wait_for_temporal_success 
test-ubuntu (3.14)	Run tests	2026-05-19T19:35:24.6705221Z [gw1] [ 44%] PASSED tests/chaos/fleet/test_chaos.py::test_chaos_execution[profile1-network_partition-node-7-True] 
test-ubuntu (3.14)	Run tests	2026-05-19T19:35:25.1492902Z tests/chaos/fleet/test_chaos.py::test_chaos_execution[profile2-memory_pressure-node-0-True] 
test-ubuntu (3.14)	Run tests	2026-05-19T19:35:25.1499040Z [gw0] [ 45%] PASSED tests/orchestration/test_up.py::test_wait_for_temporal_success 
test-ubuntu (3.14)	Run tests	2026-05-19T19:35:25.1527297Z tests/orchestration/test_up.py::test_wait_for_temporal_timeout 
test-ubuntu (3.14)	Run tests	2026-05-19T19:35:25.1532400Z [gw0] [ 46%] PASSED tests/orchestration/test_up.py::test_wait_for_temporal_timeout 
test-ubuntu (3.14)	Run tests	2026-05-19T19:35:25.1557449Z tests/orchestration/test_up.py::test_wait_for_port_success 
test-ubuntu (3.14)	Run tests	2026-05-19T19:35:25.1562556Z [gw0] [ 47%] PASSED tests/orchestration/test_up.py::test_wait_for_port_success 
test-ubuntu (3.14)	Run tests	2026-05-19T19:35:25.1584887Z tests/orchestration/test_up.py::test_wait_for_port_timeout 
test-ubuntu (3.14)	Run tests	2026-05-19T19:35:25.1590164Z [gw0] [ 48%] PASSED tests/orchestration/test_up.py::test_wait_for_port_timeout 
test-ubuntu (3.14)	Run tests	2026-05-19T19:35:25.1654011Z tests/orchestration/test_up.py::test_execute_up_success 
test-ubuntu (3.14)	Run tests	2026-05-19T19:35:25.1660047Z [gw0] [ 48%] PASSED tests/orchestration/test_up.py::test_execute_up_success 
test-ubuntu (3.14)	Run tests	2026-05-19T19:35:25.1683268Z tests/orchestration/test_up.py::test_provision_swarm_topology 
test-ubuntu (3.14)	Run tests	2026-05-19T19:35:25.1690143Z [gw0] [ 49%] PASSED tests/orchestration/test_up.py::test_provision_swarm_topology 
test-ubuntu (3.14)	Run tests	2026-05-19T19:35:25.1703299Z tests/test_cli.py::test_version_callback_true 
test-ubuntu (3.14)	Run tests	2026-05-19T19:35:25.1707529Z [gw0] [ 50%] PASSED tests/test_cli.py::test_version_callback_true 
test-ubuntu (3.14)	Run tests	2026-05-19T19:35:25.1722898Z tests/test_cli.py::test_version_callback_package_not_found 
test-ubuntu (3.14)	Run tests	2026-05-19T19:35:25.1726395Z [gw0] [ 51%] PASSED tests/test_cli.py::test_version_callback_package_not_found 
test-ubuntu (3.14)	Run tests	2026-05-19T19:35:25.1735495Z tests/test_cli.py::test_version_callback_false 
test-ubuntu (3.14)	Run tests	2026-05-19T19:35:25.1739142Z [gw0] [ 51%] PASSED tests/test_cli.py::test_version_callback_false 
test-ubuntu (3.14)	Run tests	2026-05-19T19:35:25.1770584Z tests/test_cli.py::test_cli_up 
test-ubuntu (3.14)	Run tests	2026-05-19T19:35:25.1782382Z [gw1] [ 52%] PASSED tests/chaos/fleet/test_chaos.py::test_chaos_execution[profile2-memory_pressure-node-0-True] 
test-ubuntu (3.14)	Run tests	2026-05-19T19:35:25.1787469Z tests/e2e_swarm/test_happy_path.py::test_tripartite_happy_path 
test-ubuntu (3.14)	Run tests	2026-05-19T19:35:25.1792941Z [gw0] [ 53%] PASSED tests/test_cli.py::test_cli_up 
test-ubuntu (3.14)	Run tests	2026-05-19T19:35:25.1906871Z tests/test_cli.py::test_cli_doctor 
test-ubuntu (3.14)	Run tests	2026-05-19T19:35:25.1925587Z [gw0] [ 54%] PASSED tests/test_cli.py::test_cli_doctor 
test-ubuntu (3.14)	Run tests	2026-05-19T19:35:25.1955201Z tests/test_cli.py::test_cli_sync 
test-ubuntu (3.14)	Run tests	2026-05-19T19:35:25.2093849Z [gw0] [ 55%] PASSED tests/test_cli.py::test_cli_sync 
test-ubuntu (3.14)	Run tests	2026-05-19T19:35:25.2116955Z tests/test_cli.py::test_cli_build_docs 
test-ubuntu (3.14)	Run tests	2026-05-19T19:35:25.2145599Z [gw0] [ 55%] PASSED tests/test_cli.py::test_cli_build_docs 
test-ubuntu (3.14)	Run tests	2026-05-19T19:35:25.2203365Z tests/test_cli.py::test_cli_build_docs_failure 
test-ubuntu (3.14)	Run tests	2026-05-19T19:35:25.2216964Z [gw0] [ 56%] PASSED tests/test_cli.py::test_cli_build_docs_failure 
test-ubuntu (3.14)	Run tests	2026-05-19T19:35:25.2246893Z tests/test_cli.py::test_cli_main 
test-ubuntu (3.14)	Run tests	2026-05-19T19:35:25.2276941Z [gw0] [ 57%] PASSED tests/test_cli.py::test_cli_main 
test-ubuntu (3.14)	Run tests	2026-05-19T19:35:25.2278058Z tests/unit/auth/test_identity_manager.py::test_extract_workload_identity_spiffe_only 
test-ubuntu (3.14)	Run tests	2026-05-19T19:35:25.2307297Z [gw0] [ 58%] PASSED tests/unit/auth/test_identity_manager.py::test_extract_workload_identity_spiffe_only 
test-ubuntu (3.14)	Run tests	2026-05-19T19:35:25.2337173Z tests/unit/auth/test_identity_manager.py::test_extract_workload_identity_jwt_only 
test-ubuntu (3.14)	Run tests	2026-05-19T19:35:25.2367083Z [gw0] [ 59%] PASSED tests/unit/auth/test_identity_manager.py::test_extract_workload_identity_jwt_only 
test-ubuntu (3.14)	Run tests	2026-05-19T19:35:25.2368423Z tests/unit/auth/test_identity_manager.py::test_extract_workload_identity_jwt_and_spiffe 
test-ubuntu (3.14)	Run tests	2026-05-19T19:35:25.2397150Z [gw0] [ 59%] PASSED tests/unit/auth/test_identity_manager.py::test_extract_workload_identity_jwt_and_spiffe 
test-ubuntu (3.14)	Run tests	2026-05-19T19:35:25.2424393Z tests/unit/auth/test_identity_manager.py::test_extract_workload_identity_case_insensitivity 
test-ubuntu (3.14)	Run tests	2026-05-19T19:35:25.2457324Z [gw0] [ 60%] PASSED tests/unit/auth/test_identity_manager.py::test_extract_workload_identity_case_insensitivity 
test-ubuntu (3.14)	Run tests	2026-05-19T19:35:25.2486874Z tests/unit/auth/test_identity_manager.py::test_extract_workload_identity_mixed_case 
test-ubuntu (3.14)	Run tests	2026-05-19T19:35:25.2516981Z [gw0] [ 61%] PASSED tests/unit/auth/test_identity_manager.py::test_extract_workload_identity_mixed_case 
test-ubuntu (3.14)	Run tests	2026-05-19T19:35:25.2518865Z tests/unit/auth/test_identity_manager.py::test_extract_workload_identity_tenant_cid 
test-ubuntu (3.14)	Run tests	2026-05-19T19:35:25.2547159Z [gw0] [ 62%] PASSED tests/unit/auth/test_identity_manager.py::test_extract_workload_identity_tenant_cid 
test-ubuntu (3.14)	Run tests	2026-05-19T19:35:25.2577285Z tests/unit/core/test_docs_generator.py::test_generate_dynamic_docs_success 
test-ubuntu (3.14)	Run tests	2026-05-19T19:35:25.2607168Z [gw0] [ 62%] PASSED tests/unit/core/test_docs_generator.py::test_generate_dynamic_docs_success 
test-ubuntu (3.14)	Run tests	2026-05-19T19:35:25.2627401Z tests/unit/core/test_docs_generator.py::test_generate_dynamic_docs_defaults_missing_schema 
test-ubuntu (3.14)	Run tests	2026-05-19T19:35:25.2637089Z [gw0] [ 63%] PASSED tests/unit/core/test_docs_generator.py::test_generate_dynamic_docs_defaults_missing_schema 
test-ubuntu (3.14)	Run tests	2026-05-19T19:35:25.2667037Z tests/unit/core/test_docs_generator.py::test_generate_dynamic_docs_defaults_with_schema 
test-ubuntu (3.14)	Run tests	2026-05-19T19:35:25.2697147Z [gw0] [ 64%] PASSED tests/unit/core/test_docs_generator.py::test_generate_dynamic_docs_defaults_with_schema 
test-ubuntu (3.14)	Run tests	2026-05-19T19:35:25.2727040Z tests/unit/orchestration/test_isomorphism_probe.py::test_execute_oracle_diagnostic_all_success 
test-ubuntu (3.14)	Run tests	2026-05-19T19:35:25.2728568Z [gw0] [ 65%] PASSED tests/unit/orchestration/test_isomorphism_probe.py::test_execute_oracle_diagnostic_all_success 
test-ubuntu (3.14)	Run tests	2026-05-19T19:35:25.2757064Z tests/unit/orchestration/test_isomorphism_probe.py::test_execute_oracle_diagnostic_all_failures 
test-ubuntu (3.14)	Run tests	2026-05-19T19:35:25.2787028Z [gw0] [ 66%] PASSED tests/unit/orchestration/test_isomorphism_probe.py::test_execute_oracle_diagnostic_all_failures 
test-ubuntu (3.14)	Run tests	2026-05-19T19:35:25.2928745Z tests/unit/orchestration/test_isomorphism_probe.py::test_execute_oracle_diagnostic_http_errors 
test-ubuntu (3.14)	Run tests	2026-05-19T19:35:25.2967335Z [gw0] [ 66%] PASSED tests/unit/orchestration/test_isomorphism_probe.py::test_execute_oracle_diagnostic_http_errors 
test-ubuntu (3.14)	Run tests	2026-05-19T19:35:25.3177439Z tests/unit/orchestration/test_isomorphism_probe.py::test_execute_oracle_diagnostic_epistemic_http_error 
test-ubuntu (3.14)	Run tests	2026-05-19T19:35:25.3200448Z [gw0] [ 67%] PASSED tests/unit/orchestration/test_isomorphism_probe.py::test_execute_oracle_diagnostic_epistemic_http_error 
test-ubuntu (3.14)	Run tests	2026-05-19T19:35:25.3347788Z tests/unit/orchestration/test_isomorphism_probe.py::test_execute_oracle_diagnostic_epistemic_timeout 
test-ubuntu (3.14)	Run tests	2026-05-19T19:35:25.3377193Z [gw0] [ 68%] PASSED tests/unit/orchestration/test_isomorphism_probe.py::test_execute_oracle_diagnostic_epistemic_timeout 
test-ubuntu (3.14)	Run tests	2026-05-19T19:35:25.3401298Z tests/unit/orchestration/test_registry.py::test_calculate_epistemic_root_all_files_exist 
test-ubuntu (3.14)	Run tests	2026-05-19T19:35:25.3425990Z [gw0] [ 69%] PASSED tests/unit/orchestration/test_registry.py::test_calculate_epistemic_root_all_files_exist 
test-ubuntu (3.14)	Run tests	2026-05-19T19:35:25.3452753Z tests/unit/orchestration/test_registry.py::test_calculate_epistemic_root_missing_files_package_error 
test-ubuntu (3.14)	Run tests	2026-05-19T19:35:25.3454415Z [gw0] [ 70%] PASSED tests/unit/orchestration/test_registry.py::test_calculate_epistemic_root_missing_files_package_error 
test-ubuntu (3.14)	Run tests	2026-05-19T19:35:25.3465621Z tests/unit/orchestration/test_registry.py::test_write_registry_lock 
test-ubuntu (3.14)	Run tests	2026-05-19T19:35:25.3503079Z [gw0] [ 70%] PASSED tests/unit/orchestration/test_registry.py::test_write_registry_lock 
test-ubuntu (3.14)	Run tests	2026-05-19T19:35:25.3528385Z tests/unit/orchestration/test_registry.py::test_read_registry_lock_valid 
test-ubuntu (3.14)	Run tests	2026-05-19T19:35:25.3538744Z [gw0] [ 71%] PASSED tests/unit/orchestration/test_registry.py::test_read_registry_lock_valid 
test-ubuntu (3.14)	Run tests	2026-05-19T19:35:25.3544092Z tests/unit/orchestration/test_registry.py::test_read_registry_lock_invalid_json 
test-ubuntu (3.14)	Run tests	2026-05-19T19:35:25.3546546Z [gw0] [ 72%] PASSED tests/unit/orchestration/test_registry.py::test_read_registry_lock_invalid_json 
test-ubuntu (3.14)	Run tests	2026-05-19T19:35:25.3584589Z tests/unit/orchestration/test_registry.py::test_read_registry_lock_missing 
test-ubuntu (3.14)	Run tests	2026-05-19T19:35:25.3634842Z [gw0] [ 73%] PASSED tests/unit/orchestration/test_registry.py::test_read_registry_lock_missing 
test-ubuntu (3.14)	Run tests	2026-05-19T19:35:25.3781704Z tests/unit/test_infrastructure.py::test_deployment_continuum_helm_values 
test-ubuntu (3.14)	Run tests	2026-05-19T19:35:25.3807107Z [gw0] [ 74%] PASSED tests/unit/test_infrastructure.py::test_deployment_continuum_helm_values 
test-ubuntu (3.14)	Run tests	2026-05-19T19:35:25.3998005Z tests/unit/test_infrastructure.py::test_edge_compose_integrity 
test-ubuntu (3.14)	Run tests	2026-05-19T19:35:25.4011627Z [gw0] [ 74%] PASSED tests/unit/test_infrastructure.py::test_edge_compose_integrity 
test-ubuntu (3.14)	Run tests	2026-05-19T19:35:29.7457868Z tests/unit/test_main.py::test_main_execution 
test-ubuntu (3.14)	Run tests	2026-05-19T19:35:29.7474369Z [gw1] [ 75%] PASSED tests/e2e_swarm/test_happy_path.py::test_tripartite_happy_path 
test-ubuntu (3.14)	Run tests	2026-05-19T19:35:29.8387368Z tests/e2e_swarm/test_happy_path.py::test_hollow_plane_manifest_validation 
test-ubuntu (3.14)	Run tests	2026-05-19T19:35:29.8441694Z [gw1] [ 76%] PASSED tests/e2e_swarm/test_happy_path.py::test_hollow_plane_manifest_validation 
test-ubuntu (3.14)	Run tests	2026-05-19T19:35:29.9503498Z tests/e2e_swarm/test_happy_path.py::test_asset_forge_deficit_remediation 
test-ubuntu (3.14)	Run tests	2026-05-19T19:35:29.9549479Z [gw1] [ 77%] PASSED tests/e2e_swarm/test_happy_path.py::test_asset_forge_deficit_remediation 
test-ubuntu (3.14)	Run tests	2026-05-19T19:35:30.0288300Z tests/e2e_swarm/test_happy_path.py::test_wasm_sandbox_guillotine 
test-ubuntu (3.14)	Run tests	2026-05-19T19:35:30.0321225Z [gw1] [ 77%] PASSED tests/e2e_swarm/test_happy_path.py::test_wasm_sandbox_guillotine 
test-ubuntu (3.14)	Run tests	2026-05-19T19:35:30.9996478Z tests/e2e_swarm/test_happy_path.py::test_temporal_rehydration_chaos 
test-ubuntu (3.14)	Run tests	2026-05-19T19:35:31.0007263Z [gw0] [ 78%] FAILED tests/unit/test_main.py::test_main_execution 
test-ubuntu (3.14)	Run tests	2026-05-19T19:35:31.0030034Z tests/unit/utils/test_telemetry.py::test_bind_epistemic_context 
test-ubuntu (3.14)	Run tests	2026-05-19T19:35:31.0037183Z [gw0] [ 79%] PASSED tests/unit/utils/test_telemetry.py::test_bind_epistemic_context 
test-ubuntu (3.14)	Run tests	2026-05-19T19:35:31.0101977Z tests/unit/utils/test_telemetry.py::test_intercept_handler 
test-ubuntu (3.14)	Run tests	2026-05-19T19:35:31.0109396Z [gw0] [ 80%] PASSED tests/unit/utils/test_telemetry.py::test_intercept_handler 
test-ubuntu (3.14)	Run tests	2026-05-19T19:35:31.0119341Z tests/unit/utils/test_telemetry.py::test_patch_record 
test-ubuntu (3.14)	Run tests	2026-05-19T19:35:31.0126620Z [gw0] [ 81%] PASSED tests/unit/utils/test_telemetry.py::test_patch_record 
test-ubuntu (3.14)	Run tests	2026-05-19T19:35:31.0135958Z tests/unit/utils/test_telemetry.py::test_redaction_filter_dev 
test-ubuntu (3.14)	Run tests	2026-05-19T19:35:31.0143492Z [gw0] [ 81%] PASSED tests/unit/utils/test_telemetry.py::test_redaction_filter_dev 
test-ubuntu (3.14)	Run tests	2026-05-19T19:35:31.0153655Z tests/unit/utils/test_telemetry.py::test_redaction_filter_prod 
test-ubuntu (3.14)	Run tests	2026-05-19T19:35:31.0160506Z [gw0] [ 82%] PASSED tests/unit/utils/test_telemetry.py::test_redaction_filter_prod 
test-ubuntu (3.14)	Run tests	2026-05-19T19:35:31.0182362Z tests/unit/utils/test_telemetry.py::test_telemetry_model_success 
test-ubuntu (3.14)	Run tests	2026-05-19T19:35:31.0189681Z [gw0] [ 83%] PASSED tests/unit/utils/test_telemetry.py::test_telemetry_model_success 
test-ubuntu (3.14)	Run tests	2026-05-19T19:35:31.0224372Z tests/unit/utils/test_telemetry.py::test_telemetry_model_failure_diagnostics 
test-ubuntu (3.14)	Run tests	2026-05-19T19:35:31.0231150Z [gw0] [ 84%] PASSED tests/unit/utils/test_telemetry.py::test_telemetry_model_failure_diagnostics 
test-ubuntu (3.14)	Run tests	2026-05-19T19:35:31.0254817Z tests/unit/utils/test_telemetry.py::test_telemetry_model_failure_no_diagnostics 
test-ubuntu (3.14)	Run tests	2026-05-19T19:35:31.0262709Z [gw0] [ 85%] PASSED tests/unit/utils/test_telemetry.py::test_telemetry_model_failure_no_diagnostics 
test-ubuntu (3.14)	Run tests	2026-05-19T19:35:31.0271311Z tests/unit/utils/test_telemetry.py::test_logger_patch_record_none 
test-ubuntu (3.14)	Run tests	2026-05-19T19:35:31.0278510Z [gw0] [ 85%] PASSED tests/unit/utils/test_telemetry.py::test_logger_patch_record_none 
test-ubuntu (3.14)	Run tests	2026-05-19T19:35:31.0289945Z tests/unit/utils/test_telemetry.py::test_emit_span_event 
test-ubuntu (3.14)	Run tests	2026-05-19T19:35:31.0298219Z [gw0] [ 86%] PASSED tests/unit/utils/test_telemetry.py::test_emit_span_event 
test-ubuntu (3.14)	Run tests	2026-05-19T19:35:31.0311139Z tests/unit/utils/test_utils.py::test_logger_exists_and_functions 
test-ubuntu (3.14)	Run tests	2026-05-19T19:35:31.0876306Z [gw0] [ 87%] PASSED tests/unit/utils/test_utils.py::test_logger_exists_and_functions 
test-ubuntu (3.14)	Run tests	2026-05-19T19:35:31.0887250Z [gw1] [ 88%] PASSED tests/e2e_swarm/test_happy_path.py::test_temporal_rehydration_chaos 
test-ubuntu (3.14)	Run tests	2026-05-19T19:35:31.1137300Z tests/e2e_swarm/test_happy_path.py::test_sse_telemetry_streaming 
test-ubuntu (3.14)	Run tests	2026-05-19T19:35:31.1149806Z [gw1] [ 88%] PASSED tests/e2e_swarm/test_happy_path.py::test_sse_telemetry_streaming 
test-ubuntu (3.14)	Run tests	2026-05-19T19:35:31.1307627Z tests/fleet/test_daemon.py::test_autonomic_fleet_manager_scale_zero 
test-ubuntu (3.14)	Run tests	2026-05-19T19:35:31.1313400Z [gw1] [ 89%] PASSED tests/fleet/test_daemon.py::test_autonomic_fleet_manager_scale_zero 
test-ubuntu (3.14)	Run tests	2026-05-19T19:35:31.1430840Z tests/gateway/test_semantic_router.py::test_route_intent_failure_graceful 
test-ubuntu (3.14)	Run tests	2026-05-19T19:35:31.1460514Z [gw1] [ 90%] PASSED tests/gateway/test_semantic_router.py::test_route_intent_failure_graceful 
test-ubuntu (3.14)	Run tests	2026-05-19T19:35:31.1662502Z tests/gateway/test_semantic_router.py::test_route_intent_unreachable_graceful 
test-ubuntu (3.14)	Run tests	2026-05-19T19:35:31.1681636Z [gw1] [ 91%] PASSED tests/gateway/test_semantic_router.py::test_route_intent_unreachable_graceful 
test-ubuntu (3.14)	Run tests	2026-05-19T19:35:31.1690784Z tests/gateway/test_semantic_router.py::test_legacy_stubs 
test-ubuntu (3.14)	Run tests	2026-05-19T19:35:31.1695282Z [gw1] [ 92%] PASSED tests/gateway/test_semantic_router.py::test_legacy_stubs 
test-ubuntu (3.14)	Run tests	2026-05-19T19:35:31.1791814Z tests/gateway/test_semantic_router.py::test_router_close 
test-ubuntu (3.14)	Run tests	2026-05-19T19:35:31.1798244Z [gw1] [ 92%] PASSED tests/gateway/test_semantic_router.py::test_router_close 
test-ubuntu (3.14)	Run tests	2026-05-19T19:35:31.1803390Z tests/gateway/test_state_manifests.py::test_capability_entry_valid 
test-ubuntu (3.14)	Run tests	2026-05-19T19:35:31.1807723Z [gw1] [ 93%] PASSED tests/gateway/test_state_manifests.py::test_capability_entry_valid 
test-ubuntu (3.14)	Run tests	2026-05-19T19:35:31.1828978Z tests/gateway/test_state_manifests.py::test_capability_entry_defaults 
test-ubuntu (3.14)	Run tests	2026-05-19T19:35:31.1835784Z [gw1] [ 94%] PASSED tests/gateway/test_state_manifests.py::test_capability_entry_defaults 
test-ubuntu (3.14)	Run tests	2026-05-19T19:35:31.1846270Z tests/gateway/test_state_manifests.py::test_capability_entry_invalid_urn_pattern 
test-ubuntu (3.14)	Run tests	2026-05-19T19:35:31.1850749Z [gw1] [ 95%] PASSED tests/gateway/test_state_manifests.py::test_capability_entry_invalid_urn_pattern 
test-ubuntu (3.14)	Run tests	2026-05-19T19:35:31.1859713Z tests/gateway/test_state_manifests.py::test_capability_entry_invalid_clearance 
test-ubuntu (3.14)	Run tests	2026-05-19T19:35:31.1864051Z [gw1] [ 96%] PASSED tests/gateway/test_state_manifests.py::test_capability_entry_invalid_clearance 
test-ubuntu (3.14)	Run tests	2026-05-19T19:35:31.1872709Z tests/gateway/test_state_manifests.py::test_capability_entry_invalid_epistemic_status 
test-ubuntu (3.14)	Run tests	2026-05-19T19:35:31.1877564Z [gw1] [ 96%] PASSED tests/gateway/test_state_manifests.py::test_capability_entry_invalid_epistemic_status 
test-ubuntu (3.14)	Run tests	2026-05-19T19:35:31.1884909Z tests/gateway/test_state_manifests.py::test_capability_matrix_valid 
test-ubuntu (3.14)	Run tests	2026-05-19T19:35:31.1889905Z [gw1] [ 97%] PASSED tests/gateway/test_state_manifests.py::test_capability_matrix_valid 
test-ubuntu (3.14)	Run tests	2026-05-19T19:35:31.1898041Z tests/gateway/test_state_manifests.py::test_capability_matrix_empty 
test-ubuntu (3.14)	Run tests	2026-05-19T19:35:31.1903377Z [gw1] [ 98%] PASSED tests/gateway/test_state_manifests.py::test_capability_matrix_empty 
test-ubuntu (3.14)	Run tests	2026-05-19T19:35:31.1911824Z tests/gateway/test_wasmcloud.py::TestURNValidation::test_valid_coreason_urn 
test-ubuntu (3.14)	Run tests	2026-05-19T19:35:31.1920057Z [gw1] [ 99%] PASSED tests/gateway/test_wasmcloud.py::TestURNValidation::test_valid_coreason_urn 
test-ubuntu (3.14)	Run tests	2026-05-19T19:35:31.1926403Z tests/gateway/test_wasmcloud.py::TestURNValidation::test_valid_federated_urn 
test-ubuntu (3.14)	Run tests	2026-05-19T19:35:40.2697956Z /home/runner/work/coreason-ecosystem/coreason-ecosystem/.venv/lib/python3.14/site-packages/_pytest/unraisableexception.py:33: RuntimeWarning: coroutine 'Client.connect' was never awaited
test-ubuntu (3.14)	Run tests	2026-05-19T19:35:40.2699846Z   gc.collect()
test-ubuntu (3.14)	Run tests	2026-05-19T19:35:40.2700622Z RuntimeWarning: Enable tracemalloc to get the object allocation traceback
test-ubuntu (3.14)	Run tests	2026-05-19T19:35:47.4624589Z --- Logging error in Loguru Handler #1 ---
test-ubuntu (3.14)	Run tests	2026-05-19T19:35:47.4632312Z Record was: {'elapsed': datetime.timedelta(seconds=31, microseconds=88896), 'exception': None, 'extra': {}, 'file': (name='__init__.py', path='/home/runner/work/coreason-ecosystem/coreason-ecosystem/.venv/lib/python3.14/site-packages/opentelemetry/exporter/otlp/proto/http/_log_exporter/__init__.py'), 'function': 'export', 'level': (name='ERROR', no=40, icon='Γ¥î'), 'line': 217, 'message': 'Failed to export logs batch due to timeout, max retries or shutdown.', 'module': '__init__', 'name': 'opentelemetry.exporter.otlp.proto.http._log_exporter', 'process': (id=10182, name='MainProcess'), 'thread': (id=139665339307712, name='OtelBatchLogRecordProcessor'), 'time': datetime(2026, 5, 19, 19, 35, 47, 461960, tzinfo=datetime.timezone(datetime.timedelta(0), 'UTC'))}
test-ubuntu (3.14)	Run tests	2026-05-19T19:35:47.4636804Z Traceback (most recent call last):
test-ubuntu (3.14)	Run tests	2026-05-19T19:35:47.4646406Z   File "/home/runner/work/coreason-ecosystem/coreason-ecosystem/.venv/lib/python3.14/site-packages/loguru/_handler.py", line 206, in emit
test-ubuntu (3.14)	Run tests	2026-05-19T19:35:47.4647491Z     self._sink.write(str_record)
test-ubuntu (3.14)	Run tests	2026-05-19T19:35:47.4647890Z     ~~~~~~~~~~~~~~~~^^^^^^^^^^^^
test-ubuntu (3.14)	Run tests	2026-05-19T19:35:47.4648926Z   File "/home/runner/work/coreason-ecosystem/coreason-ecosystem/.venv/lib/python3.14/site-packages/loguru/_simple_sinks.py", line 16, in write
test-ubuntu (3.14)	Run tests	2026-05-19T19:35:47.4649961Z     self._stream.write(message)
test-ubuntu (3.14)	Run tests	2026-05-19T19:35:47.4650332Z     ~~~~~~~~~~~~~~~~~~^^^^^^^^^
test-ubuntu (3.14)	Run tests	2026-05-19T19:35:47.4650726Z ValueError: I/O operation on closed file.
test-ubuntu (3.14)	Run tests	2026-05-19T19:35:47.4651178Z --- End of logging error ---
test-ubuntu (3.14)	Run tests	2026-05-19T19:35:47.4653466Z --- Logging error in Loguru Handler #1 ---
test-ubuntu (3.14)	Run tests	2026-05-19T19:35:47.4658916Z Record was: {'elapsed': datetime.timedelta(seconds=31, microseconds=92131), 'exception': None, 'extra': {}, 'file': (name='__init__.py', path='/home/runner/work/coreason-ecosystem/coreason-ecosystem/.venv/lib/python3.14/site-packages/opentelemetry/sdk/_shared_internal/__init__.py'), 'function': 'emit', 'level': (name='INFO', no=20, icon='Γä╣∩╕Å'), 'line': 212, 'message': 'Shutdown called, ignoring Log.', 'module': '__init__', 'name': 'opentelemetry.sdk._shared_internal', 'process': (id=10182, name='MainProcess'), 'thread': (id=139665339307712, name='OtelBatchLogRecordProcessor'), 'time': datetime(2026, 5, 19, 19, 35, 47, 465195, tzinfo=datetime.timezone(datetime.timedelta(0), 'UTC'))}
test-ubuntu (3.14)	Run tests	2026-05-19T19:35:47.4662772Z Traceback (most recent call last):
test-ubuntu (3.14)	Run tests	2026-05-19T19:35:47.4663871Z   File "/home/runner/work/coreason-ecosystem/coreason-ecosystem/.venv/lib/python3.14/site-packages/loguru/_handler.py", line 206, in emit
test-ubuntu (3.14)	Run tests	2026-05-19T19:35:47.4664915Z     self._sink.write(str_record)
test-ubuntu (3.14)	Run tests	2026-05-19T19:35:47.4665306Z     ~~~~~~~~~~~~~~~~^^^^^^^^^^^^
test-ubuntu (3.14)	Run tests	2026-05-19T19:35:47.4666519Z   File "/home/runner/work/coreason-ecosystem/coreason-ecosystem/.venv/lib/python3.14/site-packages/loguru/_simple_sinks.py", line 16, in write
test-ubuntu (3.14)	Run tests	2026-05-19T19:35:47.4667572Z     self._stream.write(message)
test-ubuntu (3.14)	Run tests	2026-05-19T19:35:47.4667965Z     ~~~~~~~~~~~~~~~~~~^^^^^^^^^
test-ubuntu (3.14)	Run tests	2026-05-19T19:35:47.4668364Z ValueError: I/O operation on closed file.
test-ubuntu (3.14)	Run tests	2026-05-19T19:35:47.4668827Z --- End of logging error ---
test-ubuntu (3.14)	Run tests	2026-05-19T19:35:47.4669243Z --- Logging error in Loguru Handler #3 ---
test-ubuntu (3.14)	Run tests	2026-05-19T19:35:47.4673953Z Record was: {'elapsed': datetime.timedelta(seconds=31, microseconds=92131), 'exception': None, 'extra': {}, 'file': (name='__init__.py', path='/home/runner/work/coreason-ecosystem/coreason-ecosystem/.venv/lib/python3.14/site-packages/opentelemetry/sdk/_shared_internal/__init__.py'), 'function': 'emit', 'level': (name='INFO', no=20, icon='Γä╣∩╕Å'), 'line': 212, 'message': 'Shutdown called, ignoring Log.', 'module': '__init__', 'name': 'opentelemetry.sdk._shared_internal', 'process': (id=10182, name='MainProcess'), 'thread': (id=139665339307712, name='OtelBatchLogRecordProcessor'), 'time': datetime(2026, 5, 19, 19, 35, 47, 465195, tzinfo=datetime.timezone(datetime.timedelta(0), 'UTC'))}
test-ubuntu (3.14)	Run tests	2026-05-19T19:35:47.4678425Z Traceback (most recent call last):
test-ubuntu (3.14)	Run tests	2026-05-19T19:35:47.4679511Z   File "/home/runner/work/coreason-ecosystem/coreason-ecosystem/.venv/lib/python3.14/site-packages/loguru/_handler.py", line 200, in emit
test-ubuntu (3.14)	Run tests	2026-05-19T19:35:47.4680543Z     with self._protected_lock():
test-ubuntu (3.14)	Run tests	2026-05-19T19:35:47.4680931Z          ~~~~~~~~~~~~~~~~~~~~^^
test-ubuntu (3.14)	Run tests	2026-05-19T19:35:47.4681844Z   File "/home/runner/work/_temp/uv-python-dir/cpython-3.14.5-linux-x86_64-gnu/lib/python3.14/contextlib.py", line 141, in __enter__
test-ubuntu (3.14)	Run tests	2026-05-19T19:35:47.4682780Z     return next(self.gen)
test-ubuntu (3.14)	Run tests	2026-05-19T19:35:47.4683831Z   File "/home/runner/work/coreason-ecosystem/coreason-ecosystem/.venv/lib/python3.14/site-packages/loguru/_handler.py", line 114, in _protected_lock
test-ubuntu (3.14)	Run tests	2026-05-19T19:35:47.4684906Z     raise RuntimeError(
test-ubuntu (3.14)	Run tests	2026-05-19T19:35:47.4685238Z     ...<4 lines>...
test-ubuntu (3.14)	Run tests	2026-05-19T19:35:47.4685528Z     )
test-ubuntu (3.14)	Run tests	2026-05-19T19:35:47.4687285Z RuntimeError: Could not acquire internal lock because it was already in use (deadlock avoided). This likely happened because the logger was re-used inside a sink, a signal handler or a '__del__' method. This is not permitted because the logger and its handlers are not re-entrant.
test-ubuntu (3.14)	Run tests	2026-05-19T19:35:47.4689244Z --- End of logging error ---
test-ubuntu (3.14)	Run tests	2026-05-19T19:35:47.4700972Z --- Logging error in Loguru Handler #1 ---
test-ubuntu (3.14)	Run tests	2026-05-19T19:35:47.4708556Z Record was: {'elapsed': datetime.timedelta(seconds=31, microseconds=96871), 'exception': None, 'extra': {}, 'file': (name='__init__.py', path='/home/runner/work/coreason-ecosystem/coreason-ecosystem/.venv/lib/python3.14/site-packages/opentelemetry/exporter/otlp/proto/http/_log_exporter/__init__.py'), 'function': 'export', 'level': (name='WARNING', no=30, icon='ΓÜá∩╕Å'), 'line': 222, 'message': 'Transient error HTTPConnectionPool(host=\'localhost\', port=4318): Max retries exceeded with url: /v1/logs (Caused by NewConnectionError("HTTPConnection(host=\'localhost\', port=4318): Failed to establish a new connection: [Errno 111] Connection refused")) encountered while exporting logs batch, retrying in 1.17s.', 'module': '__init__', 'name': 'opentelemetry.exporter.otlp.proto.http._log_exporter', 'process': (id=10182, name='MainProcess'), 'thread': (id=139665339307712, name='OtelBatchLogRecordProcessor'), 'time': datetime(2026, 5, 19, 19, 35, 47, 469935, tzinfo=datetime.timezone(datetime.timedelta(0), 'UTC'))}
test-ubuntu (3.14)	Run tests	2026-05-19T19:35:47.4713542Z Traceback (most recent call last):
test-ubuntu (3.14)	Run tests	2026-05-19T19:35:47.4714241Z   File "/home/runner/work/coreason-ecosystem/coreason-ecosystem/.venv/lib/python3.14/site-packages/loguru/_handler.py", line 206, in emit
test-ubuntu (3.14)	Run tests	2026-05-19T19:35:47.4714882Z     self._sink.write(str_record)
test-ubuntu (3.14)	Run tests	2026-05-19T19:35:47.4715127Z     ~~~~~~~~~~~~~~~~^^^^^^^^^^^^
test-ubuntu (3.14)	Run tests	2026-05-19T19:35:47.4715788Z   File "/home/runner/work/coreason-ecosystem/coreason-ecosystem/.venv/lib/python3.14/site-packages/loguru/_simple_sinks.py", line 16, in write
test-ubuntu (3.14)	Run tests	2026-05-19T19:35:47.4716690Z     self._stream.write(message)
test-ubuntu (3.14)	Run tests	2026-05-19T19:35:47.4716931Z     ~~~~~~~~~~~~~~~~~~^^^^^^^^^
test-ubuntu (3.14)	Run tests	2026-05-19T19:35:47.4717176Z ValueError: I/O operation on closed file.
test-ubuntu (3.14)	Run tests	2026-05-19T19:35:47.4717467Z --- End of logging error ---
test-ubuntu (3.14)	Run tests	2026-05-19T19:35:54.0360118Z [gw1] [100%] PASSED tests/gateway/test_wasmcloud.py::TestURNValidation::test_valid_federated_urn 
test-ubuntu (3.14)	Run tests	2026-05-19T19:35:54.0362785Z 
test-ubuntu (3.14)	Run tests	2026-05-19T19:35:54.0363400Z =================================== FAILURES ===================================
test-ubuntu (3.14)	Run tests	2026-05-19T19:35:54.0368219Z _____________________________ test_main_execution ______________________________
test-ubuntu (3.14)	Run tests	2026-05-19T19:35:54.0369429Z [gw0] linux -- Python 3.14.5 /home/runner/work/coreason-ecosystem/coreason-ecosystem/.venv/bin/python
test-ubuntu (3.14)	Run tests	2026-05-19T19:35:54.0370918Z 
test-ubuntu (3.14)	Run tests	2026-05-19T19:35:54.0371331Z     def test_main_execution() -> None:
test-ubuntu (3.14)	Run tests	2026-05-19T19:35:54.0372190Z         # Execute the CLI physically to satisfy Anti-Mocking "Real Test" Directive
test-ubuntu (3.14)	Run tests	2026-05-19T19:35:54.0373024Z         result = subprocess.run(
test-ubuntu (3.14)	Run tests	2026-05-19T19:35:54.0373700Z             [sys.executable, "-m", "coreason_ecosystem", "--help"],
test-ubuntu (3.14)	Run tests	2026-05-19T19:35:54.0374492Z             capture_output=True,
test-ubuntu (3.14)	Run tests	2026-05-19T19:35:54.0375323Z             text=True,
test-ubuntu (3.14)	Run tests	2026-05-19T19:35:54.0436618Z             check=True,
test-ubuntu (3.14)	Run tests	2026-05-19T19:35:54.0437253Z         )
test-ubuntu (3.14)	Run tests	2026-05-19T19:35:54.0466730Z >       assert "Usage: coreason" in result.stdout
test-ubuntu (3.14)	Run tests	2026-05-19T19:35:54.0517728Z E       AssertionError: assert 'Usage: coreason' in '\x1b[1m                                                                                \x1b[0m\n\x1b[1m \x1b[0m\x1b[1;33mUsage: \x1b[0m\x1b[1mcoreason [OPTIONS] COMMAND [ARGS]...\x1b[0m\x1b[1m                                   \x1b[0m\x1b[1m \x1b[0m\n\x1b[1m                                                                                \x1b[0m\n CoReason Meta-Orchestrator Control Plane                                       \n                                                                                \n\x1b[2mΓò¡ΓöÇ\x1b[0m\x1b[2m Options \x1b[0m\x1b[2mΓöÇΓöÇΓöÇΓöÇΓöÇΓöÇΓöÇΓöÇΓöÇΓöÇΓöÇΓöÇΓöÇΓöÇΓöÇΓöÇΓöÇΓöÇΓöÇΓöÇΓöÇΓöÇΓöÇΓöÇΓöÇΓöÇΓöÇΓöÇΓöÇΓöÇΓöÇΓöÇΓöÇΓöÇΓöÇΓöÇΓöÇΓöÇΓöÇΓöÇΓöÇΓöÇΓöÇΓöÇΓöÇΓöÇΓöÇΓöÇΓöÇΓöÇΓöÇΓöÇΓöÇΓöÇΓöÇΓöÇΓöÇΓöÇΓöÇΓöÇΓöÇΓöÇΓöÇΓöÇΓöÇΓöÇΓöÇ\x1b[0m\x1b[2mΓöÇΓò«\x1b[0m\n\x1b[2mΓöé\x1b[0m \x1b[1;36m-\x1b[0m\x1b[1;36m-version\x1b[0m             \x1b[1;32m-V\x1b[0m        Show the active hypervisor version.          \x1b[2mΓöé\x1b[0m\n\x1b[2mΓöé\x1b[0m \x1b[1;36m-\x1b[0m\x1b[1;36m-install\x1b[0m\x1b[1;36m-completion\x1b[0m            Install completion for the current shell.    \x1b[2mΓöé\x1b[0m\n\x1b[2mΓöé\x1b[0m \x1b[1;36m-\x1b[0m\x1b[1;36m-show\x1b[0m\x1b[1;36m-completion\x1b[0m               Show completion for the current shell, to    \x1b[2mΓöé\x1b[0m\n\x1b[2mΓöé\x1b[0m                                 copy it or custom...1b[0m\x1b[1;36m \x1b[0m Prove Ontological Isomorphism across the Tripartite Manifold.       \x1b[2mΓöé\x1b[0m\n\x1b[2mΓöé\x1b[0m \x1b[1;36msync   \x1b[0m\x1b[1;36m \x1b[0m Autonomically heal Ontological Drift by synchronizing schemas,      \x1b[2mΓöé\x1b[0m\n\x1b[2mΓöé\x1b[0m \x1b[1;36m        \x1b[0m recompiling capabilities, and restarting the daemon.                \x1b[2mΓöé\x1b[0m\n\x1b[2mΓöé\x1b[0m \x1b[1;36mpi     \x1b[0m\x1b[1;36m \x1b[0m Launch the pi.dev Sovereign Developer Console.                      \x1b[2mΓöé\x1b[0m\n\x1b[2mΓöé\x1b[0m \x1b[1;36mfleet  \x1b[0m\x1b[1;36m \x1b[0m Manage the autonomic Cognitive Entity compute fleet.                \x1b[2mΓöé\x1b[0m\n\x1b[2mΓöé\x1b[0m \x1b[1;36mdocs   \x1b[0m\x1b[1;36m \x1b[0m Epistemic Documentation Pipeline                                    \x1b[2mΓöé\x1b[0m\n\x1b[2mΓöé\x1b[0m \x1b[1;36mlicense\x1b[0m\x1b[1;36m \x1b[0m Sovereign Commercial License Management                             \x1b[2mΓöé\x1b[0m\n\x1b[2mΓöé\x1b[0m \x1b[1;36mdistr  \x1b[0m\x1b[1;36m \x1b[0m Distr Internal Billing & Provisioning Backend                       \x1b[2mΓöé\x1b[0m\n\x1b[2mΓò░ΓöÇΓöÇΓöÇΓöÇΓöÇΓöÇΓöÇΓöÇΓöÇΓöÇΓöÇΓöÇΓöÇΓöÇΓöÇΓöÇΓöÇΓöÇΓöÇΓöÇΓöÇΓöÇΓöÇΓöÇΓöÇΓöÇΓöÇΓöÇΓöÇΓöÇΓöÇΓöÇΓöÇΓöÇΓöÇΓöÇΓöÇΓöÇΓöÇΓöÇΓöÇΓöÇΓöÇΓöÇΓöÇΓöÇΓöÇΓöÇΓöÇΓöÇΓöÇΓöÇΓöÇΓöÇΓöÇΓöÇΓöÇΓöÇΓöÇΓöÇΓöÇΓöÇΓöÇΓöÇΓöÇΓöÇΓöÇΓöÇΓöÇΓöÇΓöÇΓöÇΓöÇΓöÇΓöÇΓöÇΓöÇΓöÇΓò»\x1b[0m\n\n'
test-ubuntu (3.14)	Run tests	2026-05-19T19:35:54.0597691Z E        +  where '\x1b[1m                                                                                \x1b[0m\n\x1b[1m \x1b[0m\x1b[1;33mUsage: \x1b[0m\x1b[1mcoreason [OPTIONS] COMMAND [ARGS]...\x1b[0m\x1b[1m                                   \x1b[0m\x1b[1m \x1b[0m\n\x1b[1m                                                                                \x1b[0m\n CoReason Meta-Orchestrator Control Plane                                       \n                                                                                \n\x1b[2mΓò¡ΓöÇ\x1b[0m\x1b[2m Options \x1b[0m\x1b[2mΓöÇΓöÇΓöÇΓöÇΓöÇΓöÇΓöÇΓöÇΓöÇΓöÇΓöÇΓöÇΓöÇΓöÇΓöÇΓöÇΓöÇΓöÇΓöÇΓöÇΓöÇΓöÇΓöÇΓöÇΓöÇΓöÇΓöÇΓöÇΓöÇΓöÇΓöÇΓöÇΓöÇΓöÇΓöÇΓöÇΓöÇΓöÇΓöÇΓöÇΓöÇΓöÇΓöÇΓöÇΓöÇΓöÇΓöÇΓöÇΓöÇΓöÇΓöÇΓöÇΓöÇΓöÇΓöÇΓöÇΓöÇΓöÇΓöÇΓöÇΓöÇΓöÇΓöÇΓöÇΓöÇΓöÇΓöÇ\x1b[0m\x1b[2mΓöÇΓò«\x1b[0m\n\x1b[2mΓöé\x1b[0m \x1b[1;36m-\x1b[0m\x1b[1;36m-version\x1b[0m             \x1b[1;32m-V\x1b[0m        Show the active hypervisor version.          \x1b[2mΓöé\x1b[0m\n\x1b[2mΓöé\x1b[0m \x1b[1;36m-\x1b[0m\x1b[1;36m-install\x1b[0m\x1b[1;36m-completion\x1b[0m            Install completion for the current shell.    \x1b[2mΓöé\x1b[0m\n\x1b[2mΓöé\x1b[0m \x1b[1;36m-\x1b[0m\x1b[1;36m-show\x1b[0m\x1b[1;36m-completion\x1b[0m               Show completion for the current shell, to    \x1b[2mΓöé\x1b[0m\n\x1b[2mΓöé\x1b[0m                                 copy it or custom...1b[0m\x1b[1;36m \x1b[0m Prove Ontological Isomorphism across the Tripartite Manifold.       \x1b[2mΓöé\x1b[0m\n\x1b[2mΓöé\x1b[0m \x1b[1;36msync   \x1b[0m\x1b[1;36m \x1b[0m Autonomically heal Ontological Drift by synchronizing schemas,      \x1b[2mΓöé\x1b[0m\n\x1b[2mΓöé\x1b[0m \x1b[1;36m        \x1b[0m recompiling capabilities, and restarting the daemon.                \x1b[2mΓöé\x1b[0m\n\x1b[2mΓöé\x1b[0m \x1b[1;36mpi     \x1b[0m\x1b[1;36m \x1b[0m Launch the pi.dev Sovereign Developer Console.                      \x1b[2mΓöé\x1b[0m\n\x1b[2mΓöé\x1b[0m \x1b[1;36mfleet  \x1b[0m\x1b[1;36m \x1b[0m Manage the autonomic Cognitive Entity compute fleet.                \x1b[2mΓöé\x1b[0m\n\x1b[2mΓöé\x1b[0m \x1b[1;36mdocs   \x1b[0m\x1b[1;36m \x1b[0m Epistemic Documentation Pipeline                                    \x1b[2mΓöé\x1b[0m\n\x1b[2mΓöé\x1b[0m \x1b[1;36mlicense\x1b[0m\x1b[1;36m \x1b[0m Sovereign Commercial License Management                             \x1b[2mΓöé\x1b[0m\n\x1b[2mΓöé\x1b[0m \x1b[1;36mdistr  \x1b[0m\x1b[1;36m \x1b[0m Distr Internal Billing & Provisioning Backend                       \x1b[2mΓöé\x1b[0m\n\x1b[2mΓò░ΓöÇΓöÇΓöÇΓöÇΓöÇΓöÇΓöÇΓöÇΓöÇΓöÇΓöÇΓöÇΓöÇΓöÇΓöÇΓöÇΓöÇΓöÇΓöÇΓöÇΓöÇΓöÇΓöÇΓöÇΓöÇΓöÇΓöÇΓöÇΓöÇΓöÇΓöÇΓöÇΓöÇΓöÇΓöÇΓöÇΓöÇΓöÇΓöÇΓöÇΓöÇΓöÇΓöÇΓöÇΓöÇΓöÇΓöÇΓöÇΓöÇΓöÇΓöÇΓöÇΓöÇΓöÇΓöÇΓöÇΓöÇΓöÇΓöÇΓöÇΓöÇΓöÇΓöÇΓöÇΓöÇΓöÇΓöÇΓöÇΓöÇΓöÇΓöÇΓöÇΓöÇΓöÇΓöÇΓöÇΓöÇΓöÇΓò»\x1b[0m\n\n' = CompletedProcess(args=['/home/runner/work/coreason-ecosystem/coreason-ecosystem/.venv/bin/python', '-m', 'coreason_ecosystem', '--help'], returncode=0, stdout='\x1b[1m                                                                                \x1b[0m\n\x1b[1m \x1b[0m\x1b[1;33mUsage: \x1b[0m\x1b[1mcoreason [OPTIONS] COMMAND [ARGS]...\x1b[0m\x1b[1m                                   \x1b[0m\x1b[1m \x1b[0m\n\x1b[1m                                                                                \x1b[0m\n CoReason Meta-Orchestrator Control Plane                                       \n                                                                                \n\x1b[2mΓò¡ΓöÇ\x1b[0m\x1b[2m Options \x1b[0m\x1b[2mΓöÇΓöÇΓöÇΓöÇΓöÇΓöÇΓöÇΓöÇΓöÇΓöÇΓöÇΓöÇΓöÇΓöÇΓöÇΓöÇΓöÇΓöÇΓöÇΓöÇΓöÇΓöÇΓöÇΓöÇΓöÇΓöÇΓöÇΓöÇΓöÇΓöÇΓöÇΓöÇΓöÇΓöÇΓöÇΓöÇΓöÇΓöÇΓöÇΓöÇΓöÇΓöÇΓöÇΓöÇΓöÇΓöÇΓöÇΓöÇΓöÇΓöÇΓöÇΓöÇΓöÇΓöÇΓöÇΓöÇΓöÇΓöÇΓöÇΓöÇΓöÇΓöÇΓöÇΓöÇΓöÇΓöÇΓöÇ\x1b[0m\x1b[2mΓöÇΓò«\x1b[0m\n\x1b[2mΓöé\x1b[0m \x1b[1;36m-\x1b[0m\x1b[1;36m-version\x1b[0m             \x1b[1;32m-V\x1b[0m        Show the active hypervisor version.          \x1b[2mΓöé\x1b[0m\n\x1b[2mΓöé\x1b[0m \x1b[1;36m-\x1b[0m\x1b[1;36m-install\x1b[0m\x1b[1;36m-completion\x1b[0m            Install completion for the current shell.    \x1b[2mΓöé\x1b[0m\n\x1b[2mΓöé\x1b[0m \x1b[1;36m-\x1b[0m\x1b[1;36m-show\x1b[0m\x1b[1;36m-...36m \x1b[0m Prove Ontological Isomorphism across the Tripartite Manifold.       \x1b[2mΓöé\x1b[0m\n\x1b[2mΓöé\x1b[0m \x1b[1;36msync   \x1b[0m\x1b[1;36m \x1b[0m Autonomically heal Ontological Drift by synchronizing schemas,      \x1b[2mΓöé\x1b[0m\n\x1b[2mΓöé\x1b[0m \x1b[1;36m        \x1b[0m recompiling capabilities, and restarting the daemon.                \x1b[2mΓöé\x1b[0m\n\x1b[2mΓöé\x1b[0m \x1b[1;36mpi     \x1b[0m\x1b[1;36m \x1b[0m Launch the pi.dev Sovereign Developer Console.                      \x1b[2mΓöé\x1b[0m\n\x1b[2mΓöé\x1b[0m \x1b[1;36mfleet  \x1b[0m\x1b[1;36m \x1b[0m Manage the autonomic Cognitive Entity compute fleet.                \x1b[2mΓöé\x1b[0m\n\x1b[2mΓöé\x1b[0m \x1b[1;36mdocs   \x1b[0m\x1b[1;36m \x1b[0m Epistemic Documentation Pipeline                                    \x1b[2mΓöé\x1b[0m\n\x1b[2mΓöé\x1b[0m \x1b[1;36mlicense\x1b[0m\x1b[1;36m \x1b[0m Sovereign Commercial License Management                             \x1b[2mΓöé\x1b[0m\n\x1b[2mΓöé\x1b[0m \x1b[1;36mdistr  \x1b[0m\x1b[1;36m \x1b[0m Distr Internal Billing & Provisioning Backend                       \x1b[2mΓöé\x1b[0m\n\x1b[2mΓò░ΓöÇΓöÇΓöÇΓöÇΓöÇΓöÇΓöÇΓöÇΓöÇΓöÇΓöÇΓöÇΓöÇΓöÇΓöÇΓöÇΓöÇΓöÇΓöÇΓöÇΓöÇΓöÇΓöÇΓöÇΓöÇΓöÇΓöÇΓöÇΓöÇΓöÇΓöÇΓöÇΓöÇΓöÇΓöÇΓöÇΓöÇΓöÇΓöÇΓöÇΓöÇΓöÇΓöÇΓöÇΓöÇΓöÇΓöÇΓöÇΓöÇΓöÇΓöÇΓöÇΓöÇΓöÇΓöÇΓöÇΓöÇΓöÇΓöÇΓöÇΓöÇΓöÇΓöÇΓöÇΓöÇΓöÇΓöÇΓöÇΓöÇΓöÇΓöÇΓöÇΓöÇΓöÇΓöÇΓöÇΓöÇΓöÇΓò»\x1b[0m\n\n', stderr='').stdout
test-ubuntu (3.14)	Run tests	2026-05-19T19:35:54.0618154Z 
test-ubuntu (3.14)	Run tests	2026-05-19T19:35:54.0686800Z tests/unit/test_main.py:13: AssertionError
test-ubuntu (3.14)	Run tests	2026-05-19T19:35:54.0688795Z ------------------------------ Captured log call -------------------------------
test-ubuntu (3.14)	Run tests	2026-05-19T19:35:54.0690026Z DEBUG    urllib3.connectionpool:connectionpool.py:241 Starting new HTTP connection (3): localhost:4318
test-ubuntu (3.14)	Run tests	2026-05-19T19:35:54.0717083Z DEBUG    urllib3.connectionpool:connectionpool.py:241 Starting new HTTP connection (4): localhost:4318
test-ubuntu (3.14)	Run tests	2026-05-19T19:35:54.0747319Z DEBUG    urllib3.connectionpool:connectionpool.py:241 Starting new HTTP connection (5): localhost:4318
test-ubuntu (3.14)	Run tests	2026-05-19T19:35:54.0777055Z DEBUG    urllib3.connectionpool:connectionpool.py:241 Starting new HTTP connection (6): localhost:4318
test-ubuntu (3.14)	Run tests	2026-05-19T19:35:54.0797750Z =============================== warnings summary ===============================
test-ubuntu (3.14)	Run tests	2026-05-19T19:35:54.0799899Z <string>:1
test-ubuntu (3.14)	Run tests	2026-05-19T19:35:54.0800413Z <string>:1
test-ubuntu (3.14)	Run tests	2026-05-19T19:35:54.0802020Z   <string>:1: PydanticDeprecatedSince20: `max_items` is deprecated and will be removed, use `max_length` instead. Deprecated in Pydantic V2.0 to be removed in V3.0. See Pydantic V2 Migration Guide at https://errors.pydantic.dev/2.13/migration/
test-ubuntu (3.14)	Run tests	2026-05-19T19:35:54.0823103Z 
test-ubuntu (3.14)	Run tests	2026-05-19T19:35:54.0823700Z .venv/lib/python3.14/site-packages/sky/global_user_state.py:65
test-ubuntu (3.14)	Run tests	2026-05-19T19:35:54.0824512Z .venv/lib/python3.14/site-packages/sky/global_user_state.py:65
test-ubuntu (3.14)	Run tests	2026-05-19T19:35:54.0826741Z   /home/runner/work/coreason-ecosystem/coreason-ecosystem/.venv/lib/python3.14/site-packages/sky/global_user_state.py:65: MovedIn20Warning: The ``declarative_base()`` function is now available as sqlalchemy.orm.declarative_base(). (deprecated since: 2.0) (Background on SQLAlchemy 2.0 at: https://sqlalche.me/e/b8d9)
test-ubuntu (3.14)	Run tests	2026-05-19T19:35:54.0828747Z     Base = declarative.declarative_base()
test-ubuntu (3.14)	Run tests	2026-05-19T19:35:54.0829201Z 
test-ubuntu (3.14)	Run tests	2026-05-19T19:35:54.0829601Z .venv/lib/python3.14/site-packages/sky/skypilot_config.py:124
test-ubuntu (3.14)	Run tests	2026-05-19T19:35:54.0830351Z .venv/lib/python3.14/site-packages/sky/skypilot_config.py:124
test-ubuntu (3.14)	Run tests	2026-05-19T19:35:54.0832291Z   /home/runner/work/coreason-ecosystem/coreason-ecosystem/.venv/lib/python3.14/site-packages/sky/skypilot_config.py:124: MovedIn20Warning: The ``declarative_base()`` function is now available as sqlalchemy.orm.declarative_base(). (deprecated since: 2.0) (Background on SQLAlchemy 2.0 at: https://sqlalche.me/e/b8d9)
test-ubuntu (3.14)	Run tests	2026-05-19T19:35:54.0834260Z     Base = declarative.declarative_base()
test-ubuntu (3.14)	Run tests	2026-05-19T19:35:54.0834700Z 
test-ubuntu (3.14)	Run tests	2026-05-19T19:35:54.0835103Z .venv/lib/python3.14/site-packages/sky/utils/db/kv_cache.py:20
test-ubuntu (3.14)	Run tests	2026-05-19T19:35:54.0835832Z .venv/lib/python3.14/site-packages/sky/utils/db/kv_cache.py:20
test-ubuntu (3.14)	Run tests	2026-05-19T19:35:54.0838002Z   /home/runner/work/coreason-ecosystem/coreason-ecosystem/.venv/lib/python3.14/site-packages/sky/utils/db/kv_cache.py:20: MovedIn20Warning: The ``declarative_base()`` function is now available as sqlalchemy.orm.declarative_base(). (deprecated since: 2.0) (Background on SQLAlchemy 2.0 at: https://sqlalche.me/e/b8d9)
test-ubuntu (3.14)	Run tests	2026-05-19T19:35:54.0839898Z     Base = declarative.declarative_base()
test-ubuntu (3.14)	Run tests	2026-05-19T19:35:54.0840346Z 
test-ubuntu (3.14)	Run tests	2026-05-19T19:35:54.0840712Z .venv/lib/python3.14/site-packages/sky/jobs/state.py:56
test-ubuntu (3.14)	Run tests	2026-05-19T19:35:54.0841804Z .venv/lib/python3.14/site-packages/sky/jobs/state.py:56
test-ubuntu (3.14)	Run tests	2026-05-19T19:35:54.0843698Z   /home/runner/work/coreason-ecosystem/coreason-ecosystem/.venv/lib/python3.14/site-packages/sky/jobs/state.py:56: MovedIn20Warning: The ``declarative_base()`` function is now available as sqlalchemy.orm.declarative_base(). (deprecated since: 2.0) (Background on SQLAlchemy 2.0 at: https://sqlalche.me/e/b8d9)
test-ubuntu (3.14)	Run tests	2026-05-19T19:35:54.0845543Z     Base = declarative.declarative_base()
test-ubuntu (3.14)	Run tests	2026-05-19T19:35:54.0845979Z 
test-ubuntu (3.14)	Run tests	2026-05-19T19:35:54.0846529Z .venv/lib/python3.14/site-packages/sky/serve/serve_state.py:29
test-ubuntu (3.14)	Run tests	2026-05-19T19:35:54.0847274Z .venv/lib/python3.14/site-packages/sky/serve/serve_state.py:29
test-ubuntu (3.14)	Run tests	2026-05-19T19:35:54.0849205Z   /home/runner/work/coreason-ecosystem/coreason-ecosystem/.venv/lib/python3.14/site-packages/sky/serve/serve_state.py:29: MovedIn20Warning: The ``declarative_base()`` function is now available as sqlalchemy.orm.declarative_base(). (deprecated since: 2.0) (Background on SQLAlchemy 2.0 at: https://sqlalche.me/e/b8d9)
test-ubuntu (3.14)	Run tests	2026-05-19T19:35:54.0851102Z     Base = declarative.declarative_base()
test-ubuntu (3.14)	Run tests	2026-05-19T19:35:54.0851542Z 
test-ubuntu (3.14)	Run tests	2026-05-19T19:35:54.0852163Z .venv/lib/python3.14/site-packages/opentelemetry/sdk/_logs/_internal/__init__.py:547
test-ubuntu (3.14)	Run tests	2026-05-19T19:35:54.0853112Z .venv/lib/python3.14/site-packages/opentelemetry/sdk/_logs/_internal/__init__.py:547
test-ubuntu (3.14)	Run tests	2026-05-19T19:35:54.0855076Z   /home/runner/work/coreason-ecosystem/coreason-ecosystem/.venv/lib/python3.14/site-packages/opentelemetry/sdk/_logs/_internal/__init__.py:547: DeprecationWarning: `LoggingHandler` in `opentelemetry-sdk` is deprecated. Use the handler from `opentelemetry-instrumentation-logging` instead.
test-ubuntu (3.14)	Run tests	2026-05-19T19:35:54.0857214Z     warnings.warn(
test-ubuntu (3.14)	Run tests	2026-05-19T19:35:54.0857562Z 
test-ubuntu (3.14)	Run tests	2026-05-19T19:35:54.0857896Z tests/test_cli.py::test_cli_sync
test-ubuntu (3.14)	Run tests	2026-05-19T19:35:54.0858992Z   /home/runner/work/_temp/uv-python-dir/cpython-3.14.5-linux-x86_64-gnu/lib/python3.14/typing.py:433: RuntimeWarning: coroutine 'Client.connect' was never awaited
test-ubuntu (3.14)	Run tests	2026-05-19T19:35:54.0860359Z     def _eval_type(t, globalns, localns, type_params=_sentinel, *, recursive_guard=frozenset(),
test-ubuntu (3.14)	Run tests	2026-05-19T19:35:54.0861276Z   Enable tracemalloc to get traceback where the object was allocated.
test-ubuntu (3.14)	Run tests	2026-05-19T19:35:54.0862268Z   See https://docs.pytest.org/en/stable/how-to/capture-warnings.html#resource-warnings for more info.
test-ubuntu (3.14)	Run tests	2026-05-19T19:35:54.0862995Z 
test-ubuntu (3.14)	Run tests	2026-05-19T19:35:54.0863427Z -- Docs: https://docs.pytest.org/en/stable/how-to/capture-warnings.html
test-ubuntu (3.14)	Run tests	2026-05-19T19:35:54.0864198Z ================================ tests coverage ================================
test-ubuntu (3.14)	Run tests	2026-05-19T19:35:54.0864973Z _______________ coverage: platform linux, python 3.14.5-final-0 ________________
test-ubuntu (3.14)	Run tests	2026-05-19T19:35:54.0865534Z 
test-ubuntu (3.14)	Run tests	2026-05-19T19:35:54.0865913Z Name                                                        Stmts   Miss  Cover   Missing
test-ubuntu (3.14)	Run tests	2026-05-19T19:35:54.0866843Z -----------------------------------------------------------------------------------------
test-ubuntu (3.14)	Run tests	2026-05-19T19:35:54.0867660Z src/coreason_ecosystem/__init__.py                              5      0   100%
test-ubuntu (3.14)	Run tests	2026-05-19T19:35:54.0868518Z src/coreason_ecosystem/__main__.py                              3      3     0%   11-14
test-ubuntu (3.14)	Run tests	2026-05-19T19:35:54.0869438Z src/coreason_ecosystem/auth/distr_provisioning.py              51      2    96%   91, 105
test-ubuntu (3.14)	Run tests	2026-05-19T19:35:54.0870348Z src/coreason_ecosystem/auth/identity_manager.py                17      0   100%
test-ubuntu (3.14)	Run tests	2026-05-19T19:35:54.0871255Z src/coreason_ecosystem/auth/jwt_compat.py                      32     17    47%   31-32, 43-61
test-ubuntu (3.14)	Run tests	2026-05-19T19:35:54.0872275Z src/coreason_ecosystem/auth/license_validator.py               52     20    62%   34-41, 57, 84-111
test-ubuntu (3.14)	Run tests	2026-05-19T19:35:54.0873259Z src/coreason_ecosystem/cli.py                                  74     16    78%   146-154, 190-195, 232-243
test-ubuntu (3.14)	Run tests	2026-05-19T19:35:54.0874137Z src/coreason_ecosystem/docs_generator.py                       20      0   100%
test-ubuntu (3.14)	Run tests	2026-05-19T19:35:54.0875023Z src/coreason_ecosystem/federation/__init__.py                   5      5     0%   19-31
test-ubuntu (3.14)	Run tests	2026-05-19T19:35:54.0876452Z src/coreason_ecosystem/fleet/__init__.py                        0      0   100%
test-ubuntu (3.14)	Run tests	2026-05-19T19:35:54.0877337Z src/coreason_ecosystem/fleet/daemon.py                         62      0   100%
test-ubuntu (3.14)	Run tests	2026-05-19T19:35:54.0878435Z src/coreason_ecosystem/fleet/skypilot_actuator.py             127     30    76%   41-42, 93-105, 111-119, 260-274, 290, 296-297, 303, 309-310
test-ubuntu (3.14)	Run tests	2026-05-19T19:35:54.0879499Z src/coreason_ecosystem/gateway/__init__.py                      2      0   100%
test-ubuntu (3.14)	Run tests	2026-05-19T19:35:54.0880376Z src/coreason_ecosystem/gateway/semantic_router.py              31      0   100%
test-ubuntu (3.14)	Run tests	2026-05-19T19:35:54.0881240Z src/coreason_ecosystem/gateway/state_manifests.py              14      0   100%
test-ubuntu (3.14)	Run tests	2026-05-19T19:35:54.0882157Z src/coreason_ecosystem/orchestration/chaos.py                  27      2    93%   62-63
test-ubuntu (3.14)	Run tests	2026-05-19T19:35:54.0883166Z src/coreason_ecosystem/orchestration/isomorphism_probe.py      68      3    96%   60, 88-89
test-ubuntu (3.14)	Run tests	2026-05-19T19:35:54.0884112Z src/coreason_ecosystem/orchestration/registry.py               39      0   100%
test-ubuntu (3.14)	Run tests	2026-05-19T19:35:54.0884989Z src/coreason_ecosystem/orchestration/sync.py                   22      0   100%
test-ubuntu (3.14)	Run tests	2026-05-19T19:35:54.0885886Z src/coreason_ecosystem/orchestration/up.py                     68      3    96%   129-132
test-ubuntu (3.14)	Run tests	2026-05-19T19:35:54.0886947Z src/coreason_ecosystem/utils/__init__.py                        0      0   100%
test-ubuntu (3.14)	Run tests	2026-05-19T19:35:54.0887790Z src/coreason_ecosystem/utils/logger.py                         43      0   100%
test-ubuntu (3.14)	Run tests	2026-05-19T19:35:54.0888752Z src/coreason_ecosystem/utils/telemetry.py                      87      2    98%   185-186
test-ubuntu (3.14)	Run tests	2026-05-19T19:35:54.0890040Z src/coreason_ecosystem/wasmcloud/__init__.py                    0      0   100%
test-ubuntu (3.14)	Run tests	2026-05-19T19:35:54.0891089Z src/coreason_ecosystem/wasmcloud/gateway_provider.py           82     50    39%   84-93, 97-99, 136-195, 209-245
test-ubuntu (3.14)	Run tests	2026-05-19T19:35:54.0892124Z src/coreason_ecosystem/wasmcloud/nats_federation.py            86     86     0%   34-331
test-ubuntu (3.14)	Run tests	2026-05-19T19:35:54.0893262Z src/coreason_ecosystem/wasmcloud/nats_registry.py             100     68    32%   71-74, 78-97, 101-103, 125-143, 157-170, 176-180, 184-199, 215-244
test-ubuntu (3.14)	Run tests	2026-05-19T19:35:54.0894321Z -----------------------------------------------------------------------------------------
test-ubuntu (3.14)	Run tests	2026-05-19T19:35:54.0895068Z TOTAL                                                        1117    307    73%
test-ubuntu (3.14)	Run tests	2026-05-19T19:35:54.0895690Z Coverage HTML written to dir htmlcov
test-ubuntu (3.14)	Run tests	2026-05-19T19:35:54.0896437Z Coverage XML written to file coverage.xml
test-ubuntu (3.14)	Run tests	2026-05-19T19:35:54.0897167Z =========================== short test summary info ============================
test-ubuntu (3.14)	Run tests	2026-05-19T19:35:54.0909034Z FAILED tests/unit/test_main.py::test_main_execution - AssertionError: assert 'Usage: coreason' in '\x1b[1m                                                                                \x1b[0m\n\x1b[1m \x1b[0m\x1b[1;33mUsage: \x1b[0m\x1b[1mcoreason [OPTIONS] COMMAND [ARGS]...\x1b[0m\x1b[1m                                   \x1b[0m\x1b[1m \x1b[0m\n\x1b[1m                                                                                \x1b[0m\n CoReason Meta-Orchestrator Control Plane                                       \n                                                                                \n\x1b[2mΓò¡ΓöÇ\x1b[0m\x1b[2m Options \x1b[0m\x1b[2mΓöÇΓöÇΓöÇΓöÇΓöÇΓöÇΓöÇΓöÇΓöÇΓöÇΓöÇΓöÇΓöÇΓöÇΓöÇΓöÇΓöÇΓöÇΓöÇΓöÇΓöÇΓöÇΓöÇΓöÇΓöÇΓöÇΓöÇΓöÇΓöÇΓöÇΓöÇΓöÇΓöÇΓöÇΓöÇΓöÇΓöÇΓöÇΓöÇΓöÇΓöÇΓöÇΓöÇΓöÇΓöÇΓöÇΓöÇΓöÇΓöÇΓöÇΓöÇΓöÇΓöÇΓöÇΓöÇΓöÇΓöÇΓöÇΓöÇΓöÇΓöÇΓöÇΓöÇΓöÇΓöÇΓöÇΓöÇ\x1b[0m\x1b[2mΓöÇΓò«\x1b[0m\n\x1b[2mΓöé\x1b[0m \x1b[1;36m-\x1b[0m\x1b[1;36m-version\x1b[0m             \x1b[1;32m-V\x1b[0m        Show the active hypervisor version.          \x1b[2mΓöé\x1b[0m\n\x1b[2mΓöé\x1b[0m \x1b[1;36m-\x1b[0m\x1b[1;36m-install\x1b[0m\x1b[1;36m-completion\x1b[0m            Install completion for the current shell.    \x1b[2mΓöé\x1b[0m\n\x1b[2mΓöé\x1b[0m \x1b[1;36m-\x1b[0m\x1b[1;36m-show\x1b[0m\x1b[1;36m-completion\x1b[0m               Show completion for the current shell, to    \x1b[2mΓöé\x1b[0m\n\x1b[2mΓöé\x1b[0m                                 copy it or custom...1b[0m\x1b[1;36m \x1b[0m Prove Ontological Isomorphism across the Tripartite Manifold.       \x1b[2mΓöé\x1b[0m\n\x1b[2mΓöé\x1b[0m \x1b[1;36msync   \x1b[0m\x1b[1;36m \x1b[0m Autonomically heal Ontological Drift by synchronizing schemas,      \x1b[2mΓöé\x1b[0m\n\x1b[2mΓöé\x1b[0m \x1b[1;36m        \x1b[0m recompiling capabilities, and restarting the daemon.                \x1b[2mΓöé\x1b[0m\n\x1b[2mΓöé\x1b[0m \x1b[1;36mpi     \x1b[0m\x1b[1;36m \x1b[0m Launch the pi.dev Sovereign Developer Console.                      \x1b[2mΓöé\x1b[0m\n\x1b[2mΓöé\x1b[0m \x1b[1;36mfleet  \x1b[0m\x1b[1;36m \x1b[0m Manage the autonomic Cognitive Entity compute fleet.                \x1b[2mΓöé\x1b[0m\n\x1b[2mΓöé\x1b[0m \x1b[1;36mdocs   \x1b[0m\x1b[1;36m \x1b[0m Epistemic Documentation Pipeline                                    \x1b[2mΓöé\x1b[0m\n\x1b[2mΓöé\x1b[0m \x1b[1;36mlicense\x1b[0m\x1b[1;36m \x1b[0m Sovereign Commercial License Management                             \x1b[2mΓöé\x1b[0m\n\x1b[2mΓöé\x1b[0m \x1b[1;36mdistr  \x1b[0m\x1b[1;36m \x1b[0m Distr Internal Billing & Provisioning Backend                       \x1b[2mΓöé\x1b[0m\n\x1b[2mΓò░ΓöÇΓöÇΓöÇΓöÇΓöÇΓöÇΓöÇΓöÇΓöÇΓöÇΓöÇΓöÇΓöÇΓöÇΓöÇΓöÇΓöÇΓöÇΓöÇΓöÇΓöÇΓöÇΓöÇΓöÇΓöÇΓöÇΓöÇΓöÇΓöÇΓöÇΓöÇΓöÇΓöÇΓöÇΓöÇΓöÇΓöÇΓöÇΓöÇΓöÇΓöÇΓöÇΓöÇΓöÇΓöÇΓöÇΓöÇΓöÇΓöÇΓöÇΓöÇΓöÇΓöÇΓöÇΓöÇΓöÇΓöÇΓöÇΓöÇΓöÇΓöÇΓöÇΓöÇΓöÇΓöÇΓöÇΓöÇΓöÇΓöÇΓöÇΓöÇΓöÇΓöÇΓöÇΓöÇΓöÇΓöÇΓöÇΓò»\x1b[0m\n\n'
test-ubuntu (3.14)	Run tests	2026-05-19T19:35:54.0942675Z  +  where '\x1b[1m                                                                                \x1b[0m\n\x1b[1m \x1b[0m\x1b[1;33mUsage: \x1b[0m\x1b[1mcoreason [OPTIONS] COMMAND [ARGS]...\x1b[0m\x1b[1m                                   \x1b[0m\x1b[1m \x1b[0m\n\x1b[1m                                                                                \x1b[0m\n CoReason Meta-Orchestrator Control Plane                                       \n                                                                                \n\x1b[2mΓò¡ΓöÇ\x1b[0m\x1b[2m Options \x1b[0m\x1b[2mΓöÇΓöÇΓöÇΓöÇΓöÇΓöÇΓöÇΓöÇΓöÇΓöÇΓöÇΓöÇΓöÇΓöÇΓöÇΓöÇΓöÇΓöÇΓöÇΓöÇΓöÇΓöÇΓöÇΓöÇΓöÇΓöÇΓöÇΓöÇΓöÇΓöÇΓöÇΓöÇΓöÇΓöÇΓöÇΓöÇΓöÇΓöÇΓöÇΓöÇΓöÇΓöÇΓöÇΓöÇΓöÇΓöÇΓöÇΓöÇΓöÇΓöÇΓöÇΓöÇΓöÇΓöÇΓöÇΓöÇΓöÇΓöÇΓöÇΓöÇΓöÇΓöÇΓöÇΓöÇΓöÇΓöÇΓöÇ\x1b[0m\x1b[2mΓöÇΓò«\x1b[0m\n\x1b[2mΓöé\x1b[0m \x1b[1;36m-\x1b[0m\x1b[1;36m-version\x1b[0m             \x1b[1;32m-V\x1b[0m        Show the active hypervisor version.          \x1b[2mΓöé\x1b[0m\n\x1b[2mΓöé\x1b[0m \x1b[1;36m-\x1b[0m\x1b[1;36m-install\x1b[0m\x1b[1;36m-completion\x1b[0m            Install completion for the current shell.    \x1b[2mΓöé\x1b[0m\n\x1b[2mΓöé\x1b[0m \x1b[1;36m-\x1b[0m\x1b[1;36m-show\x1b[0m\x1b[1;36m-completion\x1b[0m               Show completion for the current shell, to    \x1b[2mΓöé\x1b[0m\n\x1b[2mΓöé\x1b[0m                                 copy it or custom...1b[0m\x1b[1;36m \x1b[0m Prove Ontological Isomorphism across the Tripartite Manifold.       \x1b[2mΓöé\x1b[0m\n\x1b[2mΓöé\x1b[0m \x1b[1;36msync   \x1b[0m\x1b[1;36m \x1b[0m Autonomically heal Ontological Drift by synchronizing schemas,      \x1b[2mΓöé\x1b[0m\n\x1b[2mΓöé\x1b[0m \x1b[1;36m        \x1b[0m recompiling capabilities, and restarting the daemon.                \x1b[2mΓöé\x1b[0m\n\x1b[2mΓöé\x1b[0m \x1b[1;36mpi     \x1b[0m\x1b[1;36m \x1b[0m Launch the pi.dev Sovereign Developer Console.                      \x1b[2mΓöé\x1b[0m\n\x1b[2mΓöé\x1b[0m \x1b[1;36mfleet  \x1b[0m\x1b[1;36m \x1b[0m Manage the autonomic Cognitive Entity compute fleet.                \x1b[2mΓöé\x1b[0m\n\x1b[2mΓöé\x1b[0m \x1b[1;36mdocs   \x1b[0m\x1b[1;36m \x1b[0m Epistemic Documentation Pipeline                                    \x1b[2mΓöé\x1b[0m\n\x1b[2mΓöé\x1b[0m \x1b[1;36mlicense\x1b[0m\x1b[1;36m \x1b[0m Sovereign Commercial License Management                             \x1b[2mΓöé\x1b[0m\n\x1b[2mΓöé\x1b[0m \x1b[1;36mdistr  \x1b[0m\x1b[1;36m \x1b[0m Distr Internal Billing & Provisioning Backend                       \x1b[2mΓöé\x1b[0m\n\x1b[2mΓò░ΓöÇΓöÇΓöÇΓöÇΓöÇΓöÇΓöÇΓöÇΓöÇΓöÇΓöÇΓöÇΓöÇΓöÇΓöÇΓöÇΓöÇΓöÇΓöÇΓöÇΓöÇΓöÇΓöÇΓöÇΓöÇΓöÇΓöÇΓöÇΓöÇΓöÇΓöÇΓöÇΓöÇΓöÇΓöÇΓöÇΓöÇΓöÇΓöÇΓöÇΓöÇΓöÇΓöÇΓöÇΓöÇΓöÇΓöÇΓöÇΓöÇΓöÇΓöÇΓöÇΓöÇΓöÇΓöÇΓöÇΓöÇΓöÇΓöÇΓöÇΓöÇΓöÇΓöÇΓöÇΓöÇΓöÇΓöÇΓöÇΓöÇΓöÇΓöÇΓöÇΓöÇΓöÇΓöÇΓöÇΓöÇΓöÇΓò»\x1b[0m\n\n' = CompletedProcess(args=['/home/runner/work/coreason-ecosystem/coreason-ecosystem/.venv/bin/python', '-m', 'coreason_ecosystem', '--help'], returncode=0, stdout='\x1b[1m                                                                                \x1b[0m\n\x1b[1m \x1b[0m\x1b[1;33mUsage: \x1b[0m\x1b[1mcoreason [OPTIONS] COMMAND [ARGS]...\x1b[0m\x1b[1m                                   \x1b[0m\x1b[1m \x1b[0m\n\x1b[1m                                                                                \x1b[0m\n CoReason Meta-Orchestrator Control Plane                                       \n                                                                                \n\x1b[2mΓò¡ΓöÇ\x1b[0m\x1b[2m Options \x1b[0m\x1b[2mΓöÇΓöÇΓöÇΓöÇΓöÇΓöÇΓöÇΓöÇΓöÇΓöÇΓöÇΓöÇΓöÇΓöÇΓöÇΓöÇΓöÇΓöÇΓöÇΓöÇΓöÇΓöÇΓöÇΓöÇΓöÇΓöÇΓöÇΓöÇΓöÇΓöÇΓöÇΓöÇΓöÇΓöÇΓöÇΓöÇΓöÇΓöÇΓöÇΓöÇΓöÇΓöÇΓöÇΓöÇΓöÇΓöÇΓöÇΓöÇΓöÇΓöÇΓöÇΓöÇΓöÇΓöÇΓöÇΓöÇΓöÇΓöÇΓöÇΓöÇΓöÇΓöÇΓöÇΓöÇΓöÇΓöÇΓöÇ\x1b[0m\x1b[2mΓöÇΓò«\x1b[0m\n\x1b[2mΓöé\x1b[0m \x1b[1;36m-\x1b[0m\x1b[1;36m-version\x1b[0m             \x1b[1;32m-V\x1b[0m        Show the active hypervisor version.          \x1b[2mΓöé\x1b[0m\n\x1b[2mΓöé\x1b[0m \x1b[1;36m-\x1b[0m\x1b[1;36m-install\x1b[0m\x1b[1;36m-completion\x1b[0m            Install completion for the current shell.    \x1b[2mΓöé\x1b[0m\n\x1b[2mΓöé\x1b[0m \x1b[1;36m-\x1b[0m\x1b[1;36m-show\x1b[0m\x1b[1;36m-...36m \x1b[0m Prove Ontological Isomorphism across the Tripartite Manifold.       \x1b[2mΓöé\x1b[0m\n\x1b[2mΓöé\x1b[0m \x1b[1;36msync   \x1b[0m\x1b[1;36m \x1b[0m Autonomically heal Ontological Drift by synchronizing schemas,      \x1b[2mΓöé\x1b[0m\n\x1b[2mΓöé\x1b[0m \x1b[1;36m        \x1b[0m recompiling capabilities, and restarting the daemon.                \x1b[2mΓöé\x1b[0m\n\x1b[2mΓöé\x1b[0m \x1b[1;36mpi     \x1b[0m\x1b[1;36m \x1b[0m Launch the pi.dev Sovereign Developer Console.                      \x1b[2mΓöé\x1b[0m\n\x1b[2mΓöé\x1b[0m \x1b[1;36mfleet  \x1b[0m\x1b[1;36m \x1b[0m Manage the autonomic Cognitive Entity compute fleet.                \x1b[2mΓöé\x1b[0m\n\x1b[2mΓöé\x1b[0m \x1b[1;36mdocs   \x1b[0m\x1b[1;36m \x1b[0m Epistemic Documentation Pipeline                                    \x1b[2mΓöé\x1b[0m\n\x1b[2mΓöé\x1b[0m \x1b[1;36mlicense\x1b[0m\x1b[1;36m \x1b[0m Sovereign Commercial License Management                             \x1b[2mΓöé\x1b[0m\n\x1b[2mΓöé\x1b[0m \x1b[1;36mdistr  \x1b[0m\x1b[1;36m \x1b[0m Distr Internal Billing & Provisioning Backend                       \x1b[2mΓöé\x1b[0m\n\x1b[2mΓò░ΓöÇΓöÇΓöÇΓöÇΓöÇΓöÇΓöÇΓöÇΓöÇΓöÇΓöÇΓöÇΓöÇΓöÇΓöÇΓöÇΓöÇΓöÇΓöÇΓöÇΓöÇΓöÇΓöÇΓöÇΓöÇΓöÇΓöÇΓöÇΓöÇΓöÇΓöÇΓöÇΓöÇΓöÇΓöÇΓöÇΓöÇΓöÇΓöÇΓöÇΓöÇΓöÇΓöÇΓöÇΓöÇΓöÇΓöÇΓöÇΓöÇΓöÇΓöÇΓöÇΓöÇΓöÇΓöÇΓöÇΓöÇΓöÇΓöÇΓöÇΓöÇΓöÇΓöÇΓöÇΓöÇΓöÇΓöÇΓöÇΓöÇΓöÇΓöÇΓöÇΓöÇΓöÇΓöÇΓöÇΓöÇΓöÇΓò»\x1b[0m\n\n', stderr='').stdout
test-ubuntu (3.14)	Run tests	2026-05-19T19:35:54.0961125Z ============ 1 failed, 120 passed, 6 skipped, 15 warnings in 41.50s ============
test-ubuntu (3.14)	Run tests	2026-05-19T19:35:54.4584806Z ##[error]Process completed with exit code 1.
test-ubuntu (3.14)	Container & Network Teardown (Always Execute)	∩╗┐2026-05-19T19:35:54.4654977Z ##[group]Run if command -v temporal >/dev/null 2>&1; then
test-ubuntu (3.14)	Container & Network Teardown (Always Execute)	2026-05-19T19:35:54.4655626Z [36;1mif command -v temporal >/dev/null 2>&1; then[0m
test-ubuntu (3.14)	Container & Network Teardown (Always Execute)	2026-05-19T19:35:54.4656864Z [36;1m  temporal operator namespace delete -n $TEMPORAL_CI_NAMESPACE --address 127.0.0.1:7233 --yes || true[0m
test-ubuntu (3.14)	Container & Network Teardown (Always Execute)	2026-05-19T19:35:54.4657619Z [36;1mfi[0m
test-ubuntu (3.14)	Container & Network Teardown (Always Execute)	2026-05-19T19:35:54.4658021Z [36;1mif [ -f "infrastructure/local/compose.yaml" ]; then[0m
test-ubuntu (3.14)	Container & Network Teardown (Always Execute)	2026-05-19T19:35:54.4658718Z [36;1m  docker compose -f infrastructure/local/compose.yaml down -v || true[0m
test-ubuntu (3.14)	Container & Network Teardown (Always Execute)	2026-05-19T19:35:54.4659333Z [36;1mfi[0m
test-ubuntu (3.14)	Container & Network Teardown (Always Execute)	2026-05-19T19:35:54.4719373Z shell: /usr/bin/bash --noprofile --norc -e -o pipefail {0}
test-ubuntu (3.14)	Container & Network Teardown (Always Execute)	2026-05-19T19:35:54.4719906Z env:
test-ubuntu (3.14)	Container & Network Teardown (Always Execute)	2026-05-19T19:35:54.4720230Z   FORCE_JAVASCRIPT_ACTIONS_TO_NODE24: true
test-ubuntu (3.14)	Container & Network Teardown (Always Execute)	2026-05-19T19:35:54.4720733Z   TEMPORAL_CI_NAMESPACE: coreason-ci-26120302019-1
test-ubuntu (3.14)	Container & Network Teardown (Always Execute)	2026-05-19T19:35:54.4721202Z   ORJSON_BUILD_FREETHREADED: 1
test-ubuntu (3.14)	Container & Network Teardown (Always Execute)	2026-05-19T19:35:54.4721575Z   MANIFEST_VERSION: v0.84.1
test-ubuntu (3.14)	Container & Network Teardown (Always Execute)	2026-05-19T19:35:54.4722059Z   UV_PYTHON_INSTALL_DIR: /home/runner/work/_temp/uv-python-dir
test-ubuntu (3.14)	Container & Network Teardown (Always Execute)	2026-05-19T19:35:54.4722638Z   UV_PYTHON: 3.14
test-ubuntu (3.14)	Container & Network Teardown (Always Execute)	2026-05-19T19:35:54.4723017Z   UV_CACHE_DIR: /home/runner/work/_temp/setup-uv-cache
test-ubuntu (3.14)	Container & Network Teardown (Always Execute)	2026-05-19T19:35:54.4723464Z ##[endgroup]
test-ubuntu (3.14)	Container & Network Teardown (Always Execute)	2026-05-19T19:35:54.7157238Z Are you sure you want to delete namespace coreason-ci-26120302019-1? Type namespace name to confirm: coreason-ci-26120302019-1
test-ubuntu (3.14)	Container & Network Teardown (Always Execute)	2026-05-19T19:35:54.8145825Z Namespace coreason-ci-26120302019-1 has been deleted.
test-ubuntu (3.14)	Container & Network Teardown (Always Execute)	2026-05-19T19:35:54.9465037Z time="2026-05-19T19:35:54Z" level=warning msg="The \"EPISTEMIC_MERKLE_ROOT\" variable is not set. Defaulting to a blank string."
test-ubuntu (3.14)	Container & Network Teardown (Always Execute)	2026-05-19T19:35:54.9472766Z time="2026-05-19T19:35:54Z" level=warning msg="The \"COREASON_TREASURY_CONTRACT\" variable is not set. Defaulting to a blank string."
test-ubuntu (3.14)	Container & Network Teardown (Always Execute)	2026-05-19T19:35:54.9502530Z time="2026-05-19T19:35:54Z" level=warning msg="The \"EPISTEMIC_MERKLE_ROOT\" variable is not set. Defaulting to a blank string."
test-ubuntu (3.14)	Container & Network Teardown (Always Execute)	2026-05-19T19:35:54.9731830Z time="2026-05-19T19:35:54Z" level=warning msg="/home/runner/work/coreason-ecosystem/coreason-ecosystem/infrastructure/local/compose.yaml: the attribute `version` is obsolete, it will be ignored, please remove it to avoid potential confusion"
test-ubuntu (3.14)	Container & Network Teardown (Always Execute)	2026-05-19T19:35:55.0045776Z  Container local-envoy-1  Stopping
test-ubuntu (3.14)	Container & Network Teardown (Always Execute)	2026-05-19T19:35:55.0052347Z  Container local-dex-1  Stopping
test-ubuntu (3.14)	Container & Network Teardown (Always Execute)	2026-05-19T19:35:55.0055183Z  Container local-grafana-1  Stopping
test-ubuntu (3.14)	Container & Network Teardown (Always Execute)	2026-05-19T19:35:55.0056401Z  Container local-coreason-worker-1  Stopping
test-ubuntu (3.14)	Container & Network Teardown (Always Execute)	2026-05-19T19:35:55.0057158Z  Container local-prometheus-1  Stopping
test-ubuntu (3.14)	Container & Network Teardown (Always Execute)	2026-05-19T19:35:55.0058726Z  Container local-redpanda-connect-1  Stopping
test-ubuntu (3.14)	Container & Network Teardown (Always Execute)	2026-05-19T19:35:55.0059302Z  Container local-otel-collector-1  Stopping
test-ubuntu (3.14)	Container & Network Teardown (Always Execute)	2026-05-19T19:35:55.0059796Z  Container local-redpanda-connect-1  Stopped
test-ubuntu (3.14)	Container & Network Teardown (Always Execute)	2026-05-19T19:35:55.0060310Z  Container local-redpanda-connect-1  Removing
test-ubuntu (3.14)	Container & Network Teardown (Always Execute)	2026-05-19T19:35:55.0334875Z  Container local-envoy-1  Stopped
test-ubuntu (3.14)	Container & Network Teardown (Always Execute)	2026-05-19T19:35:55.0336885Z  Container local-envoy-1  Removing
test-ubuntu (3.14)	Container & Network Teardown (Always Execute)	2026-05-19T19:35:55.0337379Z  Container local-otel-collector-1  Stopped
test-ubuntu (3.14)	Container & Network Teardown (Always Execute)	2026-05-19T19:35:55.0337867Z  Container local-otel-collector-1  Removing
test-ubuntu (3.14)	Container & Network Teardown (Always Execute)	2026-05-19T19:35:55.0338334Z  Container local-otel-collector-1  Removed
test-ubuntu (3.14)	Container & Network Teardown (Always Execute)	2026-05-19T19:35:55.0338805Z  Container local-redpanda-connect-1  Removed
test-ubuntu (3.14)	Container & Network Teardown (Always Execute)	2026-05-19T19:35:55.0339256Z  Container local-envoy-1  Removed
test-ubuntu (3.14)	Container & Network Teardown (Always Execute)	2026-05-19T19:35:55.0339736Z  Container local-coreason-master-gateway-1  Stopping
test-ubuntu (3.14)	Container & Network Teardown (Always Execute)	2026-05-19T19:35:55.2355122Z  Container local-grafana-1  Stopped
test-ubuntu (3.14)	Container & Network Teardown (Always Execute)	2026-05-19T19:35:55.2355809Z  Container local-grafana-1  Removing
test-ubuntu (3.14)	Container & Network Teardown (Always Execute)	2026-05-19T19:35:55.2431527Z  Container local-grafana-1  Removed
test-ubuntu (3.14)	Container & Network Teardown (Always Execute)	2026-05-19T19:35:55.2719882Z  Container local-prometheus-1  Stopped
test-ubuntu (3.14)	Container & Network Teardown (Always Execute)	2026-05-19T19:35:55.2724226Z  Container local-prometheus-1  Removing
test-ubuntu (3.14)	Container & Network Teardown (Always Execute)	2026-05-19T19:35:55.2792635Z  Container local-prometheus-1  Removed
test-ubuntu (3.14)	Container & Network Teardown (Always Execute)	2026-05-19T19:35:55.3490528Z  Container local-dex-1  Stopped
test-ubuntu (3.14)	Container & Network Teardown (Always Execute)	2026-05-19T19:35:55.3491825Z  Container local-dex-1  Removing
test-ubuntu (3.14)	Container & Network Teardown (Always Execute)	2026-05-19T19:35:55.3553949Z  Container local-dex-1  Removed
test-ubuntu (3.14)	Container & Network Teardown (Always Execute)	2026-05-19T19:35:59.2693048Z  Container local-coreason-worker-1  Stopped
test-ubuntu (3.14)	Container & Network Teardown (Always Execute)	2026-05-19T19:35:59.2698861Z  Container local-coreason-worker-1  Removing
test-ubuntu (3.14)	Container & Network Teardown (Always Execute)	2026-05-19T19:35:59.2746403Z  Container local-coreason-worker-1  Removed
test-ubuntu (3.14)	Container & Network Teardown (Always Execute)	2026-05-19T19:35:59.2747080Z  Container local-temporal-1  Stopping
test-ubuntu (3.14)	Container & Network Teardown (Always Execute)	2026-05-19T19:36:00.6088923Z  Container local-temporal-1  Stopped
test-ubuntu (3.14)	Container & Network Teardown (Always Execute)	2026-05-19T19:36:00.6091904Z  Container local-temporal-1  Removing
test-ubuntu (3.14)	Container & Network Teardown (Always Execute)	2026-05-19T19:36:00.6188039Z  Container local-temporal-1  Removed
test-ubuntu (3.14)	Container & Network Teardown (Always Execute)	2026-05-19T19:36:00.6191613Z  Container local-postgres-1  Stopping
test-ubuntu (3.14)	Container & Network Teardown (Always Execute)	2026-05-19T19:36:00.7855423Z  Container local-postgres-1  Stopped
test-ubuntu (3.14)	Container & Network Teardown (Always Execute)	2026-05-19T19:36:00.7862188Z  Container local-postgres-1  Removing
test-ubuntu (3.14)	Container & Network Teardown (Always Execute)	2026-05-19T19:36:00.7917446Z  Container local-postgres-1  Removed
test-ubuntu (3.14)	Container & Network Teardown (Always Execute)	2026-05-19T19:36:05.2130109Z  Container local-coreason-master-gateway-1  Stopped
test-ubuntu (3.14)	Container & Network Teardown (Always Execute)	2026-05-19T19:36:05.2134814Z  Container local-coreason-master-gateway-1  Removing
test-ubuntu (3.14)	Container & Network Teardown (Always Execute)	2026-05-19T19:36:05.2252211Z  Container local-coreason-master-gateway-1  Removed
test-ubuntu (3.14)	Container & Network Teardown (Always Execute)	2026-05-19T19:36:05.2253665Z  Container local-vault-1  Stopping
test-ubuntu (3.14)	Container & Network Teardown (Always Execute)	2026-05-19T19:36:05.2254464Z  Container local-coreason-runtime-1  Stopping
test-ubuntu (3.14)	Container & Network Teardown (Always Execute)	2026-05-19T19:36:05.2255265Z  Container local-neo4j-1  Stopping
test-ubuntu (3.14)	Container & Network Teardown (Always Execute)	2026-05-19T19:36:05.2255909Z  Container local-milvus-1  Stopping
test-ubuntu (3.14)	Container & Network Teardown (Always Execute)	2026-05-19T19:36:05.3931066Z  Container local-milvus-1  Stopped
test-ubuntu (3.14)	Container & Network Teardown (Always Execute)	2026-05-19T19:36:05.3932919Z  Container local-milvus-1  Removing
test-ubuntu (3.14)	Container & Network Teardown (Always Execute)	2026-05-19T19:36:05.4053407Z  Container local-milvus-1  Removed
test-ubuntu (3.14)	Container & Network Teardown (Always Execute)	2026-05-19T19:36:05.4469157Z  Container local-vault-1  Stopped
test-ubuntu (3.14)	Container & Network Teardown (Always Execute)	2026-05-19T19:36:05.4470202Z  Container local-vault-1  Removing
test-ubuntu (3.14)	Container & Network Teardown (Always Execute)	2026-05-19T19:36:05.4600945Z  Container local-vault-1  Removed
test-ubuntu (3.14)	Container & Network Teardown (Always Execute)	2026-05-19T19:36:06.5829405Z  Container local-coreason-runtime-1  Stopped
test-ubuntu (3.14)	Container & Network Teardown (Always Execute)	2026-05-19T19:36:06.5831818Z  Container local-coreason-runtime-1  Removing
test-ubuntu (3.14)	Container & Network Teardown (Always Execute)	2026-05-19T19:36:06.5961763Z  Container local-coreason-runtime-1  Removed
test-ubuntu (3.14)	Container & Network Teardown (Always Execute)	2026-05-19T19:36:10.5998326Z  Container local-neo4j-1  Stopped
test-ubuntu (3.14)	Container & Network Teardown (Always Execute)	2026-05-19T19:36:10.6000188Z  Container local-neo4j-1  Removing
test-ubuntu (3.14)	Container & Network Teardown (Always Execute)	2026-05-19T19:36:10.6200496Z  Container local-neo4j-1  Removed
test-ubuntu (3.14)	Container & Network Teardown (Always Execute)	2026-05-19T19:36:10.6211680Z  Volume local_pg_data  Removing
test-ubuntu (3.14)	Container & Network Teardown (Always Execute)	2026-05-19T19:36:10.6212594Z  Volume local_milvus_data  Removing
test-ubuntu (3.14)	Container & Network Teardown (Always Execute)	2026-05-19T19:36:10.6213625Z  Network local_swarm-mesh  Removing
test-ubuntu (3.14)	Container & Network Teardown (Always Execute)	2026-05-19T19:36:10.6214911Z  Volume local_neo4j_data  Removing
test-ubuntu (3.14)	Container & Network Teardown (Always Execute)	2026-05-19T19:36:10.6218316Z  Network local_sensory-gateway  Removing
test-ubuntu (3.14)	Container & Network Teardown (Always Execute)	2026-05-19T19:36:10.6758713Z  Volume local_pg_data  Removed
test-ubuntu (3.14)	Container & Network Teardown (Always Execute)	2026-05-19T19:36:10.6767211Z  Volume local_milvus_data  Removed
test-ubuntu (3.14)	Container & Network Teardown (Always Execute)	2026-05-19T19:36:10.6817734Z  Volume local_neo4j_data  Removed
test-ubuntu (3.14)	Container & Network Teardown (Always Execute)	2026-05-19T19:36:10.7023723Z  Network local_swarm-mesh  Removed
test-ubuntu (3.14)	Container & Network Teardown (Always Execute)	2026-05-19T19:36:10.7963876Z  Network local_sensory-gateway  Removed
test-ubuntu (3.14)	Post Login to GitHub Container Registry	∩╗┐2026-05-19T19:36:10.8071620Z Post job cleanup.
test-ubuntu (3.14)	Post Login to GitHub Container Registry	2026-05-19T19:36:11.1052315Z (node:13587) [DEP0040] DeprecationWarning: The `punycode` module is deprecated. Please use a userland alternative instead.
test-ubuntu (3.14)	Post Login to GitHub Container Registry	2026-05-19T19:36:11.1053348Z (Use `node --trace-deprecation ...` to show where the warning was created)
test-ubuntu (3.14)	Post Login to GitHub Container Registry	2026-05-19T19:36:11.1073413Z [command]/usr/bin/docker logout ghcr.io
test-ubuntu (3.14)	Post Login to GitHub Container Registry	2026-05-19T19:36:11.1212849Z Removing login credentials for ghcr.io
test-ubuntu (3.14)	Post Login to GitHub Container Registry	2026-05-19T19:36:11.1239705Z ##[group]Post cache
test-ubuntu (3.14)	Post Login to GitHub Container Registry	2026-05-19T19:36:11.1240827Z State not set
test-ubuntu (3.14)	Post Login to GitHub Container Registry	2026-05-19T19:36:11.1242022Z ##[endgroup]
test-ubuntu (3.14)	Post Checkout coreason-manifest	∩╗┐2026-05-19T19:36:11.1460950Z Post job cleanup.
test-ubuntu (3.14)	Post Checkout coreason-manifest	2026-05-19T19:36:11.2350158Z [command]/usr/bin/git version
test-ubuntu (3.14)	Post Checkout coreason-manifest	2026-05-19T19:36:11.2421783Z git version 2.54.0
test-ubuntu (3.14)	Post Checkout coreason-manifest	2026-05-19T19:36:11.2461727Z Temporarily overriding HOME='/home/runner/work/_temp/88c009cf-9b2d-4e39-9a07-1e30181e67f7' before making global git config changes
test-ubuntu (3.14)	Post Checkout coreason-manifest	2026-05-19T19:36:11.2462859Z Adding repository directory to the temporary git global config as a safe directory
test-ubuntu (3.14)	Post Checkout coreason-manifest	2026-05-19T19:36:11.2467875Z [command]/usr/bin/git config --global --add safe.directory /home/runner/work/coreason-ecosystem/coreason-ecosystem/coreason-manifest
test-ubuntu (3.14)	Post Checkout coreason-manifest	2026-05-19T19:36:11.2504328Z Removing SSH command configuration
test-ubuntu (3.14)	Post Checkout coreason-manifest	2026-05-19T19:36:11.2511393Z [command]/usr/bin/git config --local --name-only --get-regexp core\.sshCommand
test-ubuntu (3.14)	Post Checkout coreason-manifest	2026-05-19T19:36:11.2552320Z [command]/usr/bin/git submodule foreach --recursive sh -c "git config --local --name-only --get-regexp 'core\.sshCommand' && git config --local --unset-all 'core.sshCommand' || :"
test-ubuntu (3.14)	Post Checkout coreason-manifest	2026-05-19T19:36:11.2833226Z Removing HTTP extra header
test-ubuntu (3.14)	Post Checkout coreason-manifest	2026-05-19T19:36:11.2839119Z [command]/usr/bin/git config --local --name-only --get-regexp http\.https\:\/\/github\.com\/\.extraheader
test-ubuntu (3.14)	Post Checkout coreason-manifest	2026-05-19T19:36:11.2880769Z [command]/usr/bin/git submodule foreach --recursive sh -c "git config --local --name-only --get-regexp 'http\.https\:\/\/github\.com\/\.extraheader' && git config --local --unset-all 'http.https://github.com/.extraheader' || :"
test-ubuntu (3.14)	Post Checkout coreason-manifest	2026-05-19T19:36:11.3147531Z Removing includeIf entries pointing to credentials config files
test-ubuntu (3.14)	Post Checkout coreason-manifest	2026-05-19T19:36:11.3155982Z [command]/usr/bin/git config --local --name-only --get-regexp ^includeIf\.gitdir:
test-ubuntu (3.14)	Post Checkout coreason-manifest	2026-05-19T19:36:11.3183764Z includeif.gitdir:/home/runner/work/coreason-ecosystem/coreason-ecosystem/coreason-manifest/.git.path
test-ubuntu (3.14)	Post Checkout coreason-manifest	2026-05-19T19:36:11.3185020Z includeif.gitdir:/home/runner/work/coreason-ecosystem/coreason-ecosystem/coreason-manifest/.git/worktrees/*.path
test-ubuntu (3.14)	Post Checkout coreason-manifest	2026-05-19T19:36:11.3186160Z includeif.gitdir:/github/workspace/coreason-manifest/.git.path
test-ubuntu (3.14)	Post Checkout coreason-manifest	2026-05-19T19:36:11.3186903Z includeif.gitdir:/github/workspace/coreason-manifest/.git/worktrees/*.path
test-ubuntu (3.14)	Post Checkout coreason-manifest	2026-05-19T19:36:11.3193630Z [command]/usr/bin/git config --local --get-all includeif.gitdir:/home/runner/work/coreason-ecosystem/coreason-ecosystem/coreason-manifest/.git.path
test-ubuntu (3.14)	Post Checkout coreason-manifest	2026-05-19T19:36:11.3218604Z /home/runner/work/_temp/git-credentials-5c9edd7c-1baf-4368-b2cc-7b4f7b3df01e.config
test-ubuntu (3.14)	Post Checkout coreason-manifest	2026-05-19T19:36:11.3229864Z [command]/usr/bin/git config --local --unset includeif.gitdir:/home/runner/work/coreason-ecosystem/coreason-ecosystem/coreason-manifest/.git.path /home/runner/work/_temp/git-credentials-5c9edd7c-1baf-4368-b2cc-7b4f7b3df01e.config
test-ubuntu (3.14)	Post Checkout coreason-manifest	2026-05-19T19:36:11.3270329Z [command]/usr/bin/git config --local --get-all includeif.gitdir:/home/runner/work/coreason-ecosystem/coreason-ecosystem/coreason-manifest/.git/worktrees/*.path
test-ubuntu (3.14)	Post Checkout coreason-manifest	2026-05-19T19:36:11.3296586Z /home/runner/work/_temp/git-credentials-5c9edd7c-1baf-4368-b2cc-7b4f7b3df01e.config
test-ubuntu (3.14)	Post Checkout coreason-manifest	2026-05-19T19:36:11.3306428Z [command]/usr/bin/git config --local --unset includeif.gitdir:/home/runner/work/coreason-ecosystem/coreason-ecosystem/coreason-manifest/.git/worktrees/*.path /home/runner/work/_temp/git-credentials-5c9edd7c-1baf-4368-b2cc-7b4f7b3df01e.config
test-ubuntu (3.14)	Post Checkout coreason-manifest	2026-05-19T19:36:11.3345195Z [command]/usr/bin/git config --local --get-all includeif.gitdir:/github/workspace/coreason-manifest/.git.path
test-ubuntu (3.14)	Post Checkout coreason-manifest	2026-05-19T19:36:11.3370257Z /github/runner_temp/git-credentials-5c9edd7c-1baf-4368-b2cc-7b4f7b3df01e.config
test-ubuntu (3.14)	Post Checkout coreason-manifest	2026-05-19T19:36:11.3380185Z [command]/usr/bin/git config --local --unset includeif.gitdir:/github/workspace/coreason-manifest/.git.path /github/runner_temp/git-credentials-5c9edd7c-1baf-4368-b2cc-7b4f7b3df01e.config
test-ubuntu (3.14)	Post Checkout coreason-manifest	2026-05-19T19:36:11.3418129Z [command]/usr/bin/git config --local --get-all includeif.gitdir:/github/workspace/coreason-manifest/.git/worktrees/*.path
test-ubuntu (3.14)	Post Checkout coreason-manifest	2026-05-19T19:36:11.3443090Z /github/runner_temp/git-credentials-5c9edd7c-1baf-4368-b2cc-7b4f7b3df01e.config
test-ubuntu (3.14)	Post Checkout coreason-manifest	2026-05-19T19:36:11.3452482Z [command]/usr/bin/git config --local --unset includeif.gitdir:/github/workspace/coreason-manifest/.git/worktrees/*.path /github/runner_temp/git-credentials-5c9edd7c-1baf-4368-b2cc-7b4f7b3df01e.config
test-ubuntu (3.14)	Post Checkout coreason-manifest	2026-05-19T19:36:11.3490663Z [command]/usr/bin/git submodule foreach --recursive git config --local --show-origin --name-only --get-regexp remote.origin.url
test-ubuntu (3.14)	Post Checkout coreason-manifest	2026-05-19T19:36:11.3758322Z Removing credentials config '/home/runner/work/_temp/git-credentials-5c9edd7c-1baf-4368-b2cc-7b4f7b3df01e.config'
test-ubuntu (3.14)	Post Run actions/checkout@v6.0.2	∩╗┐2026-05-19T19:36:11.3917008Z Post job cleanup.
test-ubuntu (3.14)	Post Run actions/checkout@v6.0.2	2026-05-19T19:36:11.4765668Z [command]/usr/bin/git version
test-ubuntu (3.14)	Post Run actions/checkout@v6.0.2	2026-05-19T19:36:11.4807159Z git version 2.54.0
test-ubuntu (3.14)	Post Run actions/checkout@v6.0.2	2026-05-19T19:36:11.4847342Z Temporarily overriding HOME='/home/runner/work/_temp/979d3ba3-7514-4b2c-afdd-8d0629e11930' before making global git config changes
test-ubuntu (3.14)	Post Run actions/checkout@v6.0.2	2026-05-19T19:36:11.4848610Z Adding repository directory to the temporary git global config as a safe directory
test-ubuntu (3.14)	Post Run actions/checkout@v6.0.2	2026-05-19T19:36:11.4853800Z [command]/usr/bin/git config --global --add safe.directory /home/runner/work/coreason-ecosystem/coreason-ecosystem
test-ubuntu (3.14)	Post Run actions/checkout@v6.0.2	2026-05-19T19:36:11.4888658Z Removing SSH command configuration
test-ubuntu (3.14)	Post Run actions/checkout@v6.0.2	2026-05-19T19:36:11.4895096Z [command]/usr/bin/git config --local --name-only --get-regexp core\.sshCommand
test-ubuntu (3.14)	Post Run actions/checkout@v6.0.2	2026-05-19T19:36:11.4954927Z [command]/usr/bin/git submodule foreach --recursive sh -c "git config --local --name-only --get-regexp 'core\.sshCommand' && git config --local --unset-all 'core.sshCommand' || :"
test-ubuntu (3.14)	Post Run actions/checkout@v6.0.2	2026-05-19T19:36:11.5231795Z Removing HTTP extra header
test-ubuntu (3.14)	Post Run actions/checkout@v6.0.2	2026-05-19T19:36:11.5237323Z [command]/usr/bin/git config --local --name-only --get-regexp http\.https\:\/\/github\.com\/\.extraheader
test-ubuntu (3.14)	Post Run actions/checkout@v6.0.2	2026-05-19T19:36:11.5278007Z [command]/usr/bin/git submodule foreach --recursive sh -c "git config --local --name-only --get-regexp 'http\.https\:\/\/github\.com\/\.extraheader' && git config --local --unset-all 'http.https://github.com/.extraheader' || :"
test-ubuntu (3.14)	Post Run actions/checkout@v6.0.2	2026-05-19T19:36:11.5548750Z Removing includeIf entries pointing to credentials config files
test-ubuntu (3.14)	Post Run actions/checkout@v6.0.2	2026-05-19T19:36:11.5556381Z [command]/usr/bin/git config --local --name-only --get-regexp ^includeIf\.gitdir:
test-ubuntu (3.14)	Post Run actions/checkout@v6.0.2	2026-05-19T19:36:11.5587371Z includeif.gitdir:/home/runner/work/coreason-ecosystem/coreason-ecosystem/.git.path
test-ubuntu (3.14)	Post Run actions/checkout@v6.0.2	2026-05-19T19:36:11.5588688Z includeif.gitdir:/home/runner/work/coreason-ecosystem/coreason-ecosystem/.git/worktrees/*.path
test-ubuntu (3.14)	Post Run actions/checkout@v6.0.2	2026-05-19T19:36:11.5589558Z includeif.gitdir:/github/workspace/.git.path
test-ubuntu (3.14)	Post Run actions/checkout@v6.0.2	2026-05-19T19:36:11.5590135Z includeif.gitdir:/github/workspace/.git/worktrees/*.path
test-ubuntu (3.14)	Post Run actions/checkout@v6.0.2	2026-05-19T19:36:11.5597792Z [command]/usr/bin/git config --local --get-all includeif.gitdir:/home/runner/work/coreason-ecosystem/coreason-ecosystem/.git.path
test-ubuntu (3.14)	Post Run actions/checkout@v6.0.2	2026-05-19T19:36:11.5623290Z /home/runner/work/_temp/git-credentials-180bc524-33cd-4173-985c-afc17a36eaf0.config
test-ubuntu (3.14)	Post Run actions/checkout@v6.0.2	2026-05-19T19:36:11.5637702Z [command]/usr/bin/git config --local --unset includeif.gitdir:/home/runner/work/coreason-ecosystem/coreason-ecosystem/.git.path /home/runner/work/_temp/git-credentials-180bc524-33cd-4173-985c-afc17a36eaf0.config
test-ubuntu (3.14)	Post Run actions/checkout@v6.0.2	2026-05-19T19:36:11.5679044Z [command]/usr/bin/git config --local --get-all includeif.gitdir:/home/runner/work/coreason-ecosystem/coreason-ecosystem/.git/worktrees/*.path
test-ubuntu (3.14)	Post Run actions/checkout@v6.0.2	2026-05-19T19:36:11.5705790Z /home/runner/work/_temp/git-credentials-180bc524-33cd-4173-985c-afc17a36eaf0.config
test-ubuntu (3.14)	Post Run actions/checkout@v6.0.2	2026-05-19T19:36:11.5717549Z [command]/usr/bin/git config --local --unset includeif.gitdir:/home/runner/work/coreason-ecosystem/coreason-ecosystem/.git/worktrees/*.path /home/runner/work/_temp/git-credentials-180bc524-33cd-4173-985c-afc17a36eaf0.config
test-ubuntu (3.14)	Post Run actions/checkout@v6.0.2	2026-05-19T19:36:11.5757919Z [command]/usr/bin/git config --local --get-all includeif.gitdir:/github/workspace/.git.path
test-ubuntu (3.14)	Post Run actions/checkout@v6.0.2	2026-05-19T19:36:11.5785088Z /github/runner_temp/git-credentials-180bc524-33cd-4173-985c-afc17a36eaf0.config
test-ubuntu (3.14)	Post Run actions/checkout@v6.0.2	2026-05-19T19:36:11.5795703Z [command]/usr/bin/git config --local --unset includeif.gitdir:/github/workspace/.git.path /github/runner_temp/git-credentials-180bc524-33cd-4173-985c-afc17a36eaf0.config
test-ubuntu (3.14)	Post Run actions/checkout@v6.0.2	2026-05-19T19:36:11.5840878Z [command]/usr/bin/git config --local --get-all includeif.gitdir:/github/workspace/.git/worktrees/*.path
test-ubuntu (3.14)	Post Run actions/checkout@v6.0.2	2026-05-19T19:36:11.5868959Z /github/runner_temp/git-credentials-180bc524-33cd-4173-985c-afc17a36eaf0.config
test-ubuntu (3.14)	Post Run actions/checkout@v6.0.2	2026-05-19T19:36:11.5881697Z [command]/usr/bin/git config --local --unset includeif.gitdir:/github/workspace/.git/worktrees/*.path /github/runner_temp/git-credentials-180bc524-33cd-4173-985c-afc17a36eaf0.config
test-ubuntu (3.14)	Post Run actions/checkout@v6.0.2	2026-05-19T19:36:11.5924463Z [command]/usr/bin/git submodule foreach --recursive git config --local --show-origin --name-only --get-regexp remote.origin.url
test-ubuntu (3.14)	Post Run actions/checkout@v6.0.2	2026-05-19T19:36:11.6192402Z Removing credentials config '/home/runner/work/_temp/git-credentials-180bc524-33cd-4173-985c-afc17a36eaf0.config'
test-ubuntu (3.14)	Post Harden Runner (Endpoint Network Security)	∩╗┐2026-05-19T19:36:11.6350500Z Post job cleanup.
test-ubuntu (3.14)	Post Harden Runner (Endpoint Network Security)	2026-05-19T19:36:11.7195845Z [harden-runner] post-step
test-ubuntu (3.14)	Post Harden Runner (Endpoint Network Security)	2026-05-19T19:36:12.7214857Z log:
test-ubuntu (3.14)	Post Harden Runner (Endpoint Network Security)	2026-05-19T19:36:12.7217931Z Tue, 19 May 2026 19:31:31 GMT:[buildInfo] tag=v0.16.0 commit=69230545600e99d9c9b2d74ca0897d7100630d96 branch=HEAD 
test-ubuntu (3.14)	Post Harden Runner (Endpoint Network Security)	2026-05-19T19:36:12.7218546Z 
test-ubuntu (3.14)	Post Harden Runner (Endpoint Network Security)	2026-05-19T19:36:12.7218660Z Tue, 19 May 2026 19:31:31 GMT:read config 
test-ubuntu (3.14)	Post Harden Runner (Endpoint Network Security)	2026-05-19T19:36:12.7221352Z  &{Repo:CoReason-AI/coreason-ecosystem CorrelationId:c47e51a0-259c-4ca8-b655-a0f941c366bd RunId:26120302019 WorkingDirectory:/home/runner/work/coreason-ecosystem/coreason-ecosystem APIURL:https://agent.api.stepsecurity.io/v1 TelemetryURL:https://prod.app-api.stepsecurity.io/v1 OneTimeKey: Endpoints:map[] EgressPolicy:audit DisableTelemetry:false DisableSudo:false DisableSudoAndContainers:false DisableFileMonitoring:false Private:false}
test-ubuntu (3.14)	Post Harden Runner (Endpoint Network Security)	2026-05-19T19:36:12.7223991Z 
test-ubuntu (3.14)	Post Harden Runner (Endpoint Network Security)	2026-05-19T19:36:12.7224417Z Tue, 19 May 2026 19:31:31 GMT:Step Security Job Correlation ID: c47e51a0-259c-4ca8-b655-a0f941c366bd
test-ubuntu (3.14)	Post Harden Runner (Endpoint Network Security)	2026-05-19T19:36:12.7225022Z 
test-ubuntu (3.14)	Post Harden Runner (Endpoint Network Security)	2026-05-19T19:36:12.7225626Z Tue, 19 May 2026 19:31:31 GMT:Global feature flags: {AgentType:agent-oss EnableArmour:true EnableCustomDetectionRules:true}
test-ubuntu (3.14)	Post Harden Runner (Endpoint Network Security)	2026-05-19T19:36:12.7226916Z Tue, 19 May 2026 19:31:31 GMT:initialized global feature flags
test-ubuntu (3.14)	Post Harden Runner (Endpoint Network Security)	2026-05-19T19:36:12.7227328Z 
test-ubuntu (3.14)	Post Harden Runner (Endpoint Network Security)	2026-05-19T19:36:12.7232148Z Tue, 19 May 2026 19:31:32 GMT:initialized global blocklist: &{ipAddresses:map[142.11.206.73:COMPROMISED_AXIOS_C2_IP 83.142.209.194:COMPROMISED_MISTRAL_PYPI_C2_IP] domains:map[api.masscan.cloud.:COMPROMISED_TANSTACK_EXFIL audit.checkmarx.cx.:COMPROMISED_BITWARDEN_CLI_C2_DOMAIN check.git-service.com.:COMPROMISED_DURABLETASK_C2_DOMAIN cjn37-uyaaa-aaaac-qgnva-cai.raw.icp0.io.:COMPROMISED_PGSERVE_EXFIL_CANISTER evil.invalid.:GLOBAL_BLOCK_TEST_DOMAIN filev2.getsession.org.:COMPROMISED_TANSTACK_EXFIL git-tanstack.com.:COMPROMISED_TANSTACK_EXFIL igotnofriendsonlineorirl-imgonnakmslmao.skyhanni.cloud.:COMPROMISED_ELEMENTARY_DATA_EXFIL scan.aquasecurtiy.org.:COMPROMISED_TRIVY_C2_DOMAIN seed1.getsession.org.:COMPROMISED_TANSTACK_EXFIL sfrclak.com.:COMPROMISED_AXIOS_C2_DOMAIN sh.azurestaticprovider.net.:COMPROMISED_NODE_IPC_NPM_C2 t.m-kosche.com.:COMPROMISED_ACTIONSCOOL_EXFIL telemetry.api-monitor.com.:COMPROMISED_PGSERVE_EXFIL_DOMAIN whereisitat.lucyatemysuperbox.space.:COMPROMISED_XINFERENCE_C2_DOMAIN zero.masscan.cloud.:COMPROMISED_MINI_SHAI_HULUD_2] wildcardDomains:map[]}
test-ubuntu (3.14)	Post Harden Runner (Endpoint Network Security)	2026-05-19T19:36:12.7236227Z 
test-ubuntu (3.14)	Post Harden Runner (Endpoint Network Security)	2026-05-19T19:36:12.7236377Z Tue, 19 May 2026 19:31:32 GMT:started process monitor
test-ubuntu (3.14)	Post Harden Runner (Endpoint Network Security)	2026-05-19T19:36:12.7236603Z 
test-ubuntu (3.14)	Post Harden Runner (Endpoint Network Security)	2026-05-19T19:36:12.7236730Z Tue, 19 May 2026 19:31:32 GMT:Monitor Processes called
test-ubuntu (3.14)	Post Harden Runner (Endpoint Network Security)	2026-05-19T19:36:12.7237060Z Tue, 19 May 2026 19:31:32 GMT:NewAuditClient created
test-ubuntu (3.14)	Post Harden Runner (Endpoint Network Security)	2026-05-19T19:36:12.7237368Z Tue, 19 May 2026 19:31:32 GMT:Status is enabled
test-ubuntu (3.14)	Post Harden Runner (Endpoint Network Security)	2026-05-19T19:36:12.7237652Z Tue, 19 May 2026 19:31:32 GMT:Rules deleted
test-ubuntu (3.14)	Post Harden Runner (Endpoint Network Security)	2026-05-19T19:36:12.7238111Z Tue, 19 May 2026 19:31:32 GMT:File monitor added for /home/runner/work/coreason-ecosystem/coreason-ecosystem
test-ubuntu (3.14)	Post Harden Runner (Endpoint Network Security)	2026-05-19T19:36:12.7238941Z Tue, 19 May 2026 19:31:32 GMT:Agent file monitor added
test-ubuntu (3.14)	Post Harden Runner (Endpoint Network Security)	2026-05-19T19:36:12.7239312Z Tue, 19 May 2026 19:31:32 GMT:Docker's daemon.json file monitor added
test-ubuntu (3.14)	Post Harden Runner (Endpoint Network Security)	2026-05-19T19:36:12.7239720Z Tue, 19 May 2026 19:31:32 GMT:Systemd's resolved.conf file monitor added
test-ubuntu (3.14)	Post Harden Runner (Endpoint Network Security)	2026-05-19T19:36:12.7240118Z Tue, 19 May 2026 19:31:32 GMT:Net monitor added for TCP (connect)
test-ubuntu (3.14)	Post Harden Runner (Endpoint Network Security)	2026-05-19T19:36:12.7240507Z Tue, 19 May 2026 19:31:32 GMT:Net monitor added for UDP (sendto & sendmsg)
test-ubuntu (3.14)	Post Harden Runner (Endpoint Network Security)	2026-05-19T19:36:12.7240878Z Tue, 19 May 2026 19:31:32 GMT:Process monitor added
test-ubuntu (3.14)	Post Harden Runner (Endpoint Network Security)	2026-05-19T19:36:12.7241185Z Tue, 19 May 2026 19:31:32 GMT:receive called
test-ubuntu (3.14)	Post Harden Runner (Endpoint Network Security)	2026-05-19T19:36:12.7241365Z 
test-ubuntu (3.14)	Post Harden Runner (Endpoint Network Security)	2026-05-19T19:36:12.7241370Z 
test-ubuntu (3.14)	Post Harden Runner (Endpoint Network Security)	2026-05-19T19:36:12.7241482Z Tue, 19 May 2026 19:31:32 GMT:updated resolved
test-ubuntu (3.14)	Post Harden Runner (Endpoint Network Security)	2026-05-19T19:36:12.7241673Z 
test-ubuntu (3.14)	Post Harden Runner (Endpoint Network Security)	2026-05-19T19:36:12.7241788Z Tue, 19 May 2026 19:31:33 GMT:set docker config
test-ubuntu (3.14)	Post Harden Runner (Endpoint Network Security)	2026-05-19T19:36:12.7241974Z 
test-ubuntu (3.14)	Post Harden Runner (Endpoint Network Security)	2026-05-19T19:36:12.7242087Z Tue, 19 May 2026 19:31:33 GMT:before audit rules
test-ubuntu (3.14)	Post Harden Runner (Endpoint Network Security)	2026-05-19T19:36:12.7242389Z Tue, 19 May 2026 19:31:33 GMT:added audit rules
test-ubuntu (3.14)	Post Harden Runner (Endpoint Network Security)	2026-05-19T19:36:12.7242676Z Tue, 19 May 2026 19:31:34 GMT:Armour is enabled
test-ubuntu (3.14)	Post Harden Runner (Endpoint Network Security)	2026-05-19T19:36:12.7243224Z Tue, 19 May 2026 19:31:34 GMT:[armour] Runner.Worker PID: 2136
test-ubuntu (3.14)	Post Harden Runner (Endpoint Network Security)	2026-05-19T19:36:12.7243556Z Tue, 19 May 2026 19:31:34 GMT:Armour attached
test-ubuntu (3.14)	Post Harden Runner (Endpoint Network Security)	2026-05-19T19:36:12.7243888Z Tue, 19 May 2026 19:31:34 GMT:[armour] Custom detection rules enabled
test-ubuntu (3.14)	Post Harden Runner (Endpoint Network Security)	2026-05-19T19:36:12.7244214Z Tue, 19 May 2026 19:31:34 GMT:done
test-ubuntu (3.14)	Post Harden Runner (Endpoint Network Security)	2026-05-19T19:36:12.7245410Z Tue, 19 May 2026 19:31:34 GMT:[Source code overwritten] file: /home/runner/work/coreason-ecosystem/coreason-ecosystem/.git/config.lock syscall: openat by exe: /usr/bin/git [f54a87f6253aab09ed7b522bd78ddeab509105b1043076209d89127e55877a48] Timestamp: 2026-05-19T19:31:34.76Z
test-ubuntu (3.14)	Post Harden Runner (Endpoint Network Security)	2026-05-19T19:36:12.7247412Z Tue, 19 May 2026 19:31:34 GMT:[Source code overwritten] file: /home/runner/work/coreason-ecosystem/coreason-ecosystem/.git/config syscall: rename by exe: /usr/bin/git [f54a87f6253aab09ed7b522bd78ddeab509105b1043076209d89127e55877a48] Timestamp: 2026-05-19T19:31:34.76Z
test-ubuntu (3.14)	Post Harden Runner (Endpoint Network Security)	2026-05-19T19:36:12.7249077Z Tue, 19 May 2026 19:31:34 GMT:[Source code overwritten] file: /home/runner/work/coreason-ecosystem/coreason-ecosystem/.git/config.lock syscall: openat by exe: /usr/bin/git [f54a87f6253aab09ed7b522bd78ddeab509105b1043076209d89127e55877a48] Timestamp: 2026-05-19T19:31:34.76Z
test-ubuntu (3.14)	Post Harden Runner (Endpoint Network Security)	2026-05-19T19:36:12.7250169Z Tue, 19 May 2026 19:31:34 GMT:domain resolved: github.com., ip address: 140.82.114.3, TTL: 60
test-ubuntu (3.14)	Post Harden Runner (Endpoint Network Security)	2026-05-19T19:36:12.7250767Z Tue, 19 May 2026 19:31:34 GMT:domain resolved: prod.app-api.stepsecurity.io., ip address: 100.20.106.61, TTL: 51
test-ubuntu (3.14)	Post Harden Runner (Endpoint Network Security)	2026-05-19T19:36:12.7251492Z Tue, 19 May 2026 19:31:35 GMT:endpoint called ip address:port 140.82.114.3:443, domain: github.com., pid: 2749, process: git-remote-http
test-ubuntu (3.14)	Post Harden Runner (Endpoint Network Security)	2026-05-19T19:36:12.7252955Z Tue, 19 May 2026 19:31:36 GMT:[Source code overwritten] file: /home/runner/work/coreason-ecosystem/coreason-ecosystem/.git/refs/tags/v0.9.6.lock syscall: openat by exe: /usr/lib/git-core/git [f54a87f6253aab09ed7b522bd78ddeab509105b1043076209d89127e55877a48] Timestamp: 2026-05-19T19:31:36.408Z
test-ubuntu (3.14)	Post Harden Runner (Endpoint Network Security)	2026-05-19T19:36:12.7255931Z Tue, 19 May 2026 19:31:36 GMT:[Source code overwritten] file: /home/runner/work/coreason-ecosystem/coreason-ecosystem/.git/refs/tags/v0.9.5.lock syscall: openat by exe: /usr/lib/git-core/git [f54a87f6253aab09ed7b522bd78ddeab509105b1043076209d89127e55877a48] Timestamp: 2026-05-19T19:31:36.408Z
test-ubuntu (3.14)	Post Harden Runner (Endpoint Network Security)	2026-05-19T19:36:12.7257989Z Tue, 19 May 2026 19:31:36 GMT:[Source code overwritten] file: /home/runner/work/coreason-ecosystem/coreason-ecosystem/.git/refs/tags/v0.9.4.lock syscall: openat by exe: /usr/lib/git-core/git [f54a87f6253aab09ed7b522bd78ddeab509105b1043076209d89127e55877a48] Timestamp: 2026-05-19T19:31:36.409Z
test-ubuntu (3.14)	Post Harden Runner (Endpoint Network Security)	2026-05-19T19:36:12.7259362Z Tue, 19 May 2026 19:31:36 GMT:endpoint called ip address:port 140.82.114.3:443, domain: github.com., pid: 2875, process: git-remote-http
test-ubuntu (3.14)	Post Harden Runner (Endpoint Network Security)	2026-05-19T19:36:12.7260208Z Tue, 19 May 2026 19:31:40 GMT:domain resolved: raw.githubusercontent.com., ip address: 185.199.109.133, TTL: 2395
test-ubuntu (3.14)	Post Harden Runner (Endpoint Network Security)	2026-05-19T19:36:12.7261166Z Tue, 19 May 2026 19:31:40 GMT:domain resolved: releases.astral.sh., ip address: 172.67.68.3, TTL: 300
test-ubuntu (3.14)	Post Harden Runner (Endpoint Network Security)	2026-05-19T19:36:12.7262196Z Tue, 19 May 2026 19:31:41 GMT:endpoint called ip address:port 185.199.109.133:443, domain: raw.githubusercontent.com., pid: 2901, process: node
test-ubuntu (3.14)	Post Harden Runner (Endpoint Network Security)	2026-05-19T19:36:12.7263136Z Tue, 19 May 2026 19:31:41 GMT:endpoint called ip address:port 172.67.68.3:443, domain: releases.astral.sh., pid: 2901, process: node
test-ubuntu (3.14)	Post Harden Runner (Endpoint Network Security)	2026-05-19T19:36:12.7264363Z Tue, 19 May 2026 19:31:43 GMT:domain resolved: hosted-compute-watchdog-prod-iad-01.githubapp.com., ip address: 140.82.113.23, TTL: 47
test-ubuntu (3.14)	Post Harden Runner (Endpoint Network Security)	2026-05-19T19:36:12.7265688Z Tue, 19 May 2026 19:31:44 GMT:domain resolved: results-receiver.actions.githubusercontent.com., ip address: 140.82.112.22, TTL: 30
test-ubuntu (3.14)	Post Harden Runner (Endpoint Network Security)	2026-05-19T19:36:12.7267132Z Tue, 19 May 2026 19:31:44 GMT:endpoint called ip address:port 140.82.112.22:443, domain: results-receiver.actions.githubusercontent.com., pid: 2901, process: node
test-ubuntu (3.14)	Post Harden Runner (Endpoint Network Security)	2026-05-19T19:36:12.7268044Z Tue, 19 May 2026 19:31:44 GMT:domain resolved: productionresultssa0.blob.core.windows.net., ip address: 20.209.227.33, TTL: 30
test-ubuntu (3.14)	Post Harden Runner (Endpoint Network Security)	2026-05-19T19:36:12.7269237Z Tue, 19 May 2026 19:31:44 GMT:endpoint called ip address:port 20.209.227.33:443, domain: productionresultssa0.blob.core.windows.net., pid: 2901, process: node
test-ubuntu (3.14)	Post Harden Runner (Endpoint Network Security)	2026-05-19T19:36:12.7270002Z Tue, 19 May 2026 19:31:46 GMT:domain resolved: ghcr.io., ip address: 140.82.113.34, TTL: 60
test-ubuntu (3.14)	Post Harden Runner (Endpoint Network Security)	2026-05-19T19:36:12.7270611Z Tue, 19 May 2026 19:31:46 GMT:endpoint called ip address:port 140.82.113.34:443, domain: ghcr.io., pid: 2378, process: dockerd
test-ubuntu (3.14)	Post Harden Runner (Endpoint Network Security)	2026-05-19T19:36:12.7271255Z Tue, 19 May 2026 19:31:46 GMT:domain resolved: registry-1.docker.io., ip address: 18.232.17.23, TTL: 30
test-ubuntu (3.14)	Post Harden Runner (Endpoint Network Security)	2026-05-19T19:36:12.7271936Z Tue, 19 May 2026 19:31:47 GMT:endpoint called ip address:port 18.232.17.23:443, domain: registry-1.docker.io., pid: 2378, process: dockerd
test-ubuntu (3.14)	Post Harden Runner (Endpoint Network Security)	2026-05-19T19:36:12.7272604Z Tue, 19 May 2026 19:31:47 GMT:domain resolved: auth.docker.io., ip address: 172.64.144.78, TTL: 300
test-ubuntu (3.14)	Post Harden Runner (Endpoint Network Security)	2026-05-19T19:36:12.7273266Z Tue, 19 May 2026 19:31:47 GMT:endpoint called ip address:port 172.64.144.78:443, domain: auth.docker.io., pid: 2378, process: dockerd
test-ubuntu (3.14)	Post Harden Runner (Endpoint Network Security)	2026-05-19T19:36:12.7274036Z Tue, 19 May 2026 19:31:48 GMT:domain resolved: production.cloudfront.docker.com., ip address: 18.155.173.15, TTL: 60
test-ubuntu (3.14)	Post Harden Runner (Endpoint Network Security)	2026-05-19T19:36:12.7274727Z Tue, 19 May 2026 19:31:48 GMT:domain resolved: production.cloudflare.docker.com., ip address: 104.16.98.215, TTL: 300
test-ubuntu (3.14)	Post Harden Runner (Endpoint Network Security)	2026-05-19T19:36:12.7275443Z Tue, 19 May 2026 19:31:48 GMT:domain resolved: pkg-containers.githubusercontent.com., ip address: 185.199.108.154, TTL: 1489
test-ubuntu (3.14)	Post Harden Runner (Endpoint Network Security)	2026-05-19T19:36:12.7276569Z Tue, 19 May 2026 19:31:48 GMT:endpoint called ip address:port 18.155.173.15:443, domain: production.cloudfront.docker.com., pid: 2378, process: dockerd
test-ubuntu (3.14)	Post Harden Runner (Endpoint Network Security)	2026-05-19T19:36:12.7277437Z Tue, 19 May 2026 19:31:48 GMT:endpoint called ip address:port 104.16.98.215:443, domain: production.cloudflare.docker.com., pid: 2378, process: dockerd
test-ubuntu (3.14)	Post Harden Runner (Endpoint Network Security)	2026-05-19T19:36:12.7278311Z Tue, 19 May 2026 19:31:48 GMT:endpoint called ip address:port 185.199.108.154:443, domain: pkg-containers.githubusercontent.com., pid: 2378, process: dockerd
test-ubuntu (3.14)	Post Harden Runner (Endpoint Network Security)	2026-05-19T19:36:12.7279084Z Tue, 19 May 2026 19:33:44 GMT:domain resolved: registry-1.docker.io., ip address: 54.224.154.163, TTL: 30
test-ubuntu (3.14)	Post Harden Runner (Endpoint Network Security)	2026-05-19T19:36:12.7279715Z Tue, 19 May 2026 19:33:44 GMT:domain resolved: prod.app-api.stepsecurity.io., ip address: 184.33.59.158, TTL: 47
test-ubuntu (3.14)	Post Harden Runner (Endpoint Network Security)	2026-05-19T19:36:12.7280291Z Tue, 19 May 2026 19:33:44 GMT:domain resolved: ghcr.io., ip address: 140.82.113.34, TTL: 60
test-ubuntu (3.14)	Post Harden Runner (Endpoint Network Security)	2026-05-19T19:36:12.7280966Z Tue, 19 May 2026 19:33:44 GMT:endpoint called ip address:port 54.224.154.163:443, domain: registry-1.docker.io., pid: 2378, process: dockerd
test-ubuntu (3.14)	Post Harden Runner (Endpoint Network Security)	2026-05-19T19:36:12.7281728Z Tue, 19 May 2026 19:33:45 GMT:endpoint called ip address:port 140.82.113.34:443, domain: ghcr.io., pid: 3635, process: docker-buildx
test-ubuntu (3.14)	Post Harden Runner (Endpoint Network Security)	2026-05-19T19:36:12.7282585Z Tue, 19 May 2026 19:33:45 GMT:endpoint called ip address:port 172.64.144.78:443, domain: auth.docker.io., pid: 3635, process: docker-buildx
test-ubuntu (3.14)	Post Harden Runner (Endpoint Network Security)	2026-05-19T19:36:12.7283812Z Tue, 19 May 2026 19:33:45 GMT:domain resolved: deb.debian.org., ip address: 151.101.130.132, TTL: 59
test-ubuntu (3.14)	Post Harden Runner (Endpoint Network Security)	2026-05-19T19:36:12.7284539Z Tue, 19 May 2026 19:33:46 GMT:endpoint called ip address:port 151.101.130.132:80, domain: deb.debian.org., pid: 3803, process: http
test-ubuntu (3.14)	Post Harden Runner (Endpoint Network Security)	2026-05-19T19:36:12.7285412Z Tue, 19 May 2026 19:33:48 GMT:endpoint called ip address:port 151.101.130.132:80, domain: deb.debian.org., pid: 3831, process: http
test-ubuntu (3.14)	Post Harden Runner (Endpoint Network Security)	2026-05-19T19:36:12.7286415Z Tue, 19 May 2026 19:33:51 GMT:domain resolved: files.pythonhosted.org., ip address: 151.101.0.223, TTL: 30
test-ubuntu (3.14)	Post Harden Runner (Endpoint Network Security)	2026-05-19T19:36:12.7287221Z Tue, 19 May 2026 19:33:51 GMT:domain resolved: files.pythonhosted.org., ip address: 151.101.0.223, TTL: 60
test-ubuntu (3.14)	Post Harden Runner (Endpoint Network Security)	2026-05-19T19:36:12.7287885Z Tue, 19 May 2026 19:33:51 GMT:domain resolved: files.pythonhosted.org., ip address: 151.101.64.223, TTL: 60
test-ubuntu (3.14)	Post Harden Runner (Endpoint Network Security)	2026-05-19T19:36:12.7288608Z Tue, 19 May 2026 19:33:51 GMT:domain resolved: files.pythonhosted.org., ip address: 151.101.64.223, TTL: 60
test-ubuntu (3.14)	Post Harden Runner (Endpoint Network Security)	2026-05-19T19:36:12.7289323Z Tue, 19 May 2026 19:33:51 GMT:domain resolved: files.pythonhosted.org., ip address: 151.101.0.223, TTL: 60
test-ubuntu (3.14)	Post Harden Runner (Endpoint Network Security)	2026-05-19T19:36:12.7290211Z Tue, 19 May 2026 19:33:51 GMT:domain resolved: files.pythonhosted.org., ip address: 151.101.64.223, TTL: 60
test-ubuntu (3.14)	Post Harden Runner (Endpoint Network Security)	2026-05-19T19:36:12.7290922Z Tue, 19 May 2026 19:33:51 GMT:domain resolved: files.pythonhosted.org., ip address: 151.101.64.223, TTL: 60
test-ubuntu (3.14)	Post Harden Runner (Endpoint Network Security)	2026-05-19T19:36:12.7291632Z Tue, 19 May 2026 19:33:51 GMT:domain resolved: files.pythonhosted.org., ip address: 151.101.192.223, TTL: 60
test-ubuntu (3.14)	Post Harden Runner (Endpoint Network Security)	2026-05-19T19:36:12.7292345Z Tue, 19 May 2026 19:33:51 GMT:domain resolved: files.pythonhosted.org., ip address: 151.101.64.223, TTL: 60
test-ubuntu (3.14)	Post Harden Runner (Endpoint Network Security)	2026-05-19T19:36:12.7293047Z Tue, 19 May 2026 19:33:51 GMT:domain resolved: files.pythonhosted.org., ip address: 151.101.64.223, TTL: 60
test-ubuntu (3.14)	Post Harden Runner (Endpoint Network Security)	2026-05-19T19:36:12.7293693Z Tue, 19 May 2026 19:33:51 GMT:domain resolved: files.pythonhosted.org., ip address: 151.101.128.223, TTL: 60
test-ubuntu (3.14)	Post Harden Runner (Endpoint Network Security)	2026-05-19T19:36:12.7294395Z Tue, 19 May 2026 19:33:51 GMT:domain resolved: files.pythonhosted.org., ip address: 151.101.128.223, TTL: 60
test-ubuntu (3.14)	Post Harden Runner (Endpoint Network Security)	2026-05-19T19:36:12.7295119Z Tue, 19 May 2026 19:33:51 GMT:domain resolved: files.pythonhosted.org., ip address: 151.101.192.223, TTL: 60
test-ubuntu (3.14)	Post Harden Runner (Endpoint Network Security)	2026-05-19T19:36:12.7295823Z Tue, 19 May 2026 19:33:51 GMT:domain resolved: files.pythonhosted.org., ip address: 151.101.192.223, TTL: 30
test-ubuntu (3.14)	Post Harden Runner (Endpoint Network Security)	2026-05-19T19:36:12.7296702Z Tue, 19 May 2026 19:33:51 GMT:domain resolved: files.pythonhosted.org., ip address: 151.101.0.223, TTL: 60
test-ubuntu (3.14)	Post Harden Runner (Endpoint Network Security)	2026-05-19T19:36:12.7297293Z Tue, 19 May 2026 19:33:51 GMT:domain resolved: files.pythonhosted.org., ip address: 151.101.0.223, TTL: 60
test-ubuntu (3.14)	Post Harden Runner (Endpoint Network Security)	2026-05-19T19:36:12.7298138Z Tue, 19 May 2026 19:33:51 GMT:domain resolved: files.pythonhosted.org., ip address: 151.101.0.223, TTL: 60
test-ubuntu (3.14)	Post Harden Runner (Endpoint Network Security)	2026-05-19T19:36:12.7298876Z Tue, 19 May 2026 19:33:51 GMT:domain resolved: files.pythonhosted.org., ip address: 151.101.64.223, TTL: 60
test-ubuntu (3.14)	Post Harden Runner (Endpoint Network Security)	2026-05-19T19:36:12.7299475Z Tue, 19 May 2026 19:33:51 GMT:domain resolved: files.pythonhosted.org., ip address: 151.101.64.223, TTL: 60
test-ubuntu (3.14)	Post Harden Runner (Endpoint Network Security)	2026-05-19T19:36:12.7300215Z Tue, 19 May 2026 19:33:51 GMT:domain resolved: files.pythonhosted.org., ip address: 151.101.192.223, TTL: 60
test-ubuntu (3.14)	Post Harden Runner (Endpoint Network Security)	2026-05-19T19:36:12.7301034Z Tue, 19 May 2026 19:33:51 GMT:domain resolved: files.pythonhosted.org., ip address: 151.101.64.223, TTL: 60
test-ubuntu (3.14)	Post Harden Runner (Endpoint Network Security)	2026-05-19T19:36:12.7301623Z Tue, 19 May 2026 19:33:51 GMT:domain resolved: files.pythonhosted.org., ip address: 151.101.64.223, TTL: 60
test-ubuntu (3.14)	Post Harden Runner (Endpoint Network Security)	2026-05-19T19:36:12.7302201Z Tue, 19 May 2026 19:33:51 GMT:domain resolved: files.pythonhosted.org., ip address: 151.101.128.223, TTL: 60
test-ubuntu (3.14)	Post Harden Runner (Endpoint Network Security)	2026-05-19T19:36:12.7302781Z Tue, 19 May 2026 19:33:51 GMT:domain resolved: files.pythonhosted.org., ip address: 151.101.0.223, TTL: 60
test-ubuntu (3.14)	Post Harden Runner (Endpoint Network Security)	2026-05-19T19:36:12.7303359Z Tue, 19 May 2026 19:33:51 GMT:domain resolved: files.pythonhosted.org., ip address: 151.101.0.223, TTL: 60
test-ubuntu (3.14)	Post Harden Runner (Endpoint Network Security)	2026-05-19T19:36:12.7304077Z Tue, 19 May 2026 19:33:51 GMT:domain resolved: files.pythonhosted.org., ip address: 151.101.192.223, TTL: 60
test-ubuntu (3.14)	Post Harden Runner (Endpoint Network Security)	2026-05-19T19:36:12.7304683Z Tue, 19 May 2026 19:33:51 GMT:domain resolved: files.pythonhosted.org., ip address: 151.101.0.223, TTL: 30
test-ubuntu (3.14)	Post Harden Runner (Endpoint Network Security)	2026-05-19T19:36:12.7305535Z Tue, 19 May 2026 19:33:51 GMT:domain resolved: files.pythonhosted.org., ip address: 151.101.0.223, TTL: 60
test-ubuntu (3.14)	Post Harden Runner (Endpoint Network Security)	2026-05-19T19:36:12.7306376Z Tue, 19 May 2026 19:33:51 GMT:domain resolved: files.pythonhosted.org., ip address: 151.101.64.223, TTL: 30
test-ubuntu (3.14)	Post Harden Runner (Endpoint Network Security)	2026-05-19T19:36:12.7306997Z Tue, 19 May 2026 19:33:51 GMT:domain resolved: files.pythonhosted.org., ip address: 151.101.128.223, TTL: 60
test-ubuntu (3.14)	Post Harden Runner (Endpoint Network Security)	2026-05-19T19:36:12.7307590Z Tue, 19 May 2026 19:33:51 GMT:domain resolved: files.pythonhosted.org., ip address: 151.101.64.223, TTL: 60
test-ubuntu (3.14)	Post Harden Runner (Endpoint Network Security)	2026-05-19T19:36:12.7308171Z Tue, 19 May 2026 19:33:51 GMT:domain resolved: files.pythonhosted.org., ip address: 151.101.64.223, TTL: 60
test-ubuntu (3.14)	Post Harden Runner (Endpoint Network Security)	2026-05-19T19:36:12.7308751Z Tue, 19 May 2026 19:33:51 GMT:domain resolved: files.pythonhosted.org., ip address: 151.101.192.223, TTL: 60
test-ubuntu (3.14)	Post Harden Runner (Endpoint Network Security)	2026-05-19T19:36:12.7309338Z Tue, 19 May 2026 19:33:51 GMT:domain resolved: files.pythonhosted.org., ip address: 151.101.192.223, TTL: 60
test-ubuntu (3.14)	Post Harden Runner (Endpoint Network Security)	2026-05-19T19:36:12.7309934Z Tue, 19 May 2026 19:33:51 GMT:domain resolved: files.pythonhosted.org., ip address: 151.101.128.223, TTL: 60
test-ubuntu (3.14)	Post Harden Runner (Endpoint Network Security)	2026-05-19T19:36:12.7310671Z Tue, 19 May 2026 19:33:51 GMT:domain resolved: files.pythonhosted.org., ip address: 151.101.192.223, TTL: 60
test-ubuntu (3.14)	Post Harden Runner (Endpoint Network Security)	2026-05-19T19:36:12.7311418Z Tue, 19 May 2026 19:33:51 GMT:domain resolved: files.pythonhosted.org., ip address: 151.101.64.223, TTL: 60
test-ubuntu (3.14)	Post Harden Runner (Endpoint Network Security)	2026-05-19T19:36:12.7312010Z Tue, 19 May 2026 19:33:51 GMT:domain resolved: files.pythonhosted.org., ip address: 151.101.64.223, TTL: 60
test-ubuntu (3.14)	Post Harden Runner (Endpoint Network Security)	2026-05-19T19:36:12.7312590Z Tue, 19 May 2026 19:33:51 GMT:domain resolved: files.pythonhosted.org., ip address: 151.101.0.223, TTL: 60
test-ubuntu (3.14)	Post Harden Runner (Endpoint Network Security)	2026-05-19T19:36:12.7313171Z Tue, 19 May 2026 19:33:51 GMT:domain resolved: files.pythonhosted.org., ip address: 151.101.192.223, TTL: 60
test-ubuntu (3.14)	Post Harden Runner (Endpoint Network Security)	2026-05-19T19:36:12.7313751Z Tue, 19 May 2026 19:33:51 GMT:domain resolved: files.pythonhosted.org., ip address: 151.101.128.223, TTL: 30
test-ubuntu (3.14)	Post Harden Runner (Endpoint Network Security)	2026-05-19T19:36:12.7314329Z Tue, 19 May 2026 19:33:51 GMT:domain resolved: files.pythonhosted.org., ip address: 151.101.192.223, TTL: 60
test-ubuntu (3.14)	Post Harden Runner (Endpoint Network Security)	2026-05-19T19:36:12.7314921Z Tue, 19 May 2026 19:33:51 GMT:domain resolved: files.pythonhosted.org., ip address: 151.101.0.223, TTL: 60
test-ubuntu (3.14)	Post Harden Runner (Endpoint Network Security)	2026-05-19T19:36:12.7315497Z Tue, 19 May 2026 19:33:51 GMT:domain resolved: files.pythonhosted.org., ip address: 151.101.192.223, TTL: 60
test-ubuntu (3.14)	Post Harden Runner (Endpoint Network Security)	2026-05-19T19:36:12.7316187Z Tue, 19 May 2026 19:33:51 GMT:domain resolved: files.pythonhosted.org., ip address: 151.101.128.223, TTL: 60
test-ubuntu (3.14)	Post Harden Runner (Endpoint Network Security)	2026-05-19T19:36:12.7316779Z Tue, 19 May 2026 19:33:51 GMT:domain resolved: files.pythonhosted.org., ip address: 151.101.0.223, TTL: 60
test-ubuntu (3.14)	Post Harden Runner (Endpoint Network Security)	2026-05-19T19:36:12.7317356Z Tue, 19 May 2026 19:33:51 GMT:domain resolved: files.pythonhosted.org., ip address: 151.101.64.223, TTL: 60
test-ubuntu (3.14)	Post Harden Runner (Endpoint Network Security)	2026-05-19T19:36:12.7318103Z Tue, 19 May 2026 19:33:51 GMT:domain resolved: files.pythonhosted.org., ip address: 151.101.64.223, TTL: 60
test-ubuntu (3.14)	Post Harden Runner (Endpoint Network Security)	2026-05-19T19:36:12.7318686Z Tue, 19 May 2026 19:33:51 GMT:domain resolved: files.pythonhosted.org., ip address: 151.101.0.223, TTL: 60
test-ubuntu (3.14)	Post Harden Runner (Endpoint Network Security)	2026-05-19T19:36:12.7319371Z Tue, 19 May 2026 19:33:51 GMT:endpoint called ip address:port 151.101.0.223:443, domain: files.pythonhosted.org., pid: 4291, process: uv
test-ubuntu (3.14)	Post Harden Runner (Endpoint Network Security)	2026-05-19T19:36:12.7320345Z Tue, 19 May 2026 19:33:51 GMT:endpoint called ip address:port 151.101.192.223:443, domain: files.pythonhosted.org., pid: 4291, process: uv
test-ubuntu (3.14)	Post Harden Runner (Endpoint Network Security)	2026-05-19T19:36:12.7321521Z Tue, 19 May 2026 19:33:51 GMT:endpoint called ip address:port 151.101.128.223:443, domain: files.pythonhosted.org., pid: 4291, process: uv
test-ubuntu (3.14)	Post Harden Runner (Endpoint Network Security)	2026-05-19T19:36:12.7322740Z Tue, 19 May 2026 19:33:51 GMT:endpoint called ip address:port 151.101.64.223:443, domain: files.pythonhosted.org., pid: 4291, process: uv
test-ubuntu (3.14)	Post Harden Runner (Endpoint Network Security)	2026-05-19T19:36:12.7323801Z Tue, 19 May 2026 19:33:52 GMT:domain resolved: files.pythonhosted.org., ip address: 151.101.192.223, TTL: 60
test-ubuntu (3.14)	Post Harden Runner (Endpoint Network Security)	2026-05-19T19:36:12.7324675Z Tue, 19 May 2026 19:33:52 GMT:domain resolved: pypi.org., ip address: 151.101.192.223, TTL: 5742
test-ubuntu (3.14)	Post Harden Runner (Endpoint Network Security)	2026-05-19T19:36:12.7325448Z Tue, 19 May 2026 19:33:52 GMT:domain resolved: pypi.org., ip address: 151.101.192.223, TTL: 13440
test-ubuntu (3.14)	Post Harden Runner (Endpoint Network Security)	2026-05-19T19:36:12.7326862Z Tue, 19 May 2026 19:33:58 GMT:endpoint called ip address:port 151.101.192.223:443, domain: pypi.org., pid: 4442, process: uv
test-ubuntu (3.14)	Post Harden Runner (Endpoint Network Security)	2026-05-19T19:36:12.7327789Z Tue, 19 May 2026 19:34:00 GMT:endpoint called ip address:port 151.101.192.223:443, domain: pypi.org., pid: 4557, process: uv
test-ubuntu (3.14)	Post Harden Runner (Endpoint Network Security)	2026-05-19T19:36:12.7328445Z Tue, 19 May 2026 19:34:21 GMT:domain resolved: version-info.temporal.io., ip address: 65.8.20.46, TTL: 60
test-ubuntu (3.14)	Post Harden Runner (Endpoint Network Security)	2026-05-19T19:36:12.7329251Z Tue, 19 May 2026 19:34:21 GMT:endpoint called ip address:port 65.8.20.46:443, domain: version-info.temporal.io., pid: 6648, process: temporal-server
test-ubuntu (3.14)	Post Harden Runner (Endpoint Network Security)	2026-05-19T19:36:12.7330435Z Tue, 19 May 2026 19:34:48 GMT:domain resolved: temporal.download., ip address: 172.67.141.216, TTL: 300
test-ubuntu (3.14)	Post Harden Runner (Endpoint Network Security)	2026-05-19T19:36:12.7331607Z Tue, 19 May 2026 19:34:48 GMT:domain resolved: results-receiver.actions.githubusercontent.com., ip address: 140.82.112.21, TTL: 30
test-ubuntu (3.14)	Post Harden Runner (Endpoint Network Security)	2026-05-19T19:36:12.7333248Z Tue, 19 May 2026 19:34:48 GMT:endpoint called ip address:port 140.82.112.21:443, domain: results-receiver.actions.githubusercontent.com., pid: 2136, process: Runner.Worker
test-ubuntu (3.14)	Post Harden Runner (Endpoint Network Security)	2026-05-19T19:36:12.7334508Z Tue, 19 May 2026 19:34:48 GMT:endpoint called ip address:port 172.67.141.216:443, domain: temporal.download., pid: 8026, process: node
test-ubuntu (3.14)	Post Harden Runner (Endpoint Network Security)	2026-05-19T19:36:12.7335277Z Tue, 19 May 2026 19:34:48 GMT:domain resolved: productionresultssa14.blob.core.windows.net., ip address: 20.209.226.129, TTL: 30
test-ubuntu (3.14)	Post Harden Runner (Endpoint Network Security)	2026-05-19T19:36:12.7336219Z Tue, 19 May 2026 19:34:56 GMT:endpoint called ip address:port 172.67.68.3:443, domain: releases.astral.sh., pid: 9111, process: uv
test-ubuntu (3.14)	Post Harden Runner (Endpoint Network Security)	2026-05-19T19:36:12.7336974Z Tue, 19 May 2026 19:34:58 GMT:domain resolved: files.pythonhosted.org., ip address: 151.101.0.223, TTL: 60
test-ubuntu (3.14)	Post Harden Runner (Endpoint Network Security)	2026-05-19T19:36:12.7337658Z Tue, 19 May 2026 19:34:58 GMT:endpoint called ip address:port 151.101.0.223:443, domain: files.pythonhosted.org., pid: 9111, process: uv
test-ubuntu (3.14)	Post Harden Runner (Endpoint Network Security)	2026-05-19T19:36:12.7338393Z Tue, 19 May 2026 19:35:00 GMT:endpoint called ip address:port 151.101.192.223:443, domain: pypi.org., pid: 9111, process: uv
test-ubuntu (3.14)	Post Harden Runner (Endpoint Network Security)	2026-05-19T19:36:12.7340265Z Tue, 19 May 2026 19:35:13 GMT:[Source code overwritten] file: /home/runner/work/coreason-ecosystem/coreason-ecosystem/.venv/lib/python3.14/site-packages/typer/__pycache__/main.cpython-314.pyc syscall: rename by exe: /home/runner/work/_temp/uv-python-dir/cpython-3.14.5-linux-x86_64-gnu/bin/python3.14 [a1512f9a07029c4a9b02a1bb63bbd156d36b0dcb26f49cb7f5ee175f19b222da] Timestamp: 2026-05-19T19:35:13.326Z
test-ubuntu (3.14)	Post Harden Runner (Endpoint Network Security)	2026-05-19T19:36:12.7342868Z Tue, 19 May 2026 19:35:13 GMT:[Source code overwritten] file: /home/runner/work/coreason-ecosystem/coreason-ecosystem/.venv/lib/python3.14/site-packages/click/__pycache__/shell_completion.cpython-314.pyc syscall: rename by exe: /home/runner/work/_temp/uv-python-dir/cpython-3.14.5-linux-x86_64-gnu/bin/python3.14 [a1512f9a07029c4a9b02a1bb63bbd156d36b0dcb26f49cb7f5ee175f19b222da] Timestamp: 2026-05-19T19:35:13.347Z
test-ubuntu (3.14)	Post Harden Runner (Endpoint Network Security)	2026-05-19T19:36:12.7345519Z Tue, 19 May 2026 19:35:13 GMT:[Source code overwritten] file: /home/runner/work/coreason-ecosystem/coreason-ecosystem/.venv/lib/python3.14/site-packages/shellingham/__pycache__/_core.cpython-314.pyc syscall: rename by exe: /home/runner/work/_temp/uv-python-dir/cpython-3.14.5-linux-x86_64-gnu/bin/python3.14 [a1512f9a07029c4a9b02a1bb63bbd156d36b0dcb26f49cb7f5ee175f19b222da] Timestamp: 2026-05-19T19:35:13.353Z
test-ubuntu (3.14)	Post Harden Runner (Endpoint Network Security)	2026-05-19T19:36:12.7348486Z Tue, 19 May 2026 19:35:15 GMT:domain resolved: hosted-compute-request-orchestrator-prod-iad-01.githubapp.com., ip address: 140.82.112.24, TTL: 60
test-ubuntu (3.14)	Post Harden Runner (Endpoint Network Security)	2026-05-19T19:36:12.7350033Z Tue, 19 May 2026 19:35:15 GMT:endpoint called ip address:port 140.82.112.24:443, domain: hosted-compute-request-orchestrator-prod-iad-01.githubapp.com., pid: 2091, process: hosted-compute-agent
test-ubuntu (3.14)	Post Harden Runner (Endpoint Network Security)	2026-05-19T19:36:12.7351098Z Tue, 19 May 2026 19:35:25 GMT:domain resolved: registry-1.docker.io., ip address: 35.153.85.165, TTL: 40
test-ubuntu (3.14)	Post Harden Runner (Endpoint Network Security)	2026-05-19T19:36:12.7351796Z Tue, 19 May 2026 19:35:25 GMT:endpoint called ip address:port 35.153.85.165:443, domain: registry-1.docker.io., pid: 2378, process: dockerd
test-ubuntu (3.14)	Post Harden Runner (Endpoint Network Security)	2026-05-19T19:36:12.7352746Z Tue, 19 May 2026 19:35:26 GMT:domain resolved: production.cloudfront.docker.com., ip address: 18.155.173.114, TTL: 60
test-ubuntu (3.14)	Post Harden Runner (Endpoint Network Security)	2026-05-19T19:36:12.7353546Z Tue, 19 May 2026 19:35:26 GMT:endpoint called ip address:port 18.155.173.114:443, domain: production.cloudfront.docker.com., pid: 2378, process: dockerd
test-ubuntu (3.14)	Post Harden Runner (Endpoint Network Security)	2026-05-19T19:36:12.7354332Z Tue, 19 May 2026 19:35:31 GMT:endpoint called ip address:port 168.63.129.16:53, domain: , pid: 2291, process: systemd-resolved
test-ubuntu (3.14)	Post Harden Runner (Endpoint Network Security)	2026-05-19T19:36:12.7355057Z Tue, 19 May 2026 19:35:35 GMT:domain resolved: umsafng1jksvbltk1h01.blob.core.windows.net., ip address: 20.150.30.4, TTL: 30
test-ubuntu (3.14)	Post Harden Runner (Endpoint Network Security)	2026-05-19T19:36:12.7355769Z Tue, 19 May 2026 19:36:10 GMT:endpoint called ip address:port 168.63.129.16:80, domain: , pid: 13127, process: python3.12
test-ubuntu (3.14)	Post Harden Runner (Endpoint Network Security)	2026-05-19T19:36:12.7356350Z 
test-ubuntu (3.14)	Post Harden Runner (Endpoint Network Security)	2026-05-19T19:36:12.7356465Z Tue, 19 May 2026 19:36:11 GMT:post_event called
test-ubuntu (3.14)	Post Harden Runner (Endpoint Network Security)	2026-05-19T19:36:12.7357024Z Tue, 19 May 2026 19:36:11 GMT:domain resolved: results-receiver.actions.githubusercontent.com., ip address: 140.82.113.22, TTL: 50
test-ubuntu (3.14)	Post Harden Runner (Endpoint Network Security)	2026-05-19T19:36:12.7357486Z 
test-ubuntu (3.14)	Post Harden Runner (Endpoint Network Security)	2026-05-19T19:36:12.7357705Z status:
test-ubuntu (3.14)	Post Harden Runner (Endpoint Network Security)	2026-05-19T19:36:12.7357884Z Initialized
test-ubuntu (3.14)	Post Harden Runner (Endpoint Network Security)	2026-05-19T19:36:12.7424912Z agent.service log:
test-ubuntu (3.14)	Post Harden Runner (Endpoint Network Security)	2026-05-19T19:36:12.7426432Z May 19 19:31:31 runnervmrw5os systemd[1]: /etc/systemd/system/agent.service:9: Standard output type syslog is obsolete, automatically updating to journal. Please update your unit file, and consider removing the setting altogether.
test-ubuntu (3.14)	Post Harden Runner (Endpoint Network Security)	2026-05-19T19:36:12.7428806Z May 19 19:31:31 runnervmrw5os systemd[1]: /etc/systemd/system/agent.service:10: Standard output type syslog is obsolete, automatically updating to journal. Please update your unit file, and consider removing the setting altogether.
test-ubuntu (3.14)	Post Harden Runner (Endpoint Network Security)	2026-05-19T19:36:12.7430335Z May 19 19:31:31 runnervmrw5os systemd[1]: Started agent.service - Agent.
test-ubuntu (3.14)	Post Harden Runner (Endpoint Network Security)	2026-05-19T19:36:12.7431205Z May 19 19:31:32 runnervmrw5os sudo[2283]:     root : *** ; USER=root ; COMMAND=/usr/bin/systemctl stop systemd-resolved
test-ubuntu (3.14)	Post Harden Runner (Endpoint Network Security)	2026-05-19T19:36:12.7431934Z May 19 19:31:32 runnervmrw5os sudo[2283]: pam_unix(sudo:session): session opened for user root(uid=0) by (uid=0)
test-ubuntu (3.14)	Post Harden Runner (Endpoint Network Security)	2026-05-19T19:36:12.7432609Z May 19 19:31:32 runnervmrw5os sudo[2283]: pam_unix(sudo:session): session closed for user root
test-ubuntu (3.14)	Post Harden Runner (Endpoint Network Security)	2026-05-19T19:36:12.7433331Z May 19 19:31:32 runnervmrw5os sudo[2289]:     root : *** ; USER=root ; COMMAND=/usr/bin/systemctl restart systemd-resolved
test-ubuntu (3.14)	Post Harden Runner (Endpoint Network Security)	2026-05-19T19:36:12.7434040Z May 19 19:31:32 runnervmrw5os sudo[2289]: pam_unix(sudo:session): session opened for user root(uid=0) by (uid=0)
test-ubuntu (3.14)	Post Harden Runner (Endpoint Network Security)	2026-05-19T19:36:12.7434650Z May 19 19:31:32 runnervmrw5os sudo[2289]: pam_unix(sudo:session): session closed for user root
test-ubuntu (3.14)	Post Harden Runner (Endpoint Network Security)	2026-05-19T19:36:12.7435348Z May 19 19:31:32 runnervmrw5os sudo[2294]:     root : *** ; USER=root ; COMMAND=/usr/bin/resolvectl flush-caches
test-ubuntu (3.14)	Post Harden Runner (Endpoint Network Security)	2026-05-19T19:36:12.7436203Z May 19 19:31:32 runnervmrw5os sudo[2294]: pam_unix(sudo:session): session opened for user root(uid=0) by (uid=0)
test-ubuntu (3.14)	Post Harden Runner (Endpoint Network Security)	2026-05-19T19:36:12.7436874Z May 19 19:31:32 runnervmrw5os sudo[2294]: pam_unix(sudo:session): session closed for user root
test-ubuntu (3.14)	Post Harden Runner (Endpoint Network Security)	2026-05-19T19:36:12.7437567Z May 19 19:31:32 runnervmrw5os sudo[2298]:     root : *** ; USER=root ; COMMAND=/usr/bin/systemctl reload docker
test-ubuntu (3.14)	Post Harden Runner (Endpoint Network Security)	2026-05-19T19:36:12.7438272Z May 19 19:31:32 runnervmrw5os sudo[2298]: pam_unix(sudo:session): session opened for user root(uid=0) by (uid=0)
test-ubuntu (3.14)	Post Harden Runner (Endpoint Network Security)	2026-05-19T19:36:12.7438910Z May 19 19:31:32 runnervmrw5os sudo[2298]: pam_unix(sudo:session): session closed for user root
test-ubuntu (3.14)	Post Harden Runner (Endpoint Network Security)	2026-05-19T19:36:12.7439535Z May 19 19:31:32 runnervmrw5os sudo[2309]:     root : *** ; USER=root ; COMMAND=/usr/bin/systemctl daemon-reload
test-ubuntu (3.14)	Post Harden Runner (Endpoint Network Security)	2026-05-19T19:36:12.7440157Z May 19 19:31:32 runnervmrw5os sudo[2309]: pam_unix(sudo:session): session opened for user root(uid=0) by (uid=0)
test-ubuntu (3.14)	Post Harden Runner (Endpoint Network Security)	2026-05-19T19:36:12.7441345Z May 19 19:31:32 runnervmrw5os systemd[1]: /etc/systemd/system/agent.service:9: Standard output type syslog is obsolete, automatically updating to journal. Please update your unit file, and consider removing the setting altogether.
test-ubuntu (3.14)	Post Harden Runner (Endpoint Network Security)	2026-05-19T19:36:12.7442850Z May 19 19:31:32 runnervmrw5os systemd[1]: /etc/systemd/system/agent.service:10: Standard output type syslog is obsolete, automatically updating to journal. Please update your unit file, and consider removing the setting altogether.
test-ubuntu (3.14)	Post Harden Runner (Endpoint Network Security)	2026-05-19T19:36:12.7444264Z May 19 19:31:32 runnervmrw5os sudo[2309]: pam_unix(sudo:session): session closed for user root
test-ubuntu (3.14)	Post Harden Runner (Endpoint Network Security)	2026-05-19T19:36:12.7445046Z May 19 19:31:32 runnervmrw5os sudo[2375]:     root : *** ; USER=root ; COMMAND=/usr/bin/systemctl restart docker
test-ubuntu (3.14)	Post Harden Runner (Endpoint Network Security)	2026-05-19T19:36:12.7445722Z May 19 19:31:32 runnervmrw5os sudo[2375]: pam_unix(sudo:session): session opened for user root(uid=0) by (uid=0)
test-ubuntu (3.14)	Post Harden Runner (Endpoint Network Security)	2026-05-19T19:36:12.7446513Z May 19 19:31:33 runnervmrw5os sudo[2375]: pam_unix(sudo:session): session closed for user root
test-ubuntu (3.14)	Post Harden Runner (Endpoint Network Security)	2026-05-19T19:36:12.7447535Z May 19 19:31:34 runnervmrw5os agentservice[2269]: 2026/05/19 19:31:34 INFO Fetching custom detection rules module=armour api_url=https://agent.api.stepsecurity.io/v1 repo=CoReason-AI/coreason-ecosystem
test-ubuntu (3.14)	Post Harden Runner (Endpoint Network Security)	2026-05-19T19:36:12.7449210Z May 19 19:31:34 runnervmrw5os agentservice[2269]: 2026/05/19 19:31:34 ERROR Failed to initialize detection rules, continuing with eBPF attachment module=armour error="init custom detection rules: fetch policies: API error status 401: {\"error\":\"invalid authorization header format\"}\n"
test-ubuntu (3.14)	Post Harden Runner (Endpoint Network Security)	2026-05-19T19:36:12.7450703Z May 19 19:31:34 runnervmrw5os agentservice[2269]: 2026/05/19 19:31:34 INFO Config module=armour AGENT_PID=2269
test-ubuntu (3.14)	Post Harden Runner (Endpoint Network Security)	2026-05-19T19:36:12.7451441Z May 19 19:31:34 runnervmrw5os agentservice[2269]: 2026/05/19 19:31:34 INFO Config module=armour ENFORCE_READ_BLOCK=false
test-ubuntu (3.14)	Post Harden Runner (Endpoint Network Security)	2026-05-19T19:36:12.7452180Z May 19 19:31:34 runnervmrw5os agentservice[2269]: 2026/05/19 19:31:34 INFO Config module=armour ENFORCE_WRITE_BLOCK=false
test-ubuntu (3.14)	Post Harden Runner (Endpoint Network Security)	2026-05-19T19:36:12.7452904Z May 19 19:31:34 runnervmrw5os agentservice[2269]: 2026/05/19 19:31:34 INFO Config module=armour ENFORCE_KILL_BLOCK=false
test-ubuntu (3.14)	Post Harden Runner (Endpoint Network Security)	2026-05-19T19:36:12.7453624Z May 19 19:31:34 runnervmrw5os agentservice[2269]: 2026/05/19 19:31:34 INFO Map size module=armour protected_fs_inodes=6
test-ubuntu (3.14)	Post Harden Runner (Endpoint Network Security)	2026-05-19T19:36:12.7454423Z May 19 19:31:34 runnervmrw5os agentservice[2269]: 2026/05/19 19:31:34 INFO Map size module=armour protected_proc_fs_inodes=2
test-ubuntu (3.14)	Post Harden Runner (Endpoint Network Security)	2026-05-19T19:36:12.7455089Z May 19 19:31:34 runnervmrw5os agentservice[2269]: 2026/05/19 19:31:34 INFO Map size module=armour events=16384
test-ubuntu (3.14)	Post Harden Runner (Endpoint Network Security)	2026-05-19T19:36:12.7455726Z May 19 19:31:34 runnervmrw5os agentservice[2269]: 2026/05/19 19:31:34 INFO Map size module=armour protected_pids=1
test-ubuntu (3.14)	Post Harden Runner (Endpoint Network Security)	2026-05-19T19:36:12.7456679Z May 19 19:31:34 runnervmrw5os agentservice[2269]: 2026/05/19 19:31:34 INFO Map size module=armour protected_pid_inodes=1
test-ubuntu (3.14)	Post Harden Runner (Endpoint Network Security)	2026-05-19T19:36:12.7457391Z May 19 19:31:34 runnervmrw5os agentservice[2269]: 2026/05/19 19:31:34 INFO Map size module=armour protected_bpf_ids=9
test-ubuntu (3.14)	Post Harden Runner (Endpoint Network Security)	2026-05-19T19:36:12.7458103Z May 19 19:31:34 runnervmrw5os agentservice[2269]: 2026/05/19 19:31:34 INFO ProtectedPids module=armour pids=map[2270:2269]
test-ubuntu (3.14)	Post Harden Runner (Endpoint Network Security)	2026-05-19T19:36:12.7458872Z May 19 19:31:34 runnervmrw5os agentservice[2269]: 2026/05/19 19:31:34 INFO ProtectedBPFIDs module=armour ids="[15 9 13 16 14]"
test-ubuntu (3.14)	Post Harden Runner (Endpoint Network Security)	2026-05-19T19:36:12.7460236Z May 19 19:31:34 runnervmrw5os agentservice[2269]: 2026/05/19 19:31:34 INFO File Info module=armour inoKey="{Device:24 Inode:17960}" path=/proc/2136/mem
test-ubuntu (3.14)	Post Harden Runner (Endpoint Network Security)	2026-05-19T19:36:12.7461416Z May 19 19:31:34 runnervmrw5os agentservice[2269]: 2026/05/19 19:31:34 INFO File Info module=armour inoKey="{Device:24 Inode:17961}" path=/proc/2120/mem
test-ubuntu (3.14)	Post Harden Runner (Endpoint Network Security)	2026-05-19T19:36:12.7462289Z May 19 19:31:34 runnervmrw5os agentservice[2269]: 2026/05/19 19:31:34 INFO File Info module=armour inoKey="{Device:2049 Inode:88666}" path=/etc/sudoers.d/runner
test-ubuntu (3.14)	Post Harden Runner (Endpoint Network Security)	2026-05-19T19:36:12.7463155Z May 19 19:31:34 runnervmrw5os agentservice[2269]: 2026/05/19 19:31:34 INFO File Info module=armour inoKey="{Device:28 Inode:954}" path=/etc/resolv.conf
test-ubuntu (3.14)	Post Harden Runner (Endpoint Network Security)	2026-05-19T19:36:12.7464025Z May 19 19:31:34 runnervmrw5os agentservice[2269]: 2026/05/19 19:31:34 INFO File Info module=armour inoKey="{Device:2049 Inode:508}" path=/etc/systemd/resolved.conf
test-ubuntu (3.14)	Post Harden Runner (Endpoint Network Security)	2026-05-19T19:36:12.7464961Z May 19 19:31:34 runnervmrw5os agentservice[2269]: 2026/05/19 19:31:34 INFO File Info module=armour inoKey="{Device:2049 Inode:524522}" path=/etc/docker/daemon.json
test-ubuntu (3.14)	Post Harden Runner (Endpoint Network Security)	2026-05-19T19:36:12.7465994Z May 19 19:31:34 runnervmrw5os agentservice[2269]: 2026/05/19 19:31:34 INFO Protection maps populated module=armour
test-ubuntu (3.14)	Post Harden Runner (Endpoint Network Security)	2026-05-19T19:36:12.7467017Z May 19 19:31:34 runnervmrw5os agentservice[2269]: 2026/05/19 19:31:34 INFO Protection maps are freezed module=armour
test-ubuntu (3.14)	Post Harden Runner (Endpoint Network Security)	2026-05-19T19:36:12.7467667Z May 19 19:31:34 runnervmrw5os agentservice[2269]: 2026/05/19 19:31:34 INFO Linking completed module=armour
test-ubuntu (3.14)	Post Harden Runner (Endpoint Network Security)	2026-05-19T19:36:12.7468273Z May 19 19:31:34 runnervmrw5os agentservice[2269]: 2026/05/19 19:31:34 INFO Armour engaged module=armour
test-ubuntu (3.14)	Post Harden Runner (Endpoint Network Security)	2026-05-19T19:36:12.7469254Z May 19 19:31:34 runnervmrw5os agentservice[2269]: 2026/05/19 19:31:34 INFO RingBuffer created module=armour size=16384
test-ubuntu (3.14)	Post Harden Runner (Endpoint Network Security)	2026-05-19T19:36:12.7470017Z May 19 19:31:34 runnervmrw5os agentservice[2269]: 2026/05/19 19:31:34 INFO Listening for events module=armour
test-ubuntu (3.14)	Post Harden Runner (Endpoint Network Security)	2026-05-19T19:36:12.7470704Z May 19 19:31:34 runnervmrw5os agentservice[2269]: 2026/05/19 19:31:34 INFO [LOCKDOWN] Runner.Worker PID set module=armour pid=2136
test-ubuntu (3.14)	Post Harden Runner (Endpoint Network Security)	2026-05-19T19:36:12.7471311Z 
test-ubuntu (3.14)	Complete job	∩╗┐2026-05-19T19:36:12.7577678Z Cleaning up orphan processes
test-ubuntu (3.14)	Complete job	2026-05-19T19:36:12.8013836Z ##[warning]Node.js 20 is deprecated. The following actions target Node.js 20 but are being forced to run on Node.js 24: docker/login-action@9780b0c442fbb1117ed29e0efdff1e18412f7567, temporalio/setup-temporal@1059a504f87e7fa2f385e3fa40d1aa7e62f1c6ca. For more information see: https://github.blog/changelog/2025-09-19-deprecation-of-node-20-on-github-actions-runners/
test-ubuntu (3.14t)	Set up job	∩╗┐2026-05-19T19:31:17.1565069Z Current runner version: '2.334.0'
test-ubuntu (3.14t)	Set up job	2026-05-19T19:31:17.1604615Z ##[group]Runner Image Provisioner
test-ubuntu (3.14t)	Set up job	2026-05-19T19:31:17.1606029Z Hosted Compute Agent
test-ubuntu (3.14t)	Set up job	2026-05-19T19:31:17.1606919Z Version: 20260213.493
test-ubuntu (3.14t)	Set up job	2026-05-19T19:31:17.1608089Z Commit: 5c115507f6dd24b8de37d8bbe0bb4509d0cc0fa3
test-ubuntu (3.14t)	Set up job	2026-05-19T19:31:17.1609210Z Build Date: 2026-02-13T00:28:41Z
test-ubuntu (3.14t)	Set up job	2026-05-19T19:31:17.1610229Z Worker ID: {b2497dc4-c546-456a-9b68-a670e92ddabb}
test-ubuntu (3.14t)	Set up job	2026-05-19T19:31:17.1611463Z Azure Region: eastus
test-ubuntu (3.14t)	Set up job	2026-05-19T19:31:17.1612272Z ##[endgroup]
test-ubuntu (3.14t)	Set up job	2026-05-19T19:31:17.1614914Z ##[group]Operating System
test-ubuntu (3.14t)	Set up job	2026-05-19T19:31:17.1616045Z Ubuntu
test-ubuntu (3.14t)	Set up job	2026-05-19T19:31:17.1616799Z 24.04.4
test-ubuntu (3.14t)	Set up job	2026-05-19T19:31:17.1617613Z LTS
test-ubuntu (3.14t)	Set up job	2026-05-19T19:31:17.1618400Z ##[endgroup]
test-ubuntu (3.14t)	Set up job	2026-05-19T19:31:17.1619199Z ##[group]Runner Image
test-ubuntu (3.14t)	Set up job	2026-05-19T19:31:17.1620235Z Image: ubuntu-24.04
test-ubuntu (3.14t)	Set up job	2026-05-19T19:31:17.1621110Z Version: 20260518.149.1
test-ubuntu (3.14t)	Set up job	2026-05-19T19:31:17.1622873Z Included Software: https://github.com/actions/runner-images/blob/ubuntu24/20260518.149/images/ubuntu/Ubuntu2404-Readme.md
test-ubuntu (3.14t)	Set up job	2026-05-19T19:31:17.1626227Z Image Release: https://github.com/actions/runner-images/releases/tag/ubuntu24%2F20260518.149
test-ubuntu (3.14t)	Set up job	2026-05-19T19:31:17.1627925Z ##[endgroup]
test-ubuntu (3.14t)	Set up job	2026-05-19T19:31:17.1633134Z ##[group]GITHUB_TOKEN Permissions
test-ubuntu (3.14t)	Set up job	2026-05-19T19:31:17.1636808Z Actions: read
test-ubuntu (3.14t)	Set up job	2026-05-19T19:31:17.1637784Z ArtifactMetadata: read
test-ubuntu (3.14t)	Set up job	2026-05-19T19:31:17.1638801Z Attestations: read
test-ubuntu (3.14t)	Set up job	2026-05-19T19:31:17.1639756Z Checks: read
test-ubuntu (3.14t)	Set up job	2026-05-19T19:31:17.1640584Z CodeQuality: read
test-ubuntu (3.14t)	Set up job	2026-05-19T19:31:17.1641457Z Contents: read
test-ubuntu (3.14t)	Set up job	2026-05-19T19:31:17.1642348Z Deployments: read
test-ubuntu (3.14t)	Set up job	2026-05-19T19:31:17.1643166Z Discussions: read
test-ubuntu (3.14t)	Set up job	2026-05-19T19:31:17.1644479Z Issues: read
test-ubuntu (3.14t)	Set up job	2026-05-19T19:31:17.1645455Z Metadata: read
test-ubuntu (3.14t)	Set up job	2026-05-19T19:31:17.1646429Z Models: read
test-ubuntu (3.14t)	Set up job	2026-05-19T19:31:17.1647265Z Packages: read
test-ubuntu (3.14t)	Set up job	2026-05-19T19:31:17.1648282Z Pages: read
test-ubuntu (3.14t)	Set up job	2026-05-19T19:31:17.1649278Z PullRequests: read
test-ubuntu (3.14t)	Set up job	2026-05-19T19:31:17.1650271Z RepositoryProjects: read
test-ubuntu (3.14t)	Set up job	2026-05-19T19:31:17.1651245Z SecurityEvents: read
test-ubuntu (3.14t)	Set up job	2026-05-19T19:31:17.1652329Z Statuses: read
test-ubuntu (3.14t)	Set up job	2026-05-19T19:31:17.1653295Z VulnerabilityAlerts: read
test-ubuntu (3.14t)	Set up job	2026-05-19T19:31:17.1654516Z ##[endgroup]
test-ubuntu (3.14t)	Set up job	2026-05-19T19:31:17.1657657Z Secret source: Actions
test-ubuntu (3.14t)	Set up job	2026-05-19T19:31:17.1658893Z Prepare workflow directory
test-ubuntu (3.14t)	Set up job	2026-05-19T19:31:17.2487510Z Prepare all required actions
test-ubuntu (3.14t)	Set up job	2026-05-19T19:31:17.2545570Z Getting action download info
test-ubuntu (3.14t)	Set up job	2026-05-19T19:31:17.7514099Z Download action repository 'step-security/harden-runner@ab7a9404c0f3da075243ca237b5fac12c98deaa5' (SHA:ab7a9404c0f3da075243ca237b5fac12c98deaa5)
test-ubuntu (3.14t)	Set up job	2026-05-19T19:31:18.0992971Z Download action repository 'actions/checkout@v6.0.2' (SHA:de0fac2e4500dabe0009e67214ff5f5447ce83dd)
test-ubuntu (3.14t)	Set up job	2026-05-19T19:31:18.1398612Z Download action repository 'astral-sh/setup-uv@08807647e7069bb48b6ef5acd8ec9567f424441b' (SHA:08807647e7069bb48b6ef5acd8ec9567f424441b)
test-ubuntu (3.14t)	Set up job	2026-05-19T19:31:18.4031857Z Download action repository 'docker/login-action@9780b0c442fbb1117ed29e0efdff1e18412f7567' (SHA:9780b0c442fbb1117ed29e0efdff1e18412f7567)
test-ubuntu (3.14t)	Set up job	2026-05-19T19:31:18.6391381Z Download action repository 'temporalio/setup-temporal@1059a504f87e7fa2f385e3fa40d1aa7e62f1c6ca' (SHA:1059a504f87e7fa2f385e3fa40d1aa7e62f1c6ca)
test-ubuntu (3.14t)	Set up job	2026-05-19T19:31:18.7436510Z Download action repository 'codecov/codecov-action@75cd11691c0faa626561e295848008c8a7dddffe' (SHA:75cd11691c0faa626561e295848008c8a7dddffe)
test-ubuntu (3.14t)	Set up job	2026-05-19T19:31:19.0205689Z Getting action download info
test-ubuntu (3.14t)	Set up job	2026-05-19T19:31:19.1845311Z Download action repository 'actions/github-script@60a0d83039c74a4aee543508d2ffcb1c3799cdea' (SHA:60a0d83039c74a4aee543508d2ffcb1c3799cdea)
test-ubuntu (3.14t)	Set up job	2026-05-19T19:31:19.3881388Z Complete job name: test-ubuntu (3.14t)
test-ubuntu (3.14t)	Pre Harden Runner (Endpoint Network Security)	∩╗┐2026-05-19T19:31:19.4771553Z ##[group]Run step-security/harden-runner@ab7a9404c0f3da075243ca237b5fac12c98deaa5
test-ubuntu (3.14t)	Pre Harden Runner (Endpoint Network Security)	2026-05-19T19:31:19.4773368Z with:
test-ubuntu (3.14t)	Pre Harden Runner (Endpoint Network Security)	2026-05-19T19:31:19.4774398Z   egress-policy: audit
test-ubuntu (3.14t)	Pre Harden Runner (Endpoint Network Security)	2026-05-19T19:31:19.4775515Z   token: ***
test-ubuntu (3.14t)	Pre Harden Runner (Endpoint Network Security)	2026-05-19T19:31:19.4776269Z   disable-telemetry: false
test-ubuntu (3.14t)	Pre Harden Runner (Endpoint Network Security)	2026-05-19T19:31:19.4777139Z   disable-sudo: false
test-ubuntu (3.14t)	Pre Harden Runner (Endpoint Network Security)	2026-05-19T19:31:19.4778010Z   disable-sudo-and-containers: false
test-ubuntu (3.14t)	Pre Harden Runner (Endpoint Network Security)	2026-05-19T19:31:19.4779028Z   disable-file-monitoring: false
test-ubuntu (3.14t)	Pre Harden Runner (Endpoint Network Security)	2026-05-19T19:31:19.4780233Z   use-policy-store: false
test-ubuntu (3.14t)	Pre Harden Runner (Endpoint Network Security)	2026-05-19T19:31:19.4781122Z   deploy-on-self-hosted-vm: false
test-ubuntu (3.14t)	Pre Harden Runner (Endpoint Network Security)	2026-05-19T19:31:19.4782338Z env:
test-ubuntu (3.14t)	Pre Harden Runner (Endpoint Network Security)	2026-05-19T19:31:19.4783112Z   FORCE_JAVASCRIPT_ACTIONS_TO_NODE24: true
test-ubuntu (3.14t)	Pre Harden Runner (Endpoint Network Security)	2026-05-19T19:31:19.4784453Z   TEMPORAL_CI_NAMESPACE: coreason-ci-26120302019-1
test-ubuntu (3.14t)	Pre Harden Runner (Endpoint Network Security)	2026-05-19T19:31:19.4785590Z   ORJSON_BUILD_FREETHREADED: 1
test-ubuntu (3.14t)	Pre Harden Runner (Endpoint Network Security)	2026-05-19T19:31:19.4786471Z ##[endgroup]
test-ubuntu (3.14t)	Pre Harden Runner (Endpoint Network Security)	2026-05-19T19:31:19.6060243Z [harden-runner] pre-step
test-ubuntu (3.14t)	Pre Harden Runner (Endpoint Network Security)	2026-05-19T19:31:19.6061438Z [!] Current Configuration: 
test-ubuntu (3.14t)	Pre Harden Runner (Endpoint Network Security)	2026-05-19T19:31:19.6068933Z {"repo":"CoReason-AI/coreason-ecosystem","run_id":"26120302019","correlation_id":"982fcec6-ba1b-486e-b635-8b2c7bbe5073","working_directory":"/home/runner/work/coreason-ecosystem/coreason-ecosystem","api_url":"https://agent.api.stepsecurity.io/v1","telemetry_url":"https://prod.app-api.stepsecurity.io/v1","allowed_endpoints":"","egress_policy":"audit","disable_telemetry":false,"disable_sudo":false,"disable_sudo_and_containers":false,"disable_file_monitoring":false,"private":false,"is_github_hosted":true,"is_debug":false,"one_time_key":"","api_key":"","use_policy_store":false,"deploy_on_self_hosted_vm":false}
test-ubuntu (3.14t)	Pre Harden Runner (Endpoint Network Security)	2026-05-19T19:31:19.6076128Z 
test-ubuntu (3.14t)	Pre Harden Runner (Endpoint Network Security)	2026-05-19T19:31:19.6076932Z [32mView security insights and recommended policy at:[0m
test-ubuntu (3.14t)	Pre Harden Runner (Endpoint Network Security)	2026-05-19T19:31:19.6078762Z https://app.stepsecurity.io/github/CoReason-AI/coreason-ecosystem/actions/runs/26120302019
test-ubuntu (3.14t)	Pre Harden Runner (Endpoint Network Security)	2026-05-19T19:31:19.6080408Z RUNNER_NAME: GitHub Actions 1000023821
test-ubuntu (3.14t)	Pre Harden Runner (Endpoint Network Security)	2026-05-19T19:31:26.2934710Z error in connecting to https://agent.api.stepsecurity.io/v1: HttpClientError: All attempts fail:
test-ubuntu (3.14t)	Pre Harden Runner (Endpoint Network Security)	2026-05-19T19:31:26.2940422Z #1: GET https://api.github.com/repos/CoReason-AI/coreason-ecosystem/actions/runs/26120302019: 403 API rate limit exceeded for installation ID 76027990. If you reach out to GitHub Support for help, please include the request ID FBCC:344FC4:2B69727:2BCE67C:6A0CBA88 and timestamp 2026-05-19 19:31:20 UTC. For more on scraping GitHub and how it may affect your rights, please review our Terms of Service (https://docs.github.com/en/site-policy/github-terms/github-terms-of-service) [rate reset in 50m55s]
test-ubuntu (3.14t)	Pre Harden Runner (Endpoint Network Security)	2026-05-19T19:31:26.2944145Z #2: GET https://api.github.com/repos/CoReason-AI/coreason-ecosystem/actions/runs/26120302019: 403 API rate limit of 5000 still exceeded until 2026-05-19 20:22:21 +0000 UTC, not making remote request. [rate reset in 50m55s]
test-ubuntu (3.14t)	Pre Harden Runner (Endpoint Network Security)	2026-05-19T19:31:26.2947030Z #3: GET https://api.github.com/repos/CoReason-AI/coreason-ecosystem/actions/runs/26120302019: 403 API rate limit of 5000 still exceeded until 2026-05-19 20:22:21 +0000 UTC, not making remote request. [rate reset in 50m55s]
test-ubuntu (3.14t)	Pre Harden Runner (Endpoint Network Security)	2026-05-19T19:31:26.2948450Z Step Security Job Correlation ID: 982fcec6-ba1b-486e-b635-8b2c7bbe5073
test-ubuntu (3.14t)	Pre Harden Runner (Endpoint Network Security)	2026-05-19T19:31:26.3141722Z [!] Checking TLS_STATUS: CoReason-AI
test-ubuntu (3.14t)	Pre Harden Runner (Endpoint Network Security)	2026-05-19T19:31:26.7380338Z [!] TLS_NOT_ENABLED: CoReason-AI
test-ubuntu (3.14t)	Pre Harden Runner (Endpoint Network Security)	2026-05-19T19:31:26.9500733Z Γ£à Checksum verification passed. checksum=e38de61e1afd98dd339bb9acce4996183875d482be1638fb198ab02b3e25bbef
test-ubuntu (3.14t)	Pre Harden Runner (Endpoint Network Security)	2026-05-19T19:31:26.9594798Z [command]/usr/bin/tar xz --warning=no-unknown-keyword --overwrite -C /home/runner/work/_temp/90f1ead8-0d29-45bb-bd71-f58403ae04ef -f /home/runner/work/_temp/c3bcc23c-7c49-4c7f-a186-93b49d276b45
test-ubuntu (3.14t)	Pre Harden Runner (Endpoint Network Security)	2026-05-19T19:31:30.7649937Z Initialized
test-ubuntu (3.14t)	Harden Runner (Endpoint Network Security)	∩╗┐2026-05-19T19:31:30.7854517Z ##[group]Run step-security/harden-runner@ab7a9404c0f3da075243ca237b5fac12c98deaa5
test-ubuntu (3.14t)	Harden Runner (Endpoint Network Security)	2026-05-19T19:31:30.7854982Z with:
test-ubuntu (3.14t)	Harden Runner (Endpoint Network Security)	2026-05-19T19:31:30.7855172Z   egress-policy: audit
test-ubuntu (3.14t)	Harden Runner (Endpoint Network Security)	2026-05-19T19:31:30.7855505Z   token: ***
test-ubuntu (3.14t)	Harden Runner (Endpoint Network Security)	2026-05-19T19:31:30.7855696Z   disable-telemetry: false
test-ubuntu (3.14t)	Harden Runner (Endpoint Network Security)	2026-05-19T19:31:30.7855937Z   disable-sudo: false
test-ubuntu (3.14t)	Harden Runner (Endpoint Network Security)	2026-05-19T19:31:30.7856151Z   disable-sudo-and-containers: false
test-ubuntu (3.14t)	Harden Runner (Endpoint Network Security)	2026-05-19T19:31:30.7856413Z   disable-file-monitoring: false
test-ubuntu (3.14t)	Harden Runner (Endpoint Network Security)	2026-05-19T19:31:30.7856652Z   use-policy-store: false
test-ubuntu (3.14t)	Harden Runner (Endpoint Network Security)	2026-05-19T19:31:30.7856877Z   deploy-on-self-hosted-vm: false
test-ubuntu (3.14t)	Harden Runner (Endpoint Network Security)	2026-05-19T19:31:30.7857093Z env:
test-ubuntu (3.14t)	Harden Runner (Endpoint Network Security)	2026-05-19T19:31:30.7857283Z   FORCE_JAVASCRIPT_ACTIONS_TO_NODE24: true
test-ubuntu (3.14t)	Harden Runner (Endpoint Network Security)	2026-05-19T19:31:30.7857582Z   TEMPORAL_CI_NAMESPACE: coreason-ci-26120302019-1
test-ubuntu (3.14t)	Harden Runner (Endpoint Network Security)	2026-05-19T19:31:30.7857875Z   ORJSON_BUILD_FREETHREADED: 1
test-ubuntu (3.14t)	Harden Runner (Endpoint Network Security)	2026-05-19T19:31:30.7858394Z   STATE_disableSudo: false
test-ubuntu (3.14t)	Harden Runner (Endpoint Network Security)	2026-05-19T19:31:30.7858630Z   STATE_disableSudoAndContainers: false
test-ubuntu (3.14t)	Harden Runner (Endpoint Network Security)	2026-05-19T19:31:30.7858882Z   STATE_addSummary: false
test-ubuntu (3.14t)	Harden Runner (Endpoint Network Security)	2026-05-19T19:31:30.7859155Z   STATE_correlation_id: 982fcec6-ba1b-486e-b635-8b2c7bbe5073
test-ubuntu (3.14t)	Harden Runner (Endpoint Network Security)	2026-05-19T19:31:30.7859485Z   STATE_isTLS: false
test-ubuntu (3.14t)	Harden Runner (Endpoint Network Security)	2026-05-19T19:31:30.7859695Z ##[endgroup]
test-ubuntu (3.14t)	Harden Runner (Endpoint Network Security)	2026-05-19T19:31:30.8582590Z [harden-runner] main-step
test-ubuntu (3.14t)	Harden Runner (Endpoint Network Security)	2026-05-19T19:31:30.8588369Z [32mView security insights and recommended policy at:[0m
test-ubuntu (3.14t)	Harden Runner (Endpoint Network Security)	2026-05-19T19:31:30.8589252Z https://app.stepsecurity.io/github/CoReason-AI/coreason-ecosystem/actions/runs/26120302019
test-ubuntu (3.14t)	Run actions/checkout@v6.0.2	∩╗┐2026-05-19T19:31:30.8749095Z ##[group]Run actions/checkout@v6.0.2
test-ubuntu (3.14t)	Run actions/checkout@v6.0.2	2026-05-19T19:31:30.8749397Z with:
test-ubuntu (3.14t)	Run actions/checkout@v6.0.2	2026-05-19T19:31:30.8749570Z   fetch-depth: 0
test-ubuntu (3.14t)	Run actions/checkout@v6.0.2	2026-05-19T19:31:30.8749763Z   fetch-tags: true
test-ubuntu (3.14t)	Run actions/checkout@v6.0.2	2026-05-19T19:31:30.8749983Z   repository: CoReason-AI/coreason-ecosystem
test-ubuntu (3.14t)	Run actions/checkout@v6.0.2	2026-05-19T19:31:30.8750403Z   token: ***
test-ubuntu (3.14t)	Run actions/checkout@v6.0.2	2026-05-19T19:31:30.8750585Z   ssh-strict: true
test-ubuntu (3.14t)	Run actions/checkout@v6.0.2	2026-05-19T19:31:30.8750774Z   ssh-user: git
test-ubuntu (3.14t)	Run actions/checkout@v6.0.2	2026-05-19T19:31:30.8750983Z   persist-credentials: true
test-ubuntu (3.14t)	Run actions/checkout@v6.0.2	2026-05-19T19:31:30.8751204Z   clean: true
test-ubuntu (3.14t)	Run actions/checkout@v6.0.2	2026-05-19T19:31:30.8751403Z   sparse-checkout-cone-mode: true
test-ubuntu (3.14t)	Run actions/checkout@v6.0.2	2026-05-19T19:31:30.8751643Z   show-progress: true
test-ubuntu (3.14t)	Run actions/checkout@v6.0.2	2026-05-19T19:31:30.8751834Z   lfs: false
test-ubuntu (3.14t)	Run actions/checkout@v6.0.2	2026-05-19T19:31:30.8752006Z   submodules: false
test-ubuntu (3.14t)	Run actions/checkout@v6.0.2	2026-05-19T19:31:30.8752200Z   set-safe-directory: true
test-ubuntu (3.14t)	Run actions/checkout@v6.0.2	2026-05-19T19:31:30.8752413Z env:
test-ubuntu (3.14t)	Run actions/checkout@v6.0.2	2026-05-19T19:31:30.8752604Z   FORCE_JAVASCRIPT_ACTIONS_TO_NODE24: true
test-ubuntu (3.14t)	Run actions/checkout@v6.0.2	2026-05-19T19:31:30.8752896Z   TEMPORAL_CI_NAMESPACE: coreason-ci-26120302019-1
test-ubuntu (3.14t)	Run actions/checkout@v6.0.2	2026-05-19T19:31:30.8753187Z   ORJSON_BUILD_FREETHREADED: 1
test-ubuntu (3.14t)	Run actions/checkout@v6.0.2	2026-05-19T19:31:30.8753407Z ##[endgroup]
test-ubuntu (3.14t)	Run actions/checkout@v6.0.2	2026-05-19T19:31:30.9670176Z Syncing repository: CoReason-AI/coreason-ecosystem
test-ubuntu (3.14t)	Run actions/checkout@v6.0.2	2026-05-19T19:31:30.9671880Z ##[group]Getting Git version info
test-ubuntu (3.14t)	Run actions/checkout@v6.0.2	2026-05-19T19:31:30.9672577Z Working directory is '/home/runner/work/coreason-ecosystem/coreason-ecosystem'
test-ubuntu (3.14t)	Run actions/checkout@v6.0.2	2026-05-19T19:31:30.9673239Z [command]/usr/bin/git version
test-ubuntu (3.14t)	Run actions/checkout@v6.0.2	2026-05-19T19:31:30.9768833Z git version 2.54.0
test-ubuntu (3.14t)	Run actions/checkout@v6.0.2	2026-05-19T19:31:30.9794489Z ##[endgroup]
test-ubuntu (3.14t)	Run actions/checkout@v6.0.2	2026-05-19T19:31:30.9811262Z Temporarily overriding HOME='/home/runner/work/_temp/a3d773cf-aa07-4ea4-8dda-2011c4a6a195' before making global git config changes
test-ubuntu (3.14t)	Run actions/checkout@v6.0.2	2026-05-19T19:31:30.9812622Z Adding repository directory to the temporary git global config as a safe directory
test-ubuntu (3.14t)	Run actions/checkout@v6.0.2	2026-05-19T19:31:30.9817949Z [command]/usr/bin/git config --global --add safe.directory /home/runner/work/coreason-ecosystem/coreason-ecosystem
test-ubuntu (3.14t)	Run actions/checkout@v6.0.2	2026-05-19T19:31:30.9872844Z Deleting the contents of '/home/runner/work/coreason-ecosystem/coreason-ecosystem'
test-ubuntu (3.14t)	Run actions/checkout@v6.0.2	2026-05-19T19:31:30.9877754Z ##[group]Initializing the repository
test-ubuntu (3.14t)	Run actions/checkout@v6.0.2	2026-05-19T19:31:30.9883840Z [command]/usr/bin/git init /home/runner/work/coreason-ecosystem/coreason-ecosystem
test-ubuntu (3.14t)	Run actions/checkout@v6.0.2	2026-05-19T19:31:31.0052701Z hint: Using 'master' as the name for the initial branch. This default branch name
test-ubuntu (3.14t)	Run actions/checkout@v6.0.2	2026-05-19T19:31:31.0054558Z hint: will change to "main" in Git 3.0. To configure the initial branch name
test-ubuntu (3.14t)	Run actions/checkout@v6.0.2	2026-05-19T19:31:31.0055464Z hint: to use in all of your new repositories, which will suppress this warning,
test-ubuntu (3.14t)	Run actions/checkout@v6.0.2	2026-05-19T19:31:31.0055953Z hint: call:
test-ubuntu (3.14t)	Run actions/checkout@v6.0.2	2026-05-19T19:31:31.0056151Z hint:
test-ubuntu (3.14t)	Run actions/checkout@v6.0.2	2026-05-19T19:31:31.0056437Z hint: 	git config --global init.defaultBranch <name>
test-ubuntu (3.14t)	Run actions/checkout@v6.0.2	2026-05-19T19:31:31.0056835Z hint:
test-ubuntu (3.14t)	Run actions/checkout@v6.0.2	2026-05-19T19:31:31.0057156Z hint: Names commonly chosen instead of 'master' are 'main', 'trunk' and
test-ubuntu (3.14t)	Run actions/checkout@v6.0.2	2026-05-19T19:31:31.0057721Z hint: 'development'. The just-created branch can be renamed via this command:
test-ubuntu (3.14t)	Run actions/checkout@v6.0.2	2026-05-19T19:31:31.0058148Z hint:
test-ubuntu (3.14t)	Run actions/checkout@v6.0.2	2026-05-19T19:31:31.0058352Z hint: 	git branch -m <name>
test-ubuntu (3.14t)	Run actions/checkout@v6.0.2	2026-05-19T19:31:31.0058599Z hint:
test-ubuntu (3.14t)	Run actions/checkout@v6.0.2	2026-05-19T19:31:31.0059053Z hint: Disable this message with "git config set advice.defaultBranchName false"
test-ubuntu (3.14t)	Run actions/checkout@v6.0.2	2026-05-19T19:31:31.0062910Z Initialized empty Git repository in /home/runner/work/coreason-ecosystem/coreason-ecosystem/.git/
test-ubuntu (3.14t)	Run actions/checkout@v6.0.2	2026-05-19T19:31:31.0074303Z [command]/usr/bin/git remote add origin https://github.com/CoReason-AI/coreason-ecosystem
test-ubuntu (3.14t)	Run actions/checkout@v6.0.2	2026-05-19T19:31:31.0129752Z ##[endgroup]
test-ubuntu (3.14t)	Run actions/checkout@v6.0.2	2026-05-19T19:31:31.0130384Z ##[group]Disabling automatic garbage collection
test-ubuntu (3.14t)	Run actions/checkout@v6.0.2	2026-05-19T19:31:31.0135165Z [command]/usr/bin/git config --local gc.auto 0
test-ubuntu (3.14t)	Run actions/checkout@v6.0.2	2026-05-19T19:31:31.0168629Z ##[endgroup]
test-ubuntu (3.14t)	Run actions/checkout@v6.0.2	2026-05-19T19:31:31.0169211Z ##[group]Setting up auth
test-ubuntu (3.14t)	Run actions/checkout@v6.0.2	2026-05-19T19:31:31.0170408Z Removing SSH command configuration
test-ubuntu (3.14t)	Run actions/checkout@v6.0.2	2026-05-19T19:31:31.0177806Z [command]/usr/bin/git config --local --name-only --get-regexp core\.sshCommand
test-ubuntu (3.14t)	Run actions/checkout@v6.0.2	2026-05-19T19:31:31.0212822Z [command]/usr/bin/git submodule foreach --recursive sh -c "git config --local --name-only --get-regexp 'core\.sshCommand' && git config --local --unset-all 'core.sshCommand' || :"
test-ubuntu (3.14t)	Run actions/checkout@v6.0.2	2026-05-19T19:31:31.0628309Z Removing HTTP extra header
test-ubuntu (3.14t)	Run actions/checkout@v6.0.2	2026-05-19T19:31:31.0634226Z [command]/usr/bin/git config --local --name-only --get-regexp http\.https\:\/\/github\.com\/\.extraheader
test-ubuntu (3.14t)	Run actions/checkout@v6.0.2	2026-05-19T19:31:31.0669847Z [command]/usr/bin/git submodule foreach --recursive sh -c "git config --local --name-only --get-regexp 'http\.https\:\/\/github\.com\/\.extraheader' && git config --local --unset-all 'http.https://github.com/.extraheader' || :"
test-ubuntu (3.14t)	Run actions/checkout@v6.0.2	2026-05-19T19:31:31.0917986Z Removing includeIf entries pointing to credentials config files
test-ubuntu (3.14t)	Run actions/checkout@v6.0.2	2026-05-19T19:31:31.0924694Z [command]/usr/bin/git config --local --name-only --get-regexp ^includeIf\.gitdir:
test-ubuntu (3.14t)	Run actions/checkout@v6.0.2	2026-05-19T19:31:31.0960021Z [command]/usr/bin/git submodule foreach --recursive git config --local --show-origin --name-only --get-regexp remote.origin.url
test-ubuntu (3.14t)	Run actions/checkout@v6.0.2	2026-05-19T19:31:31.1211230Z [command]/usr/bin/git config --file /home/runner/work/_temp/git-credentials-a33aeca7-774b-40c6-9587-9341dba927a1.config http.https://github.com/.extraheader AUTHORIZATION: basic ***
test-ubuntu (3.14t)	Run actions/checkout@v6.0.2	2026-05-19T19:31:31.1251516Z [command]/usr/bin/git config --local includeIf.gitdir:/home/runner/work/coreason-ecosystem/coreason-ecosystem/.git.path /home/runner/work/_temp/git-credentials-a33aeca7-774b-40c6-9587-9341dba927a1.config
test-ubuntu (3.14t)	Run actions/checkout@v6.0.2	2026-05-19T19:31:31.1287818Z [command]/usr/bin/git config --local includeIf.gitdir:/home/runner/work/coreason-ecosystem/coreason-ecosystem/.git/worktrees/*.path /home/runner/work/_temp/git-credentials-a33aeca7-774b-40c6-9587-9341dba927a1.config
test-ubuntu (3.14t)	Run actions/checkout@v6.0.2	2026-05-19T19:31:31.1323279Z [command]/usr/bin/git config --local includeIf.gitdir:/github/workspace/.git.path /github/runner_temp/git-credentials-a33aeca7-774b-40c6-9587-9341dba927a1.config
test-ubuntu (3.14t)	Run actions/checkout@v6.0.2	2026-05-19T19:31:31.1358342Z [command]/usr/bin/git config --local includeIf.gitdir:/github/workspace/.git/worktrees/*.path /github/runner_temp/git-credentials-a33aeca7-774b-40c6-9587-9341dba927a1.config
test-ubuntu (3.14t)	Run actions/checkout@v6.0.2	2026-05-19T19:31:31.1389211Z ##[endgroup]
test-ubuntu (3.14t)	Run actions/checkout@v6.0.2	2026-05-19T19:31:31.1389814Z ##[group]Fetching the repository
test-ubuntu (3.14t)	Run actions/checkout@v6.0.2	2026-05-19T19:31:31.1398548Z [command]/usr/bin/git -c protocol.version=2 fetch --no-tags --prune --no-recurse-submodules origin +refs/heads/*:refs/remotes/origin/* +refs/tags/*:refs/tags/*
test-ubuntu (3.14t)	Run actions/checkout@v6.0.2	2026-05-19T19:31:31.8007699Z From https://github.com/CoReason-AI/coreason-ecosystem
test-ubuntu (3.14t)	Run actions/checkout@v6.0.2	2026-05-19T19:31:31.8009989Z  * [new branch]      20260420_refactor_changes_failed -> origin/20260420_refactor_changes_failed
test-ubuntu (3.14t)	Run actions/checkout@v6.0.2	2026-05-19T19:31:31.8011656Z  * [new branch]      20260420_refactor_changes_v2 -> origin/20260420_refactor_changes_v2
test-ubuntu (3.14t)	Run actions/checkout@v6.0.2	2026-05-19T19:31:31.8013374Z  * [new branch]      20260426_security_fix   -> origin/20260426_security_fix
test-ubuntu (3.14t)	Run actions/checkout@v6.0.2	2026-05-19T19:31:31.8015341Z  * [new branch]      20260427_hetzner_cicd_support -> origin/20260427_hetzner_cicd_support
test-ubuntu (3.14t)	Run actions/checkout@v6.0.2	2026-05-19T19:31:31.8016601Z  * [new branch]      20260428_bug_fix        -> origin/20260428_bug_fix
test-ubuntu (3.14t)	Run actions/checkout@v6.0.2	2026-05-19T19:31:31.8018160Z  * [new branch]      20260504-distributed-cid -> origin/20260504-distributed-cid
test-ubuntu (3.14t)	Run actions/checkout@v6.0.2	2026-05-19T19:31:31.8019540Z  * [new branch]      20260504-mcp-gpu        -> origin/20260504-mcp-gpu
test-ubuntu (3.14t)	Run actions/checkout@v6.0.2	2026-05-19T19:31:31.8020625Z  * [new branch]      20260504_bug_fix        -> origin/20260504_bug_fix
test-ubuntu (3.14t)	Run actions/checkout@v6.0.2	2026-05-19T19:31:31.8021963Z  * [new branch]      20260505-astral-setup   -> origin/20260505-astral-setup
test-ubuntu (3.14t)	Run actions/checkout@v6.0.2	2026-05-19T19:31:31.8023156Z  * [new branch]      20260505-mcp-universal  -> origin/20260505-mcp-universal
test-ubuntu (3.14t)	Run actions/checkout@v6.0.2	2026-05-19T19:31:31.8025083Z  * [new branch]      20260505-remove-banned-words -> origin/20260505-remove-banned-words
test-ubuntu (3.14t)	Run actions/checkout@v6.0.2	2026-05-19T19:31:31.8026557Z  * [new branch]      20260506_fix_test_coverage -> origin/20260506_fix_test_coverage
test-ubuntu (3.14t)	Run actions/checkout@v6.0.2	2026-05-19T19:31:31.8028620Z  * [new branch]      20260507-pypi-typeb     -> origin/20260507-pypi-typeb
test-ubuntu (3.14t)	Run actions/checkout@v6.0.2	2026-05-19T19:31:31.8029777Z  * [new branch]      20260509-claw-code      -> origin/20260509-claw-code
test-ubuntu (3.14t)	Run actions/checkout@v6.0.2	2026-05-19T19:31:31.8031077Z  * [new branch]      20260509-nemoclaw       -> origin/20260509-nemoclaw
test-ubuntu (3.14t)	Run actions/checkout@v6.0.2	2026-05-19T19:31:31.8032420Z  * [new branch]      20260509-nemoclaw-117   -> origin/20260509-nemoclaw-117
test-ubuntu (3.14t)	Run actions/checkout@v6.0.2	2026-05-19T19:31:31.8034401Z  * [new branch]      20260509-nemoclaw-by-issue -> origin/20260509-nemoclaw-by-issue
test-ubuntu (3.14t)	Run actions/checkout@v6.0.2	2026-05-19T19:31:31.8035469Z  * [new branch]      20260509_remove_wheels  -> origin/20260509_remove_wheels
test-ubuntu (3.14t)	Run actions/checkout@v6.0.2	2026-05-19T19:31:31.8037533Z  * [new branch]      20260512-security-vulnerabilities -> origin/20260512-security-vulnerabilities
test-ubuntu (3.14t)	Run actions/checkout@v6.0.2	2026-05-19T19:31:31.8039149Z  * [new branch]      20260513-emo-guardrails -> origin/20260513-emo-guardrails
test-ubuntu (3.14t)	Run actions/checkout@v6.0.2	2026-05-19T19:31:31.8041068Z  * [new branch]      20260514_challenge-x01-bootstrapper-ignition -> origin/20260514_challenge-x01-bootstrapper-ignition
test-ubuntu (3.14t)	Run actions/checkout@v6.0.2	2026-05-19T19:31:31.8042936Z  * [new branch]      20260515-Wasmtime       -> origin/20260515-Wasmtime
test-ubuntu (3.14t)	Run actions/checkout@v6.0.2	2026-05-19T19:31:31.8046479Z  * [new branch]      20260515_nemoclaw       -> origin/20260515_nemoclaw
test-ubuntu (3.14t)	Run actions/checkout@v6.0.2	2026-05-19T19:31:31.8048340Z  * [new branch]      chore/routellm-migration-15381362976981835929 -> origin/chore/routellm-migration-15381362976981835929
test-ubuntu (3.14t)	Run actions/checkout@v6.0.2	2026-05-19T19:31:31.8051234Z  * [new branch]      chore/update-manifest-v0.60.0 -> origin/chore/update-manifest-v0.60.0
test-ubuntu (3.14t)	Run actions/checkout@v6.0.2	2026-05-19T19:31:31.8053123Z  * [new branch]      code-health-refactor-import-14949649152786451155 -> origin/code-health-refactor-import-14949649152786451155
test-ubuntu (3.14t)	Run actions/checkout@v6.0.2	2026-05-19T19:31:31.8055821Z  * [new branch]      code-health/move-importlib-metadata-import-162976968349612797 -> origin/code-health/move-importlib-metadata-import-162976968349612797
test-ubuntu (3.14t)	Run actions/checkout@v6.0.2	2026-05-19T19:31:31.8058826Z  * [new branch]      code-health/sync-move-shutil-import-13577813769334707905 -> origin/code-health/sync-move-shutil-import-13577813769334707905
test-ubuntu (3.14t)	Run actions/checkout@v6.0.2	2026-05-19T19:31:31.8061146Z  * [new branch]      develop                 -> origin/develop
test-ubuntu (3.14t)	Run actions/checkout@v6.0.2	2026-05-19T19:31:31.8062907Z  * [new branch]      epic-3b-zero-trust-federation -> origin/epic-3b-zero-trust-federation
test-ubuntu (3.14t)	Run actions/checkout@v6.0.2	2026-05-19T19:31:31.8064425Z  * [new branch]      feat/add-osv-scanner    -> origin/feat/add-osv-scanner
test-ubuntu (3.14t)	Run actions/checkout@v6.0.2	2026-05-19T19:31:31.8065872Z  * [new branch]      feat/add-security-scans -> origin/feat/add-security-scans
test-ubuntu (3.14t)	Run actions/checkout@v6.0.2	2026-05-19T19:31:31.8067918Z  * [new branch]      feat/async-build-optimization-12466923084518938886 -> origin/feat/async-build-optimization-12466923084518938886
test-ubuntu (3.14t)	Run actions/checkout@v6.0.2	2026-05-19T19:31:31.8070090Z  * [new branch]      feat/remove-chaos-ontology -> origin/feat/remove-chaos-ontology
test-ubuntu (3.14t)	Run actions/checkout@v6.0.2	2026-05-19T19:31:31.8071623Z  * [new branch]      feat/zero-trust-schema-routing -> origin/feat/zero-trust-schema-routing
test-ubuntu (3.14t)	Run actions/checkout@v6.0.2	2026-05-19T19:31:31.8073996Z  * [new branch]      feature/devcontainer-setup -> origin/feature/devcontainer-setup
test-ubuntu (3.14t)	Run actions/checkout@v6.0.2	2026-05-19T19:31:31.8075811Z  * [new branch]      feature/thermodynamic-provisioner-18250714505916714105 -> origin/feature/thermodynamic-provisioner-18250714505916714105
test-ubuntu (3.14t)	Run actions/checkout@v6.0.2	2026-05-19T19:31:31.8078280Z  * [new branch]      fix-build-orchestration-bugs-12230873768734612127 -> origin/fix-build-orchestration-bugs-12230873768734612127
test-ubuntu (3.14t)	Run actions/checkout@v6.0.2	2026-05-19T19:31:31.8080475Z  * [new branch]      fix-build-portability-compilation -> origin/fix-build-portability-compilation
test-ubuntu (3.14t)	Run actions/checkout@v6.0.2	2026-05-19T19:31:31.8082288Z  * [new branch]      fix-init-scaffolding    -> origin/fix-init-scaffolding
test-ubuntu (3.14t)	Run actions/checkout@v6.0.2	2026-05-19T19:31:31.8123179Z  * [new branch]      fix-multiple-exception-syntax-error-1278816381846041801 -> origin/fix-multiple-exception-syntax-error-1278816381846041801
test-ubuntu (3.14t)	Run actions/checkout@v6.0.2	2026-05-19T19:31:31.8125220Z  * [new branch]      fix-tests-coverage      -> origin/fix-tests-coverage
test-ubuntu (3.14t)	Run actions/checkout@v6.0.2	2026-05-19T19:31:31.8126298Z  * [new branch]      fix/build-output-deadlock -> origin/fix/build-output-deadlock
test-ubuntu (3.14t)	Run actions/checkout@v6.0.2	2026-05-19T19:31:31.8127518Z  * [new branch]      fix/cli-up-idempotent-compose -> origin/fix/cli-up-idempotent-compose
test-ubuntu (3.14t)	Run actions/checkout@v6.0.2	2026-05-19T19:31:31.8129282Z  * [new branch]      fix/coreason-doctor-diagnostics -> origin/fix/coreason-doctor-diagnostics
test-ubuntu (3.14t)	Run actions/checkout@v6.0.2	2026-05-19T19:31:31.8130442Z  * [new branch]      fix/coreason-sync-bugs  -> origin/fix/coreason-sync-bugs
test-ubuntu (3.14t)	Run actions/checkout@v6.0.2	2026-05-19T19:31:31.8131521Z  * [new branch]      fix/ecosystem-pypi-publish -> origin/fix/ecosystem-pypi-publish
test-ubuntu (3.14t)	Run actions/checkout@v6.0.2	2026-05-19T19:31:31.8132757Z  * [new branch]      fix/issue-185-decommission-nemoclaw -> origin/fix/issue-185-decommission-nemoclaw
test-ubuntu (3.14t)	Run actions/checkout@v6.0.2	2026-05-19T19:31:31.8134327Z  * [new branch]      fix/release-please-version-sync -> origin/fix/release-please-version-sync
test-ubuntu (3.14t)	Run actions/checkout@v6.0.2	2026-05-19T19:31:31.8135435Z  * [new branch]      gh-pages                -> origin/gh-pages
test-ubuntu (3.14t)	Run actions/checkout@v6.0.2	2026-05-19T19:31:31.8136779Z  * [new branch]      jules-16954456911749126828-49d248f8 -> origin/jules-16954456911749126828-49d248f8
test-ubuntu (3.14t)	Run actions/checkout@v6.0.2	2026-05-19T19:31:31.8138468Z  * [new branch]      jules/refactor-nemoclaw-cognition-9937112628089738026 -> origin/jules/refactor-nemoclaw-cognition-9937112628089738026
test-ubuntu (3.14t)	Run actions/checkout@v6.0.2	2026-05-19T19:31:31.8139880Z  * [new branch]      local-fixes             -> origin/local-fixes
test-ubuntu (3.14t)	Run actions/checkout@v6.0.2	2026-05-19T19:31:31.8140819Z  * [new branch]      main                    -> origin/main
test-ubuntu (3.14t)	Run actions/checkout@v6.0.2	2026-05-19T19:31:31.8141681Z  * [new branch]      main_old                -> origin/main_old
test-ubuntu (3.14t)	Run actions/checkout@v6.0.2	2026-05-19T19:31:31.8142969Z  * [new branch]      perf/optimize-epistemic-root-10689789879797462475 -> origin/perf/optimize-epistemic-root-10689789879797462475
test-ubuntu (3.14t)	Run actions/checkout@v6.0.2	2026-05-19T19:31:31.8145244Z  * [new branch]      release-please--branches--main--components--coreason_ecosystem -> origin/release-please--branches--main--components--coreason_ecosystem
test-ubuntu (3.14t)	Run actions/checkout@v6.0.2	2026-05-19T19:31:31.8146924Z  * [new branch]      released-version        -> origin/released-version
test-ubuntu (3.14t)	Run actions/checkout@v6.0.2	2026-05-19T19:31:31.8148584Z  * [new branch]      revert-97-20260427_hetzner_cicd_support -> origin/revert-97-20260427_hetzner_cicd_support
test-ubuntu (3.14t)	Run actions/checkout@v6.0.2	2026-05-19T19:31:31.8149874Z  * [new branch]      security-vulnerability  -> origin/security-vulnerability
test-ubuntu (3.14t)	Run actions/checkout@v6.0.2	2026-05-19T19:31:31.8150904Z  * [new branch]      tempdevelop             -> origin/tempdevelop
test-ubuntu (3.14t)	Run actions/checkout@v6.0.2	2026-05-19T19:31:31.8152433Z  * [new branch]      testing-improvement-build-json-error-10728014757838884648 -> origin/testing-improvement-build-json-error-10728014757838884648
test-ubuntu (3.14t)	Run actions/checkout@v6.0.2	2026-05-19T19:31:31.8154688Z  * [new branch]      testing/version-callback-local-dev-14700367787174930128 -> origin/testing/version-callback-local-dev-14700367787174930128
test-ubuntu (3.14t)	Run actions/checkout@v6.0.2	2026-05-19T19:31:31.8156082Z  * [new tag]         v0.1.0                  -> v0.1.0
test-ubuntu (3.14t)	Run actions/checkout@v6.0.2	2026-05-19T19:31:31.8157032Z  * [new tag]         v0.1.1                  -> v0.1.1
test-ubuntu (3.14t)	Run actions/checkout@v6.0.2	2026-05-19T19:31:31.8157946Z  * [new tag]         v0.10.0                 -> v0.10.0
test-ubuntu (3.14t)	Run actions/checkout@v6.0.2	2026-05-19T19:31:31.8158678Z  * [new tag]         v0.11.0                 -> v0.11.0
test-ubuntu (3.14t)	Run actions/checkout@v6.0.2	2026-05-19T19:31:31.8159409Z  * [new tag]         v0.12.0                 -> v0.12.0
test-ubuntu (3.14t)	Run actions/checkout@v6.0.2	2026-05-19T19:31:31.8160160Z  * [new tag]         v0.13.0                 -> v0.13.0
test-ubuntu (3.14t)	Run actions/checkout@v6.0.2	2026-05-19T19:31:31.8160902Z  * [new tag]         v0.14.0                 -> v0.14.0
test-ubuntu (3.14t)	Run actions/checkout@v6.0.2	2026-05-19T19:31:31.8161613Z  * [new tag]         v0.14.1                 -> v0.14.1
test-ubuntu (3.14t)	Run actions/checkout@v6.0.2	2026-05-19T19:31:31.8162394Z  * [new tag]         v0.15.0                 -> v0.15.0
test-ubuntu (3.14t)	Run actions/checkout@v6.0.2	2026-05-19T19:31:31.8163110Z  * [new tag]         v0.15.1                 -> v0.15.1
test-ubuntu (3.14t)	Run actions/checkout@v6.0.2	2026-05-19T19:31:31.8164059Z  * [new tag]         v0.16.0                 -> v0.16.0
test-ubuntu (3.14t)	Run actions/checkout@v6.0.2	2026-05-19T19:31:31.8164786Z  * [new tag]         v0.16.1                 -> v0.16.1
test-ubuntu (3.14t)	Run actions/checkout@v6.0.2	2026-05-19T19:31:31.8165477Z  * [new tag]         v0.17.0                 -> v0.17.0
test-ubuntu (3.14t)	Run actions/checkout@v6.0.2	2026-05-19T19:31:31.8166190Z  * [new tag]         v0.17.1                 -> v0.17.1
test-ubuntu (3.14t)	Run actions/checkout@v6.0.2	2026-05-19T19:31:31.8166900Z  * [new tag]         v0.2.0                  -> v0.2.0
test-ubuntu (3.14t)	Run actions/checkout@v6.0.2	2026-05-19T19:31:31.8167597Z  * [new tag]         v0.2.1                  -> v0.2.1
test-ubuntu (3.14t)	Run actions/checkout@v6.0.2	2026-05-19T19:31:31.8168347Z  * [new tag]         v0.22.0                 -> v0.22.0
test-ubuntu (3.14t)	Run actions/checkout@v6.0.2	2026-05-19T19:31:31.8169069Z  * [new tag]         v0.23.0                 -> v0.23.0
test-ubuntu (3.14t)	Run actions/checkout@v6.0.2	2026-05-19T19:31:31.8169780Z  * [new tag]         v0.23.1                 -> v0.23.1
test-ubuntu (3.14t)	Run actions/checkout@v6.0.2	2026-05-19T19:31:31.8170466Z  * [new tag]         v0.23.2                 -> v0.23.2
test-ubuntu (3.14t)	Run actions/checkout@v6.0.2	2026-05-19T19:31:31.8171543Z  * [new tag]         v0.24.0                 -> v0.24.0
test-ubuntu (3.14t)	Run actions/checkout@v6.0.2	2026-05-19T19:31:31.8172309Z  * [new tag]         v0.24.1                 -> v0.24.1
test-ubuntu (3.14t)	Run actions/checkout@v6.0.2	2026-05-19T19:31:31.8173015Z  * [new tag]         v0.25.0                 -> v0.25.0
test-ubuntu (3.14t)	Run actions/checkout@v6.0.2	2026-05-19T19:31:31.8173972Z  * [new tag]         v0.26.0                 -> v0.26.0
test-ubuntu (3.14t)	Run actions/checkout@v6.0.2	2026-05-19T19:31:31.8174721Z  * [new tag]         v0.27.0                 -> v0.27.0
test-ubuntu (3.14t)	Run actions/checkout@v6.0.2	2026-05-19T19:31:31.8175479Z  * [new tag]         v0.27.1                 -> v0.27.1
test-ubuntu (3.14t)	Run actions/checkout@v6.0.2	2026-05-19T19:31:31.8176405Z  * [new tag]         v0.27.2                 -> v0.27.2
test-ubuntu (3.14t)	Run actions/checkout@v6.0.2	2026-05-19T19:31:31.8177305Z  * [new tag]         v0.28.0                 -> v0.28.0
test-ubuntu (3.14t)	Run actions/checkout@v6.0.2	2026-05-19T19:31:31.8178578Z  * [new tag]         v0.29.0                 -> v0.29.0
test-ubuntu (3.14t)	Run actions/checkout@v6.0.2	2026-05-19T19:31:31.8179304Z  * [new tag]         v0.29.1                 -> v0.29.1
test-ubuntu (3.14t)	Run actions/checkout@v6.0.2	2026-05-19T19:31:31.8180057Z  * [new tag]         v0.3.0                  -> v0.3.0
test-ubuntu (3.14t)	Run actions/checkout@v6.0.2	2026-05-19T19:31:31.8180823Z  * [new tag]         v0.30.0                 -> v0.30.0
test-ubuntu (3.14t)	Run actions/checkout@v6.0.2	2026-05-19T19:31:31.8181563Z  * [new tag]         v0.31.0                 -> v0.31.0
test-ubuntu (3.14t)	Run actions/checkout@v6.0.2	2026-05-19T19:31:31.8182294Z  * [new tag]         v0.32.0                 -> v0.32.0
test-ubuntu (3.14t)	Run actions/checkout@v6.0.2	2026-05-19T19:31:31.8183022Z  * [new tag]         v0.33.0                 -> v0.33.0
test-ubuntu (3.14t)	Run actions/checkout@v6.0.2	2026-05-19T19:31:31.8183957Z  * [new tag]         v0.34.0                 -> v0.34.0
test-ubuntu (3.14t)	Run actions/checkout@v6.0.2	2026-05-19T19:31:31.8184692Z  * [new tag]         v0.35.0                 -> v0.35.0
test-ubuntu (3.14t)	Run actions/checkout@v6.0.2	2026-05-19T19:31:31.8185425Z  * [new tag]         v0.36.0                 -> v0.36.0
test-ubuntu (3.14t)	Run actions/checkout@v6.0.2	2026-05-19T19:31:31.8186164Z  * [new tag]         v0.37.0                 -> v0.37.0
test-ubuntu (3.14t)	Run actions/checkout@v6.0.2	2026-05-19T19:31:31.8186897Z  * [new tag]         v0.38.0                 -> v0.38.0
test-ubuntu (3.14t)	Run actions/checkout@v6.0.2	2026-05-19T19:31:31.8187991Z  * [new tag]         v0.38.1                 -> v0.38.1
test-ubuntu (3.14t)	Run actions/checkout@v6.0.2	2026-05-19T19:31:31.8188762Z  * [new tag]         v0.38.3                 -> v0.38.3
test-ubuntu (3.14t)	Run actions/checkout@v6.0.2	2026-05-19T19:31:31.8190133Z  * [new tag]         v0.38.4                 -> v0.38.4
test-ubuntu (3.14t)	Run actions/checkout@v6.0.2	2026-05-19T19:31:31.8191605Z  * [new tag]         v0.38.5                 -> v0.38.5
test-ubuntu (3.14t)	Run actions/checkout@v6.0.2	2026-05-19T19:31:31.8193039Z  * [new tag]         v0.39.0                 -> v0.39.0
test-ubuntu (3.14t)	Run actions/checkout@v6.0.2	2026-05-19T19:31:31.8194481Z  * [new tag]         v0.39.1                 -> v0.39.1
test-ubuntu (3.14t)	Run actions/checkout@v6.0.2	2026-05-19T19:31:31.8195280Z  * [new tag]         v0.4.0                  -> v0.4.0
test-ubuntu (3.14t)	Run actions/checkout@v6.0.2	2026-05-19T19:31:31.8196622Z  * [new tag]         v0.40.0                 -> v0.40.0
test-ubuntu (3.14t)	Run actions/checkout@v6.0.2	2026-05-19T19:31:31.8197978Z  * [new tag]         v0.40.1                 -> v0.40.1
test-ubuntu (3.14t)	Run actions/checkout@v6.0.2	2026-05-19T19:31:31.8199322Z  * [new tag]         v0.41.0                 -> v0.41.0
test-ubuntu (3.14t)	Run actions/checkout@v6.0.2	2026-05-19T19:31:31.8200512Z  * [new tag]         v0.42.0                 -> v0.42.0
test-ubuntu (3.14t)	Run actions/checkout@v6.0.2	2026-05-19T19:31:31.8201577Z  * [new tag]         v0.43.0                 -> v0.43.0
test-ubuntu (3.14t)	Run actions/checkout@v6.0.2	2026-05-19T19:31:31.8202971Z  * [new tag]         v0.43.1                 -> v0.43.1
test-ubuntu (3.14t)	Run actions/checkout@v6.0.2	2026-05-19T19:31:31.8204382Z  * [new tag]         v0.44.0                 -> v0.44.0
test-ubuntu (3.14t)	Run actions/checkout@v6.0.2	2026-05-19T19:31:31.8205707Z  * [new tag]         v0.45.0                 -> v0.45.0
test-ubuntu (3.14t)	Run actions/checkout@v6.0.2	2026-05-19T19:31:31.8206516Z  * [new tag]         v0.45.1                 -> v0.45.1
test-ubuntu (3.14t)	Run actions/checkout@v6.0.2	2026-05-19T19:31:31.8207886Z  * [new tag]         v0.5.0                  -> v0.5.0
test-ubuntu (3.14t)	Run actions/checkout@v6.0.2	2026-05-19T19:31:31.8209254Z  * [new tag]         v0.6.0                  -> v0.6.0
test-ubuntu (3.14t)	Run actions/checkout@v6.0.2	2026-05-19T19:31:31.8210577Z  * [new tag]         v0.7.0                  -> v0.7.0
test-ubuntu (3.14t)	Run actions/checkout@v6.0.2	2026-05-19T19:31:31.8211998Z  * [new tag]         v0.8.0                  -> v0.8.0
test-ubuntu (3.14t)	Run actions/checkout@v6.0.2	2026-05-19T19:31:31.8212775Z  * [new tag]         v0.9.0                  -> v0.9.0
test-ubuntu (3.14t)	Run actions/checkout@v6.0.2	2026-05-19T19:31:31.8214137Z  * [new tag]         v0.9.1                  -> v0.9.1
test-ubuntu (3.14t)	Run actions/checkout@v6.0.2	2026-05-19T19:31:31.8214915Z  * [new tag]         v0.9.2                  -> v0.9.2
test-ubuntu (3.14t)	Run actions/checkout@v6.0.2	2026-05-19T19:31:31.8215898Z  * [new tag]         v0.9.3                  -> v0.9.3
test-ubuntu (3.14t)	Run actions/checkout@v6.0.2	2026-05-19T19:31:31.8217365Z  * [new tag]         v0.9.4                  -> v0.9.4
test-ubuntu (3.14t)	Run actions/checkout@v6.0.2	2026-05-19T19:31:31.8218163Z  * [new tag]         v0.9.5                  -> v0.9.5
test-ubuntu (3.14t)	Run actions/checkout@v6.0.2	2026-05-19T19:31:31.8219162Z  * [new tag]         v0.9.6                  -> v0.9.6
test-ubuntu (3.14t)	Run actions/checkout@v6.0.2	2026-05-19T19:31:31.8357892Z [command]/usr/bin/git branch --list --remote origin/main
test-ubuntu (3.14t)	Run actions/checkout@v6.0.2	2026-05-19T19:31:31.8386633Z   origin/main
test-ubuntu (3.14t)	Run actions/checkout@v6.0.2	2026-05-19T19:31:31.8398028Z [command]/usr/bin/git rev-parse refs/remotes/origin/main
test-ubuntu (3.14t)	Run actions/checkout@v6.0.2	2026-05-19T19:31:31.8425992Z 22bab08def3aeb5aa44a3ae9cfff455eb780572c
test-ubuntu (3.14t)	Run actions/checkout@v6.0.2	2026-05-19T19:31:31.8430605Z ##[endgroup]
test-ubuntu (3.14t)	Run actions/checkout@v6.0.2	2026-05-19T19:31:31.8431527Z ##[group]Determining the checkout info
test-ubuntu (3.14t)	Run actions/checkout@v6.0.2	2026-05-19T19:31:31.8432300Z ##[endgroup]
test-ubuntu (3.14t)	Run actions/checkout@v6.0.2	2026-05-19T19:31:31.8438047Z [command]/usr/bin/git sparse-checkout disable
test-ubuntu (3.14t)	Run actions/checkout@v6.0.2	2026-05-19T19:31:31.8493154Z [command]/usr/bin/git config --local --unset-all extensions.worktreeConfig
test-ubuntu (3.14t)	Run actions/checkout@v6.0.2	2026-05-19T19:31:31.8523882Z ##[group]Checking out the ref
test-ubuntu (3.14t)	Run actions/checkout@v6.0.2	2026-05-19T19:31:31.8528226Z [command]/usr/bin/git checkout --progress --force -B main refs/remotes/origin/main
test-ubuntu (3.14t)	Run actions/checkout@v6.0.2	2026-05-19T19:31:31.8901255Z Switched to a new branch 'main'
test-ubuntu (3.14t)	Run actions/checkout@v6.0.2	2026-05-19T19:31:31.8906300Z branch 'main' set up to track 'origin/main'.
test-ubuntu (3.14t)	Run actions/checkout@v6.0.2	2026-05-19T19:31:31.8914524Z ##[endgroup]
test-ubuntu (3.14t)	Run actions/checkout@v6.0.2	2026-05-19T19:31:31.8962363Z [command]/usr/bin/git log -1 --format=%H
test-ubuntu (3.14t)	Run actions/checkout@v6.0.2	2026-05-19T19:31:31.8991414Z 22bab08def3aeb5aa44a3ae9cfff455eb780572c
test-ubuntu (3.14t)	Extract coreason-manifest version	∩╗┐2026-05-19T19:31:31.9131223Z ##[group]Run python -c "import re; m = re.search(r'coreason-manifest==([0-9]+\.[0-9]+\.[0-9]+)', open('pyproject.toml').read()); print('MANIFEST_VERSION=v' + m.group(1)) if m else exit(1)" >> "$GITHUB_ENV"
test-ubuntu (3.14t)	Extract coreason-manifest version	2026-05-19T19:31:31.9132511Z [36;1mpython -c "import re; m = re.search(r'coreason-manifest==([0-9]+\.[0-9]+\.[0-9]+)', open('pyproject.toml').read()); print('MANIFEST_VERSION=v' + m.group(1)) if m else exit(1)" >> "$GITHUB_ENV"[0m
test-ubuntu (3.14t)	Extract coreason-manifest version	2026-05-19T19:31:31.9172931Z shell: /usr/bin/bash --noprofile --norc -e -o pipefail {0}
test-ubuntu (3.14t)	Extract coreason-manifest version	2026-05-19T19:31:31.9173259Z env:
test-ubuntu (3.14t)	Extract coreason-manifest version	2026-05-19T19:31:31.9173706Z   FORCE_JAVASCRIPT_ACTIONS_TO_NODE24: true
test-ubuntu (3.14t)	Extract coreason-manifest version	2026-05-19T19:31:31.9174233Z   TEMPORAL_CI_NAMESPACE: coreason-ci-26120302019-1
test-ubuntu (3.14t)	Extract coreason-manifest version	2026-05-19T19:31:31.9174640Z   ORJSON_BUILD_FREETHREADED: 1
test-ubuntu (3.14t)	Extract coreason-manifest version	2026-05-19T19:31:31.9174848Z ##[endgroup]
test-ubuntu (3.14t)	Checkout coreason-manifest	∩╗┐2026-05-19T19:31:31.9562566Z ##[group]Run actions/checkout@v6.0.2
test-ubuntu (3.14t)	Checkout coreason-manifest	2026-05-19T19:31:31.9562841Z with:
test-ubuntu (3.14t)	Checkout coreason-manifest	2026-05-19T19:31:31.9563048Z   repository: CoReason-AI/coreason-manifest
test-ubuntu (3.14t)	Checkout coreason-manifest	2026-05-19T19:31:31.9563307Z   ref: v0.84.1
test-ubuntu (3.14t)	Checkout coreason-manifest	2026-05-19T19:31:31.9563935Z   path: coreason-manifest
test-ubuntu (3.14t)	Checkout coreason-manifest	2026-05-19T19:31:31.9564549Z   token: ***
test-ubuntu (3.14t)	Checkout coreason-manifest	2026-05-19T19:31:31.9564737Z   fetch-depth: 0
test-ubuntu (3.14t)	Checkout coreason-manifest	2026-05-19T19:31:31.9564916Z   fetch-tags: true
test-ubuntu (3.14t)	Checkout coreason-manifest	2026-05-19T19:31:31.9565101Z   ssh-strict: true
test-ubuntu (3.14t)	Checkout coreason-manifest	2026-05-19T19:31:31.9565277Z   ssh-user: git
test-ubuntu (3.14t)	Checkout coreason-manifest	2026-05-19T19:31:31.9565464Z   persist-credentials: true
test-ubuntu (3.14t)	Checkout coreason-manifest	2026-05-19T19:31:31.9565683Z   clean: true
test-ubuntu (3.14t)	Checkout coreason-manifest	2026-05-19T19:31:31.9565875Z   sparse-checkout-cone-mode: true
test-ubuntu (3.14t)	Checkout coreason-manifest	2026-05-19T19:31:31.9566107Z   show-progress: true
test-ubuntu (3.14t)	Checkout coreason-manifest	2026-05-19T19:31:31.9566294Z   lfs: false
test-ubuntu (3.14t)	Checkout coreason-manifest	2026-05-19T19:31:31.9566463Z   submodules: false
test-ubuntu (3.14t)	Checkout coreason-manifest	2026-05-19T19:31:31.9566649Z   set-safe-directory: true
test-ubuntu (3.14t)	Checkout coreason-manifest	2026-05-19T19:31:31.9566852Z env:
test-ubuntu (3.14t)	Checkout coreason-manifest	2026-05-19T19:31:31.9567038Z   FORCE_JAVASCRIPT_ACTIONS_TO_NODE24: true
test-ubuntu (3.14t)	Checkout coreason-manifest	2026-05-19T19:31:31.9567326Z   TEMPORAL_CI_NAMESPACE: coreason-ci-26120302019-1
test-ubuntu (3.14t)	Checkout coreason-manifest	2026-05-19T19:31:31.9567639Z   ORJSON_BUILD_FREETHREADED: 1
test-ubuntu (3.14t)	Checkout coreason-manifest	2026-05-19T19:31:31.9567862Z   MANIFEST_VERSION: v0.84.1
test-ubuntu (3.14t)	Checkout coreason-manifest	2026-05-19T19:31:31.9568065Z ##[endgroup]
test-ubuntu (3.14t)	Checkout coreason-manifest	2026-05-19T19:31:32.0419928Z Syncing repository: CoReason-AI/coreason-manifest
test-ubuntu (3.14t)	Checkout coreason-manifest	2026-05-19T19:31:32.0427345Z ##[group]Getting Git version info
test-ubuntu (3.14t)	Checkout coreason-manifest	2026-05-19T19:31:32.0428155Z Working directory is '/home/runner/work/coreason-ecosystem/coreason-ecosystem/coreason-manifest'
test-ubuntu (3.14t)	Checkout coreason-manifest	2026-05-19T19:31:32.0464122Z [command]/usr/bin/git version
test-ubuntu (3.14t)	Checkout coreason-manifest	2026-05-19T19:31:32.0506203Z git version 2.54.0
test-ubuntu (3.14t)	Checkout coreason-manifest	2026-05-19T19:31:32.0528969Z ##[endgroup]
test-ubuntu (3.14t)	Checkout coreason-manifest	2026-05-19T19:31:32.0543198Z Temporarily overriding HOME='/home/runner/work/_temp/ab900d98-e6f6-4f76-b094-3e939918940e' before making global git config changes
test-ubuntu (3.14t)	Checkout coreason-manifest	2026-05-19T19:31:32.0544277Z Adding repository directory to the temporary git global config as a safe directory
test-ubuntu (3.14t)	Checkout coreason-manifest	2026-05-19T19:31:32.0548677Z [command]/usr/bin/git config --global --add safe.directory /home/runner/work/coreason-ecosystem/coreason-ecosystem/coreason-manifest
test-ubuntu (3.14t)	Checkout coreason-manifest	2026-05-19T19:31:32.0585569Z ##[group]Initializing the repository
test-ubuntu (3.14t)	Checkout coreason-manifest	2026-05-19T19:31:32.0590832Z [command]/usr/bin/git init /home/runner/work/coreason-ecosystem/coreason-ecosystem/coreason-manifest
test-ubuntu (3.14t)	Checkout coreason-manifest	2026-05-19T19:31:32.0649176Z hint: Using 'master' as the name for the initial branch. This default branch name
test-ubuntu (3.14t)	Checkout coreason-manifest	2026-05-19T19:31:32.0650128Z hint: will change to "main" in Git 3.0. To configure the initial branch name
test-ubuntu (3.14t)	Checkout coreason-manifest	2026-05-19T19:31:32.0651437Z hint: to use in all of your new repositories, which will suppress this warning,
test-ubuntu (3.14t)	Checkout coreason-manifest	2026-05-19T19:31:32.0652672Z hint: call:
test-ubuntu (3.14t)	Checkout coreason-manifest	2026-05-19T19:31:32.0653223Z hint:
test-ubuntu (3.14t)	Checkout coreason-manifest	2026-05-19T19:31:32.0653988Z hint: 	git config --global init.defaultBranch <name>
test-ubuntu (3.14t)	Checkout coreason-manifest	2026-05-19T19:31:32.0654398Z hint:
test-ubuntu (3.14t)	Checkout coreason-manifest	2026-05-19T19:31:32.0654878Z hint: Names commonly chosen instead of 'master' are 'main', 'trunk' and
test-ubuntu (3.14t)	Checkout coreason-manifest	2026-05-19T19:31:32.0655632Z hint: 'development'. The just-created branch can be renamed via this command:
test-ubuntu (3.14t)	Checkout coreason-manifest	2026-05-19T19:31:32.0656284Z hint:
test-ubuntu (3.14t)	Checkout coreason-manifest	2026-05-19T19:31:32.0656566Z hint: 	git branch -m <name>
test-ubuntu (3.14t)	Checkout coreason-manifest	2026-05-19T19:31:32.0656794Z hint:
test-ubuntu (3.14t)	Checkout coreason-manifest	2026-05-19T19:31:32.0657099Z hint: Disable this message with "git config set advice.defaultBranchName false"
test-ubuntu (3.14t)	Checkout coreason-manifest	2026-05-19T19:31:32.0658046Z Initialized empty Git repository in /home/runner/work/coreason-ecosystem/coreason-ecosystem/coreason-manifest/.git/
test-ubuntu (3.14t)	Checkout coreason-manifest	2026-05-19T19:31:32.0667116Z [command]/usr/bin/git remote add origin https://github.com/CoReason-AI/coreason-manifest
test-ubuntu (3.14t)	Checkout coreason-manifest	2026-05-19T19:31:32.0704177Z ##[endgroup]
test-ubuntu (3.14t)	Checkout coreason-manifest	2026-05-19T19:31:32.0704772Z ##[group]Disabling automatic garbage collection
test-ubuntu (3.14t)	Checkout coreason-manifest	2026-05-19T19:31:32.0708675Z [command]/usr/bin/git config --local gc.auto 0
test-ubuntu (3.14t)	Checkout coreason-manifest	2026-05-19T19:31:32.0741770Z ##[endgroup]
test-ubuntu (3.14t)	Checkout coreason-manifest	2026-05-19T19:31:32.0742161Z ##[group]Setting up auth
test-ubuntu (3.14t)	Checkout coreason-manifest	2026-05-19T19:31:32.0743433Z Removing SSH command configuration
test-ubuntu (3.14t)	Checkout coreason-manifest	2026-05-19T19:31:32.0749361Z [command]/usr/bin/git config --local --name-only --get-regexp core\.sshCommand
test-ubuntu (3.14t)	Checkout coreason-manifest	2026-05-19T19:31:32.0784326Z [command]/usr/bin/git submodule foreach --recursive sh -c "git config --local --name-only --get-regexp 'core\.sshCommand' && git config --local --unset-all 'core.sshCommand' || :"
test-ubuntu (3.14t)	Checkout coreason-manifest	2026-05-19T19:31:32.1031761Z Removing HTTP extra header
test-ubuntu (3.14t)	Checkout coreason-manifest	2026-05-19T19:31:32.1037474Z [command]/usr/bin/git config --local --name-only --get-regexp http\.https\:\/\/github\.com\/\.extraheader
test-ubuntu (3.14t)	Checkout coreason-manifest	2026-05-19T19:31:32.1072926Z [command]/usr/bin/git submodule foreach --recursive sh -c "git config --local --name-only --get-regexp 'http\.https\:\/\/github\.com\/\.extraheader' && git config --local --unset-all 'http.https://github.com/.extraheader' || :"
test-ubuntu (3.14t)	Checkout coreason-manifest	2026-05-19T19:31:32.1327052Z Removing includeIf entries pointing to credentials config files
test-ubuntu (3.14t)	Checkout coreason-manifest	2026-05-19T19:31:32.1333752Z [command]/usr/bin/git config --local --name-only --get-regexp ^includeIf\.gitdir:
test-ubuntu (3.14t)	Checkout coreason-manifest	2026-05-19T19:31:32.1370318Z [command]/usr/bin/git submodule foreach --recursive git config --local --show-origin --name-only --get-regexp remote.origin.url
test-ubuntu (3.14t)	Checkout coreason-manifest	2026-05-19T19:31:32.1634166Z [command]/usr/bin/git config --file /home/runner/work/_temp/git-credentials-3b23ff30-6cca-4ba4-b6c5-b230be7a2dd3.config http.https://github.com/.extraheader AUTHORIZATION: basic ***
test-ubuntu (3.14t)	Checkout coreason-manifest	2026-05-19T19:31:32.1676267Z [command]/usr/bin/git config --local includeIf.gitdir:/home/runner/work/coreason-ecosystem/coreason-ecosystem/coreason-manifest/.git.path /home/runner/work/_temp/git-credentials-3b23ff30-6cca-4ba4-b6c5-b230be7a2dd3.config
test-ubuntu (3.14t)	Checkout coreason-manifest	2026-05-19T19:31:32.1712664Z [command]/usr/bin/git config --local includeIf.gitdir:/home/runner/work/coreason-ecosystem/coreason-ecosystem/coreason-manifest/.git/worktrees/*.path /home/runner/work/_temp/git-credentials-3b23ff30-6cca-4ba4-b6c5-b230be7a2dd3.config
test-ubuntu (3.14t)	Checkout coreason-manifest	2026-05-19T19:31:32.1747097Z [command]/usr/bin/git config --local includeIf.gitdir:/github/workspace/coreason-manifest/.git.path /github/runner_temp/git-credentials-3b23ff30-6cca-4ba4-b6c5-b230be7a2dd3.config
test-ubuntu (3.14t)	Checkout coreason-manifest	2026-05-19T19:31:32.1783327Z [command]/usr/bin/git config --local includeIf.gitdir:/github/workspace/coreason-manifest/.git/worktrees/*.path /github/runner_temp/git-credentials-3b23ff30-6cca-4ba4-b6c5-b230be7a2dd3.config
test-ubuntu (3.14t)	Checkout coreason-manifest	2026-05-19T19:31:32.1813799Z ##[endgroup]
test-ubuntu (3.14t)	Checkout coreason-manifest	2026-05-19T19:31:32.1814498Z ##[group]Fetching the repository
test-ubuntu (3.14t)	Checkout coreason-manifest	2026-05-19T19:31:32.1824652Z [command]/usr/bin/git -c protocol.version=2 fetch --no-tags --prune --no-recurse-submodules origin +refs/heads/*:refs/remotes/origin/* +refs/tags/*:refs/tags/*
test-ubuntu (3.14t)	Checkout coreason-manifest	2026-05-19T19:31:34.5671178Z From https://github.com/CoReason-AI/coreason-manifest
test-ubuntu (3.14t)	Checkout coreason-manifest	2026-05-19T19:31:34.5672338Z  * [new branch]        01-causal-inference     -> origin/01-causal-inference
test-ubuntu (3.14t)	Checkout coreason-manifest	2026-05-19T19:31:34.5673326Z  * [new branch]        03-combinatorial-solver -> origin/03-combinatorial-solver
test-ubuntu (3.14t)	Checkout coreason-manifest	2026-05-19T19:31:34.5674562Z  * [new branch]        04-rustowork-graph      -> origin/04-rustowork-graph
test-ubuntu (3.14t)	Checkout coreason-manifest	2026-05-19T19:31:34.5675594Z  * [new branch]        20260428_hertzner_cicd_support -> origin/20260428_hertzner_cicd_support
test-ubuntu (3.14t)	Checkout coreason-manifest	2026-05-19T19:31:34.5676714Z  * [new branch]        20260503_remove_jules_folder -> origin/20260503_remove_jules_folder
test-ubuntu (3.14t)	Checkout coreason-manifest	2026-05-19T19:31:34.5677843Z  * [new branch]        20260504-distributed-cid -> origin/20260504-distributed-cid
test-ubuntu (3.14t)	Checkout coreason-manifest	2026-05-19T19:31:34.5678818Z  * [new branch]        20260504-matrix         -> origin/20260504-matrix
test-ubuntu (3.14t)	Checkout coreason-manifest	2026-05-19T19:31:34.5679691Z  * [new branch]        20260504-nodejs-test    -> origin/20260504-nodejs-test
test-ubuntu (3.14t)	Checkout coreason-manifest	2026-05-19T19:31:34.5680636Z  * [new branch]        20260507-pypi-typeb     -> origin/20260507-pypi-typeb
test-ubuntu (3.14t)	Checkout coreason-manifest	2026-05-19T19:31:34.5681551Z  * [new branch]        20260507_bump_versions  -> origin/20260507_bump_versions
test-ubuntu (3.14t)	Checkout coreason-manifest	2026-05-19T19:31:34.5682536Z  * [new branch]        20260511-nemo-claw-by-issue -> origin/20260511-nemo-claw-by-issue
test-ubuntu (3.14t)	Checkout coreason-manifest	2026-05-19T19:31:34.5683877Z  * [new branch]        20260512-security-vulnerabilities -> origin/20260512-security-vulnerabilities
test-ubuntu (3.14t)	Checkout coreason-manifest	2026-05-19T19:31:34.5685194Z  * [new branch]        Recipe-Definitions      -> origin/Recipe-Definitions
test-ubuntu (3.14t)	Checkout coreason-manifest	2026-05-19T19:31:34.5686436Z  * [new branch]        Simulation-&-Audit-Definitions -> origin/Simulation-&-Audit-Definitions
test-ubuntu (3.14t)	Checkout coreason-manifest	2026-05-19T19:31:34.5689222Z  * [new branch]        action-space-id         -> origin/action-space-id
test-ubuntu (3.14t)	Checkout coreason-manifest	2026-05-19T19:31:34.5690655Z  * [new branch]        add-constitution-schema-18361548031416984128 -> origin/add-constitution-schema-18361548031416984128
test-ubuntu (3.14t)	Checkout coreason-manifest	2026-05-19T19:31:34.5695584Z  * [new branch]        agent-manifest          -> origin/agent-manifest
test-ubuntu (3.14t)	Checkout coreason-manifest	2026-05-19T19:31:34.5700794Z  * [new branch]        architectural-refactor-strict-contracts-1182666329991357650 -> origin/architectural-refactor-strict-contracts-1182666329991357650
test-ubuntu (3.14t)	Checkout coreason-manifest	2026-05-19T19:31:34.5702837Z  * [new branch]        archive-prd-improve-docs-and-dx -> origin/archive-prd-improve-docs-and-dx
test-ubuntu (3.14t)	Checkout coreason-manifest	2026-05-19T19:31:34.5704007Z  * [new branch]        async                   -> origin/async
test-ubuntu (3.14t)	Checkout coreason-manifest	2026-05-19T19:31:34.5705294Z  * [new branch]        audit-integrity-fix-introspection-13588768413380613826 -> origin/audit-integrity-fix-introspection-13588768413380613826
test-ubuntu (3.14t)	Checkout coreason-manifest	2026-05-19T19:31:34.5706859Z  * [new branch]        bolt-dag-longest-path-opt-1922282049664909391 -> origin/bolt-dag-longest-path-opt-1922282049664909391
test-ubuntu (3.14t)	Checkout coreason-manifest	2026-05-19T19:31:34.5708239Z  * [new branch]        bolt-fast-vector-norms-5876386907488227826 -> origin/bolt-fast-vector-norms-5876386907488227826
test-ubuntu (3.14t)	Checkout coreason-manifest	2026-05-19T19:31:34.5709630Z  * [new branch]        bolt-msgspec-optimization-13627919643699703931 -> origin/bolt-msgspec-optimization-13627919643699703931
test-ubuntu (3.14t)	Checkout coreason-manifest	2026-05-19T19:31:34.5711015Z  * [new branch]        bolt-optimize-canonicalize-8967315191820086313 -> origin/bolt-optimize-canonicalize-8967315191820086313
test-ubuntu (3.14t)	Checkout coreason-manifest	2026-05-19T19:31:34.5712469Z  * [new branch]        bolt-optimize-msgspec-encoder-7005076420599015186 -> origin/bolt-optimize-msgspec-encoder-7005076420599015186
test-ubuntu (3.14t)	Checkout coreason-manifest	2026-05-19T19:31:34.5714204Z  * [new branch]        bolt-optimize-schema-clone-16863321818155563563 -> origin/bolt-optimize-schema-clone-16863321818155563563
test-ubuntu (3.14t)	Checkout coreason-manifest	2026-05-19T19:31:34.5715585Z  * [new branch]        bolt-perf-optimization-15848291691891203395 -> origin/bolt-perf-optimization-15848291691891203395
test-ubuntu (3.14t)	Checkout coreason-manifest	2026-05-19T19:31:34.5717176Z  * [new branch]        bolt-performance-improvement-10918624361844093594 -> origin/bolt-performance-improvement-10918624361844093594
test-ubuntu (3.14t)	Checkout coreason-manifest	2026-05-19T19:31:34.5718728Z  * [new branch]        bolt/opt-fast-vector-norms-10678168765973616544 -> origin/bolt/opt-fast-vector-norms-10678168765973616544
test-ubuntu (3.14t)	Checkout coreason-manifest	2026-05-19T19:31:34.5720145Z  * [new branch]        bolt/vector-magnitude-cache-5590154678072100950 -> origin/bolt/vector-magnitude-cache-5590154678072100950
test-ubuntu (3.14t)	Checkout coreason-manifest	2026-05-19T19:31:34.5721887Z  * [new branch]        chore/purge-runtime-artifacts-8918995878798451184 -> origin/chore/purge-runtime-artifacts-8918995878798451184
test-ubuntu (3.14t)	Checkout coreason-manifest	2026-05-19T19:31:34.5723802Z  * [new branch]        chore/remediate-architectural-violations-8975310847755285959 -> origin/chore/remediate-architectural-violations-8975310847755285959
test-ubuntu (3.14t)	Checkout coreason-manifest	2026-05-19T19:31:34.5725434Z  * [new branch]        compliance-config-schema-647596872876551144 -> origin/compliance-config-schema-647596872876551144
test-ubuntu (3.14t)	Checkout coreason-manifest	2026-05-19T19:31:34.5726885Z  * [new branch]        coreason-manifest-refactor-2026-456397334853757491 -> origin/coreason-manifest-refactor-2026-456397334853757491
test-ubuntu (3.14t)	Checkout coreason-manifest	2026-05-19T19:31:34.5727979Z  * [new branch]        develop                 -> origin/develop
test-ubuntu (3.14t)	Checkout coreason-manifest	2026-05-19T19:31:34.5728806Z  * [new branch]        develop-before-major-refactor -> origin/develop-before-major-refactor
test-ubuntu (3.14t)	Checkout coreason-manifest	2026-05-19T19:31:34.5729691Z  * [new branch]        develop_has_oracle      -> origin/develop_has_oracle
test-ubuntu (3.14t)	Checkout coreason-manifest	2026-05-19T19:31:34.5730693Z  * [new branch]        doc-refactor-cam-v2-5078574642697175691 -> origin/doc-refactor-cam-v2-5078574642697175691
test-ubuntu (3.14t)	Checkout coreason-manifest	2026-05-19T19:31:34.5731958Z  * [new branch]        docs-init-architecture-6613429148205520168 -> origin/docs-init-architecture-6613429148205520168
test-ubuntu (3.14t)	Checkout coreason-manifest	2026-05-19T19:31:34.5733340Z  * [new branch]        docs-manifest-ai-alignment-16088136164486431829 -> origin/docs-manifest-ai-alignment-16088136164486431829
test-ubuntu (3.14t)	Checkout coreason-manifest	2026-05-19T19:31:34.5734665Z  * [new branch]        documentation-change    -> origin/documentation-change
test-ubuntu (3.14t)	Checkout coreason-manifest	2026-05-19T19:31:34.5735893Z  * [new branch]        documentation-updates-v2-schema-17788193287503778047 -> origin/documentation-updates-v2-schema-17788193287503778047
test-ubuntu (3.14t)	Checkout coreason-manifest	2026-05-19T19:31:34.5737093Z  * [new branch]        documentation-v0.24.0   -> origin/documentation-v0.24.0
test-ubuntu (3.14t)	Checkout coreason-manifest	2026-05-19T19:31:34.5738535Z  * [new branch]        enhance-logging-enterprise-grade-6000248042169731219 -> origin/enhance-logging-enterprise-grade-6000248042169731219
test-ubuntu (3.14t)	Checkout coreason-manifest	2026-05-19T19:31:34.5740100Z  * [new branch]        epic-1-information-science-17310333140529843357 -> origin/epic-1-information-science-17310333140529843357
test-ubuntu (3.14t)	Checkout coreason-manifest	2026-05-19T19:31:34.5741962Z  * [new branch]        epic-1-lexical-architecture-compliance-5974218582507627593 -> origin/epic-1-lexical-architecture-compliance-5974218582507627593
test-ubuntu (3.14t)	Checkout coreason-manifest	2026-05-19T19:31:34.5743832Z  * [new branch]        epic-1-passive-by-design-purge-9942384907417442163 -> origin/epic-1-passive-by-design-purge-9942384907417442163
test-ubuntu (3.14t)	Checkout coreason-manifest	2026-05-19T19:31:34.5745486Z  * [new branch]        epic-3-cryptographic-baseline-reset-11516327177763797575 -> origin/epic-3-cryptographic-baseline-reset-11516327177763797575
test-ubuntu (3.14t)	Checkout coreason-manifest	2026-05-19T19:31:34.5747044Z  * [new branch]        epic-3-security-telemetry-2920265866149924491 -> origin/epic-3-security-telemetry-2920265866149924491
test-ubuntu (3.14t)	Checkout coreason-manifest	2026-05-19T19:31:34.5748560Z  * [new branch]        epic-37-mathematical-boundaries-14946374988108656532 -> origin/epic-37-mathematical-boundaries-14946374988108656532
test-ubuntu (3.14t)	Checkout coreason-manifest	2026-05-19T19:31:34.5750069Z  * [new branch]        epic-5-final-reconciliation-11189225274631847833 -> origin/epic-5-final-reconciliation-11189225274631847833
test-ubuntu (3.14t)	Checkout coreason-manifest	2026-05-19T19:31:34.5750871Z  * [new branch]        epic-54-smpc-topology-3530269785628395574 -> origin/epic-54-smpc-topology-3530269785628395574
test-ubuntu (3.14t)	Checkout coreason-manifest	2026-05-19T19:31:34.5751649Z  * [new branch]        epic-56-pq-signatures-8176523507273569563 -> origin/epic-56-pq-signatures-8176523507273569563
test-ubuntu (3.14t)	Checkout coreason-manifest	2026-05-19T19:31:34.5752490Z  * [new branch]        epic-58-deterministic-hitl-intents-12263717152772916313 -> origin/epic-58-deterministic-hitl-intents-12263717152772916313
test-ubuntu (3.14t)	Checkout coreason-manifest	2026-05-19T19:31:34.5753355Z  * [new branch]        episteme-meta-cognition-11359633310085313957 -> origin/episteme-meta-cognition-11359633310085313957
test-ubuntu (3.14t)	Checkout coreason-manifest	2026-05-19T19:31:34.5754549Z  * [new branch]        event-sink-protocol-9815848079665495260 -> origin/event-sink-protocol-9815848079665495260
test-ubuntu (3.14t)	Checkout coreason-manifest	2026-05-19T19:31:34.5755207Z  * [new branch]        event-support           -> origin/event-support
test-ubuntu (3.14t)	Checkout coreason-manifest	2026-05-19T19:31:34.5756692Z  * [new branch]        feat-audit-log-lineage-18301010424238637316 -> origin/feat-audit-log-lineage-18301010424238637316
test-ubuntu (3.14t)	Checkout coreason-manifest	2026-05-19T19:31:34.5757763Z  * [new branch]        feat-compliance-integrity-schema-4688306254948981873 -> origin/feat-compliance-integrity-schema-4688306254948981873
test-ubuntu (3.14t)	Checkout coreason-manifest	2026-05-19T19:31:34.5758698Z  * [new branch]        feat-manifest-metadata-provenance-9817312426224771015 -> origin/feat-manifest-metadata-provenance-9817312426224771015
test-ubuntu (3.14t)	Checkout coreason-manifest	2026-05-19T19:31:34.5759384Z  * [new branch]        feat/add-osv-scanner    -> origin/feat/add-osv-scanner
test-ubuntu (3.14t)	Checkout coreason-manifest	2026-05-19T19:31:34.5759836Z  * [new branch]        feat/add-security-scans -> origin/feat/add-security-scans
test-ubuntu (3.14t)	Checkout coreason-manifest	2026-05-19T19:31:34.5760648Z  * [new branch]        feat/cognitive-visualization-and-collaboration-11302303436612065156 -> origin/feat/cognitive-visualization-and-collaboration-11302303436612065156
test-ubuntu (3.14t)	Checkout coreason-manifest	2026-05-19T19:31:34.5761471Z  * [new branch]        feat/dependency-update  -> origin/feat/dependency-update
test-ubuntu (3.14t)	Checkout coreason-manifest	2026-05-19T19:31:34.5762137Z  * [new branch]        feat/epic-2-prompt-as-a-service-2169747892438757934 -> origin/feat/epic-2-prompt-as-a-service-2169747892438757934
test-ubuntu (3.14t)	Checkout coreason-manifest	2026-05-19T19:31:34.5762902Z  * [new branch]        feat/evaluator-node-9938384439804730339 -> origin/feat/evaluator-node-9938384439804730339
test-ubuntu (3.14t)	Checkout coreason-manifest	2026-05-19T19:31:34.5763948Z  * [new branch]        feat/event-sink-protocol-5194296431541620705 -> origin/feat/event-sink-protocol-5194296431541620705
test-ubuntu (3.14t)	Checkout coreason-manifest	2026-05-19T19:31:34.5764576Z  * [new branch]        feat/fix-tests-and-model -> origin/feat/fix-tests-and-model
test-ubuntu (3.14t)	Checkout coreason-manifest	2026-05-19T19:31:34.5765305Z  * [new branch]        feat/formal-verification-contracts-12313339127088557744 -> origin/feat/formal-verification-contracts-12313339127088557744
test-ubuntu (3.14t)	Checkout coreason-manifest	2026-05-19T19:31:34.5766158Z  * [new branch]        feat/identity-primitive-8754019883837728749 -> origin/feat/identity-primitive-8754019883837728749
test-ubuntu (3.14t)	Checkout coreason-manifest	2026-05-19T19:31:34.5767554Z  * [new branch]        feat/interactive-control-plane-10597289617023500994 -> origin/feat/interactive-control-plane-10597289617023500994
test-ubuntu (3.14t)	Checkout coreason-manifest	2026-05-19T19:31:34.5768433Z  * [new branch]        feat/interactive-control-plane-16656169675328568596 -> origin/feat/interactive-control-plane-16656169675328568596
test-ubuntu (3.14t)	Checkout coreason-manifest	2026-05-19T19:31:34.5769361Z  * [new branch]        feat/liquid-compute-pareto-frontiers-18304734028658134485 -> origin/feat/liquid-compute-pareto-frontiers-18304734028658134485
test-ubuntu (3.14t)	Checkout coreason-manifest	2026-05-19T19:31:34.5770112Z  * [new branch]        feat/remove-chaos-ontology -> origin/feat/remove-chaos-ontology
test-ubuntu (3.14t)	Checkout coreason-manifest	2026-05-19T19:31:34.5770608Z  * [new branch]        feat/replace-trufflehog -> origin/feat/replace-trufflehog
test-ubuntu (3.14t)	Checkout coreason-manifest	2026-05-19T19:31:34.5771252Z  * [new branch]        feat/secure-recursive-loader-7863570230673011103 -> origin/feat/secure-recursive-loader-7863570230673011103
test-ubuntu (3.14t)	Checkout coreason-manifest	2026-05-19T19:31:34.5772043Z  * [new branch]        feat/simplified-yaml-dsl-5336389765234075258 -> origin/feat/simplified-yaml-dsl-5336389765234075258
test-ubuntu (3.14t)	Checkout coreason-manifest	2026-05-19T19:31:34.5772884Z  * [new branch]        feat/spatial-computing-foundation-4951432418065652154 -> origin/feat/spatial-computing-foundation-4951432418065652154
test-ubuntu (3.14t)	Checkout coreason-manifest	2026-05-19T19:31:34.5774092Z  * [new branch]        feat/spatial-kinematics-gui-automation-4607769535004872117 -> origin/feat/spatial-kinematics-gui-automation-4607769535004872117
test-ubuntu (3.14t)	Checkout coreason-manifest	2026-05-19T19:31:34.5774909Z  * [new branch]        feat/transformer-lens-migration -> origin/feat/transformer-lens-migration
test-ubuntu (3.14t)	Checkout coreason-manifest	2026-05-19T19:31:34.5775515Z  * [new branch]        feat/validate-cli-5708455946465831108 -> origin/feat/validate-cli-5708455946465831108
test-ubuntu (3.14t)	Checkout coreason-manifest	2026-05-19T19:31:34.5776202Z  * [new branch]        feat/zero-trust-broker-1741631445913792869 -> origin/feat/zero-trust-broker-1741631445913792869
test-ubuntu (3.14t)	Checkout coreason-manifest	2026-05-19T19:31:34.5776846Z  * [new branch]        feat/zero-trust-schema-routing -> origin/feat/zero-trust-schema-routing
test-ubuntu (3.14t)	Checkout coreason-manifest	2026-05-19T19:31:34.5777477Z  * [new branch]        feat/zero-trust-tools-121558280685326345 -> origin/feat/zero-trust-tools-121558280685326345
test-ubuntu (3.14t)	Checkout coreason-manifest	2026-05-19T19:31:34.5778303Z  * [new branch]        feature/abstract-tools-resources-5553391842920074650 -> origin/feature/abstract-tools-resources-5553391842920074650
test-ubuntu (3.14t)	Checkout coreason-manifest	2026-05-19T19:31:34.5779190Z  * [new branch]        feature/compliance-microservice -> origin/feature/compliance-microservice
test-ubuntu (3.14t)	Checkout coreason-manifest	2026-05-19T19:31:34.5779924Z  * [new branch]        feature/compliance-microservice-13442395290109170835 -> origin/feature/compliance-microservice-13442395290109170835
test-ubuntu (3.14t)	Checkout coreason-manifest	2026-05-19T19:31:34.5780621Z  * [new branch]        feature/devcontainer-setup -> origin/feature/devcontainer-setup
test-ubuntu (3.14t)	Checkout coreason-manifest	2026-05-19T19:31:34.5781225Z  * [new branch]        feature/dx-agent-cards-8160442808643470688 -> origin/feature/dx-agent-cards-8160442808643470688
test-ubuntu (3.14t)	Checkout coreason-manifest	2026-05-19T19:31:34.5782181Z  * [new branch]        feature/epic-40-epistemic-and-regulatory-auditing-14531748517587603787 -> origin/feature/epic-40-epistemic-and-regulatory-auditing-14531748517587603787
test-ubuntu (3.14t)	Checkout coreason-manifest	2026-05-19T19:31:34.5783201Z  * [new branch]        feature/epic-49-escrow-policy-2546112764637789668 -> origin/feature/epic-49-escrow-policy-2546112764637789668
test-ubuntu (3.14t)	Checkout coreason-manifest	2026-05-19T19:31:34.5784359Z  * [new branch]        feature/epistemic-ledger-tms-5197540666881692814 -> origin/feature/epistemic-ledger-tms-5197540666881692814
test-ubuntu (3.14t)	Checkout coreason-manifest	2026-05-19T19:31:34.5785134Z  * [new branch]        feature/mcp-resources-5603205618878606044 -> origin/feature/mcp-resources-5603205618878606044
test-ubuntu (3.14t)	Checkout coreason-manifest	2026-05-19T19:31:34.5785856Z  * [new branch]        feature/mcp-server-cli-12505658428005694022 -> origin/feature/mcp-server-cli-12505658428005694022
test-ubuntu (3.14t)	Checkout coreason-manifest	2026-05-19T19:31:34.5786579Z  * [new branch]        feature/openai-adapter-4093422578035773719 -> origin/feature/openai-adapter-4093422578035773719
test-ubuntu (3.14t)	Checkout coreason-manifest	2026-05-19T19:31:34.5787337Z  * [new branch]        feature/operational-policy-12658690718926562598 -> origin/feature/operational-policy-12658690718926562598
test-ubuntu (3.14t)	Checkout coreason-manifest	2026-05-19T19:31:34.5788132Z  * [new branch]        feature/qos-policy-config-2468185674051472086 -> origin/feature/qos-policy-config-2468185674051472086
test-ubuntu (3.14t)	Checkout coreason-manifest	2026-05-19T19:31:34.5789173Z  * [new branch]        feature/semantic-placeholders-lifecycle-9976531411206018271 -> origin/feature/semantic-placeholders-lifecycle-9976531411206018271
test-ubuntu (3.14t)	Checkout coreason-manifest	2026-05-19T19:31:34.5790135Z  * [new branch]        feature/sota-architecture-upgrade-1757537397997266816 -> origin/feature/sota-architecture-upgrade-1757537397997266816
test-ubuntu (3.14t)	Checkout coreason-manifest	2026-05-19T19:31:34.5791096Z  * [new branch]        feature/task-sequence-topology-coercion-17992572232147989848 -> origin/feature/task-sequence-topology-coercion-17992572232147989848
test-ubuntu (3.14t)	Checkout coreason-manifest	2026-05-19T19:31:34.5792028Z  * [new branch]        feature/wasm-sandboxing-models-2645045951136527623 -> origin/feature/wasm-sandboxing-models-2645045951136527623
test-ubuntu (3.14t)	Checkout coreason-manifest	2026-05-19T19:31:34.5792874Z  * [new branch]        fix-apply-state-differential-14468388689031555541 -> origin/fix-apply-state-differential-14468388689031555541
test-ubuntu (3.14t)	Checkout coreason-manifest	2026-05-19T19:31:34.5794176Z  * [new branch]        fix-dag-topology-edges-sorting-2261296089954878273 -> origin/fix-dag-topology-edges-sorting-2261296089954878273
test-ubuntu (3.14t)	Checkout coreason-manifest	2026-05-19T19:31:34.5795137Z  * [new branch]        fix-docs-imports-and-organization-10557976841884646919 -> origin/fix-docs-imports-and-organization-10557976841884646919
test-ubuntu (3.14t)	Checkout coreason-manifest	2026-05-19T19:31:34.5795856Z  * [new branch]        fix-git-workflow-cicd   -> origin/fix-git-workflow-cicd
test-ubuntu (3.14t)	Checkout coreason-manifest	2026-05-19T19:31:34.5796494Z  * [new branch]        fix-mathematical-boundaries-8327488950346719479 -> origin/fix-mathematical-boundaries-8327488950346719479
test-ubuntu (3.14t)	Checkout coreason-manifest	2026-05-19T19:31:34.5797242Z  * [new branch]        fix-readme-example-12369019490357990872 -> origin/fix-readme-example-12369019490357990872
test-ubuntu (3.14t)	Checkout coreason-manifest	2026-05-19T19:31:34.5797999Z  * [new branch]        fix-semantic-diff-loopholes-11703467238068430217 -> origin/fix-semantic-diff-loopholes-11703467238068430217
test-ubuntu (3.14t)	Checkout coreason-manifest	2026-05-19T19:31:34.5798850Z  * [new branch]        fix-silent-topology-corruption-4963948896351228147 -> origin/fix-silent-topology-corruption-4963948896351228147
test-ubuntu (3.14t)	Checkout coreason-manifest	2026-05-19T19:31:34.5799665Z  * [new branch]        fix/harden-state-schemas-18260294867425722914 -> origin/fix/harden-state-schemas-18260294867425722914
test-ubuntu (3.14t)	Checkout coreason-manifest	2026-05-19T19:31:34.5800464Z  * [new branch]        fix/merkle-cid-hash-collision-2174820537648554325 -> origin/fix/merkle-cid-hash-collision-2174820537648554325
test-ubuntu (3.14t)	Checkout coreason-manifest	2026-05-19T19:31:34.5801522Z  * [new branch]        fix/oom-cpu-exhaustion-json-bomb-9301820463383842712 -> origin/fix/oom-cpu-exhaustion-json-bomb-9301820463383842712
test-ubuntu (3.14t)	Checkout coreason-manifest	2026-05-19T19:31:34.5802228Z  * [new branch]        fix/regenerate-rust-bindings -> origin/fix/regenerate-rust-bindings
test-ubuntu (3.14t)	Checkout coreason-manifest	2026-05-19T19:31:34.5802795Z  * [new branch]        fix/release-please-version-sync -> origin/fix/release-please-version-sync
test-ubuntu (3.14t)	Checkout coreason-manifest	2026-05-19T19:31:34.5803682Z  * [new branch]        fix/ssrf-ip-normalization-17360207169498756433 -> origin/fix/ssrf-ip-normalization-17360207169498756433
test-ubuntu (3.14t)	Checkout coreason-manifest	2026-05-19T19:31:34.5804617Z  * [new branch]        fix/v2-adapter-state-mapping-8574925265399852295 -> origin/fix/v2-adapter-state-mapping-8574925265399852295
test-ubuntu (3.14t)	Checkout coreason-manifest	2026-05-19T19:31:34.5805443Z  * [new branch]        flow-governance-remediation-11809949145726611675 -> origin/flow-governance-remediation-11809949145726611675
test-ubuntu (3.14t)	Checkout coreason-manifest	2026-05-19T19:31:34.5806064Z  * [new branch]        gh-pages                -> origin/gh-pages
test-ubuntu (3.14t)	Checkout coreason-manifest	2026-05-19T19:31:34.5806635Z  * [new branch]        greenfield-audit-report-5102414531465444999 -> origin/greenfield-audit-report-5102414531465444999
test-ubuntu (3.14t)	Checkout coreason-manifest	2026-05-19T19:31:34.5807215Z  * [new branch]        hollow-manifest         -> origin/hollow-manifest
test-ubuntu (3.14t)	Checkout coreason-manifest	2026-05-19T19:31:34.5807747Z  * [new branch]        improve-coverage-17742898272005397072 -> origin/improve-coverage-17742898272005397072
test-ubuntu (3.14t)	Checkout coreason-manifest	2026-05-19T19:31:34.5808306Z  * [new branch]        intent-epistemic        -> origin/intent-epistemic
test-ubuntu (3.14t)	Checkout coreason-manifest	2026-05-19T19:31:34.5808940Z  * [new branch]        interface-definition-feature-13528817994242430347 -> origin/interface-definition-feature-13528817994242430347
test-ubuntu (3.14t)	Checkout coreason-manifest	2026-05-19T19:31:34.5809655Z  * [new branch]        jules-5225423007352236797-83e84ea3 -> origin/jules-5225423007352236797-83e84ea3
test-ubuntu (3.14t)	Checkout coreason-manifest	2026-05-19T19:31:34.5810222Z  * [new branch]        jules-6951699059514264388-d5c4602a -> origin/jules-6951699059514264388-d5c4602a
test-ubuntu (3.14t)	Checkout coreason-manifest	2026-05-19T19:31:34.5811069Z  * [new branch]        jules-bolt-perf-cosine-17891694244556113807 -> origin/jules-bolt-perf-cosine-17891694244556113807
test-ubuntu (3.14t)	Checkout coreason-manifest	2026-05-19T19:31:34.5811838Z  * [new branch]        knowledge-schema-update-13296483955953302629 -> origin/knowledge-schema-update-13296483955953302629
test-ubuntu (3.14t)	Checkout coreason-manifest	2026-05-19T19:31:34.5812566Z  * [new branch]        maco-recipe-docs-7914833333644818499 -> origin/maco-recipe-docs-7914833333644818499
test-ubuntu (3.14t)	Checkout coreason-manifest	2026-05-19T19:31:34.5813059Z  * [new branch]        main                    -> origin/main
test-ubuntu (3.14t)	Checkout coreason-manifest	2026-05-19T19:31:34.5813413Z  * [new branch]        main-delete             -> origin/main-delete
test-ubuntu (3.14t)	Checkout coreason-manifest	2026-05-19T19:31:34.5814107Z  * [new branch]        manifest-package-updates -> origin/manifest-package-updates
test-ubuntu (3.14t)	Checkout coreason-manifest	2026-05-19T19:31:34.5814558Z  * [new branch]        mcp-friendly            -> origin/mcp-friendly
test-ubuntu (3.14t)	Checkout coreason-manifest	2026-05-19T19:31:34.5814942Z  * [new branch]        microservice            -> origin/microservice
test-ubuntu (3.14t)	Checkout coreason-manifest	2026-05-19T19:31:34.5815529Z  * [new branch]        observability-lod-policy-2271142674125643630 -> origin/observability-lod-policy-2271142674125643630
test-ubuntu (3.14t)	Checkout coreason-manifest	2026-05-19T19:31:34.5816289Z  * [new branch]        perf-crdt-array-init-2248031640102926099 -> origin/perf-crdt-array-init-2248031640102926099
test-ubuntu (3.14t)	Checkout coreason-manifest	2026-05-19T19:31:34.5817045Z  * [new branch]        perf/cache-vector-decoding-13246656526617204394 -> origin/perf/cache-vector-decoding-13246656526617204394
test-ubuntu (3.14t)	Checkout coreason-manifest	2026-05-19T19:31:34.5817667Z  * [new branch]        perfect-math-jules      -> origin/perfect-math-jules
test-ubuntu (3.14t)	Checkout coreason-manifest	2026-05-19T19:31:34.5818231Z  * [new branch]        pkg-dd-mock-factory-275006558007961355 -> origin/pkg-dd-mock-factory-275006558007961355
test-ubuntu (3.14t)	Checkout coreason-manifest	2026-05-19T19:31:34.5818759Z  * [new branch]        polish                  -> origin/polish
test-ubuntu (3.14t)	Checkout coreason-manifest	2026-05-19T19:31:34.5819111Z  * [new branch]        polish-2                -> origin/polish-2
test-ubuntu (3.14t)	Checkout coreason-manifest	2026-05-19T19:31:34.5819681Z  * [new branch]        purge-model-rebuild-calls-17068923366364308044 -> origin/purge-model-rebuild-calls-17068923366364308044
test-ubuntu (3.14t)	Checkout coreason-manifest	2026-05-19T19:31:34.5820429Z  * [new branch]        refactor-core-ddd-13782106557839131830 -> origin/refactor-core-ddd-13782106557839131830
test-ubuntu (3.14t)	Checkout coreason-manifest	2026-05-19T19:31:34.5821347Z  * [new branch]        refactor-coreason-manifest-11400942317072156157 -> origin/refactor-coreason-manifest-11400942317072156157
test-ubuntu (3.14t)	Checkout coreason-manifest	2026-05-19T19:31:34.5822352Z  * [new branch]        refactor-integrity-hashing-strict-determinism-14087957076503889686 -> origin/refactor-integrity-hashing-strict-determinism-14087957076503889686
test-ubuntu (3.14t)	Checkout coreason-manifest	2026-05-19T19:31:34.5823405Z  * [new branch]        refactor-loader-include-mock-ref-8221780524066655709 -> origin/refactor-loader-include-mock-ref-8221780524066655709
test-ubuntu (3.14t)	Checkout coreason-manifest	2026-05-19T19:31:34.5824494Z  * [new branch]        refactor-session-identity-11702856729694547157 -> origin/refactor-session-identity-11702856729694547157
test-ubuntu (3.14t)	Checkout coreason-manifest	2026-05-19T19:31:34.5825179Z  * [new branch]        refactor/async-manifest-engine -> origin/refactor/async-manifest-engine
test-ubuntu (3.14t)	Checkout coreason-manifest	2026-05-19T19:31:34.5825841Z  * [new branch]        refactor/decouple-logic-2360217993168795493 -> origin/refactor/decouple-logic-2360217993168795493
test-ubuntu (3.14t)	Checkout coreason-manifest	2026-05-19T19:31:34.5826515Z  * [new branch]        refactor/events-cloudevents-otel -> origin/refactor/events-cloudevents-otel
test-ubuntu (3.14t)	Checkout coreason-manifest	2026-05-19T19:31:34.5827226Z  * [new branch]        refactor/governance-hoisting-8874763606944150659 -> origin/refactor/governance-hoisting-8874763606944150659
test-ubuntu (3.14t)	Checkout coreason-manifest	2026-05-19T19:31:34.5828023Z  * [new branch]        refactor/greenfield-cleanup-11006251346593185575 -> origin/refactor/greenfield-cleanup-11006251346593185575
test-ubuntu (3.14t)	Checkout coreason-manifest	2026-05-19T19:31:34.5828682Z  * [new branch]        refactor/kernel-only-package -> origin/refactor/kernel-only-package
test-ubuntu (3.14t)	Checkout coreason-manifest	2026-05-19T19:31:34.5829309Z  * [new branch]        refactor/lexical-disambiguation-ontology -> origin/refactor/lexical-disambiguation-ontology
test-ubuntu (3.14t)	Checkout coreason-manifest	2026-05-19T19:31:34.5830123Z  * [new branch]        refactor/remove-loguru-dependency-7687618115267215600 -> origin/refactor/remove-loguru-dependency-7687618115267215600
test-ubuntu (3.14t)	Checkout coreason-manifest	2026-05-19T19:31:34.5830990Z  * [new branch]        refactor/remove-runtime-logic-11349661959869532865 -> origin/refactor/remove-runtime-logic-11349661959869532865
test-ubuntu (3.14t)	Checkout coreason-manifest	2026-05-19T19:31:34.5831941Z  * [new branch]        refactor/runtime-interfaces-14552090308799652579 -> origin/refactor/runtime-interfaces-14552090308799652579
test-ubuntu (3.14t)	Checkout coreason-manifest	2026-05-19T19:31:34.5832727Z  * [new branch]        refactor/schema-first-docs-13291741983707315416 -> origin/refactor/schema-first-docs-13291741983707315416
test-ubuntu (3.14t)	Checkout coreason-manifest	2026-05-19T19:31:34.5833431Z  * [new branch]        refactor/security-observability-v3 -> origin/refactor/security-observability-v3
test-ubuntu (3.14t)	Checkout coreason-manifest	2026-05-19T19:31:34.5834499Z  * [new branch]        refactor/security-registry-coverage-16905153854199695664 -> origin/refactor/security-registry-coverage-16905153854199695664
test-ubuntu (3.14t)	Checkout coreason-manifest	2026-05-19T19:31:34.5835360Z  * [new branch]        refactor/sota-manifest-v25-1630966978315884106 -> origin/refactor/sota-manifest-v25-1630966978315884106
test-ubuntu (3.14t)	Checkout coreason-manifest	2026-05-19T19:31:34.5836041Z  * [new branch]        refactor/user-context-injection -> origin/refactor/user-context-injection
test-ubuntu (3.14t)	Checkout coreason-manifest	2026-05-19T19:31:34.5836716Z  * [new branch]        refactor/zero-trust-kernel-14768872506775221393 -> origin/refactor/zero-trust-kernel-14768872506775221393
test-ubuntu (3.14t)	Checkout coreason-manifest	2026-05-19T19:31:34.5837641Z  * [new branch]        release-please--branches--main--components--coreason_manifest -> origin/release-please--branches--main--components--coreason_manifest
test-ubuntu (3.14t)	Checkout coreason-manifest	2026-05-19T19:31:34.5838682Z  * [new branch]        revert-1673-bolt-dag-longest-path-opt-1922282049664909391 -> origin/revert-1673-bolt-dag-longest-path-opt-1922282049664909391
test-ubuntu (3.14t)	Checkout coreason-manifest	2026-05-19T19:31:34.5839465Z  * [new branch]        revert-1692-20260507_bump_versions -> origin/revert-1692-20260507_bump_versions
test-ubuntu (3.14t)	Checkout coreason-manifest	2026-05-19T19:31:34.5840108Z  * [new branch]        review-shared-kernel-2929516839995213972 -> origin/review-shared-kernel-2929516839995213972
test-ubuntu (3.14t)	Checkout coreason-manifest	2026-05-19T19:31:34.5840835Z  * [new branch]        runtime-contracts-impl-11450813190020303586 -> origin/runtime-contracts-impl-11450813190020303586
test-ubuntu (3.14t)	Checkout coreason-manifest	2026-05-19T19:31:34.5841427Z  * [new branch]        schema-fidelity-mcp     -> origin/schema-fidelity-mcp
test-ubuntu (3.14t)	Checkout coreason-manifest	2026-05-19T19:31:34.5841874Z  * [new branch]        security-vulnerability  -> origin/security-vulnerability
test-ubuntu (3.14t)	Checkout coreason-manifest	2026-05-19T19:31:34.5842532Z  * [new branch]        security/governance-hardening-2835132165793969980 -> origin/security/governance-hardening-2835132165793969980
test-ubuntu (3.14t)	Checkout coreason-manifest	2026-05-19T19:31:34.5843847Z  * [new branch]        security/prevent-ast-dos-via-shifts-799669173340244902 -> origin/security/prevent-ast-dos-via-shifts-799669173340244902
test-ubuntu (3.14t)	Checkout coreason-manifest	2026-05-19T19:31:34.5844848Z  * [new branch]        sentinel-fix-regex-newline-bypass-9746762609565979990 -> origin/sentinel-fix-regex-newline-bypass-9746762609565979990
test-ubuntu (3.14t)	Checkout coreason-manifest	2026-05-19T19:31:34.5845711Z  * [new branch]        sentinel-ssrf-protection-701924493199791214 -> origin/sentinel-ssrf-protection-701924493199791214
test-ubuntu (3.14t)	Checkout coreason-manifest	2026-05-19T19:31:34.5846490Z  * [new branch]        sentinel/ssrf-mitigation-9278988767895943176 -> origin/sentinel/ssrf-mitigation-9278988767895943176
test-ubuntu (3.14t)	Checkout coreason-manifest	2026-05-19T19:31:34.5847258Z  * [new branch]        session-management-pkg-n-13401155735173101929 -> origin/session-management-pkg-n-13401155735173101929
test-ubuntu (3.14t)	Checkout coreason-manifest	2026-05-19T19:31:34.5848054Z  * [new branch]        stream-identity-lifecycle-1513287960466593774 -> origin/stream-identity-lifecycle-1513287960466593774
test-ubuntu (3.14t)	Checkout coreason-manifest	2026-05-19T19:31:34.5848835Z  * [new branch]        streaming-contracts-wp-r-17739564459648724704 -> origin/streaming-contracts-wp-r-17739564459648724704
test-ubuntu (3.14t)	Checkout coreason-manifest	2026-05-19T19:31:34.5849570Z  * [new branch]        switch-to-v2-default-3191785920094646448 -> origin/switch-to-v2-default-3191785920094646448
test-ubuntu (3.14t)	Checkout coreason-manifest	2026-05-19T19:31:34.5850172Z  * [new branch]        topology-workflow-manifest -> origin/topology-workflow-manifest
test-ubuntu (3.14t)	Checkout coreason-manifest	2026-05-19T19:31:34.5850872Z  * [new branch]        update-manifest-provenance-v2-4783631491087732608 -> origin/update-manifest-provenance-v2-4783631491087732608
test-ubuntu (3.14t)	Checkout coreason-manifest	2026-05-19T19:31:34.5851711Z  * [new branch]        update-presentation-hints-17599409257345410946 -> origin/update-presentation-hints-17599409257345410946
test-ubuntu (3.14t)	Checkout coreason-manifest	2026-05-19T19:31:34.5852499Z  * [new branch]        verify-constraint-system-5000756484042114129 -> origin/verify-constraint-system-5000756484042114129
test-ubuntu (3.14t)	Checkout coreason-manifest	2026-05-19T19:31:34.5853237Z  * [new branch]        version-0.14.0          -> origin/version-0.14.0
test-ubuntu (3.14t)	Checkout coreason-manifest	2026-05-19T19:31:34.5853773Z  * [new branch]        version-0.16.0          -> origin/version-0.16.0
test-ubuntu (3.14t)	Checkout coreason-manifest	2026-05-19T19:31:34.5854147Z  * [new branch]        version-0.17.0          -> origin/version-0.17.0
test-ubuntu (3.14t)	Checkout coreason-manifest	2026-05-19T19:31:34.5854519Z  * [new branch]        version-0.18.0          -> origin/version-0.18.0
test-ubuntu (3.14t)	Checkout coreason-manifest	2026-05-19T19:31:34.5854894Z  * [new branch]        version-0.19.0          -> origin/version-0.19.0
test-ubuntu (3.14t)	Checkout coreason-manifest	2026-05-19T19:31:34.5855266Z  * [new branch]        version-0.20.0          -> origin/version-0.20.0
test-ubuntu (3.14t)	Checkout coreason-manifest	2026-05-19T19:31:34.5855636Z  * [new branch]        version-0.21.0          -> origin/version-0.21.0
test-ubuntu (3.14t)	Checkout coreason-manifest	2026-05-19T19:31:34.5856013Z  * [new branch]        version-0.24.0          -> origin/version-0.24.0
test-ubuntu (3.14t)	Checkout coreason-manifest	2026-05-19T19:31:34.5856384Z  * [new branch]        version-0.25.0          -> origin/version-0.25.0
test-ubuntu (3.14t)	Checkout coreason-manifest	2026-05-19T19:31:34.5856874Z  * [new branch]        version-0.25.0-office-integration -> origin/version-0.25.0-office-integration
test-ubuntu (3.14t)	Checkout coreason-manifest	2026-05-19T19:31:34.5857395Z  * [new branch]        version-0.25.0-temp     -> origin/version-0.25.0-temp
test-ubuntu (3.14t)	Checkout coreason-manifest	2026-05-19T19:31:34.5857806Z  * [new branch]        version-conflict        -> origin/version-conflict
test-ubuntu (3.14t)	Checkout coreason-manifest	2026-05-19T19:31:34.5858199Z  * [new branch]        version0.11.0           -> origin/version0.11.0
test-ubuntu (3.14t)	Checkout coreason-manifest	2026-05-19T19:31:34.5858573Z  * [new branch]        version0.12.0           -> origin/version0.12.0
test-ubuntu (3.14t)	Checkout coreason-manifest	2026-05-19T19:31:34.5858971Z  * [new branch]        version0.12.0_with_docs -> origin/version0.12.0_with_docs
test-ubuntu (3.14t)	Checkout coreason-manifest	2026-05-19T19:31:34.5859372Z  * [new branch]        version0.15.0           -> origin/version0.15.0
test-ubuntu (3.14t)	Checkout coreason-manifest	2026-05-19T19:31:34.5859787Z  * [new branch]        version0.22.0-strategist -> origin/version0.22.0-strategist
test-ubuntu (3.14t)	Checkout coreason-manifest	2026-05-19T19:31:34.5860263Z  * [new branch]        version0.22.0-strategist02 -> origin/version0.22.0-strategist02
test-ubuntu (3.14t)	Checkout coreason-manifest	2026-05-19T19:31:34.5860703Z  * [new branch]        vignette-docs           -> origin/vignette-docs
test-ubuntu (3.14t)	Checkout coreason-manifest	2026-05-19T19:31:34.5861296Z  * [new branch]        wp-q-r-interface-contracts-6817051223873777119 -> origin/wp-q-r-interface-contracts-6817051223873777119
test-ubuntu (3.14t)	Checkout coreason-manifest	2026-05-19T19:31:34.5861992Z  * [new tag]           v0.1.0                  -> v0.1.0
test-ubuntu (3.14t)	Checkout coreason-manifest	2026-05-19T19:31:34.5862293Z  * [new tag]           v0.10.0                 -> v0.10.0
test-ubuntu (3.14t)	Checkout coreason-manifest	2026-05-19T19:31:34.5862584Z  * [new tag]           v0.11.0                 -> v0.11.0
test-ubuntu (3.14t)	Checkout coreason-manifest	2026-05-19T19:31:34.5862866Z  * [new tag]           v0.12.0                 -> v0.12.0
test-ubuntu (3.14t)	Checkout coreason-manifest	2026-05-19T19:31:34.5863141Z  * [new tag]           v0.13.0                 -> v0.13.0
test-ubuntu (3.14t)	Checkout coreason-manifest	2026-05-19T19:31:34.5863413Z  * [new tag]           v0.14.0                 -> v0.14.0
test-ubuntu (3.14t)	Checkout coreason-manifest	2026-05-19T19:31:34.5863811Z  * [new tag]           v0.15.0                 -> v0.15.0
test-ubuntu (3.14t)	Checkout coreason-manifest	2026-05-19T19:31:34.5864088Z  * [new tag]           v0.16.0                 -> v0.16.0
test-ubuntu (3.14t)	Checkout coreason-manifest	2026-05-19T19:31:34.5864363Z  * [new tag]           v0.17.0                 -> v0.17.0
test-ubuntu (3.14t)	Checkout coreason-manifest	2026-05-19T19:31:34.5864636Z  * [new tag]           v0.18.0                 -> v0.18.0
test-ubuntu (3.14t)	Checkout coreason-manifest	2026-05-19T19:31:34.5864917Z  * [new tag]           v0.19.0                 -> v0.19.0
test-ubuntu (3.14t)	Checkout coreason-manifest	2026-05-19T19:31:34.5865202Z  * [new tag]           v0.2.0                  -> v0.2.0
test-ubuntu (3.14t)	Checkout coreason-manifest	2026-05-19T19:31:34.5865490Z  * [new tag]           v0.20.0                 -> v0.20.0
test-ubuntu (3.14t)	Checkout coreason-manifest	2026-05-19T19:31:34.5865762Z  * [new tag]           v0.21.0                 -> v0.21.0
test-ubuntu (3.14t)	Checkout coreason-manifest	2026-05-19T19:31:34.5866044Z  * [new tag]           v0.22.0                 -> v0.22.0
test-ubuntu (3.14t)	Checkout coreason-manifest	2026-05-19T19:31:34.5866321Z  * [new tag]           v0.23.0                 -> v0.23.0
test-ubuntu (3.14t)	Checkout coreason-manifest	2026-05-19T19:31:34.5866598Z  * [new tag]           v0.24.0                 -> v0.24.0
test-ubuntu (3.14t)	Checkout coreason-manifest	2026-05-19T19:31:34.5866874Z  * [new tag]           v0.25.0                 -> v0.25.0
test-ubuntu (3.14t)	Checkout coreason-manifest	2026-05-19T19:31:34.5867144Z  * [new tag]           v0.25.1                 -> v0.25.1
test-ubuntu (3.14t)	Checkout coreason-manifest	2026-05-19T19:31:34.5867419Z  * [new tag]           v0.25.2                 -> v0.25.2
test-ubuntu (3.14t)	Checkout coreason-manifest	2026-05-19T19:31:34.5867692Z  * [new tag]           v0.25.3                 -> v0.25.3
test-ubuntu (3.14t)	Checkout coreason-manifest	2026-05-19T19:31:34.5867968Z  * [new tag]           v0.25.4                 -> v0.25.4
test-ubuntu (3.14t)	Checkout coreason-manifest	2026-05-19T19:31:34.5868378Z  * [new tag]           v0.26.0                 -> v0.26.0
test-ubuntu (3.14t)	Checkout coreason-manifest	2026-05-19T19:31:34.5868653Z  * [new tag]           v0.26.1                 -> v0.26.1
test-ubuntu (3.14t)	Checkout coreason-manifest	2026-05-19T19:31:34.5868933Z  * [new tag]           v0.27.0                 -> v0.27.0
test-ubuntu (3.14t)	Checkout coreason-manifest	2026-05-19T19:31:34.5869209Z  * [new tag]           v0.28.0                 -> v0.28.0
test-ubuntu (3.14t)	Checkout coreason-manifest	2026-05-19T19:31:34.5869487Z  * [new tag]           v0.28.1                 -> v0.28.1
test-ubuntu (3.14t)	Checkout coreason-manifest	2026-05-19T19:31:34.5869758Z  * [new tag]           v0.28.2                 -> v0.28.2
test-ubuntu (3.14t)	Checkout coreason-manifest	2026-05-19T19:31:34.5870031Z  * [new tag]           v0.28.3                 -> v0.28.3
test-ubuntu (3.14t)	Checkout coreason-manifest	2026-05-19T19:31:34.5870310Z  * [new tag]           v0.29.0                 -> v0.29.0
test-ubuntu (3.14t)	Checkout coreason-manifest	2026-05-19T19:31:34.5870587Z  * [new tag]           v0.29.1                 -> v0.29.1
test-ubuntu (3.14t)	Checkout coreason-manifest	2026-05-19T19:31:34.5870859Z  * [new tag]           v0.29.2                 -> v0.29.2
test-ubuntu (3.14t)	Checkout coreason-manifest	2026-05-19T19:31:34.5871136Z  * [new tag]           v0.29.3                 -> v0.29.3
test-ubuntu (3.14t)	Checkout coreason-manifest	2026-05-19T19:31:34.5871424Z  * [new tag]           v0.3.0                  -> v0.3.0
test-ubuntu (3.14t)	Checkout coreason-manifest	2026-05-19T19:31:34.5871704Z  * [new tag]           v0.30.0                 -> v0.30.0
test-ubuntu (3.14t)	Checkout coreason-manifest	2026-05-19T19:31:34.5871971Z  * [new tag]           v0.30.1                 -> v0.30.1
test-ubuntu (3.14t)	Checkout coreason-manifest	2026-05-19T19:31:34.5872253Z  * [new tag]           v0.31.0                 -> v0.31.0
test-ubuntu (3.14t)	Checkout coreason-manifest	2026-05-19T19:31:34.5872530Z  * [new tag]           v0.32.0                 -> v0.32.0
test-ubuntu (3.14t)	Checkout coreason-manifest	2026-05-19T19:31:34.5872807Z  * [new tag]           v0.33.0                 -> v0.33.0
test-ubuntu (3.14t)	Checkout coreason-manifest	2026-05-19T19:31:34.5873080Z  * [new tag]           v0.34.0                 -> v0.34.0
test-ubuntu (3.14t)	Checkout coreason-manifest	2026-05-19T19:31:34.5873351Z  * [new tag]           v0.34.1                 -> v0.34.1
test-ubuntu (3.14t)	Checkout coreason-manifest	2026-05-19T19:31:34.5873935Z  * [new tag]           v0.35.0                 -> v0.35.0
test-ubuntu (3.14t)	Checkout coreason-manifest	2026-05-19T19:31:34.5874279Z  * [new tag]           v0.35.1                 -> v0.35.1
test-ubuntu (3.14t)	Checkout coreason-manifest	2026-05-19T19:31:34.5874571Z  * [new tag]           v0.36.0                 -> v0.36.0
test-ubuntu (3.14t)	Checkout coreason-manifest	2026-05-19T19:31:34.5874845Z  * [new tag]           v0.36.1                 -> v0.36.1
test-ubuntu (3.14t)	Checkout coreason-manifest	2026-05-19T19:31:34.5875128Z  * [new tag]           v0.37.0                 -> v0.37.0
test-ubuntu (3.14t)	Checkout coreason-manifest	2026-05-19T19:31:34.5875400Z  * [new tag]           v0.37.1                 -> v0.37.1
test-ubuntu (3.14t)	Checkout coreason-manifest	2026-05-19T19:31:34.5875818Z  * [new tag]           v0.38.0                 -> v0.38.0
test-ubuntu (3.14t)	Checkout coreason-manifest	2026-05-19T19:31:34.5876095Z  * [new tag]           v0.39.0                 -> v0.39.0
test-ubuntu (3.14t)	Checkout coreason-manifest	2026-05-19T19:31:34.5876366Z  * [new tag]           v0.4.0                  -> v0.4.0
test-ubuntu (3.14t)	Checkout coreason-manifest	2026-05-19T19:31:34.5876642Z  * [new tag]           v0.40.0                 -> v0.40.0
test-ubuntu (3.14t)	Checkout coreason-manifest	2026-05-19T19:31:34.5876924Z  * [new tag]           v0.40.1                 -> v0.40.1
test-ubuntu (3.14t)	Checkout coreason-manifest	2026-05-19T19:31:34.5877196Z  * [new tag]           v0.40.2                 -> v0.40.2
test-ubuntu (3.14t)	Checkout coreason-manifest	2026-05-19T19:31:34.5877468Z  * [new tag]           v0.40.3                 -> v0.40.3
test-ubuntu (3.14t)	Checkout coreason-manifest	2026-05-19T19:31:34.5877743Z  * [new tag]           v0.40.4                 -> v0.40.4
test-ubuntu (3.14t)	Checkout coreason-manifest	2026-05-19T19:31:34.5878018Z  * [new tag]           v0.41.0                 -> v0.41.0
test-ubuntu (3.14t)	Checkout coreason-manifest	2026-05-19T19:31:34.5878335Z  * [new tag]           v0.42.0                 -> v0.42.0
test-ubuntu (3.14t)	Checkout coreason-manifest	2026-05-19T19:31:34.5878608Z  * [new tag]           v0.43.0                 -> v0.43.0
test-ubuntu (3.14t)	Checkout coreason-manifest	2026-05-19T19:31:34.5878884Z  * [new tag]           v0.44.0                 -> v0.44.0
test-ubuntu (3.14t)	Checkout coreason-manifest	2026-05-19T19:31:34.5879161Z  * [new tag]           v0.45.0                 -> v0.45.0
test-ubuntu (3.14t)	Checkout coreason-manifest	2026-05-19T19:31:34.5879436Z  * [new tag]           v0.46.0                 -> v0.46.0
test-ubuntu (3.14t)	Checkout coreason-manifest	2026-05-19T19:31:34.5879709Z  * [new tag]           v0.47.0                 -> v0.47.0
test-ubuntu (3.14t)	Checkout coreason-manifest	2026-05-19T19:31:34.5879978Z  * [new tag]           v0.48.0                 -> v0.48.0
test-ubuntu (3.14t)	Checkout coreason-manifest	2026-05-19T19:31:34.5880256Z  * [new tag]           v0.48.1                 -> v0.48.1
test-ubuntu (3.14t)	Checkout coreason-manifest	2026-05-19T19:31:34.5880530Z  * [new tag]           v0.48.2                 -> v0.48.2
test-ubuntu (3.14t)	Checkout coreason-manifest	2026-05-19T19:31:34.5880804Z  * [new tag]           v0.48.3                 -> v0.48.3
test-ubuntu (3.14t)	Checkout coreason-manifest	2026-05-19T19:31:34.5881073Z  * [new tag]           v0.49.0                 -> v0.49.0
test-ubuntu (3.14t)	Checkout coreason-manifest	2026-05-19T19:31:34.5881346Z  * [new tag]           v0.49.1                 -> v0.49.1
test-ubuntu (3.14t)	Checkout coreason-manifest	2026-05-19T19:31:34.5881635Z  * [new tag]           v0.49.10                -> v0.49.10
test-ubuntu (3.14t)	Checkout coreason-manifest	2026-05-19T19:31:34.5882054Z  * [new tag]           v0.49.11                -> v0.49.11
test-ubuntu (3.14t)	Checkout coreason-manifest	2026-05-19T19:31:34.5882326Z  * [new tag]           v0.49.12                -> v0.49.12
test-ubuntu (3.14t)	Checkout coreason-manifest	2026-05-19T19:31:34.5882611Z  * [new tag]           v0.49.13                -> v0.49.13
test-ubuntu (3.14t)	Checkout coreason-manifest	2026-05-19T19:31:34.5882891Z  * [new tag]           v0.49.14                -> v0.49.14
test-ubuntu (3.14t)	Checkout coreason-manifest	2026-05-19T19:31:34.5883169Z  * [new tag]           v0.49.15                -> v0.49.15
test-ubuntu (3.14t)	Checkout coreason-manifest	2026-05-19T19:31:34.5883640Z  * [new tag]           v0.49.16                -> v0.49.16
test-ubuntu (3.14t)	Checkout coreason-manifest	2026-05-19T19:31:34.5884085Z  * [new tag]           v0.49.17                -> v0.49.17
test-ubuntu (3.14t)	Checkout coreason-manifest	2026-05-19T19:31:34.5896031Z  * [new tag]           v0.49.18                -> v0.49.18
test-ubuntu (3.14t)	Checkout coreason-manifest	2026-05-19T19:31:34.5896471Z  * [new tag]           v0.49.19                -> v0.49.19
test-ubuntu (3.14t)	Checkout coreason-manifest	2026-05-19T19:31:34.5896804Z  * [new tag]           v0.49.2                 -> v0.49.2
test-ubuntu (3.14t)	Checkout coreason-manifest	2026-05-19T19:31:34.5897122Z  * [new tag]           v0.49.20                -> v0.49.20
test-ubuntu (3.14t)	Checkout coreason-manifest	2026-05-19T19:31:34.5897462Z  * [new tag]           v0.49.21                -> v0.49.21
test-ubuntu (3.14t)	Checkout coreason-manifest	2026-05-19T19:31:34.5897761Z  * [new tag]           v0.49.3                 -> v0.49.3
test-ubuntu (3.14t)	Checkout coreason-manifest	2026-05-19T19:31:34.5898062Z  * [new tag]           v0.49.4                 -> v0.49.4
test-ubuntu (3.14t)	Checkout coreason-manifest	2026-05-19T19:31:34.5898365Z  * [new tag]           v0.49.5                 -> v0.49.5
test-ubuntu (3.14t)	Checkout coreason-manifest	2026-05-19T19:31:34.5898648Z  * [new tag]           v0.49.6                 -> v0.49.6
test-ubuntu (3.14t)	Checkout coreason-manifest	2026-05-19T19:31:34.5898923Z  * [new tag]           v0.49.7                 -> v0.49.7
test-ubuntu (3.14t)	Checkout coreason-manifest	2026-05-19T19:31:34.5899201Z  * [new tag]           v0.49.8                 -> v0.49.8
test-ubuntu (3.14t)	Checkout coreason-manifest	2026-05-19T19:31:34.5899509Z  * [new tag]           v0.49.9-test1           -> v0.49.9-test1
test-ubuntu (3.14t)	Checkout coreason-manifest	2026-05-19T19:31:34.5899829Z  * [new tag]           v0.5.0                  -> v0.5.0
test-ubuntu (3.14t)	Checkout coreason-manifest	2026-05-19T19:31:34.5900113Z  * [new tag]           v0.5.1                  -> v0.5.1
test-ubuntu (3.14t)	Checkout coreason-manifest	2026-05-19T19:31:34.5900388Z  * [new tag]           v0.50.0                 -> v0.50.0
test-ubuntu (3.14t)	Checkout coreason-manifest	2026-05-19T19:31:34.5900669Z  * [new tag]           v0.50.1                 -> v0.50.1
test-ubuntu (3.14t)	Checkout coreason-manifest	2026-05-19T19:31:34.5900964Z  * [new tag]           v0.50.10                -> v0.50.10
test-ubuntu (3.14t)	Checkout coreason-manifest	2026-05-19T19:31:34.5901259Z  * [new tag]           v0.50.11                -> v0.50.11
test-ubuntu (3.14t)	Checkout coreason-manifest	2026-05-19T19:31:34.5901738Z  * [new tag]           v0.50.12                -> v0.50.12
test-ubuntu (3.14t)	Checkout coreason-manifest	2026-05-19T19:31:34.5902020Z  * [new tag]           v0.50.2                 -> v0.50.2
test-ubuntu (3.14t)	Checkout coreason-manifest	2026-05-19T19:31:34.5902298Z  * [new tag]           v0.50.3                 -> v0.50.3
test-ubuntu (3.14t)	Checkout coreason-manifest	2026-05-19T19:31:34.5902576Z  * [new tag]           v0.50.4                 -> v0.50.4
test-ubuntu (3.14t)	Checkout coreason-manifest	2026-05-19T19:31:34.5902846Z  * [new tag]           v0.50.5                 -> v0.50.5
test-ubuntu (3.14t)	Checkout coreason-manifest	2026-05-19T19:31:34.5903126Z  * [new tag]           v0.50.6                 -> v0.50.6
test-ubuntu (3.14t)	Checkout coreason-manifest	2026-05-19T19:31:34.5903403Z  * [new tag]           v0.50.7                 -> v0.50.7
test-ubuntu (3.14t)	Checkout coreason-manifest	2026-05-19T19:31:34.5903841Z  * [new tag]           v0.50.8                 -> v0.50.8
test-ubuntu (3.14t)	Checkout coreason-manifest	2026-05-19T19:31:34.5904119Z  * [new tag]           v0.50.9                 -> v0.50.9
test-ubuntu (3.14t)	Checkout coreason-manifest	2026-05-19T19:31:34.5904391Z  * [new tag]           v0.51.0                 -> v0.51.0
test-ubuntu (3.14t)	Checkout coreason-manifest	2026-05-19T19:31:34.5904676Z  * [new tag]           v0.51.1                 -> v0.51.1
test-ubuntu (3.14t)	Checkout coreason-manifest	2026-05-19T19:31:34.5904951Z  * [new tag]           v0.52.0                 -> v0.52.0
test-ubuntu (3.14t)	Checkout coreason-manifest	2026-05-19T19:31:34.5905237Z  * [new tag]           v0.52.1                 -> v0.52.1
test-ubuntu (3.14t)	Checkout coreason-manifest	2026-05-19T19:31:34.5905509Z  * [new tag]           v0.53.0                 -> v0.53.0
test-ubuntu (3.14t)	Checkout coreason-manifest	2026-05-19T19:31:34.5905796Z  * [new tag]           v0.54.0                 -> v0.54.0
test-ubuntu (3.14t)	Checkout coreason-manifest	2026-05-19T19:31:34.5906076Z  * [new tag]           v0.55.0                 -> v0.55.0
test-ubuntu (3.14t)	Checkout coreason-manifest	2026-05-19T19:31:34.5906354Z  * [new tag]           v0.55.1                 -> v0.55.1
test-ubuntu (3.14t)	Checkout coreason-manifest	2026-05-19T19:31:34.5906626Z  * [new tag]           v0.55.2                 -> v0.55.2
test-ubuntu (3.14t)	Checkout coreason-manifest	2026-05-19T19:31:34.5906907Z  * [new tag]           v0.55.3                 -> v0.55.3
test-ubuntu (3.14t)	Checkout coreason-manifest	2026-05-19T19:31:34.5907183Z  * [new tag]           v0.55.5                 -> v0.55.5
test-ubuntu (3.14t)	Checkout coreason-manifest	2026-05-19T19:31:34.5907461Z  * [new tag]           v0.56.0                 -> v0.56.0
test-ubuntu (3.14t)	Checkout coreason-manifest	2026-05-19T19:31:34.5907740Z  * [new tag]           v0.57.0                 -> v0.57.0
test-ubuntu (3.14t)	Checkout coreason-manifest	2026-05-19T19:31:34.5908171Z  * [new tag]           v0.58.0                 -> v0.58.0
test-ubuntu (3.14t)	Checkout coreason-manifest	2026-05-19T19:31:34.5908451Z  * [new tag]           v0.59.0                 -> v0.59.0
test-ubuntu (3.14t)	Checkout coreason-manifest	2026-05-19T19:31:34.5908734Z  * [new tag]           v0.6.0                  -> v0.6.0
test-ubuntu (3.14t)	Checkout coreason-manifest	2026-05-19T19:31:34.5909014Z  * [new tag]           v0.60.0                 -> v0.60.0
test-ubuntu (3.14t)	Checkout coreason-manifest	2026-05-19T19:31:34.5909296Z  * [new tag]           v0.60.1                 -> v0.60.1
test-ubuntu (3.14t)	Checkout coreason-manifest	2026-05-19T19:31:34.5909589Z  * [new tag]           v0.61.0                 -> v0.61.0
test-ubuntu (3.14t)	Checkout coreason-manifest	2026-05-19T19:31:34.5909875Z  * [new tag]           v0.61.1                 -> v0.61.1
test-ubuntu (3.14t)	Checkout coreason-manifest	2026-05-19T19:31:34.5910163Z  * [new tag]           v0.61.2                 -> v0.61.2
test-ubuntu (3.14t)	Checkout coreason-manifest	2026-05-19T19:31:34.5910458Z  * [new tag]           v0.61.3                 -> v0.61.3
test-ubuntu (3.14t)	Checkout coreason-manifest	2026-05-19T19:31:34.5910742Z  * [new tag]           v0.62.0                 -> v0.62.0
test-ubuntu (3.14t)	Checkout coreason-manifest	2026-05-19T19:31:34.5911028Z  * [new tag]           v0.62.1                 -> v0.62.1
test-ubuntu (3.14t)	Checkout coreason-manifest	2026-05-19T19:31:34.5911315Z  * [new tag]           v0.62.2                 -> v0.62.2
test-ubuntu (3.14t)	Checkout coreason-manifest	2026-05-19T19:31:34.5911596Z  * [new tag]           v0.63.0                 -> v0.63.0
test-ubuntu (3.14t)	Checkout coreason-manifest	2026-05-19T19:31:34.5911870Z  * [new tag]           v0.64.0                 -> v0.64.0
test-ubuntu (3.14t)	Checkout coreason-manifest	2026-05-19T19:31:34.5912154Z  * [new tag]           v0.65.0                 -> v0.65.0
test-ubuntu (3.14t)	Checkout coreason-manifest	2026-05-19T19:31:34.5912433Z  * [new tag]           v0.66.0                 -> v0.66.0
test-ubuntu (3.14t)	Checkout coreason-manifest	2026-05-19T19:31:34.5912711Z  * [new tag]           v0.67.0                 -> v0.67.0
test-ubuntu (3.14t)	Checkout coreason-manifest	2026-05-19T19:31:34.5912985Z  * [new tag]           v0.68.0                 -> v0.68.0
test-ubuntu (3.14t)	Checkout coreason-manifest	2026-05-19T19:31:34.5913268Z  * [new tag]           v0.68.1                 -> v0.68.1
test-ubuntu (3.14t)	Checkout coreason-manifest	2026-05-19T19:31:34.5913681Z  * [new tag]           v0.7.0                  -> v0.7.0
test-ubuntu (3.14t)	Checkout coreason-manifest	2026-05-19T19:31:34.5913966Z  * [new tag]           v0.70.0                 -> v0.70.0
test-ubuntu (3.14t)	Checkout coreason-manifest	2026-05-19T19:31:34.5914399Z  * [new tag]           v0.71.0                 -> v0.71.0
test-ubuntu (3.14t)	Checkout coreason-manifest	2026-05-19T19:31:34.5914683Z  * [new tag]           v0.72.0                 -> v0.72.0
test-ubuntu (3.14t)	Checkout coreason-manifest	2026-05-19T19:31:34.5914982Z  * [new tag]           v0.72.1                 -> v0.72.1
test-ubuntu (3.14t)	Checkout coreason-manifest	2026-05-19T19:31:34.5915263Z  * [new tag]           v0.73.0                 -> v0.73.0
test-ubuntu (3.14t)	Checkout coreason-manifest	2026-05-19T19:31:34.5915697Z  * [new tag]           v0.73.1                 -> v0.73.1
test-ubuntu (3.14t)	Checkout coreason-manifest	2026-05-19T19:31:34.5915969Z  * [new tag]           v0.74.0                 -> v0.74.0
test-ubuntu (3.14t)	Checkout coreason-manifest	2026-05-19T19:31:34.5916246Z  * [new tag]           v0.75.0                 -> v0.75.0
test-ubuntu (3.14t)	Checkout coreason-manifest	2026-05-19T19:31:34.5916520Z  * [new tag]           v0.76.0                 -> v0.76.0
test-ubuntu (3.14t)	Checkout coreason-manifest	2026-05-19T19:31:34.5916794Z  * [new tag]           v0.77.0                 -> v0.77.0
test-ubuntu (3.14t)	Checkout coreason-manifest	2026-05-19T19:31:34.5917063Z  * [new tag]           v0.78.0                 -> v0.78.0
test-ubuntu (3.14t)	Checkout coreason-manifest	2026-05-19T19:31:34.5917337Z  * [new tag]           v0.79.0                 -> v0.79.0
test-ubuntu (3.14t)	Checkout coreason-manifest	2026-05-19T19:31:34.5917618Z  * [new tag]           v0.8.0                  -> v0.8.0
test-ubuntu (3.14t)	Checkout coreason-manifest	2026-05-19T19:31:34.5917896Z  * [new tag]           v0.80.0                 -> v0.80.0
test-ubuntu (3.14t)	Checkout coreason-manifest	2026-05-19T19:31:34.5918171Z  * [new tag]           v0.81.0                 -> v0.81.0
test-ubuntu (3.14t)	Checkout coreason-manifest	2026-05-19T19:31:34.5918446Z  * [new tag]           v0.82.0                 -> v0.82.0
test-ubuntu (3.14t)	Checkout coreason-manifest	2026-05-19T19:31:34.5918720Z  * [new tag]           v0.82.1                 -> v0.82.1
test-ubuntu (3.14t)	Checkout coreason-manifest	2026-05-19T19:31:34.5919003Z  * [new tag]           v0.83.0                 -> v0.83.0
test-ubuntu (3.14t)	Checkout coreason-manifest	2026-05-19T19:31:34.5919284Z  * [new tag]           v0.83.1                 -> v0.83.1
test-ubuntu (3.14t)	Checkout coreason-manifest	2026-05-19T19:31:34.5919554Z  * [new tag]           v0.84.0                 -> v0.84.0
test-ubuntu (3.14t)	Checkout coreason-manifest	2026-05-19T19:31:34.5919835Z  * [new tag]           v0.84.1                 -> v0.84.1
test-ubuntu (3.14t)	Checkout coreason-manifest	2026-05-19T19:31:34.5920115Z  * [new tag]           v0.9.0                  -> v0.9.0
test-ubuntu (3.14t)	Checkout coreason-manifest	2026-05-19T19:31:34.6604452Z ##[endgroup]
test-ubuntu (3.14t)	Checkout coreason-manifest	2026-05-19T19:31:34.6605151Z ##[group]Determining the checkout info
test-ubuntu (3.14t)	Checkout coreason-manifest	2026-05-19T19:31:34.6612369Z [command]/usr/bin/git branch --list --remote origin/v0.84.1
test-ubuntu (3.14t)	Checkout coreason-manifest	2026-05-19T19:31:34.6659305Z [command]/usr/bin/git tag --list v0.84.1
test-ubuntu (3.14t)	Checkout coreason-manifest	2026-05-19T19:31:34.6693286Z v0.84.1
test-ubuntu (3.14t)	Checkout coreason-manifest	2026-05-19T19:31:34.6698942Z ##[endgroup]
test-ubuntu (3.14t)	Checkout coreason-manifest	2026-05-19T19:31:34.6704726Z [command]/usr/bin/git sparse-checkout disable
test-ubuntu (3.14t)	Checkout coreason-manifest	2026-05-19T19:31:34.6755846Z [command]/usr/bin/git config --local --unset-all extensions.worktreeConfig
test-ubuntu (3.14t)	Checkout coreason-manifest	2026-05-19T19:31:34.6795931Z ##[group]Checking out the ref
test-ubuntu (3.14t)	Checkout coreason-manifest	2026-05-19T19:31:34.6800227Z [command]/usr/bin/git checkout --progress --force refs/tags/v0.84.1
test-ubuntu (3.14t)	Checkout coreason-manifest	2026-05-19T19:31:34.7350968Z Note: switching to 'refs/tags/v0.84.1'.
test-ubuntu (3.14t)	Checkout coreason-manifest	2026-05-19T19:31:34.7351470Z 
test-ubuntu (3.14t)	Checkout coreason-manifest	2026-05-19T19:31:34.7351801Z You are in 'detached HEAD' state. You can look around, make experimental
test-ubuntu (3.14t)	Checkout coreason-manifest	2026-05-19T19:31:34.7352595Z changes and commit them, and you can discard any commits you make in this
test-ubuntu (3.14t)	Checkout coreason-manifest	2026-05-19T19:31:34.7353334Z state without impacting any branches by switching back to a branch.
test-ubuntu (3.14t)	Checkout coreason-manifest	2026-05-19T19:31:34.7354273Z 
test-ubuntu (3.14t)	Checkout coreason-manifest	2026-05-19T19:31:34.7354613Z If you want to create a new branch to retain commits you create, you may
test-ubuntu (3.14t)	Checkout coreason-manifest	2026-05-19T19:31:34.7355111Z do so (now or later) by using -c with the switch command. Example:
test-ubuntu (3.14t)	Checkout coreason-manifest	2026-05-19T19:31:34.7355359Z 
test-ubuntu (3.14t)	Checkout coreason-manifest	2026-05-19T19:31:34.7355472Z   git switch -c <new-branch-name>
test-ubuntu (3.14t)	Checkout coreason-manifest	2026-05-19T19:31:34.7355962Z 
test-ubuntu (3.14t)	Checkout coreason-manifest	2026-05-19T19:31:34.7356136Z Or undo this operation with:
test-ubuntu (3.14t)	Checkout coreason-manifest	2026-05-19T19:31:34.7356352Z 
test-ubuntu (3.14t)	Checkout coreason-manifest	2026-05-19T19:31:34.7356432Z   git switch -
test-ubuntu (3.14t)	Checkout coreason-manifest	2026-05-19T19:31:34.7356553Z 
test-ubuntu (3.14t)	Checkout coreason-manifest	2026-05-19T19:31:34.7356778Z Turn off this advice by setting config variable advice.detachedHead to false
test-ubuntu (3.14t)	Checkout coreason-manifest	2026-05-19T19:31:34.7357071Z 
test-ubuntu (3.14t)	Checkout coreason-manifest	2026-05-19T19:31:34.7357375Z HEAD is now at c459d349 Merge pull request #1770 from CoReason-AI/feature/devcontainer-setup
test-ubuntu (3.14t)	Checkout coreason-manifest	2026-05-19T19:31:34.7371922Z ##[endgroup]
test-ubuntu (3.14t)	Checkout coreason-manifest	2026-05-19T19:31:34.7421166Z [command]/usr/bin/git log -1 --format=%H
test-ubuntu (3.14t)	Checkout coreason-manifest	2026-05-19T19:31:34.7449807Z c459d34954b39dc36025a613a407da7b3a276ff6
test-ubuntu (3.14t)	Link coreason-manifest as sibling	∩╗┐2026-05-19T19:31:34.7572963Z ##[group]Run python -c "import os, shutil; src=os.path.abspath('coreason-manifest'); dst=os.path.abspath('../coreason-manifest'); (os.remove(dst) if os.path.islink(dst) else (shutil.rmtree(dst) if os.path.isdir(dst) else os.remove(dst))) if (os.path.exists(dst) or os.path.islink(dst)) else None; os.symlink(src, dst, target_is_directory=True)"
test-ubuntu (3.14t)	Link coreason-manifest as sibling	2026-05-19T19:31:34.7575441Z [36;1mpython -c "import os, shutil; src=os.path.abspath('coreason-manifest'); dst=os.path.abspath('../coreason-manifest'); (os.remove(dst) if os.path.islink(dst) else (shutil.rmtree(dst) if os.path.isdir(dst) else os.remove(dst))) if (os.path.exists(dst) or os.path.islink(dst)) else None; os.symlink(src, dst, target_is_directory=True)"[0m
test-ubuntu (3.14t)	Link coreason-manifest as sibling	2026-05-19T19:31:34.7611045Z shell: /usr/bin/bash --noprofile --norc -e -o pipefail {0}
test-ubuntu (3.14t)	Link coreason-manifest as sibling	2026-05-19T19:31:34.7611377Z env:
test-ubuntu (3.14t)	Link coreason-manifest as sibling	2026-05-19T19:31:34.7611572Z   FORCE_JAVASCRIPT_ACTIONS_TO_NODE24: true
test-ubuntu (3.14t)	Link coreason-manifest as sibling	2026-05-19T19:31:34.7611890Z   TEMPORAL_CI_NAMESPACE: coreason-ci-26120302019-1
test-ubuntu (3.14t)	Link coreason-manifest as sibling	2026-05-19T19:31:34.7612193Z   ORJSON_BUILD_FREETHREADED: 1
test-ubuntu (3.14t)	Link coreason-manifest as sibling	2026-05-19T19:31:34.7612457Z   MANIFEST_VERSION: v0.84.1
test-ubuntu (3.14t)	Link coreason-manifest as sibling	2026-05-19T19:31:34.7612674Z ##[endgroup]
test-ubuntu (3.14t)	Install uv	∩╗┐2026-05-19T19:31:34.7977032Z ##[group]Run astral-sh/setup-uv@08807647e7069bb48b6ef5acd8ec9567f424441b
test-ubuntu (3.14t)	Install uv	2026-05-19T19:31:34.7977425Z with:
test-ubuntu (3.14t)	Install uv	2026-05-19T19:31:34.7977603Z   enable-cache: true
test-ubuntu (3.14t)	Install uv	2026-05-19T19:31:34.7977803Z   python-version: 3.14t
test-ubuntu (3.14t)	Install uv	2026-05-19T19:31:34.7978022Z   activate-environment: false
test-ubuntu (3.14t)	Install uv	2026-05-19T19:31:34.7978248Z   no-project: false
test-ubuntu (3.14t)	Install uv	2026-05-19T19:31:34.7978571Z   working-directory: /home/runner/work/coreason-ecosystem/coreason-ecosystem
test-ubuntu (3.14t)	Install uv	2026-05-19T19:31:34.7979107Z   github-token: ***
test-ubuntu (3.14t)	Install uv	2026-05-19T19:31:34.7979643Z   cache-dependency-glob: **/*requirements*.txt
test-ubuntu (3.14t)	Install uv	**/*requirements*.in
test-ubuntu (3.14t)	Install uv	**/*constraints*.txt
test-ubuntu (3.14t)	Install uv	**/*constraints*.in
test-ubuntu (3.14t)	Install uv	**/pyproject.toml
test-ubuntu (3.14t)	Install uv	**/uv.lock
test-ubuntu (3.14t)	Install uv	**/*.py.lock
test-ubuntu (3.14t)	Install uv	
test-ubuntu (3.14t)	Install uv	2026-05-19T19:31:34.7980233Z   restore-cache: true
test-ubuntu (3.14t)	Install uv	2026-05-19T19:31:34.7980428Z   save-cache: true
test-ubuntu (3.14t)	Install uv	2026-05-19T19:31:34.7980606Z   prune-cache: true
test-ubuntu (3.14t)	Install uv	2026-05-19T19:31:34.7980790Z   cache-python: false
test-ubuntu (3.14t)	Install uv	2026-05-19T19:31:34.7980996Z   ignore-nothing-to-cache: false
test-ubuntu (3.14t)	Install uv	2026-05-19T19:31:34.7981231Z   ignore-empty-workdir: false
test-ubuntu (3.14t)	Install uv	2026-05-19T19:31:34.7981462Z   add-problem-matchers: true
test-ubuntu (3.14t)	Install uv	2026-05-19T19:31:34.7981714Z   resolution-strategy: highest
test-ubuntu (3.14t)	Install uv	2026-05-19T19:31:34.7981924Z env:
test-ubuntu (3.14t)	Install uv	2026-05-19T19:31:34.7982109Z   FORCE_JAVASCRIPT_ACTIONS_TO_NODE24: true
test-ubuntu (3.14t)	Install uv	2026-05-19T19:31:34.7982402Z   TEMPORAL_CI_NAMESPACE: coreason-ci-26120302019-1
test-ubuntu (3.14t)	Install uv	2026-05-19T19:31:34.7982691Z   ORJSON_BUILD_FREETHREADED: 1
test-ubuntu (3.14t)	Install uv	2026-05-19T19:31:34.7982908Z   MANIFEST_VERSION: v0.84.1
test-ubuntu (3.14t)	Install uv	2026-05-19T19:31:34.7983113Z ##[endgroup]
test-ubuntu (3.14t)	Install uv	2026-05-19T19:31:34.9715787Z Trying to find version for uv in: /home/runner/work/coreason-ecosystem/coreason-ecosystem/uv.toml
test-ubuntu (3.14t)	Install uv	2026-05-19T19:31:34.9716909Z Could not find file: /home/runner/work/coreason-ecosystem/coreason-ecosystem/uv.toml
test-ubuntu (3.14t)	Install uv	2026-05-19T19:31:34.9717966Z Trying to find version for uv in: /home/runner/work/coreason-ecosystem/coreason-ecosystem/pyproject.toml
test-ubuntu (3.14t)	Install uv	2026-05-19T19:31:34.9728414Z Could not determine uv version from uv.toml or pyproject.toml. Falling back to latest.
test-ubuntu (3.14t)	Install uv	2026-05-19T19:31:34.9732447Z Fetching manifest data from https://raw.githubusercontent.com/astral-sh/versions/main/v1/uv.ndjson ...
test-ubuntu (3.14t)	Install uv	2026-05-19T19:31:35.0541220Z Downloading uv from "https://releases.astral.sh/github/uv/releases/download/0.11.15/uv-x86_64-unknown-linux-gnu.tar.gz" ...
test-ubuntu (3.14t)	Install uv	2026-05-19T19:31:35.2677133Z [command]/usr/bin/tar xz --warning=no-unknown-keyword --overwrite -C /home/runner/work/_temp/00f93539-1553-4533-ae19-4c66dcc81e7a -f /home/runner/work/_temp/e0d1027a-39ee-4b14-8a52-3baac6d36938
test-ubuntu (3.14t)	Install uv	2026-05-19T19:31:35.7281737Z Added /home/runner/.local/bin to the path
test-ubuntu (3.14t)	Install uv	2026-05-19T19:31:35.7286082Z Added /opt/hostedtoolcache/uv/0.11.15/x86_64 to the path
test-ubuntu (3.14t)	Install uv	2026-05-19T19:31:35.7287854Z Set UV_PYTHON_INSTALL_DIR to /home/runner/work/_temp/uv-python-dir
test-ubuntu (3.14t)	Install uv	2026-05-19T19:31:35.7288558Z Added /home/runner/work/_temp/uv-python-dir to the path
test-ubuntu (3.14t)	Install uv	2026-05-19T19:31:35.7289272Z Set UV_PYTHON to 3.14t
test-ubuntu (3.14t)	Install uv	2026-05-19T19:31:35.7309564Z Set UV_CACHE_DIR to /home/runner/work/_temp/setup-uv-cache
test-ubuntu (3.14t)	Install uv	2026-05-19T19:31:35.7310152Z Successfully installed uv version 0.11.15
test-ubuntu (3.14t)	Install uv	2026-05-19T19:31:35.7312558Z Searching files using cache dependency glob: /home/runner/work/coreason-ecosystem/coreason-ecosystem/**/*requirements*.txt,/home/runner/work/coreason-ecosystem/coreason-ecosystem/**/*requirements*.in,/home/runner/work/coreason-ecosystem/coreason-ecosystem/**/*constraints*.txt,/home/runner/work/coreason-ecosystem/coreason-ecosystem/**/*constraints*.in,/home/runner/work/coreason-ecosystem/coreason-ecosystem/**/pyproject.toml,/home/runner/work/coreason-ecosystem/coreason-ecosystem/**/uv.lock,/home/runner/work/coreason-ecosystem/coreason-ecosystem/**/*.py.lock
test-ubuntu (3.14t)	Install uv	2026-05-19T19:31:35.8129878Z /home/runner/work/coreason-ecosystem/coreason-ecosystem/coreason-manifest/pyproject.toml
test-ubuntu (3.14t)	Install uv	2026-05-19T19:31:35.8242125Z /home/runner/work/coreason-ecosystem/coreason-ecosystem/coreason-manifest/uv.lock
test-ubuntu (3.14t)	Install uv	2026-05-19T19:31:35.8485044Z /home/runner/work/coreason-ecosystem/coreason-ecosystem/pyproject.toml
test-ubuntu (3.14t)	Install uv	2026-05-19T19:31:35.8653266Z /home/runner/work/coreason-ecosystem/coreason-ecosystem/uv.lock
test-ubuntu (3.14t)	Install uv	2026-05-19T19:31:35.8671408Z Found 4 files to hash.
test-ubuntu (3.14t)	Install uv	2026-05-19T19:31:35.8751056Z Trying to restore cache from GitHub Actions cache with key: setup-uv-2-x86_64-unknown-linux-gnu-ubuntu-24.04-3.14t-pruned-102ddb1183d74f1d9c53f9373996e3fe0c7009f59974224786176253564c5f6e
test-ubuntu (3.14t)	Install uv	2026-05-19T19:31:36.0313003Z Cache hit for: setup-uv-2-x86_64-unknown-linux-gnu-ubuntu-24.04-3.14t-pruned-102ddb1183d74f1d9c53f9373996e3fe0c7009f59974224786176253564c5f6e
test-ubuntu (3.14t)	Install uv	2026-05-19T19:31:36.3261760Z Received 30120106 of 30120106 (100.0%), 117.7 MBs/sec
test-ubuntu (3.14t)	Install uv	2026-05-19T19:31:36.3262478Z Cache Size: ~29 MB (30120106 B)
test-ubuntu (3.14t)	Install uv	2026-05-19T19:31:36.3296228Z [command]/usr/bin/tar -xf /home/runner/work/_temp/87b05046-0137-4ff2-9325-2c64d7e6b1a6/cache.tzst -P -C /home/runner/work/coreason-ecosystem/coreason-ecosystem --use-compress-program unzstd
test-ubuntu (3.14t)	Install uv	2026-05-19T19:31:36.3933810Z Cache restored successfully
test-ubuntu (3.14t)	Install uv	2026-05-19T19:31:36.3951638Z cache restored from GitHub Actions cache with key: setup-uv-2-x86_64-unknown-linux-gnu-ubuntu-24.04-3.14t-pruned-102ddb1183d74f1d9c53f9373996e3fe0c7009f59974224786176253564c5f6e
test-ubuntu (3.14t)	Configure free-threading execution	∩╗┐2026-05-19T19:31:36.4602006Z ##[group]Run echo "PYTHON_GIL=1" >> "$GITHUB_ENV"
test-ubuntu (3.14t)	Configure free-threading execution	2026-05-19T19:31:36.4602397Z [36;1mecho "PYTHON_GIL=1" >> "$GITHUB_ENV"[0m
test-ubuntu (3.14t)	Configure free-threading execution	2026-05-19T19:31:36.4639359Z shell: /usr/bin/bash --noprofile --norc -e -o pipefail {0}
test-ubuntu (3.14t)	Configure free-threading execution	2026-05-19T19:31:36.4639700Z env:
test-ubuntu (3.14t)	Configure free-threading execution	2026-05-19T19:31:36.4639904Z   FORCE_JAVASCRIPT_ACTIONS_TO_NODE24: true
test-ubuntu (3.14t)	Configure free-threading execution	2026-05-19T19:31:36.4640229Z   TEMPORAL_CI_NAMESPACE: coreason-ci-26120302019-1
test-ubuntu (3.14t)	Configure free-threading execution	2026-05-19T19:31:36.4640536Z   ORJSON_BUILD_FREETHREADED: 1
test-ubuntu (3.14t)	Configure free-threading execution	2026-05-19T19:31:36.4640788Z   MANIFEST_VERSION: v0.84.1
test-ubuntu (3.14t)	Configure free-threading execution	2026-05-19T19:31:36.4641088Z   UV_PYTHON_INSTALL_DIR: /home/runner/work/_temp/uv-python-dir
test-ubuntu (3.14t)	Configure free-threading execution	2026-05-19T19:31:36.4641411Z   UV_PYTHON: 3.14t
test-ubuntu (3.14t)	Configure free-threading execution	2026-05-19T19:31:36.4641664Z   UV_CACHE_DIR: /home/runner/work/_temp/setup-uv-cache
test-ubuntu (3.14t)	Configure free-threading execution	2026-05-19T19:31:36.4641949Z ##[endgroup]
test-ubuntu (3.14t)	Login to GitHub Container Registry	∩╗┐2026-05-19T19:31:36.4746170Z ##[group]Run docker/login-action@9780b0c442fbb1117ed29e0efdff1e18412f7567
test-ubuntu (3.14t)	Login to GitHub Container Registry	2026-05-19T19:31:36.4746587Z with:
test-ubuntu (3.14t)	Login to GitHub Container Registry	2026-05-19T19:31:36.4746767Z   registry: ghcr.io
test-ubuntu (3.14t)	Login to GitHub Container Registry	2026-05-19T19:31:36.4746979Z   username: gowthamrao
test-ubuntu (3.14t)	Login to GitHub Container Registry	2026-05-19T19:31:36.4747364Z   password: ***
test-ubuntu (3.14t)	Login to GitHub Container Registry	2026-05-19T19:31:36.4747561Z   ecr: auto
test-ubuntu (3.14t)	Login to GitHub Container Registry	2026-05-19T19:31:36.4747733Z   logout: true
test-ubuntu (3.14t)	Login to GitHub Container Registry	2026-05-19T19:31:36.4747907Z env:
test-ubuntu (3.14t)	Login to GitHub Container Registry	2026-05-19T19:31:36.4748100Z   FORCE_JAVASCRIPT_ACTIONS_TO_NODE24: true
test-ubuntu (3.14t)	Login to GitHub Container Registry	2026-05-19T19:31:36.4748411Z   TEMPORAL_CI_NAMESPACE: coreason-ci-26120302019-1
test-ubuntu (3.14t)	Login to GitHub Container Registry	2026-05-19T19:31:36.4748708Z   ORJSON_BUILD_FREETHREADED: 1
test-ubuntu (3.14t)	Login to GitHub Container Registry	2026-05-19T19:31:36.4748936Z   MANIFEST_VERSION: v0.84.1
test-ubuntu (3.14t)	Login to GitHub Container Registry	2026-05-19T19:31:36.4749246Z   UV_PYTHON_INSTALL_DIR: /home/runner/work/_temp/uv-python-dir
test-ubuntu (3.14t)	Login to GitHub Container Registry	2026-05-19T19:31:36.4749558Z   UV_PYTHON: 3.14t
test-ubuntu (3.14t)	Login to GitHub Container Registry	2026-05-19T19:31:36.4749801Z   UV_CACHE_DIR: /home/runner/work/_temp/setup-uv-cache
test-ubuntu (3.14t)	Login to GitHub Container Registry	2026-05-19T19:31:36.4750084Z   PYTHON_GIL: 1
test-ubuntu (3.14t)	Login to GitHub Container Registry	2026-05-19T19:31:36.4750263Z ##[endgroup]
test-ubuntu (3.14t)	Login to GitHub Container Registry	2026-05-19T19:31:36.7711169Z Logging into ghcr.io...
test-ubuntu (3.14t)	Login to GitHub Container Registry	2026-05-19T19:31:36.7737014Z (node:2909) [DEP0040] DeprecationWarning: The `punycode` module is deprecated. Please use a userland alternative instead.
test-ubuntu (3.14t)	Login to GitHub Container Registry	2026-05-19T19:31:36.7738553Z (Use `node --trace-deprecation ...` to show where the warning was created)
test-ubuntu (3.14t)	Login to GitHub Container Registry	2026-05-19T19:31:37.0495091Z Login Succeeded!
test-ubuntu (3.14t)	Set up Docker Compose	∩╗┐2026-05-19T19:31:37.0621446Z ##[group]Run for i in 1 2 3 4 5; do
test-ubuntu (3.14t)	Set up Docker Compose	2026-05-19T19:31:37.0621946Z [36;1mfor i in 1 2 3 4 5; do[0m
test-ubuntu (3.14t)	Set up Docker Compose	2026-05-19T19:31:37.0683144Z [36;1m  docker compose -f infrastructure/local/compose.yaml pull && break || sleep 15[0m
test-ubuntu (3.14t)	Set up Docker Compose	2026-05-19T19:31:37.0683903Z [36;1mdone[0m
test-ubuntu (3.14t)	Set up Docker Compose	2026-05-19T19:31:37.0684422Z [36;1mdocker compose -f infrastructure/local/compose.yaml up -d --build[0m
test-ubuntu (3.14t)	Set up Docker Compose	2026-05-19T19:31:37.0722075Z shell: /usr/bin/bash --noprofile --norc -e -o pipefail {0}
test-ubuntu (3.14t)	Set up Docker Compose	2026-05-19T19:31:37.0722396Z env:
test-ubuntu (3.14t)	Set up Docker Compose	2026-05-19T19:31:37.0722648Z   FORCE_JAVASCRIPT_ACTIONS_TO_NODE24: true
test-ubuntu (3.14t)	Set up Docker Compose	2026-05-19T19:31:37.0723110Z   TEMPORAL_CI_NAMESPACE: coreason-ci-26120302019-1
test-ubuntu (3.14t)	Set up Docker Compose	2026-05-19T19:31:37.0723410Z   ORJSON_BUILD_FREETHREADED: 1
test-ubuntu (3.14t)	Set up Docker Compose	2026-05-19T19:31:37.0723774Z   MANIFEST_VERSION: v0.84.1
test-ubuntu (3.14t)	Set up Docker Compose	2026-05-19T19:31:37.0724069Z   UV_PYTHON_INSTALL_DIR: /home/runner/work/_temp/uv-python-dir
test-ubuntu (3.14t)	Set up Docker Compose	2026-05-19T19:31:37.0724386Z   UV_PYTHON: 3.14t
test-ubuntu (3.14t)	Set up Docker Compose	2026-05-19T19:31:37.0724626Z   UV_CACHE_DIR: /home/runner/work/_temp/setup-uv-cache
test-ubuntu (3.14t)	Set up Docker Compose	2026-05-19T19:31:37.0724902Z   PYTHON_GIL: 1
test-ubuntu (3.14t)	Set up Docker Compose	2026-05-19T19:31:37.0725127Z ##[endgroup]
test-ubuntu (3.14t)	Set up Docker Compose	2026-05-19T19:31:39.5848135Z time="2026-05-19T19:31:39Z" level=warning msg="The \"EPISTEMIC_MERKLE_ROOT\" variable is not set. Defaulting to a blank string."
test-ubuntu (3.14t)	Set up Docker Compose	2026-05-19T19:31:39.5849032Z time="2026-05-19T19:31:39Z" level=warning msg="The \"EPISTEMIC_MERKLE_ROOT\" variable is not set. Defaulting to a blank string."
test-ubuntu (3.14t)	Set up Docker Compose	2026-05-19T19:31:39.5854466Z time="2026-05-19T19:31:39Z" level=warning msg="The \"COREASON_TREASURY_CONTRACT\" variable is not set. Defaulting to a blank string."
test-ubuntu (3.14t)	Set up Docker Compose	2026-05-19T19:31:39.5938238Z time="2026-05-19T19:31:39Z" level=warning msg="/home/runner/work/coreason-ecosystem/coreason-ecosystem/infrastructure/local/compose.yaml: the attribute `version` is obsolete, it will be ignored, please remove it to avoid potential confusion"
test-ubuntu (3.14t)	Set up Docker Compose	2026-05-19T19:31:39.6221125Z  coreason-runtime Skipped - Image is already being pulled by coreason-worker 
test-ubuntu (3.14t)	Set up Docker Compose	2026-05-19T19:31:39.6269579Z  temporal Pulling 
test-ubuntu (3.14t)	Set up Docker Compose	2026-05-19T19:31:39.6270153Z  envoy Pulling 
test-ubuntu (3.14t)	Set up Docker Compose	2026-05-19T19:31:39.6271707Z  prometheus Pulling 
test-ubuntu (3.14t)	Set up Docker Compose	2026-05-19T19:31:39.6272836Z  otel-collector Pulling 
test-ubuntu (3.14t)	Set up Docker Compose	2026-05-19T19:31:39.6280774Z  coreason-worker Pulling 
test-ubuntu (3.14t)	Set up Docker Compose	2026-05-19T19:31:39.6292143Z  neo4j Pulling 
test-ubuntu (3.14t)	Set up Docker Compose	2026-05-19T19:31:39.6292587Z  postgres Pulling 
test-ubuntu (3.14t)	Set up Docker Compose	2026-05-19T19:31:39.6292973Z  coreason-master-gateway Pulling 
test-ubuntu (3.14t)	Set up Docker Compose	2026-05-19T19:31:39.6293394Z  dex Pulling 
test-ubuntu (3.14t)	Set up Docker Compose	2026-05-19T19:31:39.6294577Z  redpanda-connect Pulling 
test-ubuntu (3.14t)	Set up Docker Compose	2026-05-19T19:31:39.6295331Z  milvus Pulling 
test-ubuntu (3.14t)	Set up Docker Compose	2026-05-19T19:31:39.6295673Z  vault Pulling 
test-ubuntu (3.14t)	Set up Docker Compose	2026-05-19T19:31:39.6296000Z  grafana Pulling 
test-ubuntu (3.14t)	Set up Docker Compose	2026-05-19T19:31:39.9226692Z  2acf9a40b14f Pulling fs layer 
test-ubuntu (3.14t)	Set up Docker Compose	2026-05-19T19:31:39.9227426Z  27baa147e9fa Pulling fs layer 
test-ubuntu (3.14t)	Set up Docker Compose	2026-05-19T19:31:39.9232895Z  ac03b73ed425 Pulling fs layer 
test-ubuntu (3.14t)	Set up Docker Compose	2026-05-19T19:31:39.9235229Z  f591ea4658bd Pulling fs layer 
test-ubuntu (3.14t)	Set up Docker Compose	2026-05-19T19:31:39.9236349Z  e7f02ac1f456 Pulling fs layer 
test-ubuntu (3.14t)	Set up Docker Compose	2026-05-19T19:31:39.9243312Z  612087d42eba Pulling fs layer 
test-ubuntu (3.14t)	Set up Docker Compose	2026-05-19T19:31:39.9244192Z  2d001a504b81 Pulling fs layer 
test-ubuntu (3.14t)	Set up Docker Compose	2026-05-19T19:31:39.9244620Z  bd1a7d2e0737 Pulling fs layer 
test-ubuntu (3.14t)	Set up Docker Compose	2026-05-19T19:31:39.9245273Z  69294359b56a Pulling fs layer 
test-ubuntu (3.14t)	Set up Docker Compose	2026-05-19T19:31:39.9246661Z  df0231abac1e Pulling fs layer 
test-ubuntu (3.14t)	Set up Docker Compose	2026-05-19T19:31:39.9247874Z  f591ea4658bd Waiting 
test-ubuntu (3.14t)	Set up Docker Compose	2026-05-19T19:31:39.9248241Z  e7f02ac1f456 Waiting 
test-ubuntu (3.14t)	Set up Docker Compose	2026-05-19T19:31:39.9249263Z  612087d42eba Waiting 
test-ubuntu (3.14t)	Set up Docker Compose	2026-05-19T19:31:39.9249679Z  2d001a504b81 Waiting 
test-ubuntu (3.14t)	Set up Docker Compose	2026-05-19T19:31:39.9250260Z  69294359b56a Waiting 
test-ubuntu (3.14t)	Set up Docker Compose	2026-05-19T19:31:39.9251526Z  bd1a7d2e0737 Waiting 
test-ubuntu (3.14t)	Set up Docker Compose	2026-05-19T19:31:39.9251919Z  df0231abac1e Waiting 
test-ubuntu (3.14t)	Set up Docker Compose	2026-05-19T19:31:39.9252287Z  57fb71246055 Pulling fs layer 
test-ubuntu (3.14t)	Set up Docker Compose	2026-05-19T19:31:39.9252702Z  69f581787942 Pulling fs layer 
test-ubuntu (3.14t)	Set up Docker Compose	2026-05-19T19:31:39.9253380Z  631be4105227 Pulling fs layer 
test-ubuntu (3.14t)	Set up Docker Compose	2026-05-19T19:31:39.9254365Z  3b8271951027 Pulling fs layer 
test-ubuntu (3.14t)	Set up Docker Compose	2026-05-19T19:31:39.9254821Z  06803ccce673 Pulling fs layer 
test-ubuntu (3.14t)	Set up Docker Compose	2026-05-19T19:31:39.9261440Z  f7580f6b7618 Pulling fs layer 
test-ubuntu (3.14t)	Set up Docker Compose	2026-05-19T19:31:39.9262445Z  3ab90894f5f5 Pulling fs layer 
test-ubuntu (3.14t)	Set up Docker Compose	2026-05-19T19:31:39.9263364Z  75616aa22dfd Pulling fs layer 
test-ubuntu (3.14t)	Set up Docker Compose	2026-05-19T19:31:39.9264017Z  3b8271951027 Waiting 
test-ubuntu (3.14t)	Set up Docker Compose	2026-05-19T19:31:39.9264843Z  06803ccce673 Waiting 
test-ubuntu (3.14t)	Set up Docker Compose	2026-05-19T19:31:39.9265254Z  57fb71246055 Waiting 
test-ubuntu (3.14t)	Set up Docker Compose	2026-05-19T19:31:39.9265640Z  b5c5a3ac416f Pulling fs layer 
test-ubuntu (3.14t)	Set up Docker Compose	2026-05-19T19:31:39.9265947Z  f7580f6b7618 Waiting 
test-ubuntu (3.14t)	Set up Docker Compose	2026-05-19T19:31:39.9266150Z  3ab90894f5f5 Waiting 
test-ubuntu (3.14t)	Set up Docker Compose	2026-05-19T19:31:39.9266592Z  75616aa22dfd Waiting 
test-ubuntu (3.14t)	Set up Docker Compose	2026-05-19T19:31:39.9267294Z  b5c5a3ac416f Waiting 
test-ubuntu (3.14t)	Set up Docker Compose	2026-05-19T19:31:39.9267620Z  69f581787942 Waiting 
test-ubuntu (3.14t)	Set up Docker Compose	2026-05-19T19:31:39.9267919Z  631be4105227 Waiting 
test-ubuntu (3.14t)	Set up Docker Compose	2026-05-19T19:31:39.9279604Z  57fb71246055 Pulling fs layer 
test-ubuntu (3.14t)	Set up Docker Compose	2026-05-19T19:31:39.9280474Z  afff1a729121 Pulling fs layer 
test-ubuntu (3.14t)	Set up Docker Compose	2026-05-19T19:31:39.9281625Z  de11576bde87 Pulling fs layer 
test-ubuntu (3.14t)	Set up Docker Compose	2026-05-19T19:31:39.9282323Z  a7ee000e310e Pulling fs layer 
test-ubuntu (3.14t)	Set up Docker Compose	2026-05-19T19:31:39.9284703Z  7a97a7bd35bb Pulling fs layer 
test-ubuntu (3.14t)	Set up Docker Compose	2026-05-19T19:31:39.9285548Z  33948d124eb7 Pulling fs layer 
test-ubuntu (3.14t)	Set up Docker Compose	2026-05-19T19:31:39.9286021Z  c2c802328ad4 Pulling fs layer 
test-ubuntu (3.14t)	Set up Docker Compose	2026-05-19T19:31:39.9286656Z  afff1a729121 Waiting 
test-ubuntu (3.14t)	Set up Docker Compose	2026-05-19T19:31:39.9287062Z  18066de916e4 Pulling fs layer 
test-ubuntu (3.14t)	Set up Docker Compose	2026-05-19T19:31:39.9287895Z  de11576bde87 Waiting 
test-ubuntu (3.14t)	Set up Docker Compose	2026-05-19T19:31:39.9288288Z  b0f4f1626421 Pulling fs layer 
test-ubuntu (3.14t)	Set up Docker Compose	2026-05-19T19:31:39.9288825Z  a7ee000e310e Waiting 
test-ubuntu (3.14t)	Set up Docker Compose	2026-05-19T19:31:39.9289039Z  7a97a7bd35bb Waiting 
test-ubuntu (3.14t)	Set up Docker Compose	2026-05-19T19:31:39.9289307Z  33948d124eb7 Waiting 
test-ubuntu (3.14t)	Set up Docker Compose	2026-05-19T19:31:39.9289673Z  5775e5d393e8 Pulling fs layer 
test-ubuntu (3.14t)	Set up Docker Compose	2026-05-19T19:31:39.9290092Z  c2c802328ad4 Waiting 
test-ubuntu (3.14t)	Set up Docker Compose	2026-05-19T19:31:39.9290429Z  57fb71246055 Waiting 
test-ubuntu (3.14t)	Set up Docker Compose	2026-05-19T19:31:39.9290726Z  e0de67612b9a Pulling fs layer 
test-ubuntu (3.14t)	Set up Docker Compose	2026-05-19T19:31:39.9290960Z  e8463a0bbc2e Pulling fs layer 
test-ubuntu (3.14t)	Set up Docker Compose	2026-05-19T19:31:39.9291260Z  394171cb0e6f Pulling fs layer 
test-ubuntu (3.14t)	Set up Docker Compose	2026-05-19T19:31:39.9291582Z  18066de916e4 Waiting 
test-ubuntu (3.14t)	Set up Docker Compose	2026-05-19T19:31:39.9291788Z  d1632e5aec61 Pulling fs layer 
test-ubuntu (3.14t)	Set up Docker Compose	2026-05-19T19:31:39.9291998Z  b0f4f1626421 Waiting 
test-ubuntu (3.14t)	Set up Docker Compose	2026-05-19T19:31:39.9292185Z  5775e5d393e8 Waiting 
test-ubuntu (3.14t)	Set up Docker Compose	2026-05-19T19:31:39.9292372Z  e0de67612b9a Waiting 
test-ubuntu (3.14t)	Set up Docker Compose	2026-05-19T19:31:39.9292551Z  394171cb0e6f Waiting 
test-ubuntu (3.14t)	Set up Docker Compose	2026-05-19T19:31:39.9292733Z  e8463a0bbc2e Waiting 
test-ubuntu (3.14t)	Set up Docker Compose	2026-05-19T19:31:39.9292921Z  d1632e5aec61 Waiting 
test-ubuntu (3.14t)	Set up Docker Compose	2026-05-19T19:31:39.9309153Z  661ff4d9561e Pulling fs layer 
test-ubuntu (3.14t)	Set up Docker Compose	2026-05-19T19:31:39.9311601Z  77265a0c00dc Pulling fs layer 
test-ubuntu (3.14t)	Set up Docker Compose	2026-05-19T19:31:39.9312043Z  b4635ee9510c Pulling fs layer 
test-ubuntu (3.14t)	Set up Docker Compose	2026-05-19T19:31:39.9314476Z  d8148ed4c132 Pulling fs layer 
test-ubuntu (3.14t)	Set up Docker Compose	2026-05-19T19:31:39.9316441Z  9d5d726ba80c Pulling fs layer 
test-ubuntu (3.14t)	Set up Docker Compose	2026-05-19T19:31:39.9316936Z  b47a890975df Pulling fs layer 
test-ubuntu (3.14t)	Set up Docker Compose	2026-05-19T19:31:39.9321609Z  661ff4d9561e Waiting 
test-ubuntu (3.14t)	Set up Docker Compose	2026-05-19T19:31:39.9324147Z  250787e53948 Pulling fs layer 
test-ubuntu (3.14t)	Set up Docker Compose	2026-05-19T19:31:39.9324619Z  36e66ef758c3 Pulling fs layer 
test-ubuntu (3.14t)	Set up Docker Compose	2026-05-19T19:31:39.9325744Z  56994fce3c1a Pulling fs layer 
test-ubuntu (3.14t)	Set up Docker Compose	2026-05-19T19:31:39.9327242Z  77265a0c00dc Waiting 
test-ubuntu (3.14t)	Set up Docker Compose	2026-05-19T19:31:39.9328243Z  1f1735923178 Pulling fs layer 
test-ubuntu (3.14t)	Set up Docker Compose	2026-05-19T19:31:39.9329585Z  b4635ee9510c Waiting 
test-ubuntu (3.14t)	Set up Docker Compose	2026-05-19T19:31:39.9330004Z  d8148ed4c132 Waiting 
test-ubuntu (3.14t)	Set up Docker Compose	2026-05-19T19:31:39.9330368Z  9d5d726ba80c Waiting 
test-ubuntu (3.14t)	Set up Docker Compose	2026-05-19T19:31:39.9331090Z  b47a890975df Waiting 
test-ubuntu (3.14t)	Set up Docker Compose	2026-05-19T19:31:39.9331425Z  56994fce3c1a Waiting 
test-ubuntu (3.14t)	Set up Docker Compose	2026-05-19T19:31:39.9332100Z  250787e53948 Waiting 
test-ubuntu (3.14t)	Set up Docker Compose	2026-05-19T19:31:39.9332498Z  1f1735923178 Waiting 
test-ubuntu (3.14t)	Set up Docker Compose	2026-05-19T19:31:39.9334713Z  9da841cba2d1 Pulling fs layer 
test-ubuntu (3.14t)	Set up Docker Compose	2026-05-19T19:31:39.9335889Z  91470fc0967b Pulling fs layer 
test-ubuntu (3.14t)	Set up Docker Compose	2026-05-19T19:31:39.9336633Z  1bff2c58b4cb Pulling fs layer 
test-ubuntu (3.14t)	Set up Docker Compose	2026-05-19T19:31:39.9338262Z  514fc8664ab8 Pulling fs layer 
test-ubuntu (3.14t)	Set up Docker Compose	2026-05-19T19:31:39.9338709Z  9b972c53c46c Pulling fs layer 
test-ubuntu (3.14t)	Set up Docker Compose	2026-05-19T19:31:39.9339285Z  13d2de324eed Pulling fs layer 
test-ubuntu (3.14t)	Set up Docker Compose	2026-05-19T19:31:39.9344914Z  222ab7740458 Pulling fs layer 
test-ubuntu (3.14t)	Set up Docker Compose	2026-05-19T19:31:39.9345391Z  1bff2c58b4cb Waiting 
test-ubuntu (3.14t)	Set up Docker Compose	2026-05-19T19:31:39.9345791Z  514fc8664ab8 Waiting 
test-ubuntu (3.14t)	Set up Docker Compose	2026-05-19T19:31:39.9346579Z  9b972c53c46c Waiting 
test-ubuntu (3.14t)	Set up Docker Compose	2026-05-19T19:31:39.9347140Z  13d2de324eed Waiting 
test-ubuntu (3.14t)	Set up Docker Compose	2026-05-19T19:31:39.9347771Z  222ab7740458 Waiting 
test-ubuntu (3.14t)	Set up Docker Compose	2026-05-19T19:31:39.9348118Z  9da841cba2d1 Waiting 
test-ubuntu (3.14t)	Set up Docker Compose	2026-05-19T19:31:39.9348458Z  91470fc0967b Waiting 
test-ubuntu (3.14t)	Set up Docker Compose	2026-05-19T19:31:39.9356847Z  481282afbc43 Pulling fs layer 
test-ubuntu (3.14t)	Set up Docker Compose	2026-05-19T19:31:39.9362732Z  573dc7a8ae4d Pulling fs layer 
test-ubuntu (3.14t)	Set up Docker Compose	2026-05-19T19:31:39.9363619Z  d26ba0483358 Pulling fs layer 
test-ubuntu (3.14t)	Set up Docker Compose	2026-05-19T19:31:39.9364787Z  e90c5064d283 Pulling fs layer 
test-ubuntu (3.14t)	Set up Docker Compose	2026-05-19T19:31:39.9365217Z  92bd91292cb6 Pulling fs layer 
test-ubuntu (3.14t)	Set up Docker Compose	2026-05-19T19:31:39.9365868Z  481282afbc43 Waiting 
test-ubuntu (3.14t)	Set up Docker Compose	2026-05-19T19:31:39.9366218Z  d26ba0483358 Waiting 
test-ubuntu (3.14t)	Set up Docker Compose	2026-05-19T19:31:39.9367160Z  e90c5064d283 Waiting 
test-ubuntu (3.14t)	Set up Docker Compose	2026-05-19T19:31:39.9367767Z  92bd91292cb6 Waiting 
test-ubuntu (3.14t)	Set up Docker Compose	2026-05-19T19:31:39.9369070Z  573dc7a8ae4d Waiting 
test-ubuntu (3.14t)	Set up Docker Compose	2026-05-19T19:31:39.9380542Z  0a13b90e86fb Pulling fs layer 
test-ubuntu (3.14t)	Set up Docker Compose	2026-05-19T19:31:39.9381311Z  93f76af26bd1 Pulling fs layer 
test-ubuntu (3.14t)	Set up Docker Compose	2026-05-19T19:31:39.9382273Z  75ea594db523 Pulling fs layer 
test-ubuntu (3.14t)	Set up Docker Compose	2026-05-19T19:31:39.9383040Z  93f76af26bd1 Waiting 
test-ubuntu (3.14t)	Set up Docker Compose	2026-05-19T19:31:39.9384113Z  0a13b90e86fb Waiting 
test-ubuntu (3.14t)	Set up Docker Compose	2026-05-19T19:31:39.9384761Z  75ea594db523 Waiting 
test-ubuntu (3.14t)	Set up Docker Compose	2026-05-19T19:31:39.9507863Z  e67fdae35593 Pulling fs layer 
test-ubuntu (3.14t)	Set up Docker Compose	2026-05-19T19:31:39.9510027Z  03b1c1358482 Pulling fs layer 
test-ubuntu (3.14t)	Set up Docker Compose	2026-05-19T19:31:39.9510698Z  c914fe955fee Pulling fs layer 
test-ubuntu (3.14t)	Set up Docker Compose	2026-05-19T19:31:39.9511433Z  ecab2cd70e50 Pulling fs layer 
test-ubuntu (3.14t)	Set up Docker Compose	2026-05-19T19:31:39.9512011Z  0e9d048cd1fe Pulling fs layer 
test-ubuntu (3.14t)	Set up Docker Compose	2026-05-19T19:31:39.9512580Z  03b1c1358482 Waiting 
test-ubuntu (3.14t)	Set up Docker Compose	2026-05-19T19:31:39.9513065Z  c914fe955fee Waiting 
test-ubuntu (3.14t)	Set up Docker Compose	2026-05-19T19:31:39.9513801Z  0e9d048cd1fe Waiting 
test-ubuntu (3.14t)	Set up Docker Compose	2026-05-19T19:31:39.9514326Z  e67fdae35593 Waiting 
test-ubuntu (3.14t)	Set up Docker Compose	2026-05-19T19:31:39.9514818Z  ecab2cd70e50 Waiting 
test-ubuntu (3.14t)	Set up Docker Compose	2026-05-19T19:31:39.9553266Z  9cb31e2e37ea Pulling fs layer 
test-ubuntu (3.14t)	Set up Docker Compose	2026-05-19T19:31:39.9555101Z  2c5982b8ac03 Pulling fs layer 
test-ubuntu (3.14t)	Set up Docker Compose	2026-05-19T19:31:39.9560066Z  b3e55e2462fe Pulling fs layer 
test-ubuntu (3.14t)	Set up Docker Compose	2026-05-19T19:31:39.9560944Z  3c4f2fffcffa Pulling fs layer 
test-ubuntu (3.14t)	Set up Docker Compose	2026-05-19T19:31:39.9561706Z  94160d652e91 Pulling fs layer 
test-ubuntu (3.14t)	Set up Docker Compose	2026-05-19T19:31:39.9562586Z  c2435bf7794e Pulling fs layer 
test-ubuntu (3.14t)	Set up Docker Compose	2026-05-19T19:31:39.9563310Z  f97325d8f21b Pulling fs layer 
test-ubuntu (3.14t)	Set up Docker Compose	2026-05-19T19:31:39.9564045Z  00fe8a009f40 Pulling fs layer 
test-ubuntu (3.14t)	Set up Docker Compose	2026-05-19T19:31:39.9565185Z  4f4fb700ef54 Pulling fs layer 
test-ubuntu (3.14t)	Set up Docker Compose	2026-05-19T19:31:39.9566048Z  9cb31e2e37ea Waiting 
test-ubuntu (3.14t)	Set up Docker Compose	2026-05-19T19:31:39.9566741Z  c2435bf7794e Waiting 
test-ubuntu (3.14t)	Set up Docker Compose	2026-05-19T19:31:39.9567274Z  f97325d8f21b Waiting 
test-ubuntu (3.14t)	Set up Docker Compose	2026-05-19T19:31:39.9568040Z  00fe8a009f40 Waiting 
test-ubuntu (3.14t)	Set up Docker Compose	2026-05-19T19:31:39.9568586Z  b3e55e2462fe Waiting 
test-ubuntu (3.14t)	Set up Docker Compose	2026-05-19T19:31:39.9569242Z  3c4f2fffcffa Waiting 
test-ubuntu (3.14t)	Set up Docker Compose	2026-05-19T19:31:39.9569737Z  94160d652e91 Waiting 
test-ubuntu (3.14t)	Set up Docker Compose	2026-05-19T19:31:39.9570260Z  4f4fb700ef54 Waiting 
test-ubuntu (3.14t)	Set up Docker Compose	2026-05-19T19:31:39.9571233Z  2c5982b8ac03 Waiting 
test-ubuntu (3.14t)	Set up Docker Compose	2026-05-19T19:31:39.9596050Z  27baa147e9fa Downloading [>                                                  ]  3.437kB/324.6kB
test-ubuntu (3.14t)	Set up Docker Compose	2026-05-19T19:31:39.9599570Z  2acf9a40b14f Downloading [=>                                                 ]  15.75kB/783.4kB
test-ubuntu (3.14t)	Set up Docker Compose	2026-05-19T19:31:39.9661027Z  27baa147e9fa Downloading [==================================================>]  324.6kB/324.6kB
test-ubuntu (3.14t)	Set up Docker Compose	2026-05-19T19:31:39.9673698Z  27baa147e9fa Download complete 
test-ubuntu (3.14t)	Set up Docker Compose	2026-05-19T19:31:39.9719755Z  ac03b73ed425 Downloading [>                                                  ]  527.5kB/81.28MB
test-ubuntu (3.14t)	Set up Docker Compose	2026-05-19T19:31:39.9772685Z  2acf9a40b14f Downloading [==================================================>]  783.4kB/783.4kB
test-ubuntu (3.14t)	Set up Docker Compose	2026-05-19T19:31:39.9774115Z  2acf9a40b14f Verifying Checksum 
test-ubuntu (3.14t)	Set up Docker Compose	2026-05-19T19:31:39.9776468Z  2acf9a40b14f Download complete 
test-ubuntu (3.14t)	Set up Docker Compose	2026-05-19T19:31:39.9785686Z  2acf9a40b14f Extracting [==>                                                ]  32.77kB/783.4kB
test-ubuntu (3.14t)	Set up Docker Compose	2026-05-19T19:31:39.9803209Z  57fb71246055 Pulling fs layer 
test-ubuntu (3.14t)	Set up Docker Compose	2026-05-19T19:31:39.9804733Z  69f581787942 Pulling fs layer 
test-ubuntu (3.14t)	Set up Docker Compose	2026-05-19T19:31:39.9805495Z  631be4105227 Pulling fs layer 
test-ubuntu (3.14t)	Set up Docker Compose	2026-05-19T19:31:39.9806312Z  3b8271951027 Pulling fs layer 
test-ubuntu (3.14t)	Set up Docker Compose	2026-05-19T19:31:39.9807094Z  06936fd22673 Pulling fs layer 
test-ubuntu (3.14t)	Set up Docker Compose	2026-05-19T19:31:39.9807810Z  4f4fb700ef54 Pulling fs layer 
test-ubuntu (3.14t)	Set up Docker Compose	2026-05-19T19:31:39.9808464Z  0124d324831b Pulling fs layer 
test-ubuntu (3.14t)	Set up Docker Compose	2026-05-19T19:31:39.9809070Z  eded19f67da4 Pulling fs layer 
test-ubuntu (3.14t)	Set up Docker Compose	2026-05-19T19:31:39.9809670Z  57fb71246055 Waiting 
test-ubuntu (3.14t)	Set up Docker Compose	2026-05-19T19:31:39.9810292Z  69f581787942 Waiting 
test-ubuntu (3.14t)	Set up Docker Compose	2026-05-19T19:31:39.9810834Z  631be4105227 Waiting 
test-ubuntu (3.14t)	Set up Docker Compose	2026-05-19T19:31:39.9811413Z  3b8271951027 Waiting 
test-ubuntu (3.14t)	Set up Docker Compose	2026-05-19T19:31:39.9812060Z  06936fd22673 Waiting 
test-ubuntu (3.14t)	Set up Docker Compose	2026-05-19T19:31:39.9815197Z  4f4fb700ef54 Waiting 
test-ubuntu (3.14t)	Set up Docker Compose	2026-05-19T19:31:39.9819139Z  0124d324831b Waiting 
test-ubuntu (3.14t)	Set up Docker Compose	2026-05-19T19:31:39.9822743Z  589002ba0eae Pulling fs layer 
test-ubuntu (3.14t)	Set up Docker Compose	2026-05-19T19:31:39.9823452Z  63849d89c66d Pulling fs layer 
test-ubuntu (3.14t)	Set up Docker Compose	2026-05-19T19:31:39.9824388Z  8a3c71b80346 Pulling fs layer 
test-ubuntu (3.14t)	Set up Docker Compose	2026-05-19T19:31:39.9825028Z  56c2f4d51269 Pulling fs layer 
test-ubuntu (3.14t)	Set up Docker Compose	2026-05-19T19:31:39.9826234Z  46517af21612 Pulling fs layer 
test-ubuntu (3.14t)	Set up Docker Compose	2026-05-19T19:31:39.9827688Z  51682cba8e21 Pulling fs layer 
test-ubuntu (3.14t)	Set up Docker Compose	2026-05-19T19:31:39.9828548Z  ffaa3dc87eb8 Pulling fs layer 
test-ubuntu (3.14t)	Set up Docker Compose	2026-05-19T19:31:39.9829336Z  ca64c64b8c6b Pulling fs layer 
test-ubuntu (3.14t)	Set up Docker Compose	2026-05-19T19:31:39.9829958Z  5d4e761fb5e7 Pulling fs layer 
test-ubuntu (3.14t)	Set up Docker Compose	2026-05-19T19:31:39.9830536Z  45f569379759 Pulling fs layer 
test-ubuntu (3.14t)	Set up Docker Compose	2026-05-19T19:31:39.9831146Z  2f5d19039fdb Pulling fs layer 
test-ubuntu (3.14t)	Set up Docker Compose	2026-05-19T19:31:39.9832138Z  4f4fb700ef54 Pulling fs layer 
test-ubuntu (3.14t)	Set up Docker Compose	2026-05-19T19:31:39.9832886Z  c8533800cdf1 Pulling fs layer 
test-ubuntu (3.14t)	Set up Docker Compose	2026-05-19T19:31:39.9834384Z  589002ba0eae Waiting 
test-ubuntu (3.14t)	Set up Docker Compose	2026-05-19T19:31:39.9834894Z  63849d89c66d Waiting 
test-ubuntu (3.14t)	Set up Docker Compose	2026-05-19T19:31:39.9835375Z  8a3c71b80346 Waiting 
test-ubuntu (3.14t)	Set up Docker Compose	2026-05-19T19:31:39.9835870Z  56c2f4d51269 Waiting 
test-ubuntu (3.14t)	Set up Docker Compose	2026-05-19T19:31:39.9836445Z  46517af21612 Waiting 
test-ubuntu (3.14t)	Set up Docker Compose	2026-05-19T19:31:39.9836992Z  51682cba8e21 Waiting 
test-ubuntu (3.14t)	Set up Docker Compose	2026-05-19T19:31:39.9837520Z  ffaa3dc87eb8 Waiting 
test-ubuntu (3.14t)	Set up Docker Compose	2026-05-19T19:31:39.9838127Z  ca64c64b8c6b Waiting 
test-ubuntu (3.14t)	Set up Docker Compose	2026-05-19T19:31:39.9839644Z  5d4e761fb5e7 Waiting 
test-ubuntu (3.14t)	Set up Docker Compose	2026-05-19T19:31:39.9840483Z  45f569379759 Waiting 
test-ubuntu (3.14t)	Set up Docker Compose	2026-05-19T19:31:39.9841118Z  2f5d19039fdb Waiting 
test-ubuntu (3.14t)	Set up Docker Compose	2026-05-19T19:31:39.9841725Z  4f4fb700ef54 Waiting 
test-ubuntu (3.14t)	Set up Docker Compose	2026-05-19T19:31:39.9842583Z  c8533800cdf1 Waiting 
test-ubuntu (3.14t)	Set up Docker Compose	2026-05-19T19:31:39.9844999Z  eded19f67da4 Waiting 
test-ubuntu (3.14t)	Set up Docker Compose	2026-05-19T19:31:40.0126928Z  2acf9a40b14f Extracting [==================================================>]  783.4kB/783.4kB
test-ubuntu (3.14t)	Set up Docker Compose	2026-05-19T19:31:40.0145416Z  2acf9a40b14f Extracting [==================================================>]  783.4kB/783.4kB
test-ubuntu (3.14t)	Set up Docker Compose	2026-05-19T19:31:40.0319962Z  d5fd17ec1767 Pulling fs layer 
test-ubuntu (3.14t)	Set up Docker Compose	2026-05-19T19:31:40.0320959Z  3333ece3d6fb Pulling fs layer 
test-ubuntu (3.14t)	Set up Docker Compose	2026-05-19T19:31:40.0322268Z  6060df901d94 Pulling fs layer 
test-ubuntu (3.14t)	Set up Docker Compose	2026-05-19T19:31:40.0323087Z  fae1f0b2907e Pulling fs layer 
test-ubuntu (3.14t)	Set up Docker Compose	2026-05-19T19:31:40.0324140Z  6163e4fdd626 Pulling fs layer 
test-ubuntu (3.14t)	Set up Docker Compose	2026-05-19T19:31:40.0324939Z  1f27396f6efc Pulling fs layer 
test-ubuntu (3.14t)	Set up Docker Compose	2026-05-19T19:31:40.0325846Z  fe556ec02776 Pulling fs layer 
test-ubuntu (3.14t)	Set up Docker Compose	2026-05-19T19:31:40.0326444Z  d5fd17ec1767 Waiting 
test-ubuntu (3.14t)	Set up Docker Compose	2026-05-19T19:31:40.0327694Z  3333ece3d6fb Waiting 
test-ubuntu (3.14t)	Set up Docker Compose	2026-05-19T19:31:40.0328255Z  6060df901d94 Waiting 
test-ubuntu (3.14t)	Set up Docker Compose	2026-05-19T19:31:40.0329039Z  fae1f0b2907e Waiting 
test-ubuntu (3.14t)	Set up Docker Compose	2026-05-19T19:31:40.0329590Z  6163e4fdd626 Waiting 
test-ubuntu (3.14t)	Set up Docker Compose	2026-05-19T19:31:40.0330366Z  1f27396f6efc Waiting 
test-ubuntu (3.14t)	Set up Docker Compose	2026-05-19T19:31:40.0331190Z  fe556ec02776 Waiting 
test-ubuntu (3.14t)	Set up Docker Compose	2026-05-19T19:31:40.0332362Z  e7f02ac1f456 Downloading [==================================================>]     639B/639B
test-ubuntu (3.14t)	Set up Docker Compose	2026-05-19T19:31:40.0333398Z  e7f02ac1f456 Verifying Checksum 
test-ubuntu (3.14t)	Set up Docker Compose	2026-05-19T19:31:40.0334281Z  e7f02ac1f456 Download complete 
test-ubuntu (3.14t)	Set up Docker Compose	2026-05-19T19:31:40.0335217Z  f591ea4658bd Downloading [>                                                  ]  537.8kB/70.46MB
test-ubuntu (3.14t)	Set up Docker Compose	2026-05-19T19:31:40.0397139Z  fe07684b16b8 Pulling fs layer 
test-ubuntu (3.14t)	Set up Docker Compose	2026-05-19T19:31:40.0398367Z  8625de8a7c49 Pulling fs layer 
test-ubuntu (3.14t)	Set up Docker Compose	2026-05-19T19:31:40.0398993Z  5a632533374f Pulling fs layer 
test-ubuntu (3.14t)	Set up Docker Compose	2026-05-19T19:31:40.0399580Z  d03efd77259a Pulling fs layer 
test-ubuntu (3.14t)	Set up Docker Compose	2026-05-19T19:31:40.0400326Z  37ea5726b062 Pulling fs layer 
test-ubuntu (3.14t)	Set up Docker Compose	2026-05-19T19:31:40.0401072Z  de7b6d2bd702 Pulling fs layer 
test-ubuntu (3.14t)	Set up Docker Compose	2026-05-19T19:31:40.0401611Z  bf317fc9d047 Pulling fs layer 
test-ubuntu (3.14t)	Set up Docker Compose	2026-05-19T19:31:40.0405309Z  4acaa03d21c0 Pulling fs layer 
test-ubuntu (3.14t)	Set up Docker Compose	2026-05-19T19:31:40.0405938Z  8b8b5338fa05 Pulling fs layer 
test-ubuntu (3.14t)	Set up Docker Compose	2026-05-19T19:31:40.0406888Z  84643c7b3905 Pulling fs layer 
test-ubuntu (3.14t)	Set up Docker Compose	2026-05-19T19:31:40.0407420Z  9e4893765af9 Pulling fs layer 
test-ubuntu (3.14t)	Set up Docker Compose	2026-05-19T19:31:40.0407966Z  173e9abf17df Pulling fs layer 
test-ubuntu (3.14t)	Set up Docker Compose	2026-05-19T19:31:40.0408711Z  2d00d5ceb5d5 Pulling fs layer 
test-ubuntu (3.14t)	Set up Docker Compose	2026-05-19T19:31:40.0409285Z  4c7647800bee Pulling fs layer 
test-ubuntu (3.14t)	Set up Docker Compose	2026-05-19T19:31:40.0413417Z  0879326081d0 Pulling fs layer 
test-ubuntu (3.14t)	Set up Docker Compose	2026-05-19T19:31:40.0415331Z  a22c0f637cc8 Pulling fs layer 
test-ubuntu (3.14t)	Set up Docker Compose	2026-05-19T19:31:40.0415769Z  b06dfe297ce4 Pulling fs layer 
test-ubuntu (3.14t)	Set up Docker Compose	2026-05-19T19:31:40.0416232Z  4f4fb700ef54 Pulling fs layer 
test-ubuntu (3.14t)	Set up Docker Compose	2026-05-19T19:31:40.0416625Z  d49027299ad5 Pulling fs layer 
test-ubuntu (3.14t)	Set up Docker Compose	2026-05-19T19:31:40.0422827Z  0c4ef7d4f655 Pulling fs layer 
test-ubuntu (3.14t)	Set up Docker Compose	2026-05-19T19:31:40.0425410Z  ff4608a2de69 Pulling fs layer 
test-ubuntu (3.14t)	Set up Docker Compose	2026-05-19T19:31:40.0426238Z  dad859c13bf0 Pulling fs layer 
test-ubuntu (3.14t)	Set up Docker Compose	2026-05-19T19:31:40.0427213Z  fe07684b16b8 Waiting 
test-ubuntu (3.14t)	Set up Docker Compose	2026-05-19T19:31:40.0427612Z  8625de8a7c49 Waiting 
test-ubuntu (3.14t)	Set up Docker Compose	2026-05-19T19:31:40.0427963Z  5a632533374f Waiting 
test-ubuntu (3.14t)	Set up Docker Compose	2026-05-19T19:31:40.0428812Z  d03efd77259a Waiting 
test-ubuntu (3.14t)	Set up Docker Compose	2026-05-19T19:31:40.0429179Z  37ea5726b062 Waiting 
test-ubuntu (3.14t)	Set up Docker Compose	2026-05-19T19:31:40.0429529Z  de7b6d2bd702 Waiting 
test-ubuntu (3.14t)	Set up Docker Compose	2026-05-19T19:31:40.0429884Z  bf317fc9d047 Waiting 
test-ubuntu (3.14t)	Set up Docker Compose	2026-05-19T19:31:40.0430227Z  4acaa03d21c0 Waiting 
test-ubuntu (3.14t)	Set up Docker Compose	2026-05-19T19:31:40.0430838Z  8b8b5338fa05 Waiting 
test-ubuntu (3.14t)	Set up Docker Compose	2026-05-19T19:31:40.0431159Z  84643c7b3905 Waiting 
test-ubuntu (3.14t)	Set up Docker Compose	2026-05-19T19:31:40.0431496Z  9e4893765af9 Waiting 
test-ubuntu (3.14t)	Set up Docker Compose	2026-05-19T19:31:40.0431822Z  173e9abf17df Waiting 
test-ubuntu (3.14t)	Set up Docker Compose	2026-05-19T19:31:40.0432153Z  2d00d5ceb5d5 Waiting 
test-ubuntu (3.14t)	Set up Docker Compose	2026-05-19T19:31:40.0433199Z  4c7647800bee Waiting 
test-ubuntu (3.14t)	Set up Docker Compose	2026-05-19T19:31:40.0433784Z  0879326081d0 Waiting 
test-ubuntu (3.14t)	Set up Docker Compose	2026-05-19T19:31:40.0434162Z  a22c0f637cc8 Waiting 
test-ubuntu (3.14t)	Set up Docker Compose	2026-05-19T19:31:40.0434513Z  b06dfe297ce4 Waiting 
test-ubuntu (3.14t)	Set up Docker Compose	2026-05-19T19:31:40.0434842Z  4f4fb700ef54 Waiting 
test-ubuntu (3.14t)	Set up Docker Compose	2026-05-19T19:31:40.0435181Z  d49027299ad5 Waiting 
test-ubuntu (3.14t)	Set up Docker Compose	2026-05-19T19:31:40.0435505Z  0c4ef7d4f655 Waiting 
test-ubuntu (3.14t)	Set up Docker Compose	2026-05-19T19:31:40.0435824Z  ff4608a2de69 Waiting 
test-ubuntu (3.14t)	Set up Docker Compose	2026-05-19T19:31:40.0436156Z  dad859c13bf0 Waiting 
test-ubuntu (3.14t)	Set up Docker Compose	2026-05-19T19:31:40.0730751Z  ac03b73ed425 Downloading [====>                                              ]  7.994MB/81.28MB
test-ubuntu (3.14t)	Set up Docker Compose	2026-05-19T19:31:40.0825556Z  612087d42eba Downloading [===========================================>       ]  3.503kB/4.023kB
test-ubuntu (3.14t)	Set up Docker Compose	2026-05-19T19:31:40.0827128Z  612087d42eba Downloading [==================================================>]  4.023kB/4.023kB
test-ubuntu (3.14t)	Set up Docker Compose	2026-05-19T19:31:40.0828512Z  612087d42eba Verifying Checksum 
test-ubuntu (3.14t)	Set up Docker Compose	2026-05-19T19:31:40.0834420Z  612087d42eba Download complete 
test-ubuntu (3.14t)	Set up Docker Compose	2026-05-19T19:31:40.1188971Z  2d001a504b81 Downloading [==================================================>]   1.48kB/1.48kB
test-ubuntu (3.14t)	Set up Docker Compose	2026-05-19T19:31:40.1200400Z  2d001a504b81 Verifying Checksum 
test-ubuntu (3.14t)	Set up Docker Compose	2026-05-19T19:31:40.1203188Z  2d001a504b81 Download complete 
test-ubuntu (3.14t)	Set up Docker Compose	2026-05-19T19:31:40.1288706Z  f591ea4658bd Downloading [============>                                      ]  17.65MB/70.46MB
test-ubuntu (3.14t)	Set up Docker Compose	2026-05-19T19:31:40.1363070Z  2acf9a40b14f Pull complete 
test-ubuntu (3.14t)	Set up Docker Compose	2026-05-19T19:31:40.1425972Z  27baa147e9fa Extracting [=====>                                             ]  32.77kB/324.6kB
test-ubuntu (3.14t)	Set up Docker Compose	2026-05-19T19:31:40.1577556Z  bd1a7d2e0737 Downloading [==>                                                ]  3.502kB/62.75kB
test-ubuntu (3.14t)	Set up Docker Compose	2026-05-19T19:31:40.1597709Z  bd1a7d2e0737 Downloading [==================================================>]  62.75kB/62.75kB
test-ubuntu (3.14t)	Set up Docker Compose	2026-05-19T19:31:40.1600619Z  bd1a7d2e0737 Verifying Checksum 
test-ubuntu (3.14t)	Set up Docker Compose	2026-05-19T19:31:40.1603919Z  bd1a7d2e0737 Download complete 
test-ubuntu (3.14t)	Set up Docker Compose	2026-05-19T19:31:40.1649546Z  27baa147e9fa Extracting [==================================================>]  324.6kB/324.6kB
test-ubuntu (3.14t)	Set up Docker Compose	2026-05-19T19:31:40.1738422Z  ac03b73ed425 Downloading [==================>                                ]  29.32MB/81.28MB
test-ubuntu (3.14t)	Set up Docker Compose	2026-05-19T19:31:40.1990020Z  69294359b56a Downloading [==================================================>]     100B/100B
test-ubuntu (3.14t)	Set up Docker Compose	2026-05-19T19:31:40.1998437Z  69294359b56a Download complete 
test-ubuntu (3.14t)	Set up Docker Compose	2026-05-19T19:31:40.2059381Z  27baa147e9fa Extracting [==================================================>]  324.6kB/324.6kB
test-ubuntu (3.14t)	Set up Docker Compose	2026-05-19T19:31:40.2311102Z  f591ea4658bd Downloading [===============================>                   ]  43.75MB/70.46MB
test-ubuntu (3.14t)	Set up Docker Compose	2026-05-19T19:31:40.2756758Z  ac03b73ed425 Downloading [=================================>                 ]  54.92MB/81.28MB
test-ubuntu (3.14t)	Set up Docker Compose	2026-05-19T19:31:40.3283952Z  f591ea4658bd Verifying Checksum 
test-ubuntu (3.14t)	Set up Docker Compose	2026-05-19T19:31:40.3285754Z  f591ea4658bd Download complete 
test-ubuntu (3.14t)	Set up Docker Compose	2026-05-19T19:31:40.3470290Z  df0231abac1e Downloading [==================================================>]     700B/700B
test-ubuntu (3.14t)	Set up Docker Compose	2026-05-19T19:31:40.3488458Z  df0231abac1e Download complete 
test-ubuntu (3.14t)	Set up Docker Compose	2026-05-19T19:31:40.3812477Z  ac03b73ed425 Downloading [==============================================>    ]   75.7MB/81.28MB
test-ubuntu (3.14t)	Set up Docker Compose	2026-05-19T19:31:40.3889585Z  57fb71246055 Downloading [>                                                  ]  309.4kB/29.78MB
test-ubuntu (3.14t)	Set up Docker Compose	2026-05-19T19:31:40.3890993Z  57fb71246055 Downloading [>                                                  ]  309.4kB/29.78MB
test-ubuntu (3.14t)	Set up Docker Compose	2026-05-19T19:31:40.3893127Z  57fb71246055 Downloading [>                                                  ]  309.4kB/29.78MB
test-ubuntu (3.14t)	Set up Docker Compose	2026-05-19T19:31:40.4048560Z  ac03b73ed425 Verifying Checksum 
test-ubuntu (3.14t)	Set up Docker Compose	2026-05-19T19:31:40.4049641Z  ac03b73ed425 Download complete 
test-ubuntu (3.14t)	Set up Docker Compose	2026-05-19T19:31:40.4120487Z  69f581787942 Downloading [>                                                  ]  13.78kB/1.293MB
test-ubuntu (3.14t)	Set up Docker Compose	2026-05-19T19:31:40.4121856Z  69f581787942 Downloading [>                                                  ]  13.78kB/1.293MB
test-ubuntu (3.14t)	Set up Docker Compose	2026-05-19T19:31:40.4290483Z  69f581787942 Verifying Checksum 
test-ubuntu (3.14t)	Set up Docker Compose	2026-05-19T19:31:40.4290982Z  69f581787942 Download complete 
test-ubuntu (3.14t)	Set up Docker Compose	2026-05-19T19:31:40.4291390Z  69f581787942 Verifying Checksum 
test-ubuntu (3.14t)	Set up Docker Compose	2026-05-19T19:31:40.4292352Z  69f581787942 Download complete 
test-ubuntu (3.14t)	Set up Docker Compose	2026-05-19T19:31:40.4831717Z  631be4105227 Downloading [>                                                  ]    130kB/12.33MB
test-ubuntu (3.14t)	Set up Docker Compose	2026-05-19T19:31:40.4833951Z  631be4105227 Downloading [>                                                  ]    130kB/12.33MB
test-ubuntu (3.14t)	Set up Docker Compose	2026-05-19T19:31:40.4889729Z  57fb71246055 Verifying Checksum 
test-ubuntu (3.14t)	Set up Docker Compose	2026-05-19T19:31:40.4892769Z  57fb71246055 Download complete 
test-ubuntu (3.14t)	Set up Docker Compose	2026-05-19T19:31:40.4895247Z  57fb71246055 Verifying Checksum 
test-ubuntu (3.14t)	Set up Docker Compose	2026-05-19T19:31:40.4898936Z  57fb71246055 Download complete 
test-ubuntu (3.14t)	Set up Docker Compose	2026-05-19T19:31:40.4901929Z  57fb71246055 Verifying Checksum 
test-ubuntu (3.14t)	Set up Docker Compose	2026-05-19T19:31:40.4902636Z  57fb71246055 Download complete 
test-ubuntu (3.14t)	Set up Docker Compose	2026-05-19T19:31:40.4912023Z  3b8271951027 Downloading [==================================================>]     251B/251B
test-ubuntu (3.14t)	Set up Docker Compose	2026-05-19T19:31:40.4913104Z  3b8271951027 Downloading [==================================================>]     251B/251B
test-ubuntu (3.14t)	Set up Docker Compose	2026-05-19T19:31:40.4917829Z  3b8271951027 Verifying Checksum 
test-ubuntu (3.14t)	Set up Docker Compose	2026-05-19T19:31:40.4922340Z  3b8271951027 Verifying Checksum 
test-ubuntu (3.14t)	Set up Docker Compose	2026-05-19T19:31:40.4923234Z  3b8271951027 Download complete 
test-ubuntu (3.14t)	Set up Docker Compose	2026-05-19T19:31:40.4926913Z  3b8271951027 Download complete 
test-ubuntu (3.14t)	Set up Docker Compose	2026-05-19T19:31:40.5286662Z  631be4105227 Verifying Checksum 
test-ubuntu (3.14t)	Set up Docker Compose	2026-05-19T19:31:40.5287953Z  631be4105227 Download complete 
test-ubuntu (3.14t)	Set up Docker Compose	2026-05-19T19:31:40.5289110Z  631be4105227 Verifying Checksum 
test-ubuntu (3.14t)	Set up Docker Compose	2026-05-19T19:31:40.5289958Z  631be4105227 Download complete 
test-ubuntu (3.14t)	Set up Docker Compose	2026-05-19T19:31:40.5949867Z  3ab90894f5f5 Downloading [==================================================>]     145B/145B
test-ubuntu (3.14t)	Set up Docker Compose	2026-05-19T19:31:40.6121738Z  f7580f6b7618 Downloading [====================>                              ]  1.378kB/3.315kB
test-ubuntu (3.14t)	Set up Docker Compose	2026-05-19T19:31:40.6195905Z  f7580f6b7618 Downloading [==================================================>]  3.315kB/3.315kB
test-ubuntu (3.14t)	Set up Docker Compose	2026-05-19T19:31:40.6197925Z  f7580f6b7618 Download complete 
test-ubuntu (3.14t)	Set up Docker Compose	2026-05-19T19:31:40.6202782Z  3ab90894f5f5 Download complete 
test-ubuntu (3.14t)	Set up Docker Compose	2026-05-19T19:31:40.6247372Z  06803ccce673 Downloading [>                                                  ]  244.5kB/24.33MB
test-ubuntu (3.14t)	Set up Docker Compose	2026-05-19T19:31:40.6902462Z  75616aa22dfd Downloading [=>                                                 ]  1.378kB/64.77kB
test-ubuntu (3.14t)	Set up Docker Compose	2026-05-19T19:31:40.6933963Z  75616aa22dfd Verifying Checksum 
test-ubuntu (3.14t)	Set up Docker Compose	2026-05-19T19:31:40.6934521Z  75616aa22dfd Download complete 
test-ubuntu (3.14t)	Set up Docker Compose	2026-05-19T19:31:40.7204343Z  06803ccce673 Verifying Checksum 
test-ubuntu (3.14t)	Set up Docker Compose	2026-05-19T19:31:40.7204909Z  06803ccce673 Download complete 
test-ubuntu (3.14t)	Set up Docker Compose	2026-05-19T19:31:40.7294372Z  57fb71246055 Extracting [>                                                  ]  327.7kB/29.78MB
test-ubuntu (3.14t)	Set up Docker Compose	2026-05-19T19:31:40.7296079Z  57fb71246055 Extracting [>                                                  ]  327.7kB/29.78MB
test-ubuntu (3.14t)	Set up Docker Compose	2026-05-19T19:31:40.7297241Z  57fb71246055 Extracting [>                                                  ]  327.7kB/29.78MB
test-ubuntu (3.14t)	Set up Docker Compose	2026-05-19T19:31:40.7640842Z  b5c5a3ac416f Downloading [>                                                  ]  539.4kB/3.001GB
test-ubuntu (3.14t)	Set up Docker Compose	2026-05-19T19:31:40.7798034Z  de11576bde87 Downloading [>                                                  ]  66.57kB/6.441MB
test-ubuntu (3.14t)	Set up Docker Compose	2026-05-19T19:31:40.7848042Z  afff1a729121 Downloading [================>                                  ]     378B/1.171kB
test-ubuntu (3.14t)	Set up Docker Compose	2026-05-19T19:31:40.7849722Z  afff1a729121 Downloading [==================================================>]  1.171kB/1.171kB
test-ubuntu (3.14t)	Set up Docker Compose	2026-05-19T19:31:40.7851609Z  afff1a729121 Verifying Checksum 
test-ubuntu (3.14t)	Set up Docker Compose	2026-05-19T19:31:40.7852440Z  afff1a729121 Download complete 
test-ubuntu (3.14t)	Set up Docker Compose	2026-05-19T19:31:40.8139350Z  de11576bde87 Verifying Checksum 
test-ubuntu (3.14t)	Set up Docker Compose	2026-05-19T19:31:40.8140066Z  de11576bde87 Download complete 
test-ubuntu (3.14t)	Set up Docker Compose	2026-05-19T19:31:40.8315955Z  57fb71246055 Extracting [========>                                          ]  5.243MB/29.78MB
test-ubuntu (3.14t)	Set up Docker Compose	2026-05-19T19:31:40.8317151Z  57fb71246055 Extracting [========>                                          ]  5.243MB/29.78MB
test-ubuntu (3.14t)	Set up Docker Compose	2026-05-19T19:31:40.8319250Z  57fb71246055 Extracting [========>                                          ]  5.243MB/29.78MB
test-ubuntu (3.14t)	Set up Docker Compose	2026-05-19T19:31:40.8372137Z  a7ee000e310e Downloading [>                                                  ]  12.68kB/1.257MB
test-ubuntu (3.14t)	Set up Docker Compose	2026-05-19T19:31:40.8508062Z  a7ee000e310e Verifying Checksum 
test-ubuntu (3.14t)	Set up Docker Compose	2026-05-19T19:31:40.8512179Z  a7ee000e310e Download complete 
test-ubuntu (3.14t)	Set up Docker Compose	2026-05-19T19:31:40.8656109Z  b5c5a3ac416f Downloading [>                                                  ]  20.53MB/3.001GB
test-ubuntu (3.14t)	Set up Docker Compose	2026-05-19T19:31:40.8762571Z  27baa147e9fa Pull complete 
test-ubuntu (3.14t)	Set up Docker Compose	2026-05-19T19:31:40.8791075Z  7a97a7bd35bb Downloading [>                                                  ]  83.54kB/8.204MB
test-ubuntu (3.14t)	Set up Docker Compose	2026-05-19T19:31:40.8870404Z  33948d124eb7 Downloading [>                                                  ]  15.75kB/1.312MB
test-ubuntu (3.14t)	Set up Docker Compose	2026-05-19T19:31:40.8919795Z  ac03b73ed425 Extracting [>                                                  ]  557.1kB/81.28MB
test-ubuntu (3.14t)	Set up Docker Compose	2026-05-19T19:31:40.9105106Z  33948d124eb7 Verifying Checksum 
test-ubuntu (3.14t)	Set up Docker Compose	2026-05-19T19:31:40.9106488Z  33948d124eb7 Download complete 
test-ubuntu (3.14t)	Set up Docker Compose	2026-05-19T19:31:40.9336070Z  57fb71246055 Extracting [==============>                                    ]  8.847MB/29.78MB
test-ubuntu (3.14t)	Set up Docker Compose	2026-05-19T19:31:40.9340732Z  57fb71246055 Extracting [==============>                                    ]  8.847MB/29.78MB
test-ubuntu (3.14t)	Set up Docker Compose	2026-05-19T19:31:40.9341624Z  57fb71246055 Extracting [==============>                                    ]  8.847MB/29.78MB
test-ubuntu (3.14t)	Set up Docker Compose	2026-05-19T19:31:40.9354059Z  7a97a7bd35bb Verifying Checksum 
test-ubuntu (3.14t)	Set up Docker Compose	2026-05-19T19:31:40.9355158Z  7a97a7bd35bb Download complete 
test-ubuntu (3.14t)	Set up Docker Compose	2026-05-19T19:31:40.9665506Z  18066de916e4 Download complete 
test-ubuntu (3.14t)	Set up Docker Compose	2026-05-19T19:31:40.9827990Z  c2c802328ad4 Downloading [==================================================>]     116B/116B
test-ubuntu (3.14t)	Set up Docker Compose	2026-05-19T19:31:40.9829056Z  c2c802328ad4 Verifying Checksum 
test-ubuntu (3.14t)	Set up Docker Compose	2026-05-19T19:31:40.9829600Z  c2c802328ad4 Download complete 
test-ubuntu (3.14t)	Set up Docker Compose	2026-05-19T19:31:40.9940232Z  ac03b73ed425 Extracting [===>                                               ]  5.571MB/81.28MB
test-ubuntu (3.14t)	Set up Docker Compose	2026-05-19T19:31:41.0009091Z  b5c5a3ac416f Downloading [>                                                  ]   25.4MB/3.001GB
test-ubuntu (3.14t)	Set up Docker Compose	2026-05-19T19:31:41.0136441Z  b0f4f1626421 Downloading [>                                                  ]  539.4kB/111.1MB
test-ubuntu (3.14t)	Set up Docker Compose	2026-05-19T19:31:41.0368590Z  5775e5d393e8 Downloading [=>                                                 ]     380B/9.887kB
test-ubuntu (3.14t)	Set up Docker Compose	2026-05-19T19:31:41.0370256Z  5775e5d393e8 Downloading [==================================================>]  9.887kB/9.887kB
test-ubuntu (3.14t)	Set up Docker Compose	2026-05-19T19:31:41.0370999Z  5775e5d393e8 Verifying Checksum 
test-ubuntu (3.14t)	Set up Docker Compose	2026-05-19T19:31:41.0371425Z  5775e5d393e8 Download complete 
test-ubuntu (3.14t)	Set up Docker Compose	2026-05-19T19:31:41.0484265Z  57fb71246055 Extracting [==================>                                ]  10.81MB/29.78MB
test-ubuntu (3.14t)	Set up Docker Compose	2026-05-19T19:31:41.0487354Z  57fb71246055 Extracting [==================>                                ]  10.81MB/29.78MB
test-ubuntu (3.14t)	Set up Docker Compose	2026-05-19T19:31:41.0488942Z  57fb71246055 Extracting [==================>                                ]  10.81MB/29.78MB
test-ubuntu (3.14t)	Set up Docker Compose	2026-05-19T19:31:41.0961300Z  e0de67612b9a Downloading [==================================================>]     128B/128B
test-ubuntu (3.14t)	Set up Docker Compose	2026-05-19T19:31:41.0964013Z  e0de67612b9a Verifying Checksum 
test-ubuntu (3.14t)	Set up Docker Compose	2026-05-19T19:31:41.0967481Z  e0de67612b9a Download complete 
test-ubuntu (3.14t)	Set up Docker Compose	2026-05-19T19:31:41.1096049Z  b5c5a3ac416f Downloading [>                                                  ]  37.83MB/3.001GB
test-ubuntu (3.14t)	Set up Docker Compose	2026-05-19T19:31:41.1146226Z  b0f4f1626421 Downloading [=========>                                         ]  20.25MB/111.1MB
test-ubuntu (3.14t)	Set up Docker Compose	2026-05-19T19:31:41.1151578Z  ac03b73ed425 Extracting [=====>                                             ]  8.356MB/81.28MB
test-ubuntu (3.14t)	Set up Docker Compose	2026-05-19T19:31:41.1547416Z  57fb71246055 Extracting [=====================>                             ]  12.78MB/29.78MB
test-ubuntu (3.14t)	Set up Docker Compose	2026-05-19T19:31:41.1556072Z  57fb71246055 Extracting [=====================>                             ]  12.78MB/29.78MB
test-ubuntu (3.14t)	Set up Docker Compose	2026-05-19T19:31:41.1557447Z  57fb71246055 Extracting [=====================>                             ]  12.78MB/29.78MB
test-ubuntu (3.14t)	Set up Docker Compose	2026-05-19T19:31:41.1913091Z  e8463a0bbc2e Download complete 
test-ubuntu (3.14t)	Set up Docker Compose	2026-05-19T19:31:41.2166288Z  b0f4f1626421 Downloading [====================>                              ]   45.8MB/111.1MB
test-ubuntu (3.14t)	Set up Docker Compose	2026-05-19T19:31:41.2245083Z  ac03b73ed425 Extracting [======>                                            ]  11.14MB/81.28MB
test-ubuntu (3.14t)	Set up Docker Compose	2026-05-19T19:31:41.2311791Z  b5c5a3ac416f Downloading [>                                                  ]  50.81MB/3.001GB
test-ubuntu (3.14t)	Set up Docker Compose	2026-05-19T19:31:41.2474315Z  394171cb0e6f Downloading [==>                                                ]     358B/6.1kB
test-ubuntu (3.14t)	Set up Docker Compose	2026-05-19T19:31:41.2480572Z  394171cb0e6f Downloading [==================================================>]    6.1kB/6.1kB
test-ubuntu (3.14t)	Set up Docker Compose	2026-05-19T19:31:41.2487787Z  394171cb0e6f Verifying Checksum 
test-ubuntu (3.14t)	Set up Docker Compose	2026-05-19T19:31:41.2488643Z  394171cb0e6f Download complete 
test-ubuntu (3.14t)	Set up Docker Compose	2026-05-19T19:31:41.2555693Z  57fb71246055 Extracting [============================>                      ]  16.71MB/29.78MB
test-ubuntu (3.14t)	Set up Docker Compose	2026-05-19T19:31:41.2571887Z  57fb71246055 Extracting [============================>                      ]  16.71MB/29.78MB
test-ubuntu (3.14t)	Set up Docker Compose	2026-05-19T19:31:41.2582006Z  57fb71246055 Extracting [============================>                      ]  16.71MB/29.78MB
test-ubuntu (3.14t)	Set up Docker Compose	2026-05-19T19:31:41.3194899Z  d1632e5aec61 Downloading [==================================================>]     187B/187B
test-ubuntu (3.14t)	Set up Docker Compose	2026-05-19T19:31:41.3207115Z  d1632e5aec61 Download complete 
test-ubuntu (3.14t)	Set up Docker Compose	2026-05-19T19:31:41.3218130Z  b0f4f1626421 Downloading [================================>                  ]  71.38MB/111.1MB
test-ubuntu (3.14t)	Set up Docker Compose	2026-05-19T19:31:41.3274049Z  ac03b73ed425 Extracting [========>                                          ]  13.37MB/81.28MB
test-ubuntu (3.14t)	Set up Docker Compose	2026-05-19T19:31:41.3580940Z  b5c5a3ac416f Downloading [=>                                                 ]  75.68MB/3.001GB
test-ubuntu (3.14t)	Set up Docker Compose	2026-05-19T19:31:41.3649621Z  57fb71246055 Extracting [===================================>               ]  20.97MB/29.78MB
test-ubuntu (3.14t)	Set up Docker Compose	2026-05-19T19:31:41.3652267Z  57fb71246055 Extracting [===================================>               ]  20.97MB/29.78MB
test-ubuntu (3.14t)	Set up Docker Compose	2026-05-19T19:31:41.3653395Z  57fb71246055 Extracting [===================================>               ]  20.97MB/29.78MB
test-ubuntu (3.14t)	Set up Docker Compose	2026-05-19T19:31:41.3847163Z  661ff4d9561e Downloading [>                                                  ]   34.3kB/3.408MB
test-ubuntu (3.14t)	Set up Docker Compose	2026-05-19T19:31:41.4190900Z  b0f4f1626421 Downloading [===========================================>       ]  95.92MB/111.1MB
test-ubuntu (3.14t)	Set up Docker Compose	2026-05-19T19:31:41.4254719Z  661ff4d9561e Verifying Checksum 
test-ubuntu (3.14t)	Set up Docker Compose	2026-05-19T19:31:41.4255432Z  661ff4d9561e Download complete 
test-ubuntu (3.14t)	Set up Docker Compose	2026-05-19T19:31:41.4365226Z  661ff4d9561e Extracting [>                                                  ]  65.54kB/3.408MB
test-ubuntu (3.14t)	Set up Docker Compose	2026-05-19T19:31:41.4505663Z  ac03b73ed425 Extracting [==========>                                        ]  16.71MB/81.28MB
test-ubuntu (3.14t)	Set up Docker Compose	2026-05-19T19:31:41.4650781Z  57fb71246055 Extracting [========================================>          ]  24.25MB/29.78MB
test-ubuntu (3.14t)	Set up Docker Compose	2026-05-19T19:31:41.4652087Z  57fb71246055 Extracting [========================================>          ]  24.25MB/29.78MB
test-ubuntu (3.14t)	Set up Docker Compose	2026-05-19T19:31:41.4655306Z  57fb71246055 Extracting [========================================>          ]  24.25MB/29.78MB
test-ubuntu (3.14t)	Set up Docker Compose	2026-05-19T19:31:41.4792314Z  b0f4f1626421 Verifying Checksum 
test-ubuntu (3.14t)	Set up Docker Compose	2026-05-19T19:31:41.4800520Z  b0f4f1626421 Download complete 
test-ubuntu (3.14t)	Set up Docker Compose	2026-05-19T19:31:41.4891661Z  b5c5a3ac416f Downloading [=>                                                 ]  88.11MB/3.001GB
test-ubuntu (3.14t)	Set up Docker Compose	2026-05-19T19:31:41.5340908Z  661ff4d9561e Extracting [================================>                  ]  2.228MB/3.408MB
test-ubuntu (3.14t)	Set up Docker Compose	2026-05-19T19:31:41.5534970Z  ac03b73ed425 Extracting [============>                                      ]  20.61MB/81.28MB
test-ubuntu (3.14t)	Set up Docker Compose	2026-05-19T19:31:41.5557533Z  b4635ee9510c Downloading [==================================================>]     122B/122B
test-ubuntu (3.14t)	Set up Docker Compose	2026-05-19T19:31:41.5564724Z  b4635ee9510c Verifying Checksum 
test-ubuntu (3.14t)	Set up Docker Compose	2026-05-19T19:31:41.5716948Z  77265a0c00dc Downloading [>                                                  ]  1.378kB/123.6kB
test-ubuntu (3.14t)	Set up Docker Compose	2026-05-19T19:31:41.5752409Z  77265a0c00dc Downloading [==================================================>]  123.6kB/123.6kB
test-ubuntu (3.14t)	Set up Docker Compose	2026-05-19T19:31:41.5753614Z  77265a0c00dc Verifying Checksum 
test-ubuntu (3.14t)	Set up Docker Compose	2026-05-19T19:31:41.5755620Z  77265a0c00dc Download complete 
test-ubuntu (3.14t)	Set up Docker Compose	2026-05-19T19:31:41.5863475Z  661ff4d9561e Extracting [==================================================>]  3.408MB/3.408MB
test-ubuntu (3.14t)	Set up Docker Compose	2026-05-19T19:31:41.5889577Z  b5c5a3ac416f Downloading [=>                                                 ]  110.2MB/3.001GB
test-ubuntu (3.14t)	Set up Docker Compose	2026-05-19T19:31:41.6402006Z  d8148ed4c132 Downloading [==================================================>]     963B/963B
test-ubuntu (3.14t)	Set up Docker Compose	2026-05-19T19:31:41.6405701Z  d8148ed4c132 Verifying Checksum 
test-ubuntu (3.14t)	Set up Docker Compose	2026-05-19T19:31:41.6408074Z  d8148ed4c132 Download complete 
test-ubuntu (3.14t)	Set up Docker Compose	2026-05-19T19:31:41.6424236Z  9d5d726ba80c Downloading [===>                                               ]  1.378kB/17.25kB
test-ubuntu (3.14t)	Set up Docker Compose	2026-05-19T19:31:41.6426123Z  9d5d726ba80c Downloading [==================================================>]  17.25kB/17.25kB
test-ubuntu (3.14t)	Set up Docker Compose	2026-05-19T19:31:41.6429488Z  9d5d726ba80c Verifying Checksum 
test-ubuntu (3.14t)	Set up Docker Compose	2026-05-19T19:31:41.6430275Z  9d5d726ba80c Download complete 
test-ubuntu (3.14t)	Set up Docker Compose	2026-05-19T19:31:41.6531556Z  661ff4d9561e Pull complete 
test-ubuntu (3.14t)	Set up Docker Compose	2026-05-19T19:31:41.6593968Z  ac03b73ed425 Extracting [==============>                                    ]   23.4MB/81.28MB
test-ubuntu (3.14t)	Set up Docker Compose	2026-05-19T19:31:41.6616222Z  77265a0c00dc Extracting [=============>                                     ]  32.77kB/123.6kB
test-ubuntu (3.14t)	Set up Docker Compose	2026-05-19T19:31:41.6631199Z  77265a0c00dc Extracting [==================================================>]  123.6kB/123.6kB
test-ubuntu (3.14t)	Set up Docker Compose	2026-05-19T19:31:41.6647999Z  77265a0c00dc Extracting [==================================================>]  123.6kB/123.6kB
test-ubuntu (3.14t)	Set up Docker Compose	2026-05-19T19:31:41.6903094Z  b5c5a3ac416f Downloading [==>                                                ]  127.5MB/3.001GB
test-ubuntu (3.14t)	Set up Docker Compose	2026-05-19T19:31:41.7069720Z  b47a890975df Downloading [>                                                  ]  1.378kB/78.04kB
test-ubuntu (3.14t)	Set up Docker Compose	2026-05-19T19:31:41.7086404Z  b47a890975df Downloading [==================================================>]  78.04kB/78.04kB
test-ubuntu (3.14t)	Set up Docker Compose	2026-05-19T19:31:41.7087405Z  b47a890975df Verifying Checksum 
test-ubuntu (3.14t)	Set up Docker Compose	2026-05-19T19:31:41.7087914Z  b47a890975df Download complete 
test-ubuntu (3.14t)	Set up Docker Compose	2026-05-19T19:31:41.7648266Z  36e66ef758c3 Downloading [>                                                  ]  8.268kB/735.8kB
test-ubuntu (3.14t)	Set up Docker Compose	2026-05-19T19:31:41.7764313Z  250787e53948 Downloading [>                                                  ]  145.8kB/14.53MB
test-ubuntu (3.14t)	Set up Docker Compose	2026-05-19T19:31:41.7775356Z  36e66ef758c3 Verifying Checksum 
test-ubuntu (3.14t)	Set up Docker Compose	2026-05-19T19:31:41.7778448Z  36e66ef758c3 Download complete 
test-ubuntu (3.14t)	Set up Docker Compose	2026-05-19T19:31:41.7880660Z  ac03b73ed425 Extracting [==================>                                ]  30.08MB/81.28MB
test-ubuntu (3.14t)	Set up Docker Compose	2026-05-19T19:31:41.7907494Z  b5c5a3ac416f Downloading [==>                                                ]  142.1MB/3.001GB
test-ubuntu (3.14t)	Set up Docker Compose	2026-05-19T19:31:41.8235352Z  57fb71246055 Extracting [============================================>      ]  26.21MB/29.78MB
test-ubuntu (3.14t)	Set up Docker Compose	2026-05-19T19:31:41.8236785Z  57fb71246055 Extracting [============================================>      ]  26.21MB/29.78MB
test-ubuntu (3.14t)	Set up Docker Compose	2026-05-19T19:31:41.8237707Z  57fb71246055 Extracting [============================================>      ]  26.21MB/29.78MB
test-ubuntu (3.14t)	Set up Docker Compose	2026-05-19T19:31:41.8307195Z  56994fce3c1a Downloading [>                                                  ]  1.378kB/83.12kB
test-ubuntu (3.14t)	Set up Docker Compose	2026-05-19T19:31:41.8322516Z  56994fce3c1a Downloading [==================================================>]  83.12kB/83.12kB
test-ubuntu (3.14t)	Set up Docker Compose	2026-05-19T19:31:41.8323885Z  56994fce3c1a Verifying Checksum 
test-ubuntu (3.14t)	Set up Docker Compose	2026-05-19T19:31:41.8324557Z  56994fce3c1a Download complete 
test-ubuntu (3.14t)	Set up Docker Compose	2026-05-19T19:31:41.8445023Z  250787e53948 Verifying Checksum 
test-ubuntu (3.14t)	Set up Docker Compose	2026-05-19T19:31:41.8445447Z  250787e53948 Download complete 
test-ubuntu (3.14t)	Set up Docker Compose	2026-05-19T19:31:41.9267836Z  b5c5a3ac416f Downloading [==>                                                ]    147MB/3.001GB
test-ubuntu (3.14t)	Set up Docker Compose	2026-05-19T19:31:41.9284458Z  1f1735923178 Downloading [>                                                  ]  145.8kB/14.31MB
test-ubuntu (3.14t)	Set up Docker Compose	2026-05-19T19:31:41.9396620Z  ac03b73ed425 Extracting [==================>                                ]  30.64MB/81.28MB
test-ubuntu (3.14t)	Set up Docker Compose	2026-05-19T19:31:41.9487641Z  57fb71246055 Extracting [============================================>      ]  26.54MB/29.78MB
test-ubuntu (3.14t)	Set up Docker Compose	2026-05-19T19:31:41.9492985Z  57fb71246055 Extracting [============================================>      ]  26.54MB/29.78MB
test-ubuntu (3.14t)	Set up Docker Compose	2026-05-19T19:31:41.9496181Z  57fb71246055 Extracting [============================================>      ]  26.54MB/29.78MB
test-ubuntu (3.14t)	Set up Docker Compose	2026-05-19T19:31:41.9647549Z  9da841cba2d1 Downloading [>                                                  ]  48.51kB/3.978MB
test-ubuntu (3.14t)	Set up Docker Compose	2026-05-19T19:31:41.9979700Z  9da841cba2d1 Downloading [==================================================>]  3.978MB/3.978MB
test-ubuntu (3.14t)	Set up Docker Compose	2026-05-19T19:31:41.9980755Z  9da841cba2d1 Verifying Checksum 
test-ubuntu (3.14t)	Set up Docker Compose	2026-05-19T19:31:41.9981968Z  9da841cba2d1 Download complete 
test-ubuntu (3.14t)	Set up Docker Compose	2026-05-19T19:31:42.0020299Z  9da841cba2d1 Extracting [>                                                  ]  65.54kB/3.978MB
test-ubuntu (3.14t)	Set up Docker Compose	2026-05-19T19:31:42.0187155Z  1f1735923178 Download complete 
test-ubuntu (3.14t)	Set up Docker Compose	2026-05-19T19:31:42.0267013Z  b5c5a3ac416f Downloading [==>                                                ]  163.8MB/3.001GB
test-ubuntu (3.14t)	Set up Docker Compose	2026-05-19T19:31:42.0341593Z  91470fc0967b Downloading [==================================================>]  2.083kB/2.083kB
test-ubuntu (3.14t)	Set up Docker Compose	2026-05-19T19:31:42.0346857Z  91470fc0967b Verifying Checksum 
test-ubuntu (3.14t)	Set up Docker Compose	2026-05-19T19:31:42.0348762Z  91470fc0967b Download complete 
test-ubuntu (3.14t)	Set up Docker Compose	2026-05-19T19:31:42.0471541Z  ac03b73ed425 Extracting [=====================>                             ]  34.54MB/81.28MB
test-ubuntu (3.14t)	Set up Docker Compose	2026-05-19T19:31:42.0567053Z  1bff2c58b4cb Downloading [==================================================>]     972B/972B
test-ubuntu (3.14t)	Set up Docker Compose	2026-05-19T19:31:42.0570697Z  1bff2c58b4cb Download complete 
test-ubuntu (3.14t)	Set up Docker Compose	2026-05-19T19:31:42.0672415Z  514fc8664ab8 Downloading [>                                                  ]  48.51kB/3.663MB
test-ubuntu (3.14t)	Set up Docker Compose	2026-05-19T19:31:42.0941002Z  514fc8664ab8 Download complete 
test-ubuntu (3.14t)	Set up Docker Compose	2026-05-19T19:31:42.1103236Z  9b972c53c46c Downloading [>                                                  ]  529.2kB/183.5MB
test-ubuntu (3.14t)	Set up Docker Compose	2026-05-19T19:31:42.1128042Z  57fb71246055 Extracting [===============================================>   ]  28.51MB/29.78MB
test-ubuntu (3.14t)	Set up Docker Compose	2026-05-19T19:31:42.1128961Z  57fb71246055 Extracting [===============================================>   ]  28.51MB/29.78MB
test-ubuntu (3.14t)	Set up Docker Compose	2026-05-19T19:31:42.1129771Z  57fb71246055 Extracting [===============================================>   ]  28.51MB/29.78MB
test-ubuntu (3.14t)	Set up Docker Compose	2026-05-19T19:31:42.1312937Z  13d2de324eed Downloading [==================================================>]     156B/156B
test-ubuntu (3.14t)	Set up Docker Compose	2026-05-19T19:31:42.1315224Z  13d2de324eed Verifying Checksum 
test-ubuntu (3.14t)	Set up Docker Compose	2026-05-19T19:31:42.1315719Z  13d2de324eed Download complete 
test-ubuntu (3.14t)	Set up Docker Compose	2026-05-19T19:31:42.1528397Z  ac03b73ed425 Extracting [=========================>                         ]  41.22MB/81.28MB
test-ubuntu (3.14t)	Set up Docker Compose	2026-05-19T19:31:42.1618953Z  222ab7740458 Downloading [==================================================>]  1.902kB/1.902kB
test-ubuntu (3.14t)	Set up Docker Compose	2026-05-19T19:31:42.1619901Z  222ab7740458 Verifying Checksum 
test-ubuntu (3.14t)	Set up Docker Compose	2026-05-19T19:31:42.1620524Z  222ab7740458 Download complete 
test-ubuntu (3.14t)	Set up Docker Compose	2026-05-19T19:31:42.2274869Z  9b972c53c46c Downloading [>                                                  ]   2.11MB/183.5MB
test-ubuntu (3.14t)	Set up Docker Compose	2026-05-19T19:31:42.2276435Z  b5c5a3ac416f Downloading [==>                                                ]  172.4MB/3.001GB
test-ubuntu (3.14t)	Set up Docker Compose	2026-05-19T19:31:42.2286154Z  9da841cba2d1 Extracting [===>                                               ]  262.1kB/3.978MB
test-ubuntu (3.14t)	Set up Docker Compose	2026-05-19T19:31:42.2555388Z  ac03b73ed425 Extracting [===============================>                   ]  51.81MB/81.28MB
test-ubuntu (3.14t)	Set up Docker Compose	2026-05-19T19:31:42.3051003Z  481282afbc43 Downloading [>                                                  ]  22.25kB/2.211MB
test-ubuntu (3.14t)	Set up Docker Compose	2026-05-19T19:31:42.3239884Z  9b972c53c46c Downloading [===>                                               ]  14.28MB/183.5MB
test-ubuntu (3.14t)	Set up Docker Compose	2026-05-19T19:31:42.3312660Z  b5c5a3ac416f Downloading [===>                                               ]  197.3MB/3.001GB
test-ubuntu (3.14t)	Set up Docker Compose	2026-05-19T19:31:42.3407151Z  481282afbc43 Verifying Checksum 
test-ubuntu (3.14t)	Set up Docker Compose	2026-05-19T19:31:42.3408006Z  481282afbc43 Download complete 
test-ubuntu (3.14t)	Set up Docker Compose	2026-05-19T19:31:42.3532564Z  9da841cba2d1 Extracting [==================>                                ]  1.442MB/3.978MB
test-ubuntu (3.14t)	Set up Docker Compose	2026-05-19T19:31:42.3534061Z  481282afbc43 Extracting [>                                                  ]  32.77kB/2.211MB
test-ubuntu (3.14t)	Set up Docker Compose	2026-05-19T19:31:42.3582142Z  ac03b73ed425 Extracting [===================================>               ]  57.93MB/81.28MB
test-ubuntu (3.14t)	Set up Docker Compose	2026-05-19T19:31:42.3676976Z  57fb71246055 Extracting [================================================>  ]  28.84MB/29.78MB
test-ubuntu (3.14t)	Set up Docker Compose	2026-05-19T19:31:42.3682205Z  57fb71246055 Extracting [================================================>  ]  28.84MB/29.78MB
test-ubuntu (3.14t)	Set up Docker Compose	2026-05-19T19:31:42.3683660Z  57fb71246055 Extracting [================================================>  ]  28.84MB/29.78MB
test-ubuntu (3.14t)	Set up Docker Compose	2026-05-19T19:31:42.4130303Z  573dc7a8ae4d Downloading [>                                                  ]  1.713kB/124.3kB
test-ubuntu (3.14t)	Set up Docker Compose	2026-05-19T19:31:42.4162343Z  573dc7a8ae4d Downloading [==================================================>]  124.3kB/124.3kB
test-ubuntu (3.14t)	Set up Docker Compose	2026-05-19T19:31:42.4163249Z  573dc7a8ae4d Verifying Checksum 
test-ubuntu (3.14t)	Set up Docker Compose	2026-05-19T19:31:42.4164054Z  573dc7a8ae4d Download complete 
test-ubuntu (3.14t)	Set up Docker Compose	2026-05-19T19:31:42.4233662Z  9da841cba2d1 Extracting [==================================================>]  3.978MB/3.978MB
test-ubuntu (3.14t)	Set up Docker Compose	2026-05-19T19:31:42.4262379Z  9b972c53c46c Downloading [=========>                                         ]  35.67MB/183.5MB
test-ubuntu (3.14t)	Set up Docker Compose	2026-05-19T19:31:42.4390841Z  b5c5a3ac416f Downloading [===>                                               ]  205.9MB/3.001GB
test-ubuntu (3.14t)	Set up Docker Compose	2026-05-19T19:31:42.4602561Z  ac03b73ed425 Extracting [==========================================>        ]  69.07MB/81.28MB
test-ubuntu (3.14t)	Set up Docker Compose	2026-05-19T19:31:42.4767413Z  d26ba0483358 Downloading [=====================================>             ]     347B/458B
test-ubuntu (3.14t)	Set up Docker Compose	2026-05-19T19:31:42.4769694Z  d26ba0483358 Downloading [==================================================>]     458B/458B
test-ubuntu (3.14t)	Set up Docker Compose	2026-05-19T19:31:42.4770973Z  d26ba0483358 Verifying Checksum 
test-ubuntu (3.14t)	Set up Docker Compose	2026-05-19T19:31:42.4771701Z  d26ba0483358 Download complete 
test-ubuntu (3.14t)	Set up Docker Compose	2026-05-19T19:31:42.5267981Z  9b972c53c46c Downloading [===============>                                   ]  55.37MB/183.5MB
test-ubuntu (3.14t)	Set up Docker Compose	2026-05-19T19:31:42.5286005Z  481282afbc43 Extracting [=====>                                             ]  262.1kB/2.211MB
test-ubuntu (3.14t)	Set up Docker Compose	2026-05-19T19:31:42.5443269Z  e90c5064d283 Downloading [>                                                  ]  536.6kB/93.66MB
test-ubuntu (3.14t)	Set up Docker Compose	2026-05-19T19:31:42.5451057Z  b5c5a3ac416f Downloading [===>                                               ]  218.3MB/3.001GB
test-ubuntu (3.14t)	Set up Docker Compose	2026-05-19T19:31:42.5655456Z  ac03b73ed425 Extracting [=================================================> ]  79.66MB/81.28MB
test-ubuntu (3.14t)	Set up Docker Compose	2026-05-19T19:31:42.6339167Z  9b972c53c46c Downloading [=====================>                             ]  78.29MB/183.5MB
test-ubuntu (3.14t)	Set up Docker Compose	2026-05-19T19:31:42.6341543Z  481282afbc43 Extracting [====================>                              ]  884.7kB/2.211MB
test-ubuntu (3.14t)	Set up Docker Compose	2026-05-19T19:31:42.6442700Z  e90c5064d283 Downloading [===>                                               ]  7.458MB/93.66MB
test-ubuntu (3.14t)	Set up Docker Compose	2026-05-19T19:31:42.6577103Z  b5c5a3ac416f Downloading [===>                                               ]    227MB/3.001GB
test-ubuntu (3.14t)	Set up Docker Compose	2026-05-19T19:31:42.7507892Z  9b972c53c46c Downloading [========================>                          ]  90.56MB/183.5MB
test-ubuntu (3.14t)	Set up Docker Compose	2026-05-19T19:31:42.7509494Z  481282afbc43 Extracting [==========================================>        ]  1.868MB/2.211MB
test-ubuntu (3.14t)	Set up Docker Compose	2026-05-19T19:31:42.7510411Z  e90c5064d283 Downloading [=======>                                           ]  14.43MB/93.66MB
test-ubuntu (3.14t)	Set up Docker Compose	2026-05-19T19:31:42.8124638Z  b5c5a3ac416f Downloading [===>                                               ]  229.1MB/3.001GB
test-ubuntu (3.14t)	Set up Docker Compose	2026-05-19T19:31:42.8183123Z  481282afbc43 Extracting [==================================================>]  2.211MB/2.211MB
test-ubuntu (3.14t)	Set up Docker Compose	2026-05-19T19:31:42.8289136Z  57fb71246055 Extracting [================================================>  ]  29.16MB/29.78MB
test-ubuntu (3.14t)	Set up Docker Compose	2026-05-19T19:31:42.8291768Z  57fb71246055 Extracting [================================================>  ]  29.16MB/29.78MB
test-ubuntu (3.14t)	Set up Docker Compose	2026-05-19T19:31:42.8293995Z  57fb71246055 Extracting [================================================>  ]  29.16MB/29.78MB
test-ubuntu (3.14t)	Set up Docker Compose	2026-05-19T19:31:42.8501780Z  9b972c53c46c Downloading [==============================>                    ]  113.5MB/183.5MB
test-ubuntu (3.14t)	Set up Docker Compose	2026-05-19T19:31:42.8826604Z  b5c5a3ac416f Downloading [====>                                              ]  246.4MB/3.001GB
test-ubuntu (3.14t)	Set up Docker Compose	2026-05-19T19:31:42.9514390Z  9b972c53c46c Downloading [=======================================>           ]    146MB/183.5MB
test-ubuntu (3.14t)	Set up Docker Compose	2026-05-19T19:31:43.0104095Z  b5c5a3ac416f Downloading [====>                                              ]  251.8MB/3.001GB
test-ubuntu (3.14t)	Set up Docker Compose	2026-05-19T19:31:43.0247114Z  e90c5064d283 Downloading [=================>                                 ]  32.05MB/93.66MB
test-ubuntu (3.14t)	Set up Docker Compose	2026-05-19T19:31:43.0604468Z  9b972c53c46c Downloading [===============================================>   ]  174.8MB/183.5MB
test-ubuntu (3.14t)	Set up Docker Compose	2026-05-19T19:31:43.0608208Z  57fb71246055 Extracting [=================================================> ]  29.49MB/29.78MB
test-ubuntu (3.14t)	Set up Docker Compose	2026-05-19T19:31:43.0609511Z  57fb71246055 Extracting [=================================================> ]  29.49MB/29.78MB
test-ubuntu (3.14t)	Set up Docker Compose	2026-05-19T19:31:43.0610721Z  57fb71246055 Extracting [=================================================> ]  29.49MB/29.78MB
test-ubuntu (3.14t)	Set up Docker Compose	2026-05-19T19:31:43.0798608Z  9da841cba2d1 Pull complete 
test-ubuntu (3.14t)	Set up Docker Compose	2026-05-19T19:31:43.0832248Z  481282afbc43 Pull complete 
test-ubuntu (3.14t)	Set up Docker Compose	2026-05-19T19:31:43.0858491Z  77265a0c00dc Pull complete 
test-ubuntu (3.14t)	Set up Docker Compose	2026-05-19T19:31:43.0859728Z  ac03b73ed425 Extracting [==================================================>]  81.28MB/81.28MB
test-ubuntu (3.14t)	Set up Docker Compose	2026-05-19T19:31:43.0880489Z  91470fc0967b Extracting [==================================================>]  2.083kB/2.083kB
test-ubuntu (3.14t)	Set up Docker Compose	2026-05-19T19:31:43.0881465Z  91470fc0967b Extracting [==================================================>]  2.083kB/2.083kB
test-ubuntu (3.14t)	Set up Docker Compose	2026-05-19T19:31:43.0920116Z  573dc7a8ae4d Extracting [=============>                                     ]  32.77kB/124.3kB
test-ubuntu (3.14t)	Set up Docker Compose	2026-05-19T19:31:43.0951177Z  573dc7a8ae4d Extracting [==================================================>]  124.3kB/124.3kB
test-ubuntu (3.14t)	Set up Docker Compose	2026-05-19T19:31:43.0972311Z  b4635ee9510c Extracting [==================================================>]     122B/122B
test-ubuntu (3.14t)	Set up Docker Compose	2026-05-19T19:31:43.0980324Z  b4635ee9510c Extracting [==================================================>]     122B/122B
test-ubuntu (3.14t)	Set up Docker Compose	2026-05-19T19:31:43.1080308Z  9b972c53c46c Verifying Checksum 
test-ubuntu (3.14t)	Set up Docker Compose	2026-05-19T19:31:43.1123220Z  b5c5a3ac416f Downloading [====>                                              ]  266.4MB/3.001GB
test-ubuntu (3.14t)	Set up Docker Compose	2026-05-19T19:31:43.1140352Z  9b972c53c46c Download complete 
test-ubuntu (3.14t)	Set up Docker Compose	2026-05-19T19:31:43.1282349Z  e90c5064d283 Downloading [==========================>                        ]  50.16MB/93.66MB
test-ubuntu (3.14t)	Set up Docker Compose	2026-05-19T19:31:43.1785274Z  92bd91292cb6 Downloading [==================================================>]     307B/307B
test-ubuntu (3.14t)	Set up Docker Compose	2026-05-19T19:31:43.1786039Z  92bd91292cb6 Verifying Checksum 
test-ubuntu (3.14t)	Set up Docker Compose	2026-05-19T19:31:43.1786463Z  92bd91292cb6 Download complete 
test-ubuntu (3.14t)	Set up Docker Compose	2026-05-19T19:31:43.1995620Z  57fb71246055 Extracting [==================================================>]  29.78MB/29.78MB
test-ubuntu (3.14t)	Set up Docker Compose	2026-05-19T19:31:43.1996840Z  57fb71246055 Extracting [==================================================>]  29.78MB/29.78MB
test-ubuntu (3.14t)	Set up Docker Compose	2026-05-19T19:31:43.1997912Z  57fb71246055 Extracting [==================================================>]  29.78MB/29.78MB
test-ubuntu (3.14t)	Set up Docker Compose	2026-05-19T19:31:43.2122781Z  0a13b90e86fb Downloading [=>                                                 ]  3.501kB/127.5kB
test-ubuntu (3.14t)	Set up Docker Compose	2026-05-19T19:31:43.2157334Z  0a13b90e86fb Downloading [==================================================>]  127.5kB/127.5kB
test-ubuntu (3.14t)	Set up Docker Compose	2026-05-19T19:31:43.2158616Z  0a13b90e86fb Verifying Checksum 
test-ubuntu (3.14t)	Set up Docker Compose	2026-05-19T19:31:43.2159282Z  0a13b90e86fb Download complete 
test-ubuntu (3.14t)	Set up Docker Compose	2026-05-19T19:31:43.2171679Z  0a13b90e86fb Extracting [============>                                      ]  32.77kB/127.5kB
test-ubuntu (3.14t)	Set up Docker Compose	2026-05-19T19:31:43.2228816Z  0a13b90e86fb Extracting [==================================================>]  127.5kB/127.5kB
test-ubuntu (3.14t)	Set up Docker Compose	2026-05-19T19:31:43.2283863Z  e90c5064d283 Downloading [========================================>          ]   75.3MB/93.66MB
test-ubuntu (3.14t)	Set up Docker Compose	2026-05-19T19:31:43.2501051Z  b5c5a3ac416f Downloading [====>                                              ]  272.9MB/3.001GB
test-ubuntu (3.14t)	Set up Docker Compose	2026-05-19T19:31:43.2594780Z  93f76af26bd1 Downloading [>                                                  ]  538.1kB/67.7MB
test-ubuntu (3.14t)	Set up Docker Compose	2026-05-19T19:31:43.3096751Z  e90c5064d283 Verifying Checksum 
test-ubuntu (3.14t)	Set up Docker Compose	2026-05-19T19:31:43.3099091Z  e90c5064d283 Download complete 
test-ubuntu (3.14t)	Set up Docker Compose	2026-05-19T19:31:43.3399018Z  75ea594db523 Downloading [==================================================>]     730B/730B
test-ubuntu (3.14t)	Set up Docker Compose	2026-05-19T19:31:43.3399856Z  75ea594db523 Verifying Checksum 
test-ubuntu (3.14t)	Set up Docker Compose	2026-05-19T19:31:43.3400327Z  75ea594db523 Download complete 
test-ubuntu (3.14t)	Set up Docker Compose	2026-05-19T19:31:43.3514730Z  b5c5a3ac416f Downloading [====>                                              ]  285.3MB/3.001GB
test-ubuntu (3.14t)	Set up Docker Compose	2026-05-19T19:31:43.3599877Z  93f76af26bd1 Downloading [====================>                              ]  28.25MB/67.7MB
test-ubuntu (3.14t)	Set up Docker Compose	2026-05-19T19:31:43.5758915Z  93f76af26bd1 Downloading [=======================>                           ]     32MB/67.7MB
test-ubuntu (3.14t)	Set up Docker Compose	2026-05-19T19:31:43.5760256Z  b5c5a3ac416f Downloading [====>                                              ]  290.2MB/3.001GB
test-ubuntu (3.14t)	Set up Docker Compose	2026-05-19T19:31:43.6220549Z  e67fdae35593 Downloading [>                                                  ]    327kB/31.42MB
test-ubuntu (3.14t)	Set up Docker Compose	2026-05-19T19:31:43.6369431Z  57fb71246055 Pull complete 
test-ubuntu (3.14t)	Set up Docker Compose	2026-05-19T19:31:43.6372559Z  57fb71246055 Pull complete 
test-ubuntu (3.14t)	Set up Docker Compose	2026-05-19T19:31:43.6373295Z  57fb71246055 Pull complete 
test-ubuntu (3.14t)	Set up Docker Compose	2026-05-19T19:31:43.6376828Z  ac03b73ed425 Pull complete 
test-ubuntu (3.14t)	Set up Docker Compose	2026-05-19T19:31:43.6437843Z  0a13b90e86fb Pull complete 
test-ubuntu (3.14t)	Set up Docker Compose	2026-05-19T19:31:43.6466366Z  69f581787942 Extracting [=>                                                 ]  32.77kB/1.293MB
test-ubuntu (3.14t)	Set up Docker Compose	2026-05-19T19:31:43.6467949Z  afff1a729121 Extracting [==================================================>]  1.171kB/1.171kB
test-ubuntu (3.14t)	Set up Docker Compose	2026-05-19T19:31:43.6468805Z  69f581787942 Extracting [=>                                                 ]  32.77kB/1.293MB
test-ubuntu (3.14t)	Set up Docker Compose	2026-05-19T19:31:43.8272867Z  b5c5a3ac416f Downloading [====>                                              ]  299.3MB/3.001GB
test-ubuntu (3.14t)	Set up Docker Compose	2026-05-19T19:31:43.8275785Z  93f76af26bd1 Downloading [===============================>                   ]  42.14MB/67.7MB
test-ubuntu (3.14t)	Set up Docker Compose	2026-05-19T19:31:43.8286012Z  e67fdae35593 Downloading [==========>                                        ]  6.553MB/31.42MB
test-ubuntu (3.14t)	Set up Docker Compose	2026-05-19T19:31:43.9126645Z  93f76af26bd1 Verifying Checksum 
test-ubuntu (3.14t)	Set up Docker Compose	2026-05-19T19:31:43.9130033Z  93f76af26bd1 Download complete 
test-ubuntu (3.14t)	Set up Docker Compose	2026-05-19T19:31:43.9207987Z  e67fdae35593 Verifying Checksum 
test-ubuntu (3.14t)	Set up Docker Compose	2026-05-19T19:31:43.9208635Z  e67fdae35593 Download complete 
test-ubuntu (3.14t)	Set up Docker Compose	2026-05-19T19:31:43.9275769Z  b5c5a3ac416f Downloading [=====>                                             ]    329MB/3.001GB
test-ubuntu (3.14t)	Set up Docker Compose	2026-05-19T19:31:43.9757546Z  c914fe955fee Downloading [====>                                              ]     377B/3.864kB
test-ubuntu (3.14t)	Set up Docker Compose	2026-05-19T19:31:43.9758506Z  c914fe955fee Downloading [==================================================>]  3.864kB/3.864kB
test-ubuntu (3.14t)	Set up Docker Compose	2026-05-19T19:31:43.9759283Z  c914fe955fee Verifying Checksum 
test-ubuntu (3.14t)	Set up Docker Compose	2026-05-19T19:31:43.9759753Z  c914fe955fee Download complete 
test-ubuntu (3.14t)	Set up Docker Compose	2026-05-19T19:31:44.0158769Z  03b1c1358482 Downloading [>                                                  ]  531.6kB/144.8MB
test-ubuntu (3.14t)	Set up Docker Compose	2026-05-19T19:31:44.0281999Z  b5c5a3ac416f Downloading [=====>                                             ]  357.6MB/3.001GB
test-ubuntu (3.14t)	Set up Docker Compose	2026-05-19T19:31:44.0318646Z  ecab2cd70e50 Downloading [=>                                                 ]     359B/9.429kB
test-ubuntu (3.14t)	Set up Docker Compose	2026-05-19T19:31:44.0320656Z  ecab2cd70e50 Downloading [==================================================>]  9.429kB/9.429kB
test-ubuntu (3.14t)	Set up Docker Compose	2026-05-19T19:31:44.0326139Z  ecab2cd70e50 Verifying Checksum 
test-ubuntu (3.14t)	Set up Docker Compose	2026-05-19T19:31:44.0339033Z  ecab2cd70e50 Download complete 
test-ubuntu (3.14t)	Set up Docker Compose	2026-05-19T19:31:44.1068878Z  e67fdae35593 Extracting [>                                                  ]  327.7kB/31.42MB
test-ubuntu (3.14t)	Set up Docker Compose	2026-05-19T19:31:44.1140770Z  0e9d048cd1fe Downloading [>                                                  ]  529.3kB/116.5MB
test-ubuntu (3.14t)	Set up Docker Compose	2026-05-19T19:31:44.1219786Z  03b1c1358482 Downloading [===>                                               ]  9.634MB/144.8MB
test-ubuntu (3.14t)	Set up Docker Compose	2026-05-19T19:31:44.1325074Z  69f581787942 Extracting [=======>                                           ]  196.6kB/1.293MB
test-ubuntu (3.14t)	Set up Docker Compose	2026-05-19T19:31:44.1328271Z  69f581787942 Extracting [=======>                                           ]  196.6kB/1.293MB
test-ubuntu (3.14t)	Set up Docker Compose	2026-05-19T19:31:44.1483646Z  b5c5a3ac416f Downloading [======>                                            ]  381.9MB/3.001GB
test-ubuntu (3.14t)	Set up Docker Compose	2026-05-19T19:31:44.4306735Z  0e9d048cd1fe Downloading [=====>                                             ]  12.26MB/116.5MB
test-ubuntu (3.14t)	Set up Docker Compose	2026-05-19T19:31:44.4376650Z  b5c5a3ac416f Downloading [======>                                            ]  385.7MB/3.001GB
test-ubuntu (3.14t)	Set up Docker Compose	2026-05-19T19:31:44.4378881Z  03b1c1358482 Downloading [=====>                                             ]  16.05MB/144.8MB
test-ubuntu (3.14t)	Set up Docker Compose	2026-05-19T19:31:44.4520292Z  e67fdae35593 Extracting [==>                                                ]  1.638MB/31.42MB
test-ubuntu (3.14t)	Set up Docker Compose	2026-05-19T19:31:44.4643935Z  69f581787942 Extracting [==========>                                        ]  262.1kB/1.293MB
test-ubuntu (3.14t)	Set up Docker Compose	2026-05-19T19:31:44.4656113Z  69f581787942 Extracting [==========>                                        ]  262.1kB/1.293MB
test-ubuntu (3.14t)	Set up Docker Compose	2026-05-19T19:31:44.6199610Z  b5c5a3ac416f Downloading [======>                                            ]  410.5MB/3.001GB
test-ubuntu (3.14t)	Set up Docker Compose	2026-05-19T19:31:44.6200379Z  0e9d048cd1fe Downloading [=============>                                     ]  30.43MB/116.5MB
test-ubuntu (3.14t)	Set up Docker Compose	2026-05-19T19:31:44.6796669Z  03b1c1358482 Downloading [=========>                                         ]  28.36MB/144.8MB
test-ubuntu (3.14t)	Set up Docker Compose	2026-05-19T19:31:44.6870067Z  69f581787942 Extracting [=============>                                     ]  360.4kB/1.293MB
test-ubuntu (3.14t)	Set up Docker Compose	2026-05-19T19:31:44.6870939Z  69f581787942 Extracting [=============>                                     ]  360.4kB/1.293MB
test-ubuntu (3.14t)	Set up Docker Compose	2026-05-19T19:31:44.7312245Z  0e9d048cd1fe Downloading [=============>                                     ]  32.56MB/116.5MB
test-ubuntu (3.14t)	Set up Docker Compose	2026-05-19T19:31:44.7319815Z  b5c5a3ac416f Downloading [======>                                            ]  412.7MB/3.001GB
test-ubuntu (3.14t)	Set up Docker Compose	2026-05-19T19:31:44.8215865Z  03b1c1358482 Downloading [==========>                                        ]  31.05MB/144.8MB
test-ubuntu (3.14t)	Set up Docker Compose	2026-05-19T19:31:44.8222798Z  69f581787942 Extracting [===========================>                       ]  720.9kB/1.293MB
test-ubuntu (3.14t)	Set up Docker Compose	2026-05-19T19:31:44.8226744Z  69f581787942 Extracting [===========================>                       ]  720.9kB/1.293MB
test-ubuntu (3.14t)	Set up Docker Compose	2026-05-19T19:31:44.8300849Z  f591ea4658bd Extracting [>                                                  ]  557.1kB/70.46MB
test-ubuntu (3.14t)	Set up Docker Compose	2026-05-19T19:31:44.8307438Z  0e9d048cd1fe Downloading [===============>                                   ]  36.29MB/116.5MB
test-ubuntu (3.14t)	Set up Docker Compose	2026-05-19T19:31:44.8316066Z  b5c5a3ac416f Downloading [======>                                            ]  415.4MB/3.001GB
test-ubuntu (3.14t)	Set up Docker Compose	2026-05-19T19:31:44.8330537Z  b4635ee9510c Pull complete 
test-ubuntu (3.14t)	Set up Docker Compose	2026-05-19T19:31:44.8333116Z  afff1a729121 Pull complete 
test-ubuntu (3.14t)	Set up Docker Compose	2026-05-19T19:31:44.8345831Z  93f76af26bd1 Extracting [>                                                  ]  557.1kB/67.7MB
test-ubuntu (3.14t)	Set up Docker Compose	2026-05-19T19:31:44.8644490Z  573dc7a8ae4d Pull complete 
test-ubuntu (3.14t)	Set up Docker Compose	2026-05-19T19:31:44.8706412Z  91470fc0967b Pull complete 
test-ubuntu (3.14t)	Set up Docker Compose	2026-05-19T19:31:44.8714096Z  d8148ed4c132 Extracting [==================================================>]     963B/963B
test-ubuntu (3.14t)	Set up Docker Compose	2026-05-19T19:31:44.8724909Z  d8148ed4c132 Extracting [==================================================>]     963B/963B
test-ubuntu (3.14t)	Set up Docker Compose	2026-05-19T19:31:44.8754178Z  d26ba0483358 Extracting [==================================================>]     458B/458B
test-ubuntu (3.14t)	Set up Docker Compose	2026-05-19T19:31:44.8756686Z  d26ba0483358 Extracting [==================================================>]     458B/458B
test-ubuntu (3.14t)	Set up Docker Compose	2026-05-19T19:31:44.8825916Z  de11576bde87 Extracting [>                                                  ]  65.54kB/6.441MB
test-ubuntu (3.14t)	Set up Docker Compose	2026-05-19T19:31:44.8842633Z  1bff2c58b4cb Extracting [==================================================>]     972B/972B
test-ubuntu (3.14t)	Set up Docker Compose	2026-05-19T19:31:44.8862897Z  1bff2c58b4cb Extracting [==================================================>]     972B/972B
test-ubuntu (3.14t)	Set up Docker Compose	2026-05-19T19:31:44.9156422Z  d26ba0483358 Pull complete 
test-ubuntu (3.14t)	Set up Docker Compose	2026-05-19T19:31:44.9256497Z  69f581787942 Extracting [================================>                  ]    852kB/1.293MB
test-ubuntu (3.14t)	Set up Docker Compose	2026-05-19T19:31:44.9278518Z  69f581787942 Extracting [================================>                  ]    852kB/1.293MB
test-ubuntu (3.14t)	Set up Docker Compose	2026-05-19T19:31:44.9313229Z  d8148ed4c132 Pull complete 
test-ubuntu (3.14t)	Set up Docker Compose	2026-05-19T19:31:44.9363346Z  03b1c1358482 Downloading [===========>                                       ]  34.25MB/144.8MB
test-ubuntu (3.14t)	Set up Docker Compose	2026-05-19T19:31:44.9634261Z  9d5d726ba80c Extracting [==================================================>]  17.25kB/17.25kB
test-ubuntu (3.14t)	Set up Docker Compose	2026-05-19T19:31:44.9651499Z  9d5d726ba80c Extracting [==================================================>]  17.25kB/17.25kB
test-ubuntu (3.14t)	Set up Docker Compose	2026-05-19T19:31:44.9662509Z  b5c5a3ac416f Downloading [=======>                                           ]  426.1MB/3.001GB
test-ubuntu (3.14t)	Set up Docker Compose	2026-05-19T19:31:44.9758432Z  0e9d048cd1fe Downloading [==================>                                ]  42.17MB/116.5MB
test-ubuntu (3.14t)	Set up Docker Compose	2026-05-19T19:31:44.9761113Z  f591ea4658bd Extracting [=>                                                 ]  1.671MB/70.46MB
test-ubuntu (3.14t)	Set up Docker Compose	2026-05-19T19:31:44.9847044Z  1bff2c58b4cb Pull complete 
test-ubuntu (3.14t)	Set up Docker Compose	2026-05-19T19:31:44.9848036Z  de11576bde87 Extracting [===>                                               ]  458.8kB/6.441MB
test-ubuntu (3.14t)	Set up Docker Compose	2026-05-19T19:31:44.9935076Z  e90c5064d283 Extracting [>                                                  ]  557.1kB/93.66MB
test-ubuntu (3.14t)	Set up Docker Compose	2026-05-19T19:31:44.9944898Z  514fc8664ab8 Extracting [>                                                  ]  65.54kB/3.663MB
test-ubuntu (3.14t)	Set up Docker Compose	2026-05-19T19:31:44.9968307Z  93f76af26bd1 Extracting [=>                                                 ]  2.228MB/67.7MB
test-ubuntu (3.14t)	Set up Docker Compose	2026-05-19T19:31:45.0178624Z  9d5d726ba80c Pull complete 
test-ubuntu (3.14t)	Set up Docker Compose	2026-05-19T19:31:45.0234170Z  b47a890975df Extracting [====================>                              ]  32.77kB/78.04kB
test-ubuntu (3.14t)	Set up Docker Compose	2026-05-19T19:31:45.0237645Z  b47a890975df Extracting [==================================================>]  78.04kB/78.04kB
test-ubuntu (3.14t)	Set up Docker Compose	2026-05-19T19:31:45.0255611Z  b47a890975df Extracting [==================================================>]  78.04kB/78.04kB
test-ubuntu (3.14t)	Set up Docker Compose	2026-05-19T19:31:45.0289082Z  e67fdae35593 Extracting [====>                                              ]  2.949MB/31.42MB
test-ubuntu (3.14t)	Set up Docker Compose	2026-05-19T19:31:45.0453214Z  03b1c1358482 Downloading [=============>                                     ]  37.99MB/144.8MB
test-ubuntu (3.14t)	Set up Docker Compose	2026-05-19T19:31:45.0934883Z  b5c5a3ac416f Downloading [=======>                                           ]  442.3MB/3.001GB
test-ubuntu (3.14t)	Set up Docker Compose	2026-05-19T19:31:45.0955260Z  514fc8664ab8 Extracting [==========>                                        ]  786.4kB/3.663MB
test-ubuntu (3.14t)	Set up Docker Compose	2026-05-19T19:31:45.0956987Z  0e9d048cd1fe Downloading [==================>                                ]  43.79MB/116.5MB
test-ubuntu (3.14t)	Set up Docker Compose	2026-05-19T19:31:45.0962801Z  de11576bde87 Extracting [===========>                                       ]  1.442MB/6.441MB
test-ubuntu (3.14t)	Set up Docker Compose	2026-05-19T19:31:45.1096073Z  b47a890975df Pull complete 
test-ubuntu (3.14t)	Set up Docker Compose	2026-05-19T19:31:45.1260082Z  e90c5064d283 Extracting [=>                                                 ]  2.228MB/93.66MB
test-ubuntu (3.14t)	Set up Docker Compose	2026-05-19T19:31:45.1311411Z  69f581787942 Extracting [===================================>               ]  917.5kB/1.293MB
test-ubuntu (3.14t)	Set up Docker Compose	2026-05-19T19:31:45.1312393Z  69f581787942 Extracting [===================================>               ]  917.5kB/1.293MB
test-ubuntu (3.14t)	Set up Docker Compose	2026-05-19T19:31:45.1314872Z  93f76af26bd1 Extracting [==>                                                ]  3.342MB/67.7MB
test-ubuntu (3.14t)	Set up Docker Compose	2026-05-19T19:31:45.1355381Z  250787e53948 Extracting [>                                                  ]  163.8kB/14.53MB
test-ubuntu (3.14t)	Set up Docker Compose	2026-05-19T19:31:45.1372100Z  f591ea4658bd Extracting [==>                                                ]  3.342MB/70.46MB
test-ubuntu (3.14t)	Set up Docker Compose	2026-05-19T19:31:45.1465934Z  69f581787942 Extracting [==================================================>]  1.293MB/1.293MB
test-ubuntu (3.14t)	Set up Docker Compose	2026-05-19T19:31:45.1467671Z  69f581787942 Extracting [==================================================>]  1.293MB/1.293MB
test-ubuntu (3.14t)	Set up Docker Compose	2026-05-19T19:31:45.1490909Z  69f581787942 Extracting [==================================================>]  1.293MB/1.293MB
test-ubuntu (3.14t)	Set up Docker Compose	2026-05-19T19:31:45.1507091Z  69f581787942 Extracting [==================================================>]  1.293MB/1.293MB
test-ubuntu (3.14t)	Set up Docker Compose	2026-05-19T19:31:45.1633916Z  e67fdae35593 Extracting [======>                                            ]  3.932MB/31.42MB
test-ubuntu (3.14t)	Set up Docker Compose	2026-05-19T19:31:45.1665935Z  03b1c1358482 Downloading [===============>                                   ]  44.45MB/144.8MB
test-ubuntu (3.14t)	Set up Docker Compose	2026-05-19T19:31:45.1843321Z  b5c5a3ac416f Downloading [=======>                                           ]    459MB/3.001GB
test-ubuntu (3.14t)	Set up Docker Compose	2026-05-19T19:31:45.1993166Z  de11576bde87 Extracting [================>                                  ]  2.163MB/6.441MB
test-ubuntu (3.14t)	Set up Docker Compose	2026-05-19T19:31:45.2082477Z  0e9d048cd1fe Downloading [======================>                            ]  52.89MB/116.5MB
test-ubuntu (3.14t)	Set up Docker Compose	2026-05-19T19:31:45.2378898Z  514fc8664ab8 Extracting [===========>                                       ]    852kB/3.663MB
test-ubuntu (3.14t)	Set up Docker Compose	2026-05-19T19:31:45.2495614Z  250787e53948 Extracting [==>                                                ]  819.2kB/14.53MB
test-ubuntu (3.14t)	Set up Docker Compose	2026-05-19T19:31:45.2556858Z  93f76af26bd1 Extracting [===>                                               ]  4.456MB/67.7MB
test-ubuntu (3.14t)	Set up Docker Compose	2026-05-19T19:31:45.2743379Z  03b1c1358482 Downloading [=================>                                 ]  49.26MB/144.8MB
test-ubuntu (3.14t)	Set up Docker Compose	2026-05-19T19:31:45.2789226Z  69f581787942 Pull complete 
test-ubuntu (3.14t)	Set up Docker Compose	2026-05-19T19:31:45.2792213Z  69f581787942 Pull complete 
test-ubuntu (3.14t)	Set up Docker Compose	2026-05-19T19:31:45.2811686Z  e67fdae35593 Extracting [========>                                          ]  5.243MB/31.42MB
test-ubuntu (3.14t)	Set up Docker Compose	2026-05-19T19:31:45.2901866Z  f591ea4658bd Extracting [===>                                               ]  4.456MB/70.46MB
test-ubuntu (3.14t)	Set up Docker Compose	2026-05-19T19:31:45.2911963Z  b5c5a3ac416f Downloading [=======>                                           ]  476.3MB/3.001GB
test-ubuntu (3.14t)	Set up Docker Compose	2026-05-19T19:31:45.2919308Z  631be4105227 Extracting [>                                                  ]  131.1kB/12.33MB
test-ubuntu (3.14t)	Set up Docker Compose	2026-05-19T19:31:45.2922570Z  e90c5064d283 Extracting [=>                                                 ]  3.342MB/93.66MB
test-ubuntu (3.14t)	Set up Docker Compose	2026-05-19T19:31:45.2924702Z  631be4105227 Extracting [>                                                  ]  131.1kB/12.33MB
test-ubuntu (3.14t)	Set up Docker Compose	2026-05-19T19:31:45.3033911Z  0e9d048cd1fe Downloading [=============================>                     ]  69.41MB/116.5MB
test-ubuntu (3.14t)	Set up Docker Compose	2026-05-19T19:31:45.3145471Z  de11576bde87 Extracting [====================>                              ]  2.687MB/6.441MB
test-ubuntu (3.14t)	Set up Docker Compose	2026-05-19T19:31:45.3584027Z  250787e53948 Extracting [======>                                            ]  1.802MB/14.53MB
test-ubuntu (3.14t)	Set up Docker Compose	2026-05-19T19:31:45.3806344Z  03b1c1358482 Downloading [===================>                               ]  55.68MB/144.8MB
test-ubuntu (3.14t)	Set up Docker Compose	2026-05-19T19:31:45.3905456Z  93f76af26bd1 Extracting [====>                                              ]  5.571MB/67.7MB
test-ubuntu (3.14t)	Set up Docker Compose	2026-05-19T19:31:45.4041375Z  0e9d048cd1fe Downloading [====================================>              ]  85.47MB/116.5MB
test-ubuntu (3.14t)	Set up Docker Compose	2026-05-19T19:31:45.4099718Z  e67fdae35593 Extracting [=========>                                         ]  6.226MB/31.42MB
test-ubuntu (3.14t)	Set up Docker Compose	2026-05-19T19:31:45.4111156Z  b5c5a3ac416f Downloading [========>                                          ]  492.5MB/3.001GB
test-ubuntu (3.14t)	Set up Docker Compose	2026-05-19T19:31:45.4180218Z  f591ea4658bd Extracting [===>                                               ]  5.571MB/70.46MB
test-ubuntu (3.14t)	Set up Docker Compose	2026-05-19T19:31:45.4336513Z  de11576bde87 Extracting [============================>                      ]   3.67MB/6.441MB
test-ubuntu (3.14t)	Set up Docker Compose	2026-05-19T19:31:45.4522672Z  e90c5064d283 Extracting [==>                                                ]  4.456MB/93.66MB
test-ubuntu (3.14t)	Set up Docker Compose	2026-05-19T19:31:45.4605525Z  250787e53948 Extracting [=======>                                           ]  2.294MB/14.53MB
test-ubuntu (3.14t)	Set up Docker Compose	2026-05-19T19:31:45.4853887Z  631be4105227 Extracting [==>                                                ]  655.4kB/12.33MB
test-ubuntu (3.14t)	Set up Docker Compose	2026-05-19T19:31:45.4865861Z  631be4105227 Extracting [==>                                                ]  655.4kB/12.33MB
test-ubuntu (3.14t)	Set up Docker Compose	2026-05-19T19:31:45.4937137Z  03b1c1358482 Downloading [=======================>                           ]  67.94MB/144.8MB
test-ubuntu (3.14t)	Set up Docker Compose	2026-05-19T19:31:45.5029870Z  0e9d048cd1fe Downloading [============================================>      ]  102.5MB/116.5MB
test-ubuntu (3.14t)	Set up Docker Compose	2026-05-19T19:31:45.5033338Z  b5c5a3ac416f Downloading [========>                                          ]  509.7MB/3.001GB
test-ubuntu (3.14t)	Set up Docker Compose	2026-05-19T19:31:45.5187416Z  514fc8664ab8 Extracting [============>                                      ]  917.5kB/3.663MB
test-ubuntu (3.14t)	Set up Docker Compose	2026-05-19T19:31:45.5189107Z  93f76af26bd1 Extracting [====>                                              ]  6.685MB/67.7MB
test-ubuntu (3.14t)	Set up Docker Compose	2026-05-19T19:31:45.5305086Z  e67fdae35593 Extracting [==========>                                        ]  6.881MB/31.42MB
test-ubuntu (3.14t)	Set up Docker Compose	2026-05-19T19:31:45.5418432Z  f591ea4658bd Extracting [====>                                              ]  6.128MB/70.46MB
test-ubuntu (3.14t)	Set up Docker Compose	2026-05-19T19:31:45.5420417Z  de11576bde87 Extracting [==================================>                ]  4.456MB/6.441MB
test-ubuntu (3.14t)	Set up Docker Compose	2026-05-19T19:31:45.5734024Z  250787e53948 Extracting [============>                                      ]  3.604MB/14.53MB
test-ubuntu (3.14t)	Set up Docker Compose	2026-05-19T19:31:45.5777701Z  e90c5064d283 Extracting [==>                                                ]  5.571MB/93.66MB
test-ubuntu (3.14t)	Set up Docker Compose	2026-05-19T19:31:45.5999151Z  03b1c1358482 Downloading [============================>                      ]  81.82MB/144.8MB
test-ubuntu (3.14t)	Set up Docker Compose	2026-05-19T19:31:45.6076529Z  0e9d048cd1fe Downloading [=================================================> ]  115.8MB/116.5MB
test-ubuntu (3.14t)	Set up Docker Compose	2026-05-19T19:31:45.6094354Z  b5c5a3ac416f Downloading [========>                                          ]  532.9MB/3.001GB
test-ubuntu (3.14t)	Set up Docker Compose	2026-05-19T19:31:45.6099355Z  0e9d048cd1fe Verifying Checksum 
test-ubuntu (3.14t)	Set up Docker Compose	2026-05-19T19:31:45.6100559Z  0e9d048cd1fe Download complete 
test-ubuntu (3.14t)	Set up Docker Compose	2026-05-19T19:31:45.6267859Z  631be4105227 Extracting [===>                                               ]  786.4kB/12.33MB
test-ubuntu (3.14t)	Set up Docker Compose	2026-05-19T19:31:45.6285553Z  631be4105227 Extracting [===>                                               ]  786.4kB/12.33MB
test-ubuntu (3.14t)	Set up Docker Compose	2026-05-19T19:31:45.6419405Z  514fc8664ab8 Extracting [==============>                                    ]  1.049MB/3.663MB
test-ubuntu (3.14t)	Set up Docker Compose	2026-05-19T19:31:45.6623027Z  e67fdae35593 Extracting [============>                                      ]  7.864MB/31.42MB
test-ubuntu (3.14t)	Set up Docker Compose	2026-05-19T19:31:45.6624975Z  93f76af26bd1 Extracting [=====>                                             ]  7.799MB/67.7MB
test-ubuntu (3.14t)	Set up Docker Compose	2026-05-19T19:31:45.6626168Z  de11576bde87 Extracting [=======================================>           ]  5.046MB/6.441MB
test-ubuntu (3.14t)	Set up Docker Compose	2026-05-19T19:31:45.6810459Z  250787e53948 Extracting [================>                                  ]  4.915MB/14.53MB
test-ubuntu (3.14t)	Set up Docker Compose	2026-05-19T19:31:45.6882310Z  f591ea4658bd Extracting [=====>                                             ]  7.242MB/70.46MB
test-ubuntu (3.14t)	Set up Docker Compose	2026-05-19T19:31:45.7057543Z  b5c5a3ac416f Downloading [=========>                                         ]  554.4MB/3.001GB
test-ubuntu (3.14t)	Set up Docker Compose	2026-05-19T19:31:45.7077966Z  03b1c1358482 Downloading [===============================>                   ]  91.95MB/144.8MB
test-ubuntu (3.14t)	Set up Docker Compose	2026-05-19T19:31:45.7265724Z  9cb31e2e37ea Downloading [>                                                  ]  302.2kB/29.54MB
test-ubuntu (3.14t)	Set up Docker Compose	2026-05-19T19:31:45.7394622Z  631be4105227 Extracting [====>                                              ]  1.049MB/12.33MB
test-ubuntu (3.14t)	Set up Docker Compose	2026-05-19T19:31:45.7402643Z  631be4105227 Extracting [====>                                              ]  1.049MB/12.33MB
test-ubuntu (3.14t)	Set up Docker Compose	2026-05-19T19:31:45.7412051Z  e90c5064d283 Extracting [===>                                               ]  6.685MB/93.66MB
test-ubuntu (3.14t)	Set up Docker Compose	2026-05-19T19:31:45.7448676Z  514fc8664ab8 Extracting [===================================>               ]  2.621MB/3.663MB
test-ubuntu (3.14t)	Set up Docker Compose	2026-05-19T19:31:45.7641887Z  93f76af26bd1 Extracting [======>                                            ]  8.913MB/67.7MB
test-ubuntu (3.14t)	Set up Docker Compose	2026-05-19T19:31:45.7718532Z  de11576bde87 Extracting [==============================================>    ]  6.029MB/6.441MB
test-ubuntu (3.14t)	Set up Docker Compose	2026-05-19T19:31:45.7835750Z  250787e53948 Extracting [====================>                              ]  5.898MB/14.53MB
test-ubuntu (3.14t)	Set up Docker Compose	2026-05-19T19:31:45.7860094Z  e67fdae35593 Extracting [==============>                                    ]  9.175MB/31.42MB
test-ubuntu (3.14t)	Set up Docker Compose	2026-05-19T19:31:45.8088867Z  b5c5a3ac416f Downloading [=========>                                         ]  577.1MB/3.001GB
test-ubuntu (3.14t)	Set up Docker Compose	2026-05-19T19:31:45.8099651Z  514fc8664ab8 Extracting [==================================================>]  3.663MB/3.663MB
test-ubuntu (3.14t)	Set up Docker Compose	2026-05-19T19:31:45.8113041Z  03b1c1358482 Downloading [==================================>                ]  98.92MB/144.8MB
test-ubuntu (3.14t)	Set up Docker Compose	2026-05-19T19:31:45.8259845Z  9cb31e2e37ea Downloading [===>                                               ]  2.157MB/29.54MB
test-ubuntu (3.14t)	Set up Docker Compose	2026-05-19T19:31:45.8324362Z  f591ea4658bd Extracting [======>                                            ]  8.913MB/70.46MB
test-ubuntu (3.14t)	Set up Docker Compose	2026-05-19T19:31:45.8511319Z  631be4105227 Extracting [==========>                                        ]  2.621MB/12.33MB
test-ubuntu (3.14t)	Set up Docker Compose	2026-05-19T19:31:45.8512916Z  631be4105227 Extracting [==========>                                        ]  2.621MB/12.33MB
test-ubuntu (3.14t)	Set up Docker Compose	2026-05-19T19:31:45.8706793Z  de11576bde87 Extracting [=================================================> ]  6.423MB/6.441MB
test-ubuntu (3.14t)	Set up Docker Compose	2026-05-19T19:31:45.8860186Z  e67fdae35593 Extracting [================>                                  ]  10.16MB/31.42MB
test-ubuntu (3.14t)	Set up Docker Compose	2026-05-19T19:31:45.8862902Z  e90c5064d283 Extracting [====>                                              ]  7.799MB/93.66MB
test-ubuntu (3.14t)	Set up Docker Compose	2026-05-19T19:31:45.8865579Z  250787e53948 Extracting [========================>                          ]  7.045MB/14.53MB
test-ubuntu (3.14t)	Set up Docker Compose	2026-05-19T19:31:45.9397827Z  de11576bde87 Extracting [==================================================>]  6.441MB/6.441MB
test-ubuntu (3.14t)	Set up Docker Compose	2026-05-19T19:31:45.9429658Z  93f76af26bd1 Extracting [=======>                                           ]  10.58MB/67.7MB
test-ubuntu (3.14t)	Set up Docker Compose	2026-05-19T19:31:46.0314510Z  b5c5a3ac416f Downloading [=========>                                         ]  589.5MB/3.001GB
test-ubuntu (3.14t)	Set up Docker Compose	2026-05-19T19:31:46.0328046Z  9cb31e2e37ea Downloading [========>                                          ]  5.203MB/29.54MB
test-ubuntu (3.14t)	Set up Docker Compose	2026-05-19T19:31:46.0336896Z  631be4105227 Extracting [============>                                      ]  3.015MB/12.33MB
test-ubuntu (3.14t)	Set up Docker Compose	2026-05-19T19:31:46.0338968Z  631be4105227 Extracting [============>                                      ]  3.015MB/12.33MB
test-ubuntu (3.14t)	Set up Docker Compose	2026-05-19T19:31:46.1256321Z  03b1c1358482 Downloading [====================================>              ]  106.4MB/144.8MB
test-ubuntu (3.14t)	Set up Docker Compose	2026-05-19T19:31:46.1276345Z  250787e53948 Extracting [========================>                          ]  7.209MB/14.53MB
test-ubuntu (3.14t)	Set up Docker Compose	2026-05-19T19:31:46.1758042Z  b5c5a3ac416f Downloading [=========>                                         ]  591.1MB/3.001GB
test-ubuntu (3.14t)	Set up Docker Compose	2026-05-19T19:31:46.1759387Z  9cb31e2e37ea Downloading [==========>                                        ]  6.132MB/29.54MB
test-ubuntu (3.14t)	Set up Docker Compose	2026-05-19T19:31:46.1799074Z  93f76af26bd1 Extracting [============>                                      ]  17.27MB/67.7MB
test-ubuntu (3.14t)	Set up Docker Compose	2026-05-19T19:31:46.2824733Z  03b1c1358482 Downloading [=====================================>             ]  109.1MB/144.8MB
test-ubuntu (3.14t)	Set up Docker Compose	2026-05-19T19:31:46.2832148Z  9cb31e2e37ea Downloading [===========>                                       ]  7.047MB/29.54MB
test-ubuntu (3.14t)	Set up Docker Compose	2026-05-19T19:31:46.2924193Z  631be4105227 Extracting [============>                                      ]  3.146MB/12.33MB
test-ubuntu (3.14t)	Set up Docker Compose	2026-05-19T19:31:46.2925461Z  631be4105227 Extracting [============>                                      ]  3.146MB/12.33MB
test-ubuntu (3.14t)	Set up Docker Compose	2026-05-19T19:31:46.2927415Z  b5c5a3ac416f Downloading [=========>                                         ]  591.6MB/3.001GB
test-ubuntu (3.14t)	Set up Docker Compose	2026-05-19T19:31:46.2930573Z  250787e53948 Extracting [=========================>                         ]  7.373MB/14.53MB
test-ubuntu (3.14t)	Set up Docker Compose	2026-05-19T19:31:46.3370390Z  e67fdae35593 Extracting [================>                                  ]  10.49MB/31.42MB
test-ubuntu (3.14t)	Set up Docker Compose	2026-05-19T19:31:46.3443492Z  f591ea4658bd Extracting [======>                                            ]   9.47MB/70.46MB
test-ubuntu (3.14t)	Set up Docker Compose	2026-05-19T19:31:46.3902036Z  9cb31e2e37ea Downloading [===============>                                   ]  8.902MB/29.54MB
test-ubuntu (3.14t)	Set up Docker Compose	2026-05-19T19:31:46.3925483Z  03b1c1358482 Downloading [======================================>            ]  111.7MB/144.8MB
test-ubuntu (3.14t)	Set up Docker Compose	2026-05-19T19:31:46.3949775Z  250787e53948 Extracting [==========================>                        ]    7.7MB/14.53MB
test-ubuntu (3.14t)	Set up Docker Compose	2026-05-19T19:31:46.4263438Z  b5c5a3ac416f Downloading [=========>                                         ]  595.9MB/3.001GB
test-ubuntu (3.14t)	Set up Docker Compose	2026-05-19T19:31:46.5352981Z  9cb31e2e37ea Downloading [=============================>                     ]  17.23MB/29.54MB
test-ubuntu (3.14t)	Set up Docker Compose	2026-05-19T19:31:46.5354502Z  b5c5a3ac416f Downloading [=========>                                         ]  597.5MB/3.001GB
test-ubuntu (3.14t)	Set up Docker Compose	2026-05-19T19:31:46.5362544Z  93f76af26bd1 Extracting [=============>                                     ]  17.83MB/67.7MB
test-ubuntu (3.14t)	Set up Docker Compose	2026-05-19T19:31:46.5384981Z  e90c5064d283 Extracting [====>                                              ]  8.356MB/93.66MB
test-ubuntu (3.14t)	Set up Docker Compose	2026-05-19T19:31:46.5403786Z  03b1c1358482 Downloading [=======================================>           ]  115.5MB/144.8MB
test-ubuntu (3.14t)	Set up Docker Compose	2026-05-19T19:31:46.5487200Z  e67fdae35593 Extracting [=================>                                 ]  10.81MB/31.42MB
test-ubuntu (3.14t)	Set up Docker Compose	2026-05-19T19:31:46.5519392Z  514fc8664ab8 Pull complete 
test-ubuntu (3.14t)	Set up Docker Compose	2026-05-19T19:31:46.5700027Z  250787e53948 Extracting [===============================>                   ]  9.175MB/14.53MB
test-ubuntu (3.14t)	Set up Docker Compose	2026-05-19T19:31:46.5906632Z  631be4105227 Extracting [=============>                                     ]  3.277MB/12.33MB
test-ubuntu (3.14t)	Set up Docker Compose	2026-05-19T19:31:46.5911045Z  631be4105227 Extracting [=============>                                     ]  3.277MB/12.33MB
test-ubuntu (3.14t)	Set up Docker Compose	2026-05-19T19:31:46.6104468Z  9cb31e2e37ea Verifying Checksum 
test-ubuntu (3.14t)	Set up Docker Compose	2026-05-19T19:31:46.6105373Z  9cb31e2e37ea Download complete 
test-ubuntu (3.14t)	Set up Docker Compose	2026-05-19T19:31:46.6441810Z  03b1c1358482 Downloading [============================================>      ]  129.4MB/144.8MB
test-ubuntu (3.14t)	Set up Docker Compose	2026-05-19T19:31:46.6462979Z  9b972c53c46c Extracting [>                                                  ]  557.1kB/183.5MB
test-ubuntu (3.14t)	Set up Docker Compose	2026-05-19T19:31:46.6482120Z  b5c5a3ac416f Downloading [==========>                                        ]  614.2MB/3.001GB
test-ubuntu (3.14t)	Set up Docker Compose	2026-05-19T19:31:46.6617075Z  f591ea4658bd Extracting [========>                                          ]  12.26MB/70.46MB
test-ubuntu (3.14t)	Set up Docker Compose	2026-05-19T19:31:46.6832672Z  93f76af26bd1 Extracting [=============>                                     ]  18.94MB/67.7MB
test-ubuntu (3.14t)	Set up Docker Compose	2026-05-19T19:31:46.6843042Z  e67fdae35593 Extracting [==================>                                ]   11.8MB/31.42MB
test-ubuntu (3.14t)	Set up Docker Compose	2026-05-19T19:31:46.6960141Z  250787e53948 Extracting [==================================>                ]  9.994MB/14.53MB
test-ubuntu (3.14t)	Set up Docker Compose	2026-05-19T19:31:46.6978074Z  e90c5064d283 Extracting [====>                                              ]  8.913MB/93.66MB
test-ubuntu (3.14t)	Set up Docker Compose	2026-05-19T19:31:46.7309781Z  2c5982b8ac03 Downloading [=============>                                     ]     378B/1.398kB
test-ubuntu (3.14t)	Set up Docker Compose	2026-05-19T19:31:46.7312056Z  2c5982b8ac03 Downloading [==================================================>]  1.398kB/1.398kB
test-ubuntu (3.14t)	Set up Docker Compose	2026-05-19T19:31:46.7321562Z  2c5982b8ac03 Verifying Checksum 
test-ubuntu (3.14t)	Set up Docker Compose	2026-05-19T19:31:46.7322460Z  2c5982b8ac03 Download complete 
test-ubuntu (3.14t)	Set up Docker Compose	2026-05-19T19:31:46.7434704Z  b5c5a3ac416f Downloading [==========>                                        ]    632MB/3.001GB
test-ubuntu (3.14t)	Set up Docker Compose	2026-05-19T19:31:46.7525103Z  03b1c1358482 Downloading [================================================>  ]  139.5MB/144.8MB
test-ubuntu (3.14t)	Set up Docker Compose	2026-05-19T19:31:46.7542604Z  631be4105227 Extracting [==============>                                    ]   3.67MB/12.33MB
test-ubuntu (3.14t)	Set up Docker Compose	2026-05-19T19:31:46.7546096Z  631be4105227 Extracting [==============>                                    ]   3.67MB/12.33MB
test-ubuntu (3.14t)	Set up Docker Compose	2026-05-19T19:31:46.7732423Z  f591ea4658bd Extracting [=========>                                         ]  12.81MB/70.46MB
test-ubuntu (3.14t)	Set up Docker Compose	2026-05-19T19:31:46.7825272Z  9b972c53c46c Extracting [>                                                  ]  1.671MB/183.5MB
test-ubuntu (3.14t)	Set up Docker Compose	2026-05-19T19:31:46.7841162Z  e67fdae35593 Extracting [====================>                              ]  12.78MB/31.42MB
test-ubuntu (3.14t)	Set up Docker Compose	2026-05-19T19:31:46.7842117Z  03b1c1358482 Verifying Checksum 
test-ubuntu (3.14t)	Set up Docker Compose	2026-05-19T19:31:46.7842995Z  03b1c1358482 Download complete 
test-ubuntu (3.14t)	Set up Docker Compose	2026-05-19T19:31:46.8073800Z  9cb31e2e37ea Extracting [>                                                  ]  327.7kB/29.54MB
test-ubuntu (3.14t)	Set up Docker Compose	2026-05-19T19:31:46.8079596Z  250787e53948 Extracting [=====================================>             ]  10.98MB/14.53MB
test-ubuntu (3.14t)	Set up Docker Compose	2026-05-19T19:31:46.8397199Z  b5c5a3ac416f Downloading [==========>                                        ]  650.2MB/3.001GB
test-ubuntu (3.14t)	Set up Docker Compose	2026-05-19T19:31:46.8468013Z  93f76af26bd1 Extracting [==============>                                    ]  20.05MB/67.7MB
test-ubuntu (3.14t)	Set up Docker Compose	2026-05-19T19:31:46.8534479Z  b3e55e2462fe Downloading [==================================================>]     173B/173B
test-ubuntu (3.14t)	Set up Docker Compose	2026-05-19T19:31:46.8540798Z  b3e55e2462fe Verifying Checksum 
test-ubuntu (3.14t)	Set up Docker Compose	2026-05-19T19:31:46.8541541Z  b3e55e2462fe Download complete 
test-ubuntu (3.14t)	Set up Docker Compose	2026-05-19T19:31:46.8809522Z  631be4105227 Extracting [================>                                  ]  4.063MB/12.33MB
test-ubuntu (3.14t)	Set up Docker Compose	2026-05-19T19:31:46.8826850Z  631be4105227 Extracting [================>                                  ]  4.063MB/12.33MB
test-ubuntu (3.14t)	Set up Docker Compose	2026-05-19T19:31:46.8939022Z  e90c5064d283 Extracting [=====>                                             ]  10.03MB/93.66MB
test-ubuntu (3.14t)	Set up Docker Compose	2026-05-19T19:31:46.9015228Z  3c4f2fffcffa Downloading [>                                                  ]  113.1kB/11.16MB
test-ubuntu (3.14t)	Set up Docker Compose	2026-05-19T19:31:46.9044507Z  e67fdae35593 Extracting [======================>                            ]  14.09MB/31.42MB
test-ubuntu (3.14t)	Set up Docker Compose	2026-05-19T19:31:46.9050133Z  9b972c53c46c Extracting [>                                                  ]  2.785MB/183.5MB
test-ubuntu (3.14t)	Set up Docker Compose	2026-05-19T19:31:46.9291024Z  9cb31e2e37ea Extracting [==>                                                ]  1.638MB/29.54MB
test-ubuntu (3.14t)	Set up Docker Compose	2026-05-19T19:31:46.9371288Z  250787e53948 Extracting [==========================================>        ]  12.29MB/14.53MB
test-ubuntu (3.14t)	Set up Docker Compose	2026-05-19T19:31:46.9418866Z  f591ea4658bd Extracting [=========>                                         ]  13.93MB/70.46MB
test-ubuntu (3.14t)	Set up Docker Compose	2026-05-19T19:31:46.9467675Z  b5c5a3ac416f Downloading [===========>                                       ]  667.5MB/3.001GB
test-ubuntu (3.14t)	Set up Docker Compose	2026-05-19T19:31:46.9517458Z  93f76af26bd1 Extracting [===============>                                   ]  21.17MB/67.7MB
test-ubuntu (3.14t)	Set up Docker Compose	2026-05-19T19:31:46.9665293Z  94160d652e91 Downloading [======================>                            ]     359B/790B
test-ubuntu (3.14t)	Set up Docker Compose	2026-05-19T19:31:46.9667346Z  94160d652e91 Downloading [==================================================>]     790B/790B
test-ubuntu (3.14t)	Set up Docker Compose	2026-05-19T19:31:46.9673137Z  94160d652e91 Verifying Checksum 
test-ubuntu (3.14t)	Set up Docker Compose	2026-05-19T19:31:46.9677589Z  94160d652e91 Download complete 
test-ubuntu (3.14t)	Set up Docker Compose	2026-05-19T19:31:46.9842360Z  631be4105227 Extracting [==================>                                ]  4.456MB/12.33MB
test-ubuntu (3.14t)	Set up Docker Compose	2026-05-19T19:31:46.9858926Z  631be4105227 Extracting [==================>                                ]  4.456MB/12.33MB
test-ubuntu (3.14t)	Set up Docker Compose	2026-05-19T19:31:46.9889549Z  de11576bde87 Pull complete 
test-ubuntu (3.14t)	Set up Docker Compose	2026-05-19T19:31:46.9999310Z  a7ee000e310e Extracting [=>                                                 ]  32.77kB/1.257MB
test-ubuntu (3.14t)	Set up Docker Compose	2026-05-19T19:31:47.0035867Z  e90c5064d283 Extracting [======>                                            ]   11.7MB/93.66MB
test-ubuntu (3.14t)	Set up Docker Compose	2026-05-19T19:31:47.0068278Z  3c4f2fffcffa Downloading [=============>                                     ]  3.017MB/11.16MB
test-ubuntu (3.14t)	Set up Docker Compose	2026-05-19T19:31:47.0292258Z  e67fdae35593 Extracting [=======================>                           ]  15.07MB/31.42MB
test-ubuntu (3.14t)	Set up Docker Compose	2026-05-19T19:31:47.0366996Z  9b972c53c46c Extracting [=>                                                 ]  3.899MB/183.5MB
test-ubuntu (3.14t)	Set up Docker Compose	2026-05-19T19:31:47.0450786Z  250787e53948 Extracting [=================================================> ]  14.42MB/14.53MB
test-ubuntu (3.14t)	Set up Docker Compose	2026-05-19T19:31:47.0514200Z  b5c5a3ac416f Downloading [===========>                                       ]  685.8MB/3.001GB
test-ubuntu (3.14t)	Set up Docker Compose	2026-05-19T19:31:47.0716430Z  c2435bf7794e Downloading [=======================================>           ]     379B/483B
test-ubuntu (3.14t)	Set up Docker Compose	2026-05-19T19:31:47.0783049Z  9cb31e2e37ea Extracting [====>                                              ]  2.949MB/29.54MB
test-ubuntu (3.14t)	Set up Docker Compose	2026-05-19T19:31:47.0784461Z  c2435bf7794e Downloading [==================================================>]     483B/483B
test-ubuntu (3.14t)	Set up Docker Compose	2026-05-19T19:31:47.0785223Z  c2435bf7794e Verifying Checksum 
test-ubuntu (3.14t)	Set up Docker Compose	2026-05-19T19:31:47.0785826Z  c2435bf7794e Download complete 
test-ubuntu (3.14t)	Set up Docker Compose	2026-05-19T19:31:47.0829708Z  250787e53948 Extracting [==================================================>]  14.53MB/14.53MB
test-ubuntu (3.14t)	Set up Docker Compose	2026-05-19T19:31:47.0927049Z  631be4105227 Extracting [=======================>                           ]  5.898MB/12.33MB
test-ubuntu (3.14t)	Set up Docker Compose	2026-05-19T19:31:47.0928669Z  631be4105227 Extracting [=======================>                           ]  5.898MB/12.33MB
test-ubuntu (3.14t)	Set up Docker Compose	2026-05-19T19:31:47.0930204Z  f591ea4658bd Extracting [==========>                                        ]  15.04MB/70.46MB
test-ubuntu (3.14t)	Set up Docker Compose	2026-05-19T19:31:47.0989918Z  93f76af26bd1 Extracting [================>                                  ]  22.28MB/67.7MB
test-ubuntu (3.14t)	Set up Docker Compose	2026-05-19T19:31:47.1076272Z  3c4f2fffcffa Downloading [===============================================>   ]  10.65MB/11.16MB
test-ubuntu (3.14t)	Set up Docker Compose	2026-05-19T19:31:47.1107437Z  3c4f2fffcffa Verifying Checksum 
test-ubuntu (3.14t)	Set up Docker Compose	2026-05-19T19:31:47.1108213Z  3c4f2fffcffa Download complete 
test-ubuntu (3.14t)	Set up Docker Compose	2026-05-19T19:31:47.1110123Z  a7ee000e310e Extracting [=================================>                 ]    852kB/1.257MB
test-ubuntu (3.14t)	Set up Docker Compose	2026-05-19T19:31:47.1230897Z  e90c5064d283 Extracting [======>                                            ]  12.81MB/93.66MB
test-ubuntu (3.14t)	Set up Docker Compose	2026-05-19T19:31:47.1601229Z  b5c5a3ac416f Downloading [===========>                                       ]  707.3MB/3.001GB
test-ubuntu (3.14t)	Set up Docker Compose	2026-05-19T19:31:47.1892668Z  f97325d8f21b Downloading [====>                                              ]     377B/4.492kB
test-ubuntu (3.14t)	Set up Docker Compose	2026-05-19T19:31:47.1947764Z  f97325d8f21b Verifying Checksum 
test-ubuntu (3.14t)	Set up Docker Compose	2026-05-19T19:31:47.1948584Z  f97325d8f21b Download complete 
test-ubuntu (3.14t)	Set up Docker Compose	2026-05-19T19:31:47.1956394Z  e67fdae35593 Extracting [=========================>                         ]  15.73MB/31.42MB
test-ubuntu (3.14t)	Set up Docker Compose	2026-05-19T19:31:47.2015904Z  9b972c53c46c Extracting [=>                                                 ]  5.014MB/183.5MB
test-ubuntu (3.14t)	Set up Docker Compose	2026-05-19T19:31:47.2144890Z  93f76af26bd1 Extracting [================>                                  ]  22.84MB/67.7MB
test-ubuntu (3.14t)	Set up Docker Compose	2026-05-19T19:31:47.2165955Z  631be4105227 Extracting [=========================>                         ]  6.291MB/12.33MB
test-ubuntu (3.14t)	Set up Docker Compose	2026-05-19T19:31:47.2190864Z  631be4105227 Extracting [=========================>                         ]  6.291MB/12.33MB
test-ubuntu (3.14t)	Set up Docker Compose	2026-05-19T19:31:47.2201114Z  9cb31e2e37ea Extracting [======>                                            ]  3.604MB/29.54MB
test-ubuntu (3.14t)	Set up Docker Compose	2026-05-19T19:31:47.2261076Z  f591ea4658bd Extracting [===========>                                       ]   15.6MB/70.46MB
test-ubuntu (3.14t)	Set up Docker Compose	2026-05-19T19:31:47.2276458Z  00fe8a009f40 Downloading [>                                                  ]  270.6kB/25.74MB
test-ubuntu (3.14t)	Set up Docker Compose	2026-05-19T19:31:47.2340314Z  a7ee000e310e Extracting [=======================================>           ]    983kB/1.257MB
test-ubuntu (3.14t)	Set up Docker Compose	2026-05-19T19:31:47.2739553Z  b5c5a3ac416f Downloading [===========>                                       ]  719.7MB/3.001GB
test-ubuntu (3.14t)	Set up Docker Compose	2026-05-19T19:31:47.3060894Z  a7ee000e310e Extracting [==================================================>]  1.257MB/1.257MB
test-ubuntu (3.14t)	Set up Docker Compose	2026-05-19T19:31:47.3088599Z  4f4fb700ef54 Downloading [==================================================>]      32B/32B
test-ubuntu (3.14t)	Set up Docker Compose	2026-05-19T19:31:47.3095862Z  4f4fb700ef54 Verifying Checksum 
test-ubuntu (3.14t)	Set up Docker Compose	2026-05-19T19:31:47.3096372Z  4f4fb700ef54 Download complete 
test-ubuntu (3.14t)	Set up Docker Compose	2026-05-19T19:31:47.3102842Z  e90c5064d283 Extracting [========>                                          ]   15.6MB/93.66MB
test-ubuntu (3.14t)	Set up Docker Compose	2026-05-19T19:31:47.3211518Z  e67fdae35593 Extracting [=========================>                         ]  16.06MB/31.42MB
test-ubuntu (3.14t)	Set up Docker Compose	2026-05-19T19:31:47.3719351Z  9cb31e2e37ea Extracting [=======>                                           ]   4.26MB/29.54MB
test-ubuntu (3.14t)	Set up Docker Compose	2026-05-19T19:31:47.3754438Z  b5c5a3ac416f Downloading [============>                                      ]  730.5MB/3.001GB
test-ubuntu (3.14t)	Set up Docker Compose	2026-05-19T19:31:47.3777739Z  00fe8a009f40 Downloading [==>                                                ]  1.318MB/25.74MB
test-ubuntu (3.14t)	Set up Docker Compose	2026-05-19T19:31:47.3863540Z  631be4105227 Extracting [==========================>                        ]  6.554MB/12.33MB
test-ubuntu (3.14t)	Set up Docker Compose	2026-05-19T19:31:47.3866300Z  631be4105227 Extracting [==========================>                        ]  6.554MB/12.33MB
test-ubuntu (3.14t)	Set up Docker Compose	2026-05-19T19:31:47.3871067Z  250787e53948 Pull complete 
test-ubuntu (3.14t)	Set up Docker Compose	2026-05-19T19:31:47.3942126Z  36e66ef758c3 Extracting [==>                                                ]  32.77kB/735.8kB
test-ubuntu (3.14t)	Set up Docker Compose	2026-05-19T19:31:47.3966010Z  9b972c53c46c Extracting [=>                                                 ]  6.128MB/183.5MB
test-ubuntu (3.14t)	Set up Docker Compose	2026-05-19T19:31:47.4078266Z  93f76af26bd1 Extracting [=================>                                 ]  23.95MB/67.7MB
test-ubuntu (3.14t)	Set up Docker Compose	2026-05-19T19:31:47.4150330Z  e90c5064d283 Extracting [========>                                          ]  16.15MB/93.66MB
test-ubuntu (3.14t)	Set up Docker Compose	2026-05-19T19:31:47.4152154Z  f591ea4658bd Extracting [===========>                                       ]  16.15MB/70.46MB
test-ubuntu (3.14t)	Set up Docker Compose	2026-05-19T19:31:47.4269173Z  06936fd22673 Downloading [====================>                              ]  1.378kB/3.436kB
test-ubuntu (3.14t)	Set up Docker Compose	2026-05-19T19:31:47.4321829Z  06936fd22673 Download complete 
test-ubuntu (3.14t)	Set up Docker Compose	2026-05-19T19:31:47.4637341Z  e67fdae35593 Extracting [==========================>                        ]  16.38MB/31.42MB
test-ubuntu (3.14t)	Set up Docker Compose	2026-05-19T19:31:47.4848669Z  00fe8a009f40 Downloading [========>                                          ]  4.213MB/25.74MB
test-ubuntu (3.14t)	Set up Docker Compose	2026-05-19T19:31:47.4855474Z  9cb31e2e37ea Extracting [========>                                          ]  5.243MB/29.54MB
test-ubuntu (3.14t)	Set up Docker Compose	2026-05-19T19:31:47.4944970Z  b5c5a3ac416f Downloading [============>                                      ]    751MB/3.001GB
test-ubuntu (3.14t)	Set up Docker Compose	2026-05-19T19:31:47.4946302Z  36e66ef758c3 Extracting [===============================>                   ]  458.8kB/735.8kB
test-ubuntu (3.14t)	Set up Docker Compose	2026-05-19T19:31:47.5048273Z  631be4105227 Extracting [==============================>                    ]  7.471MB/12.33MB
test-ubuntu (3.14t)	Set up Docker Compose	2026-05-19T19:31:47.5056362Z  631be4105227 Extracting [==============================>                    ]  7.471MB/12.33MB
test-ubuntu (3.14t)	Set up Docker Compose	2026-05-19T19:31:47.5236814Z  9b972c53c46c Extracting [=>                                                 ]  7.242MB/183.5MB
test-ubuntu (3.14t)	Set up Docker Compose	2026-05-19T19:31:47.5282245Z  36e66ef758c3 Extracting [==================================================>]  735.8kB/735.8kB
test-ubuntu (3.14t)	Set up Docker Compose	2026-05-19T19:31:47.5449629Z  a7ee000e310e Pull complete 
test-ubuntu (3.14t)	Set up Docker Compose	2026-05-19T19:31:47.5450901Z  7a97a7bd35bb Extracting [>                                                  ]   98.3kB/8.204MB
test-ubuntu (3.14t)	Set up Docker Compose	2026-05-19T19:31:47.5466334Z  f591ea4658bd Extracting [============>                                      ]  17.27MB/70.46MB
test-ubuntu (3.14t)	Set up Docker Compose	2026-05-19T19:31:47.5472082Z  4f4fb700ef54 Downloading [==================================================>]      32B/32B
test-ubuntu (3.14t)	Set up Docker Compose	2026-05-19T19:31:47.5477225Z  93f76af26bd1 Extracting [==================>                                ]  25.07MB/67.7MB
test-ubuntu (3.14t)	Set up Docker Compose	2026-05-19T19:31:47.5483893Z  4f4fb700ef54 Verifying Checksum 
test-ubuntu (3.14t)	Set up Docker Compose	2026-05-19T19:31:47.5484513Z  4f4fb700ef54 Download complete 
test-ubuntu (3.14t)	Set up Docker Compose	2026-05-19T19:31:47.5840360Z  b5c5a3ac416f Downloading [============>                                      ]    764MB/3.001GB
test-ubuntu (3.14t)	Set up Docker Compose	2026-05-19T19:31:47.5874713Z  00fe8a009f40 Downloading [=================>                                 ]  8.992MB/25.74MB
test-ubuntu (3.14t)	Set up Docker Compose	2026-05-19T19:31:47.5883036Z  e90c5064d283 Extracting [=========>                                         ]  17.27MB/93.66MB
test-ubuntu (3.14t)	Set up Docker Compose	2026-05-19T19:31:47.6083111Z  631be4105227 Extracting [================================>                  ]  8.126MB/12.33MB
test-ubuntu (3.14t)	Set up Docker Compose	2026-05-19T19:31:47.6094018Z  631be4105227 Extracting [================================>                  ]  8.126MB/12.33MB
test-ubuntu (3.14t)	Set up Docker Compose	2026-05-19T19:31:47.6217061Z  9cb31e2e37ea Extracting [=========>                                         ]  5.898MB/29.54MB
test-ubuntu (3.14t)	Set up Docker Compose	2026-05-19T19:31:47.6220250Z  9b972c53c46c Extracting [==>                                                ]  7.799MB/183.5MB
test-ubuntu (3.14t)	Set up Docker Compose	2026-05-19T19:31:47.6329631Z  36e66ef758c3 Pull complete 
test-ubuntu (3.14t)	Set up Docker Compose	2026-05-19T19:31:47.6447775Z  56994fce3c1a Extracting [===================>                               ]  32.77kB/83.12kB
test-ubuntu (3.14t)	Set up Docker Compose	2026-05-19T19:31:47.6455721Z  e67fdae35593 Extracting [===========================>                       ]  17.37MB/31.42MB
test-ubuntu (3.14t)	Set up Docker Compose	2026-05-19T19:31:47.6457258Z  56994fce3c1a Extracting [==================================================>]  83.12kB/83.12kB
test-ubuntu (3.14t)	Set up Docker Compose	2026-05-19T19:31:47.6860680Z  93f76af26bd1 Extracting [===================>                               ]  26.18MB/67.7MB
test-ubuntu (3.14t)	Set up Docker Compose	2026-05-19T19:31:47.6899661Z  b5c5a3ac416f Downloading [=============>                                     ]  781.7MB/3.001GB
test-ubuntu (3.14t)	Set up Docker Compose	2026-05-19T19:31:47.6980983Z  f591ea4658bd Extracting [==============>                                    ]  20.05MB/70.46MB
test-ubuntu (3.14t)	Set up Docker Compose	2026-05-19T19:31:47.6992943Z  00fe8a009f40 Downloading [==========================================>        ]  21.89MB/25.74MB
test-ubuntu (3.14t)	Set up Docker Compose	2026-05-19T19:31:47.7060588Z  7a97a7bd35bb Extracting [=>                                                 ]  196.6kB/8.204MB
test-ubuntu (3.14t)	Set up Docker Compose	2026-05-19T19:31:47.7170492Z  631be4105227 Extracting [===================================>               ]  8.651MB/12.33MB
test-ubuntu (3.14t)	Set up Docker Compose	2026-05-19T19:31:47.7172062Z  631be4105227 Extracting [===================================>               ]  8.651MB/12.33MB
test-ubuntu (3.14t)	Set up Docker Compose	2026-05-19T19:31:47.7262660Z  9cb31e2e37ea Extracting [===========>                                       ]  6.554MB/29.54MB
test-ubuntu (3.14t)	Set up Docker Compose	2026-05-19T19:31:47.7280541Z  0124d324831b Downloading [>                                                  ]  539.4kB/249.5MB
test-ubuntu (3.14t)	Set up Docker Compose	2026-05-19T19:31:47.7381292Z  00fe8a009f40 Verifying Checksum 
test-ubuntu (3.14t)	Set up Docker Compose	2026-05-19T19:31:47.7390062Z  00fe8a009f40 Download complete 
test-ubuntu (3.14t)	Set up Docker Compose	2026-05-19T19:31:47.7405217Z  9b972c53c46c Extracting [==>                                                ]  8.913MB/183.5MB
test-ubuntu (3.14t)	Set up Docker Compose	2026-05-19T19:31:47.7536274Z  e90c5064d283 Extracting [==========>                                        ]  18.94MB/93.66MB
test-ubuntu (3.14t)	Set up Docker Compose	2026-05-19T19:31:47.7812501Z  e67fdae35593 Extracting [=============================>                     ]  18.68MB/31.42MB
test-ubuntu (3.14t)	Set up Docker Compose	2026-05-19T19:31:47.7941540Z  b5c5a3ac416f Downloading [=============>                                     ]  798.4MB/3.001GB
test-ubuntu (3.14t)	Set up Docker Compose	2026-05-19T19:31:47.8059213Z  f591ea4658bd Extracting [==============>                                    ]  20.61MB/70.46MB
test-ubuntu (3.14t)	Set up Docker Compose	2026-05-19T19:31:47.8184899Z  93f76af26bd1 Extracting [====================>                              ]   27.3MB/67.7MB
test-ubuntu (3.14t)	Set up Docker Compose	2026-05-19T19:31:47.8414413Z  0124d324831b Downloading [=>                                                 ]  7.516MB/249.5MB
test-ubuntu (3.14t)	Set up Docker Compose	2026-05-19T19:31:47.8415890Z  631be4105227 Extracting [=====================================>             ]  9.175MB/12.33MB
test-ubuntu (3.14t)	Set up Docker Compose	2026-05-19T19:31:47.8458935Z  631be4105227 Extracting [=====================================>             ]  9.175MB/12.33MB
test-ubuntu (3.14t)	Set up Docker Compose	2026-05-19T19:31:47.8463768Z  9cb31e2e37ea Extracting [============>                                      ]  7.537MB/29.54MB
test-ubuntu (3.14t)	Set up Docker Compose	2026-05-19T19:31:47.8609188Z  eded19f67da4 Downloading [>                                                  ]  2.756kB/167.6kB
test-ubuntu (3.14t)	Set up Docker Compose	2026-05-19T19:31:47.8642929Z  eded19f67da4 Downloading [==================================================>]  167.6kB/167.6kB
test-ubuntu (3.14t)	Set up Docker Compose	2026-05-19T19:31:47.8644076Z  eded19f67da4 Verifying Checksum 
test-ubuntu (3.14t)	Set up Docker Compose	2026-05-19T19:31:47.8644633Z  eded19f67da4 Download complete 
test-ubuntu (3.14t)	Set up Docker Compose	2026-05-19T19:31:47.8871630Z  56994fce3c1a Pull complete 
test-ubuntu (3.14t)	Set up Docker Compose	2026-05-19T19:31:47.8916120Z  b5c5a3ac416f Downloading [=============>                                     ]  814.6MB/3.001GB
test-ubuntu (3.14t)	Set up Docker Compose	2026-05-19T19:31:47.8956528Z  e67fdae35593 Extracting [==============================>                    ]  19.01MB/31.42MB
test-ubuntu (3.14t)	Set up Docker Compose	2026-05-19T19:31:47.8962402Z  1f1735923178 Extracting [>                                                  ]  163.8kB/14.31MB
test-ubuntu (3.14t)	Set up Docker Compose	2026-05-19T19:31:47.9035402Z  e90c5064d283 Extracting [==========>                                        ]   19.5MB/93.66MB
test-ubuntu (3.14t)	Set up Docker Compose	2026-05-19T19:31:47.9140239Z  9b972c53c46c Extracting [==>                                                ]  10.03MB/183.5MB
test-ubuntu (3.14t)	Set up Docker Compose	2026-05-19T19:31:47.9148327Z  7a97a7bd35bb Extracting [=======>                                           ]   1.18MB/8.204MB
test-ubuntu (3.14t)	Set up Docker Compose	2026-05-19T19:31:47.9324369Z  93f76af26bd1 Extracting [====================>                              ]  27.85MB/67.7MB
test-ubuntu (3.14t)	Set up Docker Compose	2026-05-19T19:31:47.9366627Z  0124d324831b Downloading [====>                                              ]  23.13MB/249.5MB
test-ubuntu (3.14t)	Set up Docker Compose	2026-05-19T19:31:47.9371492Z  f591ea4658bd Extracting [===============>                                   ]  21.17MB/70.46MB
test-ubuntu (3.14t)	Set up Docker Compose	2026-05-19T19:31:47.9515732Z  631be4105227 Extracting [======================================>            ]  9.437MB/12.33MB
test-ubuntu (3.14t)	Set up Docker Compose	2026-05-19T19:31:47.9534369Z  631be4105227 Extracting [======================================>            ]  9.437MB/12.33MB
test-ubuntu (3.14t)	Set up Docker Compose	2026-05-19T19:31:47.9626164Z  589002ba0eae Downloading [>                                                  ]  48.49kB/3.862MB
test-ubuntu (3.14t)	Set up Docker Compose	2026-05-19T19:31:48.0013820Z  b5c5a3ac416f Downloading [=============>                                     ]  834.5MB/3.001GB
test-ubuntu (3.14t)	Set up Docker Compose	2026-05-19T19:31:48.0144072Z  e67fdae35593 Extracting [===============================>                   ]  19.99MB/31.42MB
test-ubuntu (3.14t)	Set up Docker Compose	2026-05-19T19:31:48.0162673Z  7a97a7bd35bb Extracting [==========>                                        ]  1.671MB/8.204MB
test-ubuntu (3.14t)	Set up Docker Compose	2026-05-19T19:31:48.0168148Z  1f1735923178 Extracting [====>                                              ]  1.147MB/14.31MB
test-ubuntu (3.14t)	Set up Docker Compose	2026-05-19T19:31:48.0263234Z  9cb31e2e37ea Extracting [=============>                                     ]  7.864MB/29.54MB
test-ubuntu (3.14t)	Set up Docker Compose	2026-05-19T19:31:48.0402361Z  9b972c53c46c Extracting [===>                                               ]  11.14MB/183.5MB
test-ubuntu (3.14t)	Set up Docker Compose	2026-05-19T19:31:48.0451250Z  0124d324831b Downloading [=======>                                           ]  38.72MB/249.5MB
test-ubuntu (3.14t)	Set up Docker Compose	2026-05-19T19:31:48.0729010Z  e90c5064d283 Extracting [===========>                                       ]  20.61MB/93.66MB
test-ubuntu (3.14t)	Set up Docker Compose	2026-05-19T19:31:48.0744497Z  589002ba0eae Downloading [===============>                                   ]  1.228MB/3.862MB
test-ubuntu (3.14t)	Set up Docker Compose	2026-05-19T19:31:48.0759432Z  631be4105227 Extracting [=======================================>           ]  9.699MB/12.33MB
test-ubuntu (3.14t)	Set up Docker Compose	2026-05-19T19:31:48.0760674Z  631be4105227 Extracting [=======================================>           ]  9.699MB/12.33MB
test-ubuntu (3.14t)	Set up Docker Compose	2026-05-19T19:31:48.0968074Z  b5c5a3ac416f Downloading [==============>                                    ]  855.5MB/3.001GB
test-ubuntu (3.14t)	Set up Docker Compose	2026-05-19T19:31:48.1048859Z  f591ea4658bd Extracting [===============>                                   ]  22.28MB/70.46MB
test-ubuntu (3.14t)	Set up Docker Compose	2026-05-19T19:31:48.1143125Z  93f76af26bd1 Extracting [=====================>                             ]  28.97MB/67.7MB
test-ubuntu (3.14t)	Set up Docker Compose	2026-05-19T19:31:48.1168633Z  1f1735923178 Extracting [=======>                                           ]   2.13MB/14.31MB
test-ubuntu (3.14t)	Set up Docker Compose	2026-05-19T19:31:48.1334661Z  e67fdae35593 Extracting [=================================>                 ]  20.97MB/31.42MB
test-ubuntu (3.14t)	Set up Docker Compose	2026-05-19T19:31:48.1506032Z  7a97a7bd35bb Extracting [=================>                                 ]  2.851MB/8.204MB
test-ubuntu (3.14t)	Set up Docker Compose	2026-05-19T19:31:48.1524989Z  9cb31e2e37ea Extracting [=============>                                     ]  8.192MB/29.54MB
test-ubuntu (3.14t)	Set up Docker Compose	2026-05-19T19:31:48.1582959Z  0124d324831b Downloading [============>                                      ]  62.34MB/249.5MB
test-ubuntu (3.14t)	Set up Docker Compose	2026-05-19T19:31:48.1765454Z  589002ba0eae Downloading [========================================>          ]  3.145MB/3.862MB
test-ubuntu (3.14t)	Set up Docker Compose	2026-05-19T19:31:48.1901329Z  589002ba0eae Verifying Checksum 
test-ubuntu (3.14t)	Set up Docker Compose	2026-05-19T19:31:48.1935894Z  589002ba0eae Download complete 
test-ubuntu (3.14t)	Set up Docker Compose	2026-05-19T19:31:48.1937011Z  589002ba0eae Extracting [>                                                  ]  65.54kB/3.862MB
test-ubuntu (3.14t)	Set up Docker Compose	2026-05-19T19:31:48.1960979Z  b5c5a3ac416f Downloading [==============>                                    ]  868.3MB/3.001GB
test-ubuntu (3.14t)	Set up Docker Compose	2026-05-19T19:31:48.2144994Z  9b972c53c46c Extracting [===>                                               ]  12.26MB/183.5MB
test-ubuntu (3.14t)	Set up Docker Compose	2026-05-19T19:31:48.2224379Z  e90c5064d283 Extracting [===========>                                       ]  21.73MB/93.66MB
test-ubuntu (3.14t)	Set up Docker Compose	2026-05-19T19:31:48.2424311Z  631be4105227 Extracting [========================================>          ]  9.961MB/12.33MB
test-ubuntu (3.14t)	Set up Docker Compose	2026-05-19T19:31:48.2434525Z  631be4105227 Extracting [========================================>          ]  9.961MB/12.33MB
test-ubuntu (3.14t)	Set up Docker Compose	2026-05-19T19:31:48.2545538Z  1f1735923178 Extracting [==========>                                        ]  3.113MB/14.31MB
test-ubuntu (3.14t)	Set up Docker Compose	2026-05-19T19:31:48.2589778Z  e67fdae35593 Extracting [==================================>                ]  21.95MB/31.42MB
test-ubuntu (3.14t)	Set up Docker Compose	2026-05-19T19:31:48.2640391Z  0124d324831b Downloading [================>                                  ]  81.16MB/249.5MB
test-ubuntu (3.14t)	Set up Docker Compose	2026-05-19T19:31:48.2698546Z  7a97a7bd35bb Extracting [===================>                               ]  3.146MB/8.204MB
test-ubuntu (3.14t)	Set up Docker Compose	2026-05-19T19:31:48.2715887Z  f591ea4658bd Extracting [================>                                  ]   23.4MB/70.46MB
test-ubuntu (3.14t)	Set up Docker Compose	2026-05-19T19:31:48.2716791Z  9cb31e2e37ea Extracting [==============>                                    ]   8.52MB/29.54MB
test-ubuntu (3.14t)	Set up Docker Compose	2026-05-19T19:31:48.2942848Z  589002ba0eae Extracting [=========>                                         ]  720.9kB/3.862MB
test-ubuntu (3.14t)	Set up Docker Compose	2026-05-19T19:31:48.2946459Z  63849d89c66d Downloading [==================================================>]     142B/142B
test-ubuntu (3.14t)	Set up Docker Compose	2026-05-19T19:31:48.2960333Z  63849d89c66d Verifying Checksum 
test-ubuntu (3.14t)	Set up Docker Compose	2026-05-19T19:31:48.2961284Z  63849d89c66d Download complete 
test-ubuntu (3.14t)	Set up Docker Compose	2026-05-19T19:31:48.3080436Z  b5c5a3ac416f Downloading [==============>                                    ]  890.4MB/3.001GB
test-ubuntu (3.14t)	Set up Docker Compose	2026-05-19T19:31:48.3083184Z  93f76af26bd1 Extracting [======================>                            ]  30.08MB/67.7MB
test-ubuntu (3.14t)	Set up Docker Compose	2026-05-19T19:31:48.3626486Z  0124d324831b Downloading [===================>                               ]  97.75MB/249.5MB
test-ubuntu (3.14t)	Set up Docker Compose	2026-05-19T19:31:48.3642147Z  1f1735923178 Extracting [=============>                                     ]  3.768MB/14.31MB
test-ubuntu (3.14t)	Set up Docker Compose	2026-05-19T19:31:48.3779991Z  9b972c53c46c Extracting [===>                                               ]  13.37MB/183.5MB
test-ubuntu (3.14t)	Set up Docker Compose	2026-05-19T19:31:48.3794513Z  7a97a7bd35bb Extracting [=======================>                           ]  3.834MB/8.204MB
test-ubuntu (3.14t)	Set up Docker Compose	2026-05-19T19:31:48.3880026Z  631be4105227 Extracting [===========================================>       ]  10.62MB/12.33MB
test-ubuntu (3.14t)	Set up Docker Compose	2026-05-19T19:31:48.3880976Z  631be4105227 Extracting [===========================================>       ]  10.62MB/12.33MB
test-ubuntu (3.14t)	Set up Docker Compose	2026-05-19T19:31:48.3897439Z  e67fdae35593 Extracting [====================================>              ]  22.94MB/31.42MB
test-ubuntu (3.14t)	Set up Docker Compose	2026-05-19T19:31:48.3898585Z  e90c5064d283 Extracting [============>                                      ]  22.84MB/93.66MB
test-ubuntu (3.14t)	Set up Docker Compose	2026-05-19T19:31:48.4020381Z  b5c5a3ac416f Downloading [===============>                                   ]  904.4MB/3.001GB
test-ubuntu (3.14t)	Set up Docker Compose	2026-05-19T19:31:48.4105222Z  589002ba0eae Extracting [==========>                                        ]  786.4kB/3.862MB
test-ubuntu (3.14t)	Set up Docker Compose	2026-05-19T19:31:48.4107146Z  8a3c71b80346 Downloading [>                                                  ]  48.49kB/3.847MB
test-ubuntu (3.14t)	Set up Docker Compose	2026-05-19T19:31:48.4116012Z  93f76af26bd1 Extracting [======================>                            ]  30.64MB/67.7MB
test-ubuntu (3.14t)	Set up Docker Compose	2026-05-19T19:31:48.4324866Z  9cb31e2e37ea Extracting [===============>                                   ]  9.175MB/29.54MB
test-ubuntu (3.14t)	Set up Docker Compose	2026-05-19T19:31:48.4652461Z  f591ea4658bd Extracting [=================>                                 ]  24.51MB/70.46MB
test-ubuntu (3.14t)	Set up Docker Compose	2026-05-19T19:31:48.4654838Z  1f1735923178 Extracting [===============>                                   ]  4.424MB/14.31MB
test-ubuntu (3.14t)	Set up Docker Compose	2026-05-19T19:31:48.4687636Z  0124d324831b Downloading [======================>                            ]  114.4MB/249.5MB
test-ubuntu (3.14t)	Set up Docker Compose	2026-05-19T19:31:48.4924850Z  e67fdae35593 Extracting [======================================>            ]  23.92MB/31.42MB
test-ubuntu (3.14t)	Set up Docker Compose	2026-05-19T19:31:48.5052617Z  b5c5a3ac416f Downloading [===============>                                   ]    920MB/3.001GB
test-ubuntu (3.14t)	Set up Docker Compose	2026-05-19T19:31:48.5131448Z  8a3c71b80346 Downloading [==================================>                ]  2.654MB/3.847MB
test-ubuntu (3.14t)	Set up Docker Compose	2026-05-19T19:31:48.5142967Z  7a97a7bd35bb Extracting [=======================>                           ]  3.932MB/8.204MB
test-ubuntu (3.14t)	Set up Docker Compose	2026-05-19T19:31:48.5297987Z  631be4105227 Extracting [============================================>      ]  11.01MB/12.33MB
test-ubuntu (3.14t)	Set up Docker Compose	2026-05-19T19:31:48.5301110Z  631be4105227 Extracting [============================================>      ]  11.01MB/12.33MB
test-ubuntu (3.14t)	Set up Docker Compose	2026-05-19T19:31:48.5355116Z  e90c5064d283 Extracting [============>                                      ]  23.95MB/93.66MB
test-ubuntu (3.14t)	Set up Docker Compose	2026-05-19T19:31:48.5363014Z  9b972c53c46c Extracting [===>                                               ]  14.48MB/183.5MB
test-ubuntu (3.14t)	Set up Docker Compose	2026-05-19T19:31:48.5666341Z  0124d324831b Downloading [==========================>                        ]    130MB/249.5MB
test-ubuntu (3.14t)	Set up Docker Compose	2026-05-19T19:31:48.5670219Z  589002ba0eae Extracting [=================>                                 ]  1.376MB/3.862MB
test-ubuntu (3.14t)	Set up Docker Compose	2026-05-19T19:31:48.5687880Z  8a3c71b80346 Verifying Checksum 
test-ubuntu (3.14t)	Set up Docker Compose	2026-05-19T19:31:48.5698328Z  8a3c71b80346 Download complete 
test-ubuntu (3.14t)	Set up Docker Compose	2026-05-19T19:31:48.5787486Z  1f1735923178 Extracting [==================>                                ]  5.243MB/14.31MB
test-ubuntu (3.14t)	Set up Docker Compose	2026-05-19T19:31:48.6001263Z  93f76af26bd1 Extracting [=======================>                           ]  31.75MB/67.7MB
test-ubuntu (3.14t)	Set up Docker Compose	2026-05-19T19:31:48.6012904Z  9cb31e2e37ea Extracting [================>                                  ]   9.83MB/29.54MB
test-ubuntu (3.14t)	Set up Docker Compose	2026-05-19T19:31:48.6136439Z  b5c5a3ac416f Downloading [===============>                                   ]  938.3MB/3.001GB
test-ubuntu (3.14t)	Set up Docker Compose	2026-05-19T19:31:48.6153144Z  e67fdae35593 Extracting [=======================================>           ]  24.58MB/31.42MB
test-ubuntu (3.14t)	Set up Docker Compose	2026-05-19T19:31:48.6301178Z  7a97a7bd35bb Extracting [===========================>                       ]  4.522MB/8.204MB
test-ubuntu (3.14t)	Set up Docker Compose	2026-05-19T19:31:48.6691238Z  56c2f4d51269 Downloading [>                                                  ]  97.64kB/8.735MB
test-ubuntu (3.14t)	Set up Docker Compose	2026-05-19T19:31:48.6710148Z  589002ba0eae Extracting [========================>                          ]  1.901MB/3.862MB
test-ubuntu (3.14t)	Set up Docker Compose	2026-05-19T19:31:48.6760474Z  0124d324831b Downloading [============================>                      ]  142.9MB/249.5MB
test-ubuntu (3.14t)	Set up Docker Compose	2026-05-19T19:31:48.7023281Z  9cb31e2e37ea Extracting [=================>                                 ]  10.16MB/29.54MB
test-ubuntu (3.14t)	Set up Docker Compose	2026-05-19T19:31:48.7035584Z  631be4105227 Extracting [=============================================>     ]  11.27MB/12.33MB
test-ubuntu (3.14t)	Set up Docker Compose	2026-05-19T19:31:48.7040996Z  631be4105227 Extracting [=============================================>     ]  11.27MB/12.33MB
test-ubuntu (3.14t)	Set up Docker Compose	2026-05-19T19:31:48.7058692Z  b5c5a3ac416f Downloading [===============>                                   ]  956.6MB/3.001GB
test-ubuntu (3.14t)	Set up Docker Compose	2026-05-19T19:31:48.7115005Z  9b972c53c46c Extracting [====>                                              ]   15.6MB/183.5MB
test-ubuntu (3.14t)	Set up Docker Compose	2026-05-19T19:31:48.7218793Z  1f1735923178 Extracting [====================>                              ]  5.898MB/14.31MB
test-ubuntu (3.14t)	Set up Docker Compose	2026-05-19T19:31:48.7431424Z  e67fdae35593 Extracting [========================================>          ]  25.56MB/31.42MB
test-ubuntu (3.14t)	Set up Docker Compose	2026-05-19T19:31:48.7476163Z  e90c5064d283 Extracting [=============>                                     ]  25.07MB/93.66MB
test-ubuntu (3.14t)	Set up Docker Compose	2026-05-19T19:31:48.7655361Z  0124d324831b Downloading [================================>                  ]  162.8MB/249.5MB
test-ubuntu (3.14t)	Set up Docker Compose	2026-05-19T19:31:48.7658244Z  f591ea4658bd Extracting [=================>                                 ]  25.07MB/70.46MB
test-ubuntu (3.14t)	Set up Docker Compose	2026-05-19T19:31:48.7746762Z  56c2f4d51269 Downloading [=======>                                           ]  1.277MB/8.735MB
test-ubuntu (3.14t)	Set up Docker Compose	2026-05-19T19:31:48.7861259Z  93f76af26bd1 Extracting [========================>                          ]  32.87MB/67.7MB
test-ubuntu (3.14t)	Set up Docker Compose	2026-05-19T19:31:48.7869698Z  589002ba0eae Extracting [=================================>                 ]  2.621MB/3.862MB
test-ubuntu (3.14t)	Set up Docker Compose	2026-05-19T19:31:48.8081212Z  b5c5a3ac416f Downloading [================>                                  ]  977.6MB/3.001GB
test-ubuntu (3.14t)	Set up Docker Compose	2026-05-19T19:31:48.8312449Z  631be4105227 Extracting [==============================================>    ]  11.53MB/12.33MB
test-ubuntu (3.14t)	Set up Docker Compose	2026-05-19T19:31:48.8338177Z  631be4105227 Extracting [==============================================>    ]  11.53MB/12.33MB
test-ubuntu (3.14t)	Set up Docker Compose	2026-05-19T19:31:48.8443188Z  1f1735923178 Extracting [========================>                          ]  6.881MB/14.31MB
test-ubuntu (3.14t)	Set up Docker Compose	2026-05-19T19:31:48.8450812Z  9cb31e2e37ea Extracting [==================>                                ]  11.14MB/29.54MB
test-ubuntu (3.14t)	Set up Docker Compose	2026-05-19T19:31:48.8531680Z  e67fdae35593 Extracting [==========================================>        ]  26.54MB/31.42MB
test-ubuntu (3.14t)	Set up Docker Compose	2026-05-19T19:31:48.8672906Z  0124d324831b Downloading [====================================>              ]  181.6MB/249.5MB
test-ubuntu (3.14t)	Set up Docker Compose	2026-05-19T19:31:48.8713051Z  9b972c53c46c Extracting [====>                                              ]  16.71MB/183.5MB
test-ubuntu (3.14t)	Set up Docker Compose	2026-05-19T19:31:48.8750215Z  7a97a7bd35bb Extracting [=============================>                     ]  4.817MB/8.204MB
test-ubuntu (3.14t)	Set up Docker Compose	2026-05-19T19:31:48.8755235Z  56c2f4d51269 Downloading [====================================>              ]  6.291MB/8.735MB
test-ubuntu (3.14t)	Set up Docker Compose	2026-05-19T19:31:48.8839512Z  589002ba0eae Extracting [================================================>  ]  3.736MB/3.862MB
test-ubuntu (3.14t)	Set up Docker Compose	2026-05-19T19:31:48.8954315Z  589002ba0eae Extracting [==================================================>]  3.862MB/3.862MB
test-ubuntu (3.14t)	Set up Docker Compose	2026-05-19T19:31:48.8965982Z  f591ea4658bd Extracting [==================>                                ]  26.18MB/70.46MB
test-ubuntu (3.14t)	Set up Docker Compose	2026-05-19T19:31:48.9038804Z  e90c5064d283 Extracting [=============>                                     ]  26.18MB/93.66MB
test-ubuntu (3.14t)	Set up Docker Compose	2026-05-19T19:31:48.9096923Z  56c2f4d51269 Verifying Checksum 
test-ubuntu (3.14t)	Set up Docker Compose	2026-05-19T19:31:48.9100179Z  56c2f4d51269 Download complete 
test-ubuntu (3.14t)	Set up Docker Compose	2026-05-19T19:31:48.9110015Z  b5c5a3ac416f Downloading [================>                                  ]  992.1MB/3.001GB
test-ubuntu (3.14t)	Set up Docker Compose	2026-05-19T19:31:48.9468068Z  631be4105227 Extracting [===============================================>   ]   11.8MB/12.33MB
test-ubuntu (3.14t)	Set up Docker Compose	2026-05-19T19:31:48.9471161Z  631be4105227 Extracting [===============================================>   ]   11.8MB/12.33MB
test-ubuntu (3.14t)	Set up Docker Compose	2026-05-19T19:31:48.9549327Z  1f1735923178 Extracting [=========================>                         ]  7.373MB/14.31MB
test-ubuntu (3.14t)	Set up Docker Compose	2026-05-19T19:31:48.9562180Z  9cb31e2e37ea Extracting [===================>                               ]   11.8MB/29.54MB
test-ubuntu (3.14t)	Set up Docker Compose	2026-05-19T19:31:48.9668348Z  0124d324831b Downloading [=======================================>           ]  195.5MB/249.5MB
test-ubuntu (3.14t)	Set up Docker Compose	2026-05-19T19:31:48.9672617Z  93f76af26bd1 Extracting [=========================>                         ]  33.98MB/67.7MB
test-ubuntu (3.14t)	Set up Docker Compose	2026-05-19T19:31:48.9891691Z  e67fdae35593 Extracting [===========================================>       ]  27.53MB/31.42MB
test-ubuntu (3.14t)	Set up Docker Compose	2026-05-19T19:31:49.0010170Z  7a97a7bd35bb Extracting [================================>                  ]  5.308MB/8.204MB
test-ubuntu (3.14t)	Set up Docker Compose	2026-05-19T19:31:49.0095242Z  46517af21612 Downloading [==>                                                ]  3.479kB/67.05kB
test-ubuntu (3.14t)	Set up Docker Compose	2026-05-19T19:31:49.0119360Z  b5c5a3ac416f Downloading [================>                                  ]   1.01GB/3.001GB
test-ubuntu (3.14t)	Set up Docker Compose	2026-05-19T19:31:49.0179588Z  46517af21612 Downloading [==================================================>]  67.05kB/67.05kB
test-ubuntu (3.14t)	Set up Docker Compose	2026-05-19T19:31:49.0213191Z  46517af21612 Verifying Checksum 
test-ubuntu (3.14t)	Set up Docker Compose	2026-05-19T19:31:49.0220074Z  46517af21612 Download complete 
test-ubuntu (3.14t)	Set up Docker Compose	2026-05-19T19:31:49.0279193Z  f591ea4658bd Extracting [===================>                               ]   27.3MB/70.46MB
test-ubuntu (3.14t)	Set up Docker Compose	2026-05-19T19:31:49.0417485Z  9b972c53c46c Extracting [====>                                              ]  17.83MB/183.5MB
test-ubuntu (3.14t)	Set up Docker Compose	2026-05-19T19:31:49.0687741Z  1f1735923178 Extracting [============================>                      ]  8.028MB/14.31MB
test-ubuntu (3.14t)	Set up Docker Compose	2026-05-19T19:31:49.0727741Z  0124d324831b Downloading [===========================================>       ]    217MB/249.5MB
test-ubuntu (3.14t)	Set up Docker Compose	2026-05-19T19:31:49.0776921Z  e90c5064d283 Extracting [==============>                                    ]   27.3MB/93.66MB
test-ubuntu (3.14t)	Set up Docker Compose	2026-05-19T19:31:49.0950575Z  589002ba0eae Pull complete 
test-ubuntu (3.14t)	Set up Docker Compose	2026-05-19T19:31:49.1005609Z  9cb31e2e37ea Extracting [=====================>                             ]  12.78MB/29.54MB
test-ubuntu (3.14t)	Set up Docker Compose	2026-05-19T19:31:49.1026324Z  631be4105227 Extracting [================================================>  ]  12.06MB/12.33MB
test-ubuntu (3.14t)	Set up Docker Compose	2026-05-19T19:31:49.1035636Z  631be4105227 Extracting [================================================>  ]  12.06MB/12.33MB
test-ubuntu (3.14t)	Set up Docker Compose	2026-05-19T19:31:49.1038720Z  93f76af26bd1 Extracting [=========================>                         ]  34.54MB/67.7MB
test-ubuntu (3.14t)	Set up Docker Compose	2026-05-19T19:31:49.1040666Z  63849d89c66d Extracting [==================================================>]     142B/142B
test-ubuntu (3.14t)	Set up Docker Compose	2026-05-19T19:31:49.1041763Z  63849d89c66d Extracting [==================================================>]     142B/142B
test-ubuntu (3.14t)	Set up Docker Compose	2026-05-19T19:31:49.1178278Z  b5c5a3ac416f Downloading [=================>                                 ]  1.022GB/3.001GB
test-ubuntu (3.14t)	Set up Docker Compose	2026-05-19T19:31:49.1197145Z  51682cba8e21 Downloading [=====>                                             ]  3.479kB/30.61kB
test-ubuntu (3.14t)	Set up Docker Compose	2026-05-19T19:31:49.1213810Z  51682cba8e21 Downloading [==================================================>]  30.61kB/30.61kB
test-ubuntu (3.14t)	Set up Docker Compose	2026-05-19T19:31:49.1255645Z  51682cba8e21 Verifying Checksum 
test-ubuntu (3.14t)	Set up Docker Compose	2026-05-19T19:31:49.1260859Z  51682cba8e21 Download complete 
test-ubuntu (3.14t)	Set up Docker Compose	2026-05-19T19:31:49.1397380Z  631be4105227 Extracting [==================================================>]  12.33MB/12.33MB
test-ubuntu (3.14t)	Set up Docker Compose	2026-05-19T19:31:49.1401087Z  e67fdae35593 Extracting [============================================>      ]  28.18MB/31.42MB
test-ubuntu (3.14t)	Set up Docker Compose	2026-05-19T19:31:49.1422705Z  631be4105227 Extracting [==================================================>]  12.33MB/12.33MB
test-ubuntu (3.14t)	Set up Docker Compose	2026-05-19T19:31:49.1569287Z  f591ea4658bd Extracting [====================>                              ]  28.41MB/70.46MB
test-ubuntu (3.14t)	Set up Docker Compose	2026-05-19T19:31:49.1680935Z  0124d324831b Downloading [=============================================>     ]  227.8MB/249.5MB
test-ubuntu (3.14t)	Set up Docker Compose	2026-05-19T19:31:49.1708474Z  1f1735923178 Extracting [=============================>                     ]   8.52MB/14.31MB
test-ubuntu (3.14t)	Set up Docker Compose	2026-05-19T19:31:49.1830926Z  e90c5064d283 Extracting [==============>                                    ]  27.85MB/93.66MB
test-ubuntu (3.14t)	Set up Docker Compose	2026-05-19T19:31:49.1916753Z  ffaa3dc87eb8 Downloading [>                                                  ]  539.4kB/184.8MB
test-ubuntu (3.14t)	Set up Docker Compose	2026-05-19T19:31:49.2889732Z  e90c5064d283 Extracting [==================>                                ]  35.09MB/93.66MB
test-ubuntu (3.14t)	Set up Docker Compose	2026-05-19T19:31:49.2920862Z  ffaa3dc87eb8 Downloading [=======>                                           ]  28.09MB/184.8MB
test-ubuntu (3.14t)	Set up Docker Compose	2026-05-19T19:31:49.3321856Z  0124d324831b Downloading [=============================================>     ]  228.3MB/249.5MB
test-ubuntu (3.14t)	Set up Docker Compose	2026-05-19T19:31:49.3326816Z  1f1735923178 Extracting [==============================>                    ]  8.684MB/14.31MB
test-ubuntu (3.14t)	Set up Docker Compose	2026-05-19T19:31:49.3348431Z  9cb31e2e37ea Extracting [======================>                            ]  13.43MB/29.54MB
test-ubuntu (3.14t)	Set up Docker Compose	2026-05-19T19:31:49.3385428Z  b5c5a3ac416f Downloading [=================>                                 ]  1.028GB/3.001GB
test-ubuntu (3.14t)	Set up Docker Compose	2026-05-19T19:31:49.3518190Z  93f76af26bd1 Extracting [=========================>                         ]  35.09MB/67.7MB
test-ubuntu (3.14t)	Set up Docker Compose	2026-05-19T19:31:49.3527306Z  7a97a7bd35bb Extracting [===================================>               ]  5.898MB/8.204MB
test-ubuntu (3.14t)	Set up Docker Compose	2026-05-19T19:31:49.3745190Z  f591ea4658bd Extracting [====================>                              ]  28.97MB/70.46MB
test-ubuntu (3.14t)	Set up Docker Compose	2026-05-19T19:31:49.3860214Z  9b972c53c46c Extracting [=====>                                             ]  18.94MB/183.5MB
test-ubuntu (3.14t)	Set up Docker Compose	2026-05-19T19:31:49.4057530Z  ffaa3dc87eb8 Downloading [===========>                                       ]  44.29MB/184.8MB
test-ubuntu (3.14t)	Set up Docker Compose	2026-05-19T19:31:49.4069468Z  e67fdae35593 Extracting [=============================================>     ]  28.51MB/31.42MB
test-ubuntu (3.14t)	Set up Docker Compose	2026-05-19T19:31:49.4257551Z  0124d324831b Downloading [=================================================> ]  247.1MB/249.5MB
test-ubuntu (3.14t)	Set up Docker Compose	2026-05-19T19:31:49.4321936Z  0124d324831b Verifying Checksum 
test-ubuntu (3.14t)	Set up Docker Compose	2026-05-19T19:31:49.4322602Z  0124d324831b Download complete 
test-ubuntu (3.14t)	Set up Docker Compose	2026-05-19T19:31:49.4365753Z  9cb31e2e37ea Extracting [========================>                          ]  14.42MB/29.54MB
test-ubuntu (3.14t)	Set up Docker Compose	2026-05-19T19:31:49.4370021Z  e90c5064d283 Extracting [===================>                               ]  37.32MB/93.66MB
test-ubuntu (3.14t)	Set up Docker Compose	2026-05-19T19:31:49.6834838Z  ffaa3dc87eb8 Downloading [=============>                                     ]  50.77MB/184.8MB
test-ubuntu (3.14t)	Set up Docker Compose	2026-05-19T19:31:49.6941362Z  7a97a7bd35bb Extracting [=====================================>             ]  6.095MB/8.204MB
test-ubuntu (3.14t)	Set up Docker Compose	2026-05-19T19:31:49.6942818Z  b5c5a3ac416f Downloading [=================>                                 ]  1.043GB/3.001GB
test-ubuntu (3.14t)	Set up Docker Compose	2026-05-19T19:31:49.6955438Z  93f76af26bd1 Extracting [==========================>                        ]  35.65MB/67.7MB
test-ubuntu (3.14t)	Set up Docker Compose	2026-05-19T19:31:49.7212026Z  ca64c64b8c6b Downloading [>                                                  ]    530kB/133.1MB
test-ubuntu (3.14t)	Set up Docker Compose	2026-05-19T19:31:49.7274384Z  f591ea4658bd Extracting [=====================>                             ]  30.08MB/70.46MB
test-ubuntu (3.14t)	Set up Docker Compose	2026-05-19T19:31:49.7275989Z  9cb31e2e37ea Extracting [========================>                          ]  14.75MB/29.54MB
test-ubuntu (3.14t)	Set up Docker Compose	2026-05-19T19:31:49.7652574Z  1f1735923178 Extracting [=================================>                 ]  9.503MB/14.31MB
test-ubuntu (3.14t)	Set up Docker Compose	2026-05-19T19:31:49.7792784Z  9b972c53c46c Extracting [=====>                                             ]   19.5MB/183.5MB
test-ubuntu (3.14t)	Set up Docker Compose	2026-05-19T19:31:49.9381145Z  ca64c64b8c6b Downloading [>                                                  ]  1.058MB/133.1MB
test-ubuntu (3.14t)	Set up Docker Compose	2026-05-19T19:31:49.9417179Z  b5c5a3ac416f Downloading [=================>                                 ]  1.062GB/3.001GB
test-ubuntu (3.14t)	Set up Docker Compose	2026-05-19T19:31:49.9437135Z  ffaa3dc87eb8 Downloading [=================>                                 ]  66.42MB/184.8MB
test-ubuntu (3.14t)	Set up Docker Compose	2026-05-19T19:31:49.9452309Z  f591ea4658bd Extracting [=====================>                             ]  30.64MB/70.46MB
test-ubuntu (3.14t)	Set up Docker Compose	2026-05-19T19:31:49.9551135Z  e90c5064d283 Extracting [====================>                              ]  37.88MB/93.66MB
test-ubuntu (3.14t)	Set up Docker Compose	2026-05-19T19:31:49.9806469Z  9cb31e2e37ea Extracting [==========================>                        ]   15.4MB/29.54MB
test-ubuntu (3.14t)	Set up Docker Compose	2026-05-19T19:31:49.9820828Z  1f1735923178 Extracting [==================================>                ]   9.83MB/14.31MB
test-ubuntu (3.14t)	Set up Docker Compose	2026-05-19T19:31:49.9830162Z  9b972c53c46c Extracting [=====>                                             ]  20.05MB/183.5MB
test-ubuntu (3.14t)	Set up Docker Compose	2026-05-19T19:31:50.0059708Z  93f76af26bd1 Extracting [===========================>                       ]  36.77MB/67.7MB
test-ubuntu (3.14t)	Set up Docker Compose	2026-05-19T19:31:50.0276896Z  7a97a7bd35bb Extracting [======================================>            ]  6.291MB/8.204MB
test-ubuntu (3.14t)	Set up Docker Compose	2026-05-19T19:31:50.1896546Z  ffaa3dc87eb8 Downloading [=======================>                           ]  85.87MB/184.8MB
test-ubuntu (3.14t)	Set up Docker Compose	2026-05-19T19:31:50.1899981Z  b5c5a3ac416f Downloading [==================>                                ]  1.081GB/3.001GB
test-ubuntu (3.14t)	Set up Docker Compose	2026-05-19T19:31:50.1985707Z  ca64c64b8c6b Downloading [=>                                                 ]  3.203MB/133.1MB
test-ubuntu (3.14t)	Set up Docker Compose	2026-05-19T19:31:50.1991289Z  7a97a7bd35bb Extracting [======================================>            ]   6.39MB/8.204MB
test-ubuntu (3.14t)	Set up Docker Compose	2026-05-19T19:31:50.2011159Z  9cb31e2e37ea Extracting [===========================>                       ]  16.06MB/29.54MB
test-ubuntu (3.14t)	Set up Docker Compose	2026-05-19T19:31:50.2015058Z  f591ea4658bd Extracting [======================>                            ]  31.75MB/70.46MB
test-ubuntu (3.14t)	Set up Docker Compose	2026-05-19T19:31:50.2126451Z  9b972c53c46c Extracting [=====>                                             ]  20.61MB/183.5MB
test-ubuntu (3.14t)	Set up Docker Compose	2026-05-19T19:31:50.2184268Z  1f1735923178 Extracting [==================================>                ]  9.994MB/14.31MB
test-ubuntu (3.14t)	Set up Docker Compose	2026-05-19T19:31:50.2456370Z  93f76af26bd1 Extracting [===========================>                       ]  37.32MB/67.7MB
test-ubuntu (3.14t)	Set up Docker Compose	2026-05-19T19:31:50.2573160Z  e90c5064d283 Extracting [====================>                              ]  38.99MB/93.66MB
test-ubuntu (3.14t)	Set up Docker Compose	2026-05-19T19:31:50.2870280Z  b5c5a3ac416f Downloading [==================>                                ]  1.096GB/3.001GB
test-ubuntu (3.14t)	Set up Docker Compose	2026-05-19T19:31:50.2877878Z  ffaa3dc87eb8 Downloading [=============================>                     ]  110.7MB/184.8MB
test-ubuntu (3.14t)	Set up Docker Compose	2026-05-19T19:31:50.3017406Z  ca64c64b8c6b Downloading [==>                                                ]   6.95MB/133.1MB
test-ubuntu (3.14t)	Set up Docker Compose	2026-05-19T19:31:50.3076246Z  f591ea4658bd Extracting [=======================>                           ]  32.87MB/70.46MB
test-ubuntu (3.14t)	Set up Docker Compose	2026-05-19T19:31:50.3283650Z  9b972c53c46c Extracting [=====>                                             ]  21.73MB/183.5MB
test-ubuntu (3.14t)	Set up Docker Compose	2026-05-19T19:31:50.3301587Z  1f1735923178 Extracting [=========================================>         ]   11.8MB/14.31MB
test-ubuntu (3.14t)	Set up Docker Compose	2026-05-19T19:31:50.3735202Z  7a97a7bd35bb Extracting [=========================================>         ]  6.783MB/8.204MB
test-ubuntu (3.14t)	Set up Docker Compose	2026-05-19T19:31:50.3741744Z  9cb31e2e37ea Extracting [============================>                      ]  16.71MB/29.54MB
test-ubuntu (3.14t)	Set up Docker Compose	2026-05-19T19:31:50.4268151Z  ffaa3dc87eb8 Downloading [==================================>                ]  125.8MB/184.8MB
test-ubuntu (3.14t)	Set up Docker Compose	2026-05-19T19:31:50.4294618Z  b5c5a3ac416f Downloading [==================>                                ]  1.116GB/3.001GB
test-ubuntu (3.14t)	Set up Docker Compose	2026-05-19T19:31:50.4313393Z  ca64c64b8c6b Downloading [=====>                                             ]  13.36MB/133.1MB
test-ubuntu (3.14t)	Set up Docker Compose	2026-05-19T19:31:50.4355388Z  e90c5064d283 Extracting [=====================>                             ]  40.67MB/93.66MB
test-ubuntu (3.14t)	Set up Docker Compose	2026-05-19T19:31:50.4356636Z  f591ea4658bd Extracting [=======================>                           ]  33.42MB/70.46MB
test-ubuntu (3.14t)	Set up Docker Compose	2026-05-19T19:31:50.4385458Z  93f76af26bd1 Extracting [============================>                      ]  38.44MB/67.7MB
test-ubuntu (3.14t)	Set up Docker Compose	2026-05-19T19:31:50.4391609Z  1f1735923178 Extracting [============================================>      ]  12.62MB/14.31MB
test-ubuntu (3.14t)	Set up Docker Compose	2026-05-19T19:31:50.4735935Z  7a97a7bd35bb Extracting [===========================================>       ]  7.176MB/8.204MB
test-ubuntu (3.14t)	Set up Docker Compose	2026-05-19T19:31:50.5381923Z  ca64c64b8c6b Downloading [=======>                                           ]  19.78MB/133.1MB
test-ubuntu (3.14t)	Set up Docker Compose	2026-05-19T19:31:50.5396819Z  b5c5a3ac416f Downloading [==================>                                ]  1.128GB/3.001GB
test-ubuntu (3.14t)	Set up Docker Compose	2026-05-19T19:31:50.5397996Z  ffaa3dc87eb8 Downloading [====================================>              ]    135MB/184.8MB
test-ubuntu (3.14t)	Set up Docker Compose	2026-05-19T19:31:50.5513078Z  9b972c53c46c Extracting [======>                                            ]  22.84MB/183.5MB
test-ubuntu (3.14t)	Set up Docker Compose	2026-05-19T19:31:50.5647707Z  1f1735923178 Extracting [=============================================>     ]  13.11MB/14.31MB
test-ubuntu (3.14t)	Set up Docker Compose	2026-05-19T19:31:50.5709748Z  9cb31e2e37ea Extracting [=============================>                     ]  17.37MB/29.54MB
test-ubuntu (3.14t)	Set up Docker Compose	2026-05-19T19:31:50.5867133Z  93f76af26bd1 Extracting [============================>                      ]  38.99MB/67.7MB
test-ubuntu (3.14t)	Set up Docker Compose	2026-05-19T19:31:50.5924268Z  7a97a7bd35bb Extracting [============================================>      ]  7.274MB/8.204MB
test-ubuntu (3.14t)	Set up Docker Compose	2026-05-19T19:31:50.6195689Z  e90c5064d283 Extracting [========================>                          ]  45.12MB/93.66MB
test-ubuntu (3.14t)	Set up Docker Compose	2026-05-19T19:31:50.6232524Z  f591ea4658bd Extracting [========================>                          ]  33.98MB/70.46MB
test-ubuntu (3.14t)	Set up Docker Compose	2026-05-19T19:31:50.6316248Z  ca64c64b8c6b Downloading [=============>                                     ]  36.32MB/133.1MB
test-ubuntu (3.14t)	Set up Docker Compose	2026-05-19T19:31:50.6325430Z  b5c5a3ac416f Downloading [==================>                                ]  1.136GB/3.001GB
test-ubuntu (3.14t)	Set up Docker Compose	2026-05-19T19:31:50.6333370Z  ffaa3dc87eb8 Downloading [=========================================>         ]  153.4MB/184.8MB
test-ubuntu (3.14t)	Set up Docker Compose	2026-05-19T19:31:50.6779716Z  1f1735923178 Extracting [==============================================>    ]  13.43MB/14.31MB
test-ubuntu (3.14t)	Set up Docker Compose	2026-05-19T19:31:50.6854299Z  9cb31e2e37ea Extracting [==============================>                    ]  18.02MB/29.54MB
test-ubuntu (3.14t)	Set up Docker Compose	2026-05-19T19:31:50.7159091Z  9b972c53c46c Extracting [======>                                            ]   23.4MB/183.5MB
test-ubuntu (3.14t)	Set up Docker Compose	2026-05-19T19:31:50.7207084Z  e90c5064d283 Extracting [========================>                          ]  45.68MB/93.66MB
test-ubuntu (3.14t)	Set up Docker Compose	2026-05-19T19:31:50.7246522Z  93f76af26bd1 Extracting [=============================>                     ]  40.11MB/67.7MB
test-ubuntu (3.14t)	Set up Docker Compose	2026-05-19T19:31:50.7338461Z  ffaa3dc87eb8 Downloading [==============================================>    ]  170.1MB/184.8MB
test-ubuntu (3.14t)	Set up Docker Compose	2026-05-19T19:31:50.7359284Z  ca64c64b8c6b Downloading [====================>                              ]   53.9MB/133.1MB
test-ubuntu (3.14t)	Set up Docker Compose	2026-05-19T19:31:50.7365337Z  b5c5a3ac416f Downloading [===================>                               ]   1.15GB/3.001GB
test-ubuntu (3.14t)	Set up Docker Compose	2026-05-19T19:31:50.7689915Z  1f1735923178 Extracting [==================================================>]  14.31MB/14.31MB
test-ubuntu (3.14t)	Set up Docker Compose	2026-05-19T19:31:50.8394503Z  f591ea4658bd Extracting [========================>                          ]  35.09MB/70.46MB
test-ubuntu (3.14t)	Set up Docker Compose	2026-05-19T19:31:50.8473175Z  e90c5064d283 Extracting [========================>                          ]  46.79MB/93.66MB
test-ubuntu (3.14t)	Set up Docker Compose	2026-05-19T19:31:50.8978209Z  ca64c64b8c6b Downloading [======================>                            ]  59.23MB/133.1MB
test-ubuntu (3.14t)	Set up Docker Compose	2026-05-19T19:31:50.8980551Z  9cb31e2e37ea Extracting [===============================>                   ]  18.35MB/29.54MB
test-ubuntu (3.14t)	Set up Docker Compose	2026-05-19T19:31:50.8982084Z  ffaa3dc87eb8 Downloading [===============================================>   ]  176.1MB/184.8MB
test-ubuntu (3.14t)	Set up Docker Compose	2026-05-19T19:31:50.9008661Z  93f76af26bd1 Extracting [==============================>                    ]  40.67MB/67.7MB
test-ubuntu (3.14t)	Set up Docker Compose	2026-05-19T19:31:50.9422584Z  b5c5a3ac416f Downloading [===================>                               ]  1.155GB/3.001GB
test-ubuntu (3.14t)	Set up Docker Compose	2026-05-19T19:31:50.9441117Z  e67fdae35593 Extracting [=============================================>     ]  28.84MB/31.42MB
test-ubuntu (3.14t)	Set up Docker Compose	2026-05-19T19:31:50.9625411Z  9b972c53c46c Extracting [======>                                            ]  23.95MB/183.5MB
test-ubuntu (3.14t)	Set up Docker Compose	2026-05-19T19:31:50.9713911Z  ffaa3dc87eb8 Verifying Checksum 
test-ubuntu (3.14t)	Set up Docker Compose	2026-05-19T19:31:50.9730529Z  ffaa3dc87eb8 Download complete 
test-ubuntu (3.14t)	Set up Docker Compose	2026-05-19T19:31:50.9745594Z  e90c5064d283 Extracting [==========================>                        ]  49.02MB/93.66MB
test-ubuntu (3.14t)	Set up Docker Compose	2026-05-19T19:31:50.9760667Z  f591ea4658bd Extracting [==========================>                        ]  36.77MB/70.46MB
test-ubuntu (3.14t)	Set up Docker Compose	2026-05-19T19:31:50.9775071Z  7a97a7bd35bb Extracting [===============================================>   ]  7.864MB/8.204MB
test-ubuntu (3.14t)	Set up Docker Compose	2026-05-19T19:31:50.9902557Z  ca64c64b8c6b Downloading [=============================>                     ]  78.48MB/133.1MB
test-ubuntu (3.14t)	Set up Docker Compose	2026-05-19T19:31:50.9994265Z  9cb31e2e37ea Extracting [================================>                  ]  19.01MB/29.54MB
test-ubuntu (3.14t)	Set up Docker Compose	2026-05-19T19:31:51.0276586Z  7a97a7bd35bb Extracting [==================================================>]  8.204MB/8.204MB
test-ubuntu (3.14t)	Set up Docker Compose	2026-05-19T19:31:51.0371794Z  b5c5a3ac416f Downloading [===================>                               ]  1.168GB/3.001GB
test-ubuntu (3.14t)	Set up Docker Compose	2026-05-19T19:31:51.0420738Z  5d4e761fb5e7 Downloading [==============>                                    ]  3.479kB/11.93kB
test-ubuntu (3.14t)	Set up Docker Compose	2026-05-19T19:31:51.0422751Z  5d4e761fb5e7 Downloading [==================================================>]  11.93kB/11.93kB
test-ubuntu (3.14t)	Set up Docker Compose	2026-05-19T19:31:51.0424913Z  5d4e761fb5e7 Verifying Checksum 
test-ubuntu (3.14t)	Set up Docker Compose	2026-05-19T19:31:51.0426704Z  5d4e761fb5e7 Download complete 
test-ubuntu (3.14t)	Set up Docker Compose	2026-05-19T19:31:51.0427575Z  93f76af26bd1 Extracting [==============================>                    ]  41.78MB/67.7MB
test-ubuntu (3.14t)	Set up Docker Compose	2026-05-19T19:31:51.0633755Z  9b972c53c46c Extracting [======>                                            ]  25.62MB/183.5MB
test-ubuntu (3.14t)	Set up Docker Compose	2026-05-19T19:31:51.0849847Z  ca64c64b8c6b Downloading [==================================>                ]  91.81MB/133.1MB
test-ubuntu (3.14t)	Set up Docker Compose	2026-05-19T19:31:51.1026024Z  e90c5064d283 Extracting [==========================>                        ]  49.58MB/93.66MB
test-ubuntu (3.14t)	Set up Docker Compose	2026-05-19T19:31:51.1029052Z  9cb31e2e37ea Extracting [==================================>                ]  20.32MB/29.54MB
test-ubuntu (3.14t)	Set up Docker Compose	2026-05-19T19:31:51.1789653Z  45f569379759 Downloading [>                                                  ]  146.8kB/13.42MB
test-ubuntu (3.14t)	Set up Docker Compose	2026-05-19T19:31:51.1937134Z  b5c5a3ac416f Downloading [===================>                               ]   1.17GB/3.001GB
test-ubuntu (3.14t)	Set up Docker Compose	2026-05-19T19:31:51.1942884Z  f591ea4658bd Extracting [===========================>                       ]  38.44MB/70.46MB
test-ubuntu (3.14t)	Set up Docker Compose	2026-05-19T19:31:51.2742200Z  ca64c64b8c6b Downloading [============================================>      ]  119.5MB/133.1MB
test-ubuntu (3.14t)	Set up Docker Compose	2026-05-19T19:31:51.2832230Z  b5c5a3ac416f Downloading [===================>                               ]  1.172GB/3.001GB
test-ubuntu (3.14t)	Set up Docker Compose	2026-05-19T19:31:51.2888762Z  45f569379759 Downloading [=>                                                 ]  441.7kB/13.42MB
test-ubuntu (3.14t)	Set up Docker Compose	2026-05-19T19:31:51.2972318Z  f591ea4658bd Extracting [===========================>                       ]  38.99MB/70.46MB
test-ubuntu (3.14t)	Set up Docker Compose	2026-05-19T19:31:51.4806402Z  45f569379759 Downloading [==>                                                ]  736.6kB/13.42MB
test-ubuntu (3.14t)	Set up Docker Compose	2026-05-19T19:31:51.4809277Z  b5c5a3ac416f Downloading [===================>                               ]  1.177GB/3.001GB
test-ubuntu (3.14t)	Set up Docker Compose	2026-05-19T19:31:51.4810711Z  ca64c64b8c6b Downloading [===============================================>   ]  125.4MB/133.1MB
test-ubuntu (3.14t)	Set up Docker Compose	2026-05-19T19:31:51.5408632Z  9cb31e2e37ea Extracting [==================================>                ]  20.64MB/29.54MB
test-ubuntu (3.14t)	Set up Docker Compose	2026-05-19T19:31:51.5434355Z  ca64c64b8c6b Verifying Checksum 
test-ubuntu (3.14t)	Set up Docker Compose	2026-05-19T19:31:51.5436467Z  ca64c64b8c6b Download complete 
test-ubuntu (3.14t)	Set up Docker Compose	2026-05-19T19:31:51.5490583Z  f591ea4658bd Extracting [============================>                      ]  39.55MB/70.46MB
test-ubuntu (3.14t)	Set up Docker Compose	2026-05-19T19:31:51.5561016Z  93f76af26bd1 Extracting [===============================>                   ]  42.34MB/67.7MB
test-ubuntu (3.14t)	Set up Docker Compose	2026-05-19T19:31:51.5664002Z  9b972c53c46c Extracting [=======>                                           ]   27.3MB/183.5MB
test-ubuntu (3.14t)	Set up Docker Compose	2026-05-19T19:31:51.5680427Z  e90c5064d283 Extracting [==========================>                        ]  50.14MB/93.66MB
test-ubuntu (3.14t)	Set up Docker Compose	2026-05-19T19:31:51.5837428Z  45f569379759 Downloading [=========>                                         ]  2.506MB/13.42MB
test-ubuntu (3.14t)	Set up Docker Compose	2026-05-19T19:31:51.5902941Z  b5c5a3ac416f Downloading [===================>                               ]    1.2GB/3.001GB
test-ubuntu (3.14t)	Set up Docker Compose	2026-05-19T19:31:51.6049608Z  2f5d19039fdb Downloading [==================================================>]     162B/162B
test-ubuntu (3.14t)	Set up Docker Compose	2026-05-19T19:31:51.6053743Z  2f5d19039fdb Verifying Checksum 
test-ubuntu (3.14t)	Set up Docker Compose	2026-05-19T19:31:51.6056846Z  2f5d19039fdb Download complete 
test-ubuntu (3.14t)	Set up Docker Compose	2026-05-19T19:31:51.6542981Z  4f4fb700ef54 Downloading [==================================================>]      32B/32B
test-ubuntu (3.14t)	Set up Docker Compose	2026-05-19T19:31:51.7686256Z  4f4fb700ef54 Verifying Checksum 
test-ubuntu (3.14t)	Set up Docker Compose	2026-05-19T19:31:51.7686770Z  4f4fb700ef54 Download complete 
test-ubuntu (3.14t)	Set up Docker Compose	2026-05-19T19:31:51.7729334Z  45f569379759 Downloading [===================>                               ]   5.16MB/13.42MB
test-ubuntu (3.14t)	Set up Docker Compose	2026-05-19T19:31:51.7779581Z  b5c5a3ac416f Downloading [====================>                              ]  1.212GB/3.001GB
test-ubuntu (3.14t)	Set up Docker Compose	2026-05-19T19:31:51.7972481Z  f591ea4658bd Extracting [=============================>                     ]  41.78MB/70.46MB
test-ubuntu (3.14t)	Set up Docker Compose	2026-05-19T19:31:51.7990267Z  9cb31e2e37ea Extracting [=====================================>             ]  21.95MB/29.54MB
test-ubuntu (3.14t)	Set up Docker Compose	2026-05-19T19:31:51.8322409Z  e67fdae35593 Extracting [===============================================>   ]  29.82MB/31.42MB
test-ubuntu (3.14t)	Set up Docker Compose	2026-05-19T19:31:51.8363433Z  c8533800cdf1 Downloading [==================================================>]  1.334kB/1.334kB
test-ubuntu (3.14t)	Set up Docker Compose	2026-05-19T19:31:51.8384706Z  c8533800cdf1 Verifying Checksum 
test-ubuntu (3.14t)	Set up Docker Compose	2026-05-19T19:31:51.8386344Z  c8533800cdf1 Download complete 
test-ubuntu (3.14t)	Set up Docker Compose	2026-05-19T19:31:51.8462869Z  9b972c53c46c Extracting [=======>                                           ]  28.41MB/183.5MB
test-ubuntu (3.14t)	Set up Docker Compose	2026-05-19T19:31:51.8469310Z  e90c5064d283 Extracting [===========================>                       ]  51.25MB/93.66MB
test-ubuntu (3.14t)	Set up Docker Compose	2026-05-19T19:31:51.8574169Z  45f569379759 Downloading [==================================================>]  13.42MB/13.42MB
test-ubuntu (3.14t)	Set up Docker Compose	2026-05-19T19:31:51.8583174Z  45f569379759 Verifying Checksum 
test-ubuntu (3.14t)	Set up Docker Compose	2026-05-19T19:31:51.8589889Z  45f569379759 Download complete 
test-ubuntu (3.14t)	Set up Docker Compose	2026-05-19T19:31:51.8745536Z  b5c5a3ac416f Downloading [====================>                              ]  1.224GB/3.001GB
test-ubuntu (3.14t)	Set up Docker Compose	2026-05-19T19:31:51.8989488Z  f591ea4658bd Extracting [==============================>                    ]  43.45MB/70.46MB
test-ubuntu (3.14t)	Set up Docker Compose	2026-05-19T19:31:51.9204830Z  93f76af26bd1 Extracting [================================>                  ]  43.45MB/67.7MB
test-ubuntu (3.14t)	Set up Docker Compose	2026-05-19T19:31:51.9288051Z  9cb31e2e37ea Extracting [=======================================>           ]  23.27MB/29.54MB
test-ubuntu (3.14t)	Set up Docker Compose	2026-05-19T19:31:51.9530723Z  9b972c53c46c Extracting [========>                                          ]  29.52MB/183.5MB
test-ubuntu (3.14t)	Set up Docker Compose	2026-05-19T19:31:51.9596185Z  3333ece3d6fb Downloading [>                                                  ]  78.49kB/7.428MB
test-ubuntu (3.14t)	Set up Docker Compose	2026-05-19T19:31:51.9914856Z  b5c5a3ac416f Downloading [====================>                              ]  1.237GB/3.001GB
test-ubuntu (3.14t)	Set up Docker Compose	2026-05-19T19:31:52.0040953Z  f591ea4658bd Extracting [=================================>                 ]  46.79MB/70.46MB
test-ubuntu (3.14t)	Set up Docker Compose	2026-05-19T19:31:52.0124705Z  d5fd17ec1767 Downloading [>                                                  ]    298kB/28.57MB
test-ubuntu (3.14t)	Set up Docker Compose	2026-05-19T19:31:52.0125802Z  e90c5064d283 Extracting [============================>                      ]  52.92MB/93.66MB
test-ubuntu (3.14t)	Set up Docker Compose	2026-05-19T19:31:52.0437824Z  93f76af26bd1 Extracting [================================>                  ]  44.56MB/67.7MB
test-ubuntu (3.14t)	Set up Docker Compose	2026-05-19T19:31:52.0600386Z  3333ece3d6fb Downloading [===============================>                   ]   4.64MB/7.428MB
test-ubuntu (3.14t)	Set up Docker Compose	2026-05-19T19:31:52.0898277Z  9cb31e2e37ea Extracting [==========================================>        ]   24.9MB/29.54MB
test-ubuntu (3.14t)	Set up Docker Compose	2026-05-19T19:31:52.0919042Z  b5c5a3ac416f Downloading [====================>                              ]  1.255GB/3.001GB
test-ubuntu (3.14t)	Set up Docker Compose	2026-05-19T19:31:52.0929069Z  3333ece3d6fb Downloading [==================================================>]  7.428MB/7.428MB
test-ubuntu (3.14t)	Set up Docker Compose	2026-05-19T19:31:52.0941475Z  3333ece3d6fb Verifying Checksum 
test-ubuntu (3.14t)	Set up Docker Compose	2026-05-19T19:31:52.0943438Z  3333ece3d6fb Download complete 
test-ubuntu (3.14t)	Set up Docker Compose	2026-05-19T19:31:52.1011467Z  9b972c53c46c Extracting [========>                                          ]  30.64MB/183.5MB
test-ubuntu (3.14t)	Set up Docker Compose	2026-05-19T19:31:52.1133334Z  d5fd17ec1767 Downloading [====>                                              ]  2.652MB/28.57MB
test-ubuntu (3.14t)	Set up Docker Compose	2026-05-19T19:31:52.1144410Z  f591ea4658bd Extracting [==================================>                ]  49.02MB/70.46MB
test-ubuntu (3.14t)	Set up Docker Compose	2026-05-19T19:31:52.1294169Z  e90c5064d283 Extracting [============================>                      ]  54.03MB/93.66MB
test-ubuntu (3.14t)	Set up Docker Compose	2026-05-19T19:31:52.1593295Z  93f76af26bd1 Extracting [=================================>                 ]  45.12MB/67.7MB
test-ubuntu (3.14t)	Set up Docker Compose	2026-05-19T19:31:52.2293263Z  d5fd17ec1767 Downloading [===========>                                       ]  6.504MB/28.57MB
test-ubuntu (3.14t)	Set up Docker Compose	2026-05-19T19:31:52.2338930Z  f591ea4658bd Extracting [====================================>              ]  51.25MB/70.46MB
test-ubuntu (3.14t)	Set up Docker Compose	2026-05-19T19:31:52.2410874Z  b5c5a3ac416f Downloading [=====================>                             ]   1.27GB/3.001GB
test-ubuntu (3.14t)	Set up Docker Compose	2026-05-19T19:31:52.2502572Z  6060df901d94 Downloading [>                                                  ]  531.6kB/58.74MB
test-ubuntu (3.14t)	Set up Docker Compose	2026-05-19T19:31:52.2614983Z  9b972c53c46c Extracting [========>                                          ]  31.75MB/183.5MB
test-ubuntu (3.14t)	Set up Docker Compose	2026-05-19T19:31:52.2722849Z  e90c5064d283 Extracting [=============================>                     ]  55.15MB/93.66MB
test-ubuntu (3.14t)	Set up Docker Compose	2026-05-19T19:31:52.3712730Z  9b972c53c46c Extracting [==========>                                        ]  37.32MB/183.5MB
test-ubuntu (3.14t)	Set up Docker Compose	2026-05-19T19:31:52.4505998Z  d5fd17ec1767 Downloading [=================>                                 ]  9.752MB/28.57MB
test-ubuntu (3.14t)	Set up Docker Compose	2026-05-19T19:31:52.4509278Z  b5c5a3ac416f Downloading [=====================>                             ]  1.281GB/3.001GB
test-ubuntu (3.14t)	Set up Docker Compose	2026-05-19T19:31:52.4587083Z  6060df901d94 Downloading [=>                                                 ]  1.585MB/58.74MB
test-ubuntu (3.14t)	Set up Docker Compose	2026-05-19T19:31:52.4673594Z  f591ea4658bd Extracting [=====================================>             ]  52.92MB/70.46MB
test-ubuntu (3.14t)	Set up Docker Compose	2026-05-19T19:31:52.4690944Z  93f76af26bd1 Extracting [=================================>                 ]  45.68MB/67.7MB
test-ubuntu (3.14t)	Set up Docker Compose	2026-05-19T19:31:52.4692881Z  e67fdae35593 Extracting [===============================================>   ]  30.15MB/31.42MB
test-ubuntu (3.14t)	Set up Docker Compose	2026-05-19T19:31:52.4955770Z  e90c5064d283 Extracting [=============================>                     ]  55.71MB/93.66MB
test-ubuntu (3.14t)	Set up Docker Compose	2026-05-19T19:31:52.5054140Z  9b972c53c46c Extracting [===========>                                       ]  42.34MB/183.5MB
test-ubuntu (3.14t)	Set up Docker Compose	2026-05-19T19:31:52.5416935Z  d5fd17ec1767 Downloading [=========================================>         ]  23.65MB/28.57MB
test-ubuntu (3.14t)	Set up Docker Compose	2026-05-19T19:31:52.5424710Z  b5c5a3ac416f Downloading [=====================>                             ]  1.302GB/3.001GB
test-ubuntu (3.14t)	Set up Docker Compose	2026-05-19T19:31:52.5742067Z  f591ea4658bd Extracting [======================================>            ]  54.59MB/70.46MB
test-ubuntu (3.14t)	Set up Docker Compose	2026-05-19T19:31:52.5745637Z  9cb31e2e37ea Extracting [===========================================>       ]  25.56MB/29.54MB
test-ubuntu (3.14t)	Set up Docker Compose	2026-05-19T19:31:52.5782075Z  6060df901d94 Downloading [===>                                               ]  4.265MB/58.74MB
test-ubuntu (3.14t)	Set up Docker Compose	2026-05-19T19:31:52.5879231Z  d5fd17ec1767 Verifying Checksum 
test-ubuntu (3.14t)	Set up Docker Compose	2026-05-19T19:31:52.5880553Z  d5fd17ec1767 Download complete 
test-ubuntu (3.14t)	Set up Docker Compose	2026-05-19T19:31:52.6100682Z  e90c5064d283 Extracting [==============================>                    ]  56.82MB/93.66MB
test-ubuntu (3.14t)	Set up Docker Compose	2026-05-19T19:31:52.6303590Z  9b972c53c46c Extracting [===========>                                       ]  43.45MB/183.5MB
test-ubuntu (3.14t)	Set up Docker Compose	2026-05-19T19:31:52.6392993Z  b5c5a3ac416f Downloading [=====================>                             ]  1.319GB/3.001GB
test-ubuntu (3.14t)	Set up Docker Compose	2026-05-19T19:31:52.6722647Z  fae1f0b2907e Downloading [>                                                  ]     358B/19.43kB
test-ubuntu (3.14t)	Set up Docker Compose	2026-05-19T19:31:52.7201960Z  fae1f0b2907e Downloading [==================================================>]  19.43kB/19.43kB
test-ubuntu (3.14t)	Set up Docker Compose	2026-05-19T19:31:52.7224271Z  fae1f0b2907e Verifying Checksum 
test-ubuntu (3.14t)	Set up Docker Compose	2026-05-19T19:31:52.7225339Z  fae1f0b2907e Download complete 
test-ubuntu (3.14t)	Set up Docker Compose	2026-05-19T19:31:52.7293858Z  6060df901d94 Downloading [=====>                                             ]  6.381MB/58.74MB
test-ubuntu (3.14t)	Set up Docker Compose	2026-05-19T19:31:52.7502121Z  f591ea4658bd Extracting [=======================================>           ]  55.71MB/70.46MB
test-ubuntu (3.14t)	Set up Docker Compose	2026-05-19T19:31:52.8259035Z  b5c5a3ac416f Downloading [======================>                            ]  1.345GB/3.001GB
test-ubuntu (3.14t)	Set up Docker Compose	2026-05-19T19:31:52.8299963Z  6060df901d94 Downloading [======>                                            ]  7.449MB/58.74MB
test-ubuntu (3.14t)	Set up Docker Compose	2026-05-19T19:31:52.8324657Z  63849d89c66d Pull complete 
test-ubuntu (3.14t)	Set up Docker Compose	2026-05-19T19:31:52.8583939Z  e90c5064d283 Extracting [==============================>                    ]  57.38MB/93.66MB
test-ubuntu (3.14t)	Set up Docker Compose	2026-05-19T19:31:52.8618216Z  6163e4fdd626 Downloading [>                                                  ]  528.1kB/154.6MB
test-ubuntu (3.14t)	Set up Docker Compose	2026-05-19T19:31:52.8678209Z  f591ea4658bd Extracting [========================================>          ]  56.82MB/70.46MB
test-ubuntu (3.14t)	Set up Docker Compose	2026-05-19T19:31:52.8735609Z  93f76af26bd1 Extracting [==================================>                ]  46.79MB/67.7MB
test-ubuntu (3.14t)	Set up Docker Compose	2026-05-19T19:31:52.8952012Z  9b972c53c46c Extracting [===========>                                       ]  44.01MB/183.5MB
test-ubuntu (3.14t)	Set up Docker Compose	2026-05-19T19:31:52.9300480Z  b5c5a3ac416f Downloading [======================>                            ]  1.358GB/3.001GB
test-ubuntu (3.14t)	Set up Docker Compose	2026-05-19T19:31:52.9323997Z  6060df901d94 Downloading [==============>                                    ]  17.05MB/58.74MB
test-ubuntu (3.14t)	Set up Docker Compose	2026-05-19T19:31:52.9717531Z  6163e4fdd626 Downloading [>                                                  ]  2.136MB/154.6MB
test-ubuntu (3.14t)	Set up Docker Compose	2026-05-19T19:31:52.9779818Z  f591ea4658bd Extracting [=========================================>         ]  57.93MB/70.46MB
test-ubuntu (3.14t)	Set up Docker Compose	2026-05-19T19:31:53.0330629Z  b5c5a3ac416f Downloading [======================>                            ]  1.373GB/3.001GB
test-ubuntu (3.14t)	Set up Docker Compose	2026-05-19T19:31:53.0422042Z  6060df901d94 Downloading [=========================>                         ]  30.41MB/58.74MB
test-ubuntu (3.14t)	Set up Docker Compose	2026-05-19T19:31:53.0537839Z  d5fd17ec1767 Extracting [>                                                  ]  294.9kB/28.57MB
test-ubuntu (3.14t)	Set up Docker Compose	2026-05-19T19:31:53.0568901Z  9b972c53c46c Extracting [============>                                      ]  45.12MB/183.5MB
test-ubuntu (3.14t)	Set up Docker Compose	2026-05-19T19:31:53.0732436Z  6163e4fdd626 Downloading [=>                                                 ]  5.884MB/154.6MB
test-ubuntu (3.14t)	Set up Docker Compose	2026-05-19T19:31:53.0751654Z  93f76af26bd1 Extracting [==================================>                ]  47.35MB/67.7MB
test-ubuntu (3.14t)	Set up Docker Compose	2026-05-19T19:31:53.0837506Z  e90c5064d283 Extracting [===============================>                   ]  58.49MB/93.66MB
test-ubuntu (3.14t)	Set up Docker Compose	2026-05-19T19:31:53.0924421Z  f591ea4658bd Extracting [==========================================>        ]  60.16MB/70.46MB
test-ubuntu (3.14t)	Set up Docker Compose	2026-05-19T19:31:53.1437120Z  6060df901d94 Downloading [===================================>               ]  42.12MB/58.74MB
test-ubuntu (3.14t)	Set up Docker Compose	2026-05-19T19:31:53.1737994Z  6163e4fdd626 Downloading [=====>                                             ]  17.64MB/154.6MB
test-ubuntu (3.14t)	Set up Docker Compose	2026-05-19T19:31:53.1901440Z  93f76af26bd1 Extracting [===================================>               ]  47.91MB/67.7MB
test-ubuntu (3.14t)	Set up Docker Compose	2026-05-19T19:31:53.1977710Z  f591ea4658bd Extracting [=============================================>     ]  64.62MB/70.46MB
test-ubuntu (3.14t)	Set up Docker Compose	2026-05-19T19:31:53.2137516Z  e90c5064d283 Extracting [================================>                  ]  60.16MB/93.66MB
test-ubuntu (3.14t)	Set up Docker Compose	2026-05-19T19:31:53.2447608Z  6060df901d94 Downloading [============================================>      ]  52.25MB/58.74MB
test-ubuntu (3.14t)	Set up Docker Compose	2026-05-19T19:31:53.2516922Z  b5c5a3ac416f Downloading [=======================>                           ]  1.383GB/3.001GB
test-ubuntu (3.14t)	Set up Docker Compose	2026-05-19T19:31:53.2622001Z  9b972c53c46c Extracting [============>                                      ]  45.68MB/183.5MB
test-ubuntu (3.14t)	Set up Docker Compose	2026-05-19T19:31:53.2721044Z  d5fd17ec1767 Extracting [=>                                                 ]  589.8kB/28.57MB
test-ubuntu (3.14t)	Set up Docker Compose	2026-05-19T19:31:53.2795783Z  6163e4fdd626 Downloading [=========>                                         ]  30.45MB/154.6MB
test-ubuntu (3.14t)	Set up Docker Compose	2026-05-19T19:31:53.2829911Z  8a3c71b80346 Extracting [>                                                  ]  65.54kB/3.847MB
test-ubuntu (3.14t)	Set up Docker Compose	2026-05-19T19:31:53.3128837Z  6060df901d94 Verifying Checksum 
test-ubuntu (3.14t)	Set up Docker Compose	2026-05-19T19:31:53.3133119Z  6060df901d94 Download complete 
test-ubuntu (3.14t)	Set up Docker Compose	2026-05-19T19:31:53.3195131Z  e90c5064d283 Extracting [================================>                  ]  60.72MB/93.66MB
test-ubuntu (3.14t)	Set up Docker Compose	2026-05-19T19:31:53.3230126Z  f591ea4658bd Extracting [================================================>  ]  67.96MB/70.46MB
test-ubuntu (3.14t)	Set up Docker Compose	2026-05-19T19:31:53.3713577Z  b5c5a3ac416f Downloading [=======================>                           ]  1.393GB/3.001GB
test-ubuntu (3.14t)	Set up Docker Compose	2026-05-19T19:31:53.3799007Z  6163e4fdd626 Downloading [============>                                      ]  37.38MB/154.6MB
test-ubuntu (3.14t)	Set up Docker Compose	2026-05-19T19:31:53.3837646Z  1f27396f6efc Downloading [==>                                                ]     415B/9.462kB
test-ubuntu (3.14t)	Set up Docker Compose	2026-05-19T19:31:53.4245947Z  1f27396f6efc Downloading [==================================================>]  9.462kB/9.462kB
test-ubuntu (3.14t)	Set up Docker Compose	2026-05-19T19:31:53.4264255Z  1f27396f6efc Verifying Checksum 
test-ubuntu (3.14t)	Set up Docker Compose	2026-05-19T19:31:53.4265435Z  1f27396f6efc Download complete 
test-ubuntu (3.14t)	Set up Docker Compose	2026-05-19T19:31:53.4782428Z  b5c5a3ac416f Downloading [=======================>                           ]  1.406GB/3.001GB
test-ubuntu (3.14t)	Set up Docker Compose	2026-05-19T19:31:53.4783401Z  fe556ec02776 Downloading [==>                                                ]     415B/9.461kB
test-ubuntu (3.14t)	Set up Docker Compose	2026-05-19T19:31:53.4797121Z  9cb31e2e37ea Extracting [===========================================>       ]  25.89MB/29.54MB
test-ubuntu (3.14t)	Set up Docker Compose	2026-05-19T19:31:53.4811225Z  fe556ec02776 Downloading [==================================================>]  9.461kB/9.461kB
test-ubuntu (3.14t)	Set up Docker Compose	2026-05-19T19:31:53.4855320Z  6163e4fdd626 Downloading [================>                                  ]  49.68MB/154.6MB
test-ubuntu (3.14t)	Set up Docker Compose	2026-05-19T19:31:53.4877279Z  fe556ec02776 Verifying Checksum 
test-ubuntu (3.14t)	Set up Docker Compose	2026-05-19T19:31:53.4878321Z  fe556ec02776 Download complete 
test-ubuntu (3.14t)	Set up Docker Compose	2026-05-19T19:31:53.4919444Z  93f76af26bd1 Extracting [===================================>               ]  48.46MB/67.7MB
test-ubuntu (3.14t)	Set up Docker Compose	2026-05-19T19:31:53.4921107Z  f591ea4658bd Extracting [================================================>  ]  68.52MB/70.46MB
test-ubuntu (3.14t)	Set up Docker Compose	2026-05-19T19:31:53.5045940Z  9b972c53c46c Extracting [============>                                      ]  46.24MB/183.5MB
test-ubuntu (3.14t)	Set up Docker Compose	2026-05-19T19:31:53.5170166Z  d5fd17ec1767 Extracting [==>                                                ]   1.18MB/28.57MB
test-ubuntu (3.14t)	Set up Docker Compose	2026-05-19T19:31:53.5785493Z  b5c5a3ac416f Downloading [=======================>                           ]   1.42GB/3.001GB
test-ubuntu (3.14t)	Set up Docker Compose	2026-05-19T19:31:53.5802934Z  9cb31e2e37ea Extracting [============================================>      ]  26.54MB/29.54MB
test-ubuntu (3.14t)	Set up Docker Compose	2026-05-19T19:31:53.6266271Z  6163e4fdd626 Downloading [====================>                              ]  61.97MB/154.6MB
test-ubuntu (3.14t)	Set up Docker Compose	2026-05-19T19:31:53.6310204Z  fe07684b16b8 Downloading [>                                                  ]   38.8kB/3.797MB
test-ubuntu (3.14t)	Set up Docker Compose	2026-05-19T19:31:53.6543248Z  d5fd17ec1767 Extracting [===>                                               ]  1.769MB/28.57MB
test-ubuntu (3.14t)	Set up Docker Compose	2026-05-19T19:31:53.6577401Z  9b972c53c46c Extracting [============>                                      ]  46.79MB/183.5MB
test-ubuntu (3.14t)	Set up Docker Compose	2026-05-19T19:31:53.6844864Z  8a3c71b80346 Extracting [===>                                               ]  262.1kB/3.847MB
test-ubuntu (3.14t)	Set up Docker Compose	2026-05-19T19:31:53.6849642Z  b5c5a3ac416f Downloading [=======================>                           ]  1.428GB/3.001GB
test-ubuntu (3.14t)	Set up Docker Compose	2026-05-19T19:31:53.6902131Z  93f76af26bd1 Extracting [====================================>              ]  49.58MB/67.7MB
test-ubuntu (3.14t)	Set up Docker Compose	2026-05-19T19:31:53.7097466Z  f591ea4658bd Extracting [=================================================> ]  69.63MB/70.46MB
test-ubuntu (3.14t)	Set up Docker Compose	2026-05-19T19:31:53.7098922Z  9cb31e2e37ea Extracting [==============================================>    ]   27.2MB/29.54MB
test-ubuntu (3.14t)	Set up Docker Compose	2026-05-19T19:31:53.7288151Z  6163e4fdd626 Downloading [======================>                            ]  70.01MB/154.6MB
test-ubuntu (3.14t)	Set up Docker Compose	2026-05-19T19:31:53.7318049Z  fe07684b16b8 Downloading [=============>                                     ]  1.013MB/3.797MB
test-ubuntu (3.14t)	Set up Docker Compose	2026-05-19T19:31:53.7977812Z  b5c5a3ac416f Downloading [=======================>                           ]  1.436GB/3.001GB
test-ubuntu (3.14t)	Set up Docker Compose	2026-05-19T19:31:53.8841688Z  fe07684b16b8 Downloading [===============>                                   ]   1.21MB/3.797MB
test-ubuntu (3.14t)	Set up Docker Compose	2026-05-19T19:31:53.8859594Z  6163e4fdd626 Downloading [======================>                            ]  70.55MB/154.6MB
test-ubuntu (3.14t)	Set up Docker Compose	2026-05-19T19:31:53.8860505Z  93f76af26bd1 Extracting [=======================================>           ]  54.03MB/67.7MB
test-ubuntu (3.14t)	Set up Docker Compose	2026-05-19T19:31:53.8974655Z  f591ea4658bd Extracting [==================================================>]  70.46MB/70.46MB
test-ubuntu (3.14t)	Set up Docker Compose	2026-05-19T19:31:53.9355115Z  b5c5a3ac416f Downloading [=======================>                           ]  1.438GB/3.001GB
test-ubuntu (3.14t)	Set up Docker Compose	2026-05-19T19:31:53.9446334Z  9b972c53c46c Extracting [============>                                      ]  47.35MB/183.5MB
test-ubuntu (3.14t)	Set up Docker Compose	2026-05-19T19:31:53.9447587Z  d5fd17ec1767 Extracting [====>                                              ]  2.654MB/28.57MB
test-ubuntu (3.14t)	Set up Docker Compose	2026-05-19T19:31:53.9462689Z  9cb31e2e37ea Extracting [==============================================>    ]  27.53MB/29.54MB
test-ubuntu (3.14t)	Set up Docker Compose	2026-05-19T19:31:53.9620427Z  e90c5064d283 Extracting [================================>                  ]  61.28MB/93.66MB
test-ubuntu (3.14t)	Set up Docker Compose	2026-05-19T19:31:53.9795916Z  6163e4fdd626 Downloading [=========================>                         ]  78.57MB/154.6MB
test-ubuntu (3.14t)	Set up Docker Compose	2026-05-19T19:31:54.0316721Z  fe07684b16b8 Downloading [==============================>                    ]  2.291MB/3.797MB
test-ubuntu (3.14t)	Set up Docker Compose	2026-05-19T19:31:54.0354359Z  b5c5a3ac416f Downloading [========================>                          ]  1.459GB/3.001GB
test-ubuntu (3.14t)	Set up Docker Compose	2026-05-19T19:31:54.0484744Z  d5fd17ec1767 Extracting [=====>                                             ]  3.244MB/28.57MB
test-ubuntu (3.14t)	Set up Docker Compose	2026-05-19T19:31:54.0516344Z  93f76af26bd1 Extracting [========================================>          ]  55.15MB/67.7MB
test-ubuntu (3.14t)	Set up Docker Compose	2026-05-19T19:31:54.0710267Z  fe07684b16b8 Verifying Checksum 
test-ubuntu (3.14t)	Set up Docker Compose	2026-05-19T19:31:54.0711872Z  fe07684b16b8 Download complete 
test-ubuntu (3.14t)	Set up Docker Compose	2026-05-19T19:31:54.0742730Z  fe07684b16b8 Extracting [>                                                  ]  65.54kB/3.797MB
test-ubuntu (3.14t)	Set up Docker Compose	2026-05-19T19:31:54.0759507Z  9b972c53c46c Extracting [=============>                                     ]  47.91MB/183.5MB
test-ubuntu (3.14t)	Set up Docker Compose	2026-05-19T19:31:54.0865549Z  6163e4fdd626 Downloading [===========================>                       ]  84.41MB/154.6MB
test-ubuntu (3.14t)	Set up Docker Compose	2026-05-19T19:31:54.1702958Z  8625de8a7c49 Downloading [==>                                                ]     378B/7.942kB
test-ubuntu (3.14t)	Set up Docker Compose	2026-05-19T19:31:54.1714184Z  8625de8a7c49 Downloading [==================================================>]  7.942kB/7.942kB
test-ubuntu (3.14t)	Set up Docker Compose	2026-05-19T19:31:54.1715242Z  b5c5a3ac416f Downloading [========================>                          ]  1.474GB/3.001GB
test-ubuntu (3.14t)	Set up Docker Compose	2026-05-19T19:31:54.1716090Z  8625de8a7c49 Verifying Checksum 
test-ubuntu (3.14t)	Set up Docker Compose	2026-05-19T19:31:54.1716583Z  8625de8a7c49 Download complete 
test-ubuntu (3.14t)	Set up Docker Compose	2026-05-19T19:31:54.2308725Z  6163e4fdd626 Downloading [============================>                      ]  89.22MB/154.6MB
test-ubuntu (3.14t)	Set up Docker Compose	2026-05-19T19:31:54.2452275Z  93f76af26bd1 Extracting [=========================================>         ]  56.26MB/67.7MB
test-ubuntu (3.14t)	Set up Docker Compose	2026-05-19T19:31:54.2462839Z  fe07684b16b8 Extracting [===>                                               ]  262.1kB/3.797MB
test-ubuntu (3.14t)	Set up Docker Compose	2026-05-19T19:31:54.2699967Z  d5fd17ec1767 Extracting [=======>                                           ]  4.129MB/28.57MB
test-ubuntu (3.14t)	Set up Docker Compose	2026-05-19T19:31:54.2730479Z  b5c5a3ac416f Downloading [========================>                          ]  1.482GB/3.001GB
test-ubuntu (3.14t)	Set up Docker Compose	2026-05-19T19:31:54.3186029Z  e90c5064d283 Extracting [=================================>                 ]  61.83MB/93.66MB
test-ubuntu (3.14t)	Set up Docker Compose	2026-05-19T19:31:54.3240765Z  631be4105227 Pull complete 
test-ubuntu (3.14t)	Set up Docker Compose	2026-05-19T19:31:54.3243230Z  631be4105227 Pull complete 
test-ubuntu (3.14t)	Set up Docker Compose	2026-05-19T19:31:54.3259892Z  6163e4fdd626 Downloading [=================================>                 ]  103.1MB/154.6MB
test-ubuntu (3.14t)	Set up Docker Compose	2026-05-19T19:31:54.3384646Z  3b8271951027 Extracting [==================================================>]     251B/251B
test-ubuntu (3.14t)	Set up Docker Compose	2026-05-19T19:31:54.3386139Z  3b8271951027 Extracting [==================================================>]     251B/251B
test-ubuntu (3.14t)	Set up Docker Compose	2026-05-19T19:31:54.3430041Z  7a97a7bd35bb Pull complete 
test-ubuntu (3.14t)	Set up Docker Compose	2026-05-19T19:31:54.3442352Z  3b8271951027 Extracting [==================================================>]     251B/251B
test-ubuntu (3.14t)	Set up Docker Compose	2026-05-19T19:31:54.3458423Z  3b8271951027 Extracting [==================================================>]     251B/251B
test-ubuntu (3.14t)	Set up Docker Compose	2026-05-19T19:31:54.3506065Z  1f1735923178 Pull complete 
test-ubuntu (3.14t)	Set up Docker Compose	2026-05-19T19:31:54.3512422Z  f591ea4658bd Pull complete 
test-ubuntu (3.14t)	Set up Docker Compose	2026-05-19T19:31:54.3649960Z  33948d124eb7 Extracting [=>                                                 ]  32.77kB/1.312MB
test-ubuntu (3.14t)	Set up Docker Compose	2026-05-19T19:31:54.3746005Z  b5c5a3ac416f Downloading [========================>                          ]  1.493GB/3.001GB
test-ubuntu (3.14t)	Set up Docker Compose	2026-05-19T19:31:54.3790872Z  5a632533374f Downloading [>                                                  ]   37.3kB/3.635MB
test-ubuntu (3.14t)	Set up Docker Compose	2026-05-19T19:31:54.3845547Z  d5fd17ec1767 Extracting [========>                                          ]  4.719MB/28.57MB
test-ubuntu (3.14t)	Set up Docker Compose	2026-05-19T19:31:54.3850511Z  e7f02ac1f456 Extracting [==================================================>]     639B/639B
test-ubuntu (3.14t)	Set up Docker Compose	2026-05-19T19:31:54.3852337Z  e7f02ac1f456 Extracting [==================================================>]     639B/639B
test-ubuntu (3.14t)	Set up Docker Compose	2026-05-19T19:31:54.3878511Z  9b972c53c46c Extracting [=============>                                     ]  49.02MB/183.5MB
test-ubuntu (3.14t)	Set up Docker Compose	2026-05-19T19:31:54.4294197Z  93f76af26bd1 Extracting [==========================================>        ]  57.38MB/67.7MB
test-ubuntu (3.14t)	Set up Docker Compose	2026-05-19T19:31:54.4295152Z  8a3c71b80346 Extracting [========>                                          ]  655.4kB/3.847MB
test-ubuntu (3.14t)	Set up Docker Compose	2026-05-19T19:31:54.4877914Z  6163e4fdd626 Downloading [====================================>              ]  114.3MB/154.6MB
test-ubuntu (3.14t)	Set up Docker Compose	2026-05-19T19:31:54.4888969Z  5a632533374f Downloading [==========>                                        ]  732.3kB/3.635MB
test-ubuntu (3.14t)	Set up Docker Compose	2026-05-19T19:31:54.4891142Z  b5c5a3ac416f Downloading [=========================>                         ]  1.501GB/3.001GB
test-ubuntu (3.14t)	Set up Docker Compose	2026-05-19T19:31:54.4957317Z  dex Pulled 
test-ubuntu (3.14t)	Set up Docker Compose	2026-05-19T19:31:54.4974805Z  3b8271951027 Pull complete 
test-ubuntu (3.14t)	Set up Docker Compose	2026-05-19T19:31:54.4976974Z  3b8271951027 Pull complete 
test-ubuntu (3.14t)	Set up Docker Compose	2026-05-19T19:31:54.5162042Z  06936fd22673 Extracting [==================================================>]  3.436kB/3.436kB
test-ubuntu (3.14t)	Set up Docker Compose	2026-05-19T19:31:54.5192917Z  e7f02ac1f456 Pull complete 
test-ubuntu (3.14t)	Set up Docker Compose	2026-05-19T19:31:54.5229650Z  06936fd22673 Extracting [==================================================>]  3.436kB/3.436kB
test-ubuntu (3.14t)	Set up Docker Compose	2026-05-19T19:31:54.5277512Z  d5fd17ec1767 Extracting [=========>                                         ]  5.308MB/28.57MB
test-ubuntu (3.14t)	Set up Docker Compose	2026-05-19T19:31:54.5279108Z  33948d124eb7 Extracting [=========>                                         ]  262.1kB/1.312MB
test-ubuntu (3.14t)	Set up Docker Compose	2026-05-19T19:31:54.5324579Z  612087d42eba Extracting [==================================================>]  4.023kB/4.023kB
test-ubuntu (3.14t)	Set up Docker Compose	2026-05-19T19:31:54.5325870Z  612087d42eba Extracting [==================================================>]  4.023kB/4.023kB
test-ubuntu (3.14t)	Set up Docker Compose	2026-05-19T19:31:54.5492920Z  fe07684b16b8 Extracting [==========>                                        ]  786.4kB/3.797MB
test-ubuntu (3.14t)	Set up Docker Compose	2026-05-19T19:31:54.5495895Z  93f76af26bd1 Extracting [==========================================>        ]  57.93MB/67.7MB
test-ubuntu (3.14t)	Set up Docker Compose	2026-05-19T19:31:54.5588725Z  06803ccce673 Extracting [>                                                  ]  262.1kB/24.33MB
test-ubuntu (3.14t)	Set up Docker Compose	2026-05-19T19:31:54.5754063Z  9cb31e2e37ea Extracting [===============================================>   ]  28.18MB/29.54MB
test-ubuntu (3.14t)	Set up Docker Compose	2026-05-19T19:31:54.5808118Z  6163e4fdd626 Downloading [========================================>          ]  126.1MB/154.6MB
test-ubuntu (3.14t)	Set up Docker Compose	2026-05-19T19:31:54.5893262Z  b5c5a3ac416f Downloading [=========================>                         ]  1.515GB/3.001GB
test-ubuntu (3.14t)	Set up Docker Compose	2026-05-19T19:31:54.5897621Z  8a3c71b80346 Extracting [=========>                                         ]  720.9kB/3.847MB
test-ubuntu (3.14t)	Set up Docker Compose	2026-05-19T19:31:54.5901277Z  5a632533374f Downloading [========================>                          ]  1.796MB/3.635MB
test-ubuntu (3.14t)	Set up Docker Compose	2026-05-19T19:31:54.5906186Z  9b972c53c46c Extracting [=============>                                     ]  49.58MB/183.5MB
test-ubuntu (3.14t)	Set up Docker Compose	2026-05-19T19:31:54.6194836Z  e67fdae35593 Extracting [================================================>  ]  30.47MB/31.42MB
test-ubuntu (3.14t)	Set up Docker Compose	2026-05-19T19:31:54.6209497Z  612087d42eba Pull complete 
test-ubuntu (3.14t)	Set up Docker Compose	2026-05-19T19:31:54.6684378Z  fe07684b16b8 Extracting [=============>                                     ]  1.049MB/3.797MB
test-ubuntu (3.14t)	Set up Docker Compose	2026-05-19T19:31:54.6685474Z  33948d124eb7 Extracting [========================>                          ]  655.4kB/1.312MB
test-ubuntu (3.14t)	Set up Docker Compose	2026-05-19T19:31:54.6686323Z  2d001a504b81 Extracting [==================================================>]   1.48kB/1.48kB
test-ubuntu (3.14t)	Set up Docker Compose	2026-05-19T19:31:54.6687107Z  2d001a504b81 Extracting [==================================================>]   1.48kB/1.48kB
test-ubuntu (3.14t)	Set up Docker Compose	2026-05-19T19:31:54.6745406Z  93f76af26bd1 Extracting [===========================================>       ]  59.05MB/67.7MB
test-ubuntu (3.14t)	Set up Docker Compose	2026-05-19T19:31:54.6958062Z  b5c5a3ac416f Downloading [=========================>                         ]  1.521GB/3.001GB
test-ubuntu (3.14t)	Set up Docker Compose	2026-05-19T19:31:54.7007157Z  06803ccce673 Extracting [==>                                                ]  1.049MB/24.33MB
test-ubuntu (3.14t)	Set up Docker Compose	2026-05-19T19:31:54.7044045Z  e90c5064d283 Extracting [=================================>                 ]  62.39MB/93.66MB
test-ubuntu (3.14t)	Set up Docker Compose	2026-05-19T19:31:54.7047801Z  d5fd17ec1767 Extracting [==========>                                        ]  6.193MB/28.57MB
test-ubuntu (3.14t)	Set up Docker Compose	2026-05-19T19:31:54.7048983Z  5a632533374f Downloading [========================================>          ]  2.971MB/3.635MB
test-ubuntu (3.14t)	Set up Docker Compose	2026-05-19T19:31:54.7232443Z  6163e4fdd626 Downloading [==========================================>        ]    132MB/154.6MB
test-ubuntu (3.14t)	Set up Docker Compose	2026-05-19T19:31:54.7367752Z  5a632533374f Verifying Checksum 
test-ubuntu (3.14t)	Set up Docker Compose	2026-05-19T19:31:54.7369057Z  5a632533374f Download complete 
test-ubuntu (3.14t)	Set up Docker Compose	2026-05-19T19:31:54.7839106Z  06936fd22673 Pull complete 
test-ubuntu (3.14t)	Set up Docker Compose	2026-05-19T19:31:54.7843938Z  9b972c53c46c Extracting [=============>                                     ]  50.14MB/183.5MB
test-ubuntu (3.14t)	Set up Docker Compose	2026-05-19T19:31:54.7847420Z  2d001a504b81 Pull complete 
test-ubuntu (3.14t)	Set up Docker Compose	2026-05-19T19:31:54.7952922Z  4f4fb700ef54 Extracting [==================================================>]      32B/32B
test-ubuntu (3.14t)	Set up Docker Compose	2026-05-19T19:31:54.7957734Z  4f4fb700ef54 Extracting [==================================================>]      32B/32B
test-ubuntu (3.14t)	Set up Docker Compose	2026-05-19T19:31:54.7999316Z  b5c5a3ac416f Downloading [=========================>                         ]  1.529GB/3.001GB
test-ubuntu (3.14t)	Set up Docker Compose	2026-05-19T19:31:54.8050992Z  bd1a7d2e0737 Extracting [==========================>                        ]  32.77kB/62.75kB
test-ubuntu (3.14t)	Set up Docker Compose	2026-05-19T19:31:54.8057379Z  bd1a7d2e0737 Extracting [==================================================>]  62.75kB/62.75kB
test-ubuntu (3.14t)	Set up Docker Compose	2026-05-19T19:31:54.8066487Z  06803ccce673 Extracting [==>                                                ]  1.311MB/24.33MB
test-ubuntu (3.14t)	Set up Docker Compose	2026-05-19T19:31:54.8169799Z  d03efd77259a Downloading [>                                                  ]  70.79kB/7.066MB
test-ubuntu (3.14t)	Set up Docker Compose	2026-05-19T19:31:54.8230748Z  6163e4fdd626 Downloading [==============================================>    ]  143.1MB/154.6MB
test-ubuntu (3.14t)	Set up Docker Compose	2026-05-19T19:31:54.8252281Z  93f76af26bd1 Extracting [============================================>      ]  60.16MB/67.7MB
test-ubuntu (3.14t)	Set up Docker Compose	2026-05-19T19:31:54.8656964Z  8a3c71b80346 Extracting [==========>                                        ]  786.4kB/3.847MB
test-ubuntu (3.14t)	Set up Docker Compose	2026-05-19T19:31:54.8752666Z  33948d124eb7 Extracting [================================================>  ]  1.278MB/1.312MB
test-ubuntu (3.14t)	Set up Docker Compose	2026-05-19T19:31:54.9069025Z  9b972c53c46c Extracting [=============>                                     ]  50.69MB/183.5MB
test-ubuntu (3.14t)	Set up Docker Compose	2026-05-19T19:31:54.9081806Z  d5fd17ec1767 Extracting [============>                                      ]  7.078MB/28.57MB
test-ubuntu (3.14t)	Set up Docker Compose	2026-05-19T19:31:54.9092425Z  b5c5a3ac416f Downloading [=========================>                         ]  1.539GB/3.001GB
test-ubuntu (3.14t)	Set up Docker Compose	2026-05-19T19:31:54.9180707Z  d03efd77259a Downloading [=========>                                         ]  1.328MB/7.066MB
test-ubuntu (3.14t)	Set up Docker Compose	2026-05-19T19:31:54.9196973Z  4f4fb700ef54 Pull complete 
test-ubuntu (3.14t)	Set up Docker Compose	2026-05-19T19:31:54.9231368Z  6163e4fdd626 Downloading [=================================================> ]  152.7MB/154.6MB
test-ubuntu (3.14t)	Set up Docker Compose	2026-05-19T19:31:54.9235440Z  bd1a7d2e0737 Pull complete 
test-ubuntu (3.14t)	Set up Docker Compose	2026-05-19T19:31:54.9366025Z  fe07684b16b8 Extracting [==================>                                ]  1.376MB/3.797MB
test-ubuntu (3.14t)	Set up Docker Compose	2026-05-19T19:31:54.9368942Z  06803ccce673 Extracting [======>                                            ]  3.146MB/24.33MB
test-ubuntu (3.14t)	Set up Docker Compose	2026-05-19T19:31:54.9507602Z  6163e4fdd626 Verifying Checksum 
test-ubuntu (3.14t)	Set up Docker Compose	2026-05-19T19:31:54.9510433Z  6163e4fdd626 Download complete 
test-ubuntu (3.14t)	Set up Docker Compose	2026-05-19T19:31:54.9546252Z  93f76af26bd1 Extracting [============================================>      ]  60.72MB/67.7MB
test-ubuntu (3.14t)	Set up Docker Compose	2026-05-19T19:31:54.9609082Z  69294359b56a Extracting [==================================================>]     100B/100B
test-ubuntu (3.14t)	Set up Docker Compose	2026-05-19T19:31:54.9610812Z  69294359b56a Extracting [==================================================>]     100B/100B
test-ubuntu (3.14t)	Set up Docker Compose	2026-05-19T19:31:54.9769030Z  e90c5064d283 Extracting [=================================>                 ]  62.95MB/93.66MB
test-ubuntu (3.14t)	Set up Docker Compose	2026-05-19T19:31:54.9808207Z  8a3c71b80346 Extracting [===========>                                       ]    852kB/3.847MB
test-ubuntu (3.14t)	Set up Docker Compose	2026-05-19T19:31:55.0156555Z  d5fd17ec1767 Extracting [=============>                                     ]  7.668MB/28.57MB
test-ubuntu (3.14t)	Set up Docker Compose	2026-05-19T19:31:55.0162594Z  e67fdae35593 Extracting [=================================================> ]   30.8MB/31.42MB
test-ubuntu (3.14t)	Set up Docker Compose	2026-05-19T19:31:55.0173219Z  b5c5a3ac416f Downloading [=========================>                         ]  1.552GB/3.001GB
test-ubuntu (3.14t)	Set up Docker Compose	2026-05-19T19:31:55.0215779Z  d03efd77259a Downloading [=========================>                         ]  3.612MB/7.066MB
test-ubuntu (3.14t)	Set up Docker Compose	2026-05-19T19:31:55.0417328Z  fe07684b16b8 Extracting [====================>                              ]  1.573MB/3.797MB
test-ubuntu (3.14t)	Set up Docker Compose	2026-05-19T19:31:55.0477286Z  33948d124eb7 Extracting [=================================================> ]  1.311MB/1.312MB
test-ubuntu (3.14t)	Set up Docker Compose	2026-05-19T19:31:55.0509361Z  9cb31e2e37ea Extracting [================================================>  ]  28.51MB/29.54MB
test-ubuntu (3.14t)	Set up Docker Compose	2026-05-19T19:31:55.0517370Z  37ea5726b062 Downloading [==================================================>]     118B/118B
test-ubuntu (3.14t)	Set up Docker Compose	2026-05-19T19:31:55.0532560Z  37ea5726b062 Verifying Checksum 
test-ubuntu (3.14t)	Set up Docker Compose	2026-05-19T19:31:55.0540024Z  37ea5726b062 Download complete 
test-ubuntu (3.14t)	Set up Docker Compose	2026-05-19T19:31:55.0622856Z  06803ccce673 Extracting [========>                                          ]  4.194MB/24.33MB
test-ubuntu (3.14t)	Set up Docker Compose	2026-05-19T19:31:55.0631128Z  69294359b56a Pull complete 
test-ubuntu (3.14t)	Set up Docker Compose	2026-05-19T19:31:55.0875852Z  df0231abac1e Extracting [==================================================>]     700B/700B
test-ubuntu (3.14t)	Set up Docker Compose	2026-05-19T19:31:55.0877106Z  df0231abac1e Extracting [==================================================>]     700B/700B
test-ubuntu (3.14t)	Set up Docker Compose	2026-05-19T19:31:55.1066304Z  d03efd77259a Verifying Checksum 
test-ubuntu (3.14t)	Set up Docker Compose	2026-05-19T19:31:55.1068369Z  d03efd77259a Download complete 
test-ubuntu (3.14t)	Set up Docker Compose	2026-05-19T19:31:55.1073932Z  8a3c71b80346 Extracting [=============>                                     ]  1.049MB/3.847MB
test-ubuntu (3.14t)	Set up Docker Compose	2026-05-19T19:31:55.1173572Z  93f76af26bd1 Extracting [=============================================>     ]  61.83MB/67.7MB
test-ubuntu (3.14t)	Set up Docker Compose	2026-05-19T19:31:55.1254383Z  d5fd17ec1767 Extracting [==============>                                    ]  8.258MB/28.57MB
test-ubuntu (3.14t)	Set up Docker Compose	2026-05-19T19:31:55.1261469Z  b5c5a3ac416f Downloading [=========================>                         ]  1.559GB/3.001GB
test-ubuntu (3.14t)	Set up Docker Compose	2026-05-19T19:31:55.1344053Z  e90c5064d283 Extracting [==================================>                ]  64.06MB/93.66MB
test-ubuntu (3.14t)	Set up Docker Compose	2026-05-19T19:31:55.1621347Z  fe07684b16b8 Extracting [==============================>                    ]  2.294MB/3.797MB
test-ubuntu (3.14t)	Set up Docker Compose	2026-05-19T19:31:55.1863863Z  33948d124eb7 Extracting [==================================================>]  1.312MB/1.312MB
test-ubuntu (3.14t)	Set up Docker Compose	2026-05-19T19:31:55.1868720Z  9b972c53c46c Extracting [==============>                                    ]  51.81MB/183.5MB
test-ubuntu (3.14t)	Set up Docker Compose	2026-05-19T19:31:55.1869932Z  06803ccce673 Extracting [==========>                                        ]  4.981MB/24.33MB
test-ubuntu (3.14t)	Set up Docker Compose	2026-05-19T19:31:55.1970829Z  de7b6d2bd702 Downloading [=========================================>         ]     379B/456B
test-ubuntu (3.14t)	Set up Docker Compose	2026-05-19T19:31:55.1984943Z  de7b6d2bd702 Downloading [==================================================>]     456B/456B
test-ubuntu (3.14t)	Set up Docker Compose	2026-05-19T19:31:55.1995447Z  df0231abac1e Pull complete 
test-ubuntu (3.14t)	Set up Docker Compose	2026-05-19T19:31:55.2007725Z  de7b6d2bd702 Verifying Checksum 
test-ubuntu (3.14t)	Set up Docker Compose	2026-05-19T19:31:55.2079117Z  de7b6d2bd702 Download complete 
test-ubuntu (3.14t)	Set up Docker Compose	2026-05-19T19:31:55.2086950Z  8a3c71b80346 Extracting [======================>                            ]  1.769MB/3.847MB
test-ubuntu (3.14t)	Set up Docker Compose	2026-05-19T19:31:55.2142701Z  0124d324831b Extracting [>                                                  ]  557.1kB/249.5MB
test-ubuntu (3.14t)	Set up Docker Compose	2026-05-19T19:31:55.2171208Z  b5c5a3ac416f Downloading [==========================>                        ]  1.575GB/3.001GB
test-ubuntu (3.14t)	Set up Docker Compose	2026-05-19T19:31:55.2280419Z  bf317fc9d047 Downloading [===================>                               ]     378B/951B
test-ubuntu (3.14t)	Set up Docker Compose	2026-05-19T19:31:55.2281870Z  d5fd17ec1767 Extracting [===============>                                   ]  8.847MB/28.57MB
test-ubuntu (3.14t)	Set up Docker Compose	2026-05-19T19:31:55.2285551Z  bf317fc9d047 Downloading [==================================================>]     951B/951B
test-ubuntu (3.14t)	Set up Docker Compose	2026-05-19T19:31:55.2296966Z  bf317fc9d047 Verifying Checksum 
test-ubuntu (3.14t)	Set up Docker Compose	2026-05-19T19:31:55.2299010Z  bf317fc9d047 Download complete 
test-ubuntu (3.14t)	Set up Docker Compose	2026-05-19T19:31:55.2604944Z  e67fdae35593 Extracting [=================================================> ]  31.13MB/31.42MB
test-ubuntu (3.14t)	Set up Docker Compose	2026-05-19T19:31:55.2714613Z  fe07684b16b8 Extracting [===========================================>       ]  3.277MB/3.797MB
test-ubuntu (3.14t)	Set up Docker Compose	2026-05-19T19:31:55.2796061Z  prometheus Pulled 
test-ubuntu (3.14t)	Set up Docker Compose	2026-05-19T19:31:55.2835245Z  e90c5064d283 Extracting [===================================>               ]  65.73MB/93.66MB
test-ubuntu (3.14t)	Set up Docker Compose	2026-05-19T19:31:55.2971134Z  06803ccce673 Extracting [============>                                      ]  6.029MB/24.33MB
test-ubuntu (3.14t)	Set up Docker Compose	2026-05-19T19:31:55.2992171Z  93f76af26bd1 Extracting [==============================================>    ]  62.95MB/67.7MB
test-ubuntu (3.14t)	Set up Docker Compose	2026-05-19T19:31:55.3093067Z  8a3c71b80346 Extracting [===================================>               ]  2.753MB/3.847MB
test-ubuntu (3.14t)	Set up Docker Compose	2026-05-19T19:31:55.3095097Z  8b8b5338fa05 Downloading [==================================================>]     144B/144B
test-ubuntu (3.14t)	Set up Docker Compose	2026-05-19T19:31:55.3107530Z  8b8b5338fa05 Verifying Checksum 
test-ubuntu (3.14t)	Set up Docker Compose	2026-05-19T19:31:55.3108312Z  8b8b5338fa05 Download complete 
test-ubuntu (3.14t)	Set up Docker Compose	2026-05-19T19:31:55.3272489Z  b5c5a3ac416f Downloading [==========================>                        ]  1.591GB/3.001GB
test-ubuntu (3.14t)	Set up Docker Compose	2026-05-19T19:31:55.3273969Z  4acaa03d21c0 Downloading [==================================================>]     137B/137B
test-ubuntu (3.14t)	Set up Docker Compose	2026-05-19T19:31:55.3298643Z  4acaa03d21c0 Verifying Checksum 
test-ubuntu (3.14t)	Set up Docker Compose	2026-05-19T19:31:55.3299559Z  4acaa03d21c0 Download complete 
test-ubuntu (3.14t)	Set up Docker Compose	2026-05-19T19:31:55.3338338Z  fe07684b16b8 Extracting [==================================================>]  3.797MB/3.797MB
test-ubuntu (3.14t)	Set up Docker Compose	2026-05-19T19:31:55.3417100Z  fe07684b16b8 Extracting [==================================================>]  3.797MB/3.797MB
test-ubuntu (3.14t)	Set up Docker Compose	2026-05-19T19:31:55.3543102Z  0124d324831b Extracting [>                                                  ]  1.671MB/249.5MB
test-ubuntu (3.14t)	Set up Docker Compose	2026-05-19T19:31:55.3618806Z  9b972c53c46c Extracting [==============>                                    ]  52.92MB/183.5MB
test-ubuntu (3.14t)	Set up Docker Compose	2026-05-19T19:31:55.4029880Z  e90c5064d283 Extracting [===================================>               ]   67.4MB/93.66MB
test-ubuntu (3.14t)	Set up Docker Compose	2026-05-19T19:31:55.4094500Z  33948d124eb7 Pull complete 
test-ubuntu (3.14t)	Set up Docker Compose	2026-05-19T19:31:55.4190886Z  8a3c71b80346 Extracting [===============================================>   ]   3.67MB/3.847MB
test-ubuntu (3.14t)	Set up Docker Compose	2026-05-19T19:31:55.4208092Z  06803ccce673 Extracting [===============>                                   ]   7.34MB/24.33MB
test-ubuntu (3.14t)	Set up Docker Compose	2026-05-19T19:31:55.4219369Z  b5c5a3ac416f Downloading [==========================>                        ]  1.604GB/3.001GB
test-ubuntu (3.14t)	Set up Docker Compose	2026-05-19T19:31:55.4256025Z  c2c802328ad4 Extracting [==================================================>]     116B/116B
test-ubuntu (3.14t)	Set up Docker Compose	2026-05-19T19:31:55.4256995Z  c2c802328ad4 Extracting [==================================================>]     116B/116B
test-ubuntu (3.14t)	Set up Docker Compose	2026-05-19T19:31:55.4441334Z  93f76af26bd1 Extracting [===============================================>   ]  64.06MB/67.7MB
test-ubuntu (3.14t)	Set up Docker Compose	2026-05-19T19:31:55.4445955Z  d5fd17ec1767 Extracting [================>                                  ]  9.437MB/28.57MB
test-ubuntu (3.14t)	Set up Docker Compose	2026-05-19T19:31:55.4623093Z  9e4893765af9 Downloading [>                                                  ]  123.1kB/12.29MB
test-ubuntu (3.14t)	Set up Docker Compose	2026-05-19T19:31:55.4676445Z  84643c7b3905 Downloading [>                                                  ]  271.1kB/26.31MB
test-ubuntu (3.14t)	Set up Docker Compose	2026-05-19T19:31:55.4784488Z  0124d324831b Extracting [>                                                  ]  2.228MB/249.5MB
test-ubuntu (3.14t)	Set up Docker Compose	2026-05-19T19:31:55.4785594Z  fe07684b16b8 Pull complete 
test-ubuntu (3.14t)	Set up Docker Compose	2026-05-19T19:31:55.4786308Z  c2c802328ad4 Pull complete 
test-ubuntu (3.14t)	Set up Docker Compose	2026-05-19T19:31:55.4884716Z  18066de916e4 Extracting [==================================================>]  3.146kB/3.146kB
test-ubuntu (3.14t)	Set up Docker Compose	2026-05-19T19:31:55.4889683Z  18066de916e4 Extracting [==================================================>]  3.146kB/3.146kB
test-ubuntu (3.14t)	Set up Docker Compose	2026-05-19T19:31:55.4913356Z  8625de8a7c49 Extracting [==================================================>]  7.942kB/7.942kB
test-ubuntu (3.14t)	Set up Docker Compose	2026-05-19T19:31:55.4960019Z  8625de8a7c49 Extracting [==================================================>]  7.942kB/7.942kB
test-ubuntu (3.14t)	Set up Docker Compose	2026-05-19T19:31:55.5184319Z  e90c5064d283 Extracting [====================================>              ]  68.52MB/93.66MB
test-ubuntu (3.14t)	Set up Docker Compose	2026-05-19T19:31:55.5239316Z  9b972c53c46c Extracting [==============>                                    ]  54.03MB/183.5MB
test-ubuntu (3.14t)	Set up Docker Compose	2026-05-19T19:31:55.5280202Z  06803ccce673 Extracting [=================>                                 ]  8.651MB/24.33MB
test-ubuntu (3.14t)	Set up Docker Compose	2026-05-19T19:31:55.5335079Z  b5c5a3ac416f Downloading [===========================>                       ]  1.621GB/3.001GB
test-ubuntu (3.14t)	Set up Docker Compose	2026-05-19T19:31:55.5643112Z  93f76af26bd1 Extracting [================================================>  ]  65.18MB/67.7MB
test-ubuntu (3.14t)	Set up Docker Compose	2026-05-19T19:31:55.5652302Z  84643c7b3905 Downloading [==>                                                ]  1.371MB/26.31MB
test-ubuntu (3.14t)	Set up Docker Compose	2026-05-19T19:31:55.5699054Z  9e4893765af9 Downloading [=======>                                           ]  1.962MB/12.29MB
test-ubuntu (3.14t)	Set up Docker Compose	2026-05-19T19:31:55.5837441Z  0124d324831b Extracting [>                                                  ]  3.342MB/249.5MB
test-ubuntu (3.14t)	Set up Docker Compose	2026-05-19T19:31:55.5927523Z  d5fd17ec1767 Extracting [=================>                                 ]  10.03MB/28.57MB
test-ubuntu (3.14t)	Set up Docker Compose	2026-05-19T19:31:55.6159470Z  8a3c71b80346 Extracting [==================================================>]  3.847MB/3.847MB
test-ubuntu (3.14t)	Set up Docker Compose	2026-05-19T19:31:55.6342026Z  b5c5a3ac416f Downloading [===========================>                       ]  1.638GB/3.001GB
test-ubuntu (3.14t)	Set up Docker Compose	2026-05-19T19:31:55.6492823Z  8625de8a7c49 Pull complete 
test-ubuntu (3.14t)	Set up Docker Compose	2026-05-19T19:31:55.6494234Z  18066de916e4 Pull complete 
test-ubuntu (3.14t)	Set up Docker Compose	2026-05-19T19:31:55.6642236Z  06803ccce673 Extracting [===================>                               ]  9.699MB/24.33MB
test-ubuntu (3.14t)	Set up Docker Compose	2026-05-19T19:31:55.6650673Z  9cb31e2e37ea Extracting [=================================================> ]  29.16MB/29.54MB
test-ubuntu (3.14t)	Set up Docker Compose	2026-05-19T19:31:55.6682471Z  5a632533374f Extracting [>                                                  ]  65.54kB/3.635MB
test-ubuntu (3.14t)	Set up Docker Compose	2026-05-19T19:31:55.6769485Z  9e4893765af9 Downloading [==================>                                ]  4.464MB/12.29MB
test-ubuntu (3.14t)	Set up Docker Compose	2026-05-19T19:31:55.6803064Z  9b972c53c46c Extracting [===============>                                   ]  55.15MB/183.5MB
test-ubuntu (3.14t)	Set up Docker Compose	2026-05-19T19:31:55.6809218Z  84643c7b3905 Downloading [=====>                                             ]  2.753MB/26.31MB
test-ubuntu (3.14t)	Set up Docker Compose	2026-05-19T19:31:55.6860499Z  e90c5064d283 Extracting [=====================================>             ]  70.19MB/93.66MB
test-ubuntu (3.14t)	Set up Docker Compose	2026-05-19T19:31:55.7048645Z  d5fd17ec1767 Extracting [==================>                                ]  10.62MB/28.57MB
test-ubuntu (3.14t)	Set up Docker Compose	2026-05-19T19:31:55.7276453Z  0124d324831b Extracting [>                                                  ]  4.456MB/249.5MB
test-ubuntu (3.14t)	Set up Docker Compose	2026-05-19T19:31:55.7412489Z  b5c5a3ac416f Downloading [===========================>                       ]  1.656GB/3.001GB
test-ubuntu (3.14t)	Set up Docker Compose	2026-05-19T19:31:55.7415456Z  8a3c71b80346 Extracting [==================================================>]  3.847MB/3.847MB
test-ubuntu (3.14t)	Set up Docker Compose	2026-05-19T19:31:55.7494567Z  e67fdae35593 Extracting [==================================================>]  31.42MB/31.42MB
test-ubuntu (3.14t)	Set up Docker Compose	2026-05-19T19:31:55.7690399Z  06803ccce673 Extracting [=====================>                             ]  10.49MB/24.33MB
test-ubuntu (3.14t)	Set up Docker Compose	2026-05-19T19:31:55.7783139Z  9e4893765af9 Downloading [================================>                  ]  7.866MB/12.29MB
test-ubuntu (3.14t)	Set up Docker Compose	2026-05-19T19:31:55.7843272Z  9b972c53c46c Extracting [===============>                                   ]  55.71MB/183.5MB
test-ubuntu (3.14t)	Set up Docker Compose	2026-05-19T19:31:55.7864842Z  93f76af26bd1 Extracting [================================================>  ]  66.29MB/67.7MB
test-ubuntu (3.14t)	Set up Docker Compose	2026-05-19T19:31:55.7935699Z  5a632533374f Extracting [========>                                          ]  589.8kB/3.635MB
test-ubuntu (3.14t)	Set up Docker Compose	2026-05-19T19:31:55.8002481Z  84643c7b3905 Downloading [=======>                                           ]   4.13MB/26.31MB
test-ubuntu (3.14t)	Set up Docker Compose	2026-05-19T19:31:55.8067380Z  e90c5064d283 Extracting [======================================>            ]   71.3MB/93.66MB
test-ubuntu (3.14t)	Set up Docker Compose	2026-05-19T19:31:55.8457536Z  b5c5a3ac416f Downloading [===========================>                       ]  1.677GB/3.001GB
test-ubuntu (3.14t)	Set up Docker Compose	2026-05-19T19:31:55.8843161Z  e67fdae35593 Pull complete 
test-ubuntu (3.14t)	Set up Docker Compose	2026-05-19T19:31:55.8862973Z  9e4893765af9 Downloading [===========================================>       ]  10.62MB/12.29MB
test-ubuntu (3.14t)	Set up Docker Compose	2026-05-19T19:31:55.9083144Z  06803ccce673 Extracting [=======================>                           ]  11.27MB/24.33MB
test-ubuntu (3.14t)	Set up Docker Compose	2026-05-19T19:31:55.9084881Z  84643c7b3905 Downloading [=========>                                         ]   5.23MB/26.31MB
test-ubuntu (3.14t)	Set up Docker Compose	2026-05-19T19:31:55.9088397Z  9b972c53c46c Extracting [===============>                                   ]  56.26MB/183.5MB
test-ubuntu (3.14t)	Set up Docker Compose	2026-05-19T19:31:55.9103057Z  d5fd17ec1767 Extracting [====================>                              ]   11.5MB/28.57MB
test-ubuntu (3.14t)	Set up Docker Compose	2026-05-19T19:31:55.9120477Z  9e4893765af9 Verifying Checksum 
test-ubuntu (3.14t)	Set up Docker Compose	2026-05-19T19:31:55.9121756Z  9e4893765af9 Download complete 
test-ubuntu (3.14t)	Set up Docker Compose	2026-05-19T19:31:55.9135597Z  93f76af26bd1 Extracting [=================================================> ]  66.85MB/67.7MB
test-ubuntu (3.14t)	Set up Docker Compose	2026-05-19T19:31:55.9163940Z  0124d324831b Extracting [=>                                                 ]  5.571MB/249.5MB
test-ubuntu (3.14t)	Set up Docker Compose	2026-05-19T19:31:55.9246967Z  e90c5064d283 Extracting [======================================>            ]  72.42MB/93.66MB
test-ubuntu (3.14t)	Set up Docker Compose	2026-05-19T19:31:55.9349316Z  b5c5a3ac416f Downloading [============================>                      ]  1.689GB/3.001GB
test-ubuntu (3.14t)	Set up Docker Compose	2026-05-19T19:31:55.9903338Z  93f76af26bd1 Extracting [==================================================>]   67.7MB/67.7MB
test-ubuntu (3.14t)	Set up Docker Compose	2026-05-19T19:31:56.0102856Z  84643c7b3905 Downloading [========================>                          ]  12.91MB/26.31MB
test-ubuntu (3.14t)	Set up Docker Compose	2026-05-19T19:31:56.0112863Z  06803ccce673 Extracting [=========================>                         ]  12.32MB/24.33MB
test-ubuntu (3.14t)	Set up Docker Compose	2026-05-19T19:31:56.0405613Z  b5c5a3ac416f Downloading [============================>                      ]  1.704GB/3.001GB
test-ubuntu (3.14t)	Set up Docker Compose	2026-05-19T19:31:56.0432592Z  0124d324831b Extracting [=>                                                 ]  7.242MB/249.5MB
test-ubuntu (3.14t)	Set up Docker Compose	2026-05-19T19:31:56.0570430Z  d5fd17ec1767 Extracting [======================>                            ]  12.68MB/28.57MB
test-ubuntu (3.14t)	Set up Docker Compose	2026-05-19T19:31:56.0692644Z  e90c5064d283 Extracting [=======================================>           ]  74.09MB/93.66MB
test-ubuntu (3.14t)	Set up Docker Compose	2026-05-19T19:31:56.0720812Z  9b972c53c46c Extracting [===============>                                   ]  57.93MB/183.5MB
test-ubuntu (3.14t)	Set up Docker Compose	2026-05-19T19:31:56.0840927Z  173e9abf17df Downloading [>                                                  ]  466.1kB/45.11MB
test-ubuntu (3.14t)	Set up Docker Compose	2026-05-19T19:31:56.1105726Z  84643c7b3905 Downloading [===============================================>   ]  24.95MB/26.31MB
test-ubuntu (3.14t)	Set up Docker Compose	2026-05-19T19:31:56.1146795Z  5a632533374f Extracting [=========>                                         ]  655.4kB/3.635MB
test-ubuntu (3.14t)	Set up Docker Compose	2026-05-19T19:31:56.1204565Z  84643c7b3905 Verifying Checksum 
test-ubuntu (3.14t)	Set up Docker Compose	2026-05-19T19:31:56.1208405Z  84643c7b3905 Download complete 
test-ubuntu (3.14t)	Set up Docker Compose	2026-05-19T19:31:56.1268294Z  06803ccce673 Extracting [===========================>                       ]  13.37MB/24.33MB
test-ubuntu (3.14t)	Set up Docker Compose	2026-05-19T19:31:56.1401356Z  b5c5a3ac416f Downloading [============================>                      ]  1.724GB/3.001GB
test-ubuntu (3.14t)	Set up Docker Compose	2026-05-19T19:31:56.1437462Z  03b1c1358482 Extracting [>                                                  ]  557.1kB/144.8MB
test-ubuntu (3.14t)	Set up Docker Compose	2026-05-19T19:31:56.1778889Z  9cb31e2e37ea Extracting [=================================================> ]  29.49MB/29.54MB
test-ubuntu (3.14t)	Set up Docker Compose	2026-05-19T19:31:56.2055685Z  2d00d5ceb5d5 Downloading [>                                                  ]  540.7kB/75.55MB
test-ubuntu (3.14t)	Set up Docker Compose	2026-05-19T19:31:56.2318222Z  173e9abf17df Downloading [==>                                                ]  1.844MB/45.11MB
test-ubuntu (3.14t)	Set up Docker Compose	2026-05-19T19:31:56.2389796Z  b5c5a3ac416f Downloading [============================>                      ]  1.727GB/3.001GB
test-ubuntu (3.14t)	Set up Docker Compose	2026-05-19T19:31:56.2395323Z  5a632533374f Extracting [=========>                                         ]  720.9kB/3.635MB
test-ubuntu (3.14t)	Set up Docker Compose	2026-05-19T19:31:56.2413016Z  d5fd17ec1767 Extracting [=======================>                           ]  13.57MB/28.57MB
test-ubuntu (3.14t)	Set up Docker Compose	2026-05-19T19:31:56.2444658Z  06803ccce673 Extracting [============================>                      ]  13.63MB/24.33MB
test-ubuntu (3.14t)	Set up Docker Compose	2026-05-19T19:31:56.2569160Z  93f76af26bd1 Pull complete 
test-ubuntu (3.14t)	Set up Docker Compose	2026-05-19T19:31:56.2707106Z  75ea594db523 Extracting [==================================================>]     730B/730B
test-ubuntu (3.14t)	Set up Docker Compose	2026-05-19T19:31:56.2708581Z  75ea594db523 Extracting [==================================================>]     730B/730B
test-ubuntu (3.14t)	Set up Docker Compose	2026-05-19T19:31:56.2710729Z  0124d324831b Extracting [=>                                                 ]  8.356MB/249.5MB
test-ubuntu (3.14t)	Set up Docker Compose	2026-05-19T19:31:56.2775484Z  03b1c1358482 Extracting [>                                                  ]  1.114MB/144.8MB
test-ubuntu (3.14t)	Set up Docker Compose	2026-05-19T19:31:56.2912618Z  e90c5064d283 Extracting [========================================>          ]   75.2MB/93.66MB
test-ubuntu (3.14t)	Set up Docker Compose	2026-05-19T19:31:56.2948807Z  9cb31e2e37ea Extracting [==================================================>]  29.54MB/29.54MB
test-ubuntu (3.14t)	Set up Docker Compose	2026-05-19T19:31:56.2956837Z  b0f4f1626421 Extracting [>                                                  ]  557.1kB/111.1MB
test-ubuntu (3.14t)	Set up Docker Compose	2026-05-19T19:31:56.2982443Z  9b972c53c46c Extracting [================>                                  ]  59.05MB/183.5MB
test-ubuntu (3.14t)	Set up Docker Compose	2026-05-19T19:31:56.3088366Z  2d00d5ceb5d5 Downloading [====>                                              ]   6.94MB/75.55MB
test-ubuntu (3.14t)	Set up Docker Compose	2026-05-19T19:31:56.3352698Z  173e9abf17df Downloading [====>                                              ]  4.128MB/45.11MB
test-ubuntu (3.14t)	Set up Docker Compose	2026-05-19T19:31:56.3393989Z  b5c5a3ac416f Downloading [=============================>                     ]  1.744GB/3.001GB
test-ubuntu (3.14t)	Set up Docker Compose	2026-05-19T19:31:56.3605697Z  75ea594db523 Pull complete 
test-ubuntu (3.14t)	Set up Docker Compose	2026-05-19T19:31:56.3662330Z  5a632533374f Extracting [=============>                                     ]    983kB/3.635MB
test-ubuntu (3.14t)	Set up Docker Compose	2026-05-19T19:31:56.3668649Z  d5fd17ec1767 Extracting [=========================>                         ]  14.45MB/28.57MB
test-ubuntu (3.14t)	Set up Docker Compose	2026-05-19T19:31:56.3767128Z  06803ccce673 Extracting [==============================>                    ]  14.68MB/24.33MB
test-ubuntu (3.14t)	Set up Docker Compose	2026-05-19T19:31:56.3829585Z  0124d324831b Extracting [=>                                                 ]  8.913MB/249.5MB
test-ubuntu (3.14t)	Set up Docker Compose	2026-05-19T19:31:56.4118268Z  2d00d5ceb5d5 Downloading [========>                                          ]  12.82MB/75.55MB
test-ubuntu (3.14t)	Set up Docker Compose	2026-05-19T19:31:56.4159577Z  otel-collector Pulled 
test-ubuntu (3.14t)	Set up Docker Compose	2026-05-19T19:31:56.4174595Z  03b1c1358482 Extracting [>                                                  ]  2.785MB/144.8MB
test-ubuntu (3.14t)	Set up Docker Compose	2026-05-19T19:31:56.4231617Z  e90c5064d283 Extracting [========================================>          ]  76.32MB/93.66MB
test-ubuntu (3.14t)	Set up Docker Compose	2026-05-19T19:31:56.4354954Z  9b972c53c46c Extracting [================>                                  ]  60.16MB/183.5MB
test-ubuntu (3.14t)	Set up Docker Compose	2026-05-19T19:31:56.4452281Z  173e9abf17df Downloading [=======>                                           ]  6.423MB/45.11MB
test-ubuntu (3.14t)	Set up Docker Compose	2026-05-19T19:31:56.4466336Z  b0f4f1626421 Extracting [>                                                  ]  1.114MB/111.1MB
test-ubuntu (3.14t)	Set up Docker Compose	2026-05-19T19:31:56.4498336Z  b5c5a3ac416f Downloading [=============================>                     ]  1.757GB/3.001GB
test-ubuntu (3.14t)	Set up Docker Compose	2026-05-19T19:31:56.4568950Z  8a3c71b80346 Pull complete 
test-ubuntu (3.14t)	Set up Docker Compose	2026-05-19T19:31:56.4669082Z  5a632533374f Extracting [=======================>                           ]  1.704MB/3.635MB
test-ubuntu (3.14t)	Set up Docker Compose	2026-05-19T19:31:56.4710308Z  d5fd17ec1767 Extracting [==========================>                        ]  15.04MB/28.57MB
test-ubuntu (3.14t)	Set up Docker Compose	2026-05-19T19:31:56.4739892Z  56c2f4d51269 Extracting [>                                                  ]   98.3kB/8.735MB
test-ubuntu (3.14t)	Set up Docker Compose	2026-05-19T19:31:56.4936468Z  0124d324831b Extracting [=>                                                 ]   9.47MB/249.5MB
test-ubuntu (3.14t)	Set up Docker Compose	2026-05-19T19:31:56.4943374Z  06803ccce673 Extracting [================================>                  ]  15.73MB/24.33MB
test-ubuntu (3.14t)	Set up Docker Compose	2026-05-19T19:31:56.5191409Z  9cb31e2e37ea Pull complete 
test-ubuntu (3.14t)	Set up Docker Compose	2026-05-19T19:31:56.5279119Z  2c5982b8ac03 Extracting [==================================================>]  1.398kB/1.398kB
test-ubuntu (3.14t)	Set up Docker Compose	2026-05-19T19:31:56.5280214Z  2c5982b8ac03 Extracting [==================================================>]  1.398kB/1.398kB
test-ubuntu (3.14t)	Set up Docker Compose	2026-05-19T19:31:56.5292359Z  03b1c1358482 Extracting [=>                                                 ]  4.456MB/144.8MB
test-ubuntu (3.14t)	Set up Docker Compose	2026-05-19T19:31:56.5317136Z  2d00d5ceb5d5 Downloading [===============>                                   ]  22.95MB/75.55MB
test-ubuntu (3.14t)	Set up Docker Compose	2026-05-19T19:31:56.5501890Z  b5c5a3ac416f Downloading [=============================>                     ]  1.773GB/3.001GB
test-ubuntu (3.14t)	Set up Docker Compose	2026-05-19T19:31:56.5580856Z  9b972c53c46c Extracting [================>                                  ]  61.28MB/183.5MB
test-ubuntu (3.14t)	Set up Docker Compose	2026-05-19T19:31:56.5623094Z  173e9abf17df Downloading [============>                                      ]  11.03MB/45.11MB
test-ubuntu (3.14t)	Set up Docker Compose	2026-05-19T19:31:56.5696696Z  e90c5064d283 Extracting [=========================================>         ]  77.99MB/93.66MB
test-ubuntu (3.14t)	Set up Docker Compose	2026-05-19T19:31:56.5712537Z  5a632533374f Extracting [=====================================>             ]  2.753MB/3.635MB
test-ubuntu (3.14t)	Set up Docker Compose	2026-05-19T19:31:56.5860142Z  b0f4f1626421 Extracting [=>                                                 ]  2.228MB/111.1MB
test-ubuntu (3.14t)	Set up Docker Compose	2026-05-19T19:31:56.5900858Z  56c2f4d51269 Extracting [=====>                                             ]  884.7kB/8.735MB
test-ubuntu (3.14t)	Set up Docker Compose	2026-05-19T19:31:56.6007565Z  0124d324831b Extracting [==>                                                ]  10.58MB/249.5MB
test-ubuntu (3.14t)	Set up Docker Compose	2026-05-19T19:31:56.6098164Z  06803ccce673 Extracting [==================================>                ]  16.78MB/24.33MB
test-ubuntu (3.14t)	Set up Docker Compose	2026-05-19T19:31:56.6145273Z  d5fd17ec1767 Extracting [============================>                      ]  16.22MB/28.57MB
test-ubuntu (3.14t)	Set up Docker Compose	2026-05-19T19:31:56.6382965Z  2d00d5ceb5d5 Downloading [====================>                              ]  31.49MB/75.55MB
test-ubuntu (3.14t)	Set up Docker Compose	2026-05-19T19:31:56.6390781Z  03b1c1358482 Extracting [=>                                                 ]  5.571MB/144.8MB
test-ubuntu (3.14t)	Set up Docker Compose	2026-05-19T19:31:56.6775390Z  b5c5a3ac416f Downloading [=============================>                     ]  1.786GB/3.001GB
test-ubuntu (3.14t)	Set up Docker Compose	2026-05-19T19:31:56.6798487Z  9b972c53c46c Extracting [================>                                  ]  61.83MB/183.5MB
test-ubuntu (3.14t)	Set up Docker Compose	2026-05-19T19:31:56.6808789Z  173e9abf17df Downloading [====================>                              ]  18.38MB/45.11MB
test-ubuntu (3.14t)	Set up Docker Compose	2026-05-19T19:31:56.6861905Z  2c5982b8ac03 Pull complete 
test-ubuntu (3.14t)	Set up Docker Compose	2026-05-19T19:31:56.6927666Z  e90c5064d283 Extracting [==========================================>        ]   79.1MB/93.66MB
test-ubuntu (3.14t)	Set up Docker Compose	2026-05-19T19:31:56.6949205Z  b0f4f1626421 Extracting [=>                                                 ]  2.785MB/111.1MB
test-ubuntu (3.14t)	Set up Docker Compose	2026-05-19T19:31:56.6980781Z  b3e55e2462fe Extracting [==================================================>]     173B/173B
test-ubuntu (3.14t)	Set up Docker Compose	2026-05-19T19:31:56.7003967Z  b3e55e2462fe Extracting [==================================================>]     173B/173B
test-ubuntu (3.14t)	Set up Docker Compose	2026-05-19T19:31:56.7020071Z  56c2f4d51269 Extracting [=========>                                         ]  1.573MB/8.735MB
test-ubuntu (3.14t)	Set up Docker Compose	2026-05-19T19:31:56.7100347Z  5a632533374f Extracting [=================================================> ]  3.604MB/3.635MB
test-ubuntu (3.14t)	Set up Docker Compose	2026-05-19T19:31:56.7337653Z  06803ccce673 Extracting [===================================>               ]   17.3MB/24.33MB
test-ubuntu (3.14t)	Set up Docker Compose	2026-05-19T19:31:56.7339485Z  d5fd17ec1767 Extracting [=============================>                     ]   17.1MB/28.57MB
test-ubuntu (3.14t)	Set up Docker Compose	2026-05-19T19:31:56.7426794Z  2d00d5ceb5d5 Downloading [=========================>                         ]  37.91MB/75.55MB
test-ubuntu (3.14t)	Set up Docker Compose	2026-05-19T19:31:56.7429163Z  0124d324831b Extracting [==>                                                ]   11.7MB/249.5MB
test-ubuntu (3.14t)	Set up Docker Compose	2026-05-19T19:31:56.7452809Z  03b1c1358482 Extracting [==>                                                ]  6.685MB/144.8MB
test-ubuntu (3.14t)	Set up Docker Compose	2026-05-19T19:31:56.7863079Z  b5c5a3ac416f Downloading [=============================>                     ]  1.797GB/3.001GB
test-ubuntu (3.14t)	Set up Docker Compose	2026-05-19T19:31:56.7882724Z  173e9abf17df Downloading [============================>                      ]  25.26MB/45.11MB
test-ubuntu (3.14t)	Set up Docker Compose	2026-05-19T19:31:56.7931716Z  9b972c53c46c Extracting [=================>                                 ]  62.95MB/183.5MB
test-ubuntu (3.14t)	Set up Docker Compose	2026-05-19T19:31:56.7932958Z  b0f4f1626421 Extracting [=>                                                 ]  3.342MB/111.1MB
test-ubuntu (3.14t)	Set up Docker Compose	2026-05-19T19:31:56.7972806Z  e90c5064d283 Extracting [==========================================>        ]  79.66MB/93.66MB
test-ubuntu (3.14t)	Set up Docker Compose	2026-05-19T19:31:56.7975427Z  b3e55e2462fe Pull complete 
test-ubuntu (3.14t)	Set up Docker Compose	2026-05-19T19:31:56.8140397Z  3c4f2fffcffa Extracting [>                                                  ]  131.1kB/11.16MB
test-ubuntu (3.14t)	Set up Docker Compose	2026-05-19T19:31:56.8143102Z  56c2f4d51269 Extracting [===========>                                       ]  2.064MB/8.735MB
test-ubuntu (3.14t)	Set up Docker Compose	2026-05-19T19:31:56.8293736Z  06803ccce673 Extracting [====================================>              ]  17.83MB/24.33MB
test-ubuntu (3.14t)	Set up Docker Compose	2026-05-19T19:31:56.8374549Z  d5fd17ec1767 Extracting [==============================>                    ]  17.69MB/28.57MB
test-ubuntu (3.14t)	Set up Docker Compose	2026-05-19T19:31:56.8444504Z  0124d324831b Extracting [==>                                                ]  12.26MB/249.5MB
test-ubuntu (3.14t)	Set up Docker Compose	2026-05-19T19:31:56.8450841Z  2d00d5ceb5d5 Downloading [===============================>                   ]  46.99MB/75.55MB
test-ubuntu (3.14t)	Set up Docker Compose	2026-05-19T19:31:56.8864117Z  5a632533374f Extracting [==================================================>]  3.635MB/3.635MB
test-ubuntu (3.14t)	Set up Docker Compose	2026-05-19T19:31:56.8947411Z  b5c5a3ac416f Downloading [==============================>                    ]  1.816GB/3.001GB
test-ubuntu (3.14t)	Set up Docker Compose	2026-05-19T19:31:56.8949696Z  03b1c1358482 Extracting [==>                                                ]  7.799MB/144.8MB
test-ubuntu (3.14t)	Set up Docker Compose	2026-05-19T19:31:56.8967937Z  173e9abf17df Downloading [==============================>                    ]   27.1MB/45.11MB
test-ubuntu (3.14t)	Set up Docker Compose	2026-05-19T19:31:56.9263732Z  b0f4f1626421 Extracting [==>                                                ]  4.456MB/111.1MB
test-ubuntu (3.14t)	Set up Docker Compose	2026-05-19T19:31:56.9381900Z  56c2f4d51269 Extracting [==================>                                ]  3.146MB/8.735MB
test-ubuntu (3.14t)	Set up Docker Compose	2026-05-19T19:31:56.9524879Z  2d00d5ceb5d5 Downloading [==========================================>        ]  63.53MB/75.55MB
test-ubuntu (3.14t)	Set up Docker Compose	2026-05-19T19:31:56.9535471Z  0124d324831b Extracting [==>                                                ]  12.81MB/249.5MB
test-ubuntu (3.14t)	Set up Docker Compose	2026-05-19T19:31:56.9693613Z  9b972c53c46c Extracting [=================>                                 ]  64.06MB/183.5MB
test-ubuntu (3.14t)	Set up Docker Compose	2026-05-19T19:31:56.9695269Z  06803ccce673 Extracting [======================================>            ]  18.87MB/24.33MB
test-ubuntu (3.14t)	Set up Docker Compose	2026-05-19T19:31:56.9696113Z  3c4f2fffcffa Extracting [=>                                                 ]  262.1kB/11.16MB
test-ubuntu (3.14t)	Set up Docker Compose	2026-05-19T19:31:56.9836048Z  d5fd17ec1767 Extracting [=================================>                 ]  18.87MB/28.57MB
test-ubuntu (3.14t)	Set up Docker Compose	2026-05-19T19:31:56.9908942Z  b5c5a3ac416f Downloading [==============================>                    ]  1.835GB/3.001GB
test-ubuntu (3.14t)	Set up Docker Compose	2026-05-19T19:31:56.9988940Z  e90c5064d283 Extracting [===========================================>       ]  80.77MB/93.66MB
test-ubuntu (3.14t)	Set up Docker Compose	2026-05-19T19:31:56.9991504Z  173e9abf17df Downloading [=============================================>     ]  40.86MB/45.11MB
test-ubuntu (3.14t)	Set up Docker Compose	2026-05-19T19:31:57.0132476Z  03b1c1358482 Extracting [===>                                               ]  8.913MB/144.8MB
test-ubuntu (3.14t)	Set up Docker Compose	2026-05-19T19:31:57.0209360Z  173e9abf17df Verifying Checksum 
test-ubuntu (3.14t)	Set up Docker Compose	2026-05-19T19:31:57.0209873Z  173e9abf17df Download complete 
test-ubuntu (3.14t)	Set up Docker Compose	2026-05-19T19:31:57.0319018Z  2d00d5ceb5d5 Verifying Checksum 
test-ubuntu (3.14t)	Set up Docker Compose	2026-05-19T19:31:57.0320957Z  2d00d5ceb5d5 Download complete 
test-ubuntu (3.14t)	Set up Docker Compose	2026-05-19T19:31:57.0467579Z  56c2f4d51269 Extracting [=====================>                             ]  3.736MB/8.735MB
test-ubuntu (3.14t)	Set up Docker Compose	2026-05-19T19:31:57.0547116Z  b0f4f1626421 Extracting [==>                                                ]  5.571MB/111.1MB
test-ubuntu (3.14t)	Set up Docker Compose	2026-05-19T19:31:57.0598369Z  0124d324831b Extracting [==>                                                ]  13.37MB/249.5MB
test-ubuntu (3.14t)	Set up Docker Compose	2026-05-19T19:31:57.0778589Z  3c4f2fffcffa Extracting [==>                                                ]  524.3kB/11.16MB
test-ubuntu (3.14t)	Set up Docker Compose	2026-05-19T19:31:57.0870947Z  06803ccce673 Extracting [========================================>          ]  19.92MB/24.33MB
test-ubuntu (3.14t)	Set up Docker Compose	2026-05-19T19:31:57.0887743Z  b5c5a3ac416f Downloading [==============================>                    ]  1.853GB/3.001GB
test-ubuntu (3.14t)	Set up Docker Compose	2026-05-19T19:31:57.0904724Z  9b972c53c46c Extracting [=================>                                 ]  64.62MB/183.5MB
test-ubuntu (3.14t)	Set up Docker Compose	2026-05-19T19:31:57.0980504Z  d5fd17ec1767 Extracting [==================================>                ]  19.76MB/28.57MB
test-ubuntu (3.14t)	Set up Docker Compose	2026-05-19T19:31:57.1180421Z  03b1c1358482 Extracting [===>                                               ]  10.58MB/144.8MB
test-ubuntu (3.14t)	Set up Docker Compose	2026-05-19T19:31:57.1360284Z  4c7647800bee Downloading [==================================================>]     202B/202B
test-ubuntu (3.14t)	Set up Docker Compose	2026-05-19T19:31:57.1381401Z  0879326081d0 Downloading [=====>                                             ]     346B/3.218kB
test-ubuntu (3.14t)	Set up Docker Compose	2026-05-19T19:31:57.1382928Z  0879326081d0 Downloading [==================================================>]  3.218kB/3.218kB
test-ubuntu (3.14t)	Set up Docker Compose	2026-05-19T19:31:57.1386353Z  0879326081d0 Verifying Checksum 
test-ubuntu (3.14t)	Set up Docker Compose	2026-05-19T19:31:57.1389081Z  0879326081d0 Download complete 
test-ubuntu (3.14t)	Set up Docker Compose	2026-05-19T19:31:57.1406614Z  4c7647800bee Verifying Checksum 
test-ubuntu (3.14t)	Set up Docker Compose	2026-05-19T19:31:57.1407252Z  4c7647800bee Download complete 
test-ubuntu (3.14t)	Set up Docker Compose	2026-05-19T19:31:57.1479382Z  56c2f4d51269 Extracting [============================>                      ]  4.915MB/8.735MB
test-ubuntu (3.14t)	Set up Docker Compose	2026-05-19T19:31:57.1611705Z  e90c5064d283 Extracting [===========================================>       ]  81.89MB/93.66MB
test-ubuntu (3.14t)	Set up Docker Compose	2026-05-19T19:31:57.1878817Z  b5c5a3ac416f Downloading [===============================>                   ]  1.872GB/3.001GB
test-ubuntu (3.14t)	Set up Docker Compose	2026-05-19T19:31:57.1904608Z  9b972c53c46c Extracting [=================>                                 ]  65.18MB/183.5MB
test-ubuntu (3.14t)	Set up Docker Compose	2026-05-19T19:31:57.1937458Z  b0f4f1626421 Extracting [===>                                               ]  6.685MB/111.1MB
test-ubuntu (3.14t)	Set up Docker Compose	2026-05-19T19:31:57.1957077Z  06803ccce673 Extracting [===========================================>       ]  20.97MB/24.33MB
test-ubuntu (3.14t)	Set up Docker Compose	2026-05-19T19:31:57.2012967Z  3c4f2fffcffa Extracting [=====>                                             ]   1.18MB/11.16MB
test-ubuntu (3.14t)	Set up Docker Compose	2026-05-19T19:31:57.2066299Z  0124d324831b Extracting [==>                                                ]  14.48MB/249.5MB
test-ubuntu (3.14t)	Set up Docker Compose	2026-05-19T19:31:57.2240080Z  03b1c1358482 Extracting [====>                                              ]   11.7MB/144.8MB
test-ubuntu (3.14t)	Set up Docker Compose	2026-05-19T19:31:57.2304417Z  a22c0f637cc8 Downloading [=======================>                           ]     378B/812B
test-ubuntu (3.14t)	Set up Docker Compose	2026-05-19T19:31:57.2323147Z  b06dfe297ce4 Downloading [=========================================>         ]     358B/431B
test-ubuntu (3.14t)	Set up Docker Compose	2026-05-19T19:31:57.2324622Z  b06dfe297ce4 Downloading [==================================================>]     431B/431B
test-ubuntu (3.14t)	Set up Docker Compose	2026-05-19T19:31:57.2325308Z  b06dfe297ce4 Verifying Checksum 
test-ubuntu (3.14t)	Set up Docker Compose	2026-05-19T19:31:57.2325749Z  b06dfe297ce4 Download complete 
test-ubuntu (3.14t)	Set up Docker Compose	2026-05-19T19:31:57.2348251Z  a22c0f637cc8 Downloading [==================================================>]     812B/812B
test-ubuntu (3.14t)	Set up Docker Compose	2026-05-19T19:31:57.2375867Z  a22c0f637cc8 Verifying Checksum 
test-ubuntu (3.14t)	Set up Docker Compose	2026-05-19T19:31:57.2376899Z  a22c0f637cc8 Download complete 
test-ubuntu (3.14t)	Set up Docker Compose	2026-05-19T19:31:57.2409847Z  d5fd17ec1767 Extracting [====================================>              ]  20.64MB/28.57MB
test-ubuntu (3.14t)	Set up Docker Compose	2026-05-19T19:31:57.2568080Z  56c2f4d51269 Extracting [=================================>                 ]    5.8MB/8.735MB
test-ubuntu (3.14t)	Set up Docker Compose	2026-05-19T19:31:57.2920198Z  e90c5064d283 Extracting [============================================>      ]     83MB/93.66MB
test-ubuntu (3.14t)	Set up Docker Compose	2026-05-19T19:31:57.2968834Z  b5c5a3ac416f Downloading [===============================>                   ]  1.894GB/3.001GB
test-ubuntu (3.14t)	Set up Docker Compose	2026-05-19T19:31:57.2980465Z  9b972c53c46c Extracting [=================>                                 ]  65.73MB/183.5MB
test-ubuntu (3.14t)	Set up Docker Compose	2026-05-19T19:31:57.3239670Z  06803ccce673 Extracting [=============================================>     ]  22.28MB/24.33MB
test-ubuntu (3.14t)	Set up Docker Compose	2026-05-19T19:31:57.3392008Z  0124d324831b Extracting [===>                                               ]   15.6MB/249.5MB
test-ubuntu (3.14t)	Set up Docker Compose	2026-05-19T19:31:57.3486077Z  d5fd17ec1767 Extracting [=====================================>             ]  21.23MB/28.57MB
test-ubuntu (3.14t)	Set up Docker Compose	2026-05-19T19:31:57.3639617Z  03b1c1358482 Extracting [====>                                              ]  13.37MB/144.8MB
test-ubuntu (3.14t)	Set up Docker Compose	2026-05-19T19:31:57.3726213Z  56c2f4d51269 Extracting [====================================>              ]   6.39MB/8.735MB
test-ubuntu (3.14t)	Set up Docker Compose	2026-05-19T19:31:57.3866244Z  d49027299ad5 Downloading [>                                                  ]  181.1kB/18.04MB
test-ubuntu (3.14t)	Set up Docker Compose	2026-05-19T19:31:57.3867685Z  3c4f2fffcffa Extracting [========>                                          ]  1.835MB/11.16MB
test-ubuntu (3.14t)	Set up Docker Compose	2026-05-19T19:31:57.3925674Z  4f4fb700ef54 Downloading [==================================================>]      32B/32B
test-ubuntu (3.14t)	Set up Docker Compose	2026-05-19T19:31:57.3979128Z  4f4fb700ef54 Verifying Checksum 
test-ubuntu (3.14t)	Set up Docker Compose	2026-05-19T19:31:57.3979636Z  4f4fb700ef54 Download complete 
test-ubuntu (3.14t)	Set up Docker Compose	2026-05-19T19:31:57.3997792Z  b5c5a3ac416f Downloading [===============================>                   ]  1.916GB/3.001GB
test-ubuntu (3.14t)	Set up Docker Compose	2026-05-19T19:31:57.4099133Z  b0f4f1626421 Extracting [===>                                               ]  7.799MB/111.1MB
test-ubuntu (3.14t)	Set up Docker Compose	2026-05-19T19:31:57.4332030Z  06803ccce673 Extracting [===============================================>   ]  23.33MB/24.33MB
test-ubuntu (3.14t)	Set up Docker Compose	2026-05-19T19:31:57.4635149Z  0124d324831b Extracting [===>                                               ]  16.71MB/249.5MB
test-ubuntu (3.14t)	Set up Docker Compose	2026-05-19T19:31:57.4654560Z  e90c5064d283 Extracting [============================================>      ]  84.12MB/93.66MB
test-ubuntu (3.14t)	Set up Docker Compose	2026-05-19T19:31:57.4682319Z  9b972c53c46c Extracting [==================>                                ]  66.85MB/183.5MB
test-ubuntu (3.14t)	Set up Docker Compose	2026-05-19T19:31:57.4780657Z  d5fd17ec1767 Extracting [=======================================>           ]  22.41MB/28.57MB
test-ubuntu (3.14t)	Set up Docker Compose	2026-05-19T19:31:57.4888655Z  56c2f4d51269 Extracting [=======================================>           ]   6.98MB/8.735MB
test-ubuntu (3.14t)	Set up Docker Compose	2026-05-19T19:31:57.5035011Z  d49027299ad5 Downloading [===>                                               ]  1.158MB/18.04MB
test-ubuntu (3.14t)	Set up Docker Compose	2026-05-19T19:31:57.5058002Z  3c4f2fffcffa Extracting [===========>                                       ]   2.49MB/11.16MB
test-ubuntu (3.14t)	Set up Docker Compose	2026-05-19T19:31:57.5076220Z  b5c5a3ac416f Downloading [================================>                  ]  1.931GB/3.001GB
test-ubuntu (3.14t)	Set up Docker Compose	2026-05-19T19:31:57.5080320Z  03b1c1358482 Extracting [=====>                                             ]  15.04MB/144.8MB
test-ubuntu (3.14t)	Set up Docker Compose	2026-05-19T19:31:57.5202983Z  0c4ef7d4f655 Downloading [>                                                  ]  238.6kB/23.07MB
test-ubuntu (3.14t)	Set up Docker Compose	2026-05-19T19:31:57.5594535Z  b0f4f1626421 Extracting [====>                                              ]  8.913MB/111.1MB
test-ubuntu (3.14t)	Set up Docker Compose	2026-05-19T19:31:57.5662570Z  06803ccce673 Extracting [==================================================>]  24.33MB/24.33MB
test-ubuntu (3.14t)	Set up Docker Compose	2026-05-19T19:31:57.5940473Z  56c2f4d51269 Extracting [=============================================>     ]  7.963MB/8.735MB
test-ubuntu (3.14t)	Set up Docker Compose	2026-05-19T19:31:57.5948889Z  d5fd17ec1767 Extracting [=========================================>         ]  23.59MB/28.57MB
test-ubuntu (3.14t)	Set up Docker Compose	2026-05-19T19:31:57.6054740Z  0124d324831b Extracting [===>                                               ]  17.83MB/249.5MB
test-ubuntu (3.14t)	Set up Docker Compose	2026-05-19T19:31:57.6056854Z  3c4f2fffcffa Extracting [==============>                                    ]  3.146MB/11.16MB
test-ubuntu (3.14t)	Set up Docker Compose	2026-05-19T19:31:57.6058847Z  d49027299ad5 Downloading [========>                                          ]  2.897MB/18.04MB
test-ubuntu (3.14t)	Set up Docker Compose	2026-05-19T19:31:57.6132543Z  b5c5a3ac416f Downloading [================================>                  ]  1.952GB/3.001GB
test-ubuntu (3.14t)	Set up Docker Compose	2026-05-19T19:31:57.6141408Z  03b1c1358482 Extracting [=====>                                             ]  16.71MB/144.8MB
test-ubuntu (3.14t)	Set up Docker Compose	2026-05-19T19:31:57.6173961Z  e90c5064d283 Extracting [=============================================>     ]  85.23MB/93.66MB
test-ubuntu (3.14t)	Set up Docker Compose	2026-05-19T19:31:57.6256405Z  0c4ef7d4f655 Downloading [=====>                                             ]  2.431MB/23.07MB
test-ubuntu (3.14t)	Set up Docker Compose	2026-05-19T19:31:57.7044872Z  b0f4f1626421 Extracting [====>                                              ]   9.47MB/111.1MB
test-ubuntu (3.14t)	Set up Docker Compose	2026-05-19T19:31:57.7100901Z  b5c5a3ac416f Downloading [================================>                  ]  1.966GB/3.001GB
test-ubuntu (3.14t)	Set up Docker Compose	2026-05-19T19:31:57.7192387Z  d49027299ad5 Downloading [=============>                                     ]  5.029MB/18.04MB
test-ubuntu (3.14t)	Set up Docker Compose	2026-05-19T19:31:57.7212935Z  56c2f4d51269 Extracting [=================================================> ]  8.651MB/8.735MB
test-ubuntu (3.14t)	Set up Docker Compose	2026-05-19T19:31:57.7225366Z  3c4f2fffcffa Extracting [===============>                                   ]  3.408MB/11.16MB
test-ubuntu (3.14t)	Set up Docker Compose	2026-05-19T19:31:57.7262172Z  0c4ef7d4f655 Downloading [==================>                                ]  8.534MB/23.07MB
test-ubuntu (3.14t)	Set up Docker Compose	2026-05-19T19:31:57.7385848Z  56c2f4d51269 Extracting [==================================================>]  8.735MB/8.735MB
test-ubuntu (3.14t)	Set up Docker Compose	2026-05-19T19:31:57.7398759Z  03b1c1358482 Extracting [======>                                            ]  18.38MB/144.8MB
test-ubuntu (3.14t)	Set up Docker Compose	2026-05-19T19:31:57.7546533Z  9b972c53c46c Extracting [==================>                                ]  67.96MB/183.5MB
test-ubuntu (3.14t)	Set up Docker Compose	2026-05-19T19:31:57.7549909Z  0124d324831b Extracting [===>                                               ]  18.94MB/249.5MB
test-ubuntu (3.14t)	Set up Docker Compose	2026-05-19T19:31:57.7597156Z  e90c5064d283 Extracting [==============================================>    ]  86.34MB/93.66MB
test-ubuntu (3.14t)	Set up Docker Compose	2026-05-19T19:31:57.8338038Z  0c4ef7d4f655 Downloading [==============================================>    ]  21.48MB/23.07MB
test-ubuntu (3.14t)	Set up Docker Compose	2026-05-19T19:31:57.8408790Z  d49027299ad5 Downloading [======================================>            ]  13.81MB/18.04MB
test-ubuntu (3.14t)	Set up Docker Compose	2026-05-19T19:31:57.8448246Z  b5c5a3ac416f Downloading [=================================>                 ]  1.984GB/3.001GB
test-ubuntu (3.14t)	Set up Docker Compose	2026-05-19T19:31:57.8465061Z  0c4ef7d4f655 Verifying Checksum 
test-ubuntu (3.14t)	Set up Docker Compose	2026-05-19T19:31:57.8472375Z  0c4ef7d4f655 Download complete 
test-ubuntu (3.14t)	Set up Docker Compose	2026-05-19T19:31:57.8517399Z  3c4f2fffcffa Extracting [===============>                                   ]  3.539MB/11.16MB
test-ubuntu (3.14t)	Set up Docker Compose	2026-05-19T19:31:57.8552621Z  03b1c1358482 Extracting [======>                                            ]  20.05MB/144.8MB
test-ubuntu (3.14t)	Set up Docker Compose	2026-05-19T19:31:57.8555039Z  b0f4f1626421 Extracting [====>                                              ]  10.03MB/111.1MB
test-ubuntu (3.14t)	Set up Docker Compose	2026-05-19T19:31:57.8625887Z  d49027299ad5 Downloading [==================================================>]  18.04MB/18.04MB
test-ubuntu (3.14t)	Set up Docker Compose	2026-05-19T19:31:57.8629975Z  d49027299ad5 Verifying Checksum 
test-ubuntu (3.14t)	Set up Docker Compose	2026-05-19T19:31:57.8630712Z  d49027299ad5 Download complete 
test-ubuntu (3.14t)	Set up Docker Compose	2026-05-19T19:31:57.8737293Z  e90c5064d283 Extracting [==============================================>    ]   86.9MB/93.66MB
test-ubuntu (3.14t)	Set up Docker Compose	2026-05-19T19:31:57.9030349Z  0124d324831b Extracting [====>                                              ]  20.05MB/249.5MB
test-ubuntu (3.14t)	Set up Docker Compose	2026-05-19T19:31:57.9277927Z  ff4608a2de69 Downloading [==>                                                ]  1.746kB/38.1kB
test-ubuntu (3.14t)	Set up Docker Compose	2026-05-19T19:31:57.9282775Z  ff4608a2de69 Downloading [==================================================>]   38.1kB/38.1kB
test-ubuntu (3.14t)	Set up Docker Compose	2026-05-19T19:31:57.9283335Z  ff4608a2de69 Verifying Checksum 
test-ubuntu (3.14t)	Set up Docker Compose	2026-05-19T19:31:57.9284101Z  ff4608a2de69 Download complete 
test-ubuntu (3.14t)	Set up Docker Compose	2026-05-19T19:31:57.9406240Z  dad859c13bf0 Downloading [=====>                                             ]     357B/3.198kB
test-ubuntu (3.14t)	Set up Docker Compose	2026-05-19T19:31:57.9408863Z  dad859c13bf0 Downloading [==================================================>]  3.198kB/3.198kB
test-ubuntu (3.14t)	Set up Docker Compose	2026-05-19T19:31:57.9409451Z  dad859c13bf0 Verifying Checksum 
test-ubuntu (3.14t)	Set up Docker Compose	2026-05-19T19:31:57.9409770Z  dad859c13bf0 Download complete 
test-ubuntu (3.14t)	Set up Docker Compose	2026-05-19T19:31:58.0263056Z  b5c5a3ac416f Downloading [=================================>                 ]  1.999GB/3.001GB
test-ubuntu (3.14t)	Set up Docker Compose	2026-05-19T19:31:58.0272675Z  e90c5064d283 Extracting [==============================================>    ]  87.46MB/93.66MB
test-ubuntu (3.14t)	Set up Docker Compose	2026-05-19T19:31:58.0402011Z  03b1c1358482 Extracting [=======>                                           ]  21.73MB/144.8MB
test-ubuntu (3.14t)	Set up Docker Compose	2026-05-19T19:31:58.0473176Z  b0f4f1626421 Extracting [=====>                                             ]  11.14MB/111.1MB
test-ubuntu (3.14t)	Set up Docker Compose	2026-05-19T19:31:58.0493836Z  0124d324831b Extracting [====>                                              ]  20.61MB/249.5MB
test-ubuntu (3.14t)	Set up Docker Compose	2026-05-19T19:31:58.0629598Z  9b972c53c46c Extracting [==================>                                ]  68.52MB/183.5MB
test-ubuntu (3.14t)	Set up Docker Compose	2026-05-19T19:31:58.1052633Z  d5fd17ec1767 Extracting [==========================================>        ]  24.18MB/28.57MB
test-ubuntu (3.14t)	Set up Docker Compose	2026-05-19T19:31:58.1247894Z  b5c5a3ac416f Downloading [=================================>                 ]  2.026GB/3.001GB
test-ubuntu (3.14t)	Set up Docker Compose	2026-05-19T19:31:58.2352887Z  b5c5a3ac416f Downloading [=================================>                 ]  2.026GB/3.001GB
test-ubuntu (3.14t)	Set up Docker Compose	2026-05-19T19:31:58.2417786Z  03b1c1358482 Extracting [========>                                          ]  23.95MB/144.8MB
test-ubuntu (3.14t)	Set up Docker Compose	2026-05-19T19:31:58.2419911Z  e90c5064d283 Extracting [===============================================>   ]  88.57MB/93.66MB
test-ubuntu (3.14t)	Set up Docker Compose	2026-05-19T19:31:58.2432151Z  0124d324831b Extracting [====>                                              ]  21.73MB/249.5MB
test-ubuntu (3.14t)	Set up Docker Compose	2026-05-19T19:31:58.2799677Z  56c2f4d51269 Pull complete 
test-ubuntu (3.14t)	Set up Docker Compose	2026-05-19T19:31:58.2850206Z  3c4f2fffcffa Extracting [=================>                                 ]  3.932MB/11.16MB
test-ubuntu (3.14t)	Set up Docker Compose	2026-05-19T19:31:58.2970859Z  46517af21612 Extracting [========================>                          ]  32.77kB/67.05kB
test-ubuntu (3.14t)	Set up Docker Compose	2026-05-19T19:31:58.2972565Z  46517af21612 Extracting [==================================================>]  67.05kB/67.05kB
test-ubuntu (3.14t)	Set up Docker Compose	2026-05-19T19:31:58.2976460Z  46517af21612 Extracting [==================================================>]  67.05kB/67.05kB
test-ubuntu (3.14t)	Set up Docker Compose	2026-05-19T19:31:58.3133926Z  9b972c53c46c Extracting [==================>                                ]  69.07MB/183.5MB
test-ubuntu (3.14t)	Set up Docker Compose	2026-05-19T19:31:58.3293787Z  b5c5a3ac416f Downloading [==================================>                ]  2.052GB/3.001GB
test-ubuntu (3.14t)	Set up Docker Compose	2026-05-19T19:31:58.3453285Z  03b1c1358482 Extracting [=========>                                         ]   27.3MB/144.8MB
test-ubuntu (3.14t)	Set up Docker Compose	2026-05-19T19:31:58.3511406Z  e90c5064d283 Extracting [===============================================>   ]  89.69MB/93.66MB
test-ubuntu (3.14t)	Set up Docker Compose	2026-05-19T19:31:58.3545082Z  0124d324831b Extracting [====>                                              ]  23.95MB/249.5MB
test-ubuntu (3.14t)	Set up Docker Compose	2026-05-19T19:31:58.4620863Z  e90c5064d283 Extracting [=================================================> ]  91.91MB/93.66MB
test-ubuntu (3.14t)	Set up Docker Compose	2026-05-19T19:31:58.4848852Z  b5c5a3ac416f Downloading [==================================>                ]  2.074GB/3.001GB
test-ubuntu (3.14t)	Set up Docker Compose	2026-05-19T19:31:58.4949064Z  3c4f2fffcffa Extracting [==================>                                ]  4.194MB/11.16MB
test-ubuntu (3.14t)	Set up Docker Compose	2026-05-19T19:31:58.4956092Z  03b1c1358482 Extracting [============>                                      ]  35.09MB/144.8MB
test-ubuntu (3.14t)	Set up Docker Compose	2026-05-19T19:31:58.5071593Z  b0f4f1626421 Extracting [=====>                                             ]  12.26MB/111.1MB
test-ubuntu (3.14t)	Set up Docker Compose	2026-05-19T19:31:58.5360047Z  0124d324831b Extracting [=====>                                             ]  25.07MB/249.5MB
test-ubuntu (3.14t)	Set up Docker Compose	2026-05-19T19:31:58.5738318Z  9b972c53c46c Extracting [==================>                                ]  69.63MB/183.5MB
test-ubuntu (3.14t)	Set up Docker Compose	2026-05-19T19:31:58.6161130Z  b5c5a3ac416f Downloading [==================================>                ]  2.084GB/3.001GB
test-ubuntu (3.14t)	Set up Docker Compose	2026-05-19T19:31:58.6899173Z  3c4f2fffcffa Extracting [======================>                            ]  5.112MB/11.16MB
test-ubuntu (3.14t)	Set up Docker Compose	2026-05-19T19:31:58.6906714Z  03b1c1358482 Extracting [============>                                      ]  36.21MB/144.8MB
test-ubuntu (3.14t)	Set up Docker Compose	2026-05-19T19:31:58.7041189Z  0124d324831b Extracting [=====>                                             ]  28.41MB/249.5MB
test-ubuntu (3.14t)	Set up Docker Compose	2026-05-19T19:31:58.7046753Z  b0f4f1626421 Extracting [=====>                                             ]  12.81MB/111.1MB
test-ubuntu (3.14t)	Set up Docker Compose	2026-05-19T19:31:58.7103946Z  e90c5064d283 Extracting [=================================================> ]  93.59MB/93.66MB
test-ubuntu (3.14t)	Set up Docker Compose	2026-05-19T19:31:58.7111061Z  d5fd17ec1767 Extracting [==========================================>        ]  24.48MB/28.57MB
test-ubuntu (3.14t)	Set up Docker Compose	2026-05-19T19:31:58.7190397Z  b5c5a3ac416f Downloading [==================================>                ]  2.091GB/3.001GB
test-ubuntu (3.14t)	Set up Docker Compose	2026-05-19T19:31:58.7389405Z  e90c5064d283 Extracting [==================================================>]  93.66MB/93.66MB
test-ubuntu (3.14t)	Set up Docker Compose	2026-05-19T19:31:58.7928462Z  03b1c1358482 Extracting [=============>                                     ]  38.44MB/144.8MB
test-ubuntu (3.14t)	Set up Docker Compose	2026-05-19T19:31:58.7934140Z  3c4f2fffcffa Extracting [==============================>                    ]  6.816MB/11.16MB
test-ubuntu (3.14t)	Set up Docker Compose	2026-05-19T19:31:58.8123137Z  0124d324831b Extracting [======>                                            ]  30.08MB/249.5MB
test-ubuntu (3.14t)	Set up Docker Compose	2026-05-19T19:31:58.8125983Z  b0f4f1626421 Extracting [======>                                            ]  13.93MB/111.1MB
test-ubuntu (3.14t)	Set up Docker Compose	2026-05-19T19:31:58.8161461Z  d5fd17ec1767 Extracting [============================================>      ]  25.66MB/28.57MB
test-ubuntu (3.14t)	Set up Docker Compose	2026-05-19T19:31:58.8223204Z  b5c5a3ac416f Downloading [===================================>               ]  2.112GB/3.001GB
test-ubuntu (3.14t)	Set up Docker Compose	2026-05-19T19:31:58.8319411Z  9b972c53c46c Extracting [===================>                               ]  70.19MB/183.5MB
test-ubuntu (3.14t)	Set up Docker Compose	2026-05-19T19:31:58.9222173Z  b5c5a3ac416f Downloading [===================================>               ]  2.118GB/3.001GB
test-ubuntu (3.14t)	Set up Docker Compose	2026-05-19T19:31:58.9223865Z  d5fd17ec1767 Extracting [=============================================>     ]  26.25MB/28.57MB
test-ubuntu (3.14t)	Set up Docker Compose	2026-05-19T19:31:58.9224738Z  03b1c1358482 Extracting [=============>                                     ]  40.11MB/144.8MB
test-ubuntu (3.14t)	Set up Docker Compose	2026-05-19T19:31:58.9228210Z  b0f4f1626421 Extracting [======>                                            ]  14.48MB/111.1MB
test-ubuntu (3.14t)	Set up Docker Compose	2026-05-19T19:31:58.9229285Z  3c4f2fffcffa Extracting [===================================>               ]  7.864MB/11.16MB
test-ubuntu (3.14t)	Set up Docker Compose	2026-05-19T19:31:58.9666063Z  5a632533374f Pull complete 
test-ubuntu (3.14t)	Set up Docker Compose	2026-05-19T19:31:58.9782491Z  d03efd77259a Extracting [>                                                  ]   98.3kB/7.066MB
test-ubuntu (3.14t)	Set up Docker Compose	2026-05-19T19:31:58.9880493Z  e90c5064d283 Pull complete 
test-ubuntu (3.14t)	Set up Docker Compose	2026-05-19T19:31:58.9883246Z  06803ccce673 Pull complete 
test-ubuntu (3.14t)	Set up Docker Compose	2026-05-19T19:31:58.9926316Z  9b972c53c46c Extracting [===================>                               ]  70.75MB/183.5MB
test-ubuntu (3.14t)	Set up Docker Compose	2026-05-19T19:31:58.9975923Z  f7580f6b7618 Extracting [==================================================>]  3.315kB/3.315kB
test-ubuntu (3.14t)	Set up Docker Compose	2026-05-19T19:31:58.9991540Z  f7580f6b7618 Extracting [==================================================>]  3.315kB/3.315kB
test-ubuntu (3.14t)	Set up Docker Compose	2026-05-19T19:31:59.0002602Z  46517af21612 Pull complete 
test-ubuntu (3.14t)	Set up Docker Compose	2026-05-19T19:31:59.0069699Z  92bd91292cb6 Extracting [==================================================>]     307B/307B
test-ubuntu (3.14t)	Set up Docker Compose	2026-05-19T19:31:59.0075301Z  92bd91292cb6 Extracting [==================================================>]     307B/307B
test-ubuntu (3.14t)	Set up Docker Compose	2026-05-19T19:31:59.0107463Z  51682cba8e21 Extracting [==================================================>]  30.61kB/30.61kB
test-ubuntu (3.14t)	Set up Docker Compose	2026-05-19T19:31:59.0126467Z  51682cba8e21 Extracting [==================================================>]  30.61kB/30.61kB
test-ubuntu (3.14t)	Set up Docker Compose	2026-05-19T19:31:59.0214575Z  0124d324831b Extracting [======>                                            ]   31.2MB/249.5MB
test-ubuntu (3.14t)	Set up Docker Compose	2026-05-19T19:31:59.0357424Z  b5c5a3ac416f Downloading [===================================>               ]  2.125GB/3.001GB
test-ubuntu (3.14t)	Set up Docker Compose	2026-05-19T19:31:59.0391338Z  d5fd17ec1767 Extracting [==============================================>    ]  26.84MB/28.57MB
test-ubuntu (3.14t)	Set up Docker Compose	2026-05-19T19:31:59.0400005Z  3c4f2fffcffa Extracting [======================================>            ]  8.651MB/11.16MB
test-ubuntu (3.14t)	Set up Docker Compose	2026-05-19T19:31:59.0406346Z  03b1c1358482 Extracting [==============>                                    ]  41.22MB/144.8MB
test-ubuntu (3.14t)	Set up Docker Compose	2026-05-19T19:31:59.0477052Z  92bd91292cb6 Pull complete 
test-ubuntu (3.14t)	Set up Docker Compose	2026-05-19T19:31:59.0717734Z  f7580f6b7618 Pull complete 
test-ubuntu (3.14t)	Set up Docker Compose	2026-05-19T19:31:59.0780849Z  3ab90894f5f5 Extracting [==================================================>]     145B/145B
test-ubuntu (3.14t)	Set up Docker Compose	2026-05-19T19:31:59.0790964Z  3ab90894f5f5 Extracting [==================================================>]     145B/145B
test-ubuntu (3.14t)	Set up Docker Compose	2026-05-19T19:31:59.0793975Z  redpanda-connect Pulled 
test-ubuntu (3.14t)	Set up Docker Compose	2026-05-19T19:31:59.0910635Z  b0f4f1626421 Extracting [======>                                            ]  15.04MB/111.1MB
test-ubuntu (3.14t)	Set up Docker Compose	2026-05-19T19:31:59.0915334Z  d03efd77259a Extracting [=======>                                           ]  1.081MB/7.066MB
test-ubuntu (3.14t)	Set up Docker Compose	2026-05-19T19:31:59.1140628Z  9b972c53c46c Extracting [===================>                               ]  72.42MB/183.5MB
test-ubuntu (3.14t)	Set up Docker Compose	2026-05-19T19:31:59.1224240Z  3ab90894f5f5 Pull complete 
test-ubuntu (3.14t)	Set up Docker Compose	2026-05-19T19:31:59.1225631Z  51682cba8e21 Pull complete 
test-ubuntu (3.14t)	Set up Docker Compose	2026-05-19T19:31:59.1300903Z  b5c5a3ac416f Downloading [===================================>               ]   2.14GB/3.001GB
test-ubuntu (3.14t)	Set up Docker Compose	2026-05-19T19:31:59.1437553Z  75616aa22dfd Extracting [=========================>                         ]  32.77kB/64.77kB
test-ubuntu (3.14t)	Set up Docker Compose	2026-05-19T19:31:59.1439466Z  75616aa22dfd Extracting [==================================================>]  64.77kB/64.77kB
test-ubuntu (3.14t)	Set up Docker Compose	2026-05-19T19:31:59.1455921Z  3c4f2fffcffa Extracting [============================================>      ]   9.83MB/11.16MB
test-ubuntu (3.14t)	Set up Docker Compose	2026-05-19T19:31:59.1604739Z  0124d324831b Extracting [======>                                            ]  32.87MB/249.5MB
test-ubuntu (3.14t)	Set up Docker Compose	2026-05-19T19:31:59.1633625Z  03b1c1358482 Extracting [===============>                                   ]  43.45MB/144.8MB
test-ubuntu (3.14t)	Set up Docker Compose	2026-05-19T19:31:59.1813328Z  75616aa22dfd Pull complete 
test-ubuntu (3.14t)	Set up Docker Compose	2026-05-19T19:31:59.1849334Z  ffaa3dc87eb8 Extracting [>                                                  ]  557.1kB/184.8MB
test-ubuntu (3.14t)	Set up Docker Compose	2026-05-19T19:31:59.1945790Z  b0f4f1626421 Extracting [=======>                                           ]  16.15MB/111.1MB
test-ubuntu (3.14t)	Set up Docker Compose	2026-05-19T19:31:59.1965054Z  d03efd77259a Extracting [==================>                                ]  2.654MB/7.066MB
test-ubuntu (3.14t)	Set up Docker Compose	2026-05-19T19:31:59.2141283Z  9b972c53c46c Extracting [====================>                              ]  74.09MB/183.5MB
test-ubuntu (3.14t)	Set up Docker Compose	2026-05-19T19:31:59.2303765Z  b5c5a3ac416f Downloading [===================================>               ]  2.159GB/3.001GB
test-ubuntu (3.14t)	Set up Docker Compose	2026-05-19T19:31:59.2669652Z  0124d324831b Extracting [======>                                            ]  33.98MB/249.5MB
test-ubuntu (3.14t)	Set up Docker Compose	2026-05-19T19:31:59.2898183Z  03b1c1358482 Extracting [===============>                                   ]  45.68MB/144.8MB
test-ubuntu (3.14t)	Set up Docker Compose	2026-05-19T19:31:59.2970407Z  3c4f2fffcffa Extracting [================================================>  ]  10.75MB/11.16MB
test-ubuntu (3.14t)	Set up Docker Compose	2026-05-19T19:31:59.2992712Z  d03efd77259a Extracting [============================>                      ]   4.03MB/7.066MB
test-ubuntu (3.14t)	Set up Docker Compose	2026-05-19T19:31:59.3011987Z  b0f4f1626421 Extracting [=======>                                           ]  17.27MB/111.1MB
test-ubuntu (3.14t)	Set up Docker Compose	2026-05-19T19:31:59.3058256Z  d5fd17ec1767 Extracting [================================================>  ]  27.43MB/28.57MB
test-ubuntu (3.14t)	Set up Docker Compose	2026-05-19T19:31:59.3318710Z  ffaa3dc87eb8 Extracting [>                                                  ]  2.228MB/184.8MB
test-ubuntu (3.14t)	Set up Docker Compose	2026-05-19T19:31:59.3369207Z  b5c5a3ac416f Downloading [====================================>              ]  2.184GB/3.001GB
test-ubuntu (3.14t)	Set up Docker Compose	2026-05-19T19:31:59.3483644Z  9b972c53c46c Extracting [====================>                              ]  75.76MB/183.5MB
test-ubuntu (3.14t)	Set up Docker Compose	2026-05-19T19:31:59.3943219Z  03b1c1358482 Extracting [================>                                  ]  48.46MB/144.8MB
test-ubuntu (3.14t)	Set up Docker Compose	2026-05-19T19:31:59.3977947Z  0124d324831b Extracting [=======>                                           ]  35.65MB/249.5MB
test-ubuntu (3.14t)	Set up Docker Compose	2026-05-19T19:31:59.4010471Z  d03efd77259a Extracting [==================================================>]  7.066MB/7.066MB
test-ubuntu (3.14t)	Set up Docker Compose	2026-05-19T19:31:59.4441038Z  b5c5a3ac416f Downloading [====================================>              ]  2.201GB/3.001GB
test-ubuntu (3.14t)	Set up Docker Compose	2026-05-19T19:31:59.4512213Z  9b972c53c46c Extracting [=====================>                             ]  77.99MB/183.5MB
test-ubuntu (3.14t)	Set up Docker Compose	2026-05-19T19:31:59.4516192Z  3c4f2fffcffa Extracting [================================================>  ]  10.88MB/11.16MB
test-ubuntu (3.14t)	Set up Docker Compose	2026-05-19T19:31:59.4670405Z  ffaa3dc87eb8 Extracting [=>                                                 ]  3.899MB/184.8MB
test-ubuntu (3.14t)	Set up Docker Compose	2026-05-19T19:31:59.4723293Z  b0f4f1626421 Extracting [========>                                          ]   19.5MB/111.1MB
test-ubuntu (3.14t)	Set up Docker Compose	2026-05-19T19:31:59.4764931Z  d03efd77259a Pull complete 
test-ubuntu (3.14t)	Set up Docker Compose	2026-05-19T19:31:59.4836777Z  37ea5726b062 Extracting [==================================================>]     118B/118B
test-ubuntu (3.14t)	Set up Docker Compose	2026-05-19T19:31:59.5058190Z  37ea5726b062 Pull complete 
test-ubuntu (3.14t)	Set up Docker Compose	2026-05-19T19:31:59.5097443Z  03b1c1358482 Extracting [=================>                                 ]  51.81MB/144.8MB
test-ubuntu (3.14t)	Set up Docker Compose	2026-05-19T19:31:59.5135022Z  de7b6d2bd702 Extracting [==================================================>]     456B/456B
test-ubuntu (3.14t)	Set up Docker Compose	2026-05-19T19:31:59.5138959Z  de7b6d2bd702 Extracting [==================================================>]     456B/456B
test-ubuntu (3.14t)	Set up Docker Compose	2026-05-19T19:31:59.5355586Z  b5c5a3ac416f Downloading [====================================>              ]   2.22GB/3.001GB
test-ubuntu (3.14t)	Set up Docker Compose	2026-05-19T19:31:59.5369387Z  0124d324831b Extracting [=======>                                           ]  37.32MB/249.5MB
test-ubuntu (3.14t)	Set up Docker Compose	2026-05-19T19:31:59.5593041Z  de7b6d2bd702 Pull complete 
test-ubuntu (3.14t)	Set up Docker Compose	2026-05-19T19:31:59.5682596Z  bf317fc9d047 Extracting [==================================================>]     951B/951B
test-ubuntu (3.14t)	Set up Docker Compose	2026-05-19T19:31:59.5683932Z  bf317fc9d047 Extracting [==================================================>]     951B/951B
test-ubuntu (3.14t)	Set up Docker Compose	2026-05-19T19:31:59.5702795Z  9b972c53c46c Extracting [=====================>                             ]  79.66MB/183.5MB
test-ubuntu (3.14t)	Set up Docker Compose	2026-05-19T19:31:59.5759964Z  3c4f2fffcffa Extracting [==================================================>]  11.16MB/11.16MB
test-ubuntu (3.14t)	Set up Docker Compose	2026-05-19T19:31:59.5784210Z  b0f4f1626421 Extracting [=========>                                         ]  20.61MB/111.1MB
test-ubuntu (3.14t)	Set up Docker Compose	2026-05-19T19:31:59.6023167Z  ffaa3dc87eb8 Extracting [=>                                                 ]  5.571MB/184.8MB
test-ubuntu (3.14t)	Set up Docker Compose	2026-05-19T19:31:59.6106183Z  03b1c1358482 Extracting [==================>                                ]  54.03MB/144.8MB
test-ubuntu (3.14t)	Set up Docker Compose	2026-05-19T19:31:59.6110386Z  bf317fc9d047 Pull complete 
test-ubuntu (3.14t)	Set up Docker Compose	2026-05-19T19:31:59.6165334Z  4acaa03d21c0 Extracting [==================================================>]     137B/137B
test-ubuntu (3.14t)	Set up Docker Compose	2026-05-19T19:31:59.6167902Z  4acaa03d21c0 Extracting [==================================================>]     137B/137B
test-ubuntu (3.14t)	Set up Docker Compose	2026-05-19T19:31:59.6513456Z  b5c5a3ac416f Downloading [=====================================>             ]  2.233GB/3.001GB
test-ubuntu (3.14t)	Set up Docker Compose	2026-05-19T19:31:59.6564627Z  3c4f2fffcffa Pull complete 
test-ubuntu (3.14t)	Set up Docker Compose	2026-05-19T19:31:59.6605789Z  94160d652e91 Extracting [==================================================>]     790B/790B
test-ubuntu (3.14t)	Set up Docker Compose	2026-05-19T19:31:59.6609954Z  94160d652e91 Extracting [==================================================>]     790B/790B
test-ubuntu (3.14t)	Set up Docker Compose	2026-05-19T19:31:59.6710938Z  0124d324831b Extracting [=======>                                           ]  38.99MB/249.5MB
test-ubuntu (3.14t)	Set up Docker Compose	2026-05-19T19:31:59.6748138Z  9b972c53c46c Extracting [======================>                            ]  81.33MB/183.5MB
test-ubuntu (3.14t)	Set up Docker Compose	2026-05-19T19:31:59.6804883Z  4acaa03d21c0 Pull complete 
test-ubuntu (3.14t)	Set up Docker Compose	2026-05-19T19:31:59.6849353Z  8b8b5338fa05 Extracting [==================================================>]     144B/144B
test-ubuntu (3.14t)	Set up Docker Compose	2026-05-19T19:31:59.6850422Z  8b8b5338fa05 Extracting [==================================================>]     144B/144B
test-ubuntu (3.14t)	Set up Docker Compose	2026-05-19T19:31:59.6906527Z  94160d652e91 Pull complete 
test-ubuntu (3.14t)	Set up Docker Compose	2026-05-19T19:31:59.6962753Z  c2435bf7794e Extracting [==================================================>]     483B/483B
test-ubuntu (3.14t)	Set up Docker Compose	2026-05-19T19:31:59.6965499Z  c2435bf7794e Extracting [==================================================>]     483B/483B
test-ubuntu (3.14t)	Set up Docker Compose	2026-05-19T19:31:59.7045204Z  ffaa3dc87eb8 Extracting [=>                                                 ]  6.685MB/184.8MB
test-ubuntu (3.14t)	Set up Docker Compose	2026-05-19T19:31:59.7183946Z  d5fd17ec1767 Extracting [=================================================> ]  28.31MB/28.57MB
test-ubuntu (3.14t)	Set up Docker Compose	2026-05-19T19:31:59.7185958Z  b0f4f1626421 Extracting [=========>                                         ]  21.73MB/111.1MB
test-ubuntu (3.14t)	Set up Docker Compose	2026-05-19T19:31:59.7193004Z  8b8b5338fa05 Pull complete 
test-ubuntu (3.14t)	Set up Docker Compose	2026-05-19T19:31:59.7215433Z  03b1c1358482 Extracting [===================>                               ]  56.26MB/144.8MB
test-ubuntu (3.14t)	Set up Docker Compose	2026-05-19T19:31:59.7244122Z  c2435bf7794e Pull complete 
test-ubuntu (3.14t)	Set up Docker Compose	2026-05-19T19:31:59.7347835Z  f97325d8f21b Extracting [==================================================>]  4.492kB/4.492kB
test-ubuntu (3.14t)	Set up Docker Compose	2026-05-19T19:31:59.7355676Z  f97325d8f21b Extracting [==================================================>]  4.492kB/4.492kB
test-ubuntu (3.14t)	Set up Docker Compose	2026-05-19T19:31:59.7459818Z  84643c7b3905 Extracting [>                                                  ]  294.9kB/26.31MB
test-ubuntu (3.14t)	Set up Docker Compose	2026-05-19T19:31:59.7610752Z  b5c5a3ac416f Downloading [=====================================>             ]  2.237GB/3.001GB
test-ubuntu (3.14t)	Set up Docker Compose	2026-05-19T19:31:59.7686666Z  f97325d8f21b Pull complete 
test-ubuntu (3.14t)	Set up Docker Compose	2026-05-19T19:31:59.7909773Z  9b972c53c46c Extracting [======================>                            ]  84.12MB/183.5MB
test-ubuntu (3.14t)	Set up Docker Compose	2026-05-19T19:31:59.7949050Z  0124d324831b Extracting [========>                                          ]  41.22MB/249.5MB
test-ubuntu (3.14t)	Set up Docker Compose	2026-05-19T19:31:59.7987417Z  00fe8a009f40 Extracting [>                                                  ]  262.1kB/25.74MB
test-ubuntu (3.14t)	Set up Docker Compose	2026-05-19T19:31:59.8122676Z  ffaa3dc87eb8 Extracting [==>                                                ]  8.356MB/184.8MB
test-ubuntu (3.14t)	Set up Docker Compose	2026-05-19T19:31:59.8255481Z  03b1c1358482 Extracting [====================>                              ]  59.05MB/144.8MB
test-ubuntu (3.14t)	Set up Docker Compose	2026-05-19T19:31:59.8545614Z  84643c7b3905 Extracting [===>                                               ]  2.064MB/26.31MB
test-ubuntu (3.14t)	Set up Docker Compose	2026-05-19T19:31:59.8664332Z  b5c5a3ac416f Downloading [=====================================>             ]   2.25GB/3.001GB
test-ubuntu (3.14t)	Set up Docker Compose	2026-05-19T19:31:59.8772126Z  b0f4f1626421 Extracting [==========>                                        ]   23.4MB/111.1MB
test-ubuntu (3.14t)	Set up Docker Compose	2026-05-19T19:31:59.9186849Z  0124d324831b Extracting [========>                                          ]  42.89MB/249.5MB
test-ubuntu (3.14t)	Set up Docker Compose	2026-05-19T19:31:59.9204264Z  00fe8a009f40 Extracting [==>                                                ]  1.311MB/25.74MB
test-ubuntu (3.14t)	Set up Docker Compose	2026-05-19T19:31:59.9207970Z  9b972c53c46c Extracting [=======================>                           ]  86.34MB/183.5MB
test-ubuntu (3.14t)	Set up Docker Compose	2026-05-19T19:31:59.9323836Z  ffaa3dc87eb8 Extracting [==>                                                ]  10.03MB/184.8MB
test-ubuntu (3.14t)	Set up Docker Compose	2026-05-19T19:31:59.9460064Z  03b1c1358482 Extracting [=====================>                             ]  61.83MB/144.8MB
test-ubuntu (3.14t)	Set up Docker Compose	2026-05-19T19:31:59.9601878Z  84643c7b3905 Extracting [======>                                            ]  3.539MB/26.31MB
test-ubuntu (3.14t)	Set up Docker Compose	2026-05-19T19:31:59.9630794Z  b5c5a3ac416f Downloading [=====================================>             ]  2.266GB/3.001GB
test-ubuntu (3.14t)	Set up Docker Compose	2026-05-19T19:31:59.9885648Z  d5fd17ec1767 Extracting [==================================================>]  28.57MB/28.57MB
test-ubuntu (3.14t)	Set up Docker Compose	2026-05-19T19:31:59.9960319Z  b0f4f1626421 Extracting [===========>                                       ]  24.51MB/111.1MB
test-ubuntu (3.14t)	Set up Docker Compose	2026-05-19T19:32:00.0213669Z  9b972c53c46c Extracting [=======================>                           ]  87.46MB/183.5MB
test-ubuntu (3.14t)	Set up Docker Compose	2026-05-19T19:32:00.0333844Z  0124d324831b Extracting [========>                                          ]  44.01MB/249.5MB
test-ubuntu (3.14t)	Set up Docker Compose	2026-05-19T19:32:00.0394176Z  00fe8a009f40 Extracting [=====>                                             ]  2.621MB/25.74MB
test-ubuntu (3.14t)	Set up Docker Compose	2026-05-19T19:32:00.0620751Z  84643c7b3905 Extracting [========>                                          ]  4.719MB/26.31MB
test-ubuntu (3.14t)	Set up Docker Compose	2026-05-19T19:32:00.0644573Z  b5c5a3ac416f Downloading [======================================>            ]   2.29GB/3.001GB
test-ubuntu (3.14t)	Set up Docker Compose	2026-05-19T19:32:00.0677853Z  ffaa3dc87eb8 Extracting [===>                                               ]   11.7MB/184.8MB
test-ubuntu (3.14t)	Set up Docker Compose	2026-05-19T19:32:00.0707938Z  03b1c1358482 Extracting [======================>                            ]  64.06MB/144.8MB
test-ubuntu (3.14t)	Set up Docker Compose	2026-05-19T19:32:00.1176349Z  d5fd17ec1767 Pull complete 
test-ubuntu (3.14t)	Set up Docker Compose	2026-05-19T19:32:00.1241365Z  3333ece3d6fb Extracting [>                                                  ]   98.3kB/7.428MB
test-ubuntu (3.14t)	Set up Docker Compose	2026-05-19T19:32:00.1357990Z  9b972c53c46c Extracting [========================>                          ]  88.57MB/183.5MB
test-ubuntu (3.14t)	Set up Docker Compose	2026-05-19T19:32:00.1408079Z  b0f4f1626421 Extracting [===========>                                       ]  26.18MB/111.1MB
test-ubuntu (3.14t)	Set up Docker Compose	2026-05-19T19:32:00.1506716Z  00fe8a009f40 Extracting [========>                                          ]  4.456MB/25.74MB
test-ubuntu (3.14t)	Set up Docker Compose	2026-05-19T19:32:00.1584741Z  0124d324831b Extracting [=========>                                         ]  45.68MB/249.5MB
test-ubuntu (3.14t)	Set up Docker Compose	2026-05-19T19:32:00.1736576Z  b5c5a3ac416f Downloading [======================================>            ]  2.317GB/3.001GB
test-ubuntu (3.14t)	Set up Docker Compose	2026-05-19T19:32:00.1765202Z  84643c7b3905 Extracting [============>                                      ]  6.488MB/26.31MB
test-ubuntu (3.14t)	Set up Docker Compose	2026-05-19T19:32:00.1789682Z  03b1c1358482 Extracting [=======================>                           ]  66.85MB/144.8MB
test-ubuntu (3.14t)	Set up Docker Compose	2026-05-19T19:32:00.2091186Z  ffaa3dc87eb8 Extracting [===>                                               ]  13.37MB/184.8MB
test-ubuntu (3.14t)	Set up Docker Compose	2026-05-19T19:32:00.2567454Z  b0f4f1626421 Extracting [============>                                      ]  28.41MB/111.1MB
test-ubuntu (3.14t)	Set up Docker Compose	2026-05-19T19:32:00.2611522Z  00fe8a009f40 Extracting [============>                                      ]  6.291MB/25.74MB
test-ubuntu (3.14t)	Set up Docker Compose	2026-05-19T19:32:00.2726089Z  9b972c53c46c Extracting [========================>                          ]  90.24MB/183.5MB
test-ubuntu (3.14t)	Set up Docker Compose	2026-05-19T19:32:00.2813951Z  b5c5a3ac416f Downloading [======================================>            ]  2.338GB/3.001GB
test-ubuntu (3.14t)	Set up Docker Compose	2026-05-19T19:32:00.2869091Z  84643c7b3905 Extracting [==============>                                    ]  7.668MB/26.31MB
test-ubuntu (3.14t)	Set up Docker Compose	2026-05-19T19:32:00.2925874Z  03b1c1358482 Extracting [========================>                          ]  69.63MB/144.8MB
test-ubuntu (3.14t)	Set up Docker Compose	2026-05-19T19:32:00.2929511Z  0124d324831b Extracting [=========>                                         ]  47.35MB/249.5MB
test-ubuntu (3.14t)	Set up Docker Compose	2026-05-19T19:32:00.3124552Z  3333ece3d6fb Extracting [=>                                                 ]  294.9kB/7.428MB
test-ubuntu (3.14t)	Set up Docker Compose	2026-05-19T19:32:00.3279052Z  ffaa3dc87eb8 Extracting [====>                                              ]  15.04MB/184.8MB
test-ubuntu (3.14t)	Set up Docker Compose	2026-05-19T19:32:00.3649017Z  b0f4f1626421 Extracting [=============>                                     ]  30.08MB/111.1MB
test-ubuntu (3.14t)	Set up Docker Compose	2026-05-19T19:32:00.3795491Z  00fe8a009f40 Extracting [==============>                                    ]  7.602MB/25.74MB
test-ubuntu (3.14t)	Set up Docker Compose	2026-05-19T19:32:00.3806353Z  b5c5a3ac416f Downloading [=======================================>           ]   2.36GB/3.001GB
test-ubuntu (3.14t)	Set up Docker Compose	2026-05-19T19:32:00.3936808Z  84643c7b3905 Extracting [================>                                  ]  8.847MB/26.31MB
test-ubuntu (3.14t)	Set up Docker Compose	2026-05-19T19:32:00.3941799Z  03b1c1358482 Extracting [=========================>                         ]  72.42MB/144.8MB
test-ubuntu (3.14t)	Set up Docker Compose	2026-05-19T19:32:00.4153273Z  9b972c53c46c Extracting [========================>                          ]  91.36MB/183.5MB
test-ubuntu (3.14t)	Set up Docker Compose	2026-05-19T19:32:00.4250072Z  3333ece3d6fb Extracting [=======>                                           ]  1.081MB/7.428MB
test-ubuntu (3.14t)	Set up Docker Compose	2026-05-19T19:32:00.4253089Z  0124d324831b Extracting [=========>                                         ]  49.02MB/249.5MB
test-ubuntu (3.14t)	Set up Docker Compose	2026-05-19T19:32:00.4528014Z  ffaa3dc87eb8 Extracting [====>                                              ]  16.71MB/184.8MB
test-ubuntu (3.14t)	Set up Docker Compose	2026-05-19T19:32:00.4815183Z  b5c5a3ac416f Downloading [=======================================>           ]  2.387GB/3.001GB
test-ubuntu (3.14t)	Set up Docker Compose	2026-05-19T19:32:00.4828619Z  00fe8a009f40 Extracting [=================>                                 ]  9.175MB/25.74MB
test-ubuntu (3.14t)	Set up Docker Compose	2026-05-19T19:32:00.4893413Z  b0f4f1626421 Extracting [==============>                                    ]  31.75MB/111.1MB
test-ubuntu (3.14t)	Set up Docker Compose	2026-05-19T19:32:00.4992820Z  84643c7b3905 Extracting [=================>                                 ]  9.437MB/26.31MB
test-ubuntu (3.14t)	Set up Docker Compose	2026-05-19T19:32:00.5028248Z  03b1c1358482 Extracting [=========================>                         ]  74.65MB/144.8MB
test-ubuntu (3.14t)	Set up Docker Compose	2026-05-19T19:32:00.5242823Z  9b972c53c46c Extracting [=========================>                         ]  92.47MB/183.5MB
test-ubuntu (3.14t)	Set up Docker Compose	2026-05-19T19:32:00.5250759Z  3333ece3d6fb Extracting [================>                                  ]  2.458MB/7.428MB
test-ubuntu (3.14t)	Set up Docker Compose	2026-05-19T19:32:00.5366489Z  0124d324831b Extracting [==========>                                        ]  50.69MB/249.5MB
test-ubuntu (3.14t)	Set up Docker Compose	2026-05-19T19:32:00.5836010Z  b5c5a3ac416f Downloading [========================================>          ]  2.407GB/3.001GB
test-ubuntu (3.14t)	Set up Docker Compose	2026-05-19T19:32:00.5889198Z  ffaa3dc87eb8 Extracting [====>                                              ]  18.38MB/184.8MB
test-ubuntu (3.14t)	Set up Docker Compose	2026-05-19T19:32:00.5913428Z  00fe8a009f40 Extracting [====================>                              ]  10.75MB/25.74MB
test-ubuntu (3.14t)	Set up Docker Compose	2026-05-19T19:32:00.6074382Z  b0f4f1626421 Extracting [===============>                                   ]  33.42MB/111.1MB
test-ubuntu (3.14t)	Set up Docker Compose	2026-05-19T19:32:00.6133382Z  84643c7b3905 Extracting [=====================>                             ]  11.21MB/26.31MB
test-ubuntu (3.14t)	Set up Docker Compose	2026-05-19T19:32:00.6312844Z  3333ece3d6fb Extracting [===========================>                       ]  4.129MB/7.428MB
test-ubuntu (3.14t)	Set up Docker Compose	2026-05-19T19:32:00.6416235Z  9b972c53c46c Extracting [=========================>                         ]  93.59MB/183.5MB
test-ubuntu (3.14t)	Set up Docker Compose	2026-05-19T19:32:00.6657705Z  0124d324831b Extracting [==========>                                        ]  52.36MB/249.5MB
test-ubuntu (3.14t)	Set up Docker Compose	2026-05-19T19:32:00.6943040Z  03b1c1358482 Extracting [=========================>                         ]   75.2MB/144.8MB
test-ubuntu (3.14t)	Set up Docker Compose	2026-05-19T19:32:00.6982924Z  00fe8a009f40 Extracting [=======================>                           ]  12.32MB/25.74MB
test-ubuntu (3.14t)	Set up Docker Compose	2026-05-19T19:32:00.6996875Z  b5c5a3ac416f Downloading [========================================>          ]  2.428GB/3.001GB
test-ubuntu (3.14t)	Set up Docker Compose	2026-05-19T19:32:00.7145069Z  84643c7b3905 Extracting [========================>                          ]  12.68MB/26.31MB
test-ubuntu (3.14t)	Set up Docker Compose	2026-05-19T19:32:00.7146481Z  b0f4f1626421 Extracting [===============>                                   ]  35.09MB/111.1MB
test-ubuntu (3.14t)	Set up Docker Compose	2026-05-19T19:32:00.7389768Z  3333ece3d6fb Extracting [=====================================>             ]  5.603MB/7.428MB
test-ubuntu (3.14t)	Set up Docker Compose	2026-05-19T19:32:00.7416424Z  ffaa3dc87eb8 Extracting [=====>                                             ]  20.05MB/184.8MB
test-ubuntu (3.14t)	Set up Docker Compose	2026-05-19T19:32:00.7495470Z  9b972c53c46c Extracting [=========================>                         ]   94.7MB/183.5MB
test-ubuntu (3.14t)	Set up Docker Compose	2026-05-19T19:32:00.7876834Z  0124d324831b Extracting [==========>                                        ]  54.03MB/249.5MB
test-ubuntu (3.14t)	Set up Docker Compose	2026-05-19T19:32:00.7965191Z  b5c5a3ac416f Downloading [========================================>          ]  2.446GB/3.001GB
test-ubuntu (3.14t)	Set up Docker Compose	2026-05-19T19:32:00.8073025Z  00fe8a009f40 Extracting [===========================>                       ]  14.16MB/25.74MB
test-ubuntu (3.14t)	Set up Docker Compose	2026-05-19T19:32:00.8156544Z  b0f4f1626421 Extracting [================>                                  ]  36.77MB/111.1MB
test-ubuntu (3.14t)	Set up Docker Compose	2026-05-19T19:32:00.8174197Z  84643c7b3905 Extracting [==========================>                        ]  14.16MB/26.31MB
test-ubuntu (3.14t)	Set up Docker Compose	2026-05-19T19:32:00.8203442Z  03b1c1358482 Extracting [==========================>                        ]  77.43MB/144.8MB
test-ubuntu (3.14t)	Set up Docker Compose	2026-05-19T19:32:00.8644028Z  9b972c53c46c Extracting [==========================>                        ]  95.81MB/183.5MB
test-ubuntu (3.14t)	Set up Docker Compose	2026-05-19T19:32:00.8791190Z  ffaa3dc87eb8 Extracting [=====>                                             ]  21.17MB/184.8MB
test-ubuntu (3.14t)	Set up Docker Compose	2026-05-19T19:32:00.8921727Z  3333ece3d6fb Extracting [==============================================>    ]  6.881MB/7.428MB
test-ubuntu (3.14t)	Set up Docker Compose	2026-05-19T19:32:00.8950599Z  b5c5a3ac416f Downloading [=========================================>         ]  2.468GB/3.001GB
test-ubuntu (3.14t)	Set up Docker Compose	2026-05-19T19:32:00.9204153Z  b0f4f1626421 Extracting [=================>                                 ]  38.44MB/111.1MB
test-ubuntu (3.14t)	Set up Docker Compose	2026-05-19T19:32:00.9216992Z  00fe8a009f40 Extracting [================================>                  ]  16.52MB/25.74MB
test-ubuntu (3.14t)	Set up Docker Compose	2026-05-19T19:32:00.9248420Z  84643c7b3905 Extracting [=================================>                 ]   17.4MB/26.31MB
test-ubuntu (3.14t)	Set up Docker Compose	2026-05-19T19:32:00.9260792Z  03b1c1358482 Extracting [===========================>                       ]  80.22MB/144.8MB
test-ubuntu (3.14t)	Set up Docker Compose	2026-05-19T19:32:00.9460085Z  0124d324831b Extracting [===========>                                       ]  55.71MB/249.5MB
test-ubuntu (3.14t)	Set up Docker Compose	2026-05-19T19:32:00.9914352Z  ffaa3dc87eb8 Extracting [======>                                            ]   23.4MB/184.8MB
test-ubuntu (3.14t)	Set up Docker Compose	2026-05-19T19:32:01.0019401Z  b5c5a3ac416f Downloading [=========================================>         ]  2.487GB/3.001GB
test-ubuntu (3.14t)	Set up Docker Compose	2026-05-19T19:32:01.0181294Z  9b972c53c46c Extracting [==========================>                        ]  96.93MB/183.5MB
test-ubuntu (3.14t)	Set up Docker Compose	2026-05-19T19:32:01.0252706Z  00fe8a009f40 Extracting [===================================>               ]  18.09MB/25.74MB
test-ubuntu (3.14t)	Set up Docker Compose	2026-05-19T19:32:01.0274150Z  84643c7b3905 Extracting [====================================>              ]  19.46MB/26.31MB
test-ubuntu (3.14t)	Set up Docker Compose	2026-05-19T19:32:01.0307603Z  3333ece3d6fb Extracting [==============================================>    ]   6.98MB/7.428MB
test-ubuntu (3.14t)	Set up Docker Compose	2026-05-19T19:32:01.0429713Z  b0f4f1626421 Extracting [==================>                                ]  40.11MB/111.1MB
test-ubuntu (3.14t)	Set up Docker Compose	2026-05-19T19:32:01.0554858Z  03b1c1358482 Extracting [============================>                      ]  81.89MB/144.8MB
test-ubuntu (3.14t)	Set up Docker Compose	2026-05-19T19:32:01.0980603Z  b5c5a3ac416f Downloading [=========================================>         ]  2.509GB/3.001GB
test-ubuntu (3.14t)	Set up Docker Compose	2026-05-19T19:32:01.1209224Z  ffaa3dc87eb8 Extracting [======>                                            ]  25.07MB/184.8MB
test-ubuntu (3.14t)	Set up Docker Compose	2026-05-19T19:32:01.1226630Z  0124d324831b Extracting [===========>                                       ]  57.38MB/249.5MB
test-ubuntu (3.14t)	Set up Docker Compose	2026-05-19T19:32:01.1360266Z  9b972c53c46c Extracting [==========================>                        ]  98.04MB/183.5MB
test-ubuntu (3.14t)	Set up Docker Compose	2026-05-19T19:32:01.1365571Z  84643c7b3905 Extracting [==========================================>        ]  22.12MB/26.31MB
test-ubuntu (3.14t)	Set up Docker Compose	2026-05-19T19:32:01.1367493Z  00fe8a009f40 Extracting [======================================>            ]  19.66MB/25.74MB
test-ubuntu (3.14t)	Set up Docker Compose	2026-05-19T19:32:01.1562528Z  b0f4f1626421 Extracting [==================>                                ]  41.78MB/111.1MB
test-ubuntu (3.14t)	Set up Docker Compose	2026-05-19T19:32:01.1714962Z  3333ece3d6fb Extracting [===============================================>   ]  7.078MB/7.428MB
test-ubuntu (3.14t)	Set up Docker Compose	2026-05-19T19:32:01.1854739Z  03b1c1358482 Extracting [============================>                      ]  83.56MB/144.8MB
test-ubuntu (3.14t)	Set up Docker Compose	2026-05-19T19:32:01.1999977Z  b5c5a3ac416f Downloading [==========================================>        ]  2.531GB/3.001GB
test-ubuntu (3.14t)	Set up Docker Compose	2026-05-19T19:32:01.2402208Z  9b972c53c46c Extracting [===========================>                       ]  99.71MB/183.5MB
test-ubuntu (3.14t)	Set up Docker Compose	2026-05-19T19:32:01.2438404Z  00fe8a009f40 Extracting [=========================================>         ]   21.5MB/25.74MB
test-ubuntu (3.14t)	Set up Docker Compose	2026-05-19T19:32:01.2441188Z  84643c7b3905 Extracting [===============================================>   ]  24.77MB/26.31MB
test-ubuntu (3.14t)	Set up Docker Compose	2026-05-19T19:32:01.2491392Z  ffaa3dc87eb8 Extracting [=======>                                           ]  26.18MB/184.8MB
test-ubuntu (3.14t)	Set up Docker Compose	2026-05-19T19:32:01.2627616Z  b0f4f1626421 Extracting [===================>                               ]  43.45MB/111.1MB
test-ubuntu (3.14t)	Set up Docker Compose	2026-05-19T19:32:01.3049792Z  0124d324831b Extracting [===========>                                       ]  57.93MB/249.5MB
test-ubuntu (3.14t)	Set up Docker Compose	2026-05-19T19:32:01.3052691Z  03b1c1358482 Extracting [=============================>                     ]  85.23MB/144.8MB
test-ubuntu (3.14t)	Set up Docker Compose	2026-05-19T19:32:01.3065046Z  b5c5a3ac416f Downloading [==========================================>        ]  2.558GB/3.001GB
test-ubuntu (3.14t)	Set up Docker Compose	2026-05-19T19:32:01.3459343Z  84643c7b3905 Extracting [=================================================> ]  26.25MB/26.31MB
test-ubuntu (3.14t)	Set up Docker Compose	2026-05-19T19:32:01.3463526Z  3333ece3d6fb Extracting [==================================================>]  7.428MB/7.428MB
test-ubuntu (3.14t)	Set up Docker Compose	2026-05-19T19:32:01.3505737Z  00fe8a009f40 Extracting [============================================>      ]  23.07MB/25.74MB
test-ubuntu (3.14t)	Set up Docker Compose	2026-05-19T19:32:01.3577871Z  9b972c53c46c Extracting [============================>                      ]  103.1MB/183.5MB
test-ubuntu (3.14t)	Set up Docker Compose	2026-05-19T19:32:01.3702512Z  84643c7b3905 Extracting [==================================================>]  26.31MB/26.31MB
test-ubuntu (3.14t)	Set up Docker Compose	2026-05-19T19:32:01.3794123Z  ffaa3dc87eb8 Extracting [=======>                                           ]  27.85MB/184.8MB
test-ubuntu (3.14t)	Set up Docker Compose	2026-05-19T19:32:01.3832090Z  b0f4f1626421 Extracting [====================>                              ]  45.12MB/111.1MB
test-ubuntu (3.14t)	Set up Docker Compose	2026-05-19T19:32:01.4135650Z  03b1c1358482 Extracting [==============================>                    ]   86.9MB/144.8MB
test-ubuntu (3.14t)	Set up Docker Compose	2026-05-19T19:32:01.4536991Z  b5c5a3ac416f Downloading [==========================================>        ]  2.574GB/3.001GB
test-ubuntu (3.14t)	Set up Docker Compose	2026-05-19T19:32:01.4587053Z  9b972c53c46c Extracting [=============================>                     ]  107.5MB/183.5MB
test-ubuntu (3.14t)	Set up Docker Compose	2026-05-19T19:32:01.4607365Z  00fe8a009f40 Extracting [================================================>  ]   24.9MB/25.74MB
test-ubuntu (3.14t)	Set up Docker Compose	2026-05-19T19:32:01.4995369Z  0124d324831b Extracting [===========>                                       ]  58.49MB/249.5MB
test-ubuntu (3.14t)	Set up Docker Compose	2026-05-19T19:32:01.5047822Z  00fe8a009f40 Extracting [==================================================>]  25.74MB/25.74MB
test-ubuntu (3.14t)	Set up Docker Compose	2026-05-19T19:32:01.5058050Z  b0f4f1626421 Extracting [=====================>                             ]  47.35MB/111.1MB
test-ubuntu (3.14t)	Set up Docker Compose	2026-05-19T19:32:01.5079875Z  ffaa3dc87eb8 Extracting [========>                                          ]  30.08MB/184.8MB
test-ubuntu (3.14t)	Set up Docker Compose	2026-05-19T19:32:01.5412382Z  03b1c1358482 Extracting [==============================>                    ]  89.13MB/144.8MB
test-ubuntu (3.14t)	Set up Docker Compose	2026-05-19T19:32:01.5550684Z  b5c5a3ac416f Downloading [===========================================>       ]  2.592GB/3.001GB
test-ubuntu (3.14t)	Set up Docker Compose	2026-05-19T19:32:01.5596883Z  9b972c53c46c Extracting [==============================>                    ]  112.5MB/183.5MB
test-ubuntu (3.14t)	Set up Docker Compose	2026-05-19T19:32:01.6064533Z  b0f4f1626421 Extracting [======================>                            ]  49.58MB/111.1MB
test-ubuntu (3.14t)	Set up Docker Compose	2026-05-19T19:32:01.6212199Z  ffaa3dc87eb8 Extracting [========>                                          ]  31.75MB/184.8MB
test-ubuntu (3.14t)	Set up Docker Compose	2026-05-19T19:32:01.6438620Z  0124d324831b Extracting [===========>                                       ]  59.05MB/249.5MB
test-ubuntu (3.14t)	Set up Docker Compose	2026-05-19T19:32:01.6506186Z  03b1c1358482 Extracting [===============================>                   ]  91.36MB/144.8MB
test-ubuntu (3.14t)	Set up Docker Compose	2026-05-19T19:32:01.6590614Z  b5c5a3ac416f Downloading [===========================================>       ]  2.616GB/3.001GB
test-ubuntu (3.14t)	Set up Docker Compose	2026-05-19T19:32:01.6607762Z  9b972c53c46c Extracting [================================>                  ]  118.1MB/183.5MB
test-ubuntu (3.14t)	Set up Docker Compose	2026-05-19T19:32:01.7149826Z  b0f4f1626421 Extracting [=======================>                           ]  51.81MB/111.1MB
test-ubuntu (3.14t)	Set up Docker Compose	2026-05-19T19:32:01.7404508Z  ffaa3dc87eb8 Extracting [=========>                                         ]  33.98MB/184.8MB
test-ubuntu (3.14t)	Set up Docker Compose	2026-05-19T19:32:01.7577558Z  0124d324831b Extracting [===========>                                       ]   59.6MB/249.5MB
test-ubuntu (3.14t)	Set up Docker Compose	2026-05-19T19:32:01.7611793Z  9b972c53c46c Extracting [=================================>                 ]  122.6MB/183.5MB
test-ubuntu (3.14t)	Set up Docker Compose	2026-05-19T19:32:01.7671828Z  b5c5a3ac416f Downloading [===========================================>       ]  2.639GB/3.001GB
test-ubuntu (3.14t)	Set up Docker Compose	2026-05-19T19:32:01.7705003Z  03b1c1358482 Extracting [================================>                  ]  94.14MB/144.8MB
test-ubuntu (3.14t)	Set up Docker Compose	2026-05-19T19:32:01.8586675Z  b0f4f1626421 Extracting [========================>                          ]  53.48MB/111.1MB
test-ubuntu (3.14t)	Set up Docker Compose	2026-05-19T19:32:01.8647617Z  9b972c53c46c Extracting [==================================>                ]  126.5MB/183.5MB
test-ubuntu (3.14t)	Set up Docker Compose	2026-05-19T19:32:01.8648953Z  b5c5a3ac416f Downloading [============================================>      ]  2.667GB/3.001GB
test-ubuntu (3.14t)	Set up Docker Compose	2026-05-19T19:32:01.8687120Z  ffaa3dc87eb8 Extracting [=========>                                         ]  36.21MB/184.8MB
test-ubuntu (3.14t)	Set up Docker Compose	2026-05-19T19:32:01.8693896Z  0124d324831b Extracting [============>                                      ]  60.16MB/249.5MB
test-ubuntu (3.14t)	Set up Docker Compose	2026-05-19T19:32:01.8784316Z  03b1c1358482 Extracting [=================================>                 ]  96.93MB/144.8MB
test-ubuntu (3.14t)	Set up Docker Compose	2026-05-19T19:32:01.9650096Z  b5c5a3ac416f Downloading [============================================>      ]  2.693GB/3.001GB
test-ubuntu (3.14t)	Set up Docker Compose	2026-05-19T19:32:01.9687144Z  b0f4f1626421 Extracting [========================>                          ]  54.59MB/111.1MB
test-ubuntu (3.14t)	Set up Docker Compose	2026-05-19T19:32:01.9745483Z  9b972c53c46c Extracting [===================================>               ]    132MB/183.5MB
test-ubuntu (3.14t)	Set up Docker Compose	2026-05-19T19:32:01.9819799Z  03b1c1358482 Extracting [==================================>                ]  99.71MB/144.8MB
test-ubuntu (3.14t)	Set up Docker Compose	2026-05-19T19:32:02.0016951Z  ffaa3dc87eb8 Extracting [==========>                                        ]  38.99MB/184.8MB
test-ubuntu (3.14t)	Set up Docker Compose	2026-05-19T19:32:02.0668735Z  b5c5a3ac416f Downloading [=============================================>     ]  2.718GB/3.001GB
test-ubuntu (3.14t)	Set up Docker Compose	2026-05-19T19:32:02.0873179Z  9b972c53c46c Extracting [=====================================>             ]    137MB/183.5MB
test-ubuntu (3.14t)	Set up Docker Compose	2026-05-19T19:32:02.0878151Z  b0f4f1626421 Extracting [=========================>                         ]  56.26MB/111.1MB
test-ubuntu (3.14t)	Set up Docker Compose	2026-05-19T19:32:02.0925963Z  03b1c1358482 Extracting [===================================>               ]  101.9MB/144.8MB
test-ubuntu (3.14t)	Set up Docker Compose	2026-05-19T19:32:02.1047461Z  ffaa3dc87eb8 Extracting [===========>                                       ]  41.22MB/184.8MB
test-ubuntu (3.14t)	Set up Docker Compose	2026-05-19T19:32:02.1731874Z  b5c5a3ac416f Downloading [=============================================>     ]  2.744GB/3.001GB
test-ubuntu (3.14t)	Set up Docker Compose	2026-05-19T19:32:02.2016143Z  0124d324831b Extracting [============>                                      ]  61.83MB/249.5MB
test-ubuntu (3.14t)	Set up Docker Compose	2026-05-19T19:32:02.2020037Z  9b972c53c46c Extracting [======================================>            ]    142MB/183.5MB
test-ubuntu (3.14t)	Set up Docker Compose	2026-05-19T19:32:02.2084631Z  b0f4f1626421 Extracting [==========================>                        ]  57.93MB/111.1MB
test-ubuntu (3.14t)	Set up Docker Compose	2026-05-19T19:32:02.2104697Z  03b1c1358482 Extracting [====================================>              ]  104.7MB/144.8MB
test-ubuntu (3.14t)	Set up Docker Compose	2026-05-19T19:32:02.2199491Z  ffaa3dc87eb8 Extracting [===========>                                       ]  42.89MB/184.8MB
test-ubuntu (3.14t)	Set up Docker Compose	2026-05-19T19:32:02.2677069Z  b5c5a3ac416f Downloading [==============================================>    ]   2.77GB/3.001GB
test-ubuntu (3.14t)	Set up Docker Compose	2026-05-19T19:32:02.3118174Z  9b972c53c46c Extracting [=======================================>           ]  146.5MB/183.5MB
test-ubuntu (3.14t)	Set up Docker Compose	2026-05-19T19:32:02.3168532Z  b0f4f1626421 Extracting [==========================>                        ]   59.6MB/111.1MB
test-ubuntu (3.14t)	Set up Docker Compose	2026-05-19T19:32:02.3179934Z  03b1c1358482 Extracting [====================================>              ]    107MB/144.8MB
test-ubuntu (3.14t)	Set up Docker Compose	2026-05-19T19:32:02.3217243Z  0124d324831b Extracting [============>                                      ]  62.39MB/249.5MB
test-ubuntu (3.14t)	Set up Docker Compose	2026-05-19T19:32:02.3434710Z  ffaa3dc87eb8 Extracting [============>                                      ]  44.56MB/184.8MB
test-ubuntu (3.14t)	Set up Docker Compose	2026-05-19T19:32:02.3690470Z  b5c5a3ac416f Downloading [==============================================>    ]  2.791GB/3.001GB
test-ubuntu (3.14t)	Set up Docker Compose	2026-05-19T19:32:02.4201421Z  b0f4f1626421 Extracting [===========================>                       ]  61.83MB/111.1MB
test-ubuntu (3.14t)	Set up Docker Compose	2026-05-19T19:32:02.4260730Z  9b972c53c46c Extracting [=========================================>         ]  152.1MB/183.5MB
test-ubuntu (3.14t)	Set up Docker Compose	2026-05-19T19:32:02.4370540Z  03b1c1358482 Extracting [=====================================>             ]  109.7MB/144.8MB
test-ubuntu (3.14t)	Set up Docker Compose	2026-05-19T19:32:02.4429986Z  0124d324831b Extracting [============>                                      ]  62.95MB/249.5MB
test-ubuntu (3.14t)	Set up Docker Compose	2026-05-19T19:32:02.4658560Z  ffaa3dc87eb8 Extracting [============>                                      ]  46.79MB/184.8MB
test-ubuntu (3.14t)	Set up Docker Compose	2026-05-19T19:32:02.4722662Z  b5c5a3ac416f Downloading [==============================================>    ]   2.82GB/3.001GB
test-ubuntu (3.14t)	Set up Docker Compose	2026-05-19T19:32:02.5234774Z  b0f4f1626421 Extracting [============================>                      ]  64.06MB/111.1MB
test-ubuntu (3.14t)	Set up Docker Compose	2026-05-19T19:32:02.5347066Z  9b972c53c46c Extracting [==========================================>        ]  157.1MB/183.5MB
test-ubuntu (3.14t)	Set up Docker Compose	2026-05-19T19:32:02.5466895Z  03b1c1358482 Extracting [======================================>            ]  112.5MB/144.8MB
test-ubuntu (3.14t)	Set up Docker Compose	2026-05-19T19:32:02.5709320Z  b5c5a3ac416f Downloading [===============================================>   ]  2.843GB/3.001GB
test-ubuntu (3.14t)	Set up Docker Compose	2026-05-19T19:32:02.6010177Z  ffaa3dc87eb8 Extracting [=============>                                     ]  49.02MB/184.8MB
test-ubuntu (3.14t)	Set up Docker Compose	2026-05-19T19:32:02.6322150Z  b0f4f1626421 Extracting [==============================>                    ]  66.85MB/111.1MB
test-ubuntu (3.14t)	Set up Docker Compose	2026-05-19T19:32:02.6392826Z  9b972c53c46c Extracting [============================================>      ]  162.1MB/183.5MB
test-ubuntu (3.14t)	Set up Docker Compose	2026-05-19T19:32:02.6400930Z  0124d324831b Extracting [============>                                      ]  64.06MB/249.5MB
test-ubuntu (3.14t)	Set up Docker Compose	2026-05-19T19:32:02.6728221Z  03b1c1358482 Extracting [=======================================>           ]  115.3MB/144.8MB
test-ubuntu (3.14t)	Set up Docker Compose	2026-05-19T19:32:02.6814179Z  b5c5a3ac416f Downloading [===============================================>   ]  2.868GB/3.001GB
test-ubuntu (3.14t)	Set up Docker Compose	2026-05-19T19:32:02.7347887Z  ffaa3dc87eb8 Extracting [=============>                                     ]  50.69MB/184.8MB
test-ubuntu (3.14t)	Set up Docker Compose	2026-05-19T19:32:02.7511691Z  b0f4f1626421 Extracting [===============================>                   ]  70.19MB/111.1MB
test-ubuntu (3.14t)	Set up Docker Compose	2026-05-19T19:32:02.7514430Z  9b972c53c46c Extracting [=============================================>     ]  167.1MB/183.5MB
test-ubuntu (3.14t)	Set up Docker Compose	2026-05-19T19:32:02.7722122Z  b5c5a3ac416f Downloading [================================================>  ]  2.895GB/3.001GB
test-ubuntu (3.14t)	Set up Docker Compose	2026-05-19T19:32:02.7819340Z  0124d324831b Extracting [=============>                                     ]  65.18MB/249.5MB
test-ubuntu (3.14t)	Set up Docker Compose	2026-05-19T19:32:02.7906131Z  03b1c1358482 Extracting [========================================>          ]  118.1MB/144.8MB
test-ubuntu (3.14t)	Set up Docker Compose	2026-05-19T19:32:02.8583172Z  ffaa3dc87eb8 Extracting [==============>                                    ]  52.92MB/184.8MB
test-ubuntu (3.14t)	Set up Docker Compose	2026-05-19T19:32:02.8616701Z  9b972c53c46c Extracting [==============================================>    ]  172.1MB/183.5MB
test-ubuntu (3.14t)	Set up Docker Compose	2026-05-19T19:32:02.8680846Z  b0f4f1626421 Extracting [================================>                  ]  72.97MB/111.1MB
test-ubuntu (3.14t)	Set up Docker Compose	2026-05-19T19:32:02.8726639Z  b5c5a3ac416f Downloading [================================================>  ]  2.921GB/3.001GB
test-ubuntu (3.14t)	Set up Docker Compose	2026-05-19T19:32:02.9128264Z  03b1c1358482 Extracting [=========================================>         ]  120.3MB/144.8MB
test-ubuntu (3.14t)	Set up Docker Compose	2026-05-19T19:32:02.9302477Z  0124d324831b Extracting [=============>                                     ]  66.29MB/249.5MB
test-ubuntu (3.14t)	Set up Docker Compose	2026-05-19T19:32:02.9620173Z  ffaa3dc87eb8 Extracting [===============>                                   ]  55.71MB/184.8MB
test-ubuntu (3.14t)	Set up Docker Compose	2026-05-19T19:32:02.9741000Z  b5c5a3ac416f Downloading [================================================>  ]  2.941GB/3.001GB
test-ubuntu (3.14t)	Set up Docker Compose	2026-05-19T19:32:02.9868194Z  9b972c53c46c Extracting [================================================>  ]  177.7MB/183.5MB
test-ubuntu (3.14t)	Set up Docker Compose	2026-05-19T19:32:02.9929594Z  b0f4f1626421 Extracting [=================================>                 ]   75.2MB/111.1MB
test-ubuntu (3.14t)	Set up Docker Compose	2026-05-19T19:32:03.0274889Z  03b1c1358482 Extracting [==========================================>        ]  122.6MB/144.8MB
test-ubuntu (3.14t)	Set up Docker Compose	2026-05-19T19:32:03.0763047Z  b5c5a3ac416f Downloading [=================================================> ]  2.967GB/3.001GB
test-ubuntu (3.14t)	Set up Docker Compose	2026-05-19T19:32:03.0765930Z  0124d324831b Extracting [=============>                                     ]  67.96MB/249.5MB
test-ubuntu (3.14t)	Set up Docker Compose	2026-05-19T19:32:03.0888676Z  ffaa3dc87eb8 Extracting [===============>                                   ]  57.38MB/184.8MB
test-ubuntu (3.14t)	Set up Docker Compose	2026-05-19T19:32:03.0902206Z  9b972c53c46c Extracting [================================================>  ]  179.4MB/183.5MB
test-ubuntu (3.14t)	Set up Docker Compose	2026-05-19T19:32:03.1170521Z  b0f4f1626421 Extracting [===================================>               ]  77.99MB/111.1MB
test-ubuntu (3.14t)	Set up Docker Compose	2026-05-19T19:32:03.1482610Z  03b1c1358482 Extracting [===========================================>       ]  124.8MB/144.8MB
test-ubuntu (3.14t)	Set up Docker Compose	2026-05-19T19:32:03.1811711Z  b5c5a3ac416f Downloading [=================================================> ]  2.993GB/3.001GB
test-ubuntu (3.14t)	Set up Docker Compose	2026-05-19T19:32:03.2027839Z  ffaa3dc87eb8 Extracting [================>                                  ]   59.6MB/184.8MB
test-ubuntu (3.14t)	Set up Docker Compose	2026-05-19T19:32:03.2138736Z  b5c5a3ac416f Verifying Checksum 
test-ubuntu (3.14t)	Set up Docker Compose	2026-05-19T19:32:03.2139823Z  b5c5a3ac416f Download complete 
test-ubuntu (3.14t)	Set up Docker Compose	2026-05-19T19:32:03.2315826Z  b0f4f1626421 Extracting [====================================>              ]  80.22MB/111.1MB
test-ubuntu (3.14t)	Set up Docker Compose	2026-05-19T19:32:03.2859302Z  0124d324831b Extracting [=============>                                     ]  69.07MB/249.5MB
test-ubuntu (3.14t)	Set up Docker Compose	2026-05-19T19:32:03.3368811Z  9b972c53c46c Extracting [=================================================> ]    181MB/183.5MB
test-ubuntu (3.14t)	Set up Docker Compose	2026-05-19T19:32:03.3379732Z  ffaa3dc87eb8 Extracting [================>                                  ]  60.72MB/184.8MB
test-ubuntu (3.14t)	Set up Docker Compose	2026-05-19T19:32:03.3432223Z  b0f4f1626421 Extracting [====================================>              ]  81.89MB/111.1MB
test-ubuntu (3.14t)	Set up Docker Compose	2026-05-19T19:32:03.4277318Z  03b1c1358482 Extracting [===========================================>       ]    127MB/144.8MB
test-ubuntu (3.14t)	Set up Docker Compose	2026-05-19T19:32:03.5524238Z  9b972c53c46c Extracting [=================================================> ]  181.6MB/183.5MB
test-ubuntu (3.14t)	Set up Docker Compose	2026-05-19T19:32:03.5537778Z  03b1c1358482 Extracting [============================================>      ]  127.6MB/144.8MB
test-ubuntu (3.14t)	Set up Docker Compose	2026-05-19T19:32:03.5539135Z  ffaa3dc87eb8 Extracting [================>                                  ]  61.83MB/184.8MB
test-ubuntu (3.14t)	Set up Docker Compose	2026-05-19T19:32:03.5544278Z  b0f4f1626421 Extracting [======================================>            ]  84.67MB/111.1MB
test-ubuntu (3.14t)	Set up Docker Compose	2026-05-19T19:32:03.6189213Z  0124d324831b Extracting [=============>                                     ]  69.63MB/249.5MB
test-ubuntu (3.14t)	Set up Docker Compose	2026-05-19T19:32:03.6330081Z  b5c5a3ac416f Extracting [>                                                  ]  557.1kB/3.001GB
test-ubuntu (3.14t)	Set up Docker Compose	2026-05-19T19:32:03.6572717Z  9b972c53c46c Extracting [=================================================> ]  182.2MB/183.5MB
test-ubuntu (3.14t)	Set up Docker Compose	2026-05-19T19:32:03.6577761Z  b0f4f1626421 Extracting [=======================================>           ]   86.9MB/111.1MB
test-ubuntu (3.14t)	Set up Docker Compose	2026-05-19T19:32:03.6676336Z  ffaa3dc87eb8 Extracting [=================>                                 ]   63.5MB/184.8MB
test-ubuntu (3.14t)	Set up Docker Compose	2026-05-19T19:32:03.6681420Z  03b1c1358482 Extracting [============================================>      ]  129.2MB/144.8MB
test-ubuntu (3.14t)	Set up Docker Compose	2026-05-19T19:32:03.7524626Z  0124d324831b Extracting [==============>                                    ]  70.75MB/249.5MB
test-ubuntu (3.14t)	Set up Docker Compose	2026-05-19T19:32:03.7589093Z  9b972c53c46c Extracting [=================================================> ]  182.7MB/183.5MB
test-ubuntu (3.14t)	Set up Docker Compose	2026-05-19T19:32:03.7672421Z  b0f4f1626421 Extracting [========================================>          ]  89.13MB/111.1MB
test-ubuntu (3.14t)	Set up Docker Compose	2026-05-19T19:32:03.7721535Z  03b1c1358482 Extracting [=============================================>     ]  131.5MB/144.8MB
test-ubuntu (3.14t)	Set up Docker Compose	2026-05-19T19:32:03.8074309Z  b5c5a3ac416f Extracting [>                                                  ]  2.228MB/3.001GB
test-ubuntu (3.14t)	Set up Docker Compose	2026-05-19T19:32:03.8098250Z  ffaa3dc87eb8 Extracting [=================>                                 ]  64.62MB/184.8MB
test-ubuntu (3.14t)	Set up Docker Compose	2026-05-19T19:32:03.8500315Z  9b972c53c46c Extracting [==================================================>]  183.5MB/183.5MB
test-ubuntu (3.14t)	Set up Docker Compose	2026-05-19T19:32:03.8695131Z  b0f4f1626421 Extracting [=========================================>         ]  91.91MB/111.1MB
test-ubuntu (3.14t)	Set up Docker Compose	2026-05-19T19:32:03.8805009Z  03b1c1358482 Extracting [==============================================>    ]  133.7MB/144.8MB
test-ubuntu (3.14t)	Set up Docker Compose	2026-05-19T19:32:03.9129936Z  ffaa3dc87eb8 Extracting [==================>                                ]  67.96MB/184.8MB
test-ubuntu (3.14t)	Set up Docker Compose	2026-05-19T19:32:03.9535094Z  0124d324831b Extracting [==============>                                    ]   71.3MB/249.5MB
test-ubuntu (3.14t)	Set up Docker Compose	2026-05-19T19:32:03.9843274Z  03b1c1358482 Extracting [===============================================>   ]  137.6MB/144.8MB
test-ubuntu (3.14t)	Set up Docker Compose	2026-05-19T19:32:04.0141168Z  ffaa3dc87eb8 Extracting [===================>                               ]  72.97MB/184.8MB
test-ubuntu (3.14t)	Set up Docker Compose	2026-05-19T19:32:04.1105692Z  03b1c1358482 Extracting [==================================================>]  144.8MB/144.8MB
test-ubuntu (3.14t)	Set up Docker Compose	2026-05-19T19:32:04.1172389Z  ffaa3dc87eb8 Extracting [======================>                            ]  81.33MB/184.8MB
test-ubuntu (3.14t)	Set up Docker Compose	2026-05-19T19:32:04.1368783Z  b0f4f1626421 Extracting [==========================================>        ]   94.7MB/111.1MB
test-ubuntu (3.14t)	Set up Docker Compose	2026-05-19T19:32:04.1678367Z  0124d324831b Extracting [==============>                                    ]  71.86MB/249.5MB
test-ubuntu (3.14t)	Set up Docker Compose	2026-05-19T19:32:04.2089158Z  b5c5a3ac416f Extracting [>                                                  ]  2.785MB/3.001GB
test-ubuntu (3.14t)	Set up Docker Compose	2026-05-19T19:32:04.2303433Z  ffaa3dc87eb8 Extracting [=======================>                           ]  85.23MB/184.8MB
test-ubuntu (3.14t)	Set up Docker Compose	2026-05-19T19:32:04.3264622Z  b5c5a3ac416f Extracting [>                                                  ]  3.899MB/3.001GB
test-ubuntu (3.14t)	Set up Docker Compose	2026-05-19T19:32:04.3326875Z  ffaa3dc87eb8 Extracting [=========================>                         ]  92.47MB/184.8MB
test-ubuntu (3.14t)	Set up Docker Compose	2026-05-19T19:32:04.3380079Z  b0f4f1626421 Extracting [===========================================>       ]  95.81MB/111.1MB
test-ubuntu (3.14t)	Set up Docker Compose	2026-05-19T19:32:04.3470143Z  0124d324831b Extracting [==============>                                    ]  72.97MB/249.5MB
test-ubuntu (3.14t)	Set up Docker Compose	2026-05-19T19:32:04.4366671Z  ffaa3dc87eb8 Extracting [===========================>                       ]  100.3MB/184.8MB
test-ubuntu (3.14t)	Set up Docker Compose	2026-05-19T19:32:04.4567662Z  b0f4f1626421 Extracting [============================================>      ]  98.04MB/111.1MB
test-ubuntu (3.14t)	Set up Docker Compose	2026-05-19T19:32:04.4860480Z  b5c5a3ac416f Extracting [>                                                  ]  6.128MB/3.001GB
test-ubuntu (3.14t)	Set up Docker Compose	2026-05-19T19:32:04.4955635Z  0124d324831b Extracting [==============>                                    ]  74.09MB/249.5MB
test-ubuntu (3.14t)	Set up Docker Compose	2026-05-19T19:32:04.5379098Z  ffaa3dc87eb8 Extracting [==============================>                    ]    112MB/184.8MB
test-ubuntu (3.14t)	Set up Docker Compose	2026-05-19T19:32:04.6418810Z  ffaa3dc87eb8 Extracting [====================================>              ]  134.8MB/184.8MB
test-ubuntu (3.14t)	Set up Docker Compose	2026-05-19T19:32:04.6530555Z  0124d324831b Extracting [==============>                                    ]  74.65MB/249.5MB
test-ubuntu (3.14t)	Set up Docker Compose	2026-05-19T19:32:04.8773297Z  ffaa3dc87eb8 Extracting [=========================================>         ]  153.7MB/184.8MB
test-ubuntu (3.14t)	Set up Docker Compose	2026-05-19T19:32:04.9088514Z  0124d324831b Extracting [===============>                                   ]   75.2MB/249.5MB
test-ubuntu (3.14t)	Set up Docker Compose	2026-05-19T19:32:04.9208120Z  b5c5a3ac416f Extracting [>                                                  ]  7.242MB/3.001GB
test-ubuntu (3.14t)	Set up Docker Compose	2026-05-19T19:32:04.9789675Z  ffaa3dc87eb8 Extracting [===============================================>   ]    176MB/184.8MB
test-ubuntu (3.14t)	Set up Docker Compose	2026-05-19T19:32:05.1020297Z  ffaa3dc87eb8 Extracting [=================================================> ]  183.8MB/184.8MB
test-ubuntu (3.14t)	Set up Docker Compose	2026-05-19T19:32:05.2354137Z  ffaa3dc87eb8 Extracting [==================================================>]  184.8MB/184.8MB
test-ubuntu (3.14t)	Set up Docker Compose	2026-05-19T19:32:05.2651889Z  0124d324831b Extracting [===============>                                   ]  75.76MB/249.5MB
test-ubuntu (3.14t)	Set up Docker Compose	2026-05-19T19:32:05.3833487Z  b5c5a3ac416f Extracting [>                                                  ]  7.799MB/3.001GB
test-ubuntu (3.14t)	Set up Docker Compose	2026-05-19T19:32:05.3841412Z  b0f4f1626421 Extracting [============================================>      ]  99.71MB/111.1MB
test-ubuntu (3.14t)	Set up Docker Compose	2026-05-19T19:32:05.7510091Z  b5c5a3ac416f Extracting [>                                                  ]  12.26MB/3.001GB
test-ubuntu (3.14t)	Set up Docker Compose	2026-05-19T19:32:05.7609619Z  0124d324831b Extracting [===============>                                   ]  76.32MB/249.5MB
test-ubuntu (3.14t)	Set up Docker Compose	2026-05-19T19:32:05.9850769Z  b5c5a3ac416f Extracting [>                                                  ]  13.37MB/3.001GB
test-ubuntu (3.14t)	Set up Docker Compose	2026-05-19T19:32:05.9872881Z  0124d324831b Extracting [===============>                                   ]  77.99MB/249.5MB
test-ubuntu (3.14t)	Set up Docker Compose	2026-05-19T19:32:06.0296394Z  b0f4f1626421 Extracting [=============================================>     ]  100.3MB/111.1MB
test-ubuntu (3.14t)	Set up Docker Compose	2026-05-19T19:32:06.0873048Z  b5c5a3ac416f Extracting [>                                                  ]  16.15MB/3.001GB
test-ubuntu (3.14t)	Set up Docker Compose	2026-05-19T19:32:06.2438858Z  b5c5a3ac416f Extracting [>                                                  ]  17.27MB/3.001GB
test-ubuntu (3.14t)	Set up Docker Compose	2026-05-19T19:32:06.3405695Z  b0f4f1626421 Extracting [=============================================>     ]  101.4MB/111.1MB
test-ubuntu (3.14t)	Set up Docker Compose	2026-05-19T19:32:06.3862464Z  0124d324831b Extracting [===============>                                   ]  79.66MB/249.5MB
test-ubuntu (3.14t)	Set up Docker Compose	2026-05-19T19:32:06.4700044Z  b0f4f1626421 Extracting [==============================================>    ]  102.5MB/111.1MB
test-ubuntu (3.14t)	Set up Docker Compose	2026-05-19T19:32:06.4827356Z  b5c5a3ac416f Extracting [>                                                  ]  18.94MB/3.001GB
test-ubuntu (3.14t)	Set up Docker Compose	2026-05-19T19:32:06.6081045Z  b5c5a3ac416f Extracting [>                                                  ]   19.5MB/3.001GB
test-ubuntu (3.14t)	Set up Docker Compose	2026-05-19T19:32:06.6306535Z  b0f4f1626421 Extracting [==============================================>    ]  103.1MB/111.1MB
test-ubuntu (3.14t)	Set up Docker Compose	2026-05-19T19:32:06.6787137Z  84643c7b3905 Pull complete 
test-ubuntu (3.14t)	Set up Docker Compose	2026-05-19T19:32:06.6829645Z  9e4893765af9 Extracting [>                                                  ]  131.1kB/12.29MB
test-ubuntu (3.14t)	Set up Docker Compose	2026-05-19T19:32:06.6851709Z  00fe8a009f40 Pull complete 
test-ubuntu (3.14t)	Set up Docker Compose	2026-05-19T19:32:06.6852221Z  ffaa3dc87eb8 Pull complete 
test-ubuntu (3.14t)	Set up Docker Compose	2026-05-19T19:32:06.6856837Z  9b972c53c46c Pull complete 
test-ubuntu (3.14t)	Set up Docker Compose	2026-05-19T19:32:06.6864483Z  03b1c1358482 Pull complete 
test-ubuntu (3.14t)	Set up Docker Compose	2026-05-19T19:32:06.6882847Z  3333ece3d6fb Pull complete 
test-ubuntu (3.14t)	Set up Docker Compose	2026-05-19T19:32:06.7022211Z  4f4fb700ef54 Extracting [==================================================>]      32B/32B
test-ubuntu (3.14t)	Set up Docker Compose	2026-05-19T19:32:06.7044018Z  4f4fb700ef54 Extracting [==================================================>]      32B/32B
test-ubuntu (3.14t)	Set up Docker Compose	2026-05-19T19:32:06.7060135Z  13d2de324eed Extracting [==================================================>]     156B/156B
test-ubuntu (3.14t)	Set up Docker Compose	2026-05-19T19:32:06.7067069Z  13d2de324eed Extracting [==================================================>]     156B/156B
test-ubuntu (3.14t)	Set up Docker Compose	2026-05-19T19:32:06.7085635Z  c914fe955fee Extracting [==================================================>]  3.864kB/3.864kB
test-ubuntu (3.14t)	Set up Docker Compose	2026-05-19T19:32:06.7086690Z  c914fe955fee Extracting [==================================================>]  3.864kB/3.864kB
test-ubuntu (3.14t)	Set up Docker Compose	2026-05-19T19:32:06.7330986Z  6060df901d94 Extracting [>                                                  ]  557.1kB/58.74MB
test-ubuntu (3.14t)	Set up Docker Compose	2026-05-19T19:32:06.7714788Z  b0f4f1626421 Extracting [==============================================>    ]  103.6MB/111.1MB
test-ubuntu (3.14t)	Set up Docker Compose	2026-05-19T19:32:06.7741035Z  4f4fb700ef54 Pull complete 
test-ubuntu (3.14t)	Set up Docker Compose	2026-05-19T19:32:06.7823062Z  13d2de324eed Pull complete 
test-ubuntu (3.14t)	Set up Docker Compose	2026-05-19T19:32:06.7910341Z  222ab7740458 Extracting [==================================================>]  1.902kB/1.902kB
test-ubuntu (3.14t)	Set up Docker Compose	2026-05-19T19:32:06.7914369Z  222ab7740458 Extracting [==================================================>]  1.902kB/1.902kB
test-ubuntu (3.14t)	Set up Docker Compose	2026-05-19T19:32:06.7939598Z  9e4893765af9 Extracting [====>                                              ]   1.18MB/12.29MB
test-ubuntu (3.14t)	Set up Docker Compose	2026-05-19T19:32:06.8228810Z  envoy Pulled 
test-ubuntu (3.14t)	Set up Docker Compose	2026-05-19T19:32:06.8248938Z  b5c5a3ac416f Extracting [>                                                  ]  20.05MB/3.001GB
test-ubuntu (3.14t)	Set up Docker Compose	2026-05-19T19:32:06.8306348Z  222ab7740458 Pull complete 
test-ubuntu (3.14t)	Set up Docker Compose	2026-05-19T19:32:06.8337821Z  c914fe955fee Pull complete 
test-ubuntu (3.14t)	Set up Docker Compose	2026-05-19T19:32:06.8340888Z  6060df901d94 Extracting [=>                                                 ]  1.671MB/58.74MB
test-ubuntu (3.14t)	Set up Docker Compose	2026-05-19T19:32:06.8393566Z  ecab2cd70e50 Extracting [==================================================>]  9.429kB/9.429kB
test-ubuntu (3.14t)	Set up Docker Compose	2026-05-19T19:32:06.8395030Z  ecab2cd70e50 Extracting [==================================================>]  9.429kB/9.429kB
test-ubuntu (3.14t)	Set up Docker Compose	2026-05-19T19:32:06.8557176Z  0124d324831b Extracting [================>                                  ]  80.22MB/249.5MB
test-ubuntu (3.14t)	Set up Docker Compose	2026-05-19T19:32:06.8708205Z  ecab2cd70e50 Pull complete 
test-ubuntu (3.14t)	Set up Docker Compose	2026-05-19T19:32:06.8811278Z  b0f4f1626421 Extracting [===============================================>   ]  104.7MB/111.1MB
test-ubuntu (3.14t)	Set up Docker Compose	2026-05-19T19:32:06.8818946Z  vault Pulled 
test-ubuntu (3.14t)	Set up Docker Compose	2026-05-19T19:32:06.8989693Z  9e4893765af9 Extracting [==========>                                        ]  2.621MB/12.29MB
test-ubuntu (3.14t)	Set up Docker Compose	2026-05-19T19:32:06.9501746Z  6060df901d94 Extracting [===>                                               ]  3.899MB/58.74MB
test-ubuntu (3.14t)	Set up Docker Compose	2026-05-19T19:32:06.9672814Z  0124d324831b Extracting [================>                                  ]  82.44MB/249.5MB
test-ubuntu (3.14t)	Set up Docker Compose	2026-05-19T19:32:07.0036812Z  9e4893765af9 Extracting [====================>                              ]  5.112MB/12.29MB
test-ubuntu (3.14t)	Set up Docker Compose	2026-05-19T19:32:07.0567396Z  ca64c64b8c6b Extracting [>                                                  ]  557.1kB/133.1MB
test-ubuntu (3.14t)	Set up Docker Compose	2026-05-19T19:32:07.0648045Z  0e9d048cd1fe Extracting [>                                                  ]  557.1kB/116.5MB
test-ubuntu (3.14t)	Set up Docker Compose	2026-05-19T19:32:07.0649316Z  b0f4f1626421 Extracting [===============================================>   ]  105.3MB/111.1MB
test-ubuntu (3.14t)	Set up Docker Compose	2026-05-19T19:32:07.0725728Z  6060df901d94 Extracting [=====>                                             ]  6.128MB/58.74MB
test-ubuntu (3.14t)	Set up Docker Compose	2026-05-19T19:32:07.0792049Z  0124d324831b Extracting [=================>                                 ]  85.23MB/249.5MB
test-ubuntu (3.14t)	Set up Docker Compose	2026-05-19T19:32:07.0988319Z  b5c5a3ac416f Extracting [>                                                  ]  20.61MB/3.001GB
test-ubuntu (3.14t)	Set up Docker Compose	2026-05-19T19:32:07.1034366Z  9e4893765af9 Extracting [================================>                  ]  7.864MB/12.29MB
test-ubuntu (3.14t)	Set up Docker Compose	2026-05-19T19:32:07.1687802Z  0e9d048cd1fe Extracting [>                                                  ]  2.228MB/116.5MB
test-ubuntu (3.14t)	Set up Docker Compose	2026-05-19T19:32:07.1801745Z  6060df901d94 Extracting [=======>                                           ]  8.356MB/58.74MB
test-ubuntu (3.14t)	Set up Docker Compose	2026-05-19T19:32:07.1986790Z  9e4893765af9 Extracting [==================================================>]  12.29MB/12.29MB
test-ubuntu (3.14t)	Set up Docker Compose	2026-05-19T19:32:07.2055438Z  b5c5a3ac416f Extracting [>                                                  ]  21.17MB/3.001GB
test-ubuntu (3.14t)	Set up Docker Compose	2026-05-19T19:32:07.2746869Z  9e4893765af9 Pull complete 
test-ubuntu (3.14t)	Set up Docker Compose	2026-05-19T19:32:07.2824548Z  b0f4f1626421 Extracting [===============================================>   ]  106.4MB/111.1MB
test-ubuntu (3.14t)	Set up Docker Compose	2026-05-19T19:32:07.3091769Z  0124d324831b Extracting [=================>                                 ]  87.46MB/249.5MB
test-ubuntu (3.14t)	Set up Docker Compose	2026-05-19T19:32:07.3164142Z  b5c5a3ac416f Extracting [>                                                  ]   23.4MB/3.001GB
test-ubuntu (3.14t)	Set up Docker Compose	2026-05-19T19:32:07.3168760Z  6060df901d94 Extracting [=========>                                         ]  10.58MB/58.74MB
test-ubuntu (3.14t)	Set up Docker Compose	2026-05-19T19:32:07.3243168Z  173e9abf17df Extracting [>                                                  ]  458.8kB/45.11MB
test-ubuntu (3.14t)	Set up Docker Compose	2026-05-19T19:32:07.3459265Z  0e9d048cd1fe Extracting [=>                                                 ]  3.342MB/116.5MB
test-ubuntu (3.14t)	Set up Docker Compose	2026-05-19T19:32:07.3837482Z  b0f4f1626421 Extracting [================================================>  ]    107MB/111.1MB
test-ubuntu (3.14t)	Set up Docker Compose	2026-05-19T19:32:07.4239342Z  6060df901d94 Extracting [==========>                                        ]  12.26MB/58.74MB
test-ubuntu (3.14t)	Set up Docker Compose	2026-05-19T19:32:07.4585538Z  173e9abf17df Extracting [===>                                               ]  2.753MB/45.11MB
test-ubuntu (3.14t)	Set up Docker Compose	2026-05-19T19:32:07.4599678Z  b5c5a3ac416f Extracting [>                                                  ]  25.62MB/3.001GB
test-ubuntu (3.14t)	Set up Docker Compose	2026-05-19T19:32:07.4764584Z  0124d324831b Extracting [=================>                                 ]  88.01MB/249.5MB
test-ubuntu (3.14t)	Set up Docker Compose	2026-05-19T19:32:07.4851142Z  0e9d048cd1fe Extracting [=>                                                 ]  3.899MB/116.5MB
test-ubuntu (3.14t)	Set up Docker Compose	2026-05-19T19:32:07.5432145Z  6060df901d94 Extracting [===========>                                       ]  13.93MB/58.74MB
test-ubuntu (3.14t)	Set up Docker Compose	2026-05-19T19:32:07.5660320Z  b5c5a3ac416f Extracting [>                                                  ]  26.18MB/3.001GB
test-ubuntu (3.14t)	Set up Docker Compose	2026-05-19T19:32:07.5698601Z  173e9abf17df Extracting [=====>                                             ]  4.588MB/45.11MB
test-ubuntu (3.14t)	Set up Docker Compose	2026-05-19T19:32:07.5720734Z  b0f4f1626421 Extracting [================================================>  ]  107.5MB/111.1MB
test-ubuntu (3.14t)	Set up Docker Compose	2026-05-19T19:32:07.6015643Z  0e9d048cd1fe Extracting [=>                                                 ]  4.456MB/116.5MB
test-ubuntu (3.14t)	Set up Docker Compose	2026-05-19T19:32:07.6311330Z  ca64c64b8c6b Extracting [=>                                                 ]  3.342MB/133.1MB
test-ubuntu (3.14t)	Set up Docker Compose	2026-05-19T19:32:07.6520067Z  6060df901d94 Extracting [=============>                                     ]   15.6MB/58.74MB
test-ubuntu (3.14t)	Set up Docker Compose	2026-05-19T19:32:07.6762531Z  173e9abf17df Extracting [======>                                            ]  5.964MB/45.11MB
test-ubuntu (3.14t)	Set up Docker Compose	2026-05-19T19:32:07.7142507Z  0e9d048cd1fe Extracting [===>                                               ]  8.356MB/116.5MB
test-ubuntu (3.14t)	Set up Docker Compose	2026-05-19T19:32:07.7240723Z  b0f4f1626421 Extracting [================================================>  ]  108.1MB/111.1MB
test-ubuntu (3.14t)	Set up Docker Compose	2026-05-19T19:32:07.7408585Z  b5c5a3ac416f Extracting [>                                                  ]  26.74MB/3.001GB
test-ubuntu (3.14t)	Set up Docker Compose	2026-05-19T19:32:07.7690956Z  6060df901d94 Extracting [===============>                                   ]  18.38MB/58.74MB
test-ubuntu (3.14t)	Set up Docker Compose	2026-05-19T19:32:07.7902594Z  0124d324831b Extracting [=================>                                 ]  88.57MB/249.5MB
test-ubuntu (3.14t)	Set up Docker Compose	2026-05-19T19:32:07.8124396Z  173e9abf17df Extracting [=========>                                         ]  8.716MB/45.11MB
test-ubuntu (3.14t)	Set up Docker Compose	2026-05-19T19:32:07.8344818Z  0e9d048cd1fe Extracting [=====>                                             ]  12.26MB/116.5MB
test-ubuntu (3.14t)	Set up Docker Compose	2026-05-19T19:32:07.8493853Z  b0f4f1626421 Extracting [=================================================> ]  109.2MB/111.1MB
test-ubuntu (3.14t)	Set up Docker Compose	2026-05-19T19:32:07.8925015Z  6060df901d94 Extracting [=================>                                 ]  20.61MB/58.74MB
test-ubuntu (3.14t)	Set up Docker Compose	2026-05-19T19:32:07.8995819Z  0124d324831b Extracting [==================>                                ]  90.24MB/249.5MB
test-ubuntu (3.14t)	Set up Docker Compose	2026-05-19T19:32:07.9196127Z  b5c5a3ac416f Extracting [>                                                  ]   27.3MB/3.001GB
test-ubuntu (3.14t)	Set up Docker Compose	2026-05-19T19:32:07.9372113Z  173e9abf17df Extracting [============>                                      ]  11.01MB/45.11MB
test-ubuntu (3.14t)	Set up Docker Compose	2026-05-19T19:32:07.9378400Z  0e9d048cd1fe Extracting [======>                                            ]   15.6MB/116.5MB
test-ubuntu (3.14t)	Set up Docker Compose	2026-05-19T19:32:08.0037243Z  6060df901d94 Extracting [===================>                               ]  22.84MB/58.74MB
test-ubuntu (3.14t)	Set up Docker Compose	2026-05-19T19:32:08.0064091Z  0124d324831b Extracting [==================>                                ]  93.03MB/249.5MB
test-ubuntu (3.14t)	Set up Docker Compose	2026-05-19T19:32:08.0416511Z  173e9abf17df Extracting [==============>                                    ]  12.85MB/45.11MB
test-ubuntu (3.14t)	Set up Docker Compose	2026-05-19T19:32:08.0491895Z  0e9d048cd1fe Extracting [=======>                                           ]  17.83MB/116.5MB
test-ubuntu (3.14t)	Set up Docker Compose	2026-05-19T19:32:08.0685420Z  ca64c64b8c6b Extracting [=>                                                 ]  3.899MB/133.1MB
test-ubuntu (3.14t)	Set up Docker Compose	2026-05-19T19:32:08.1174458Z  6060df901d94 Extracting [====================>                              ]  24.51MB/58.74MB
test-ubuntu (3.14t)	Set up Docker Compose	2026-05-19T19:32:08.1473313Z  173e9abf17df Extracting [================>                                  ]  14.68MB/45.11MB
test-ubuntu (3.14t)	Set up Docker Compose	2026-05-19T19:32:08.1505169Z  0124d324831b Extracting [===================>                               ]  95.81MB/249.5MB
test-ubuntu (3.14t)	Set up Docker Compose	2026-05-19T19:32:08.1544618Z  0e9d048cd1fe Extracting [========>                                          ]  20.05MB/116.5MB
test-ubuntu (3.14t)	Set up Docker Compose	2026-05-19T19:32:08.2478395Z  6060df901d94 Extracting [=======================>                           ]  27.85MB/58.74MB
test-ubuntu (3.14t)	Set up Docker Compose	2026-05-19T19:32:08.2502319Z  b5c5a3ac416f Extracting [>                                                  ]  28.41MB/3.001GB
test-ubuntu (3.14t)	Set up Docker Compose	2026-05-19T19:32:08.2636795Z  0124d324831b Extracting [===================>                               ]  98.04MB/249.5MB
test-ubuntu (3.14t)	Set up Docker Compose	2026-05-19T19:32:08.2672462Z  0e9d048cd1fe Extracting [=========>                                         ]  22.28MB/116.5MB
test-ubuntu (3.14t)	Set up Docker Compose	2026-05-19T19:32:08.2910924Z  173e9abf17df Extracting [==================>                                ]  16.52MB/45.11MB
test-ubuntu (3.14t)	Set up Docker Compose	2026-05-19T19:32:08.3644710Z  6060df901d94 Extracting [==========================>                        ]  30.64MB/58.74MB
test-ubuntu (3.14t)	Set up Docker Compose	2026-05-19T19:32:08.3701325Z  0124d324831b Extracting [====================>                              ]  100.3MB/249.5MB
test-ubuntu (3.14t)	Set up Docker Compose	2026-05-19T19:32:08.3752258Z  b0f4f1626421 Extracting [=================================================> ]  109.7MB/111.1MB
test-ubuntu (3.14t)	Set up Docker Compose	2026-05-19T19:32:08.3761880Z  0e9d048cd1fe Extracting [===========>                                       ]  26.18MB/116.5MB
test-ubuntu (3.14t)	Set up Docker Compose	2026-05-19T19:32:08.4232068Z  b5c5a3ac416f Extracting [>                                                  ]  28.97MB/3.001GB
test-ubuntu (3.14t)	Set up Docker Compose	2026-05-19T19:32:08.4242164Z  173e9abf17df Extracting [=====================>                             ]  19.27MB/45.11MB
test-ubuntu (3.14t)	Set up Docker Compose	2026-05-19T19:32:08.4593390Z  ca64c64b8c6b Extracting [=>                                                 ]  4.456MB/133.1MB
test-ubuntu (3.14t)	Set up Docker Compose	2026-05-19T19:32:08.4880274Z  6060df901d94 Extracting [===========================>                       ]  32.87MB/58.74MB
test-ubuntu (3.14t)	Set up Docker Compose	2026-05-19T19:32:08.4892475Z  0e9d048cd1fe Extracting [============>                                      ]  29.52MB/116.5MB
test-ubuntu (3.14t)	Set up Docker Compose	2026-05-19T19:32:08.4922024Z  0124d324831b Extracting [====================>                              ]  102.5MB/249.5MB
test-ubuntu (3.14t)	Set up Docker Compose	2026-05-19T19:32:08.4944020Z  b0f4f1626421 Extracting [=================================================> ]  110.3MB/111.1MB
test-ubuntu (3.14t)	Set up Docker Compose	2026-05-19T19:32:08.5291224Z  b5c5a3ac416f Extracting [>                                                  ]   31.2MB/3.001GB
test-ubuntu (3.14t)	Set up Docker Compose	2026-05-19T19:32:08.5464885Z  173e9abf17df Extracting [========================>                          ]  22.02MB/45.11MB
test-ubuntu (3.14t)	Set up Docker Compose	2026-05-19T19:32:08.5891121Z  6060df901d94 Extracting [=============================>                     ]  35.09MB/58.74MB
test-ubuntu (3.14t)	Set up Docker Compose	2026-05-19T19:32:08.5903571Z  0e9d048cd1fe Extracting [==============>                                    ]  32.87MB/116.5MB
test-ubuntu (3.14t)	Set up Docker Compose	2026-05-19T19:32:08.6000394Z  0124d324831b Extracting [====================>                              ]  104.7MB/249.5MB
test-ubuntu (3.14t)	Set up Docker Compose	2026-05-19T19:32:08.6604475Z  b0f4f1626421 Extracting [==================================================>]  111.1MB/111.1MB
test-ubuntu (3.14t)	Set up Docker Compose	2026-05-19T19:32:08.6652375Z  b5c5a3ac416f Extracting [>                                                  ]  32.87MB/3.001GB
test-ubuntu (3.14t)	Set up Docker Compose	2026-05-19T19:32:08.6739423Z  173e9abf17df Extracting [=========================>                         ]   23.4MB/45.11MB
test-ubuntu (3.14t)	Set up Docker Compose	2026-05-19T19:32:08.6909851Z  0e9d048cd1fe Extracting [==============>                                    ]  34.54MB/116.5MB
test-ubuntu (3.14t)	Set up Docker Compose	2026-05-19T19:32:08.6948009Z  6060df901d94 Extracting [==============================>                    ]  35.65MB/58.74MB
test-ubuntu (3.14t)	Set up Docker Compose	2026-05-19T19:32:08.7051912Z  0124d324831b Extracting [=====================>                             ]  106.4MB/249.5MB
test-ubuntu (3.14t)	Set up Docker Compose	2026-05-19T19:32:08.7776039Z  173e9abf17df Extracting [==================================>                ]  30.74MB/45.11MB
test-ubuntu (3.14t)	Set up Docker Compose	2026-05-19T19:32:08.7995738Z  6060df901d94 Extracting [====================================>              ]  42.89MB/58.74MB
test-ubuntu (3.14t)	Set up Docker Compose	2026-05-19T19:32:08.8061005Z  0e9d048cd1fe Extracting [================>                                  ]  37.88MB/116.5MB
test-ubuntu (3.14t)	Set up Docker Compose	2026-05-19T19:32:08.8170580Z  0124d324831b Extracting [=====================>                             ]  109.7MB/249.5MB
test-ubuntu (3.14t)	Set up Docker Compose	2026-05-19T19:32:08.8564529Z  ca64c64b8c6b Extracting [=>                                                 ]  5.014MB/133.1MB
test-ubuntu (3.14t)	Set up Docker Compose	2026-05-19T19:32:08.8826244Z  173e9abf17df Extracting [========================================>          ]   36.7MB/45.11MB
test-ubuntu (3.14t)	Set up Docker Compose	2026-05-19T19:32:08.9055384Z  6060df901d94 Extracting [=========================================>         ]  48.46MB/58.74MB
test-ubuntu (3.14t)	Set up Docker Compose	2026-05-19T19:32:08.9103241Z  0e9d048cd1fe Extracting [==================>                                ]  42.89MB/116.5MB
test-ubuntu (3.14t)	Set up Docker Compose	2026-05-19T19:32:08.9190524Z  0124d324831b Extracting [======================>                            ]  113.6MB/249.5MB
test-ubuntu (3.14t)	Set up Docker Compose	2026-05-19T19:32:08.9878186Z  173e9abf17df Extracting [==============================================>    ]  42.21MB/45.11MB
test-ubuntu (3.14t)	Set up Docker Compose	2026-05-19T19:32:09.0166054Z  b5c5a3ac416f Extracting [>                                                  ]  33.42MB/3.001GB
test-ubuntu (3.14t)	Set up Docker Compose	2026-05-19T19:32:09.0174882Z  0e9d048cd1fe Extracting [====================>                              ]  47.91MB/116.5MB
test-ubuntu (3.14t)	Set up Docker Compose	2026-05-19T19:32:09.0235067Z  6060df901d94 Extracting [=============================================>     ]  53.48MB/58.74MB
test-ubuntu (3.14t)	Set up Docker Compose	2026-05-19T19:32:09.0389857Z  0124d324831b Extracting [=======================>                           ]  117.5MB/249.5MB
test-ubuntu (3.14t)	Set up Docker Compose	2026-05-19T19:32:09.1055771Z  173e9abf17df Extracting [==================================================>]  45.11MB/45.11MB
test-ubuntu (3.14t)	Set up Docker Compose	2026-05-19T19:32:09.1192858Z  0e9d048cd1fe Extracting [======================>                            ]  52.36MB/116.5MB
test-ubuntu (3.14t)	Set up Docker Compose	2026-05-19T19:32:09.1241400Z  6060df901d94 Extracting [===============================================>   ]  56.26MB/58.74MB
test-ubuntu (3.14t)	Set up Docker Compose	2026-05-19T19:32:09.1471030Z  0124d324831b Extracting [========================>                          ]  120.9MB/249.5MB
test-ubuntu (3.14t)	Set up Docker Compose	2026-05-19T19:32:09.1484777Z  ca64c64b8c6b Extracting [==>                                                ]  5.571MB/133.1MB
test-ubuntu (3.14t)	Set up Docker Compose	2026-05-19T19:32:09.1675224Z  6060df901d94 Extracting [==================================================>]  58.74MB/58.74MB
test-ubuntu (3.14t)	Set up Docker Compose	2026-05-19T19:32:09.1946995Z  173e9abf17df Pull complete 
test-ubuntu (3.14t)	Set up Docker Compose	2026-05-19T19:32:09.2282257Z  0e9d048cd1fe Extracting [========================>                          ]  56.82MB/116.5MB
test-ubuntu (3.14t)	Set up Docker Compose	2026-05-19T19:32:09.2790002Z  0124d324831b Extracting [========================>                          ]  123.1MB/249.5MB
test-ubuntu (3.14t)	Set up Docker Compose	2026-05-19T19:32:09.2804654Z  b5c5a3ac416f Extracting [>                                                  ]  33.98MB/3.001GB
test-ubuntu (3.14t)	Set up Docker Compose	2026-05-19T19:32:09.2871313Z  2d00d5ceb5d5 Extracting [>                                                  ]  557.1kB/75.55MB
test-ubuntu (3.14t)	Set up Docker Compose	2026-05-19T19:32:09.3284018Z  0e9d048cd1fe Extracting [==========================>                        ]  60.72MB/116.5MB
test-ubuntu (3.14t)	Set up Docker Compose	2026-05-19T19:32:09.3840090Z  0124d324831b Extracting [=========================>                         ]    127MB/249.5MB
test-ubuntu (3.14t)	Set up Docker Compose	2026-05-19T19:32:09.3995740Z  2d00d5ceb5d5 Extracting [==>                                                ]  3.899MB/75.55MB
test-ubuntu (3.14t)	Set up Docker Compose	2026-05-19T19:32:09.4318966Z  0e9d048cd1fe Extracting [=============================>                     ]  67.96MB/116.5MB
test-ubuntu (3.14t)	Set up Docker Compose	2026-05-19T19:32:09.4959820Z  0124d324831b Extracting [==========================>                        ]  131.5MB/249.5MB
test-ubuntu (3.14t)	Set up Docker Compose	2026-05-19T19:32:09.5013427Z  2d00d5ceb5d5 Extracting [====>                                              ]  7.242MB/75.55MB
test-ubuntu (3.14t)	Set up Docker Compose	2026-05-19T19:32:09.5375546Z  0e9d048cd1fe Extracting [===============================>                   ]  72.42MB/116.5MB
test-ubuntu (3.14t)	Set up Docker Compose	2026-05-19T19:32:09.5451824Z  b5c5a3ac416f Extracting [>                                                  ]  34.54MB/3.001GB
test-ubuntu (3.14t)	Set up Docker Compose	2026-05-19T19:32:09.5973290Z  0124d324831b Extracting [===========================>                       ]  134.8MB/249.5MB
test-ubuntu (3.14t)	Set up Docker Compose	2026-05-19T19:32:09.6077043Z  2d00d5ceb5d5 Extracting [=======>                                           ]  10.58MB/75.55MB
test-ubuntu (3.14t)	Set up Docker Compose	2026-05-19T19:32:09.6400692Z  0e9d048cd1fe Extracting [=================================>                 ]  77.99MB/116.5MB
test-ubuntu (3.14t)	Set up Docker Compose	2026-05-19T19:32:09.6480873Z  ca64c64b8c6b Extracting [==>                                                ]  6.128MB/133.1MB
test-ubuntu (3.14t)	Set up Docker Compose	2026-05-19T19:32:09.6689024Z  b5c5a3ac416f Extracting [>                                                  ]  36.21MB/3.001GB
test-ubuntu (3.14t)	Set up Docker Compose	2026-05-19T19:32:09.7746592Z  2d00d5ceb5d5 Extracting [========>                                          ]  12.81MB/75.55MB
test-ubuntu (3.14t)	Set up Docker Compose	2026-05-19T19:32:09.7782273Z  b5c5a3ac416f Extracting [>                                                  ]  37.88MB/3.001GB
test-ubuntu (3.14t)	Set up Docker Compose	2026-05-19T19:32:09.7815320Z  0e9d048cd1fe Extracting [==================================>                ]  80.22MB/116.5MB
test-ubuntu (3.14t)	Set up Docker Compose	2026-05-19T19:32:09.8908932Z  2d00d5ceb5d5 Extracting [==========>                                        ]  16.15MB/75.55MB
test-ubuntu (3.14t)	Set up Docker Compose	2026-05-19T19:32:09.8963381Z  0e9d048cd1fe Extracting [===================================>               ]  83.56MB/116.5MB
test-ubuntu (3.14t)	Set up Docker Compose	2026-05-19T19:32:09.9008649Z  b5c5a3ac416f Extracting [>                                                  ]  38.44MB/3.001GB
test-ubuntu (3.14t)	Set up Docker Compose	2026-05-19T19:32:09.9311657Z  ca64c64b8c6b Extracting [==>                                                ]  6.685MB/133.1MB
test-ubuntu (3.14t)	Set up Docker Compose	2026-05-19T19:32:09.9494820Z  0124d324831b Extracting [===========================>                       ]  135.4MB/249.5MB
test-ubuntu (3.14t)	Set up Docker Compose	2026-05-19T19:32:09.9704577Z  6060df901d94 Pull complete 
test-ubuntu (3.14t)	Set up Docker Compose	2026-05-19T19:32:09.9912830Z  b0f4f1626421 Pull complete 
test-ubuntu (3.14t)	Set up Docker Compose	2026-05-19T19:32:09.9994806Z  5775e5d393e8 Extracting [==================================================>]  9.887kB/9.887kB
test-ubuntu (3.14t)	Set up Docker Compose	2026-05-19T19:32:10.0022652Z  5775e5d393e8 Extracting [==================================================>]  9.887kB/9.887kB
test-ubuntu (3.14t)	Set up Docker Compose	2026-05-19T19:32:10.0037274Z  fae1f0b2907e Extracting [==================================================>]  19.43kB/19.43kB
test-ubuntu (3.14t)	Set up Docker Compose	2026-05-19T19:32:10.0049470Z  fae1f0b2907e Extracting [==================================================>]  19.43kB/19.43kB
test-ubuntu (3.14t)	Set up Docker Compose	2026-05-19T19:32:10.0324228Z  ca64c64b8c6b Extracting [==>                                                ]  7.242MB/133.1MB
test-ubuntu (3.14t)	Set up Docker Compose	2026-05-19T19:32:10.0326590Z  0e9d048cd1fe Extracting [=====================================>             ]  86.34MB/116.5MB
test-ubuntu (3.14t)	Set up Docker Compose	2026-05-19T19:32:10.0465831Z  fae1f0b2907e Pull complete 
test-ubuntu (3.14t)	Set up Docker Compose	2026-05-19T19:32:10.0535086Z  5775e5d393e8 Pull complete 
test-ubuntu (3.14t)	Set up Docker Compose	2026-05-19T19:32:10.0543430Z  0124d324831b Extracting [===========================>                       ]  135.9MB/249.5MB
test-ubuntu (3.14t)	Set up Docker Compose	2026-05-19T19:32:10.0585910Z  e0de67612b9a Extracting [==================================================>]     128B/128B
test-ubuntu (3.14t)	Set up Docker Compose	2026-05-19T19:32:10.0590378Z  e0de67612b9a Extracting [==================================================>]     128B/128B
test-ubuntu (3.14t)	Set up Docker Compose	2026-05-19T19:32:10.0767613Z  b5c5a3ac416f Extracting [>                                                  ]  40.11MB/3.001GB
test-ubuntu (3.14t)	Set up Docker Compose	2026-05-19T19:32:10.0870999Z  e0de67612b9a Pull complete 
test-ubuntu (3.14t)	Set up Docker Compose	2026-05-19T19:32:10.0919751Z  e8463a0bbc2e Extracting [==================================================>]     169B/169B
test-ubuntu (3.14t)	Set up Docker Compose	2026-05-19T19:32:10.0923814Z  e8463a0bbc2e Extracting [==================================================>]     169B/169B
test-ubuntu (3.14t)	Set up Docker Compose	2026-05-19T19:32:10.0948829Z  6163e4fdd626 Extracting [>                                                  ]  557.1kB/154.6MB
test-ubuntu (3.14t)	Set up Docker Compose	2026-05-19T19:32:10.1244016Z  2d00d5ceb5d5 Extracting [===========>                                       ]  17.83MB/75.55MB
test-ubuntu (3.14t)	Set up Docker Compose	2026-05-19T19:32:10.1325373Z  e8463a0bbc2e Pull complete 
test-ubuntu (3.14t)	Set up Docker Compose	2026-05-19T19:32:10.1387356Z  394171cb0e6f Extracting [==================================================>]    6.1kB/6.1kB
test-ubuntu (3.14t)	Set up Docker Compose	2026-05-19T19:32:10.1388299Z  394171cb0e6f Extracting [==================================================>]    6.1kB/6.1kB
test-ubuntu (3.14t)	Set up Docker Compose	2026-05-19T19:32:10.1410794Z  0e9d048cd1fe Extracting [======================================>            ]  89.13MB/116.5MB
test-ubuntu (3.14t)	Set up Docker Compose	2026-05-19T19:32:10.1842466Z  394171cb0e6f Pull complete 
test-ubuntu (3.14t)	Set up Docker Compose	2026-05-19T19:32:10.1921590Z  d1632e5aec61 Extracting [==================================================>]     187B/187B
test-ubuntu (3.14t)	Set up Docker Compose	2026-05-19T19:32:10.1925261Z  d1632e5aec61 Extracting [==================================================>]     187B/187B
test-ubuntu (3.14t)	Set up Docker Compose	2026-05-19T19:32:10.2162764Z  0124d324831b Extracting [===========================>                       ]  136.5MB/249.5MB
test-ubuntu (3.14t)	Set up Docker Compose	2026-05-19T19:32:10.2222119Z  6163e4fdd626 Extracting [>                                                  ]  2.785MB/154.6MB
test-ubuntu (3.14t)	Set up Docker Compose	2026-05-19T19:32:10.2426327Z  2d00d5ceb5d5 Extracting [============>                                      ]  18.38MB/75.55MB
test-ubuntu (3.14t)	Set up Docker Compose	2026-05-19T19:32:10.2576022Z  d1632e5aec61 Pull complete 
test-ubuntu (3.14t)	Set up Docker Compose	2026-05-19T19:32:10.2725117Z  0e9d048cd1fe Extracting [=======================================>           ]  91.36MB/116.5MB
test-ubuntu (3.14t)	Set up Docker Compose	2026-05-19T19:32:10.3068626Z  postgres Pulled 
test-ubuntu (3.14t)	Set up Docker Compose	2026-05-19T19:32:10.3780837Z  6163e4fdd626 Extracting [=>                                                 ]  4.456MB/154.6MB
test-ubuntu (3.14t)	Set up Docker Compose	2026-05-19T19:32:10.3902408Z  0e9d048cd1fe Extracting [========================================>          ]  93.59MB/116.5MB
test-ubuntu (3.14t)	Set up Docker Compose	2026-05-19T19:32:10.3951943Z  2d00d5ceb5d5 Extracting [============>                                      ]   19.5MB/75.55MB
test-ubuntu (3.14t)	Set up Docker Compose	2026-05-19T19:32:10.4229635Z  0124d324831b Extracting [===========================>                       ]    137MB/249.5MB
test-ubuntu (3.14t)	Set up Docker Compose	2026-05-19T19:32:10.4232047Z  b5c5a3ac416f Extracting [>                                                  ]  40.67MB/3.001GB
test-ubuntu (3.14t)	Set up Docker Compose	2026-05-19T19:32:10.4640129Z  ca64c64b8c6b Extracting [==>                                                ]  7.799MB/133.1MB
test-ubuntu (3.14t)	Set up Docker Compose	2026-05-19T19:32:10.4969082Z  6163e4fdd626 Extracting [==>                                                ]  7.799MB/154.6MB
test-ubuntu (3.14t)	Set up Docker Compose	2026-05-19T19:32:10.4987415Z  2d00d5ceb5d5 Extracting [==============>                                    ]  21.73MB/75.55MB
test-ubuntu (3.14t)	Set up Docker Compose	2026-05-19T19:32:10.5149817Z  0e9d048cd1fe Extracting [=========================================>         ]  96.93MB/116.5MB
test-ubuntu (3.14t)	Set up Docker Compose	2026-05-19T19:32:10.6012616Z  2d00d5ceb5d5 Extracting [================>                                  ]  24.51MB/75.55MB
test-ubuntu (3.14t)	Set up Docker Compose	2026-05-19T19:32:10.6066559Z  6163e4fdd626 Extracting [===>                                               ]   11.7MB/154.6MB
test-ubuntu (3.14t)	Set up Docker Compose	2026-05-19T19:32:10.6226708Z  0e9d048cd1fe Extracting [==========================================>        ]  99.71MB/116.5MB
test-ubuntu (3.14t)	Set up Docker Compose	2026-05-19T19:32:10.6342686Z  0124d324831b Extracting [===========================>                       ]  137.6MB/249.5MB
test-ubuntu (3.14t)	Set up Docker Compose	2026-05-19T19:32:10.6515450Z  b5c5a3ac416f Extracting [>                                                  ]  41.22MB/3.001GB
test-ubuntu (3.14t)	Set up Docker Compose	2026-05-19T19:32:10.7115204Z  6163e4fdd626 Extracting [====>                                              ]  15.04MB/154.6MB
test-ubuntu (3.14t)	Set up Docker Compose	2026-05-19T19:32:10.7146754Z  2d00d5ceb5d5 Extracting [==================>                                ]   27.3MB/75.55MB
test-ubuntu (3.14t)	Set up Docker Compose	2026-05-19T19:32:10.7313074Z  0e9d048cd1fe Extracting [============================================>      ]  102.5MB/116.5MB
test-ubuntu (3.14t)	Set up Docker Compose	2026-05-19T19:32:10.7955946Z  b5c5a3ac416f Extracting [>                                                  ]  41.78MB/3.001GB
test-ubuntu (3.14t)	Set up Docker Compose	2026-05-19T19:32:10.8150860Z  2d00d5ceb5d5 Extracting [====================>                              ]  30.64MB/75.55MB
test-ubuntu (3.14t)	Set up Docker Compose	2026-05-19T19:32:10.8248053Z  0124d324831b Extracting [===========================>                       ]  138.7MB/249.5MB
test-ubuntu (3.14t)	Set up Docker Compose	2026-05-19T19:32:10.8283775Z  6163e4fdd626 Extracting [======>                                            ]  18.94MB/154.6MB
test-ubuntu (3.14t)	Set up Docker Compose	2026-05-19T19:32:10.8356952Z  0e9d048cd1fe Extracting [==============================================>    ]  107.5MB/116.5MB
test-ubuntu (3.14t)	Set up Docker Compose	2026-05-19T19:32:10.8805375Z  ca64c64b8c6b Extracting [===>                                               ]  8.356MB/133.1MB
test-ubuntu (3.14t)	Set up Docker Compose	2026-05-19T19:32:10.9293122Z  6163e4fdd626 Extracting [=======>                                           ]  22.28MB/154.6MB
test-ubuntu (3.14t)	Set up Docker Compose	2026-05-19T19:32:10.9301662Z  2d00d5ceb5d5 Extracting [======================>                            ]  33.98MB/75.55MB
test-ubuntu (3.14t)	Set up Docker Compose	2026-05-19T19:32:10.9311545Z  0124d324831b Extracting [============================>                      ]  141.5MB/249.5MB
test-ubuntu (3.14t)	Set up Docker Compose	2026-05-19T19:32:10.9385182Z  0e9d048cd1fe Extracting [================================================>  ]  112.5MB/116.5MB
test-ubuntu (3.14t)	Set up Docker Compose	2026-05-19T19:32:10.9921011Z  b5c5a3ac416f Extracting [>                                                  ]  42.89MB/3.001GB
test-ubuntu (3.14t)	Set up Docker Compose	2026-05-19T19:32:11.0326325Z  0e9d048cd1fe Extracting [==================================================>]  116.5MB/116.5MB
test-ubuntu (3.14t)	Set up Docker Compose	2026-05-19T19:32:11.0416460Z  6163e4fdd626 Extracting [========>                                          ]  25.62MB/154.6MB
test-ubuntu (3.14t)	Set up Docker Compose	2026-05-19T19:32:11.0417700Z  0124d324831b Extracting [============================>                      ]  142.6MB/249.5MB
test-ubuntu (3.14t)	Set up Docker Compose	2026-05-19T19:32:11.0522411Z  2d00d5ceb5d5 Extracting [========================>                          ]  37.32MB/75.55MB
test-ubuntu (3.14t)	Set up Docker Compose	2026-05-19T19:32:11.1004423Z  0e9d048cd1fe Pull complete 
test-ubuntu (3.14t)	Set up Docker Compose	2026-05-19T19:32:11.1402146Z  neo4j Pulled 
test-ubuntu (3.14t)	Set up Docker Compose	2026-05-19T19:32:11.1479206Z  0124d324831b Extracting [============================>                      ]  143.2MB/249.5MB
test-ubuntu (3.14t)	Set up Docker Compose	2026-05-19T19:32:11.1677360Z  6163e4fdd626 Extracting [=========>                                         ]  28.41MB/154.6MB
test-ubuntu (3.14t)	Set up Docker Compose	2026-05-19T19:32:11.1688310Z  2d00d5ceb5d5 Extracting [=========================>                         ]  38.99MB/75.55MB
test-ubuntu (3.14t)	Set up Docker Compose	2026-05-19T19:32:11.2861475Z  2d00d5ceb5d5 Extracting [===========================>                       ]  41.78MB/75.55MB
test-ubuntu (3.14t)	Set up Docker Compose	2026-05-19T19:32:11.2868480Z  6163e4fdd626 Extracting [===========>                                       ]  34.54MB/154.6MB
test-ubuntu (3.14t)	Set up Docker Compose	2026-05-19T19:32:11.2997837Z  b5c5a3ac416f Extracting [>                                                  ]  43.45MB/3.001GB
test-ubuntu (3.14t)	Set up Docker Compose	2026-05-19T19:32:11.4287275Z  ca64c64b8c6b Extracting [===>                                               ]  8.913MB/133.1MB
test-ubuntu (3.14t)	Set up Docker Compose	2026-05-19T19:32:11.4388819Z  2d00d5ceb5d5 Extracting [===============================>                   ]  47.91MB/75.55MB
test-ubuntu (3.14t)	Set up Docker Compose	2026-05-19T19:32:11.4701711Z  6163e4fdd626 Extracting [============>                                      ]  37.88MB/154.6MB
test-ubuntu (3.14t)	Set up Docker Compose	2026-05-19T19:32:11.5202421Z  0124d324831b Extracting [============================>                      ]  143.7MB/249.5MB
test-ubuntu (3.14t)	Set up Docker Compose	2026-05-19T19:32:11.5489925Z  2d00d5ceb5d5 Extracting [=================================>                 ]  51.25MB/75.55MB
test-ubuntu (3.14t)	Set up Docker Compose	2026-05-19T19:32:11.5671907Z  ca64c64b8c6b Extracting [===>                                               ]   9.47MB/133.1MB
test-ubuntu (3.14t)	Set up Docker Compose	2026-05-19T19:32:11.5976729Z  6163e4fdd626 Extracting [============>                                      ]  40.11MB/154.6MB
test-ubuntu (3.14t)	Set up Docker Compose	2026-05-19T19:32:11.5979061Z  b5c5a3ac416f Extracting [>                                                  ]  44.01MB/3.001GB
test-ubuntu (3.14t)	Set up Docker Compose	2026-05-19T19:32:11.6609249Z  2d00d5ceb5d5 Extracting [=====================================>             ]  56.26MB/75.55MB
test-ubuntu (3.14t)	Set up Docker Compose	2026-05-19T19:32:11.7039888Z  ca64c64b8c6b Extracting [====>                                              ]   11.7MB/133.1MB
test-ubuntu (3.14t)	Set up Docker Compose	2026-05-19T19:32:11.7106629Z  6163e4fdd626 Extracting [=============>                                     ]  42.89MB/154.6MB
test-ubuntu (3.14t)	Set up Docker Compose	2026-05-19T19:32:11.7107767Z  0124d324831b Extracting [=============================>                     ]  144.8MB/249.5MB
test-ubuntu (3.14t)	Set up Docker Compose	2026-05-19T19:32:11.7162793Z  b5c5a3ac416f Extracting [>                                                  ]  44.56MB/3.001GB
test-ubuntu (3.14t)	Set up Docker Compose	2026-05-19T19:32:11.7646790Z  2d00d5ceb5d5 Extracting [============================================>      ]  67.96MB/75.55MB
test-ubuntu (3.14t)	Set up Docker Compose	2026-05-19T19:32:11.8239647Z  6163e4fdd626 Extracting [==============>                                    ]  45.68MB/154.6MB
test-ubuntu (3.14t)	Set up Docker Compose	2026-05-19T19:32:11.8400959Z  b5c5a3ac416f Extracting [>                                                  ]  46.24MB/3.001GB
test-ubuntu (3.14t)	Set up Docker Compose	2026-05-19T19:32:11.8739631Z  2d00d5ceb5d5 Extracting [=================================================> ]  74.09MB/75.55MB
test-ubuntu (3.14t)	Set up Docker Compose	2026-05-19T19:32:11.9376615Z  6163e4fdd626 Extracting [===============>                                   ]  47.35MB/154.6MB
test-ubuntu (3.14t)	Set up Docker Compose	2026-05-19T19:32:11.9412431Z  0124d324831b Extracting [=============================>                     ]  146.5MB/249.5MB
test-ubuntu (3.14t)	Set up Docker Compose	2026-05-19T19:32:11.9687029Z  ca64c64b8c6b Extracting [====>                                              ]  12.26MB/133.1MB
test-ubuntu (3.14t)	Set up Docker Compose	2026-05-19T19:32:11.9743828Z  2d00d5ceb5d5 Extracting [==================================================>]  75.55MB/75.55MB
test-ubuntu (3.14t)	Set up Docker Compose	2026-05-19T19:32:12.0087978Z  b5c5a3ac416f Extracting [>                                                  ]  46.79MB/3.001GB
test-ubuntu (3.14t)	Set up Docker Compose	2026-05-19T19:32:12.0446348Z  6163e4fdd626 Extracting [================>                                  ]  49.58MB/154.6MB
test-ubuntu (3.14t)	Set up Docker Compose	2026-05-19T19:32:12.0535938Z  0124d324831b Extracting [=============================>                     ]  149.3MB/249.5MB
test-ubuntu (3.14t)	Set up Docker Compose	2026-05-19T19:32:12.0714892Z  ca64c64b8c6b Extracting [=====>                                             ]  13.37MB/133.1MB
test-ubuntu (3.14t)	Set up Docker Compose	2026-05-19T19:32:12.1448133Z  6163e4fdd626 Extracting [=================>                                 ]  54.59MB/154.6MB
test-ubuntu (3.14t)	Set up Docker Compose	2026-05-19T19:32:12.1508553Z  b5c5a3ac416f Extracting [>                                                  ]  47.35MB/3.001GB
test-ubuntu (3.14t)	Set up Docker Compose	2026-05-19T19:32:12.1558355Z  0124d324831b Extracting [==============================>                    ]  153.7MB/249.5MB
test-ubuntu (3.14t)	Set up Docker Compose	2026-05-19T19:32:12.2522040Z  6163e4fdd626 Extracting [===================>                               ]   59.6MB/154.6MB
test-ubuntu (3.14t)	Set up Docker Compose	2026-05-19T19:32:12.3561490Z  6163e4fdd626 Extracting [===================>                               ]  61.83MB/154.6MB
test-ubuntu (3.14t)	Set up Docker Compose	2026-05-19T19:32:12.3592622Z  b5c5a3ac416f Extracting [>                                                  ]  47.91MB/3.001GB
test-ubuntu (3.14t)	Set up Docker Compose	2026-05-19T19:32:12.3816935Z  2d00d5ceb5d5 Pull complete 
test-ubuntu (3.14t)	Set up Docker Compose	2026-05-19T19:32:12.4278963Z  4c7647800bee Extracting [==================================================>]     202B/202B
test-ubuntu (3.14t)	Set up Docker Compose	2026-05-19T19:32:12.4559945Z  6163e4fdd626 Extracting [=====================>                             ]  67.96MB/154.6MB
test-ubuntu (3.14t)	Set up Docker Compose	2026-05-19T19:32:12.4772675Z  ca64c64b8c6b Extracting [=====>                                             ]  14.48MB/133.1MB
test-ubuntu (3.14t)	Set up Docker Compose	2026-05-19T19:32:12.5004585Z  4c7647800bee Pull complete 
test-ubuntu (3.14t)	Set up Docker Compose	2026-05-19T19:32:12.5051603Z  0879326081d0 Extracting [==================================================>]  3.218kB/3.218kB
test-ubuntu (3.14t)	Set up Docker Compose	2026-05-19T19:32:12.5052816Z  0879326081d0 Extracting [==================================================>]  3.218kB/3.218kB
test-ubuntu (3.14t)	Set up Docker Compose	2026-05-19T19:32:12.5081457Z  b5c5a3ac416f Extracting [>                                                  ]  48.46MB/3.001GB
test-ubuntu (3.14t)	Set up Docker Compose	2026-05-19T19:32:12.5214522Z  0879326081d0 Pull complete 
test-ubuntu (3.14t)	Set up Docker Compose	2026-05-19T19:32:12.5278775Z  a22c0f637cc8 Extracting [==================================================>]     812B/812B
test-ubuntu (3.14t)	Set up Docker Compose	2026-05-19T19:32:12.5282358Z  a22c0f637cc8 Extracting [==================================================>]     812B/812B
test-ubuntu (3.14t)	Set up Docker Compose	2026-05-19T19:32:12.5458871Z  a22c0f637cc8 Pull complete 
test-ubuntu (3.14t)	Set up Docker Compose	2026-05-19T19:32:12.5520957Z  b06dfe297ce4 Extracting [==================================================>]     431B/431B
test-ubuntu (3.14t)	Set up Docker Compose	2026-05-19T19:32:12.5522937Z  b06dfe297ce4 Extracting [==================================================>]     431B/431B
test-ubuntu (3.14t)	Set up Docker Compose	2026-05-19T19:32:12.5648550Z  b06dfe297ce4 Pull complete 
test-ubuntu (3.14t)	Set up Docker Compose	2026-05-19T19:32:12.5713740Z  4f4fb700ef54 Extracting [==================================================>]      32B/32B
test-ubuntu (3.14t)	Set up Docker Compose	2026-05-19T19:32:12.5718787Z  4f4fb700ef54 Extracting [==================================================>]      32B/32B
test-ubuntu (3.14t)	Set up Docker Compose	2026-05-19T19:32:12.5813279Z  4f4fb700ef54 Pull complete 
test-ubuntu (3.14t)	Set up Docker Compose	2026-05-19T19:32:12.5832158Z  6163e4fdd626 Extracting [======================>                            ]  69.63MB/154.6MB
test-ubuntu (3.14t)	Set up Docker Compose	2026-05-19T19:32:12.5912062Z  d49027299ad5 Extracting [>                                                  ]  196.6kB/18.04MB
test-ubuntu (3.14t)	Set up Docker Compose	2026-05-19T19:32:12.5947439Z  ca64c64b8c6b Extracting [=====>                                             ]   15.6MB/133.1MB
test-ubuntu (3.14t)	Set up Docker Compose	2026-05-19T19:32:12.6140774Z  b5c5a3ac416f Extracting [>                                                  ]  50.69MB/3.001GB
test-ubuntu (3.14t)	Set up Docker Compose	2026-05-19T19:32:12.6961060Z  6163e4fdd626 Extracting [=======================>                           ]  72.97MB/154.6MB
test-ubuntu (3.14t)	Set up Docker Compose	2026-05-19T19:32:12.6997935Z  d49027299ad5 Extracting [=========>                                         ]  3.342MB/18.04MB
test-ubuntu (3.14t)	Set up Docker Compose	2026-05-19T19:32:12.7175079Z  ca64c64b8c6b Extracting [======>                                            ]  16.71MB/133.1MB
test-ubuntu (3.14t)	Set up Docker Compose	2026-05-19T19:32:12.7856859Z  b5c5a3ac416f Extracting [>                                                  ]  52.92MB/3.001GB
test-ubuntu (3.14t)	Set up Docker Compose	2026-05-19T19:32:12.8082462Z  6163e4fdd626 Extracting [========================>                          ]  76.87MB/154.6MB
test-ubuntu (3.14t)	Set up Docker Compose	2026-05-19T19:32:12.8124072Z  d49027299ad5 Extracting [=================>                                 ]  6.291MB/18.04MB
test-ubuntu (3.14t)	Set up Docker Compose	2026-05-19T19:32:12.9136825Z  6163e4fdd626 Extracting [==========================>                        ]  80.77MB/154.6MB
test-ubuntu (3.14t)	Set up Docker Compose	2026-05-19T19:32:12.9139311Z  d49027299ad5 Extracting [===========================>                       ]  10.03MB/18.04MB
test-ubuntu (3.14t)	Set up Docker Compose	2026-05-19T19:32:12.9356785Z  ca64c64b8c6b Extracting [======>                                            ]  18.38MB/133.1MB
test-ubuntu (3.14t)	Set up Docker Compose	2026-05-19T19:32:12.9952382Z  0124d324831b Extracting [===============================>                   ]  155.4MB/249.5MB
test-ubuntu (3.14t)	Set up Docker Compose	2026-05-19T19:32:13.0168619Z  d49027299ad5 Extracting [=================================================> ]  17.69MB/18.04MB
test-ubuntu (3.14t)	Set up Docker Compose	2026-05-19T19:32:13.0208882Z  6163e4fdd626 Extracting [===========================>                       ]  85.79MB/154.6MB
test-ubuntu (3.14t)	Set up Docker Compose	2026-05-19T19:32:13.0404625Z  b5c5a3ac416f Extracting [>                                                  ]  54.03MB/3.001GB
test-ubuntu (3.14t)	Set up Docker Compose	2026-05-19T19:32:13.0452885Z  d49027299ad5 Extracting [==================================================>]  18.04MB/18.04MB
test-ubuntu (3.14t)	Set up Docker Compose	2026-05-19T19:32:13.0598833Z  ca64c64b8c6b Extracting [=======>                                           ]  21.17MB/133.1MB
test-ubuntu (3.14t)	Set up Docker Compose	2026-05-19T19:32:13.1374616Z  d49027299ad5 Pull complete 
test-ubuntu (3.14t)	Set up Docker Compose	2026-05-19T19:32:13.1511021Z  6163e4fdd626 Extracting [=============================>                     ]  89.69MB/154.6MB
test-ubuntu (3.14t)	Set up Docker Compose	2026-05-19T19:32:13.1559119Z  0c4ef7d4f655 Extracting [>                                                  ]  262.1kB/23.07MB
test-ubuntu (3.14t)	Set up Docker Compose	2026-05-19T19:32:13.1846568Z  b5c5a3ac416f Extracting [>                                                  ]  55.15MB/3.001GB
test-ubuntu (3.14t)	Set up Docker Compose	2026-05-19T19:32:13.2410087Z  ca64c64b8c6b Extracting [========>                                          ]  22.28MB/133.1MB
test-ubuntu (3.14t)	Set up Docker Compose	2026-05-19T19:32:13.2510332Z  6163e4fdd626 Extracting [==============================>                    ]  93.03MB/154.6MB
test-ubuntu (3.14t)	Set up Docker Compose	2026-05-19T19:32:13.2565088Z  0c4ef7d4f655 Extracting [=======>                                           ]  3.408MB/23.07MB
test-ubuntu (3.14t)	Set up Docker Compose	2026-05-19T19:32:13.3295614Z  0124d324831b Extracting [===============================>                   ]    156MB/249.5MB
test-ubuntu (3.14t)	Set up Docker Compose	2026-05-19T19:32:13.3518422Z  6163e4fdd626 Extracting [===============================>                   ]  96.93MB/154.6MB
test-ubuntu (3.14t)	Set up Docker Compose	2026-05-19T19:32:13.3519957Z  b5c5a3ac416f Extracting [>                                                  ]  56.26MB/3.001GB
test-ubuntu (3.14t)	Set up Docker Compose	2026-05-19T19:32:13.3581641Z  0c4ef7d4f655 Extracting [==============>                                    ]  6.816MB/23.07MB
test-ubuntu (3.14t)	Set up Docker Compose	2026-05-19T19:32:13.4399326Z  0124d324831b Extracting [================================>                  ]  159.9MB/249.5MB
test-ubuntu (3.14t)	Set up Docker Compose	2026-05-19T19:32:13.4601193Z  0c4ef7d4f655 Extracting [====================>                              ]  9.437MB/23.07MB
test-ubuntu (3.14t)	Set up Docker Compose	2026-05-19T19:32:13.4636827Z  b5c5a3ac416f Extracting [>                                                  ]  57.38MB/3.001GB
test-ubuntu (3.14t)	Set up Docker Compose	2026-05-19T19:32:13.4657312Z  6163e4fdd626 Extracting [================================>                  ]  101.9MB/154.6MB
test-ubuntu (3.14t)	Set up Docker Compose	2026-05-19T19:32:13.5035289Z  ca64c64b8c6b Extracting [========>                                          ]  22.84MB/133.1MB
test-ubuntu (3.14t)	Set up Docker Compose	2026-05-19T19:32:13.5461293Z  0124d324831b Extracting [================================>                  ]  161.5MB/249.5MB
test-ubuntu (3.14t)	Set up Docker Compose	2026-05-19T19:32:13.5637870Z  0c4ef7d4f655 Extracting [===========================>                       ]  12.58MB/23.07MB
test-ubuntu (3.14t)	Set up Docker Compose	2026-05-19T19:32:13.5704620Z  b5c5a3ac416f Extracting [>                                                  ]   59.6MB/3.001GB
test-ubuntu (3.14t)	Set up Docker Compose	2026-05-19T19:32:13.5917435Z  6163e4fdd626 Extracting [==================================>                ]  105.3MB/154.6MB
test-ubuntu (3.14t)	Set up Docker Compose	2026-05-19T19:32:13.6555219Z  0124d324831b Extracting [================================>                  ]  162.1MB/249.5MB
test-ubuntu (3.14t)	Set up Docker Compose	2026-05-19T19:32:13.6646722Z  0c4ef7d4f655 Extracting [========================================>          ]  18.61MB/23.07MB
test-ubuntu (3.14t)	Set up Docker Compose	2026-05-19T19:32:13.6743163Z  b5c5a3ac416f Extracting [=>                                                 ]   63.5MB/3.001GB
test-ubuntu (3.14t)	Set up Docker Compose	2026-05-19T19:32:13.7086632Z  6163e4fdd626 Extracting [==================================>                ]    107MB/154.6MB
test-ubuntu (3.14t)	Set up Docker Compose	2026-05-19T19:32:13.7606693Z  0c4ef7d4f655 Extracting [==================================================>]  23.07MB/23.07MB
test-ubuntu (3.14t)	Set up Docker Compose	2026-05-19T19:32:13.7815102Z  0124d324831b Extracting [=================================>                 ]  164.9MB/249.5MB
test-ubuntu (3.14t)	Set up Docker Compose	2026-05-19T19:32:13.7987967Z  ca64c64b8c6b Extracting [========>                                          ]   23.4MB/133.1MB
test-ubuntu (3.14t)	Set up Docker Compose	2026-05-19T19:32:13.8214605Z  b5c5a3ac416f Extracting [=>                                                 ]  65.73MB/3.001GB
test-ubuntu (3.14t)	Set up Docker Compose	2026-05-19T19:32:13.8448316Z  6163e4fdd626 Extracting [===================================>               ]  108.6MB/154.6MB
test-ubuntu (3.14t)	Set up Docker Compose	2026-05-19T19:32:13.9077331Z  ca64c64b8c6b Extracting [=========>                                         ]  26.18MB/133.1MB
test-ubuntu (3.14t)	Set up Docker Compose	2026-05-19T19:32:13.9477229Z  b5c5a3ac416f Extracting [=>                                                 ]  66.85MB/3.001GB
test-ubuntu (3.14t)	Set up Docker Compose	2026-05-19T19:32:13.9482998Z  6163e4fdd626 Extracting [===================================>               ]  110.3MB/154.6MB
test-ubuntu (3.14t)	Set up Docker Compose	2026-05-19T19:32:13.9506179Z  0124d324831b Extracting [=================================>                 ]  167.1MB/249.5MB
test-ubuntu (3.14t)	Set up Docker Compose	2026-05-19T19:32:14.0171046Z  ca64c64b8c6b Extracting [==========>                                        ]  28.41MB/133.1MB
test-ubuntu (3.14t)	Set up Docker Compose	2026-05-19T19:32:14.0486724Z  b5c5a3ac416f Extracting [=>                                                 ]  72.97MB/3.001GB
test-ubuntu (3.14t)	Set up Docker Compose	2026-05-19T19:32:14.0589994Z  0124d324831b Extracting [=================================>                 ]  168.2MB/249.5MB
test-ubuntu (3.14t)	Set up Docker Compose	2026-05-19T19:32:14.0617908Z  6163e4fdd626 Extracting [====================================>              ]    112MB/154.6MB
test-ubuntu (3.14t)	Set up Docker Compose	2026-05-19T19:32:14.1285047Z  ca64c64b8c6b Extracting [===========>                                       ]  30.64MB/133.1MB
test-ubuntu (3.14t)	Set up Docker Compose	2026-05-19T19:32:14.1490484Z  b5c5a3ac416f Extracting [=>                                                 ]  84.12MB/3.001GB
test-ubuntu (3.14t)	Set up Docker Compose	2026-05-19T19:32:14.1663298Z  6163e4fdd626 Extracting [=====================================>             ]  115.3MB/154.6MB
test-ubuntu (3.14t)	Set up Docker Compose	2026-05-19T19:32:14.1812795Z  0124d324831b Extracting [==================================>                ]  170.5MB/249.5MB
test-ubuntu (3.14t)	Set up Docker Compose	2026-05-19T19:32:14.2323632Z  ca64c64b8c6b Extracting [============>                                      ]  33.42MB/133.1MB
test-ubuntu (3.14t)	Set up Docker Compose	2026-05-19T19:32:14.2512960Z  b5c5a3ac416f Extracting [=>                                                 ]  98.04MB/3.001GB
test-ubuntu (3.14t)	Set up Docker Compose	2026-05-19T19:32:14.2667352Z  6163e4fdd626 Extracting [======================================>            ]  119.2MB/154.6MB
test-ubuntu (3.14t)	Set up Docker Compose	2026-05-19T19:32:14.2845780Z  0c4ef7d4f655 Pull complete 
test-ubuntu (3.14t)	Set up Docker Compose	2026-05-19T19:32:14.2913685Z  ff4608a2de69 Extracting [===========================================>       ]  32.77kB/38.1kB
test-ubuntu (3.14t)	Set up Docker Compose	2026-05-19T19:32:14.3020257Z  ff4608a2de69 Extracting [==================================================>]   38.1kB/38.1kB
test-ubuntu (3.14t)	Set up Docker Compose	2026-05-19T19:32:14.3362737Z  ca64c64b8c6b Extracting [=============>                                     ]  35.65MB/133.1MB
test-ubuntu (3.14t)	Set up Docker Compose	2026-05-19T19:32:14.3572840Z  b5c5a3ac416f Extracting [=>                                                 ]  107.5MB/3.001GB
test-ubuntu (3.14t)	Set up Docker Compose	2026-05-19T19:32:14.3787416Z  6163e4fdd626 Extracting [=======================================>           ]  123.7MB/154.6MB
test-ubuntu (3.14t)	Set up Docker Compose	2026-05-19T19:32:14.4405212Z  ca64c64b8c6b Extracting [==============>                                    ]  37.88MB/133.1MB
test-ubuntu (3.14t)	Set up Docker Compose	2026-05-19T19:32:14.4565111Z  0124d324831b Extracting [==================================>                ]    171MB/249.5MB
test-ubuntu (3.14t)	Set up Docker Compose	2026-05-19T19:32:14.4637329Z  b5c5a3ac416f Extracting [=>                                                 ]  114.2MB/3.001GB
test-ubuntu (3.14t)	Set up Docker Compose	2026-05-19T19:32:14.4910329Z  6163e4fdd626 Extracting [=========================================>         ]  128.1MB/154.6MB
test-ubuntu (3.14t)	Set up Docker Compose	2026-05-19T19:32:14.5462184Z  ca64c64b8c6b Extracting [===============>                                   ]  40.11MB/133.1MB
test-ubuntu (3.14t)	Set up Docker Compose	2026-05-19T19:32:14.5627327Z  0124d324831b Extracting [==================================>                ]  172.1MB/249.5MB
test-ubuntu (3.14t)	Set up Docker Compose	2026-05-19T19:32:14.5873525Z  b5c5a3ac416f Extracting [=>                                                 ]    117MB/3.001GB
test-ubuntu (3.14t)	Set up Docker Compose	2026-05-19T19:32:14.6239621Z  6163e4fdd626 Extracting [==========================================>        ]    132MB/154.6MB
test-ubuntu (3.14t)	Set up Docker Compose	2026-05-19T19:32:14.6709307Z  0124d324831b Extracting [===================================>               ]  175.5MB/249.5MB
test-ubuntu (3.14t)	Set up Docker Compose	2026-05-19T19:32:14.6740601Z  ca64c64b8c6b Extracting [===============>                                   ]  42.34MB/133.1MB
test-ubuntu (3.14t)	Set up Docker Compose	2026-05-19T19:32:14.6877776Z  b5c5a3ac416f Extracting [=>                                                 ]  119.8MB/3.001GB
test-ubuntu (3.14t)	Set up Docker Compose	2026-05-19T19:32:14.6882925Z  ff4608a2de69 Pull complete 
test-ubuntu (3.14t)	Set up Docker Compose	2026-05-19T19:32:14.8220938Z  b5c5a3ac416f Extracting [==>                                                ]  120.3MB/3.001GB
test-ubuntu (3.14t)	Set up Docker Compose	2026-05-19T19:32:14.8227437Z  ca64c64b8c6b Extracting [================>                                  ]  42.89MB/133.1MB
test-ubuntu (3.14t)	Set up Docker Compose	2026-05-19T19:32:14.8362222Z  0124d324831b Extracting [===================================>               ]  177.1MB/249.5MB
test-ubuntu (3.14t)	Set up Docker Compose	2026-05-19T19:32:14.8656513Z  6163e4fdd626 Extracting [===========================================>       ]  133.7MB/154.6MB
test-ubuntu (3.14t)	Set up Docker Compose	2026-05-19T19:32:14.8688642Z  dad859c13bf0 Extracting [==================================================>]  3.198kB/3.198kB
test-ubuntu (3.14t)	Set up Docker Compose	2026-05-19T19:32:14.8689714Z  dad859c13bf0 Extracting [==================================================>]  3.198kB/3.198kB
test-ubuntu (3.14t)	Set up Docker Compose	2026-05-19T19:32:14.8978886Z  dad859c13bf0 Pull complete 
test-ubuntu (3.14t)	Set up Docker Compose	2026-05-19T19:32:14.9114415Z  temporal Pulled 
test-ubuntu (3.14t)	Set up Docker Compose	2026-05-19T19:32:14.9408549Z  0124d324831b Extracting [====================================>              ]  180.5MB/249.5MB
test-ubuntu (3.14t)	Set up Docker Compose	2026-05-19T19:32:14.9427163Z  ca64c64b8c6b Extracting [================>                                  ]  45.12MB/133.1MB
test-ubuntu (3.14t)	Set up Docker Compose	2026-05-19T19:32:14.9591207Z  b5c5a3ac416f Extracting [==>                                                ]    122MB/3.001GB
test-ubuntu (3.14t)	Set up Docker Compose	2026-05-19T19:32:14.9695624Z  6163e4fdd626 Extracting [============================================>      ]  136.5MB/154.6MB
test-ubuntu (3.14t)	Set up Docker Compose	2026-05-19T19:32:15.0444386Z  0124d324831b Extracting [=====================================>             ]  184.9MB/249.5MB
test-ubuntu (3.14t)	Set up Docker Compose	2026-05-19T19:32:15.0600957Z  b5c5a3ac416f Extracting [==>                                                ]  123.1MB/3.001GB
test-ubuntu (3.14t)	Set up Docker Compose	2026-05-19T19:32:15.0811415Z  6163e4fdd626 Extracting [=============================================>     ]  140.4MB/154.6MB
test-ubuntu (3.14t)	Set up Docker Compose	2026-05-19T19:32:15.0832717Z  ca64c64b8c6b Extracting [==================>                                ]  48.46MB/133.1MB
test-ubuntu (3.14t)	Set up Docker Compose	2026-05-19T19:32:15.1555986Z  0124d324831b Extracting [=====================================>             ]  189.4MB/249.5MB
test-ubuntu (3.14t)	Set up Docker Compose	2026-05-19T19:32:15.1614060Z  b5c5a3ac416f Extracting [==>                                                ]  126.5MB/3.001GB
test-ubuntu (3.14t)	Set up Docker Compose	2026-05-19T19:32:15.1822125Z  6163e4fdd626 Extracting [==============================================>    ]  143.7MB/154.6MB
test-ubuntu (3.14t)	Set up Docker Compose	2026-05-19T19:32:15.2027264Z  ca64c64b8c6b Extracting [===================>                               ]  50.69MB/133.1MB
test-ubuntu (3.14t)	Set up Docker Compose	2026-05-19T19:32:15.2632596Z  0124d324831b Extracting [======================================>            ]  192.2MB/249.5MB
test-ubuntu (3.14t)	Set up Docker Compose	2026-05-19T19:32:15.2778388Z  b5c5a3ac416f Extracting [==>                                                ]  130.9MB/3.001GB
test-ubuntu (3.14t)	Set up Docker Compose	2026-05-19T19:32:15.2972007Z  6163e4fdd626 Extracting [================================================>  ]  148.7MB/154.6MB
test-ubuntu (3.14t)	Set up Docker Compose	2026-05-19T19:32:15.3291757Z  ca64c64b8c6b Extracting [===================>                               ]  52.92MB/133.1MB
test-ubuntu (3.14t)	Set up Docker Compose	2026-05-19T19:32:15.3641743Z  0124d324831b Extracting [=======================================>           ]  195.5MB/249.5MB
test-ubuntu (3.14t)	Set up Docker Compose	2026-05-19T19:32:15.3926159Z  b5c5a3ac416f Extracting [==>                                                ]  134.8MB/3.001GB
test-ubuntu (3.14t)	Set up Docker Compose	2026-05-19T19:32:15.3994934Z  6163e4fdd626 Extracting [=================================================> ]  152.6MB/154.6MB
test-ubuntu (3.14t)	Set up Docker Compose	2026-05-19T19:32:15.4322086Z  ca64c64b8c6b Extracting [====================>                              ]  54.59MB/133.1MB
test-ubuntu (3.14t)	Set up Docker Compose	2026-05-19T19:32:15.4674569Z  6163e4fdd626 Extracting [==================================================>]  154.6MB/154.6MB
test-ubuntu (3.14t)	Set up Docker Compose	2026-05-19T19:32:15.4817597Z  0124d324831b Extracting [=======================================>           ]  198.9MB/249.5MB
test-ubuntu (3.14t)	Set up Docker Compose	2026-05-19T19:32:15.4957672Z  b5c5a3ac416f Extracting [==>                                                ]  138.1MB/3.001GB
test-ubuntu (3.14t)	Set up Docker Compose	2026-05-19T19:32:15.6238370Z  b5c5a3ac416f Extracting [==>                                                ]  139.3MB/3.001GB
test-ubuntu (3.14t)	Set up Docker Compose	2026-05-19T19:32:15.6244201Z  0124d324831b Extracting [========================================>          ]  200.5MB/249.5MB
test-ubuntu (3.14t)	Set up Docker Compose	2026-05-19T19:32:15.6708956Z  ca64c64b8c6b Extracting [=====================>                             ]  56.82MB/133.1MB
test-ubuntu (3.14t)	Set up Docker Compose	2026-05-19T19:32:15.7255165Z  0124d324831b Extracting [=========================================>         ]  206.7MB/249.5MB
test-ubuntu (3.14t)	Set up Docker Compose	2026-05-19T19:32:15.7359836Z  b5c5a3ac416f Extracting [==>                                                ]  144.3MB/3.001GB
test-ubuntu (3.14t)	Set up Docker Compose	2026-05-19T19:32:15.7891899Z  ca64c64b8c6b Extracting [======================>                            ]  59.05MB/133.1MB
test-ubuntu (3.14t)	Set up Docker Compose	2026-05-19T19:32:15.8324436Z  6163e4fdd626 Pull complete 
test-ubuntu (3.14t)	Set up Docker Compose	2026-05-19T19:32:15.8349150Z  1f27396f6efc Extracting [==================================================>]  9.462kB/9.462kB
test-ubuntu (3.14t)	Set up Docker Compose	2026-05-19T19:32:15.8350076Z  1f27396f6efc Extracting [==================================================>]  9.462kB/9.462kB
test-ubuntu (3.14t)	Set up Docker Compose	2026-05-19T19:32:15.8369089Z  b5c5a3ac416f Extracting [==>                                                ]  153.7MB/3.001GB
test-ubuntu (3.14t)	Set up Docker Compose	2026-05-19T19:32:15.8370331Z  0124d324831b Extracting [==========================================>        ]  211.1MB/249.5MB
test-ubuntu (3.14t)	Set up Docker Compose	2026-05-19T19:32:15.8524266Z  1f27396f6efc Pull complete 
test-ubuntu (3.14t)	Set up Docker Compose	2026-05-19T19:32:16.0325565Z  b5c5a3ac416f Extracting [==>                                                ]  157.1MB/3.001GB
test-ubuntu (3.14t)	Set up Docker Compose	2026-05-19T19:32:16.0326638Z  fe556ec02776 Extracting [==================================================>]  9.461kB/9.461kB
test-ubuntu (3.14t)	Set up Docker Compose	2026-05-19T19:32:16.0336579Z  fe556ec02776 Extracting [==================================================>]  9.461kB/9.461kB
test-ubuntu (3.14t)	Set up Docker Compose	2026-05-19T19:32:16.0364859Z  ca64c64b8c6b Extracting [=======================>                           ]  61.28MB/133.1MB
test-ubuntu (3.14t)	Set up Docker Compose	2026-05-19T19:32:16.0413363Z  0124d324831b Extracting [==========================================>        ]  212.8MB/249.5MB
test-ubuntu (3.14t)	Set up Docker Compose	2026-05-19T19:32:16.0531261Z  fe556ec02776 Pull complete 
test-ubuntu (3.14t)	Set up Docker Compose	2026-05-19T19:32:16.0648877Z  milvus Pulled 
test-ubuntu (3.14t)	Set up Docker Compose	2026-05-19T19:32:16.1340893Z  b5c5a3ac416f Extracting [==>                                                ]  164.9MB/3.001GB
test-ubuntu (3.14t)	Set up Docker Compose	2026-05-19T19:32:16.1445619Z  ca64c64b8c6b Extracting [=======================>                           ]   63.5MB/133.1MB
test-ubuntu (3.14t)	Set up Docker Compose	2026-05-19T19:32:16.2157005Z  0124d324831b Extracting [===========================================>       ]  216.7MB/249.5MB
test-ubuntu (3.14t)	Set up Docker Compose	2026-05-19T19:32:16.2381940Z  b5c5a3ac416f Extracting [==>                                                ]  173.2MB/3.001GB
test-ubuntu (3.14t)	Set up Docker Compose	2026-05-19T19:32:16.2502388Z  ca64c64b8c6b Extracting [=========================>                         ]  66.85MB/133.1MB
test-ubuntu (3.14t)	Set up Docker Compose	2026-05-19T19:32:16.3401998Z  b5c5a3ac416f Extracting [===>                                               ]  187.2MB/3.001GB
test-ubuntu (3.14t)	Set up Docker Compose	2026-05-19T19:32:16.3426794Z  0124d324831b Extracting [===========================================>       ]  218.4MB/249.5MB
test-ubuntu (3.14t)	Set up Docker Compose	2026-05-19T19:32:16.3535573Z  ca64c64b8c6b Extracting [==========================>                        ]  70.75MB/133.1MB
test-ubuntu (3.14t)	Set up Docker Compose	2026-05-19T19:32:16.4410353Z  b5c5a3ac416f Extracting [===>                                               ]  204.4MB/3.001GB
test-ubuntu (3.14t)	Set up Docker Compose	2026-05-19T19:32:16.4660978Z  ca64c64b8c6b Extracting [============================>                      ]   75.2MB/133.1MB
test-ubuntu (3.14t)	Set up Docker Compose	2026-05-19T19:32:16.5018374Z  0124d324831b Extracting [============================================>      ]  221.2MB/249.5MB
test-ubuntu (3.14t)	Set up Docker Compose	2026-05-19T19:32:16.5423392Z  b5c5a3ac416f Extracting [===>                                               ]  221.7MB/3.001GB
test-ubuntu (3.14t)	Set up Docker Compose	2026-05-19T19:32:16.5754513Z  ca64c64b8c6b Extracting [=============================>                     ]  79.66MB/133.1MB
test-ubuntu (3.14t)	Set up Docker Compose	2026-05-19T19:32:16.6146761Z  0124d324831b Extracting [============================================>      ]  221.7MB/249.5MB
test-ubuntu (3.14t)	Set up Docker Compose	2026-05-19T19:32:16.6443388Z  b5c5a3ac416f Extracting [===>                                               ]  239.5MB/3.001GB
test-ubuntu (3.14t)	Set up Docker Compose	2026-05-19T19:32:16.6756529Z  ca64c64b8c6b Extracting [===============================>                   ]     83MB/133.1MB
test-ubuntu (3.14t)	Set up Docker Compose	2026-05-19T19:32:16.7454039Z  b5c5a3ac416f Extracting [====>                                              ]  257.9MB/3.001GB
test-ubuntu (3.14t)	Set up Docker Compose	2026-05-19T19:32:16.7762080Z  ca64c64b8c6b Extracting [================================>                  ]  85.79MB/133.1MB
test-ubuntu (3.14t)	Set up Docker Compose	2026-05-19T19:32:16.8471941Z  b5c5a3ac416f Extracting [====>                                              ]  276.9MB/3.001GB
test-ubuntu (3.14t)	Set up Docker Compose	2026-05-19T19:32:16.8888015Z  ca64c64b8c6b Extracting [=================================>                 ]  89.69MB/133.1MB
test-ubuntu (3.14t)	Set up Docker Compose	2026-05-19T19:32:16.9474315Z  b5c5a3ac416f Extracting [====>                                              ]  291.3MB/3.001GB
test-ubuntu (3.14t)	Set up Docker Compose	2026-05-19T19:32:16.9495635Z  0124d324831b Extracting [============================================>      ]  222.3MB/249.5MB
test-ubuntu (3.14t)	Set up Docker Compose	2026-05-19T19:32:17.0000567Z  ca64c64b8c6b Extracting [===================================>               ]  94.14MB/133.1MB
test-ubuntu (3.14t)	Set up Docker Compose	2026-05-19T19:32:17.0491157Z  b5c5a3ac416f Extracting [=====>                                             ]  306.9MB/3.001GB
test-ubuntu (3.14t)	Set up Docker Compose	2026-05-19T19:32:17.0671910Z  0124d324831b Extracting [============================================>      ]  223.4MB/249.5MB
test-ubuntu (3.14t)	Set up Docker Compose	2026-05-19T19:32:17.1010671Z  ca64c64b8c6b Extracting [====================================>              ]  98.04MB/133.1MB
test-ubuntu (3.14t)	Set up Docker Compose	2026-05-19T19:32:17.1516620Z  b5c5a3ac416f Extracting [=====>                                             ]  322.5MB/3.001GB
test-ubuntu (3.14t)	Set up Docker Compose	2026-05-19T19:32:17.1997476Z  0124d324831b Extracting [============================================>      ]  223.9MB/249.5MB
test-ubuntu (3.14t)	Set up Docker Compose	2026-05-19T19:32:17.2160984Z  ca64c64b8c6b Extracting [=====================================>             ]  100.8MB/133.1MB
test-ubuntu (3.14t)	Set up Docker Compose	2026-05-19T19:32:17.2537223Z  b5c5a3ac416f Extracting [=====>                                             ]  340.4MB/3.001GB
test-ubuntu (3.14t)	Set up Docker Compose	2026-05-19T19:32:17.3275136Z  0124d324831b Extracting [=============================================>     ]  225.1MB/249.5MB
test-ubuntu (3.14t)	Set up Docker Compose	2026-05-19T19:32:17.3300995Z  ca64c64b8c6b Extracting [======================================>            ]  101.9MB/133.1MB
test-ubuntu (3.14t)	Set up Docker Compose	2026-05-19T19:32:17.3544039Z  b5c5a3ac416f Extracting [=====>                                             ]  351.5MB/3.001GB
test-ubuntu (3.14t)	Set up Docker Compose	2026-05-19T19:32:17.4403066Z  ca64c64b8c6b Extracting [=======================================>           ]  104.2MB/133.1MB
test-ubuntu (3.14t)	Set up Docker Compose	2026-05-19T19:32:17.4554350Z  b5c5a3ac416f Extracting [======>                                            ]  363.8MB/3.001GB
test-ubuntu (3.14t)	Set up Docker Compose	2026-05-19T19:32:17.5345549Z  0124d324831b Extracting [=============================================>     ]  226.2MB/249.5MB
test-ubuntu (3.14t)	Set up Docker Compose	2026-05-19T19:32:17.5600551Z  b5c5a3ac416f Extracting [======>                                            ]  377.1MB/3.001GB
test-ubuntu (3.14t)	Set up Docker Compose	2026-05-19T19:32:17.6640549Z  b5c5a3ac416f Extracting [======>                                            ]  389.9MB/3.001GB
test-ubuntu (3.14t)	Set up Docker Compose	2026-05-19T19:32:17.6966286Z  0124d324831b Extracting [=============================================>     ]  227.3MB/249.5MB
test-ubuntu (3.14t)	Set up Docker Compose	2026-05-19T19:32:17.7646041Z  b5c5a3ac416f Extracting [======>                                            ]  398.3MB/3.001GB
test-ubuntu (3.14t)	Set up Docker Compose	2026-05-19T19:32:17.8177356Z  0124d324831b Extracting [=============================================>     ]  228.4MB/249.5MB
test-ubuntu (3.14t)	Set up Docker Compose	2026-05-19T19:32:17.8651207Z  b5c5a3ac416f Extracting [======>                                            ]  406.7MB/3.001GB
test-ubuntu (3.14t)	Set up Docker Compose	2026-05-19T19:32:17.9678086Z  b5c5a3ac416f Extracting [=======>                                           ]  428.9MB/3.001GB
test-ubuntu (3.14t)	Set up Docker Compose	2026-05-19T19:32:18.0263296Z  0124d324831b Extracting [=============================================>     ]  229.5MB/249.5MB
test-ubuntu (3.14t)	Set up Docker Compose	2026-05-19T19:32:18.0688207Z  b5c5a3ac416f Extracting [=======>                                           ]  450.1MB/3.001GB
test-ubuntu (3.14t)	Set up Docker Compose	2026-05-19T19:32:18.1552967Z  0124d324831b Extracting [==============================================>    ]  230.1MB/249.5MB
test-ubuntu (3.14t)	Set up Docker Compose	2026-05-19T19:32:18.1700636Z  ca64c64b8c6b Extracting [=========================================>         ]  109.7MB/133.1MB
test-ubuntu (3.14t)	Set up Docker Compose	2026-05-19T19:32:18.1711811Z  b5c5a3ac416f Extracting [=======>                                           ]  471.3MB/3.001GB
test-ubuntu (3.14t)	Set up Docker Compose	2026-05-19T19:32:18.2721642Z  b5c5a3ac416f Extracting [========>                                          ]  490.8MB/3.001GB
test-ubuntu (3.14t)	Set up Docker Compose	2026-05-19T19:32:18.2802588Z  ca64c64b8c6b Extracting [==========================================>        ]  114.2MB/133.1MB
test-ubuntu (3.14t)	Set up Docker Compose	2026-05-19T19:32:18.2941183Z  0124d324831b Extracting [==============================================>    ]  230.6MB/249.5MB
test-ubuntu (3.14t)	Set up Docker Compose	2026-05-19T19:32:18.3721192Z  b5c5a3ac416f Extracting [========>                                          ]    498MB/3.001GB
test-ubuntu (3.14t)	Set up Docker Compose	2026-05-19T19:32:18.4048765Z  0124d324831b Extracting [==============================================>    ]  231.2MB/249.5MB
test-ubuntu (3.14t)	Set up Docker Compose	2026-05-19T19:32:18.4218911Z  ca64c64b8c6b Extracting [============================================>      ]  119.2MB/133.1MB
test-ubuntu (3.14t)	Set up Docker Compose	2026-05-19T19:32:18.4760053Z  b5c5a3ac416f Extracting [========>                                          ]  506.9MB/3.001GB
test-ubuntu (3.14t)	Set up Docker Compose	2026-05-19T19:32:18.5135314Z  0124d324831b Extracting [===============================================>   ]  237.3MB/249.5MB
test-ubuntu (3.14t)	Set up Docker Compose	2026-05-19T19:32:18.5252918Z  ca64c64b8c6b Extracting [==============================================>    ]  122.6MB/133.1MB
test-ubuntu (3.14t)	Set up Docker Compose	2026-05-19T19:32:18.5798480Z  b5c5a3ac416f Extracting [========>                                          ]  514.7MB/3.001GB
test-ubuntu (3.14t)	Set up Docker Compose	2026-05-19T19:32:18.6269452Z  0124d324831b Extracting [================================================>  ]  242.9MB/249.5MB
test-ubuntu (3.14t)	Set up Docker Compose	2026-05-19T19:32:18.6821173Z  b5c5a3ac416f Extracting [========>                                          ]  523.6MB/3.001GB
test-ubuntu (3.14t)	Set up Docker Compose	2026-05-19T19:32:18.7641852Z  0124d324831b Extracting [================================================>  ]    244MB/249.5MB
test-ubuntu (3.14t)	Set up Docker Compose	2026-05-19T19:32:18.7777183Z  ca64c64b8c6b Extracting [===============================================>   ]  126.5MB/133.1MB
test-ubuntu (3.14t)	Set up Docker Compose	2026-05-19T19:32:18.7824380Z  b5c5a3ac416f Extracting [========>                                          ]    532MB/3.001GB
test-ubuntu (3.14t)	Set up Docker Compose	2026-05-19T19:32:18.8733036Z  0124d324831b Extracting [=================================================> ]  246.8MB/249.5MB
test-ubuntu (3.14t)	Set up Docker Compose	2026-05-19T19:32:18.8872579Z  b5c5a3ac416f Extracting [=========>                                         ]  540.3MB/3.001GB
test-ubuntu (3.14t)	Set up Docker Compose	2026-05-19T19:32:18.9899665Z  b5c5a3ac416f Extracting [=========>                                         ]  548.7MB/3.001GB
test-ubuntu (3.14t)	Set up Docker Compose	2026-05-19T19:32:18.9921122Z  0124d324831b Extracting [==================================================>]  249.5MB/249.5MB
test-ubuntu (3.14t)	Set up Docker Compose	2026-05-19T19:32:19.0951449Z  b5c5a3ac416f Extracting [=========>                                         ]  557.1MB/3.001GB
test-ubuntu (3.14t)	Set up Docker Compose	2026-05-19T19:32:19.1985846Z  b5c5a3ac416f Extracting [=========>                                         ]  566.5MB/3.001GB
test-ubuntu (3.14t)	Set up Docker Compose	2026-05-19T19:32:19.2219469Z  ca64c64b8c6b Extracting [===============================================>   ]    127MB/133.1MB
test-ubuntu (3.14t)	Set up Docker Compose	2026-05-19T19:32:19.3040881Z  b5c5a3ac416f Extracting [=========>                                         ]  574.9MB/3.001GB
test-ubuntu (3.14t)	Set up Docker Compose	2026-05-19T19:32:19.3300845Z  ca64c64b8c6b Extracting [=================================================> ]    132MB/133.1MB
test-ubuntu (3.14t)	Set up Docker Compose	2026-05-19T19:32:19.3620076Z  ca64c64b8c6b Extracting [==================================================>]  133.1MB/133.1MB
test-ubuntu (3.14t)	Set up Docker Compose	2026-05-19T19:32:19.4041555Z  b5c5a3ac416f Extracting [=========>                                         ]  588.8MB/3.001GB
test-ubuntu (3.14t)	Set up Docker Compose	2026-05-19T19:32:19.5061479Z  b5c5a3ac416f Extracting [=========>                                         ]  599.9MB/3.001GB
test-ubuntu (3.14t)	Set up Docker Compose	2026-05-19T19:32:19.6070578Z  b5c5a3ac416f Extracting [==========>                                        ]  622.8MB/3.001GB
test-ubuntu (3.14t)	Set up Docker Compose	2026-05-19T19:32:19.7090074Z  b5c5a3ac416f Extracting [==========>                                        ]  645.6MB/3.001GB
test-ubuntu (3.14t)	Set up Docker Compose	2026-05-19T19:32:19.8107700Z  b5c5a3ac416f Extracting [===========>                                       ]  667.9MB/3.001GB
test-ubuntu (3.14t)	Set up Docker Compose	2026-05-19T19:32:19.9131042Z  b5c5a3ac416f Extracting [===========>                                       ]  690.7MB/3.001GB
test-ubuntu (3.14t)	Set up Docker Compose	2026-05-19T19:32:20.0167568Z  b5c5a3ac416f Extracting [===========>                                       ]  710.2MB/3.001GB
test-ubuntu (3.14t)	Set up Docker Compose	2026-05-19T19:32:20.1200700Z  b5c5a3ac416f Extracting [============>                                      ]  732.5MB/3.001GB
test-ubuntu (3.14t)	Set up Docker Compose	2026-05-19T19:32:20.2211625Z  b5c5a3ac416f Extracting [============>                                      ]  738.1MB/3.001GB
test-ubuntu (3.14t)	Set up Docker Compose	2026-05-19T19:32:20.3309640Z  b5c5a3ac416f Extracting [============>                                      ]  745.9MB/3.001GB
test-ubuntu (3.14t)	Set up Docker Compose	2026-05-19T19:32:20.4326375Z  b5c5a3ac416f Extracting [============>                                      ]  754.8MB/3.001GB
test-ubuntu (3.14t)	Set up Docker Compose	2026-05-19T19:32:20.5397673Z  b5c5a3ac416f Extracting [============>                                      ]    771MB/3.001GB
test-ubuntu (3.14t)	Set up Docker Compose	2026-05-19T19:32:20.6399420Z  b5c5a3ac416f Extracting [=============>                                     ]  792.7MB/3.001GB
test-ubuntu (3.14t)	Set up Docker Compose	2026-05-19T19:32:20.7413179Z  b5c5a3ac416f Extracting [=============>                                     ]  821.1MB/3.001GB
test-ubuntu (3.14t)	Set up Docker Compose	2026-05-19T19:32:20.8420283Z  b5c5a3ac416f Extracting [==============>                                    ]  849.5MB/3.001GB
test-ubuntu (3.14t)	Set up Docker Compose	2026-05-19T19:32:20.9424674Z  b5c5a3ac416f Extracting [==============>                                    ]  877.9MB/3.001GB
test-ubuntu (3.14t)	Set up Docker Compose	2026-05-19T19:32:21.0434225Z  b5c5a3ac416f Extracting [==============>                                    ]  891.8MB/3.001GB
test-ubuntu (3.14t)	Set up Docker Compose	2026-05-19T19:32:21.1447793Z  b5c5a3ac416f Extracting [===============>                                   ]  909.7MB/3.001GB
test-ubuntu (3.14t)	Set up Docker Compose	2026-05-19T19:32:21.2452685Z  b5c5a3ac416f Extracting [===============>                                   ]  937.5MB/3.001GB
test-ubuntu (3.14t)	Set up Docker Compose	2026-05-19T19:32:21.3462838Z  b5c5a3ac416f Extracting [================>                                  ]  965.9MB/3.001GB
test-ubuntu (3.14t)	Set up Docker Compose	2026-05-19T19:32:21.4792072Z  b5c5a3ac416f Extracting [================>                                  ]  972.6MB/3.001GB
test-ubuntu (3.14t)	Set up Docker Compose	2026-05-19T19:32:21.5801781Z  b5c5a3ac416f Extracting [================>                                  ]  986.5MB/3.001GB
test-ubuntu (3.14t)	Set up Docker Compose	2026-05-19T19:32:21.6818259Z  b5c5a3ac416f Extracting [================>                                  ]  1.016GB/3.001GB
test-ubuntu (3.14t)	Set up Docker Compose	2026-05-19T19:32:21.7823388Z  b5c5a3ac416f Extracting [=================>                                 ]  1.044GB/3.001GB
test-ubuntu (3.14t)	Set up Docker Compose	2026-05-19T19:32:21.8835840Z  b5c5a3ac416f Extracting [=================>                                 ]  1.073GB/3.001GB
test-ubuntu (3.14t)	Set up Docker Compose	2026-05-19T19:32:21.9857043Z  b5c5a3ac416f Extracting [==================>                                ]  1.102GB/3.001GB
test-ubuntu (3.14t)	Set up Docker Compose	2026-05-19T19:32:22.0864430Z  b5c5a3ac416f Extracting [==================>                                ]   1.12GB/3.001GB
test-ubuntu (3.14t)	Set up Docker Compose	2026-05-19T19:32:22.1913017Z  b5c5a3ac416f Extracting [==================>                                ]  1.128GB/3.001GB
test-ubuntu (3.14t)	Set up Docker Compose	2026-05-19T19:32:22.2976752Z  b5c5a3ac416f Extracting [==================>                                ]  1.138GB/3.001GB
test-ubuntu (3.14t)	Set up Docker Compose	2026-05-19T19:32:22.3994724Z  b5c5a3ac416f Extracting [===================>                               ]  1.146GB/3.001GB
test-ubuntu (3.14t)	Set up Docker Compose	2026-05-19T19:32:22.5045947Z  b5c5a3ac416f Extracting [===================>                               ]  1.157GB/3.001GB
test-ubuntu (3.14t)	Set up Docker Compose	2026-05-19T19:32:22.6142016Z  b5c5a3ac416f Extracting [===================>                               ]  1.163GB/3.001GB
test-ubuntu (3.14t)	Set up Docker Compose	2026-05-19T19:32:22.7190516Z  b5c5a3ac416f Extracting [===================>                               ]  1.171GB/3.001GB
test-ubuntu (3.14t)	Set up Docker Compose	2026-05-19T19:32:22.8234625Z  b5c5a3ac416f Extracting [===================>                               ]  1.179GB/3.001GB
test-ubuntu (3.14t)	Set up Docker Compose	2026-05-19T19:32:22.9294646Z  b5c5a3ac416f Extracting [===================>                               ]  1.189GB/3.001GB
test-ubuntu (3.14t)	Set up Docker Compose	2026-05-19T19:32:23.0340323Z  b5c5a3ac416f Extracting [===================>                               ]  1.198GB/3.001GB
test-ubuntu (3.14t)	Set up Docker Compose	2026-05-19T19:32:23.1412137Z  b5c5a3ac416f Extracting [====================>                              ]  1.209GB/3.001GB
test-ubuntu (3.14t)	Set up Docker Compose	2026-05-19T19:32:23.1882793Z  0124d324831b Pull complete 
test-ubuntu (3.14t)	Set up Docker Compose	2026-05-19T19:32:23.1884183Z  ca64c64b8c6b Pull complete 
test-ubuntu (3.14t)	Set up Docker Compose	2026-05-19T19:32:23.1901002Z  eded19f67da4 Extracting [=========>                                         ]  32.77kB/167.6kB
test-ubuntu (3.14t)	Set up Docker Compose	2026-05-19T19:32:23.1959504Z  5d4e761fb5e7 Extracting [==================================================>]  11.93kB/11.93kB
test-ubuntu (3.14t)	Set up Docker Compose	2026-05-19T19:32:23.1960733Z  5d4e761fb5e7 Extracting [==================================================>]  11.93kB/11.93kB
test-ubuntu (3.14t)	Set up Docker Compose	2026-05-19T19:32:23.2006411Z  eded19f67da4 Extracting [==================================================>]  167.6kB/167.6kB
test-ubuntu (3.14t)	Set up Docker Compose	2026-05-19T19:32:23.2168666Z  eded19f67da4 Extracting [==================================================>]  167.6kB/167.6kB
test-ubuntu (3.14t)	Set up Docker Compose	2026-05-19T19:32:23.2794799Z  b5c5a3ac416f Extracting [====================>                              ]  1.214GB/3.001GB
test-ubuntu (3.14t)	Set up Docker Compose	2026-05-19T19:32:23.5383836Z  b5c5a3ac416f Extracting [====================>                              ]  1.222GB/3.001GB
test-ubuntu (3.14t)	Set up Docker Compose	2026-05-19T19:32:23.5795225Z  5d4e761fb5e7 Pull complete 
test-ubuntu (3.14t)	Set up Docker Compose	2026-05-19T19:32:23.5797915Z  eded19f67da4 Pull complete 
test-ubuntu (3.14t)	Set up Docker Compose	2026-05-19T19:32:23.5837337Z  45f569379759 Extracting [>                                                  ]  163.8kB/13.42MB
test-ubuntu (3.14t)	Set up Docker Compose	2026-05-19T19:32:23.5908089Z  coreason-worker Pulled 
test-ubuntu (3.14t)	Set up Docker Compose	2026-05-19T19:32:23.6391126Z  b5c5a3ac416f Extracting [====================>                              ]  1.229GB/3.001GB
test-ubuntu (3.14t)	Set up Docker Compose	2026-05-19T19:32:23.6851844Z  45f569379759 Extracting [=====================>                             ]  5.734MB/13.42MB
test-ubuntu (3.14t)	Set up Docker Compose	2026-05-19T19:32:23.7409014Z  b5c5a3ac416f Extracting [====================>                              ]  1.238GB/3.001GB
test-ubuntu (3.14t)	Set up Docker Compose	2026-05-19T19:32:23.7873251Z  45f569379759 Extracting [===========================================>       ]  11.63MB/13.42MB
test-ubuntu (3.14t)	Set up Docker Compose	2026-05-19T19:32:23.8247185Z  45f569379759 Extracting [==================================================>]  13.42MB/13.42MB
test-ubuntu (3.14t)	Set up Docker Compose	2026-05-19T19:32:23.8260286Z  45f569379759 Extracting [==================================================>]  13.42MB/13.42MB
test-ubuntu (3.14t)	Set up Docker Compose	2026-05-19T19:32:23.8466260Z  b5c5a3ac416f Extracting [====================>                              ]  1.246GB/3.001GB
test-ubuntu (3.14t)	Set up Docker Compose	2026-05-19T19:32:23.8623882Z  45f569379759 Pull complete 
test-ubuntu (3.14t)	Set up Docker Compose	2026-05-19T19:32:23.8640294Z  2f5d19039fdb Extracting [==================================================>]     162B/162B
test-ubuntu (3.14t)	Set up Docker Compose	2026-05-19T19:32:23.8648804Z  2f5d19039fdb Extracting [==================================================>]     162B/162B
test-ubuntu (3.14t)	Set up Docker Compose	2026-05-19T19:32:23.8769400Z  2f5d19039fdb Pull complete 
test-ubuntu (3.14t)	Set up Docker Compose	2026-05-19T19:32:23.8783182Z  4f4fb700ef54 Extracting [==================================================>]      32B/32B
test-ubuntu (3.14t)	Set up Docker Compose	2026-05-19T19:32:23.8791771Z  4f4fb700ef54 Extracting [==================================================>]      32B/32B
test-ubuntu (3.14t)	Set up Docker Compose	2026-05-19T19:32:23.8875696Z  4f4fb700ef54 Pull complete 
test-ubuntu (3.14t)	Set up Docker Compose	2026-05-19T19:32:23.8893849Z  c8533800cdf1 Extracting [==================================================>]  1.334kB/1.334kB
test-ubuntu (3.14t)	Set up Docker Compose	2026-05-19T19:32:23.8901606Z  c8533800cdf1 Extracting [==================================================>]  1.334kB/1.334kB
test-ubuntu (3.14t)	Set up Docker Compose	2026-05-19T19:32:23.8980900Z  c8533800cdf1 Pull complete 
test-ubuntu (3.14t)	Set up Docker Compose	2026-05-19T19:32:23.9061430Z  grafana Pulled 
test-ubuntu (3.14t)	Set up Docker Compose	2026-05-19T19:32:23.9495138Z  b5c5a3ac416f Extracting [====================>                              ]  1.256GB/3.001GB
test-ubuntu (3.14t)	Set up Docker Compose	2026-05-19T19:32:24.0513041Z  b5c5a3ac416f Extracting [=====================>                             ]  1.268GB/3.001GB
test-ubuntu (3.14t)	Set up Docker Compose	2026-05-19T19:32:24.1524069Z  b5c5a3ac416f Extracting [=====================>                             ]  1.297GB/3.001GB
test-ubuntu (3.14t)	Set up Docker Compose	2026-05-19T19:32:24.2529431Z  b5c5a3ac416f Extracting [======================>                            ]  1.325GB/3.001GB
test-ubuntu (3.14t)	Set up Docker Compose	2026-05-19T19:32:24.3537073Z  b5c5a3ac416f Extracting [======================>                            ]  1.354GB/3.001GB
test-ubuntu (3.14t)	Set up Docker Compose	2026-05-19T19:32:24.4616246Z  b5c5a3ac416f Extracting [======================>                            ]  1.366GB/3.001GB
test-ubuntu (3.14t)	Set up Docker Compose	2026-05-19T19:32:24.5622774Z  b5c5a3ac416f Extracting [======================>                            ]  1.374GB/3.001GB
test-ubuntu (3.14t)	Set up Docker Compose	2026-05-19T19:32:24.6642579Z  b5c5a3ac416f Extracting [=======================>                           ]  1.386GB/3.001GB
test-ubuntu (3.14t)	Set up Docker Compose	2026-05-19T19:32:24.7650971Z  b5c5a3ac416f Extracting [=======================>                           ]  1.414GB/3.001GB
test-ubuntu (3.14t)	Set up Docker Compose	2026-05-19T19:32:24.8668188Z  b5c5a3ac416f Extracting [========================>                          ]  1.443GB/3.001GB
test-ubuntu (3.14t)	Set up Docker Compose	2026-05-19T19:32:24.9684371Z  b5c5a3ac416f Extracting [========================>                          ]  1.472GB/3.001GB
test-ubuntu (3.14t)	Set up Docker Compose	2026-05-19T19:32:25.0696964Z  b5c5a3ac416f Extracting [========================>                          ]  1.501GB/3.001GB
test-ubuntu (3.14t)	Set up Docker Compose	2026-05-19T19:32:25.1715298Z  b5c5a3ac416f Extracting [=========================>                         ]  1.528GB/3.001GB
test-ubuntu (3.14t)	Set up Docker Compose	2026-05-19T19:32:25.2736837Z  b5c5a3ac416f Extracting [=========================>                         ]  1.551GB/3.001GB
test-ubuntu (3.14t)	Set up Docker Compose	2026-05-19T19:32:25.3749992Z  b5c5a3ac416f Extracting [=========================>                         ]  1.559GB/3.001GB
test-ubuntu (3.14t)	Set up Docker Compose	2026-05-19T19:32:25.4820464Z  b5c5a3ac416f Extracting [==========================>                        ]  1.573GB/3.001GB
test-ubuntu (3.14t)	Set up Docker Compose	2026-05-19T19:32:25.5857117Z  b5c5a3ac416f Extracting [==========================>                        ]  1.581GB/3.001GB
test-ubuntu (3.14t)	Set up Docker Compose	2026-05-19T19:32:25.6861213Z  b5c5a3ac416f Extracting [==========================>                        ]   1.59GB/3.001GB
test-ubuntu (3.14t)	Set up Docker Compose	2026-05-19T19:32:25.7868821Z  b5c5a3ac416f Extracting [==========================>                        ]  1.614GB/3.001GB
test-ubuntu (3.14t)	Set up Docker Compose	2026-05-19T19:32:25.8911735Z  b5c5a3ac416f Extracting [===========================>                       ]  1.631GB/3.001GB
test-ubuntu (3.14t)	Set up Docker Compose	2026-05-19T19:32:25.9935533Z  b5c5a3ac416f Extracting [===========================>                       ]  1.639GB/3.001GB
test-ubuntu (3.14t)	Set up Docker Compose	2026-05-19T19:32:26.1023307Z  b5c5a3ac416f Extracting [===========================>                       ]  1.646GB/3.001GB
test-ubuntu (3.14t)	Set up Docker Compose	2026-05-19T19:32:26.2033873Z  b5c5a3ac416f Extracting [===========================>                       ]  1.671GB/3.001GB
test-ubuntu (3.14t)	Set up Docker Compose	2026-05-19T19:32:26.3043433Z  b5c5a3ac416f Extracting [============================>                      ]    1.7GB/3.001GB
test-ubuntu (3.14t)	Set up Docker Compose	2026-05-19T19:32:26.4042213Z  b5c5a3ac416f Extracting [============================>                      ]  1.729GB/3.001GB
test-ubuntu (3.14t)	Set up Docker Compose	2026-05-19T19:32:26.5056847Z  b5c5a3ac416f Extracting [=============================>                     ]  1.754GB/3.001GB
test-ubuntu (3.14t)	Set up Docker Compose	2026-05-19T19:32:26.6060921Z  b5c5a3ac416f Extracting [=============================>                     ]   1.78GB/3.001GB
test-ubuntu (3.14t)	Set up Docker Compose	2026-05-19T19:32:26.7061704Z  b5c5a3ac416f Extracting [=============================>                     ]  1.798GB/3.001GB
test-ubuntu (3.14t)	Set up Docker Compose	2026-05-19T19:32:26.8073017Z  b5c5a3ac416f Extracting [==============================>                    ]  1.825GB/3.001GB
test-ubuntu (3.14t)	Set up Docker Compose	2026-05-19T19:32:26.9092404Z  b5c5a3ac416f Extracting [==============================>                    ]  1.854GB/3.001GB
test-ubuntu (3.14t)	Set up Docker Compose	2026-05-19T19:32:27.0092218Z  b5c5a3ac416f Extracting [===============================>                   ]  1.883GB/3.001GB
test-ubuntu (3.14t)	Set up Docker Compose	2026-05-19T19:32:27.1107164Z  b5c5a3ac416f Extracting [===============================>                   ]  1.912GB/3.001GB
test-ubuntu (3.14t)	Set up Docker Compose	2026-05-19T19:32:27.2116895Z  b5c5a3ac416f Extracting [================================>                  ]   1.94GB/3.001GB
test-ubuntu (3.14t)	Set up Docker Compose	2026-05-19T19:32:27.3132423Z  b5c5a3ac416f Extracting [================================>                  ]  1.969GB/3.001GB
test-ubuntu (3.14t)	Set up Docker Compose	2026-05-19T19:32:27.4167654Z  b5c5a3ac416f Extracting [=================================>                 ]  1.993GB/3.001GB
test-ubuntu (3.14t)	Set up Docker Compose	2026-05-19T19:32:27.5181694Z  b5c5a3ac416f Extracting [=================================>                 ]  2.002GB/3.001GB
test-ubuntu (3.14t)	Set up Docker Compose	2026-05-19T19:32:27.6207814Z  b5c5a3ac416f Extracting [=================================>                 ]  2.009GB/3.001GB
test-ubuntu (3.14t)	Set up Docker Compose	2026-05-19T19:32:27.7227475Z  b5c5a3ac416f Extracting [=================================>                 ]  2.023GB/3.001GB
test-ubuntu (3.14t)	Set up Docker Compose	2026-05-19T19:32:27.8244261Z  b5c5a3ac416f Extracting [==================================>                ]  2.046GB/3.001GB
test-ubuntu (3.14t)	Set up Docker Compose	2026-05-19T19:32:27.9542218Z  b5c5a3ac416f Extracting [==================================>                ]  2.065GB/3.001GB
test-ubuntu (3.14t)	Set up Docker Compose	2026-05-19T19:32:28.0600325Z  b5c5a3ac416f Extracting [==================================>                ]  2.074GB/3.001GB
test-ubuntu (3.14t)	Set up Docker Compose	2026-05-19T19:32:28.2099584Z  b5c5a3ac416f Extracting [==================================>                ]  2.083GB/3.001GB
test-ubuntu (3.14t)	Set up Docker Compose	2026-05-19T19:32:28.6479307Z  b5c5a3ac416f Extracting [==================================>                ]  2.084GB/3.001GB
test-ubuntu (3.14t)	Set up Docker Compose	2026-05-19T19:32:28.7496993Z  b5c5a3ac416f Extracting [==================================>                ]  2.085GB/3.001GB
test-ubuntu (3.14t)	Set up Docker Compose	2026-05-19T19:32:28.8501881Z  b5c5a3ac416f Extracting [==================================>                ]  2.091GB/3.001GB
test-ubuntu (3.14t)	Set up Docker Compose	2026-05-19T19:32:29.0433746Z  b5c5a3ac416f Extracting [==================================>                ]  2.093GB/3.001GB
test-ubuntu (3.14t)	Set up Docker Compose	2026-05-19T19:32:29.1945647Z  b5c5a3ac416f Extracting [==================================>                ]  2.094GB/3.001GB
test-ubuntu (3.14t)	Set up Docker Compose	2026-05-19T19:32:29.3418606Z  b5c5a3ac416f Extracting [==================================>                ]  2.095GB/3.001GB
test-ubuntu (3.14t)	Set up Docker Compose	2026-05-19T19:32:29.4744868Z  b5c5a3ac416f Extracting [==================================>                ]  2.096GB/3.001GB
test-ubuntu (3.14t)	Set up Docker Compose	2026-05-19T19:32:29.6175525Z  b5c5a3ac416f Extracting [==================================>                ]  2.098GB/3.001GB
test-ubuntu (3.14t)	Set up Docker Compose	2026-05-19T19:32:29.7191841Z  b5c5a3ac416f Extracting [===================================>               ]  2.106GB/3.001GB
test-ubuntu (3.14t)	Set up Docker Compose	2026-05-19T19:32:29.8217273Z  b5c5a3ac416f Extracting [===================================>               ]  2.115GB/3.001GB
test-ubuntu (3.14t)	Set up Docker Compose	2026-05-19T19:32:29.9217336Z  b5c5a3ac416f Extracting [===================================>               ]  2.122GB/3.001GB
test-ubuntu (3.14t)	Set up Docker Compose	2026-05-19T19:32:30.0774357Z  b5c5a3ac416f Extracting [===================================>               ]  2.123GB/3.001GB
test-ubuntu (3.14t)	Set up Docker Compose	2026-05-19T19:32:30.1838015Z  b5c5a3ac416f Extracting [===================================>               ]  2.131GB/3.001GB
test-ubuntu (3.14t)	Set up Docker Compose	2026-05-19T19:32:30.2855675Z  b5c5a3ac416f Extracting [===================================>               ]   2.14GB/3.001GB
test-ubuntu (3.14t)	Set up Docker Compose	2026-05-19T19:32:30.3892836Z  b5c5a3ac416f Extracting [===================================>               ]  2.147GB/3.001GB
test-ubuntu (3.14t)	Set up Docker Compose	2026-05-19T19:32:30.4908109Z  b5c5a3ac416f Extracting [===================================>               ]  2.155GB/3.001GB
test-ubuntu (3.14t)	Set up Docker Compose	2026-05-19T19:32:30.5936536Z  b5c5a3ac416f Extracting [====================================>              ]  2.162GB/3.001GB
test-ubuntu (3.14t)	Set up Docker Compose	2026-05-19T19:32:30.7214547Z  b5c5a3ac416f Extracting [====================================>              ]  2.169GB/3.001GB
test-ubuntu (3.14t)	Set up Docker Compose	2026-05-19T19:32:30.8423889Z  b5c5a3ac416f Extracting [====================================>              ]  2.173GB/3.001GB
test-ubuntu (3.14t)	Set up Docker Compose	2026-05-19T19:32:30.9622249Z  b5c5a3ac416f Extracting [====================================>              ]  2.174GB/3.001GB
test-ubuntu (3.14t)	Set up Docker Compose	2026-05-19T19:32:31.1024757Z  b5c5a3ac416f Extracting [====================================>              ]  2.176GB/3.001GB
test-ubuntu (3.14t)	Set up Docker Compose	2026-05-19T19:32:31.2053045Z  b5c5a3ac416f Extracting [====================================>              ]   2.18GB/3.001GB
test-ubuntu (3.14t)	Set up Docker Compose	2026-05-19T19:32:31.3122102Z  b5c5a3ac416f Extracting [====================================>              ]  2.182GB/3.001GB
test-ubuntu (3.14t)	Set up Docker Compose	2026-05-19T19:32:31.4147106Z  b5c5a3ac416f Extracting [====================================>              ]  2.186GB/3.001GB
test-ubuntu (3.14t)	Set up Docker Compose	2026-05-19T19:32:31.5255725Z  b5c5a3ac416f Extracting [====================================>              ]   2.19GB/3.001GB
test-ubuntu (3.14t)	Set up Docker Compose	2026-05-19T19:32:31.6314628Z  b5c5a3ac416f Extracting [====================================>              ]  2.195GB/3.001GB
test-ubuntu (3.14t)	Set up Docker Compose	2026-05-19T19:32:31.7316860Z  b5c5a3ac416f Extracting [====================================>              ]    2.2GB/3.001GB
test-ubuntu (3.14t)	Set up Docker Compose	2026-05-19T19:32:31.8332751Z  b5c5a3ac416f Extracting [====================================>              ]  2.205GB/3.001GB
test-ubuntu (3.14t)	Set up Docker Compose	2026-05-19T19:32:31.9744652Z  b5c5a3ac416f Extracting [====================================>              ]  2.212GB/3.001GB
test-ubuntu (3.14t)	Set up Docker Compose	2026-05-19T19:32:32.1405482Z  b5c5a3ac416f Extracting [====================================>              ]  2.213GB/3.001GB
test-ubuntu (3.14t)	Set up Docker Compose	2026-05-19T19:32:32.2639052Z  b5c5a3ac416f Extracting [====================================>              ]  2.215GB/3.001GB
test-ubuntu (3.14t)	Set up Docker Compose	2026-05-19T19:32:32.3859809Z  b5c5a3ac416f Extracting [====================================>              ]  2.218GB/3.001GB
test-ubuntu (3.14t)	Set up Docker Compose	2026-05-19T19:32:32.4912994Z  b5c5a3ac416f Extracting [====================================>              ]   2.22GB/3.001GB
test-ubuntu (3.14t)	Set up Docker Compose	2026-05-19T19:32:32.6050730Z  b5c5a3ac416f Extracting [=====================================>             ]  2.223GB/3.001GB
test-ubuntu (3.14t)	Set up Docker Compose	2026-05-19T19:32:32.7198358Z  b5c5a3ac416f Extracting [=====================================>             ]  2.224GB/3.001GB
test-ubuntu (3.14t)	Set up Docker Compose	2026-05-19T19:32:32.8397246Z  b5c5a3ac416f Extracting [=====================================>             ]  2.226GB/3.001GB
test-ubuntu (3.14t)	Set up Docker Compose	2026-05-19T19:32:32.9588646Z  b5c5a3ac416f Extracting [=====================================>             ]  2.228GB/3.001GB
test-ubuntu (3.14t)	Set up Docker Compose	2026-05-19T19:32:33.1059565Z  b5c5a3ac416f Extracting [=====================================>             ]  2.229GB/3.001GB
test-ubuntu (3.14t)	Set up Docker Compose	2026-05-19T19:32:33.2386014Z  b5c5a3ac416f Extracting [=====================================>             ]   2.23GB/3.001GB
test-ubuntu (3.14t)	Set up Docker Compose	2026-05-19T19:32:33.3831210Z  b5c5a3ac416f Extracting [=====================================>             ]  2.232GB/3.001GB
test-ubuntu (3.14t)	Set up Docker Compose	2026-05-19T19:32:33.5870511Z  b5c5a3ac416f Extracting [=====================================>             ]  2.234GB/3.001GB
test-ubuntu (3.14t)	Set up Docker Compose	2026-05-19T19:32:33.7457068Z  b5c5a3ac416f Extracting [=====================================>             ]  2.235GB/3.001GB
test-ubuntu (3.14t)	Set up Docker Compose	2026-05-19T19:32:33.8487837Z  b5c5a3ac416f Extracting [=====================================>             ]   2.24GB/3.001GB
test-ubuntu (3.14t)	Set up Docker Compose	2026-05-19T19:32:33.9852340Z  b5c5a3ac416f Extracting [=====================================>             ]  2.248GB/3.001GB
test-ubuntu (3.14t)	Set up Docker Compose	2026-05-19T19:32:34.0965823Z  b5c5a3ac416f Extracting [=====================================>             ]  2.253GB/3.001GB
test-ubuntu (3.14t)	Set up Docker Compose	2026-05-19T19:32:34.2053289Z  b5c5a3ac416f Extracting [=====================================>             ]  2.254GB/3.001GB
test-ubuntu (3.14t)	Set up Docker Compose	2026-05-19T19:32:34.3190210Z  b5c5a3ac416f Extracting [=====================================>             ]  2.256GB/3.001GB
test-ubuntu (3.14t)	Set up Docker Compose	2026-05-19T19:32:34.4275801Z  b5c5a3ac416f Extracting [=====================================>             ]  2.257GB/3.001GB
test-ubuntu (3.14t)	Set up Docker Compose	2026-05-19T19:32:34.5286674Z  b5c5a3ac416f Extracting [=====================================>             ]  2.264GB/3.001GB
test-ubuntu (3.14t)	Set up Docker Compose	2026-05-19T19:32:34.6365511Z  b5c5a3ac416f Extracting [=====================================>             ]  2.274GB/3.001GB
test-ubuntu (3.14t)	Set up Docker Compose	2026-05-19T19:32:34.7604728Z  b5c5a3ac416f Extracting [=====================================>             ]  2.275GB/3.001GB
test-ubuntu (3.14t)	Set up Docker Compose	2026-05-19T19:32:34.8703874Z  b5c5a3ac416f Extracting [=====================================>             ]  2.276GB/3.001GB
test-ubuntu (3.14t)	Set up Docker Compose	2026-05-19T19:32:35.0617004Z  b5c5a3ac416f Extracting [=====================================>             ]  2.277GB/3.001GB
test-ubuntu (3.14t)	Set up Docker Compose	2026-05-19T19:32:36.7009893Z  b5c5a3ac416f Extracting [=====================================>             ]  2.278GB/3.001GB
test-ubuntu (3.14t)	Set up Docker Compose	2026-05-19T19:32:37.1093176Z  b5c5a3ac416f Extracting [=====================================>             ]  2.278GB/3.001GB
test-ubuntu (3.14t)	Set up Docker Compose	2026-05-19T19:32:37.2425267Z  b5c5a3ac416f Extracting [=====================================>             ]  2.279GB/3.001GB
test-ubuntu (3.14t)	Set up Docker Compose	2026-05-19T19:32:37.4089428Z  b5c5a3ac416f Extracting [=====================================>             ]   2.28GB/3.001GB
test-ubuntu (3.14t)	Set up Docker Compose	2026-05-19T19:32:37.5752827Z  b5c5a3ac416f Extracting [=====================================>             ]  2.281GB/3.001GB
test-ubuntu (3.14t)	Set up Docker Compose	2026-05-19T19:32:37.7864415Z  b5c5a3ac416f Extracting [======================================>            ]  2.281GB/3.001GB
test-ubuntu (3.14t)	Set up Docker Compose	2026-05-19T19:32:37.8924686Z  b5c5a3ac416f Extracting [======================================>            ]  2.287GB/3.001GB
test-ubuntu (3.14t)	Set up Docker Compose	2026-05-19T19:32:37.9984130Z  b5c5a3ac416f Extracting [======================================>            ]  2.296GB/3.001GB
test-ubuntu (3.14t)	Set up Docker Compose	2026-05-19T19:32:38.1009970Z  b5c5a3ac416f Extracting [======================================>            ]  2.303GB/3.001GB
test-ubuntu (3.14t)	Set up Docker Compose	2026-05-19T19:32:38.2017239Z  b5c5a3ac416f Extracting [======================================>            ]  2.311GB/3.001GB
test-ubuntu (3.14t)	Set up Docker Compose	2026-05-19T19:32:38.3054678Z  b5c5a3ac416f Extracting [======================================>            ]   2.32GB/3.001GB
test-ubuntu (3.14t)	Set up Docker Compose	2026-05-19T19:32:38.4070389Z  b5c5a3ac416f Extracting [======================================>            ]  2.327GB/3.001GB
test-ubuntu (3.14t)	Set up Docker Compose	2026-05-19T19:32:38.5085678Z  b5c5a3ac416f Extracting [======================================>            ]  2.335GB/3.001GB
test-ubuntu (3.14t)	Set up Docker Compose	2026-05-19T19:32:38.6147463Z  b5c5a3ac416f Extracting [=======================================>           ]  2.344GB/3.001GB
test-ubuntu (3.14t)	Set up Docker Compose	2026-05-19T19:32:38.7198884Z  b5c5a3ac416f Extracting [=======================================>           ]  2.351GB/3.001GB
test-ubuntu (3.14t)	Set up Docker Compose	2026-05-19T19:32:38.8248899Z  b5c5a3ac416f Extracting [=======================================>           ]  2.359GB/3.001GB
test-ubuntu (3.14t)	Set up Docker Compose	2026-05-19T19:32:38.9333717Z  b5c5a3ac416f Extracting [=======================================>           ]  2.367GB/3.001GB
test-ubuntu (3.14t)	Set up Docker Compose	2026-05-19T19:32:39.0337173Z  b5c5a3ac416f Extracting [=======================================>           ]  2.374GB/3.001GB
test-ubuntu (3.14t)	Set up Docker Compose	2026-05-19T19:32:39.1355981Z  b5c5a3ac416f Extracting [=======================================>           ]  2.381GB/3.001GB
test-ubuntu (3.14t)	Set up Docker Compose	2026-05-19T19:32:39.2397375Z  b5c5a3ac416f Extracting [=======================================>           ]   2.39GB/3.001GB
test-ubuntu (3.14t)	Set up Docker Compose	2026-05-19T19:32:39.3792591Z  b5c5a3ac416f Extracting [=======================================>           ]  2.397GB/3.001GB
test-ubuntu (3.14t)	Set up Docker Compose	2026-05-19T19:32:39.4950641Z  b5c5a3ac416f Extracting [=======================================>           ]  2.399GB/3.001GB
test-ubuntu (3.14t)	Set up Docker Compose	2026-05-19T19:32:39.6221006Z  b5c5a3ac416f Extracting [========================================>          ]  2.405GB/3.001GB
test-ubuntu (3.14t)	Set up Docker Compose	2026-05-19T19:32:39.7228472Z  b5c5a3ac416f Extracting [========================================>          ]  2.412GB/3.001GB
test-ubuntu (3.14t)	Set up Docker Compose	2026-05-19T19:32:39.8274651Z  b5c5a3ac416f Extracting [========================================>          ]  2.419GB/3.001GB
test-ubuntu (3.14t)	Set up Docker Compose	2026-05-19T19:32:39.9281847Z  b5c5a3ac416f Extracting [========================================>          ]  2.438GB/3.001GB
test-ubuntu (3.14t)	Set up Docker Compose	2026-05-19T19:32:40.0286995Z  b5c5a3ac416f Extracting [=========================================>         ]  2.467GB/3.001GB
test-ubuntu (3.14t)	Set up Docker Compose	2026-05-19T19:32:40.1301859Z  b5c5a3ac416f Extracting [=========================================>         ]  2.496GB/3.001GB
test-ubuntu (3.14t)	Set up Docker Compose	2026-05-19T19:32:40.2326514Z  b5c5a3ac416f Extracting [==========================================>        ]  2.521GB/3.001GB
test-ubuntu (3.14t)	Set up Docker Compose	2026-05-19T19:32:40.3331087Z  b5c5a3ac416f Extracting [==========================================>        ]  2.547GB/3.001GB
test-ubuntu (3.14t)	Set up Docker Compose	2026-05-19T19:32:40.4350792Z  b5c5a3ac416f Extracting [==========================================>        ]  2.576GB/3.001GB
test-ubuntu (3.14t)	Set up Docker Compose	2026-05-19T19:32:40.5365502Z  b5c5a3ac416f Extracting [===========================================>       ]  2.605GB/3.001GB
test-ubuntu (3.14t)	Set up Docker Compose	2026-05-19T19:32:40.6374897Z  b5c5a3ac416f Extracting [===========================================>       ]  2.633GB/3.001GB
test-ubuntu (3.14t)	Set up Docker Compose	2026-05-19T19:32:40.7394269Z  b5c5a3ac416f Extracting [============================================>      ]  2.662GB/3.001GB
test-ubuntu (3.14t)	Set up Docker Compose	2026-05-19T19:32:40.8406436Z  b5c5a3ac416f Extracting [============================================>      ]  2.691GB/3.001GB
test-ubuntu (3.14t)	Set up Docker Compose	2026-05-19T19:32:40.9420440Z  b5c5a3ac416f Extracting [=============================================>     ]   2.72GB/3.001GB
test-ubuntu (3.14t)	Set up Docker Compose	2026-05-19T19:32:41.1025863Z  b5c5a3ac416f Extracting [=============================================>     ]  2.727GB/3.001GB
test-ubuntu (3.14t)	Set up Docker Compose	2026-05-19T19:32:41.2137741Z  b5c5a3ac416f Extracting [=============================================>     ]  2.728GB/3.001GB
test-ubuntu (3.14t)	Set up Docker Compose	2026-05-19T19:32:41.3154880Z  b5c5a3ac416f Extracting [=============================================>     ]  2.744GB/3.001GB
test-ubuntu (3.14t)	Set up Docker Compose	2026-05-19T19:32:41.4173081Z  b5c5a3ac416f Extracting [==============================================>    ]  2.765GB/3.001GB
test-ubuntu (3.14t)	Set up Docker Compose	2026-05-19T19:32:41.5219011Z  b5c5a3ac416f Extracting [==============================================>    ]  2.776GB/3.001GB
test-ubuntu (3.14t)	Set up Docker Compose	2026-05-19T19:32:41.6486324Z  b5c5a3ac416f Extracting [==============================================>    ]  2.779GB/3.001GB
test-ubuntu (3.14t)	Set up Docker Compose	2026-05-19T19:32:41.8065568Z  b5c5a3ac416f Extracting [==============================================>    ]   2.78GB/3.001GB
test-ubuntu (3.14t)	Set up Docker Compose	2026-05-19T19:32:41.9248615Z  b5c5a3ac416f Extracting [==============================================>    ]  2.782GB/3.001GB
test-ubuntu (3.14t)	Set up Docker Compose	2026-05-19T19:32:42.0268520Z  b5c5a3ac416f Extracting [==============================================>    ]  2.783GB/3.001GB
test-ubuntu (3.14t)	Set up Docker Compose	2026-05-19T19:32:42.1574343Z  b5c5a3ac416f Extracting [==============================================>    ]  2.784GB/3.001GB
test-ubuntu (3.14t)	Set up Docker Compose	2026-05-19T19:32:42.3007115Z  b5c5a3ac416f Extracting [==============================================>    ]  2.785GB/3.001GB
test-ubuntu (3.14t)	Set up Docker Compose	2026-05-19T19:32:42.4356619Z  b5c5a3ac416f Extracting [==============================================>    ]  2.786GB/3.001GB
test-ubuntu (3.14t)	Set up Docker Compose	2026-05-19T19:32:42.5622520Z  b5c5a3ac416f Extracting [==============================================>    ]  2.788GB/3.001GB
test-ubuntu (3.14t)	Set up Docker Compose	2026-05-19T19:32:42.6789283Z  b5c5a3ac416f Extracting [==============================================>    ]  2.789GB/3.001GB
test-ubuntu (3.14t)	Set up Docker Compose	2026-05-19T19:32:42.7878869Z  b5c5a3ac416f Extracting [==============================================>    ]   2.79GB/3.001GB
test-ubuntu (3.14t)	Set up Docker Compose	2026-05-19T19:32:42.8907051Z  b5c5a3ac416f Extracting [==============================================>    ]  2.796GB/3.001GB
test-ubuntu (3.14t)	Set up Docker Compose	2026-05-19T19:32:42.9946836Z  b5c5a3ac416f Extracting [==============================================>    ]  2.801GB/3.001GB
test-ubuntu (3.14t)	Set up Docker Compose	2026-05-19T19:32:43.0947932Z  b5c5a3ac416f Extracting [==============================================>    ]  2.806GB/3.001GB
test-ubuntu (3.14t)	Set up Docker Compose	2026-05-19T19:32:43.1949542Z  b5c5a3ac416f Extracting [==============================================>    ]  2.811GB/3.001GB
test-ubuntu (3.14t)	Set up Docker Compose	2026-05-19T19:32:43.2996904Z  b5c5a3ac416f Extracting [==============================================>    ]  2.819GB/3.001GB
test-ubuntu (3.14t)	Set up Docker Compose	2026-05-19T19:32:43.3996403Z  b5c5a3ac416f Extracting [===============================================>   ]  2.828GB/3.001GB
test-ubuntu (3.14t)	Set up Docker Compose	2026-05-19T19:32:43.5007821Z  b5c5a3ac416f Extracting [===============================================>   ]  2.837GB/3.001GB
test-ubuntu (3.14t)	Set up Docker Compose	2026-05-19T19:32:43.6032446Z  b5c5a3ac416f Extracting [===============================================>   ]  2.847GB/3.001GB
test-ubuntu (3.14t)	Set up Docker Compose	2026-05-19T19:32:43.7145454Z  b5c5a3ac416f Extracting [===============================================>   ]  2.854GB/3.001GB
test-ubuntu (3.14t)	Set up Docker Compose	2026-05-19T19:32:43.8152145Z  b5c5a3ac416f Extracting [===============================================>   ]  2.858GB/3.001GB
test-ubuntu (3.14t)	Set up Docker Compose	2026-05-19T19:32:43.9196386Z  b5c5a3ac416f Extracting [===============================================>   ]  2.864GB/3.001GB
test-ubuntu (3.14t)	Set up Docker Compose	2026-05-19T19:32:44.0251053Z  b5c5a3ac416f Extracting [===============================================>   ]  2.872GB/3.001GB
test-ubuntu (3.14t)	Set up Docker Compose	2026-05-19T19:32:44.1305416Z  b5c5a3ac416f Extracting [===============================================>   ]  2.881GB/3.001GB
test-ubuntu (3.14t)	Set up Docker Compose	2026-05-19T19:32:44.2312779Z  b5c5a3ac416f Extracting [================================================>  ]  2.889GB/3.001GB
test-ubuntu (3.14t)	Set up Docker Compose	2026-05-19T19:32:44.3329212Z  b5c5a3ac416f Extracting [================================================>  ]  2.898GB/3.001GB
test-ubuntu (3.14t)	Set up Docker Compose	2026-05-19T19:32:44.4388690Z  b5c5a3ac416f Extracting [================================================>  ]  2.908GB/3.001GB
test-ubuntu (3.14t)	Set up Docker Compose	2026-05-19T19:32:44.5479965Z  b5c5a3ac416f Extracting [================================================>  ]  2.915GB/3.001GB
test-ubuntu (3.14t)	Set up Docker Compose	2026-05-19T19:32:44.6550876Z  b5c5a3ac416f Extracting [================================================>  ]   2.92GB/3.001GB
test-ubuntu (3.14t)	Set up Docker Compose	2026-05-19T19:32:44.7563268Z  b5c5a3ac416f Extracting [================================================>  ]  2.927GB/3.001GB
test-ubuntu (3.14t)	Set up Docker Compose	2026-05-19T19:32:44.8616233Z  b5c5a3ac416f Extracting [================================================>  ]   2.93GB/3.001GB
test-ubuntu (3.14t)	Set up Docker Compose	2026-05-19T19:32:44.9674044Z  b5c5a3ac416f Extracting [================================================>  ]  2.937GB/3.001GB
test-ubuntu (3.14t)	Set up Docker Compose	2026-05-19T19:32:45.0757269Z  b5c5a3ac416f Extracting [=================================================> ]  2.947GB/3.001GB
test-ubuntu (3.14t)	Set up Docker Compose	2026-05-19T19:32:45.1792880Z  b5c5a3ac416f Extracting [=================================================> ]  2.955GB/3.001GB
test-ubuntu (3.14t)	Set up Docker Compose	2026-05-19T19:32:45.2887609Z  b5c5a3ac416f Extracting [=================================================> ]  2.961GB/3.001GB
test-ubuntu (3.14t)	Set up Docker Compose	2026-05-19T19:32:45.3935988Z  b5c5a3ac416f Extracting [=================================================> ]  2.969GB/3.001GB
test-ubuntu (3.14t)	Set up Docker Compose	2026-05-19T19:32:45.4981651Z  b5c5a3ac416f Extracting [=================================================> ]  2.974GB/3.001GB
test-ubuntu (3.14t)	Set up Docker Compose	2026-05-19T19:32:45.6090969Z  b5c5a3ac416f Extracting [=================================================> ]   2.98GB/3.001GB
test-ubuntu (3.14t)	Set up Docker Compose	2026-05-19T19:32:45.7198161Z  b5c5a3ac416f Extracting [=================================================> ]  2.985GB/3.001GB
test-ubuntu (3.14t)	Set up Docker Compose	2026-05-19T19:32:45.8304167Z  b5c5a3ac416f Extracting [=================================================> ]  2.991GB/3.001GB
test-ubuntu (3.14t)	Set up Docker Compose	2026-05-19T19:32:45.9782158Z  b5c5a3ac416f Extracting [=================================================> ]  2.995GB/3.001GB
test-ubuntu (3.14t)	Set up Docker Compose	2026-05-19T19:32:46.1359338Z  b5c5a3ac416f Extracting [=================================================> ]  2.996GB/3.001GB
test-ubuntu (3.14t)	Set up Docker Compose	2026-05-19T19:32:46.2574878Z  b5c5a3ac416f Extracting [=================================================> ]  3.001GB/3.001GB
test-ubuntu (3.14t)	Set up Docker Compose	2026-05-19T19:32:46.2662849Z  b5c5a3ac416f Extracting [==================================================>]  3.001GB/3.001GB
test-ubuntu (3.14t)	Set up Docker Compose	2026-05-19T19:32:49.5265206Z  b5c5a3ac416f Pull complete 
test-ubuntu (3.14t)	Set up Docker Compose	2026-05-19T19:32:49.5348184Z  coreason-master-gateway Pulled 
test-ubuntu (3.14t)	Set up Docker Compose	2026-05-19T19:32:49.6326910Z time="2026-05-19T19:32:49Z" level=warning msg="The \"EPISTEMIC_MERKLE_ROOT\" variable is not set. Defaulting to a blank string."
test-ubuntu (3.14t)	Set up Docker Compose	2026-05-19T19:32:49.6328547Z time="2026-05-19T19:32:49Z" level=warning msg="The \"EPISTEMIC_MERKLE_ROOT\" variable is not set. Defaulting to a blank string."
test-ubuntu (3.14t)	Set up Docker Compose	2026-05-19T19:32:49.6330637Z time="2026-05-19T19:32:49Z" level=warning msg="The \"COREASON_TREASURY_CONTRACT\" variable is not set. Defaulting to a blank string."
test-ubuntu (3.14t)	Set up Docker Compose	2026-05-19T19:32:49.6418008Z time="2026-05-19T19:32:49Z" level=warning msg="/home/runner/work/coreason-ecosystem/coreason-ecosystem/infrastructure/local/compose.yaml: the attribute `version` is obsolete, it will be ignored, please remove it to avoid potential confusion"
test-ubuntu (3.14t)	Set up Docker Compose	2026-05-19T19:32:52.2944929Z #1 [internal] load local bake definitions
test-ubuntu (3.14t)	Set up Docker Compose	2026-05-19T19:32:52.4453805Z #1 reading from stdin 478B done
test-ubuntu (3.14t)	Set up Docker Compose	2026-05-19T19:32:52.4454254Z #1 DONE 0.0s
test-ubuntu (3.14t)	Set up Docker Compose	2026-05-19T19:32:52.6031211Z 
test-ubuntu (3.14t)	Set up Docker Compose	2026-05-19T19:32:52.6032015Z #2 [internal] load build definition from Dockerfile
test-ubuntu (3.14t)	Set up Docker Compose	2026-05-19T19:32:52.6032423Z #2 DONE 0.0s
test-ubuntu (3.14t)	Set up Docker Compose	2026-05-19T19:32:52.8107017Z 
test-ubuntu (3.14t)	Set up Docker Compose	2026-05-19T19:32:52.8107653Z #2 [internal] load build definition from Dockerfile
test-ubuntu (3.14t)	Set up Docker Compose	2026-05-19T19:32:52.8108178Z #2 transferring dockerfile: 1.61kB done
test-ubuntu (3.14t)	Set up Docker Compose	2026-05-19T19:32:52.8108447Z #2 DONE 0.0s
test-ubuntu (3.14t)	Set up Docker Compose	2026-05-19T19:32:52.8108554Z 
test-ubuntu (3.14t)	Set up Docker Compose	2026-05-19T19:32:52.8108725Z #3 [auth] library/python:pull token for registry-1.docker.io
test-ubuntu (3.14t)	Set up Docker Compose	2026-05-19T19:32:52.8109047Z #3 DONE 0.0s
test-ubuntu (3.14t)	Set up Docker Compose	2026-05-19T19:32:52.8109159Z 
test-ubuntu (3.14t)	Set up Docker Compose	2026-05-19T19:32:52.8109274Z #4 [auth] astral-sh/uv:pull token for ghcr.io
test-ubuntu (3.14t)	Set up Docker Compose	2026-05-19T19:32:52.8109539Z #4 DONE 0.0s
test-ubuntu (3.14t)	Set up Docker Compose	2026-05-19T19:32:52.8109645Z 
test-ubuntu (3.14t)	Set up Docker Compose	2026-05-19T19:32:52.8109815Z #5 [internal] load metadata for docker.io/library/python:3.14-slim
test-ubuntu (3.14t)	Set up Docker Compose	2026-05-19T19:32:53.0597560Z #5 ...
test-ubuntu (3.14t)	Set up Docker Compose	2026-05-19T19:32:53.0597861Z 
test-ubuntu (3.14t)	Set up Docker Compose	2026-05-19T19:32:53.0598124Z #6 [internal] load metadata for ghcr.io/astral-sh/uv:latest
test-ubuntu (3.14t)	Set up Docker Compose	2026-05-19T19:32:53.0598552Z #6 DONE 0.4s
test-ubuntu (3.14t)	Set up Docker Compose	2026-05-19T19:32:53.1976211Z 
test-ubuntu (3.14t)	Set up Docker Compose	2026-05-19T19:32:53.1979464Z #5 [internal] load metadata for docker.io/library/python:3.14-slim
test-ubuntu (3.14t)	Set up Docker Compose	2026-05-19T19:32:53.1981015Z #5 DONE 0.5s
test-ubuntu (3.14t)	Set up Docker Compose	2026-05-19T19:32:53.1981937Z 
test-ubuntu (3.14t)	Set up Docker Compose	2026-05-19T19:32:53.1983972Z #7 [internal] load .dockerignore
test-ubuntu (3.14t)	Set up Docker Compose	2026-05-19T19:32:53.1984412Z #7 transferring context: 144B done
test-ubuntu (3.14t)	Set up Docker Compose	2026-05-19T19:32:53.1984775Z #7 DONE 0.0s
test-ubuntu (3.14t)	Set up Docker Compose	2026-05-19T19:32:53.1984932Z 
test-ubuntu (3.14t)	Set up Docker Compose	2026-05-19T19:32:53.1985521Z #8 [builder  1/13] FROM docker.io/library/python:3.14-slim@sha256:7a500125bc50693f2214e842a621440a1b1b9cbb2188f74ab045d29ed2ea5856
test-ubuntu (3.14t)	Set up Docker Compose	2026-05-19T19:32:53.1986821Z #8 resolve docker.io/library/python:3.14-slim@sha256:7a500125bc50693f2214e842a621440a1b1b9cbb2188f74ab045d29ed2ea5856 done
test-ubuntu (3.14t)	Set up Docker Compose	2026-05-19T19:32:53.1987970Z #8 sha256:7a500125bc50693f2214e842a621440a1b1b9cbb2188f74ab045d29ed2ea5856 10.37kB / 10.37kB done
test-ubuntu (3.14t)	Set up Docker Compose	2026-05-19T19:32:53.1991751Z #8 sha256:cb2a026931ad98548889f820f852e3399cdf45af067577baba5e06d222bd08d1 1.75kB / 1.75kB done
test-ubuntu (3.14t)	Set up Docker Compose	2026-05-19T19:32:53.1993867Z #8 sha256:2e3f788256a7e2abe86eb972dd72d7bcdf4273f5d775817d2e3619170852559b 4.93kB / 4.93kB done
test-ubuntu (3.14t)	Set up Docker Compose	2026-05-19T19:32:53.1994659Z #8 DONE 0.0s
test-ubuntu (3.14t)	Set up Docker Compose	2026-05-19T19:32:53.1994845Z 
test-ubuntu (3.14t)	Set up Docker Compose	2026-05-19T19:32:53.1995391Z #9 FROM ghcr.io/astral-sh/uv:latest@sha256:e590846f4776907b254ac0f44b5b380347af5d90d668138ca7938d1b0c2f98d3
test-ubuntu (3.14t)	Set up Docker Compose	2026-05-19T19:32:53.1996646Z #9 resolve ghcr.io/astral-sh/uv:latest@sha256:e590846f4776907b254ac0f44b5b380347af5d90d668138ca7938d1b0c2f98d3 done
test-ubuntu (3.14t)	Set up Docker Compose	2026-05-19T19:32:53.1997857Z #9 sha256:ed93eeb3cf920de60e0e56cba55fd87f94aa1815d82fb152dde84c3b4f6e93c4 1.30kB / 1.30kB done
test-ubuntu (3.14t)	Set up Docker Compose	2026-05-19T19:32:53.1998988Z #9 sha256:51e5b22c7c9f50cb9b87616ce109058a097bf732e479d7cd03f1968e4e75b9ee 16.78MB / 24.90MB 0.1s
test-ubuntu (3.14t)	Set up Docker Compose	2026-05-19T19:32:53.2000157Z #9 sha256:edf16e7a8ef4fafc6ea9c9cff19db5558f8dad3b64f9ad7540a11699fc7e6a60 98B / 98B 0.1s done
test-ubuntu (3.14t)	Set up Docker Compose	2026-05-19T19:32:53.2001552Z #9 sha256:e590846f4776907b254ac0f44b5b380347af5d90d668138ca7938d1b0c2f98d3 2.20kB / 2.20kB done
test-ubuntu (3.14t)	Set up Docker Compose	2026-05-19T19:32:53.2005890Z #9 sha256:0d4b147d9c7a3d1af91c86b262c6b5b445ed8de927c287fe9b932da7f6b598f1 669B / 669B done
test-ubuntu (3.14t)	Set up Docker Compose	2026-05-19T19:32:53.3004641Z #9 sha256:51e5b22c7c9f50cb9b87616ce109058a097bf732e479d7cd03f1968e4e75b9ee 24.90MB / 24.90MB 0.1s done
test-ubuntu (3.14t)	Set up Docker Compose	2026-05-19T19:32:53.3006958Z #9 extracting sha256:51e5b22c7c9f50cb9b87616ce109058a097bf732e479d7cd03f1968e4e75b9ee
test-ubuntu (3.14t)	Set up Docker Compose	2026-05-19T19:32:53.4371074Z #9 ...
test-ubuntu (3.14t)	Set up Docker Compose	2026-05-19T19:32:53.4371845Z 
test-ubuntu (3.14t)	Set up Docker Compose	2026-05-19T19:32:53.4372846Z #10 [internal] load build context
test-ubuntu (3.14t)	Set up Docker Compose	2026-05-19T19:32:53.4373319Z #10 transferring context: 32.62MB 0.2s done
test-ubuntu (3.14t)	Set up Docker Compose	2026-05-19T19:32:53.4373979Z #10 DONE 0.2s
test-ubuntu (3.14t)	Set up Docker Compose	2026-05-19T19:32:53.4374175Z 
test-ubuntu (3.14t)	Set up Docker Compose	2026-05-19T19:32:53.4374804Z #9 FROM ghcr.io/astral-sh/uv:latest@sha256:e590846f4776907b254ac0f44b5b380347af5d90d668138ca7938d1b0c2f98d3
test-ubuntu (3.14t)	Set up Docker Compose	2026-05-19T19:32:53.6718554Z #9 extracting sha256:51e5b22c7c9f50cb9b87616ce109058a097bf732e479d7cd03f1968e4e75b9ee 0.3s done
test-ubuntu (3.14t)	Set up Docker Compose	2026-05-19T19:32:53.6719822Z #9 extracting sha256:edf16e7a8ef4fafc6ea9c9cff19db5558f8dad3b64f9ad7540a11699fc7e6a60 done
test-ubuntu (3.14t)	Set up Docker Compose	2026-05-19T19:32:53.6720678Z #9 DONE 0.5s
test-ubuntu (3.14t)	Set up Docker Compose	2026-05-19T19:32:53.6720891Z 
test-ubuntu (3.14t)	Set up Docker Compose	2026-05-19T19:32:53.6721152Z #11 [builder  2/13] COPY --from=ghcr.io/astral-sh/uv:latest /uv /uvx /bin/
test-ubuntu (3.14t)	Set up Docker Compose	2026-05-19T19:32:53.8834407Z #11 DONE 0.1s
test-ubuntu (3.14t)	Set up Docker Compose	2026-05-19T19:32:53.8834737Z 
test-ubuntu (3.14t)	Set up Docker Compose	2026-05-19T19:32:53.8835412Z #12 [runtime 3/6] RUN useradd --create-home --shell /bin/bash appuser
test-ubuntu (3.14t)	Set up Docker Compose	2026-05-19T19:32:53.9768881Z #12 DONE 0.2s
test-ubuntu (3.14t)	Set up Docker Compose	2026-05-19T19:32:53.9769207Z 
test-ubuntu (3.14t)	Set up Docker Compose	2026-05-19T19:32:53.9769843Z #13 [builder  3/13] RUN apt-get update && apt-get install -y --no-install-recommends git && rm -rf /var/lib/apt/lists/*
test-ubuntu (3.14t)	Set up Docker Compose	2026-05-19T19:32:54.0856450Z #13 ...
test-ubuntu (3.14t)	Set up Docker Compose	2026-05-19T19:32:54.0856823Z 
test-ubuntu (3.14t)	Set up Docker Compose	2026-05-19T19:32:54.0857021Z #14 [runtime 4/6] WORKDIR /home/appuser/app
test-ubuntu (3.14t)	Set up Docker Compose	2026-05-19T19:32:54.0857499Z #14 DONE 0.0s
test-ubuntu (3.14t)	Set up Docker Compose	2026-05-19T19:32:54.0857703Z 
test-ubuntu (3.14t)	Set up Docker Compose	2026-05-19T19:32:54.0858296Z #13 [builder  3/13] RUN apt-get update && apt-get install -y --no-install-recommends git && rm -rf /var/lib/apt/lists/*
test-ubuntu (3.14t)	Set up Docker Compose	2026-05-19T19:32:54.0859368Z #13 0.301 Get:1 http://deb.debian.org/debian trixie InRelease [140 kB]
test-ubuntu (3.14t)	Set up Docker Compose	2026-05-19T19:32:54.0860188Z #13 0.316 Get:2 http://deb.debian.org/debian trixie-updates InRelease [47.3 kB]
test-ubuntu (3.14t)	Set up Docker Compose	2026-05-19T19:32:54.0861117Z #13 0.316 Get:3 http://deb.debian.org/debian-security trixie-security InRelease [43.4 kB]
test-ubuntu (3.14t)	Set up Docker Compose	2026-05-19T19:32:54.0862154Z #13 0.353 Get:4 http://deb.debian.org/debian trixie/main amd64 Packages [9671 kB]
test-ubuntu (3.14t)	Set up Docker Compose	2026-05-19T19:32:54.2930802Z #13 0.409 Get:5 http://deb.debian.org/debian trixie-updates/main amd64 Packages [5412 B]
test-ubuntu (3.14t)	Set up Docker Compose	2026-05-19T19:32:54.2931915Z #13 0.410 Get:6 http://deb.debian.org/debian-security trixie-security/main amd64 Packages [165 kB]
test-ubuntu (3.14t)	Set up Docker Compose	2026-05-19T19:32:54.8103422Z #13 1.078 Fetched 10.1 MB in 1s (12.6 MB/s)
test-ubuntu (3.14t)	Set up Docker Compose	2026-05-19T19:32:55.3688505Z #13 1.078 Reading package lists...
test-ubuntu (3.14t)	Set up Docker Compose	2026-05-19T19:32:55.9391732Z #13 1.658 Reading package lists...
test-ubuntu (3.14t)	Set up Docker Compose	2026-05-19T19:32:56.1103155Z #13 2.218 Building dependency tree...
test-ubuntu (3.14t)	Set up Docker Compose	2026-05-19T19:32:56.2608117Z #13 2.378 Reading state information...
test-ubuntu (3.14t)	Set up Docker Compose	2026-05-19T19:32:56.2877791Z #13 2.555 The following additional packages will be installed:
test-ubuntu (3.14t)	Set up Docker Compose	2026-05-19T19:32:56.4405574Z #13 2.555   git-man libbrotli1 libcom-err2 libcurl3t64-gnutls liberror-perl libexpat1
test-ubuntu (3.14t)	Set up Docker Compose	2026-05-19T19:32:56.4406776Z #13 2.555   libgdbm-compat4t64 libgnutls30t64 libgssapi-krb5-2 libidn2-0 libk5crypto3
test-ubuntu (3.14t)	Set up Docker Compose	2026-05-19T19:32:56.4407780Z #13 2.555   libkeyutils1 libkrb5-3 libkrb5support0 libldap2 libnghttp2-14 libnghttp3-9
test-ubuntu (3.14t)	Set up Docker Compose	2026-05-19T19:32:56.4408800Z #13 2.556   libngtcp2-16 libngtcp2-crypto-gnutls8 libp11-kit0 libperl5.40 libpsl5t64
test-ubuntu (3.14t)	Set up Docker Compose	2026-05-19T19:32:56.4409686Z #13 2.556   librtmp1 libsasl2-2 libsasl2-modules-db libssh2-1t64 libtasn1-6
test-ubuntu (3.14t)	Set up Docker Compose	2026-05-19T19:32:56.4410379Z #13 2.557   libunistring5 perl perl-modules-5.40
test-ubuntu (3.14t)	Set up Docker Compose	2026-05-19T19:32:56.4410898Z #13 2.558 Suggested packages:
test-ubuntu (3.14t)	Set up Docker Compose	2026-05-19T19:32:56.4411538Z #13 2.558   gettext-base git-doc git-email git-gui gitk gitweb git-cvs git-mediawiki
test-ubuntu (3.14t)	Set up Docker Compose	2026-05-19T19:32:56.4412393Z #13 2.558   git-svn gnutls-bin krb5-doc krb5-user sensible-utils perl-doc
test-ubuntu (3.14t)	Set up Docker Compose	2026-05-19T19:32:56.4413214Z #13 2.558   libterm-readline-gnu-perl | libterm-readline-perl-perl make
test-ubuntu (3.14t)	Set up Docker Compose	2026-05-19T19:32:56.4414723Z #13 2.558   libtap-harness-archive-perl
test-ubuntu (3.14t)	Set up Docker Compose	2026-05-19T19:32:56.4415206Z #13 2.558 Recommended packages:
test-ubuntu (3.14t)	Set up Docker Compose	2026-05-19T19:32:56.4415801Z #13 2.558   patch less ssh-client krb5-locales libldap-common publicsuffix
test-ubuntu (3.14t)	Set up Docker Compose	2026-05-19T19:32:56.4416431Z #13 2.558   libsasl2-modules
test-ubuntu (3.14t)	Set up Docker Compose	2026-05-19T19:32:56.4733803Z #13 2.741 The following NEW packages will be installed:
test-ubuntu (3.14t)	Set up Docker Compose	2026-05-19T19:32:56.5814462Z #13 2.741   git git-man libbrotli1 libcom-err2 libcurl3t64-gnutls liberror-perl
test-ubuntu (3.14t)	Set up Docker Compose	2026-05-19T19:32:56.5815941Z #13 2.741   libexpat1 libgdbm-compat4t64 libgnutls30t64 libgssapi-krb5-2 libidn2-0
test-ubuntu (3.14t)	Set up Docker Compose	2026-05-19T19:32:56.5816946Z #13 2.741   libk5crypto3 libkeyutils1 libkrb5-3 libkrb5support0 libldap2 libnghttp2-14
test-ubuntu (3.14t)	Set up Docker Compose	2026-05-19T19:32:56.5817589Z #13 2.742   libnghttp3-9 libngtcp2-16 libngtcp2-crypto-gnutls8 libp11-kit0 libperl5.40
test-ubuntu (3.14t)	Set up Docker Compose	2026-05-19T19:32:56.5818364Z #13 2.742   libpsl5t64 librtmp1 libsasl2-2 libsasl2-modules-db libssh2-1t64 libtasn1-6
test-ubuntu (3.14t)	Set up Docker Compose	2026-05-19T19:32:56.5818889Z #13 2.743   libunistring5 perl perl-modules-5.40
test-ubuntu (3.14t)	Set up Docker Compose	2026-05-19T19:32:56.5819463Z #13 2.773 0 upgraded, 31 newly installed, 0 to remove and 12 not upgraded.
test-ubuntu (3.14t)	Set up Docker Compose	2026-05-19T19:32:56.5819860Z #13 2.773 Need to get 23.6 MB of archives.
test-ubuntu (3.14t)	Set up Docker Compose	2026-05-19T19:32:56.5820688Z #13 2.773 After this operation, 119 MB of additional disk space will be used.
test-ubuntu (3.14t)	Set up Docker Compose	2026-05-19T19:32:56.5821987Z #13 2.773 Get:1 http://deb.debian.org/debian trixie/main amd64 libexpat1 amd64 2.7.1-2 [108 kB]
test-ubuntu (3.14t)	Set up Docker Compose	2026-05-19T19:32:56.5822638Z #13 2.778 Get:2 http://deb.debian.org/debian trixie/main amd64 perl-modules-5.40 all 5.40.1-6 [3019 kB]
test-ubuntu (3.14t)	Set up Docker Compose	2026-05-19T19:32:56.5823933Z #13 2.797 Get:3 http://deb.debian.org/debian trixie/main amd64 libgdbm-compat4t64 amd64 1.24-2 [50.3 kB]
test-ubuntu (3.14t)	Set up Docker Compose	2026-05-19T19:32:56.5825606Z #13 2.797 Get:4 http://deb.debian.org/debian trixie/main amd64 libperl5.40 amd64 5.40.1-6 [4341 kB]
test-ubuntu (3.14t)	Set up Docker Compose	2026-05-19T19:32:56.5826297Z #13 2.813 Get:5 http://deb.debian.org/debian trixie/main amd64 perl amd64 5.40.1-6 [267 kB]
test-ubuntu (3.14t)	Set up Docker Compose	2026-05-19T19:32:56.5826869Z #13 2.814 Get:6 http://deb.debian.org/debian trixie/main amd64 libbrotli1 amd64 1.1.0-2+b7 [307 kB]
test-ubuntu (3.14t)	Set up Docker Compose	2026-05-19T19:32:56.5827911Z #13 2.817 Get:7 http://deb.debian.org/debian trixie/main amd64 libunistring5 amd64 1.3-2 [477 kB]
test-ubuntu (3.14t)	Set up Docker Compose	2026-05-19T19:32:56.5838445Z #13 2.819 Get:8 http://deb.debian.org/debian trixie/main amd64 libidn2-0 amd64 2.3.8-2 [109 kB]
test-ubuntu (3.14t)	Set up Docker Compose	2026-05-19T19:32:56.5839416Z #13 2.820 Get:9 http://deb.debian.org/debian trixie/main amd64 libp11-kit0 amd64 0.25.5-3 [425 kB]
test-ubuntu (3.14t)	Set up Docker Compose	2026-05-19T19:32:56.5840038Z #13 2.821 Get:10 http://deb.debian.org/debian trixie/main amd64 libtasn1-6 amd64 4.20.0-2 [49.9 kB]
test-ubuntu (3.14t)	Set up Docker Compose	2026-05-19T19:32:56.5840826Z #13 2.822 Get:11 http://deb.debian.org/debian trixie/main amd64 libgnutls30t64 amd64 3.8.9-3+deb13u3 [1467 kB]
test-ubuntu (3.14t)	Set up Docker Compose	2026-05-19T19:32:56.5841622Z #13 2.828 Get:12 http://deb.debian.org/debian trixie/main amd64 libkrb5support0 amd64 1.21.3-5 [33.0 kB]
test-ubuntu (3.14t)	Set up Docker Compose	2026-05-19T19:32:56.5842287Z #13 2.828 Get:13 http://deb.debian.org/debian trixie/main amd64 libcom-err2 amd64 1.47.2-3+b11 [25.0 kB]
test-ubuntu (3.14t)	Set up Docker Compose	2026-05-19T19:32:56.5843061Z #13 2.829 Get:14 http://deb.debian.org/debian trixie/main amd64 libk5crypto3 amd64 1.21.3-5 [81.5 kB]
test-ubuntu (3.14t)	Set up Docker Compose	2026-05-19T19:32:56.5844138Z #13 2.829 Get:15 http://deb.debian.org/debian trixie/main amd64 libkeyutils1 amd64 1.6.3-6 [9456 B]
test-ubuntu (3.14t)	Set up Docker Compose	2026-05-19T19:32:56.5844991Z #13 2.830 Get:16 http://deb.debian.org/debian trixie/main amd64 libkrb5-3 amd64 1.21.3-5 [326 kB]
test-ubuntu (3.14t)	Set up Docker Compose	2026-05-19T19:32:56.5845801Z #13 2.831 Get:17 http://deb.debian.org/debian trixie/main amd64 libgssapi-krb5-2 amd64 1.21.3-5 [138 kB]
test-ubuntu (3.14t)	Set up Docker Compose	2026-05-19T19:32:56.5846463Z #13 2.832 Get:18 http://deb.debian.org/debian trixie/main amd64 libsasl2-modules-db amd64 2.1.28+dfsg1-9 [19.8 kB]
test-ubuntu (3.14t)	Set up Docker Compose	2026-05-19T19:32:56.5847110Z #13 2.832 Get:19 http://deb.debian.org/debian trixie/main amd64 libsasl2-2 amd64 2.1.28+dfsg1-9 [57.5 kB]
test-ubuntu (3.14t)	Set up Docker Compose	2026-05-19T19:32:56.5847953Z #13 2.833 Get:20 http://deb.debian.org/debian trixie/main amd64 libldap2 amd64 2.6.10+dfsg-1 [194 kB]
test-ubuntu (3.14t)	Set up Docker Compose	2026-05-19T19:32:56.5848948Z #13 2.834 Get:21 http://deb.debian.org/debian-security trixie-security/main amd64 libnghttp2-14 amd64 1.64.0-1.1+deb13u1 [76.2 kB]
test-ubuntu (3.14t)	Set up Docker Compose	2026-05-19T19:32:56.5850186Z #13 2.835 Get:22 http://deb.debian.org/debian trixie/main amd64 libnghttp3-9 amd64 1.8.0-1 [67.7 kB]
test-ubuntu (3.14t)	Set up Docker Compose	2026-05-19T19:32:56.5850805Z #13 2.835 Get:23 http://deb.debian.org/debian trixie/main amd64 libngtcp2-16 amd64 1.11.0-1+deb13u1 [132 kB]
test-ubuntu (3.14t)	Set up Docker Compose	2026-05-19T19:32:56.5851676Z #13 2.836 Get:24 http://deb.debian.org/debian trixie/main amd64 libngtcp2-crypto-gnutls8 amd64 1.11.0-1+deb13u1 [29.5 kB]
test-ubuntu (3.14t)	Set up Docker Compose	2026-05-19T19:32:56.5852497Z #13 2.836 Get:25 http://deb.debian.org/debian trixie/main amd64 libpsl5t64 amd64 0.21.2-1.1+b1 [57.2 kB]
test-ubuntu (3.14t)	Set up Docker Compose	2026-05-19T19:32:56.5853292Z #13 2.837 Get:26 http://deb.debian.org/debian trixie/main amd64 librtmp1 amd64 2.4+20151223.gitfa8646d.1-2+b5 [58.8 kB]
test-ubuntu (3.14t)	Set up Docker Compose	2026-05-19T19:32:56.5854248Z #13 2.837 Get:27 http://deb.debian.org/debian trixie/main amd64 libssh2-1t64 amd64 1.11.1-1 [245 kB]
test-ubuntu (3.14t)	Set up Docker Compose	2026-05-19T19:32:56.5855115Z #13 2.838 Get:28 http://deb.debian.org/debian trixie/main amd64 libcurl3t64-gnutls amd64 8.14.1-2+deb13u3 [384 kB]
test-ubuntu (3.14t)	Set up Docker Compose	2026-05-19T19:32:56.5855924Z #13 2.840 Get:29 http://deb.debian.org/debian trixie/main amd64 liberror-perl all 0.17030-1 [26.9 kB]
test-ubuntu (3.14t)	Set up Docker Compose	2026-05-19T19:32:56.5856637Z #13 2.841 Get:30 http://deb.debian.org/debian trixie/main amd64 git-man all 1:2.47.3-0+deb13u1 [2205 kB]
test-ubuntu (3.14t)	Set up Docker Compose	2026-05-19T19:32:56.5857421Z #13 2.849 Get:31 http://deb.debian.org/debian trixie/main amd64 git amd64 1:2.47.3-0+deb13u1 [8862 kB]
test-ubuntu (3.14t)	Set up Docker Compose	2026-05-19T19:32:56.8003002Z #13 3.068 debconf: unable to initialize frontend: Dialog
test-ubuntu (3.14t)	Set up Docker Compose	2026-05-19T19:32:56.8004272Z #13 3.068 debconf: (TERM is not set, so the dialog frontend is not usable.)
test-ubuntu (3.14t)	Set up Docker Compose	2026-05-19T19:32:56.8005129Z #13 3.068 debconf: falling back to frontend: Readline
test-ubuntu (3.14t)	Set up Docker Compose	2026-05-19T19:32:56.9570188Z #13 3.068 debconf: unable to initialize frontend: Readline
test-ubuntu (3.14t)	Set up Docker Compose	2026-05-19T19:32:56.9573062Z #13 3.068 debconf: (Can't locate Term/ReadLine.pm in @INC (you may need to install the Term::ReadLine module) (@INC entries checked: /etc/perl /usr/local/lib/x86_64-linux-gnu/perl/5.40.1 /usr/local/share/perl/5.40.1 /usr/lib/x86_64-linux-gnu/perl5/5.40 /usr/share/perl5 /usr/lib/x86_64-linux-gnu/perl-base /usr/lib/x86_64-linux-gnu/perl/5.40 /usr/share/perl/5.40 /usr/local/lib/site_perl) at /usr/share/perl5/Debconf/FrontEnd/Readline.pm line 8, <STDIN> line 31.)
test-ubuntu (3.14t)	Set up Docker Compose	2026-05-19T19:32:56.9576104Z #13 3.068 debconf: falling back to frontend: Teletype
test-ubuntu (3.14t)	Set up Docker Compose	2026-05-19T19:32:56.9576730Z #13 3.074 debconf: unable to initialize frontend: Teletype
test-ubuntu (3.14t)	Set up Docker Compose	2026-05-19T19:32:56.9577351Z #13 3.074 debconf: (This frontend requires a controlling tty.)
test-ubuntu (3.14t)	Set up Docker Compose	2026-05-19T19:32:56.9577961Z #13 3.074 debconf: falling back to frontend: Noninteractive
test-ubuntu (3.14t)	Set up Docker Compose	2026-05-19T19:32:58.0040846Z #13 4.272 Fetched 23.6 MB in 0s (193 MB/s)
test-ubuntu (3.14t)	Set up Docker Compose	2026-05-19T19:32:58.2278862Z #13 4.293 Selecting previously unselected package libexpat1:amd64.
test-ubuntu (3.14t)	Set up Docker Compose	2026-05-19T19:32:58.2279978Z #13 4.293 (Reading database ... 
test-ubuntu (3.14t)	Set up Docker Compose	2026-05-19T19:32:58.2280594Z (Reading database ... 5%
test-ubuntu (3.14t)	Set up Docker Compose	2026-05-19T19:32:58.2280986Z (Reading database ... 10%
test-ubuntu (3.14t)	Set up Docker Compose	2026-05-19T19:32:58.2281349Z (Reading database ... 15%
test-ubuntu (3.14t)	Set up Docker Compose	2026-05-19T19:32:58.2281715Z (Reading database ... 20%
test-ubuntu (3.14t)	Set up Docker Compose	2026-05-19T19:32:58.2282108Z (Reading database ... 25%
test-ubuntu (3.14t)	Set up Docker Compose	2026-05-19T19:32:58.2282466Z (Reading database ... 30%
test-ubuntu (3.14t)	Set up Docker Compose	2026-05-19T19:32:58.2282818Z (Reading database ... 35%
test-ubuntu (3.14t)	Set up Docker Compose	2026-05-19T19:32:58.2283172Z (Reading database ... 40%
test-ubuntu (3.14t)	Set up Docker Compose	2026-05-19T19:32:58.2283791Z (Reading database ... 45%
test-ubuntu (3.14t)	Set up Docker Compose	2026-05-19T19:32:58.2284158Z (Reading database ... 50%
test-ubuntu (3.14t)	Set up Docker Compose	2026-05-19T19:32:58.2284532Z (Reading database ... 55%
test-ubuntu (3.14t)	Set up Docker Compose	2026-05-19T19:32:58.2284878Z (Reading database ... 60%
test-ubuntu (3.14t)	Set up Docker Compose	2026-05-19T19:32:58.2285240Z (Reading database ... 65%
test-ubuntu (3.14t)	Set up Docker Compose	2026-05-19T19:32:58.2285583Z (Reading database ... 70%
test-ubuntu (3.14t)	Set up Docker Compose	2026-05-19T19:32:58.2285935Z (Reading database ... 75%
test-ubuntu (3.14t)	Set up Docker Compose	2026-05-19T19:32:58.2286288Z (Reading database ... 80%
test-ubuntu (3.14t)	Set up Docker Compose	2026-05-19T19:32:58.2286644Z (Reading database ... 85%
test-ubuntu (3.14t)	Set up Docker Compose	2026-05-19T19:32:58.2287003Z (Reading database ... 90%
test-ubuntu (3.14t)	Set up Docker Compose	2026-05-19T19:32:58.2287361Z (Reading database ... 95%
test-ubuntu (3.14t)	Set up Docker Compose	2026-05-19T19:32:58.2287727Z (Reading database ... 100%
test-ubuntu (3.14t)	Set up Docker Compose	2026-05-19T19:32:58.2288277Z (Reading database ... 5645 files and directories currently installed.)
test-ubuntu (3.14t)	Set up Docker Compose	2026-05-19T19:32:58.2289029Z #13 4.318 Preparing to unpack .../00-libexpat1_2.7.1-2_amd64.deb ...
test-ubuntu (3.14t)	Set up Docker Compose	2026-05-19T19:32:58.2289995Z #13 4.320 Unpacking libexpat1:amd64 (2.7.1-2) ...
test-ubuntu (3.14t)	Set up Docker Compose	2026-05-19T19:32:58.2290645Z #13 4.343 Selecting previously unselected package perl-modules-5.40.
test-ubuntu (3.14t)	Set up Docker Compose	2026-05-19T19:32:58.2291401Z #13 4.344 Preparing to unpack .../01-perl-modules-5.40_5.40.1-6_all.deb ...
test-ubuntu (3.14t)	Set up Docker Compose	2026-05-19T19:32:58.2292349Z #13 4.345 Unpacking perl-modules-5.40 (5.40.1-6) ...
test-ubuntu (3.14t)	Set up Docker Compose	2026-05-19T19:32:58.3705837Z #13 4.638 Selecting previously unselected package libgdbm-compat4t64:amd64.
test-ubuntu (3.14t)	Set up Docker Compose	2026-05-19T19:32:58.5436901Z #13 4.640 Preparing to unpack .../02-libgdbm-compat4t64_1.24-2_amd64.deb ...
test-ubuntu (3.14t)	Set up Docker Compose	2026-05-19T19:32:58.5437807Z #13 4.641 Unpacking libgdbm-compat4t64:amd64 (1.24-2) ...
test-ubuntu (3.14t)	Set up Docker Compose	2026-05-19T19:32:58.5438612Z #13 4.658 Selecting previously unselected package libperl5.40:amd64.
test-ubuntu (3.14t)	Set up Docker Compose	2026-05-19T19:32:58.5439506Z #13 4.660 Preparing to unpack .../03-libperl5.40_5.40.1-6_amd64.deb ...
test-ubuntu (3.14t)	Set up Docker Compose	2026-05-19T19:32:58.5440267Z #13 4.661 Unpacking libperl5.40:amd64 (5.40.1-6) ...
test-ubuntu (3.14t)	Set up Docker Compose	2026-05-19T19:32:58.6359128Z #13 4.903 Selecting previously unselected package perl.
test-ubuntu (3.14t)	Set up Docker Compose	2026-05-19T19:32:58.7407721Z #13 4.905 Preparing to unpack .../04-perl_5.40.1-6_amd64.deb ...
test-ubuntu (3.14t)	Set up Docker Compose	2026-05-19T19:32:58.7408221Z #13 4.906 Unpacking perl (5.40.1-6) ...
test-ubuntu (3.14t)	Set up Docker Compose	2026-05-19T19:32:58.7408612Z #13 4.933 Selecting previously unselected package libbrotli1:amd64.
test-ubuntu (3.14t)	Set up Docker Compose	2026-05-19T19:32:58.7409128Z #13 4.935 Preparing to unpack .../05-libbrotli1_1.1.0-2+b7_amd64.deb ...
test-ubuntu (3.14t)	Set up Docker Compose	2026-05-19T19:32:58.7409551Z #13 4.936 Unpacking libbrotli1:amd64 (1.1.0-2+b7) ...
test-ubuntu (3.14t)	Set up Docker Compose	2026-05-19T19:32:58.7409974Z #13 4.966 Selecting previously unselected package libunistring5:amd64.
test-ubuntu (3.14t)	Set up Docker Compose	2026-05-19T19:32:58.7410449Z #13 4.967 Preparing to unpack .../06-libunistring5_1.3-2_amd64.deb ...
test-ubuntu (3.14t)	Set up Docker Compose	2026-05-19T19:32:58.7410850Z #13 4.969 Unpacking libunistring5:amd64 (1.3-2) ...
test-ubuntu (3.14t)	Set up Docker Compose	2026-05-19T19:32:58.7411259Z #13 5.008 Selecting previously unselected package libidn2-0:amd64.
test-ubuntu (3.14t)	Set up Docker Compose	2026-05-19T19:32:58.8818084Z #13 5.010 Preparing to unpack .../07-libidn2-0_2.3.8-2_amd64.deb ...
test-ubuntu (3.14t)	Set up Docker Compose	2026-05-19T19:32:58.8818862Z #13 5.011 Unpacking libidn2-0:amd64 (2.3.8-2) ...
test-ubuntu (3.14t)	Set up Docker Compose	2026-05-19T19:32:58.8819562Z #13 5.033 Selecting previously unselected package libp11-kit0:amd64.
test-ubuntu (3.14t)	Set up Docker Compose	2026-05-19T19:32:58.8820317Z #13 5.034 Preparing to unpack .../08-libp11-kit0_0.25.5-3_amd64.deb ...
test-ubuntu (3.14t)	Set up Docker Compose	2026-05-19T19:32:58.8820967Z #13 5.035 Unpacking libp11-kit0:amd64 (0.25.5-3) ...
test-ubuntu (3.14t)	Set up Docker Compose	2026-05-19T19:32:58.8821627Z #13 5.068 Selecting previously unselected package libtasn1-6:amd64.
test-ubuntu (3.14t)	Set up Docker Compose	2026-05-19T19:32:58.8822251Z #13 5.069 Preparing to unpack .../09-libtasn1-6_4.20.0-2_amd64.deb ...
test-ubuntu (3.14t)	Set up Docker Compose	2026-05-19T19:32:58.8822689Z #13 5.071 Unpacking libtasn1-6:amd64 (4.20.0-2) ...
test-ubuntu (3.14t)	Set up Docker Compose	2026-05-19T19:32:58.8823116Z #13 5.089 Selecting previously unselected package libgnutls30t64:amd64.
test-ubuntu (3.14t)	Set up Docker Compose	2026-05-19T19:32:58.8823931Z #13 5.090 Preparing to unpack .../10-libgnutls30t64_3.8.9-3+deb13u3_amd64.deb ...
test-ubuntu (3.14t)	Set up Docker Compose	2026-05-19T19:32:58.8824428Z #13 5.092 Unpacking libgnutls30t64:amd64 (3.8.9-3+deb13u3) ...
test-ubuntu (3.14t)	Set up Docker Compose	2026-05-19T19:32:58.8824893Z #13 5.149 Selecting previously unselected package libkrb5support0:amd64.
test-ubuntu (3.14t)	Set up Docker Compose	2026-05-19T19:32:58.9978062Z #13 5.151 Preparing to unpack .../11-libkrb5support0_1.21.3-5_amd64.deb ...
test-ubuntu (3.14t)	Set up Docker Compose	2026-05-19T19:32:58.9978618Z #13 5.152 Unpacking libkrb5support0:amd64 (1.21.3-5) ...
test-ubuntu (3.14t)	Set up Docker Compose	2026-05-19T19:32:58.9979219Z #13 5.168 Selecting previously unselected package libcom-err2:amd64.
test-ubuntu (3.14t)	Set up Docker Compose	2026-05-19T19:32:58.9979670Z #13 5.170 Preparing to unpack .../12-libcom-err2_1.47.2-3+b11_amd64.deb ...
test-ubuntu (3.14t)	Set up Docker Compose	2026-05-19T19:32:58.9980253Z #13 5.171 Unpacking libcom-err2:amd64 (1.47.2-3+b11) ...
test-ubuntu (3.14t)	Set up Docker Compose	2026-05-19T19:32:58.9980656Z #13 5.188 Selecting previously unselected package libk5crypto3:amd64.
test-ubuntu (3.14t)	Set up Docker Compose	2026-05-19T19:32:58.9981097Z #13 5.190 Preparing to unpack .../13-libk5crypto3_1.21.3-5_amd64.deb ...
test-ubuntu (3.14t)	Set up Docker Compose	2026-05-19T19:32:58.9981646Z #13 5.191 Unpacking libk5crypto3:amd64 (1.21.3-5) ...
test-ubuntu (3.14t)	Set up Docker Compose	2026-05-19T19:32:58.9982029Z #13 5.212 Selecting previously unselected package libkeyutils1:amd64.
test-ubuntu (3.14t)	Set up Docker Compose	2026-05-19T19:32:58.9982585Z #13 5.213 Preparing to unpack .../14-libkeyutils1_1.6.3-6_amd64.deb ...
test-ubuntu (3.14t)	Set up Docker Compose	2026-05-19T19:32:58.9982958Z #13 5.214 Unpacking libkeyutils1:amd64 (1.6.3-6) ...
test-ubuntu (3.14t)	Set up Docker Compose	2026-05-19T19:32:58.9984065Z #13 5.231 Selecting previously unselected package libkrb5-3:amd64.
test-ubuntu (3.14t)	Set up Docker Compose	2026-05-19T19:32:58.9984512Z #13 5.232 Preparing to unpack .../15-libkrb5-3_1.21.3-5_amd64.deb ...
test-ubuntu (3.14t)	Set up Docker Compose	2026-05-19T19:32:58.9984867Z #13 5.233 Unpacking libkrb5-3:amd64 (1.21.3-5) ...
test-ubuntu (3.14t)	Set up Docker Compose	2026-05-19T19:32:58.9985249Z #13 5.265 Selecting previously unselected package libgssapi-krb5-2:amd64.
test-ubuntu (3.14t)	Set up Docker Compose	2026-05-19T19:32:59.1080583Z #13 5.267 Preparing to unpack .../16-libgssapi-krb5-2_1.21.3-5_amd64.deb ...
test-ubuntu (3.14t)	Set up Docker Compose	2026-05-19T19:32:59.1081446Z #13 5.268 Unpacking libgssapi-krb5-2:amd64 (1.21.3-5) ...
test-ubuntu (3.14t)	Set up Docker Compose	2026-05-19T19:32:59.1082165Z #13 5.288 Selecting previously unselected package libsasl2-modules-db:amd64.
test-ubuntu (3.14t)	Set up Docker Compose	2026-05-19T19:32:59.1083019Z #13 5.290 Preparing to unpack .../17-libsasl2-modules-db_2.1.28+dfsg1-9_amd64.deb ...
test-ubuntu (3.14t)	Set up Docker Compose	2026-05-19T19:32:59.1084014Z #13 5.291 Unpacking libsasl2-modules-db:amd64 (2.1.28+dfsg1-9) ...
test-ubuntu (3.14t)	Set up Docker Compose	2026-05-19T19:32:59.1084711Z #13 5.306 Selecting previously unselected package libsasl2-2:amd64.
test-ubuntu (3.14t)	Set up Docker Compose	2026-05-19T19:32:59.1085275Z #13 5.308 Preparing to unpack .../18-libsasl2-2_2.1.28+dfsg1-9_amd64.deb ...
test-ubuntu (3.14t)	Set up Docker Compose	2026-05-19T19:32:59.1085740Z #13 5.309 Unpacking libsasl2-2:amd64 (2.1.28+dfsg1-9) ...
test-ubuntu (3.14t)	Set up Docker Compose	2026-05-19T19:32:59.1086122Z #13 5.327 Selecting previously unselected package libldap2:amd64.
test-ubuntu (3.14t)	Set up Docker Compose	2026-05-19T19:32:59.1086560Z #13 5.328 Preparing to unpack .../19-libldap2_2.6.10+dfsg-1_amd64.deb ...
test-ubuntu (3.14t)	Set up Docker Compose	2026-05-19T19:32:59.1086974Z #13 5.330 Unpacking libldap2:amd64 (2.6.10+dfsg-1) ...
test-ubuntu (3.14t)	Set up Docker Compose	2026-05-19T19:32:59.1087377Z #13 5.354 Selecting previously unselected package libnghttp2-14:amd64.
test-ubuntu (3.14t)	Set up Docker Compose	2026-05-19T19:32:59.1087867Z #13 5.355 Preparing to unpack .../20-libnghttp2-14_1.64.0-1.1+deb13u1_amd64.deb ...
test-ubuntu (3.14t)	Set up Docker Compose	2026-05-19T19:32:59.1088324Z #13 5.356 Unpacking libnghttp2-14:amd64 (1.64.0-1.1+deb13u1) ...
test-ubuntu (3.14t)	Set up Docker Compose	2026-05-19T19:32:59.1088742Z #13 5.376 Selecting previously unselected package libnghttp3-9:amd64.
test-ubuntu (3.14t)	Set up Docker Compose	2026-05-19T19:32:59.2137699Z #13 5.377 Preparing to unpack .../21-libnghttp3-9_1.8.0-1_amd64.deb ...
test-ubuntu (3.14t)	Set up Docker Compose	2026-05-19T19:32:59.2138645Z #13 5.378 Unpacking libnghttp3-9:amd64 (1.8.0-1) ...
test-ubuntu (3.14t)	Set up Docker Compose	2026-05-19T19:32:59.2139494Z #13 5.398 Selecting previously unselected package libngtcp2-16:amd64.
test-ubuntu (3.14t)	Set up Docker Compose	2026-05-19T19:32:59.2140032Z #13 5.400 Preparing to unpack .../22-libngtcp2-16_1.11.0-1+deb13u1_amd64.deb ...
test-ubuntu (3.14t)	Set up Docker Compose	2026-05-19T19:32:59.2140495Z #13 5.401 Unpacking libngtcp2-16:amd64 (1.11.0-1+deb13u1) ...
test-ubuntu (3.14t)	Set up Docker Compose	2026-05-19T19:32:59.2140974Z #13 5.422 Selecting previously unselected package libngtcp2-crypto-gnutls8:amd64.
test-ubuntu (3.14t)	Set up Docker Compose	2026-05-19T19:32:59.2141539Z #13 5.423 Preparing to unpack .../23-libngtcp2-crypto-gnutls8_1.11.0-1+deb13u1_amd64.deb ...
test-ubuntu (3.14t)	Set up Docker Compose	2026-05-19T19:32:59.2142064Z #13 5.425 Unpacking libngtcp2-crypto-gnutls8:amd64 (1.11.0-1+deb13u1) ...
test-ubuntu (3.14t)	Set up Docker Compose	2026-05-19T19:32:59.2142560Z #13 5.441 Selecting previously unselected package libpsl5t64:amd64.
test-ubuntu (3.14t)	Set up Docker Compose	2026-05-19T19:32:59.2143012Z #13 5.442 Preparing to unpack .../24-libpsl5t64_0.21.2-1.1+b1_amd64.deb ...
test-ubuntu (3.14t)	Set up Docker Compose	2026-05-19T19:32:59.2143417Z #13 5.444 Unpacking libpsl5t64:amd64 (0.21.2-1.1+b1) ...
test-ubuntu (3.14t)	Set up Docker Compose	2026-05-19T19:32:59.2144182Z #13 5.461 Selecting previously unselected package librtmp1:amd64.
test-ubuntu (3.14t)	Set up Docker Compose	2026-05-19T19:32:59.2144689Z #13 5.462 Preparing to unpack .../25-librtmp1_2.4+20151223.gitfa8646d.1-2+b5_amd64.deb ...
test-ubuntu (3.14t)	Set up Docker Compose	2026-05-19T19:32:59.2145185Z #13 5.463 Unpacking librtmp1:amd64 (2.4+20151223.gitfa8646d.1-2+b5) ...
test-ubuntu (3.14t)	Set up Docker Compose	2026-05-19T19:32:59.2145621Z #13 5.481 Selecting previously unselected package libssh2-1t64:amd64.
test-ubuntu (3.14t)	Set up Docker Compose	2026-05-19T19:32:59.3455812Z #13 5.483 Preparing to unpack .../26-libssh2-1t64_1.11.1-1_amd64.deb ...
test-ubuntu (3.14t)	Set up Docker Compose	2026-05-19T19:32:59.3456467Z #13 5.484 Unpacking libssh2-1t64:amd64 (1.11.1-1) ...
test-ubuntu (3.14t)	Set up Docker Compose	2026-05-19T19:32:59.3456902Z #13 5.507 Selecting previously unselected package libcurl3t64-gnutls:amd64.
test-ubuntu (3.14t)	Set up Docker Compose	2026-05-19T19:32:59.3457427Z #13 5.509 Preparing to unpack .../27-libcurl3t64-gnutls_8.14.1-2+deb13u3_amd64.deb ...
test-ubuntu (3.14t)	Set up Docker Compose	2026-05-19T19:32:59.3457893Z #13 5.510 Unpacking libcurl3t64-gnutls:amd64 (8.14.1-2+deb13u3) ...
test-ubuntu (3.14t)	Set up Docker Compose	2026-05-19T19:32:59.3458292Z #13 5.540 Selecting previously unselected package liberror-perl.
test-ubuntu (3.14t)	Set up Docker Compose	2026-05-19T19:32:59.3458698Z #13 5.542 Preparing to unpack .../28-liberror-perl_0.17030-1_all.deb ...
test-ubuntu (3.14t)	Set up Docker Compose	2026-05-19T19:32:59.3459446Z #13 5.543 Unpacking liberror-perl (0.17030-1) ...
test-ubuntu (3.14t)	Set up Docker Compose	2026-05-19T19:32:59.3459802Z #13 5.558 Selecting previously unselected package git-man.
test-ubuntu (3.14t)	Set up Docker Compose	2026-05-19T19:32:59.3460216Z #13 5.560 Preparing to unpack .../29-git-man_1%3a2.47.3-0+deb13u1_all.deb ...
test-ubuntu (3.14t)	Set up Docker Compose	2026-05-19T19:32:59.3460598Z #13 5.561 Unpacking git-man (1:2.47.3-0+deb13u1) ...
test-ubuntu (3.14t)	Set up Docker Compose	2026-05-19T19:32:59.3461117Z #13 5.613 Selecting previously unselected package git.
test-ubuntu (3.14t)	Set up Docker Compose	2026-05-19T19:32:59.5055766Z #13 5.615 Preparing to unpack .../30-git_1%3a2.47.3-0+deb13u1_amd64.deb ...
test-ubuntu (3.14t)	Set up Docker Compose	2026-05-19T19:32:59.5056841Z #13 5.623 Unpacking git (1:2.47.3-0+deb13u1) ...
test-ubuntu (3.14t)	Set up Docker Compose	2026-05-19T19:32:59.6440860Z #13 5.912 Setting up libexpat1:amd64 (2.7.1-2) ...
test-ubuntu (3.14t)	Set up Docker Compose	2026-05-19T19:32:59.8752575Z #13 5.915 Setting up libkeyutils1:amd64 (1.6.3-6) ...
test-ubuntu (3.14t)	Set up Docker Compose	2026-05-19T19:32:59.8753716Z #13 5.917 Setting up libgdbm-compat4t64:amd64 (1.24-2) ...
test-ubuntu (3.14t)	Set up Docker Compose	2026-05-19T19:32:59.8754794Z #13 5.920 Setting up libbrotli1:amd64 (1.1.0-2+b7) ...
test-ubuntu (3.14t)	Set up Docker Compose	2026-05-19T19:32:59.8755385Z #13 5.923 Setting up libnghttp2-14:amd64 (1.64.0-1.1+deb13u1) ...
test-ubuntu (3.14t)	Set up Docker Compose	2026-05-19T19:32:59.8756037Z #13 5.925 Setting up libcom-err2:amd64 (1.47.2-3+b11) ...
test-ubuntu (3.14t)	Set up Docker Compose	2026-05-19T19:32:59.8756631Z #13 5.927 Setting up libkrb5support0:amd64 (1.21.3-5) ...
test-ubuntu (3.14t)	Set up Docker Compose	2026-05-19T19:32:59.8757274Z #13 5.930 Setting up libsasl2-modules-db:amd64 (2.1.28+dfsg1-9) ...
test-ubuntu (3.14t)	Set up Docker Compose	2026-05-19T19:32:59.8757888Z #13 5.932 Setting up libp11-kit0:amd64 (0.25.5-3) ...
test-ubuntu (3.14t)	Set up Docker Compose	2026-05-19T19:32:59.8758438Z #13 5.937 Setting up libunistring5:amd64 (1.3-2) ...
test-ubuntu (3.14t)	Set up Docker Compose	2026-05-19T19:32:59.8759096Z #13 5.940 Setting up libk5crypto3:amd64 (1.21.3-5) ...
test-ubuntu (3.14t)	Set up Docker Compose	2026-05-19T19:32:59.8759509Z #13 5.942 Setting up libsasl2-2:amd64 (2.1.28+dfsg1-9) ...
test-ubuntu (3.14t)	Set up Docker Compose	2026-05-19T19:32:59.8759892Z #13 5.945 Setting up libnghttp3-9:amd64 (1.8.0-1) ...
test-ubuntu (3.14t)	Set up Docker Compose	2026-05-19T19:32:59.8760256Z #13 5.948 Setting up perl-modules-5.40 (5.40.1-6) ...
test-ubuntu (3.14t)	Set up Docker Compose	2026-05-19T19:32:59.8760597Z #13 5.950 Setting up libtasn1-6:amd64 (4.20.0-2) ...
test-ubuntu (3.14t)	Set up Docker Compose	2026-05-19T19:32:59.8760931Z #13 5.953 Setting up git-man (1:2.47.3-0+deb13u1) ...
test-ubuntu (3.14t)	Set up Docker Compose	2026-05-19T19:32:59.8761292Z #13 5.955 Setting up libngtcp2-16:amd64 (1.11.0-1+deb13u1) ...
test-ubuntu (3.14t)	Set up Docker Compose	2026-05-19T19:32:59.8761670Z #13 5.957 Setting up libkrb5-3:amd64 (1.21.3-5) ...
test-ubuntu (3.14t)	Set up Docker Compose	2026-05-19T19:32:59.8762009Z #13 5.960 Setting up libssh2-1t64:amd64 (1.11.1-1) ...
test-ubuntu (3.14t)	Set up Docker Compose	2026-05-19T19:32:59.8762430Z #13 5.962 Setting up libldap2:amd64 (2.6.10+dfsg-1) ...
test-ubuntu (3.14t)	Set up Docker Compose	2026-05-19T19:32:59.8762944Z #13 5.965 Setting up libidn2-0:amd64 (2.3.8-2) ...
test-ubuntu (3.14t)	Set up Docker Compose	2026-05-19T19:32:59.8763393Z #13 5.967 Setting up libperl5.40:amd64 (5.40.1-6) ...
test-ubuntu (3.14t)	Set up Docker Compose	2026-05-19T19:32:59.8764159Z #13 5.970 Setting up perl (5.40.1-6) ...
test-ubuntu (3.14t)	Set up Docker Compose	2026-05-19T19:32:59.8764579Z #13 5.977 Setting up libgssapi-krb5-2:amd64 (1.21.3-5) ...
test-ubuntu (3.14t)	Set up Docker Compose	2026-05-19T19:32:59.8764932Z #13 5.981 Setting up libgnutls30t64:amd64 (3.8.9-3+deb13u3) ...
test-ubuntu (3.14t)	Set up Docker Compose	2026-05-19T19:32:59.8765511Z #13 5.983 Setting up libpsl5t64:amd64 (0.21.2-1.1+b1) ...
test-ubuntu (3.14t)	Set up Docker Compose	2026-05-19T19:32:59.8766064Z #13 5.986 Setting up liberror-perl (0.17030-1) ...
test-ubuntu (3.14t)	Set up Docker Compose	2026-05-19T19:32:59.8766662Z #13 5.988 Setting up librtmp1:amd64 (2.4+20151223.gitfa8646d.1-2+b5) ...
test-ubuntu (3.14t)	Set up Docker Compose	2026-05-19T19:32:59.8767196Z #13 5.991 Setting up libngtcp2-crypto-gnutls8:amd64 (1.11.0-1+deb13u1) ...
test-ubuntu (3.14t)	Set up Docker Compose	2026-05-19T19:32:59.8767736Z #13 5.993 Setting up libcurl3t64-gnutls:amd64 (8.14.1-2+deb13u3) ...
test-ubuntu (3.14t)	Set up Docker Compose	2026-05-19T19:32:59.8768158Z #13 5.995 Setting up git (1:2.47.3-0+deb13u1) ...
test-ubuntu (3.14t)	Set up Docker Compose	2026-05-19T19:32:59.8768609Z #13 6.005 Processing triggers for libc-bin (2.41-12+deb13u2) ...
test-ubuntu (3.14t)	Set up Docker Compose	2026-05-19T19:32:59.8768931Z #13 DONE 6.1s
test-ubuntu (3.14t)	Set up Docker Compose	2026-05-19T19:32:59.9778746Z 
test-ubuntu (3.14t)	Set up Docker Compose	2026-05-19T19:32:59.9779225Z #15 [builder  4/13] WORKDIR /app
test-ubuntu (3.14t)	Set up Docker Compose	2026-05-19T19:32:59.9779686Z #15 DONE 0.0s
test-ubuntu (3.14t)	Set up Docker Compose	2026-05-19T19:32:59.9779876Z 
test-ubuntu (3.14t)	Set up Docker Compose	2026-05-19T19:32:59.9780068Z #16 [builder  5/13] COPY pyproject.toml .
test-ubuntu (3.14t)	Set up Docker Compose	2026-05-19T19:32:59.9780495Z #16 DONE 0.0s
test-ubuntu (3.14t)	Set up Docker Compose	2026-05-19T19:32:59.9780672Z 
test-ubuntu (3.14t)	Set up Docker Compose	2026-05-19T19:32:59.9780832Z #17 [builder  6/13] COPY uv.lock .
test-ubuntu (3.14t)	Set up Docker Compose	2026-05-19T19:32:59.9781246Z #17 DONE 0.0s
test-ubuntu (3.14t)	Set up Docker Compose	2026-05-19T19:32:59.9781422Z 
test-ubuntu (3.14t)	Set up Docker Compose	2026-05-19T19:32:59.9781573Z #18 [builder  7/13] COPY src/ ./src/
test-ubuntu (3.14t)	Set up Docker Compose	2026-05-19T19:32:59.9782033Z #18 DONE 0.0s
test-ubuntu (3.14t)	Set up Docker Compose	2026-05-19T19:32:59.9782226Z 
test-ubuntu (3.14t)	Set up Docker Compose	2026-05-19T19:32:59.9782386Z #19 [builder  8/13] COPY README.md .
test-ubuntu (3.14t)	Set up Docker Compose	2026-05-19T19:32:59.9783223Z #19 DONE 0.0s
test-ubuntu (3.14t)	Set up Docker Compose	2026-05-19T19:32:59.9783434Z 
test-ubuntu (3.14t)	Set up Docker Compose	2026-05-19T19:32:59.9783840Z #20 [builder  9/13] COPY LICENSE .
test-ubuntu (3.14t)	Set up Docker Compose	2026-05-19T19:32:59.9784259Z #20 DONE 0.0s
test-ubuntu (3.14t)	Set up Docker Compose	2026-05-19T19:32:59.9784376Z 
test-ubuntu (3.14t)	Set up Docker Compose	2026-05-19T19:32:59.9784479Z #21 [builder 10/13] COPY .git ./.git
test-ubuntu (3.14t)	Set up Docker Compose	2026-05-19T19:32:59.9784912Z #21 DONE 0.0s
test-ubuntu (3.14t)	Set up Docker Compose	2026-05-19T19:33:00.2139365Z 
test-ubuntu (3.14t)	Set up Docker Compose	2026-05-19T19:33:00.2140057Z #22 [builder 11/13] COPY coreason-manifest* /coreason-manifest/
test-ubuntu (3.14t)	Set up Docker Compose	2026-05-19T19:33:00.2140557Z #22 DONE 0.1s
test-ubuntu (3.14t)	Set up Docker Compose	2026-05-19T19:33:00.2140674Z 
test-ubuntu (3.14t)	Set up Docker Compose	2026-05-19T19:33:00.2140949Z #23 [builder 12/13] RUN --mount=type=cache,target=/root/.cache/uv     uv sync --no-dev --frozen
test-ubuntu (3.14t)	Set up Docker Compose	2026-05-19T19:33:00.4438831Z #23 0.380 Using CPython 3.14.5 interpreter at: /usr/local/bin/python3
test-ubuntu (3.14t)	Set up Docker Compose	2026-05-19T19:33:00.4439691Z #23 0.380 Creating virtual environment at: .venv
test-ubuntu (3.14t)	Set up Docker Compose	2026-05-19T19:33:00.5623187Z #23 0.410    Building coreason-ecosystem @ file:///app
test-ubuntu (3.14t)	Set up Docker Compose	2026-05-19T19:33:00.5624233Z #23 0.410    Building coreason-manifest @ file:///coreason-manifest
test-ubuntu (3.14t)	Set up Docker Compose	2026-05-19T19:33:00.5624897Z #23 0.498 Downloading setuptools (1.0MiB)
test-ubuntu (3.14t)	Set up Docker Compose	2026-05-19T19:33:00.7268257Z #23 0.499 Downloading pygments (1.2MiB)
test-ubuntu (3.14t)	Set up Docker Compose	2026-05-19T19:33:00.7269516Z #23 0.500 Downloading pynacl (1.3MiB)
test-ubuntu (3.14t)	Set up Docker Compose	2026-05-19T19:33:00.7271248Z #23 0.504 Downloading psycopg2-binary (4.1MiB)
test-ubuntu (3.14t)	Set up Docker Compose	2026-05-19T19:33:00.7272064Z #23 0.504 Downloading pip (1.7MiB)
test-ubuntu (3.14t)	Set up Docker Compose	2026-05-19T19:33:00.7272534Z #23 0.505 Downloading aiohttp (1.7MiB)
test-ubuntu (3.14t)	Set up Docker Compose	2026-05-19T19:33:00.7272977Z #23 0.506 Downloading temporalio (14.1MiB)
test-ubuntu (3.14t)	Set up Docker Compose	2026-05-19T19:33:00.7273425Z #23 0.506 Downloading asyncpg (3.3MiB)
test-ubuntu (3.14t)	Set up Docker Compose	2026-05-19T19:33:00.7274131Z #23 0.507 Downloading sqlalchemy (3.1MiB)
test-ubuntu (3.14t)	Set up Docker Compose	2026-05-19T19:33:00.7274447Z #23 0.508 Downloading cryptography (4.5MiB)
test-ubuntu (3.14t)	Set up Docker Compose	2026-05-19T19:33:00.7274735Z #23 0.509 Downloading numpy (15.9MiB)
test-ubuntu (3.14t)	Set up Docker Compose	2026-05-19T19:33:00.7274987Z #23 0.509 Downloading networkx (2.0MiB)
test-ubuntu (3.14t)	Set up Docker Compose	2026-05-19T19:33:00.7275237Z #23 0.509 Downloading uvloop (4.1MiB)
test-ubuntu (3.14t)	Set up Docker Compose	2026-05-19T19:33:00.7275706Z #23 0.510 Downloading pyarrow (46.6MiB)
test-ubuntu (3.14t)	Set up Docker Compose	2026-05-19T19:33:00.7276046Z #23 0.511 Downloading pydantic-core (2.0MiB)
test-ubuntu (3.14t)	Set up Docker Compose	2026-05-19T19:33:00.7276334Z #23 0.512 Downloading pulp (15.6MiB)
test-ubuntu (3.14t)	Set up Docker Compose	2026-05-19T19:33:00.7276578Z #23 0.512 Downloading pandas (10.4MiB)
test-ubuntu (3.14t)	Set up Docker Compose	2026-05-19T19:33:00.7277029Z #23 0.513 Downloading skypilot (3.4MiB)
test-ubuntu (3.14t)	Set up Docker Compose	2026-05-19T19:33:01.4395038Z #23 1.376  Downloaded pynacl
test-ubuntu (3.14t)	Set up Docker Compose	2026-05-19T19:33:01.6252884Z #23 1.382  Downloaded aiohttp
test-ubuntu (3.14t)	Set up Docker Compose	2026-05-19T19:33:01.6254442Z #23 1.428  Downloaded pydantic-core
test-ubuntu (3.14t)	Set up Docker Compose	2026-05-19T19:33:01.6255182Z #23 1.562  Downloaded pygments
test-ubuntu (3.14t)	Set up Docker Compose	2026-05-19T19:33:01.7513617Z #23 1.573  Downloaded setuptools
test-ubuntu (3.14t)	Set up Docker Compose	2026-05-19T19:33:01.7514156Z #23 1.622  Downloaded asyncpg
test-ubuntu (3.14t)	Set up Docker Compose	2026-05-19T19:33:01.7514701Z #23 1.688  Downloaded psycopg2-binary
test-ubuntu (3.14t)	Set up Docker Compose	2026-05-19T19:33:01.9094796Z #23 1.745  Downloaded uvloop
test-ubuntu (3.14t)	Set up Docker Compose	2026-05-19T19:33:02.1107474Z #23 1.845  Downloaded cryptography
test-ubuntu (3.14t)	Set up Docker Compose	2026-05-19T19:33:02.1108037Z #23 1.853  Downloaded pip
test-ubuntu (3.14t)	Set up Docker Compose	2026-05-19T19:33:02.1108788Z #23 1.872  Downloaded sqlalchemy
test-ubuntu (3.14t)	Set up Docker Compose	2026-05-19T19:33:02.1109459Z #23 1.897  Downloaded networkx
test-ubuntu (3.14t)	Set up Docker Compose	2026-05-19T19:33:02.3740696Z #23 2.158  Downloaded skypilot
test-ubuntu (3.14t)	Set up Docker Compose	2026-05-19T19:33:02.4092858Z #23 2.345  Downloaded pulp
test-ubuntu (3.14t)	Set up Docker Compose	2026-05-19T19:33:02.8102731Z #23 2.746  Downloaded numpy
test-ubuntu (3.14t)	Set up Docker Compose	2026-05-19T19:33:02.9891963Z #23 2.785  Downloaded temporalio
test-ubuntu (3.14t)	Set up Docker Compose	2026-05-19T19:33:03.1581971Z #23 2.925  Downloaded pandas
test-ubuntu (3.14t)	Set up Docker Compose	2026-05-19T19:33:03.1582522Z #23 2.944  Downloaded pyarrow
test-ubuntu (3.14t)	Set up Docker Compose	2026-05-19T19:33:03.3393520Z #23 3.276       Built coreason-ecosystem @ file:///app
test-ubuntu (3.14t)	Set up Docker Compose	2026-05-19T19:33:03.5445013Z #23 3.324       Built coreason-manifest @ file:///coreason-manifest
test-ubuntu (3.14t)	Set up Docker Compose	2026-05-19T19:33:03.5445764Z #23 3.327 Prepared 125 packages in 2.93s
test-ubuntu (3.14t)	Set up Docker Compose	2026-05-19T19:33:03.5446607Z #23 3.329 warning: Failed to hardlink files; falling back to full copy. This may lead to degraded performance.
test-ubuntu (3.14t)	Set up Docker Compose	2026-05-19T19:33:03.5447838Z #23 3.329          If the cache and target directories are on different filesystems, hardlinking may not be supported.
test-ubuntu (3.14t)	Set up Docker Compose	2026-05-19T19:33:03.5449134Z #23 3.329          If this is intentional, set `export UV_LINK_MODE=copy` or use `--link-mode=copy` to suppress this warning.
test-ubuntu (3.14t)	Set up Docker Compose	2026-05-19T19:33:04.4072814Z #23 4.343 Installed 125 packages in 1.01s
test-ubuntu (3.14t)	Set up Docker Compose	2026-05-19T19:33:04.5639063Z #23 4.344  + aiofiles==24.1.0
test-ubuntu (3.14t)	Set up Docker Compose	2026-05-19T19:33:04.5639797Z #23 4.344  + aiohappyeyeballs==2.6.1
test-ubuntu (3.14t)	Set up Docker Compose	2026-05-19T19:33:04.5640412Z #23 4.344  + aiohttp==3.13.5
test-ubuntu (3.14t)	Set up Docker Compose	2026-05-19T19:33:04.5640821Z #23 4.344  + aiosignal==1.4.0
test-ubuntu (3.14t)	Set up Docker Compose	2026-05-19T19:33:04.5641213Z #23 4.344  + aiosqlite==0.22.1
test-ubuntu (3.14t)	Set up Docker Compose	2026-05-19T19:33:04.5641591Z #23 4.344  + alembic==1.18.4
test-ubuntu (3.14t)	Set up Docker Compose	2026-05-19T19:33:04.5642394Z #23 4.344  + annotated-doc==0.0.4
test-ubuntu (3.14t)	Set up Docker Compose	2026-05-19T19:33:04.5642804Z #23 4.344  + annotated-types==0.7.0
test-ubuntu (3.14t)	Set up Docker Compose	2026-05-19T19:33:04.5643203Z #23 4.345  + anyio==4.13.0
test-ubuntu (3.14t)	Set up Docker Compose	2026-05-19T19:33:04.5643829Z #23 4.345  + asyncpg==0.31.0
test-ubuntu (3.14t)	Set up Docker Compose	2026-05-19T19:33:04.5644253Z #23 4.345  + attrs==26.1.0
test-ubuntu (3.14t)	Set up Docker Compose	2026-05-19T19:33:04.5644613Z #23 4.345  + bcrypt==4.0.1
test-ubuntu (3.14t)	Set up Docker Compose	2026-05-19T19:33:04.5644960Z #23 4.345  + bracex==2.6
test-ubuntu (3.14t)	Set up Docker Compose	2026-05-19T19:33:04.5645319Z #23 4.345  + cachetools==7.1.1
test-ubuntu (3.14t)	Set up Docker Compose	2026-05-19T19:33:04.5645702Z #23 4.345  + canonicaljson==2.0.0
test-ubuntu (3.14t)	Set up Docker Compose	2026-05-19T19:33:04.5646096Z #23 4.345  + casbin==1.43.0
test-ubuntu (3.14t)	Set up Docker Compose	2026-05-19T19:33:04.5646457Z #23 4.345  + certifi==2026.4.22
test-ubuntu (3.14t)	Set up Docker Compose	2026-05-19T19:33:04.5646843Z #23 4.345  + cffi==2.0.0
test-ubuntu (3.14t)	Set up Docker Compose	2026-05-19T19:33:04.5647215Z #23 4.345  + charset-normalizer==3.4.7
test-ubuntu (3.14t)	Set up Docker Compose	2026-05-19T19:33:04.5647631Z #23 4.345  + click==8.1.8
test-ubuntu (3.14t)	Set up Docker Compose	2026-05-19T19:33:04.5647983Z #23 4.345  + colorama==0.4.6
test-ubuntu (3.14t)	Set up Docker Compose	2026-05-19T19:33:04.5648588Z #23 4.345  + coreason-ecosystem==0.45.2.dev2+g22bab08de.d20260519 (from file:///app)
test-ubuntu (3.14t)	Set up Docker Compose	2026-05-19T19:33:04.5649416Z #23 4.345  + coreason-manifest==0.84.1 (from file:///coreason-manifest)
test-ubuntu (3.14t)	Set up Docker Compose	2026-05-19T19:33:04.5650008Z #23 4.345  + cryptography==48.0.0
test-ubuntu (3.14t)	Set up Docker Compose	2026-05-19T19:33:04.5650414Z #23 4.345  + fastapi==0.136.1
test-ubuntu (3.14t)	Set up Docker Compose	2026-05-19T19:33:04.5650786Z #23 4.345  + filelock==3.29.0
test-ubuntu (3.14t)	Set up Docker Compose	2026-05-19T19:33:04.5651156Z #23 4.345  + frozenlist==1.8.0
test-ubuntu (3.14t)	Set up Docker Compose	2026-05-19T19:33:04.5651578Z #23 4.345  + gitdb==4.0.12
test-ubuntu (3.14t)	Set up Docker Compose	2026-05-19T19:33:04.5651895Z #23 4.345  + gitpython==3.1.50
test-ubuntu (3.14t)	Set up Docker Compose	2026-05-19T19:33:04.5652170Z #23 4.345  + googleapis-common-protos==1.75.0
test-ubuntu (3.14t)	Set up Docker Compose	2026-05-19T19:33:04.5652455Z #23 4.345  + greenlet==3.5.0
test-ubuntu (3.14t)	Set up Docker Compose	2026-05-19T19:33:04.5652665Z #23 4.345  + h11==0.16.0
test-ubuntu (3.14t)	Set up Docker Compose	2026-05-19T19:33:04.5652867Z #23 4.345  + httpcore==1.0.9
test-ubuntu (3.14t)	Set up Docker Compose	2026-05-19T19:33:04.5653095Z #23 4.345  + httptools==0.7.1
test-ubuntu (3.14t)	Set up Docker Compose	2026-05-19T19:33:04.5653303Z #23 4.346  + httpx==0.28.1
test-ubuntu (3.14t)	Set up Docker Compose	2026-05-19T19:33:04.5653793Z #23 4.346  + httpx-sse==0.4.3
test-ubuntu (3.14t)	Set up Docker Compose	2026-05-19T19:33:04.5654121Z #23 4.346  + hvac==2.4.0
test-ubuntu (3.14t)	Set up Docker Compose	2026-05-19T19:33:04.5654328Z #23 4.346  + idna==3.15
test-ubuntu (3.14t)	Set up Docker Compose	2026-05-19T19:33:04.5654524Z #23 4.346  + ijson==3.5.0
test-ubuntu (3.14t)	Set up Docker Compose	2026-05-19T19:33:04.5654762Z #23 4.346  + importlib-metadata==8.7.1
test-ubuntu (3.14t)	Set up Docker Compose	2026-05-19T19:33:04.5655002Z #23 4.346  + invoke==3.0.3
test-ubuntu (3.14t)	Set up Docker Compose	2026-05-19T19:33:04.5655199Z #23 4.346  + jinja2==3.1.6
test-ubuntu (3.14t)	Set up Docker Compose	2026-05-19T19:33:04.5655403Z #23 4.346  + jsonpatch==1.33
test-ubuntu (3.14t)	Set up Docker Compose	2026-05-19T19:33:04.5655618Z #23 4.346  + jsonpointer==3.1.1
test-ubuntu (3.14t)	Set up Docker Compose	2026-05-19T19:33:04.5655839Z #23 4.346  + jsonschema==4.26.0
test-ubuntu (3.14t)	Set up Docker Compose	2026-05-19T19:33:04.5656090Z #23 4.346  + jsonschema-specifications==2025.9.1
test-ubuntu (3.14t)	Set up Docker Compose	2026-05-19T19:33:04.5656368Z #23 4.346  + loguru==0.7.3
test-ubuntu (3.14t)	Set up Docker Compose	2026-05-19T19:33:04.5656572Z #23 4.346  + mako==1.3.12
test-ubuntu (3.14t)	Set up Docker Compose	2026-05-19T19:33:04.5656783Z #23 4.346  + markdown-it-py==4.2.0
test-ubuntu (3.14t)	Set up Docker Compose	2026-05-19T19:33:04.5657012Z #23 4.347  + markupsafe==3.0.3
test-ubuntu (3.14t)	Set up Docker Compose	2026-05-19T19:33:04.5657235Z #23 4.347  + mcp==1.27.1
test-ubuntu (3.14t)	Set up Docker Compose	2026-05-19T19:33:04.5657433Z #23 4.347  + mdurl==0.1.2
test-ubuntu (3.14t)	Set up Docker Compose	2026-05-19T19:33:04.5657634Z #23 4.347  + msgspec==0.21.1
test-ubuntu (3.14t)	Set up Docker Compose	2026-05-19T19:33:04.5657844Z #23 4.347  + multidict==6.7.1
test-ubuntu (3.14t)	Set up Docker Compose	2026-05-19T19:33:04.5658058Z #23 4.347  + nats-py==2.14.0
test-ubuntu (3.14t)	Set up Docker Compose	2026-05-19T19:33:04.5658273Z #23 4.347  + networkx==3.6.1
test-ubuntu (3.14t)	Set up Docker Compose	2026-05-19T19:33:04.5658494Z #23 4.347  + nexus-rpc==1.4.0
test-ubuntu (3.14t)	Set up Docker Compose	2026-05-19T19:33:04.5658700Z #23 4.347  + numpy==2.4.4
test-ubuntu (3.14t)	Set up Docker Compose	2026-05-19T19:33:04.5658909Z #23 4.347  + opentelemetry-api==1.41.1
test-ubuntu (3.14t)	Set up Docker Compose	2026-05-19T19:33:04.5659226Z #23 4.347  + opentelemetry-exporter-otlp-proto-common==1.41.1
test-ubuntu (3.14t)	Set up Docker Compose	2026-05-19T19:33:04.5659612Z #23 4.347  + opentelemetry-exporter-otlp-proto-http==1.41.1
test-ubuntu (3.14t)	Set up Docker Compose	2026-05-19T19:33:04.5659938Z #23 4.347  + opentelemetry-proto==1.41.1
test-ubuntu (3.14t)	Set up Docker Compose	2026-05-19T19:33:04.5660199Z #23 4.347  + opentelemetry-sdk==1.41.1
test-ubuntu (3.14t)	Set up Docker Compose	2026-05-19T19:33:04.5660499Z #23 4.347  + opentelemetry-semantic-conventions==0.62b1
test-ubuntu (3.14t)	Set up Docker Compose	2026-05-19T19:33:04.5660792Z #23 4.347  + orjson==3.11.9
test-ubuntu (3.14t)	Set up Docker Compose	2026-05-19T19:33:04.5661005Z #23 4.347  + packaging==26.2
test-ubuntu (3.14t)	Set up Docker Compose	2026-05-19T19:33:04.5661459Z #23 4.347  + pandas==3.0.3
test-ubuntu (3.14t)	Set up Docker Compose	2026-05-19T19:33:04.5661666Z #23 4.347  + paramiko==5.0.0
test-ubuntu (3.14t)	Set up Docker Compose	2026-05-19T19:33:04.5661868Z #23 4.347  + passlib==1.7.4
test-ubuntu (3.14t)	Set up Docker Compose	2026-05-19T19:33:04.5662076Z #23 4.347  + pendulum==3.2.0
test-ubuntu (3.14t)	Set up Docker Compose	2026-05-19T19:33:04.5662284Z #23 4.347  + pip==26.1.1
test-ubuntu (3.14t)	Set up Docker Compose	2026-05-19T19:33:04.5662492Z #23 4.347  + prettytable==3.17.0
test-ubuntu (3.14t)	Set up Docker Compose	2026-05-19T19:33:04.5662875Z #23 4.347  + prometheus-client==0.25.0
test-ubuntu (3.14t)	Set up Docker Compose	2026-05-19T19:33:04.5663119Z #23 4.347  + propcache==0.5.2
test-ubuntu (3.14t)	Set up Docker Compose	2026-05-19T19:33:04.5663334Z #23 4.347  + protobuf==6.33.6
test-ubuntu (3.14t)	Set up Docker Compose	2026-05-19T19:33:04.5663868Z #23 4.347  + psutil==7.2.2
test-ubuntu (3.14t)	Set up Docker Compose	2026-05-19T19:33:04.5664098Z #23 4.348  + psycopg2-binary==2.9.12
test-ubuntu (3.14t)	Set up Docker Compose	2026-05-19T19:33:04.5664332Z #23 4.348  + pulp==3.3.1
test-ubuntu (3.14t)	Set up Docker Compose	2026-05-19T19:33:04.5664536Z #23 4.348  + pyarrow==24.0.0
test-ubuntu (3.14t)	Set up Docker Compose	2026-05-19T19:33:04.5664747Z #23 4.348  + pycasbin==2.8.0
test-ubuntu (3.14t)	Set up Docker Compose	2026-05-19T19:33:04.5664960Z #23 4.348  + pycparser==3.0
test-ubuntu (3.14t)	Set up Docker Compose	2026-05-19T19:33:04.5665185Z #23 4.348  + pycrdt==0.13.0
test-ubuntu (3.14t)	Set up Docker Compose	2026-05-19T19:33:04.5665393Z #23 4.348  + pydantic==2.13.4
test-ubuntu (3.14t)	Set up Docker Compose	2026-05-19T19:33:04.5665624Z #23 4.348  + pydantic-core==2.46.4
test-ubuntu (3.14t)	Set up Docker Compose	2026-05-19T19:33:04.5665881Z #23 4.348  + pydantic-settings==2.14.1
test-ubuntu (3.14t)	Set up Docker Compose	2026-05-19T19:33:04.5666125Z #23 4.348  + pygments==2.20.0
test-ubuntu (3.14t)	Set up Docker Compose	2026-05-19T19:33:04.5666335Z #23 4.348  + pyjwt==2.12.1
test-ubuntu (3.14t)	Set up Docker Compose	2026-05-19T19:33:04.5666537Z #23 4.348  + pynacl==1.6.2
test-ubuntu (3.14t)	Set up Docker Compose	2026-05-19T19:33:04.5666753Z #23 4.348  + python-dateutil==2.9.0.post0
test-ubuntu (3.14t)	Set up Docker Compose	2026-05-19T19:33:04.5667023Z #23 4.348  + python-dotenv==1.2.2
test-ubuntu (3.14t)	Set up Docker Compose	2026-05-19T19:33:04.5667260Z #23 4.348  + python-multipart==0.0.28
test-ubuntu (3.14t)	Set up Docker Compose	2026-05-19T19:33:04.5667500Z #23 4.348  + pyyaml==6.0.3
test-ubuntu (3.14t)	Set up Docker Compose	2026-05-19T19:33:04.5667708Z #23 4.348  + referencing==0.37.0
test-ubuntu (3.14t)	Set up Docker Compose	2026-05-19T19:33:04.5667930Z #23 4.348  + requests==2.34.0
test-ubuntu (3.14t)	Set up Docker Compose	2026-05-19T19:33:04.5668137Z #23 4.348  + rich==15.0.0
test-ubuntu (3.14t)	Set up Docker Compose	2026-05-19T19:33:04.5668339Z #23 4.348  + rpds-py==0.30.0
test-ubuntu (3.14t)	Set up Docker Compose	2026-05-19T19:33:04.5668559Z #23 4.348  + setproctitle==1.3.7
test-ubuntu (3.14t)	Set up Docker Compose	2026-05-19T19:33:04.5668782Z #23 4.348  + setuptools==81.0.0
test-ubuntu (3.14t)	Set up Docker Compose	2026-05-19T19:33:04.5669001Z #23 4.348  + shellingham==1.5.4
test-ubuntu (3.14t)	Set up Docker Compose	2026-05-19T19:33:04.5669228Z #23 4.348  + simpleeval==1.0.7
test-ubuntu (3.14t)	Set up Docker Compose	2026-05-19T19:33:04.5669445Z #23 4.348  + six==1.17.0
test-ubuntu (3.14t)	Set up Docker Compose	2026-05-19T19:33:04.5669648Z #23 4.348  + skypilot==0.12.1
test-ubuntu (3.14t)	Set up Docker Compose	2026-05-19T19:33:04.5669856Z #23 4.348  + smmap==5.0.3
test-ubuntu (3.14t)	Set up Docker Compose	2026-05-19T19:33:04.5670064Z #23 4.349  + sqlalchemy==2.0.49
test-ubuntu (3.14t)	Set up Docker Compose	2026-05-19T19:33:04.5670289Z #23 4.349  + sqlalchemy-adapter==1.9.0
test-ubuntu (3.14t)	Set up Docker Compose	2026-05-19T19:33:04.5670546Z #23 4.349  + sse-starlette==3.4.4
test-ubuntu (3.14t)	Set up Docker Compose	2026-05-19T19:33:04.5670779Z #23 4.349  + starlette==1.0.0
test-ubuntu (3.14t)	Set up Docker Compose	2026-05-19T19:33:04.5670983Z #23 4.349  + tabulate==0.10.0
test-ubuntu (3.14t)	Set up Docker Compose	2026-05-19T19:33:04.5671197Z #23 4.349  + temporalio==1.27.0
test-ubuntu (3.14t)	Set up Docker Compose	2026-05-19T19:33:04.5671408Z #23 4.349  + typer==0.23.1
test-ubuntu (3.14t)	Set up Docker Compose	2026-05-19T19:33:04.5671633Z #23 4.349  + types-paramiko==4.0.0.20260508
test-ubuntu (3.14t)	Set up Docker Compose	2026-05-19T19:33:04.5671909Z #23 4.349  + types-protobuf==6.32.1.20260221
test-ubuntu (3.14t)	Set up Docker Compose	2026-05-19T19:33:04.5672170Z #23 4.349  + typing-extensions==4.15.0
test-ubuntu (3.14t)	Set up Docker Compose	2026-05-19T19:33:04.5672421Z #23 4.349  + typing-inspection==0.4.2
test-ubuntu (3.14t)	Set up Docker Compose	2026-05-19T19:33:04.5672653Z #23 4.349  + tzdata==2026.2
test-ubuntu (3.14t)	Set up Docker Compose	2026-05-19T19:33:04.5672857Z #23 4.349  + urllib3==2.7.0
test-ubuntu (3.14t)	Set up Docker Compose	2026-05-19T19:33:04.5673058Z #23 4.349  + uvicorn==0.35.0
test-ubuntu (3.14t)	Set up Docker Compose	2026-05-19T19:33:04.5673269Z #23 4.349  + uvloop==0.22.1
test-ubuntu (3.14t)	Set up Docker Compose	2026-05-19T19:33:04.5673629Z #23 4.349  + watchfiles==1.1.1
test-ubuntu (3.14t)	Set up Docker Compose	2026-05-19T19:33:04.5673850Z #23 4.349  + wcmatch==10.1
test-ubuntu (3.14t)	Set up Docker Compose	2026-05-19T19:33:04.5674053Z #23 4.349  + wcwidth==0.7.0
test-ubuntu (3.14t)	Set up Docker Compose	2026-05-19T19:33:04.5674255Z #23 4.349  + websockets==16.0
test-ubuntu (3.14t)	Set up Docker Compose	2026-05-19T19:33:04.5674461Z #23 4.349  + wheel==0.47.0
test-ubuntu (3.14t)	Set up Docker Compose	2026-05-19T19:33:04.5674662Z #23 4.349  + yarl==1.23.0
test-ubuntu (3.14t)	Set up Docker Compose	2026-05-19T19:33:04.5674859Z #23 4.349  + zipp==3.23.1
test-ubuntu (3.14t)	Set up Docker Compose	2026-05-19T19:33:06.9363690Z #23 DONE 6.9s
test-ubuntu (3.14t)	Set up Docker Compose	2026-05-19T19:33:07.0880401Z 
test-ubuntu (3.14t)	Set up Docker Compose	2026-05-19T19:33:07.0881234Z #24 [builder 13/13] RUN cd /coreason-manifest && uv build --wheel --out-dir /wheels &&     cd /app && uv build --wheel --out-dir /wheels
test-ubuntu (3.14t)	Set up Docker Compose	2026-05-19T19:33:07.1314234Z #24 0.194 Building wheel...
test-ubuntu (3.14t)	Set up Docker Compose	2026-05-19T19:33:07.8603246Z #24 0.923 Successfully built /wheels/coreason_manifest-0.84.1-py3-none-any.whl
test-ubuntu (3.14t)	Set up Docker Compose	2026-05-19T19:33:08.0818454Z #24 0.994 Building wheel...
test-ubuntu (3.14t)	Set up Docker Compose	2026-05-19T19:33:08.4498867Z #24 1.513 Successfully built /wheels/coreason_ecosystem-0.45.2.dev2+g22bab08de.d20260519-py3-none-any.whl
test-ubuntu (3.14t)	Set up Docker Compose	2026-05-19T19:33:08.6351322Z #24 DONE 1.5s
test-ubuntu (3.14t)	Set up Docker Compose	2026-05-19T19:33:09.0086610Z 
test-ubuntu (3.14t)	Set up Docker Compose	2026-05-19T19:33:09.0087203Z #25 [runtime 5/6] COPY --from=builder /wheels /wheels
test-ubuntu (3.14t)	Set up Docker Compose	2026-05-19T19:33:09.1756843Z #25 DONE 0.0s
test-ubuntu (3.14t)	Set up Docker Compose	2026-05-19T19:33:09.1757196Z 
test-ubuntu (3.14t)	Set up Docker Compose	2026-05-19T19:33:09.1757828Z #26 [runtime 6/6] RUN uv venv /home/appuser/app/.venv &&     uv pip install --no-cache /wheels/*.whl
test-ubuntu (3.14t)	Set up Docker Compose	2026-05-19T19:33:09.3481337Z #26 0.323 Using CPython 3.14.5 interpreter at: /usr/local/bin/python
test-ubuntu (3.14t)	Set up Docker Compose	2026-05-19T19:33:09.3481895Z #26 0.323 Creating virtual environment at: .venv
test-ubuntu (3.14t)	Set up Docker Compose	2026-05-19T19:33:10.3039443Z #26 1.279 Resolved 124 packages in 747ms
test-ubuntu (3.14t)	Set up Docker Compose	2026-05-19T19:33:10.4830667Z #26 1.295 Downloading aiohttp (1.7MiB)
test-ubuntu (3.14t)	Set up Docker Compose	2026-05-19T19:33:10.4831287Z #26 1.300 Downloading numpy (15.9MiB)
test-ubuntu (3.14t)	Set up Docker Compose	2026-05-19T19:33:10.4832199Z #26 1.301 Downloading asyncpg (3.3MiB)
test-ubuntu (3.14t)	Set up Docker Compose	2026-05-19T19:33:10.4832701Z #26 1.301 Downloading pydantic-core (2.0MiB)
test-ubuntu (3.14t)	Set up Docker Compose	2026-05-19T19:33:10.4833183Z #26 1.302 Downloading networkx (2.0MiB)
test-ubuntu (3.14t)	Set up Docker Compose	2026-05-19T19:33:10.4833900Z #26 1.302 Downloading pygments (1.2MiB)
test-ubuntu (3.14t)	Set up Docker Compose	2026-05-19T19:33:10.4834375Z #26 1.303 Downloading pynacl (1.3MiB)
test-ubuntu (3.14t)	Set up Docker Compose	2026-05-19T19:33:10.4834803Z #26 1.304 Downloading pulp (15.6MiB)
test-ubuntu (3.14t)	Set up Docker Compose	2026-05-19T19:33:10.4835240Z #26 1.304 Downloading pandas (10.4MiB)
test-ubuntu (3.14t)	Set up Docker Compose	2026-05-19T19:33:10.4835700Z #26 1.304 Downloading temporalio (14.1MiB)
test-ubuntu (3.14t)	Set up Docker Compose	2026-05-19T19:33:10.4836178Z #26 1.305 Downloading pip (1.7MiB)
test-ubuntu (3.14t)	Set up Docker Compose	2026-05-19T19:33:10.4836617Z #26 1.305 Downloading pyarrow (46.6MiB)
test-ubuntu (3.14t)	Set up Docker Compose	2026-05-19T19:33:10.4837050Z #26 1.306 Downloading skypilot (3.4MiB)
test-ubuntu (3.14t)	Set up Docker Compose	2026-05-19T19:33:10.4837525Z #26 1.306 Downloading psycopg2-binary (4.1MiB)
test-ubuntu (3.14t)	Set up Docker Compose	2026-05-19T19:33:10.4838015Z #26 1.307 Downloading sqlalchemy (3.1MiB)
test-ubuntu (3.14t)	Set up Docker Compose	2026-05-19T19:33:10.4838476Z #26 1.307 Downloading cryptography (4.5MiB)
test-ubuntu (3.14t)	Set up Docker Compose	2026-05-19T19:33:10.4838934Z #26 1.307 Downloading uvloop (4.1MiB)
test-ubuntu (3.14t)	Set up Docker Compose	2026-05-19T19:33:11.1053782Z #26 2.080  Downloaded pynacl
test-ubuntu (3.14t)	Set up Docker Compose	2026-05-19T19:33:11.2916254Z #26 2.090  Downloaded aiohttp
test-ubuntu (3.14t)	Set up Docker Compose	2026-05-19T19:33:11.2916919Z #26 2.116  Downloaded pydantic-core
test-ubuntu (3.14t)	Set up Docker Compose	2026-05-19T19:33:11.3230161Z #26 2.298  Downloaded pygments
test-ubuntu (3.14t)	Set up Docker Compose	2026-05-19T19:33:11.4557489Z #26 2.315  Downloaded asyncpg
test-ubuntu (3.14t)	Set up Docker Compose	2026-05-19T19:33:11.4558117Z #26 2.373  Downloaded psycopg2-binary
test-ubuntu (3.14t)	Set up Docker Compose	2026-05-19T19:33:11.4558749Z #26 2.431  Downloaded uvloop
test-ubuntu (3.14t)	Set up Docker Compose	2026-05-19T19:33:11.5558456Z #26 2.514  Downloaded cryptography
test-ubuntu (3.14t)	Set up Docker Compose	2026-05-19T19:33:11.5559037Z #26 2.531  Downloaded pip
test-ubuntu (3.14t)	Set up Docker Compose	2026-05-19T19:33:11.7451396Z #26 2.548  Downloaded sqlalchemy
test-ubuntu (3.14t)	Set up Docker Compose	2026-05-19T19:33:11.7452189Z #26 2.570  Downloaded networkx
test-ubuntu (3.14t)	Set up Docker Compose	2026-05-19T19:33:11.7941590Z #26 2.769  Downloaded skypilot
test-ubuntu (3.14t)	Set up Docker Compose	2026-05-19T19:33:11.9373821Z #26 2.912  Downloaded pulp
test-ubuntu (3.14t)	Set up Docker Compose	2026-05-19T19:33:12.1975604Z #26 3.172  Downloaded numpy
test-ubuntu (3.14t)	Set up Docker Compose	2026-05-19T19:33:12.3268825Z #26 3.302  Downloaded temporalio
test-ubuntu (3.14t)	Set up Docker Compose	2026-05-19T19:33:12.4510009Z #26 3.399  Downloaded pandas
test-ubuntu (3.14t)	Set up Docker Compose	2026-05-19T19:33:12.4510748Z #26 3.426  Downloaded pyarrow
test-ubuntu (3.14t)	Set up Docker Compose	2026-05-19T19:33:12.6030744Z #26 3.426 Prepared 124 packages in 2.14s
test-ubuntu (3.14t)	Set up Docker Compose	2026-05-19T19:33:12.6380595Z #26 3.613 Installed 124 packages in 186ms
test-ubuntu (3.14t)	Set up Docker Compose	2026-05-19T19:33:12.7960616Z #26 3.613  + aiofiles==25.1.0
test-ubuntu (3.14t)	Set up Docker Compose	2026-05-19T19:33:12.7961268Z #26 3.613  + aiohappyeyeballs==2.6.1
test-ubuntu (3.14t)	Set up Docker Compose	2026-05-19T19:33:12.7961858Z #26 3.613  + aiohttp==3.13.5
test-ubuntu (3.14t)	Set up Docker Compose	2026-05-19T19:33:12.7962320Z #26 3.614  + aiosignal==1.4.0
test-ubuntu (3.14t)	Set up Docker Compose	2026-05-19T19:33:12.7962854Z #26 3.614  + aiosqlite==0.22.1
test-ubuntu (3.14t)	Set up Docker Compose	2026-05-19T19:33:12.7963345Z #26 3.614  + alembic==1.18.4
test-ubuntu (3.14t)	Set up Docker Compose	2026-05-19T19:33:12.7964132Z #26 3.615  + annotated-doc==0.0.4
test-ubuntu (3.14t)	Set up Docker Compose	2026-05-19T19:33:12.7964675Z #26 3.615  + annotated-types==0.7.0
test-ubuntu (3.14t)	Set up Docker Compose	2026-05-19T19:33:12.7965193Z #26 3.615  + anyio==4.13.0
test-ubuntu (3.14t)	Set up Docker Compose	2026-05-19T19:33:12.7965649Z #26 3.615  + asyncpg==0.31.0
test-ubuntu (3.14t)	Set up Docker Compose	2026-05-19T19:33:12.7966100Z #26 3.615  + attrs==26.1.0
test-ubuntu (3.14t)	Set up Docker Compose	2026-05-19T19:33:12.7966528Z #26 3.615  + bcrypt==4.0.1
test-ubuntu (3.14t)	Set up Docker Compose	2026-05-19T19:33:12.7966939Z #26 3.615  + bracex==2.6
test-ubuntu (3.14t)	Set up Docker Compose	2026-05-19T19:33:12.7967212Z #26 3.615  + cachetools==7.1.3
test-ubuntu (3.14t)	Set up Docker Compose	2026-05-19T19:33:12.7967505Z #26 3.615  + canonicaljson==2.0.0
test-ubuntu (3.14t)	Set up Docker Compose	2026-05-19T19:33:12.7967795Z #26 3.615  + casbin==1.43.0
test-ubuntu (3.14t)	Set up Docker Compose	2026-05-19T19:33:12.7968071Z #26 3.615  + certifi==2026.4.22
test-ubuntu (3.14t)	Set up Docker Compose	2026-05-19T19:33:12.7968348Z #26 3.615  + cffi==2.0.0
test-ubuntu (3.14t)	Set up Docker Compose	2026-05-19T19:33:12.7968625Z #26 3.615  + charset-normalizer==3.4.7
test-ubuntu (3.14t)	Set up Docker Compose	2026-05-19T19:33:12.7969268Z #26 3.615  + click==8.1.8
test-ubuntu (3.14t)	Set up Docker Compose	2026-05-19T19:33:12.7969535Z #26 3.615  + colorama==0.4.6
test-ubuntu (3.14t)	Set up Docker Compose	2026-05-19T19:33:12.7970350Z #26 3.615  + coreason-ecosystem==0.45.2.dev2+g22bab08de.d20260519 (from file:///wheels/coreason_ecosystem-0.45.2.dev2+g22bab08de.d20260519-py3-none-any.whl)
test-ubuntu (3.14t)	Set up Docker Compose	2026-05-19T19:33:12.7971632Z #26 3.615  + coreason-manifest==0.84.1 (from file:///wheels/coreason_manifest-0.84.1-py3-none-any.whl)
test-ubuntu (3.14t)	Set up Docker Compose	2026-05-19T19:33:12.7972220Z #26 3.615  + cryptography==48.0.0
test-ubuntu (3.14t)	Set up Docker Compose	2026-05-19T19:33:12.7972524Z #26 3.615  + fastapi==0.136.1
test-ubuntu (3.14t)	Set up Docker Compose	2026-05-19T19:33:12.7972803Z #26 3.616  + filelock==3.29.0
test-ubuntu (3.14t)	Set up Docker Compose	2026-05-19T19:33:12.7973084Z #26 3.616  + frozenlist==1.8.0
test-ubuntu (3.14t)	Set up Docker Compose	2026-05-19T19:33:12.7973364Z #26 3.616  + gitdb==4.0.12
test-ubuntu (3.14t)	Set up Docker Compose	2026-05-19T19:33:12.7974024Z #26 3.616  + gitpython==3.1.50
test-ubuntu (3.14t)	Set up Docker Compose	2026-05-19T19:33:12.7974370Z #26 3.616  + googleapis-common-protos==1.75.0
test-ubuntu (3.14t)	Set up Docker Compose	2026-05-19T19:33:12.7974727Z #26 3.616  + greenlet==3.5.0
test-ubuntu (3.14t)	Set up Docker Compose	2026-05-19T19:33:12.7974998Z #26 3.616  + h11==0.16.0
test-ubuntu (3.14t)	Set up Docker Compose	2026-05-19T19:33:12.7975255Z #26 3.616  + httpcore==1.0.9
test-ubuntu (3.14t)	Set up Docker Compose	2026-05-19T19:33:12.7975492Z #26 3.616  + httptools==0.7.1
test-ubuntu (3.14t)	Set up Docker Compose	2026-05-19T19:33:12.7975698Z #26 3.616  + httpx==0.28.1
test-ubuntu (3.14t)	Set up Docker Compose	2026-05-19T19:33:12.7975903Z #26 3.616  + httpx-sse==0.4.3
test-ubuntu (3.14t)	Set up Docker Compose	2026-05-19T19:33:12.7976111Z #26 3.616  + hvac==2.4.0
test-ubuntu (3.14t)	Set up Docker Compose	2026-05-19T19:33:12.7976304Z #26 3.616  + idna==3.15
test-ubuntu (3.14t)	Set up Docker Compose	2026-05-19T19:33:12.7976510Z #26 3.616  + ijson==3.5.0
test-ubuntu (3.14t)	Set up Docker Compose	2026-05-19T19:33:12.7976720Z #26 3.617  + invoke==3.0.3
test-ubuntu (3.14t)	Set up Docker Compose	2026-05-19T19:33:12.7976927Z #26 3.617  + jinja2==3.1.6
test-ubuntu (3.14t)	Set up Docker Compose	2026-05-19T19:33:12.7977133Z #26 3.617  + jsonpatch==1.33
test-ubuntu (3.14t)	Set up Docker Compose	2026-05-19T19:33:12.7977353Z #26 3.617  + jsonpointer==3.1.1
test-ubuntu (3.14t)	Set up Docker Compose	2026-05-19T19:33:12.7977569Z #26 3.617  + jsonschema==4.26.0
test-ubuntu (3.14t)	Set up Docker Compose	2026-05-19T19:33:12.7977820Z #26 3.617  + jsonschema-specifications==2025.9.1
test-ubuntu (3.14t)	Set up Docker Compose	2026-05-19T19:33:12.7978114Z #26 3.617  + loguru==0.7.3
test-ubuntu (3.14t)	Set up Docker Compose	2026-05-19T19:33:12.7978329Z #26 3.617  + mako==1.3.12
test-ubuntu (3.14t)	Set up Docker Compose	2026-05-19T19:33:12.7978550Z #26 3.617  + markdown-it-py==4.2.0
test-ubuntu (3.14t)	Set up Docker Compose	2026-05-19T19:33:12.7978794Z #26 3.617  + markupsafe==3.0.3
test-ubuntu (3.14t)	Set up Docker Compose	2026-05-19T19:33:12.7979013Z #26 3.617  + mcp==1.27.1
test-ubuntu (3.14t)	Set up Docker Compose	2026-05-19T19:33:12.7979220Z #26 3.617  + mdurl==0.1.2
test-ubuntu (3.14t)	Set up Docker Compose	2026-05-19T19:33:12.7979422Z #26 3.617  + msgspec==0.21.1
test-ubuntu (3.14t)	Set up Docker Compose	2026-05-19T19:33:12.7979637Z #26 3.617  + multidict==6.7.1
test-ubuntu (3.14t)	Set up Docker Compose	2026-05-19T19:33:12.7979847Z #26 3.617  + nats-py==2.14.0
test-ubuntu (3.14t)	Set up Docker Compose	2026-05-19T19:33:12.7980055Z #26 3.617  + networkx==3.6.1
test-ubuntu (3.14t)	Set up Docker Compose	2026-05-19T19:33:12.7980263Z #26 3.617  + nexus-rpc==1.4.0
test-ubuntu (3.14t)	Set up Docker Compose	2026-05-19T19:33:12.7980479Z #26 3.617  + numpy==2.4.6
test-ubuntu (3.14t)	Set up Docker Compose	2026-05-19T19:33:12.7980694Z #26 3.617  + opentelemetry-api==1.42.0
test-ubuntu (3.14t)	Set up Docker Compose	2026-05-19T19:33:12.7981045Z #26 3.617  + opentelemetry-exporter-otlp-proto-common==1.42.0
test-ubuntu (3.14t)	Set up Docker Compose	2026-05-19T19:33:12.7981434Z #26 3.617  + opentelemetry-exporter-otlp-proto-http==1.42.0
test-ubuntu (3.14t)	Set up Docker Compose	2026-05-19T19:33:12.7981769Z #26 3.617  + opentelemetry-proto==1.42.0
test-ubuntu (3.14t)	Set up Docker Compose	2026-05-19T19:33:12.7982038Z #26 3.617  + opentelemetry-sdk==1.42.0
test-ubuntu (3.14t)	Set up Docker Compose	2026-05-19T19:33:12.7982335Z #26 3.617  + opentelemetry-semantic-conventions==0.63b0
test-ubuntu (3.14t)	Set up Docker Compose	2026-05-19T19:33:12.7982629Z #26 3.618  + orjson==3.11.9
test-ubuntu (3.14t)	Set up Docker Compose	2026-05-19T19:33:12.7982843Z #26 3.618  + packaging==26.2
test-ubuntu (3.14t)	Set up Docker Compose	2026-05-19T19:33:12.7983052Z #26 3.618  + pandas==3.0.3
test-ubuntu (3.14t)	Set up Docker Compose	2026-05-19T19:33:12.7983263Z #26 3.619  + paramiko==5.0.0
test-ubuntu (3.14t)	Set up Docker Compose	2026-05-19T19:33:12.7983603Z #26 3.619  + passlib==1.7.4
test-ubuntu (3.14t)	Set up Docker Compose	2026-05-19T19:33:12.7983819Z #26 3.619  + pendulum==3.2.0
test-ubuntu (3.14t)	Set up Docker Compose	2026-05-19T19:33:12.7984042Z #26 3.619  + pip==26.1.1
test-ubuntu (3.14t)	Set up Docker Compose	2026-05-19T19:33:12.7984251Z #26 3.619  + prettytable==3.17.0
test-ubuntu (3.14t)	Set up Docker Compose	2026-05-19T19:33:12.7984498Z #26 3.619  + prometheus-client==0.25.0
test-ubuntu (3.14t)	Set up Docker Compose	2026-05-19T19:33:12.7984742Z #26 3.619  + propcache==0.5.2
test-ubuntu (3.14t)	Set up Docker Compose	2026-05-19T19:33:12.7984956Z #26 3.619  + protobuf==6.33.6
test-ubuntu (3.14t)	Set up Docker Compose	2026-05-19T19:33:12.7985165Z #26 3.619  + psutil==7.2.2
test-ubuntu (3.14t)	Set up Docker Compose	2026-05-19T19:33:12.7985380Z #26 3.619  + psycopg2-binary==2.9.12
test-ubuntu (3.14t)	Set up Docker Compose	2026-05-19T19:33:12.7985625Z #26 3.619  + pulp==3.3.1
test-ubuntu (3.14t)	Set up Docker Compose	2026-05-19T19:33:12.7985830Z #26 3.619  + pyarrow==24.0.0
test-ubuntu (3.14t)	Set up Docker Compose	2026-05-19T19:33:12.7986036Z #26 3.619  + pycasbin==2.8.0
test-ubuntu (3.14t)	Set up Docker Compose	2026-05-19T19:33:12.7986243Z #26 3.619  + pycparser==3.0
test-ubuntu (3.14t)	Set up Docker Compose	2026-05-19T19:33:12.7986450Z #26 3.619  + pycrdt==0.13.0
test-ubuntu (3.14t)	Set up Docker Compose	2026-05-19T19:33:12.7986652Z #26 3.619  + pydantic==2.13.4
test-ubuntu (3.14t)	Set up Docker Compose	2026-05-19T19:33:12.7986872Z #26 3.619  + pydantic-core==2.46.4
test-ubuntu (3.14t)	Set up Docker Compose	2026-05-19T19:33:12.7987308Z #26 3.619  + pydantic-settings==2.14.1
test-ubuntu (3.14t)	Set up Docker Compose	2026-05-19T19:33:12.7987548Z #26 3.619  + pygments==2.20.0
test-ubuntu (3.14t)	Set up Docker Compose	2026-05-19T19:33:12.7987757Z #26 3.619  + pyjwt==2.12.1
test-ubuntu (3.14t)	Set up Docker Compose	2026-05-19T19:33:12.7987959Z #26 3.619  + pynacl==1.6.2
test-ubuntu (3.14t)	Set up Docker Compose	2026-05-19T19:33:12.7988174Z #26 3.619  + python-dateutil==2.9.0.post0
test-ubuntu (3.14t)	Set up Docker Compose	2026-05-19T19:33:12.7988567Z #26 3.619  + python-dotenv==1.2.2
test-ubuntu (3.14t)	Set up Docker Compose	2026-05-19T19:33:12.7988808Z #26 3.619  + python-multipart==0.0.29
test-ubuntu (3.14t)	Set up Docker Compose	2026-05-19T19:33:12.7989042Z #26 3.619  + pyyaml==6.0.3
test-ubuntu (3.14t)	Set up Docker Compose	2026-05-19T19:33:12.7989247Z #26 3.619  + referencing==0.37.0
test-ubuntu (3.14t)	Set up Docker Compose	2026-05-19T19:33:12.7989467Z #26 3.619  + requests==2.34.2
test-ubuntu (3.14t)	Set up Docker Compose	2026-05-19T19:33:12.7989675Z #26 3.619  + rich==15.0.0
test-ubuntu (3.14t)	Set up Docker Compose	2026-05-19T19:33:12.7989875Z #26 3.619  + rpds-py==0.30.0
test-ubuntu (3.14t)	Set up Docker Compose	2026-05-19T19:33:12.7990088Z #26 3.619  + setproctitle==1.3.7
test-ubuntu (3.14t)	Set up Docker Compose	2026-05-19T19:33:12.7990306Z #26 3.619  + setuptools==82.0.1
test-ubuntu (3.14t)	Set up Docker Compose	2026-05-19T19:33:12.7990525Z #26 3.619  + shellingham==1.5.4
test-ubuntu (3.14t)	Set up Docker Compose	2026-05-19T19:33:12.7990745Z #26 3.619  + simpleeval==1.0.7
test-ubuntu (3.14t)	Set up Docker Compose	2026-05-19T19:33:12.7990957Z #26 3.619  + six==1.17.0
test-ubuntu (3.14t)	Set up Docker Compose	2026-05-19T19:33:12.7991166Z #26 3.619  + skypilot==0.12.2
test-ubuntu (3.14t)	Set up Docker Compose	2026-05-19T19:33:12.7991376Z #26 3.619  + smmap==5.0.3
test-ubuntu (3.14t)	Set up Docker Compose	2026-05-19T19:33:12.7991578Z #26 3.619  + sqlalchemy==2.0.49
test-ubuntu (3.14t)	Set up Docker Compose	2026-05-19T19:33:12.7991802Z #26 3.620  + sqlalchemy-adapter==1.9.0
test-ubuntu (3.14t)	Set up Docker Compose	2026-05-19T19:33:12.7992049Z #26 3.620  + sse-starlette==3.4.4
test-ubuntu (3.14t)	Set up Docker Compose	2026-05-19T19:33:12.7992280Z #26 3.620  + starlette==1.0.0
test-ubuntu (3.14t)	Set up Docker Compose	2026-05-19T19:33:12.7992484Z #26 3.620  + tabulate==0.10.0
test-ubuntu (3.14t)	Set up Docker Compose	2026-05-19T19:33:12.7992695Z #26 3.620  + temporalio==1.27.2
test-ubuntu (3.14t)	Set up Docker Compose	2026-05-19T19:33:12.7992905Z #26 3.620  + tqdm==4.67.3
test-ubuntu (3.14t)	Set up Docker Compose	2026-05-19T19:33:12.7993101Z #26 3.620  + typer==0.23.1
test-ubuntu (3.14t)	Set up Docker Compose	2026-05-19T19:33:12.7993322Z #26 3.620  + types-paramiko==4.0.0.20260518
test-ubuntu (3.14t)	Set up Docker Compose	2026-05-19T19:33:12.7993763Z #26 3.620  + types-protobuf==6.32.1.20260221
test-ubuntu (3.14t)	Set up Docker Compose	2026-05-19T19:33:12.7994039Z #26 3.620  + typing-extensions==4.15.0
test-ubuntu (3.14t)	Set up Docker Compose	2026-05-19T19:33:12.7994298Z #26 3.620  + typing-inspection==0.4.2
test-ubuntu (3.14t)	Set up Docker Compose	2026-05-19T19:33:12.7994537Z #26 3.620  + tzdata==2026.2
test-ubuntu (3.14t)	Set up Docker Compose	2026-05-19T19:33:12.7994753Z #26 3.620  + urllib3==2.7.0
test-ubuntu (3.14t)	Set up Docker Compose	2026-05-19T19:33:12.7994963Z #26 3.620  + uvicorn==0.35.0
test-ubuntu (3.14t)	Set up Docker Compose	2026-05-19T19:33:12.7995179Z #26 3.620  + uvloop==0.22.1
test-ubuntu (3.14t)	Set up Docker Compose	2026-05-19T19:33:12.7995388Z #26 3.620  + watchfiles==1.2.0
test-ubuntu (3.14t)	Set up Docker Compose	2026-05-19T19:33:12.7995604Z #26 3.620  + wcmatch==10.1
test-ubuntu (3.14t)	Set up Docker Compose	2026-05-19T19:33:12.7995808Z #26 3.620  + wcwidth==0.7.0
test-ubuntu (3.14t)	Set up Docker Compose	2026-05-19T19:33:12.7996013Z #26 3.620  + websockets==16.0
test-ubuntu (3.14t)	Set up Docker Compose	2026-05-19T19:33:12.7996231Z #26 3.620  + wheel==0.47.0
test-ubuntu (3.14t)	Set up Docker Compose	2026-05-19T19:33:12.7996429Z #26 3.620  + yarl==1.23.0
test-ubuntu (3.14t)	Set up Docker Compose	2026-05-19T19:33:14.0218830Z #26 DONE 5.0s
test-ubuntu (3.14t)	Set up Docker Compose	2026-05-19T19:33:14.1736705Z 
test-ubuntu (3.14t)	Set up Docker Compose	2026-05-19T19:33:14.1737248Z #27 exporting to image
test-ubuntu (3.14t)	Set up Docker Compose	2026-05-19T19:33:14.1737714Z #27 exporting layers
test-ubuntu (3.14t)	Set up Docker Compose	2026-05-19T19:33:16.9841625Z #27 exporting layers 3.0s done
test-ubuntu (3.14t)	Set up Docker Compose	2026-05-19T19:33:17.0164769Z #27 writing image sha256:cd744c411fbe8d447e3c079e2267ffa04cd5886e7399a61e1c7778fb082ac0ce done
test-ubuntu (3.14t)	Set up Docker Compose	2026-05-19T19:33:17.0165850Z #27 naming to ghcr.io/coreason-ai/coreason-ecosystem:0.32.0 done
test-ubuntu (3.14t)	Set up Docker Compose	2026-05-19T19:33:17.0166399Z #27 DONE 3.0s
test-ubuntu (3.14t)	Set up Docker Compose	2026-05-19T19:33:17.0166574Z 
test-ubuntu (3.14t)	Set up Docker Compose	2026-05-19T19:33:17.0166739Z #28 resolving provenance for metadata file
test-ubuntu (3.14t)	Set up Docker Compose	2026-05-19T19:33:17.0167194Z #28 DONE 0.0s
test-ubuntu (3.14t)	Set up Docker Compose	2026-05-19T19:33:17.0167942Z  coreason-master-gateway  Built
test-ubuntu (3.14t)	Set up Docker Compose	2026-05-19T19:33:17.0180887Z  Network local_sensory-gateway  Creating
test-ubuntu (3.14t)	Set up Docker Compose	2026-05-19T19:33:17.0736813Z  Network local_sensory-gateway  Created
test-ubuntu (3.14t)	Set up Docker Compose	2026-05-19T19:33:17.0749167Z  Network local_swarm-mesh  Creating
test-ubuntu (3.14t)	Set up Docker Compose	2026-05-19T19:33:17.0978083Z  Network local_swarm-mesh  Created
test-ubuntu (3.14t)	Set up Docker Compose	2026-05-19T19:33:17.0988950Z  Volume "local_pg_data"  Creating
test-ubuntu (3.14t)	Set up Docker Compose	2026-05-19T19:33:17.1006978Z  Volume "local_pg_data"  Created
test-ubuntu (3.14t)	Set up Docker Compose	2026-05-19T19:33:17.1011852Z  Volume "local_neo4j_data"  Creating
test-ubuntu (3.14t)	Set up Docker Compose	2026-05-19T19:33:17.1021278Z  Volume "local_neo4j_data"  Created
test-ubuntu (3.14t)	Set up Docker Compose	2026-05-19T19:33:17.1024907Z  Volume "local_milvus_data"  Creating
test-ubuntu (3.14t)	Set up Docker Compose	2026-05-19T19:33:17.1033080Z  Volume "local_milvus_data"  Created
test-ubuntu (3.14t)	Set up Docker Compose	2026-05-19T19:33:17.1041531Z  Container local-coreason-runtime-1  Creating
test-ubuntu (3.14t)	Set up Docker Compose	2026-05-19T19:33:17.1042069Z  Container local-milvus-1  Creating
test-ubuntu (3.14t)	Set up Docker Compose	2026-05-19T19:33:17.1042530Z  Container local-grafana-1  Creating
test-ubuntu (3.14t)	Set up Docker Compose	2026-05-19T19:33:17.1042966Z  Container local-vault-1  Creating
test-ubuntu (3.14t)	Set up Docker Compose	2026-05-19T19:33:17.1044051Z  Container local-dex-1  Creating
test-ubuntu (3.14t)	Set up Docker Compose	2026-05-19T19:33:17.1044343Z  Container local-neo4j-1  Creating
test-ubuntu (3.14t)	Set up Docker Compose	2026-05-19T19:33:17.1044799Z  Container local-postgres-1  Creating
test-ubuntu (3.14t)	Set up Docker Compose	2026-05-19T19:33:17.1045271Z  Container local-prometheus-1  Creating
test-ubuntu (3.14t)	Set up Docker Compose	2026-05-19T19:33:17.1045568Z  Container local-otel-collector-1  Creating
test-ubuntu (3.14t)	Set up Docker Compose	2026-05-19T19:33:17.1046445Z  Container local-redpanda-connect-1  Creating
test-ubuntu (3.14t)	Set up Docker Compose	2026-05-19T19:33:17.1451901Z  Container local-grafana-1  Created
test-ubuntu (3.14t)	Set up Docker Compose	2026-05-19T19:33:17.1466380Z  Container local-milvus-1  Created
test-ubuntu (3.14t)	Set up Docker Compose	2026-05-19T19:33:17.1474682Z  Container local-postgres-1  Created
test-ubuntu (3.14t)	Set up Docker Compose	2026-05-19T19:33:17.1475667Z  Container local-temporal-1  Creating
test-ubuntu (3.14t)	Set up Docker Compose	2026-05-19T19:33:17.1494353Z  Container local-neo4j-1  Created
test-ubuntu (3.14t)	Set up Docker Compose	2026-05-19T19:33:17.1581229Z  Container local-otel-collector-1  Created
test-ubuntu (3.14t)	Set up Docker Compose	2026-05-19T19:33:17.1599930Z  Container local-redpanda-connect-1  Created
test-ubuntu (3.14t)	Set up Docker Compose	2026-05-19T19:33:17.1647678Z  Container local-coreason-runtime-1  Created
test-ubuntu (3.14t)	Set up Docker Compose	2026-05-19T19:33:17.1682226Z  Container local-dex-1  Created
test-ubuntu (3.14t)	Set up Docker Compose	2026-05-19T19:33:17.1685418Z  Container local-prometheus-1  Created
test-ubuntu (3.14t)	Set up Docker Compose	2026-05-19T19:33:17.1698292Z  Container local-vault-1  Created
test-ubuntu (3.14t)	Set up Docker Compose	2026-05-19T19:33:17.1699202Z  Container local-coreason-master-gateway-1  Creating
test-ubuntu (3.14t)	Set up Docker Compose	2026-05-19T19:33:17.1717157Z  Container local-temporal-1  Created
test-ubuntu (3.14t)	Set up Docker Compose	2026-05-19T19:33:17.1717818Z  Container local-coreason-worker-1  Creating
test-ubuntu (3.14t)	Set up Docker Compose	2026-05-19T19:33:17.1833108Z  Container local-coreason-master-gateway-1  Created
test-ubuntu (3.14t)	Set up Docker Compose	2026-05-19T19:33:17.1834481Z  Container local-envoy-1  Creating
test-ubuntu (3.14t)	Set up Docker Compose	2026-05-19T19:33:17.1851525Z  Container local-coreason-worker-1  Created
test-ubuntu (3.14t)	Set up Docker Compose	2026-05-19T19:33:17.1961963Z  Container local-envoy-1  Created
test-ubuntu (3.14t)	Set up Docker Compose	2026-05-19T19:33:17.1989108Z  Container local-postgres-1  Starting
test-ubuntu (3.14t)	Set up Docker Compose	2026-05-19T19:33:17.1989719Z  Container local-coreason-runtime-1  Starting
test-ubuntu (3.14t)	Set up Docker Compose	2026-05-19T19:33:17.1990293Z  Container local-redpanda-connect-1  Starting
test-ubuntu (3.14t)	Set up Docker Compose	2026-05-19T19:33:17.1990805Z  Container local-neo4j-1  Starting
test-ubuntu (3.14t)	Set up Docker Compose	2026-05-19T19:33:17.1991432Z  Container local-milvus-1  Starting
test-ubuntu (3.14t)	Set up Docker Compose	2026-05-19T19:33:17.1992493Z  Container local-grafana-1  Starting
test-ubuntu (3.14t)	Set up Docker Compose	2026-05-19T19:33:17.1993130Z  Container local-vault-1  Starting
test-ubuntu (3.14t)	Set up Docker Compose	2026-05-19T19:33:17.1996873Z  Container local-dex-1  Starting
test-ubuntu (3.14t)	Set up Docker Compose	2026-05-19T19:33:17.2001185Z  Container local-prometheus-1  Starting
test-ubuntu (3.14t)	Set up Docker Compose	2026-05-19T19:33:17.2002281Z  Container local-otel-collector-1  Starting
test-ubuntu (3.14t)	Set up Docker Compose	2026-05-19T19:33:17.6329380Z  Container local-milvus-1  Started
test-ubuntu (3.14t)	Set up Docker Compose	2026-05-19T19:33:17.7218857Z  Container local-neo4j-1  Started
test-ubuntu (3.14t)	Set up Docker Compose	2026-05-19T19:33:17.7972364Z  Container local-postgres-1  Started
test-ubuntu (3.14t)	Set up Docker Compose	2026-05-19T19:33:17.7975219Z  Container local-postgres-1  Waiting
test-ubuntu (3.14t)	Set up Docker Compose	2026-05-19T19:33:18.0148632Z  Container local-prometheus-1  Started
test-ubuntu (3.14t)	Set up Docker Compose	2026-05-19T19:33:18.0409364Z  Container local-otel-collector-1  Started
test-ubuntu (3.14t)	Set up Docker Compose	2026-05-19T19:33:18.0415709Z  Container local-redpanda-connect-1  Started
test-ubuntu (3.14t)	Set up Docker Compose	2026-05-19T19:33:18.1320465Z  Container local-dex-1  Started
test-ubuntu (3.14t)	Set up Docker Compose	2026-05-19T19:33:18.1332048Z  Container local-grafana-1  Started
test-ubuntu (3.14t)	Set up Docker Compose	2026-05-19T19:33:18.1792733Z  Container local-coreason-runtime-1  Started
test-ubuntu (3.14t)	Set up Docker Compose	2026-05-19T19:33:18.2568650Z  Container local-vault-1  Started
test-ubuntu (3.14t)	Set up Docker Compose	2026-05-19T19:33:18.2571320Z  Container local-neo4j-1  Waiting
test-ubuntu (3.14t)	Set up Docker Compose	2026-05-19T19:33:18.2572113Z  Container local-milvus-1  Waiting
test-ubuntu (3.14t)	Set up Docker Compose	2026-05-19T19:33:18.2572627Z  Container local-vault-1  Waiting
test-ubuntu (3.14t)	Set up Docker Compose	2026-05-19T19:33:18.2573125Z  Container local-coreason-runtime-1  Waiting
test-ubuntu (3.14t)	Set up Docker Compose	2026-05-19T19:33:27.7604952Z  Container local-milvus-1  Healthy
test-ubuntu (3.14t)	Set up Docker Compose	2026-05-19T19:33:28.3045203Z  Container local-postgres-1  Healthy
test-ubuntu (3.14t)	Set up Docker Compose	2026-05-19T19:33:28.3055170Z  Container local-temporal-1  Starting
test-ubuntu (3.14t)	Set up Docker Compose	2026-05-19T19:33:28.6728199Z  Container local-temporal-1  Started
test-ubuntu (3.14t)	Set up Docker Compose	2026-05-19T19:33:28.6729858Z  Container local-temporal-1  Waiting
test-ubuntu (3.14t)	Set up Docker Compose	2026-05-19T19:33:28.7605502Z  Container local-vault-1  Healthy
test-ubuntu (3.14t)	Set up Docker Compose	2026-05-19T19:33:39.1754283Z  Container local-temporal-1  Healthy
test-ubuntu (3.14t)	Set up Docker Compose	2026-05-19T19:33:39.1766835Z  Container local-coreason-worker-1  Starting
test-ubuntu (3.14t)	Set up Docker Compose	2026-05-19T19:33:39.3549814Z  Container local-coreason-worker-1  Started
test-ubuntu (3.14t)	Set up Docker Compose	2026-05-19T19:33:40.2599285Z  Container local-coreason-runtime-1  Healthy
test-ubuntu (3.14t)	Set up Docker Compose	2026-05-19T19:33:45.7591178Z  Container local-neo4j-1  Healthy
test-ubuntu (3.14t)	Set up Docker Compose	2026-05-19T19:33:45.7593627Z  Container local-coreason-master-gateway-1  Starting
test-ubuntu (3.14t)	Set up Docker Compose	2026-05-19T19:33:46.0132393Z  Container local-coreason-master-gateway-1  Started
test-ubuntu (3.14t)	Set up Docker Compose	2026-05-19T19:33:46.0133420Z  Container local-coreason-master-gateway-1  Waiting
test-ubuntu (3.14t)	Set up Docker Compose	2026-05-19T19:33:57.0158415Z  Container local-coreason-master-gateway-1  Healthy
test-ubuntu (3.14t)	Set up Docker Compose	2026-05-19T19:33:57.0159677Z  Container local-envoy-1  Starting
test-ubuntu (3.14t)	Set up Docker Compose	2026-05-19T19:33:57.3205519Z  Container local-envoy-1  Started
test-ubuntu (3.14t)	Install Temporal CLI	∩╗┐2026-05-19T19:33:57.3501664Z ##[group]Run temporalio/setup-temporal@1059a504f87e7fa2f385e3fa40d1aa7e62f1c6ca
test-ubuntu (3.14t)	Install Temporal CLI	2026-05-19T19:33:57.3502368Z with:
test-ubuntu (3.14t)	Install Temporal CLI	2026-05-19T19:33:57.3502660Z   version: latest
test-ubuntu (3.14t)	Install Temporal CLI	2026-05-19T19:33:57.3502974Z env:
test-ubuntu (3.14t)	Install Temporal CLI	2026-05-19T19:33:57.3503306Z   FORCE_JAVASCRIPT_ACTIONS_TO_NODE24: true
test-ubuntu (3.14t)	Install Temporal CLI	2026-05-19T19:33:57.3504100Z   TEMPORAL_CI_NAMESPACE: coreason-ci-26120302019-1
test-ubuntu (3.14t)	Install Temporal CLI	2026-05-19T19:33:57.3504648Z   ORJSON_BUILD_FREETHREADED: 1
test-ubuntu (3.14t)	Install Temporal CLI	2026-05-19T19:33:57.3505067Z   MANIFEST_VERSION: v0.84.1
test-ubuntu (3.14t)	Install Temporal CLI	2026-05-19T19:33:57.3505581Z   UV_PYTHON_INSTALL_DIR: /home/runner/work/_temp/uv-python-dir
test-ubuntu (3.14t)	Install Temporal CLI	2026-05-19T19:33:57.3506133Z   UV_PYTHON: 3.14t
test-ubuntu (3.14t)	Install Temporal CLI	2026-05-19T19:33:57.3506551Z   UV_CACHE_DIR: /home/runner/work/_temp/setup-uv-cache
test-ubuntu (3.14t)	Install Temporal CLI	2026-05-19T19:33:57.3507057Z   PYTHON_GIL: 1
test-ubuntu (3.14t)	Install Temporal CLI	2026-05-19T19:33:57.3507375Z ##[endgroup]
test-ubuntu (3.14t)	Install Temporal CLI	2026-05-19T19:34:00.7381366Z [command]/usr/bin/tar xz --warning=no-unknown-keyword --overwrite -C /home/runner/work/_temp/5f670a0a-ca14-4d60-adaf-8ca0a1aad92c -f /home/runner/work/_temp/4c312d36-3330-4c27-bc77-2e4fe3c39b0d
test-ubuntu (3.14t)	Create Ephemeral Temporal Namespace	∩╗┐2026-05-19T19:34:04.5201498Z ##[group]Run temporal operator namespace create -n $TEMPORAL_CI_NAMESPACE --address 127.0.0.1:7233 --retention 24h
test-ubuntu (3.14t)	Create Ephemeral Temporal Namespace	2026-05-19T19:34:04.5202562Z [36;1mtemporal operator namespace create -n $TEMPORAL_CI_NAMESPACE --address 127.0.0.1:7233 --retention 24h[0m
test-ubuntu (3.14t)	Create Ephemeral Temporal Namespace	2026-05-19T19:34:04.5255026Z shell: /usr/bin/bash --noprofile --norc -e -o pipefail {0}
test-ubuntu (3.14t)	Create Ephemeral Temporal Namespace	2026-05-19T19:34:04.5255393Z env:
test-ubuntu (3.14t)	Create Ephemeral Temporal Namespace	2026-05-19T19:34:04.5255609Z   FORCE_JAVASCRIPT_ACTIONS_TO_NODE24: true
test-ubuntu (3.14t)	Create Ephemeral Temporal Namespace	2026-05-19T19:34:04.5255945Z   TEMPORAL_CI_NAMESPACE: coreason-ci-26120302019-1
test-ubuntu (3.14t)	Create Ephemeral Temporal Namespace	2026-05-19T19:34:04.5256260Z   ORJSON_BUILD_FREETHREADED: 1
test-ubuntu (3.14t)	Create Ephemeral Temporal Namespace	2026-05-19T19:34:04.5256509Z   MANIFEST_VERSION: v0.84.1
test-ubuntu (3.14t)	Create Ephemeral Temporal Namespace	2026-05-19T19:34:04.5256821Z   UV_PYTHON_INSTALL_DIR: /home/runner/work/_temp/uv-python-dir
test-ubuntu (3.14t)	Create Ephemeral Temporal Namespace	2026-05-19T19:34:04.5257150Z   UV_PYTHON: 3.14t
test-ubuntu (3.14t)	Create Ephemeral Temporal Namespace	2026-05-19T19:34:04.5257397Z   UV_CACHE_DIR: /home/runner/work/_temp/setup-uv-cache
test-ubuntu (3.14t)	Create Ephemeral Temporal Namespace	2026-05-19T19:34:04.5257718Z   PYTHON_GIL: 1
test-ubuntu (3.14t)	Create Ephemeral Temporal Namespace	2026-05-19T19:34:04.5257901Z ##[endgroup]
test-ubuntu (3.14t)	Create Ephemeral Temporal Namespace	2026-05-19T19:34:04.5708408Z Namespace coreason-ci-26120302019-1 successfully registered.
test-ubuntu (3.14t)	Install system dependencies (protobuf-compiler for temporalio source build)	∩╗┐2026-05-19T19:34:04.5770812Z ##[group]Run sudo apt-get update
test-ubuntu (3.14t)	Install system dependencies (protobuf-compiler for temporalio source build)	2026-05-19T19:34:04.5771119Z [36;1msudo apt-get update[0m
test-ubuntu (3.14t)	Install system dependencies (protobuf-compiler for temporalio source build)	2026-05-19T19:34:04.5771396Z [36;1msudo apt-get install -y protobuf-compiler[0m
test-ubuntu (3.14t)	Install system dependencies (protobuf-compiler for temporalio source build)	2026-05-19T19:34:04.5805655Z shell: /usr/bin/bash --noprofile --norc -e -o pipefail {0}
test-ubuntu (3.14t)	Install system dependencies (protobuf-compiler for temporalio source build)	2026-05-19T19:34:04.5805975Z env:
test-ubuntu (3.14t)	Install system dependencies (protobuf-compiler for temporalio source build)	2026-05-19T19:34:04.5806174Z   FORCE_JAVASCRIPT_ACTIONS_TO_NODE24: true
test-ubuntu (3.14t)	Install system dependencies (protobuf-compiler for temporalio source build)	2026-05-19T19:34:04.5806483Z   TEMPORAL_CI_NAMESPACE: coreason-ci-26120302019-1
test-ubuntu (3.14t)	Install system dependencies (protobuf-compiler for temporalio source build)	2026-05-19T19:34:04.5806782Z   ORJSON_BUILD_FREETHREADED: 1
test-ubuntu (3.14t)	Install system dependencies (protobuf-compiler for temporalio source build)	2026-05-19T19:34:04.5807010Z   MANIFEST_VERSION: v0.84.1
test-ubuntu (3.14t)	Install system dependencies (protobuf-compiler for temporalio source build)	2026-05-19T19:34:04.5807296Z   UV_PYTHON_INSTALL_DIR: /home/runner/work/_temp/uv-python-dir
test-ubuntu (3.14t)	Install system dependencies (protobuf-compiler for temporalio source build)	2026-05-19T19:34:04.5807606Z   UV_PYTHON: 3.14t
test-ubuntu (3.14t)	Install system dependencies (protobuf-compiler for temporalio source build)	2026-05-19T19:34:04.5807850Z   UV_CACHE_DIR: /home/runner/work/_temp/setup-uv-cache
test-ubuntu (3.14t)	Install system dependencies (protobuf-compiler for temporalio source build)	2026-05-19T19:34:04.5808129Z   PYTHON_GIL: 1
test-ubuntu (3.14t)	Install system dependencies (protobuf-compiler for temporalio source build)	2026-05-19T19:34:04.5808322Z ##[endgroup]
test-ubuntu (3.14t)	Install system dependencies (protobuf-compiler for temporalio source build)	2026-05-19T19:34:04.7945296Z Get:1 file:/etc/apt/apt-mirrors.txt Mirrorlist [144 B]
test-ubuntu (3.14t)	Install system dependencies (protobuf-compiler for temporalio source build)	2026-05-19T19:34:04.8561785Z Hit:6 https://packages.microsoft.com/repos/azure-cli noble InRelease
test-ubuntu (3.14t)	Install system dependencies (protobuf-compiler for temporalio source build)	2026-05-19T19:34:04.8582717Z Hit:2 http://azure.archive.ubuntu.com/ubuntu noble InRelease
test-ubuntu (3.14t)	Install system dependencies (protobuf-compiler for temporalio source build)	2026-05-19T19:34:04.8600688Z Get:3 http://azure.archive.ubuntu.com/ubuntu noble-updates InRelease [126 kB]
test-ubuntu (3.14t)	Install system dependencies (protobuf-compiler for temporalio source build)	2026-05-19T19:34:04.8710590Z Get:7 https://dl.google.com/linux/chrome-stable/deb stable InRelease [1825 B]
test-ubuntu (3.14t)	Install system dependencies (protobuf-compiler for temporalio source build)	2026-05-19T19:34:04.8763711Z Get:4 http://azure.archive.ubuntu.com/ubuntu noble-backports InRelease [126 kB]
test-ubuntu (3.14t)	Install system dependencies (protobuf-compiler for temporalio source build)	2026-05-19T19:34:04.8818571Z Get:5 http://azure.archive.ubuntu.com/ubuntu noble-security InRelease [126 kB]
test-ubuntu (3.14t)	Install system dependencies (protobuf-compiler for temporalio source build)	2026-05-19T19:34:05.0479332Z Get:8 https://packages.microsoft.com/ubuntu/24.04/prod noble InRelease [3600 B]
test-ubuntu (3.14t)	Install system dependencies (protobuf-compiler for temporalio source build)	2026-05-19T19:34:05.2401624Z Get:9 http://azure.archive.ubuntu.com/ubuntu noble-updates/main amd64 Components [177 kB]
test-ubuntu (3.14t)	Install system dependencies (protobuf-compiler for temporalio source build)	2026-05-19T19:34:05.2624908Z Get:10 http://azure.archive.ubuntu.com/ubuntu noble-updates/universe amd64 Components [386 kB]
test-ubuntu (3.14t)	Install system dependencies (protobuf-compiler for temporalio source build)	2026-05-19T19:34:05.2653213Z Get:11 http://azure.archive.ubuntu.com/ubuntu noble-updates/restricted amd64 Packages [3193 kB]
test-ubuntu (3.14t)	Install system dependencies (protobuf-compiler for temporalio source build)	2026-05-19T19:34:05.3015081Z Get:12 http://azure.archive.ubuntu.com/ubuntu noble-updates/restricted Translation-en [739 kB]
test-ubuntu (3.14t)	Install system dependencies (protobuf-compiler for temporalio source build)	2026-05-19T19:34:05.3235923Z Get:13 http://azure.archive.ubuntu.com/ubuntu noble-updates/multiverse amd64 Packages [44.7 kB]
test-ubuntu (3.14t)	Install system dependencies (protobuf-compiler for temporalio source build)	2026-05-19T19:34:05.3272380Z Get:14 http://azure.archive.ubuntu.com/ubuntu noble-updates/multiverse Translation-en [10.7 kB]
test-ubuntu (3.14t)	Install system dependencies (protobuf-compiler for temporalio source build)	2026-05-19T19:34:05.3304661Z Get:15 http://azure.archive.ubuntu.com/ubuntu noble-updates/multiverse amd64 Components [940 B]
test-ubuntu (3.14t)	Install system dependencies (protobuf-compiler for temporalio source build)	2026-05-19T19:34:05.3775310Z Get:16 https://dl.google.com/linux/chrome-stable/deb stable/main amd64 Packages [1207 B]
test-ubuntu (3.14t)	Install system dependencies (protobuf-compiler for temporalio source build)	2026-05-19T19:34:05.4505176Z Get:17 http://azure.archive.ubuntu.com/ubuntu noble-backports/main amd64 Components [5760 B]
test-ubuntu (3.14t)	Install system dependencies (protobuf-compiler for temporalio source build)	2026-05-19T19:34:05.4507051Z Get:18 http://azure.archive.ubuntu.com/ubuntu noble-backports/universe amd64 Components [10.6 kB]
test-ubuntu (3.14t)	Install system dependencies (protobuf-compiler for temporalio source build)	2026-05-19T19:34:05.6001810Z Get:19 http://azure.archive.ubuntu.com/ubuntu noble-security/main amd64 Packages [1696 kB]
test-ubuntu (3.14t)	Install system dependencies (protobuf-compiler for temporalio source build)	2026-05-19T19:34:05.6691887Z Get:20 http://azure.archive.ubuntu.com/ubuntu noble-security/main Translation-en [266 kB]
test-ubuntu (3.14t)	Install system dependencies (protobuf-compiler for temporalio source build)	2026-05-19T19:34:05.6742546Z Get:21 http://azure.archive.ubuntu.com/ubuntu noble-security/main amd64 Components [21.9 kB]
test-ubuntu (3.14t)	Install system dependencies (protobuf-compiler for temporalio source build)	2026-05-19T19:34:05.6795405Z Get:22 http://azure.archive.ubuntu.com/ubuntu noble-security/universe amd64 Components [74.2 kB]
test-ubuntu (3.14t)	Install system dependencies (protobuf-compiler for temporalio source build)	2026-05-19T19:34:05.6820034Z Get:23 http://azure.archive.ubuntu.com/ubuntu noble-security/restricted amd64 Packages [2995 kB]
test-ubuntu (3.14t)	Install system dependencies (protobuf-compiler for temporalio source build)	2026-05-19T19:34:05.7052683Z Get:24 http://azure.archive.ubuntu.com/ubuntu noble-security/restricted Translation-en [696 kB]
test-ubuntu (3.14t)	Install system dependencies (protobuf-compiler for temporalio source build)	2026-05-19T19:34:05.7662132Z Get:25 https://packages.microsoft.com/ubuntu/24.04/prod noble/main amd64 Packages [148 kB]
test-ubuntu (3.14t)	Install system dependencies (protobuf-compiler for temporalio source build)	2026-05-19T19:34:13.3561189Z Fetched 10.8 MB in 2s (5717 kB/s)
test-ubuntu (3.14t)	Install system dependencies (protobuf-compiler for temporalio source build)	2026-05-19T19:34:14.9372055Z Reading package lists...
test-ubuntu (3.14t)	Install system dependencies (protobuf-compiler for temporalio source build)	2026-05-19T19:34:14.9961828Z Reading package lists...
test-ubuntu (3.14t)	Install system dependencies (protobuf-compiler for temporalio source build)	2026-05-19T19:34:15.3557096Z Building dependency tree...
test-ubuntu (3.14t)	Install system dependencies (protobuf-compiler for temporalio source build)	2026-05-19T19:34:15.3570786Z Reading state information...
test-ubuntu (3.14t)	Install system dependencies (protobuf-compiler for temporalio source build)	2026-05-19T19:34:15.7927183Z The following additional packages will be installed:
test-ubuntu (3.14t)	Install system dependencies (protobuf-compiler for temporalio source build)	2026-05-19T19:34:15.7936452Z   libprotobuf-dev libprotobuf32t64 libprotoc32t64
test-ubuntu (3.14t)	Install system dependencies (protobuf-compiler for temporalio source build)	2026-05-19T19:34:15.7950431Z Suggested packages:
test-ubuntu (3.14t)	Install system dependencies (protobuf-compiler for temporalio source build)	2026-05-19T19:34:15.7950872Z   protobuf-mode-el
test-ubuntu (3.14t)	Install system dependencies (protobuf-compiler for temporalio source build)	2026-05-19T19:34:15.8262308Z The following NEW packages will be installed:
test-ubuntu (3.14t)	Install system dependencies (protobuf-compiler for temporalio source build)	2026-05-19T19:34:15.8271917Z   libprotobuf-dev libprotobuf32t64 libprotoc32t64 protobuf-compiler
test-ubuntu (3.14t)	Install system dependencies (protobuf-compiler for temporalio source build)	2026-05-19T19:34:15.8562199Z 0 upgraded, 4 newly installed, 0 to remove and 2 not upgraded.
test-ubuntu (3.14t)	Install system dependencies (protobuf-compiler for temporalio source build)	2026-05-19T19:34:15.8562914Z Need to get 3048 kB of archives.
test-ubuntu (3.14t)	Install system dependencies (protobuf-compiler for temporalio source build)	2026-05-19T19:34:15.8563859Z After this operation, 17.8 MB of additional disk space will be used.
test-ubuntu (3.14t)	Install system dependencies (protobuf-compiler for temporalio source build)	2026-05-19T19:34:15.8564667Z Get:1 file:/etc/apt/apt-mirrors.txt Mirrorlist [144 B]
test-ubuntu (3.14t)	Install system dependencies (protobuf-compiler for temporalio source build)	2026-05-19T19:34:15.8876145Z Get:2 http://azure.archive.ubuntu.com/ubuntu noble-updates/main amd64 libprotobuf32t64 amd64 3.21.12-8.2ubuntu0.3 [923 kB]
test-ubuntu (3.14t)	Install system dependencies (protobuf-compiler for temporalio source build)	2026-05-19T19:34:15.9403034Z Get:3 http://azure.archive.ubuntu.com/ubuntu noble-updates/main amd64 libprotoc32t64 amd64 3.21.12-8.2ubuntu0.3 [683 kB]
test-ubuntu (3.14t)	Install system dependencies (protobuf-compiler for temporalio source build)	2026-05-19T19:34:15.9754430Z Get:4 http://azure.archive.ubuntu.com/ubuntu noble-updates/main amd64 libprotobuf-dev amd64 3.21.12-8.2ubuntu0.3 [1413 kB]
test-ubuntu (3.14t)	Install system dependencies (protobuf-compiler for temporalio source build)	2026-05-19T19:34:16.0470239Z Get:5 http://azure.archive.ubuntu.com/ubuntu noble-updates/universe amd64 protobuf-compiler amd64 3.21.12-8.2ubuntu0.3 [29.0 kB]
test-ubuntu (3.14t)	Install system dependencies (protobuf-compiler for temporalio source build)	2026-05-19T19:34:16.5486095Z Fetched 3048 kB in 0s (14.8 MB/s)
test-ubuntu (3.14t)	Install system dependencies (protobuf-compiler for temporalio source build)	2026-05-19T19:34:16.5915837Z Selecting previously unselected package libprotobuf32t64:amd64.
test-ubuntu (3.14t)	Install system dependencies (protobuf-compiler for temporalio source build)	2026-05-19T19:34:16.6431200Z (Reading database ... 
test-ubuntu (3.14t)	Install system dependencies (protobuf-compiler for temporalio source build)	2026-05-19T19:34:16.6432077Z (Reading database ... 5%
test-ubuntu (3.14t)	Install system dependencies (protobuf-compiler for temporalio source build)	2026-05-19T19:34:16.6433005Z (Reading database ... 10%
test-ubuntu (3.14t)	Install system dependencies (protobuf-compiler for temporalio source build)	2026-05-19T19:34:16.6433965Z (Reading database ... 15%
test-ubuntu (3.14t)	Install system dependencies (protobuf-compiler for temporalio source build)	2026-05-19T19:34:16.6434401Z (Reading database ... 20%
test-ubuntu (3.14t)	Install system dependencies (protobuf-compiler for temporalio source build)	2026-05-19T19:34:16.6434809Z (Reading database ... 25%
test-ubuntu (3.14t)	Install system dependencies (protobuf-compiler for temporalio source build)	2026-05-19T19:34:16.6436521Z (Reading database ... 30%
test-ubuntu (3.14t)	Install system dependencies (protobuf-compiler for temporalio source build)	2026-05-19T19:34:16.6436955Z (Reading database ... 35%
test-ubuntu (3.14t)	Install system dependencies (protobuf-compiler for temporalio source build)	2026-05-19T19:34:16.6437360Z (Reading database ... 40%
test-ubuntu (3.14t)	Install system dependencies (protobuf-compiler for temporalio source build)	2026-05-19T19:34:16.6437738Z (Reading database ... 45%
test-ubuntu (3.14t)	Install system dependencies (protobuf-compiler for temporalio source build)	2026-05-19T19:34:16.6438132Z (Reading database ... 50%
test-ubuntu (3.14t)	Install system dependencies (protobuf-compiler for temporalio source build)	2026-05-19T19:34:16.6503867Z (Reading database ... 55%
test-ubuntu (3.14t)	Install system dependencies (protobuf-compiler for temporalio source build)	2026-05-19T19:34:16.8337009Z (Reading database ... 60%
test-ubuntu (3.14t)	Install system dependencies (protobuf-compiler for temporalio source build)	2026-05-19T19:34:17.0355658Z (Reading database ... 65%
test-ubuntu (3.14t)	Install system dependencies (protobuf-compiler for temporalio source build)	2026-05-19T19:34:17.2310360Z (Reading database ... 70%
test-ubuntu (3.14t)	Install system dependencies (protobuf-compiler for temporalio source build)	2026-05-19T19:34:17.4015178Z (Reading database ... 75%
test-ubuntu (3.14t)	Install system dependencies (protobuf-compiler for temporalio source build)	2026-05-19T19:34:17.6256843Z (Reading database ... 80%
test-ubuntu (3.14t)	Install system dependencies (protobuf-compiler for temporalio source build)	2026-05-19T19:34:17.7788516Z (Reading database ... 85%
test-ubuntu (3.14t)	Install system dependencies (protobuf-compiler for temporalio source build)	2026-05-19T19:34:17.9778481Z (Reading database ... 90%
test-ubuntu (3.14t)	Install system dependencies (protobuf-compiler for temporalio source build)	2026-05-19T19:34:18.1999569Z (Reading database ... 95%
test-ubuntu (3.14t)	Install system dependencies (protobuf-compiler for temporalio source build)	2026-05-19T19:34:18.2000870Z (Reading database ... 100%
test-ubuntu (3.14t)	Install system dependencies (protobuf-compiler for temporalio source build)	2026-05-19T19:34:18.2001765Z (Reading database ... 202288 files and directories currently installed.)
test-ubuntu (3.14t)	Install system dependencies (protobuf-compiler for temporalio source build)	2026-05-19T19:34:18.2072913Z Preparing to unpack .../libprotobuf32t64_3.21.12-8.2ubuntu0.3_amd64.deb ...
test-ubuntu (3.14t)	Install system dependencies (protobuf-compiler for temporalio source build)	2026-05-19T19:34:18.2125004Z Unpacking libprotobuf32t64:amd64 (3.21.12-8.2ubuntu0.3) ...
test-ubuntu (3.14t)	Install system dependencies (protobuf-compiler for temporalio source build)	2026-05-19T19:34:18.2675758Z Selecting previously unselected package libprotoc32t64:amd64.
test-ubuntu (3.14t)	Install system dependencies (protobuf-compiler for temporalio source build)	2026-05-19T19:34:18.2846319Z Preparing to unpack .../libprotoc32t64_3.21.12-8.2ubuntu0.3_amd64.deb ...
test-ubuntu (3.14t)	Install system dependencies (protobuf-compiler for temporalio source build)	2026-05-19T19:34:18.2860411Z Unpacking libprotoc32t64:amd64 (3.21.12-8.2ubuntu0.3) ...
test-ubuntu (3.14t)	Install system dependencies (protobuf-compiler for temporalio source build)	2026-05-19T19:34:18.3449465Z Selecting previously unselected package libprotobuf-dev:amd64.
test-ubuntu (3.14t)	Install system dependencies (protobuf-compiler for temporalio source build)	2026-05-19T19:34:18.3645609Z Preparing to unpack .../libprotobuf-dev_3.21.12-8.2ubuntu0.3_amd64.deb ...
test-ubuntu (3.14t)	Install system dependencies (protobuf-compiler for temporalio source build)	2026-05-19T19:34:18.3667053Z Unpacking libprotobuf-dev:amd64 (3.21.12-8.2ubuntu0.3) ...
test-ubuntu (3.14t)	Install system dependencies (protobuf-compiler for temporalio source build)	2026-05-19T19:34:18.4942188Z Selecting previously unselected package protobuf-compiler.
test-ubuntu (3.14t)	Install system dependencies (protobuf-compiler for temporalio source build)	2026-05-19T19:34:18.5139195Z Preparing to unpack .../protobuf-compiler_3.21.12-8.2ubuntu0.3_amd64.deb ...
test-ubuntu (3.14t)	Install system dependencies (protobuf-compiler for temporalio source build)	2026-05-19T19:34:18.5149096Z Unpacking protobuf-compiler (3.21.12-8.2ubuntu0.3) ...
test-ubuntu (3.14t)	Install system dependencies (protobuf-compiler for temporalio source build)	2026-05-19T19:34:18.6218313Z Setting up libprotobuf32t64:amd64 (3.21.12-8.2ubuntu0.3) ...
test-ubuntu (3.14t)	Install system dependencies (protobuf-compiler for temporalio source build)	2026-05-19T19:34:18.6230890Z Setting up libprotobuf-dev:amd64 (3.21.12-8.2ubuntu0.3) ...
test-ubuntu (3.14t)	Install system dependencies (protobuf-compiler for temporalio source build)	2026-05-19T19:34:18.6251733Z Setting up libprotoc32t64:amd64 (3.21.12-8.2ubuntu0.3) ...
test-ubuntu (3.14t)	Install system dependencies (protobuf-compiler for temporalio source build)	2026-05-19T19:34:18.6278000Z Setting up protobuf-compiler (3.21.12-8.2ubuntu0.3) ...
test-ubuntu (3.14t)	Install system dependencies (protobuf-compiler for temporalio source build)	2026-05-19T19:34:18.6310556Z Processing triggers for man-db (2.12.0-4build2) ...
test-ubuntu (3.14t)	Install system dependencies (protobuf-compiler for temporalio source build)	2026-05-19T19:34:18.6354374Z Not building database; man-db/auto-update is not 'true'.
test-ubuntu (3.14t)	Install system dependencies (protobuf-compiler for temporalio source build)	2026-05-19T19:34:18.6378391Z Processing triggers for libc-bin (2.39-0ubuntu8.7) ...
test-ubuntu (3.14t)	Install system dependencies (protobuf-compiler for temporalio source build)	2026-05-19T19:34:20.0235244Z 
test-ubuntu (3.14t)	Install system dependencies (protobuf-compiler for temporalio source build)	2026-05-19T19:34:20.0236350Z Running kernel seems to be up-to-date.
test-ubuntu (3.14t)	Install system dependencies (protobuf-compiler for temporalio source build)	2026-05-19T19:34:20.0237373Z 
test-ubuntu (3.14t)	Install system dependencies (protobuf-compiler for temporalio source build)	2026-05-19T19:34:20.0237858Z No services need to be restarted.
test-ubuntu (3.14t)	Install system dependencies (protobuf-compiler for temporalio source build)	2026-05-19T19:34:20.0238347Z 
test-ubuntu (3.14t)	Install system dependencies (protobuf-compiler for temporalio source build)	2026-05-19T19:34:20.0238687Z No containers need to be restarted.
test-ubuntu (3.14t)	Install system dependencies (protobuf-compiler for temporalio source build)	2026-05-19T19:34:20.0239150Z 
test-ubuntu (3.14t)	Install system dependencies (protobuf-compiler for temporalio source build)	2026-05-19T19:34:20.0239531Z No user sessions are running outdated binaries.
test-ubuntu (3.14t)	Install system dependencies (protobuf-compiler for temporalio source build)	2026-05-19T19:34:20.0240035Z 
test-ubuntu (3.14t)	Install system dependencies (protobuf-compiler for temporalio source build)	2026-05-19T19:34:20.0240518Z No VM guests are running outdated hypervisor (qemu) binaries on this host.
test-ubuntu (3.14t)	Install dependencies	∩╗┐2026-05-19T19:34:21.4384474Z ##[group]Run uv sync --all-extras --dev --frozen
test-ubuntu (3.14t)	Install dependencies	2026-05-19T19:34:21.4384906Z [36;1muv sync --all-extras --dev --frozen[0m
test-ubuntu (3.14t)	Install dependencies	2026-05-19T19:34:21.4419503Z shell: /usr/bin/bash --noprofile --norc -e -o pipefail {0}
test-ubuntu (3.14t)	Install dependencies	2026-05-19T19:34:21.4419842Z env:
test-ubuntu (3.14t)	Install dependencies	2026-05-19T19:34:21.4420059Z   FORCE_JAVASCRIPT_ACTIONS_TO_NODE24: true
test-ubuntu (3.14t)	Install dependencies	2026-05-19T19:34:21.4420380Z   TEMPORAL_CI_NAMESPACE: coreason-ci-26120302019-1
test-ubuntu (3.14t)	Install dependencies	2026-05-19T19:34:21.4420674Z   ORJSON_BUILD_FREETHREADED: 1
test-ubuntu (3.14t)	Install dependencies	2026-05-19T19:34:21.4420914Z   MANIFEST_VERSION: v0.84.1
test-ubuntu (3.14t)	Install dependencies	2026-05-19T19:34:21.4421217Z   UV_PYTHON_INSTALL_DIR: /home/runner/work/_temp/uv-python-dir
test-ubuntu (3.14t)	Install dependencies	2026-05-19T19:34:21.4421539Z   UV_PYTHON: 3.14t
test-ubuntu (3.14t)	Install dependencies	2026-05-19T19:34:21.4421775Z   UV_CACHE_DIR: /home/runner/work/_temp/setup-uv-cache
test-ubuntu (3.14t)	Install dependencies	2026-05-19T19:34:21.4422062Z   PYTHON_GIL: 1
test-ubuntu (3.14t)	Install dependencies	2026-05-19T19:34:21.4422247Z ##[endgroup]
test-ubuntu (3.14t)	Install dependencies	2026-05-19T19:34:21.6875408Z Downloading cpython-3.14.5+freethreaded-linux-x86_64-gnu (download) (34.4MiB)
test-ubuntu (3.14t)	Install dependencies	2026-05-19T19:34:22.7059627Z  Downloaded cpython-3.14.5+freethreaded-linux-x86_64-gnu (download)
test-ubuntu (3.14t)	Install dependencies	2026-05-19T19:34:23.0741399Z Using CPython 3.14.5+freethreaded
test-ubuntu (3.14t)	Install dependencies	2026-05-19T19:34:23.0762801Z Creating virtual environment at: .venv
test-ubuntu (3.14t)	Install dependencies	2026-05-19T19:34:23.1010285Z    Building coreason-ecosystem @ file:///home/runner/work/coreason-ecosystem/coreason-ecosystem
test-ubuntu (3.14t)	Install dependencies	2026-05-19T19:34:23.1152931Z    Building coreason-manifest @ file:///home/runner/work/coreason-ecosystem/coreason-manifest
test-ubuntu (3.14t)	Install dependencies	2026-05-19T19:34:23.2757278Z Downloading pip (1.7MiB)
test-ubuntu (3.14t)	Install dependencies	2026-05-19T19:34:23.2757972Z Downloading pulp (15.6MiB)
test-ubuntu (3.14t)	Install dependencies	2026-05-19T19:34:23.2761382Z Downloading mkdocs-material (8.9MiB)
test-ubuntu (3.14t)	Install dependencies	2026-05-19T19:34:23.2763429Z Downloading pygments (1.2MiB)
test-ubuntu (3.14t)	Install dependencies	2026-05-19T19:34:23.2765897Z Downloading mkdocs (3.7MiB)
test-ubuntu (3.14t)	Install dependencies	2026-05-19T19:34:23.2768058Z Downloading ruff (10.8MiB)
test-ubuntu (3.14t)	Install dependencies	2026-05-19T19:34:23.2774687Z Downloading setuptools (1.0MiB)
test-ubuntu (3.14t)	Install dependencies	2026-05-19T19:34:23.2776258Z Downloading babel (9.7MiB)
test-ubuntu (3.14t)	Install dependencies	2026-05-19T19:34:23.2779973Z Downloading asyncpg (3.3MiB)
test-ubuntu (3.14t)	Install dependencies	2026-05-19T19:34:23.2784223Z Downloading pynacl (1.3MiB)
test-ubuntu (3.14t)	Install dependencies	2026-05-19T19:34:23.2796589Z Downloading networkx (2.0MiB)
test-ubuntu (3.14t)	Install dependencies	2026-05-19T19:34:23.2798498Z Downloading sqlalchemy (3.4MiB)
test-ubuntu (3.14t)	Install dependencies	2026-05-19T19:34:23.2800790Z Downloading virtualenv (7.2MiB)
test-ubuntu (3.14t)	Install dependencies	2026-05-19T19:34:23.2811940Z Downloading pandas (10.3MiB)
test-ubuntu (3.14t)	Install dependencies	2026-05-19T19:34:23.2816449Z Downloading uvloop (4.3MiB)
test-ubuntu (3.14t)	Install dependencies	2026-05-19T19:34:23.2821257Z Downloading ast-serialize (1.2MiB)
test-ubuntu (3.14t)	Install dependencies	2026-05-19T19:34:23.2834167Z Downloading pydantic-core (2.0MiB)
test-ubuntu (3.14t)	Install dependencies	2026-05-19T19:34:23.2837158Z Downloading aiohttp (1.7MiB)
test-ubuntu (3.14t)	Install dependencies	2026-05-19T19:34:23.2839979Z Downloading mypy (15.5MiB)
test-ubuntu (3.14t)	Install dependencies	2026-05-19T19:34:23.2842746Z Downloading numpy (15.9MiB)
test-ubuntu (3.14t)	Install dependencies	2026-05-19T19:34:23.2845796Z Downloading pyarrow (46.6MiB)
test-ubuntu (3.14t)	Install dependencies	2026-05-19T19:34:23.2881160Z Downloading cryptography (4.5MiB)
test-ubuntu (3.14t)	Install dependencies	2026-05-19T19:34:23.2886385Z Downloading skypilot (3.4MiB)
test-ubuntu (3.14t)	Install dependencies	2026-05-19T19:34:25.0848719Z  Downloaded setuptools
test-ubuntu (3.14t)	Install dependencies	2026-05-19T19:34:25.6444469Z  Downloaded ast-serialize
test-ubuntu (3.14t)	Install dependencies	2026-05-19T19:34:25.7335089Z  Downloaded pygments
test-ubuntu (3.14t)	Install dependencies	2026-05-19T19:34:26.1415295Z  Downloaded pynacl
test-ubuntu (3.14t)	Install dependencies	2026-05-19T19:34:26.5984562Z  Downloaded aiohttp
test-ubuntu (3.14t)	Install dependencies	2026-05-19T19:34:26.6169434Z  Downloaded pip
test-ubuntu (3.14t)	Install dependencies	2026-05-19T19:34:26.8334784Z  Downloaded pydantic-core
test-ubuntu (3.14t)	Install dependencies	2026-05-19T19:34:26.8409592Z  Downloaded networkx
test-ubuntu (3.14t)	Install dependencies	2026-05-19T19:34:29.1762272Z  Downloaded asyncpg
test-ubuntu (3.14t)	Install dependencies	2026-05-19T19:34:29.9574953Z  Downloaded mkdocs
test-ubuntu (3.14t)	Install dependencies	2026-05-19T19:34:30.0563888Z  Downloaded sqlalchemy
test-ubuntu (3.14t)	Install dependencies	2026-05-19T19:34:30.2785921Z  Downloaded uvloop
test-ubuntu (3.14t)	Install dependencies	2026-05-19T19:34:31.0900233Z  Downloaded cryptography
test-ubuntu (3.14t)	Install dependencies	2026-05-19T19:34:31.5546021Z  Downloaded skypilot
test-ubuntu (3.14t)	Install dependencies	2026-05-19T19:34:32.0414779Z  Downloaded virtualenv
test-ubuntu (3.14t)	Install dependencies	2026-05-19T19:34:34.1235214Z  Downloaded ruff
test-ubuntu (3.14t)	Install dependencies	2026-05-19T19:34:34.3894592Z  Downloaded babel
test-ubuntu (3.14t)	Install dependencies	2026-05-19T19:34:35.4638435Z  Downloaded pulp
test-ubuntu (3.14t)	Install dependencies	2026-05-19T19:34:35.6384848Z  Downloaded numpy
test-ubuntu (3.14t)	Install dependencies	2026-05-19T19:34:37.7175084Z  Downloaded pandas
test-ubuntu (3.14t)	Install dependencies	2026-05-19T19:34:38.0242392Z  Downloaded pyarrow
test-ubuntu (3.14t)	Install dependencies	2026-05-19T19:34:38.1553090Z  Downloaded mypy
test-ubuntu (3.14t)	Install dependencies	2026-05-19T19:34:45.1844830Z  Downloaded mkdocs-material
test-ubuntu (3.14t)	Install dependencies	2026-05-19T19:34:47.7597375Z       Built coreason-ecosystem @ file:///home/runner/work/coreason-ecosystem/coreason-ecosystem
test-ubuntu (3.14t)	Install dependencies	2026-05-19T19:34:47.7960169Z       Built coreason-manifest @ file:///home/runner/work/coreason-ecosystem/coreason-manifest
test-ubuntu (3.14t)	Install dependencies	2026-05-19T19:34:47.7997902Z Prepared 181 packages in 24.70s
test-ubuntu (3.14t)	Install dependencies	2026-05-19T19:34:49.1581646Z Installed 181 packages in 1.35s
test-ubuntu (3.14t)	Install dependencies	2026-05-19T19:34:49.1587742Z  + aiofiles==24.1.0
test-ubuntu (3.14t)	Install dependencies	2026-05-19T19:34:49.1603256Z  + aiohappyeyeballs==2.6.1
test-ubuntu (3.14t)	Install dependencies	2026-05-19T19:34:49.1616837Z  + aiohttp==3.13.5
test-ubuntu (3.14t)	Install dependencies	2026-05-19T19:34:49.1622437Z  + aiosignal==1.4.0
test-ubuntu (3.14t)	Install dependencies	2026-05-19T19:34:49.1634459Z  + aiosqlite==0.22.1
test-ubuntu (3.14t)	Install dependencies	2026-05-19T19:34:49.1635331Z  + alembic==1.18.4
test-ubuntu (3.14t)	Install dependencies	2026-05-19T19:34:49.1635911Z  + annotated-doc==0.0.4
test-ubuntu (3.14t)	Install dependencies	2026-05-19T19:34:49.1636305Z  + annotated-types==0.7.0
test-ubuntu (3.14t)	Install dependencies	2026-05-19T19:34:49.1636694Z  + anyio==4.13.0
test-ubuntu (3.14t)	Install dependencies	2026-05-19T19:34:49.1637033Z  + ast-serialize==0.3.0
test-ubuntu (3.14t)	Install dependencies	2026-05-19T19:34:49.1637393Z  + asyncpg==0.31.0
test-ubuntu (3.14t)	Install dependencies	2026-05-19T19:34:49.1637712Z  + attrs==26.1.0
test-ubuntu (3.14t)	Install dependencies	2026-05-19T19:34:49.1638018Z  + babel==2.18.0
test-ubuntu (3.14t)	Install dependencies	2026-05-19T19:34:49.1638345Z  + backrefs==7.0
test-ubuntu (3.14t)	Install dependencies	2026-05-19T19:34:49.1638657Z  + bcrypt==4.0.1
test-ubuntu (3.14t)	Install dependencies	2026-05-19T19:34:49.1638959Z  + bracex==2.6
test-ubuntu (3.14t)	Install dependencies	2026-05-19T19:34:49.1639251Z  + cachetools==7.1.1
test-ubuntu (3.14t)	Install dependencies	2026-05-19T19:34:49.1640133Z  + canonicaljson==2.0.0
test-ubuntu (3.14t)	Install dependencies	2026-05-19T19:34:49.1640489Z  + casbin==1.43.0
test-ubuntu (3.14t)	Install dependencies	2026-05-19T19:34:49.1640810Z  + certifi==2026.4.22
test-ubuntu (3.14t)	Install dependencies	2026-05-19T19:34:49.1641136Z  + cffi==2.0.0
test-ubuntu (3.14t)	Install dependencies	2026-05-19T19:34:49.1641438Z  + cfgv==3.5.0
test-ubuntu (3.14t)	Install dependencies	2026-05-19T19:34:49.1641771Z  + charset-normalizer==3.4.7
test-ubuntu (3.14t)	Install dependencies	2026-05-19T19:34:49.1642156Z  + click==8.1.8
test-ubuntu (3.14t)	Install dependencies	2026-05-19T19:34:49.1642462Z  + colorama==0.4.6
test-ubuntu (3.14t)	Install dependencies	2026-05-19T19:34:49.1643263Z  + coreason-ecosystem==0.45.2.dev2+g22bab08de (from file:///home/runner/work/coreason-ecosystem/coreason-ecosystem)
test-ubuntu (3.14t)	Install dependencies	2026-05-19T19:34:49.1674951Z  + coreason-manifest==0.84.1 (from file:///home/runner/work/coreason-ecosystem/coreason-manifest)
test-ubuntu (3.14t)	Install dependencies	2026-05-19T19:34:49.1675748Z  + coverage==7.14.0
test-ubuntu (3.14t)	Install dependencies	2026-05-19T19:34:49.1676088Z  + cryptography==48.0.0
test-ubuntu (3.14t)	Install dependencies	2026-05-19T19:34:49.1676464Z  + deepdiff==9.0.0
test-ubuntu (3.14t)	Install dependencies	2026-05-19T19:34:49.1677325Z  + deepmerge==2.0
test-ubuntu (3.14t)	Install dependencies	2026-05-19T19:34:49.1677656Z  + deptry==0.25.1
test-ubuntu (3.14t)	Install dependencies	2026-05-19T19:34:49.1678258Z  + distlib==0.4.0
test-ubuntu (3.14t)	Install dependencies	2026-05-19T19:34:49.1678582Z  + execnet==2.1.2
test-ubuntu (3.14t)	Install dependencies	2026-05-19T19:34:49.1678926Z  + fastapi==0.136.1
test-ubuntu (3.14t)	Install dependencies	2026-05-19T19:34:49.1679266Z  + filelock==3.29.0
test-ubuntu (3.14t)	Install dependencies	2026-05-19T19:34:49.1679599Z  + frozenlist==1.8.0
test-ubuntu (3.14t)	Install dependencies	2026-05-19T19:34:49.1679936Z  + ghp-import==2.1.0
test-ubuntu (3.14t)	Install dependencies	2026-05-19T19:34:49.1680251Z  + gitdb==4.0.12
test-ubuntu (3.14t)	Install dependencies	2026-05-19T19:34:49.1680561Z  + gitpython==3.1.50
test-ubuntu (3.14t)	Install dependencies	2026-05-19T19:34:49.1680923Z  + googleapis-common-protos==1.75.0
test-ubuntu (3.14t)	Install dependencies	2026-05-19T19:34:49.1681310Z  + greenlet==3.5.0
test-ubuntu (3.14t)	Install dependencies	2026-05-19T19:34:49.1681605Z  + griffelib==2.0.2
test-ubuntu (3.14t)	Install dependencies	2026-05-19T19:34:49.1681910Z  + h11==0.16.0
test-ubuntu (3.14t)	Install dependencies	2026-05-19T19:34:49.1682219Z  + httpcore==1.0.9
test-ubuntu (3.14t)	Install dependencies	2026-05-19T19:34:49.1682540Z  + httptools==0.7.1
test-ubuntu (3.14t)	Install dependencies	2026-05-19T19:34:49.1682856Z  + httpx==0.28.1
test-ubuntu (3.14t)	Install dependencies	2026-05-19T19:34:49.1683166Z  + httpx-sse==0.4.3
test-ubuntu (3.14t)	Install dependencies	2026-05-19T19:34:49.1683774Z  + hvac==2.4.0
test-ubuntu (3.14t)	Install dependencies	2026-05-19T19:34:49.1684097Z  + hypothesis==6.152.7
test-ubuntu (3.14t)	Install dependencies	2026-05-19T19:34:49.1684410Z  + identify==2.6.19
test-ubuntu (3.14t)	Install dependencies	2026-05-19T19:34:49.1684700Z  + idna==3.15
test-ubuntu (3.14t)	Install dependencies	2026-05-19T19:34:49.1685192Z  + ijson==3.5.0
test-ubuntu (3.14t)	Install dependencies	2026-05-19T19:34:49.1685531Z  + importlib-metadata==8.7.1
test-ubuntu (3.14t)	Install dependencies	2026-05-19T19:34:49.1685903Z  + iniconfig==2.3.0
test-ubuntu (3.14t)	Install dependencies	2026-05-19T19:34:49.1686227Z  + invoke==3.0.3
test-ubuntu (3.14t)	Install dependencies	2026-05-19T19:34:49.1686504Z  + jinja2==3.1.6
test-ubuntu (3.14t)	Install dependencies	2026-05-19T19:34:49.1686810Z  + jsonpatch==1.33
test-ubuntu (3.14t)	Install dependencies	2026-05-19T19:34:49.1687136Z  + jsonpointer==3.1.1
test-ubuntu (3.14t)	Install dependencies	2026-05-19T19:34:49.1687478Z  + jsonschema==4.26.0
test-ubuntu (3.14t)	Install dependencies	2026-05-19T19:34:49.1687861Z  + jsonschema-specifications==2025.9.1
test-ubuntu (3.14t)	Install dependencies	2026-05-19T19:34:49.1688285Z  + librt==0.11.0
test-ubuntu (3.14t)	Install dependencies	2026-05-19T19:34:49.1688589Z  + loguru==0.7.3
test-ubuntu (3.14t)	Install dependencies	2026-05-19T19:34:49.1688903Z  + mako==1.3.12
test-ubuntu (3.14t)	Install dependencies	2026-05-19T19:34:49.1689206Z  + markdown==3.10.2
test-ubuntu (3.14t)	Install dependencies	2026-05-19T19:34:49.1689542Z  + markdown-it-py==4.2.0
test-ubuntu (3.14t)	Install dependencies	2026-05-19T19:34:49.1689876Z  + markupsafe==3.0.3
test-ubuntu (3.14t)	Install dependencies	2026-05-19T19:34:49.1690181Z  + mcp==1.27.1
test-ubuntu (3.14t)	Install dependencies	2026-05-19T19:34:49.1690483Z  + mdurl==0.1.2
test-ubuntu (3.14t)	Install dependencies	2026-05-19T19:34:49.1690782Z  + mergedeep==1.3.4
test-ubuntu (3.14t)	Install dependencies	2026-05-19T19:34:49.1691092Z  + mkdocs==1.6.1
test-ubuntu (3.14t)	Install dependencies	2026-05-19T19:34:49.1691401Z  + mkdocs-autorefs==1.4.4
test-ubuntu (3.14t)	Install dependencies	2026-05-19T19:34:49.1691777Z  + mkdocs-get-deps==0.2.2
test-ubuntu (3.14t)	Install dependencies	2026-05-19T19:34:49.1692142Z  + mkdocs-material==9.7.6
test-ubuntu (3.14t)	Install dependencies	2026-05-19T19:34:49.1692541Z  + mkdocs-material-extensions==1.3.1
test-ubuntu (3.14t)	Install dependencies	2026-05-19T19:34:49.1692996Z  + mkdocstrings==1.0.4
test-ubuntu (3.14t)	Install dependencies	2026-05-19T19:34:49.1694053Z  + mkdocstrings-python==2.0.3
test-ubuntu (3.14t)	Install dependencies	2026-05-19T19:34:49.1694437Z  + msgspec==0.21.1
test-ubuntu (3.14t)	Install dependencies	2026-05-19T19:34:49.1694758Z  + multidict==6.7.1
test-ubuntu (3.14t)	Install dependencies	2026-05-19T19:34:49.1695075Z  + mypy==2.1.0
test-ubuntu (3.14t)	Install dependencies	2026-05-19T19:34:49.1695381Z  + mypy-extensions==1.1.0
test-ubuntu (3.14t)	Install dependencies	2026-05-19T19:34:49.1695759Z  + nats-py==2.14.0
test-ubuntu (3.14t)	Install dependencies	2026-05-19T19:34:49.1696066Z  + networkx==3.6.1
test-ubuntu (3.14t)	Install dependencies	2026-05-19T19:34:49.1696373Z  + nexus-rpc==1.4.0
test-ubuntu (3.14t)	Install dependencies	2026-05-19T19:34:49.1696684Z  + nodeenv==1.10.0
test-ubuntu (3.14t)	Install dependencies	2026-05-19T19:34:49.1696980Z  + numpy==2.4.4
test-ubuntu (3.14t)	Install dependencies	2026-05-19T19:34:49.1697281Z  + opentelemetry-api==1.41.1
test-ubuntu (3.14t)	Install dependencies	2026-05-19T19:34:49.1697721Z  + opentelemetry-exporter-otlp-proto-common==1.41.1
test-ubuntu (3.14t)	Install dependencies	2026-05-19T19:34:49.1698279Z  + opentelemetry-exporter-otlp-proto-http==1.41.1
test-ubuntu (3.14t)	Install dependencies	2026-05-19T19:34:49.1698752Z  + opentelemetry-proto==1.41.1
test-ubuntu (3.14t)	Install dependencies	2026-05-19T19:34:49.1699180Z  + opentelemetry-sdk==1.41.1
test-ubuntu (3.14t)	Install dependencies	2026-05-19T19:34:49.1699723Z  + opentelemetry-semantic-conventions==0.62b1
test-ubuntu (3.14t)	Install dependencies	2026-05-19T19:34:49.1700279Z  + orderly-set==5.5.0
test-ubuntu (3.14t)	Install dependencies	2026-05-19T19:34:49.1701003Z  + orjson==3.11.9
test-ubuntu (3.14t)	Install dependencies	2026-05-19T19:34:49.1701378Z  + packaging==26.2
test-ubuntu (3.14t)	Install dependencies	2026-05-19T19:34:49.1701756Z  + paginate==0.5.7
test-ubuntu (3.14t)	Install dependencies	2026-05-19T19:34:49.1702116Z  + pandas==3.0.3
test-ubuntu (3.14t)	Install dependencies	2026-05-19T19:34:49.1702397Z  + pandas-stubs==3.0.0.260204
test-ubuntu (3.14t)	Install dependencies	2026-05-19T19:34:49.1702766Z  + paramiko==5.0.0
test-ubuntu (3.14t)	Install dependencies	2026-05-19T19:34:49.1703038Z  + passlib==1.7.4
test-ubuntu (3.14t)	Install dependencies	2026-05-19T19:34:49.1703377Z  + pathspec==1.1.1
test-ubuntu (3.14t)	Install dependencies	2026-05-19T19:34:49.1703908Z  + pendulum==3.2.0
test-ubuntu (3.14t)	Install dependencies	2026-05-19T19:34:49.1704280Z  + pip==26.1.1
test-ubuntu (3.14t)	Install dependencies	2026-05-19T19:34:49.1704662Z  + platformdirs==4.9.6
test-ubuntu (3.14t)	Install dependencies	2026-05-19T19:34:49.1705070Z  + pluggy==1.6.0
test-ubuntu (3.14t)	Install dependencies	2026-05-19T19:34:49.1705473Z  + pre-commit==4.6.0
test-ubuntu (3.14t)	Install dependencies	2026-05-19T19:34:49.1705913Z  + prettytable==3.17.0
test-ubuntu (3.14t)	Install dependencies	2026-05-19T19:34:49.1706365Z  + prometheus-client==0.25.0
test-ubuntu (3.14t)	Install dependencies	2026-05-19T19:34:49.1706841Z  + propcache==0.5.2
test-ubuntu (3.14t)	Install dependencies	2026-05-19T19:34:49.1707155Z  + protobuf==6.33.6
test-ubuntu (3.14t)	Install dependencies	2026-05-19T19:34:49.1707435Z  + psutil==7.2.2
test-ubuntu (3.14t)	Install dependencies	2026-05-19T19:34:49.1707752Z  + psycopg2-binary==2.9.12
test-ubuntu (3.14t)	Install dependencies	2026-05-19T19:34:49.1708100Z  + pulp==3.3.1
test-ubuntu (3.14t)	Install dependencies	2026-05-19T19:34:49.1708444Z  + py-cpuinfo==9.0.0
test-ubuntu (3.14t)	Install dependencies	2026-05-19T19:34:49.1708772Z  + pyarrow==24.0.0
test-ubuntu (3.14t)	Install dependencies	2026-05-19T19:34:49.1709079Z  + pycasbin==2.8.0
test-ubuntu (3.14t)	Install dependencies	2026-05-19T19:34:49.1709429Z  + pycparser==3.0
test-ubuntu (3.14t)	Install dependencies	2026-05-19T19:34:49.1709732Z  + pycrdt==0.13.0
test-ubuntu (3.14t)	Install dependencies	2026-05-19T19:34:49.1710019Z  + pydantic==2.13.4
test-ubuntu (3.14t)	Install dependencies	2026-05-19T19:34:49.1710336Z  + pydantic-core==2.46.4
test-ubuntu (3.14t)	Install dependencies	2026-05-19T19:34:49.1710693Z  + pydantic-settings==2.14.1
test-ubuntu (3.14t)	Install dependencies	2026-05-19T19:34:49.1711036Z  + pygments==2.20.0
test-ubuntu (3.14t)	Install dependencies	2026-05-19T19:34:49.1730186Z  + pyjwt==2.12.1
test-ubuntu (3.14t)	Install dependencies	2026-05-19T19:34:49.1731249Z  + pymdown-extensions==10.21.3
test-ubuntu (3.14t)	Install dependencies	2026-05-19T19:34:49.1731706Z  + pynacl==1.6.2
test-ubuntu (3.14t)	Install dependencies	2026-05-19T19:34:49.1732451Z  + pytest==9.0.3
test-ubuntu (3.14t)	Install dependencies	2026-05-19T19:34:49.1732873Z  + pytest-asyncio==1.3.0
test-ubuntu (3.14t)	Install dependencies	2026-05-19T19:34:49.1733596Z  + pytest-benchmark==5.2.3
test-ubuntu (3.14t)	Install dependencies	2026-05-19T19:34:49.1734009Z  + pytest-cov==7.1.0
test-ubuntu (3.14t)	Install dependencies	2026-05-19T19:34:49.1735252Z  + pytest-xdist==3.8.0
test-ubuntu (3.14t)	Install dependencies	2026-05-19T19:34:49.1735885Z  + python-dateutil==2.9.0.post0
test-ubuntu (3.14t)	Install dependencies	2026-05-19T19:34:49.1736316Z  + python-discovery==1.3.1
test-ubuntu (3.14t)	Install dependencies	2026-05-19T19:34:49.1736695Z  + python-dotenv==1.2.2
test-ubuntu (3.14t)	Install dependencies	2026-05-19T19:34:49.1737063Z  + python-multipart==0.0.28
test-ubuntu (3.14t)	Install dependencies	2026-05-19T19:34:49.1737591Z  + pyyaml==6.0.3
test-ubuntu (3.14t)	Install dependencies	2026-05-19T19:34:49.1737920Z  + pyyaml-env-tag==1.1
test-ubuntu (3.14t)	Install dependencies	2026-05-19T19:34:49.1738228Z  + referencing==0.37.0
test-ubuntu (3.14t)	Install dependencies	2026-05-19T19:34:49.1738523Z  + requests==2.34.0
test-ubuntu (3.14t)	Install dependencies	2026-05-19T19:34:49.1738829Z  + requirements-parser==0.13.0
test-ubuntu (3.14t)	Install dependencies	2026-05-19T19:34:49.1739193Z  + respx==0.23.1
test-ubuntu (3.14t)	Install dependencies	2026-05-19T19:34:49.1739533Z  + rich==15.0.0
test-ubuntu (3.14t)	Install dependencies	2026-05-19T19:34:49.1739828Z  + rpds-py==0.30.0
test-ubuntu (3.14t)	Install dependencies	2026-05-19T19:34:49.1740172Z  + ruff==0.15.12
test-ubuntu (3.14t)	Install dependencies	2026-05-19T19:34:49.1740475Z  + setproctitle==1.3.7
test-ubuntu (3.14t)	Install dependencies	2026-05-19T19:34:49.1740823Z  + setuptools==81.0.0
test-ubuntu (3.14t)	Install dependencies	2026-05-19T19:34:49.1741158Z  + shellingham==1.5.4
test-ubuntu (3.14t)	Install dependencies	2026-05-19T19:34:49.1741473Z  + simpleeval==1.0.7
test-ubuntu (3.14t)	Install dependencies	2026-05-19T19:34:49.1741776Z  + six==1.17.0
test-ubuntu (3.14t)	Install dependencies	2026-05-19T19:34:49.1742064Z  + skypilot==0.12.1
test-ubuntu (3.14t)	Install dependencies	2026-05-19T19:34:49.1753825Z  + smmap==5.0.3
test-ubuntu (3.14t)	Install dependencies	2026-05-19T19:34:49.1754210Z  + sortedcontainers==2.4.0
test-ubuntu (3.14t)	Install dependencies	2026-05-19T19:34:49.1757518Z  + sqlalchemy==2.0.49
test-ubuntu (3.14t)	Install dependencies	2026-05-19T19:34:49.1757942Z  + sqlalchemy-adapter==1.9.0
test-ubuntu (3.14t)	Install dependencies	2026-05-19T19:34:49.1759026Z  + sse-starlette==3.4.4
test-ubuntu (3.14t)	Install dependencies	2026-05-19T19:34:49.1759711Z  + starlette==1.0.0
test-ubuntu (3.14t)	Install dependencies	2026-05-19T19:34:49.1760394Z  + syrupy==5.1.0
test-ubuntu (3.14t)	Install dependencies	2026-05-19T19:34:49.1761016Z  + tabulate==0.10.0
test-ubuntu (3.14t)	Install dependencies	2026-05-19T19:34:49.1761369Z  + temporalio==1.27.0
test-ubuntu (3.14t)	Install dependencies	2026-05-19T19:34:49.1761723Z  + tomli==2.4.1
test-ubuntu (3.14t)	Install dependencies	2026-05-19T19:34:49.1774165Z  + typer==0.23.1
test-ubuntu (3.14t)	Install dependencies	2026-05-19T19:34:49.1774543Z  + types-hvac==2.4.0.20260408
test-ubuntu (3.14t)	Install dependencies	2026-05-19T19:34:49.1775307Z  + types-paramiko==4.0.0.20260508
test-ubuntu (3.14t)	Install dependencies	2026-05-19T19:34:49.1775770Z  + types-protobuf==6.32.1.20260221
test-ubuntu (3.14t)	Install dependencies	2026-05-19T19:34:49.1777882Z  + types-pyyaml==6.0.12.20260510
test-ubuntu (3.14t)	Install dependencies	2026-05-19T19:34:49.1778355Z  + types-requests==2.33.0.20260513
test-ubuntu (3.14t)	Install dependencies	2026-05-19T19:34:49.1779111Z  + typing-extensions==4.15.0
test-ubuntu (3.14t)	Install dependencies	2026-05-19T19:34:49.1779551Z  + typing-inspection==0.4.2
test-ubuntu (3.14t)	Install dependencies	2026-05-19T19:34:49.1781529Z  + tzdata==2026.2
test-ubuntu (3.14t)	Install dependencies	2026-05-19T19:34:49.1781883Z  + urllib3==2.7.0
test-ubuntu (3.14t)	Install dependencies	2026-05-19T19:34:49.1782484Z  + uvicorn==0.35.0
test-ubuntu (3.14t)	Install dependencies	2026-05-19T19:34:49.1782841Z  + uvloop==0.22.1
test-ubuntu (3.14t)	Install dependencies	2026-05-19T19:34:49.1783195Z  + virtualenv==21.3.2
test-ubuntu (3.14t)	Install dependencies	2026-05-19T19:34:49.1785268Z  + watchdog==6.0.0
test-ubuntu (3.14t)	Install dependencies	2026-05-19T19:34:49.1785652Z  + watchfiles==1.1.1
test-ubuntu (3.14t)	Install dependencies	2026-05-19T19:34:49.1786672Z  + wcmatch==10.1
test-ubuntu (3.14t)	Install dependencies	2026-05-19T19:34:49.1787014Z  + wcwidth==0.7.0
test-ubuntu (3.14t)	Install dependencies	2026-05-19T19:34:49.1788945Z  + websockets==16.0
test-ubuntu (3.14t)	Install dependencies	2026-05-19T19:34:49.1789304Z  + wheel==0.47.0
test-ubuntu (3.14t)	Install dependencies	2026-05-19T19:34:49.1789621Z  + yarl==1.23.0
test-ubuntu (3.14t)	Install dependencies	2026-05-19T19:34:49.1790242Z  + zensical==0.0.41
test-ubuntu (3.14t)	Install dependencies	2026-05-19T19:34:49.1790583Z  + zipp==3.23.1
test-ubuntu (3.14t)	Run tests	∩╗┐2026-05-19T19:34:49.2334816Z ##[group]Run if [ "3.14t" = "3.14t" ]; then
test-ubuntu (3.14t)	Run tests	2026-05-19T19:34:49.2335383Z [36;1mif [ "3.14t" = "3.14t" ]; then[0m
test-ubuntu (3.14t)	Run tests	2026-05-19T19:34:49.2336062Z [36;1m  # Under free-threaded Python 3.14t, pytest-xdist subprocesses crash on startup[0m
test-ubuntu (3.14t)	Run tests	2026-05-19T19:34:49.2337745Z [36;1m  # due to C-extension incompatibilities (e.g. temporalio/pyarrow) during multiprocessing init.[0m
test-ubuntu (3.14t)	Run tests	2026-05-19T19:34:49.2338754Z [36;1m  # Run sequentially to maintain a stable, self-healing test environment.[0m
test-ubuntu (3.14t)	Run tests	2026-05-19T19:34:49.2339468Z [36;1m  uv run pytest --cov=src --cov-report=xml[0m
test-ubuntu (3.14t)	Run tests	2026-05-19T19:34:49.2339933Z [36;1melse[0m
test-ubuntu (3.14t)	Run tests	2026-05-19T19:34:49.2340547Z [36;1m  # Run in parallel using pytest-xdist to satisfy the fast parallel execution mandate.[0m
test-ubuntu (3.14t)	Run tests	2026-05-19T19:34:49.2341854Z [36;1m  uv run pytest -n auto --cov=src --cov-report=xml[0m
test-ubuntu (3.14t)	Run tests	2026-05-19T19:34:49.2342406Z [36;1mfi[0m
test-ubuntu (3.14t)	Run tests	2026-05-19T19:34:49.2431944Z shell: /usr/bin/bash --noprofile --norc -e -o pipefail {0}
test-ubuntu (3.14t)	Run tests	2026-05-19T19:34:49.2432468Z env:
test-ubuntu (3.14t)	Run tests	2026-05-19T19:34:49.2432840Z   FORCE_JAVASCRIPT_ACTIONS_TO_NODE24: true
test-ubuntu (3.14t)	Run tests	2026-05-19T19:34:49.2433372Z   TEMPORAL_CI_NAMESPACE: coreason-ci-26120302019-1
test-ubuntu (3.14t)	Run tests	2026-05-19T19:34:49.2434154Z   ORJSON_BUILD_FREETHREADED: 1
test-ubuntu (3.14t)	Run tests	2026-05-19T19:34:49.2434606Z   MANIFEST_VERSION: v0.84.1
test-ubuntu (3.14t)	Run tests	2026-05-19T19:34:49.2435133Z   UV_PYTHON_INSTALL_DIR: /home/runner/work/_temp/uv-python-dir
test-ubuntu (3.14t)	Run tests	2026-05-19T19:34:49.2435695Z   UV_PYTHON: 3.14t
test-ubuntu (3.14t)	Run tests	2026-05-19T19:34:49.2436124Z   UV_CACHE_DIR: /home/runner/work/_temp/setup-uv-cache
test-ubuntu (3.14t)	Run tests	2026-05-19T19:34:49.2436615Z   PYTHON_GIL: 1
test-ubuntu (3.14t)	Run tests	2026-05-19T19:34:49.2436942Z   TEMPORAL_ADDRESS: 127.0.0.1:7233
test-ubuntu (3.14t)	Run tests	2026-05-19T19:34:49.2437374Z   TEMPORAL_NAMESPACE: coreason-ci-26120302019-1
test-ubuntu (3.14t)	Run tests	2026-05-19T19:34:49.2437839Z ##[endgroup]
test-ubuntu (3.14t)	Run tests	2026-05-19T19:34:54.3436142Z ============================= test session starts ==============================
test-ubuntu (3.14t)	Run tests	2026-05-19T19:34:54.3467749Z platform linux -- Python 3.14.5, pytest-9.0.3, pluggy-1.6.0 -- /home/runner/work/coreason-ecosystem/coreason-ecosystem/.venv/bin/python
test-ubuntu (3.14t)	Run tests	2026-05-19T19:34:54.3494269Z cachedir: .pytest_cache
test-ubuntu (3.14t)	Run tests	2026-05-19T19:34:54.3524958Z hypothesis profile 'default' -> database=None, deadline=None, print_blob=True, derandomize=True, suppress_health_check=(HealthCheck.too_slow,)
test-ubuntu (3.14t)	Run tests	2026-05-19T19:34:54.3542006Z benchmark: 5.2.3 (defaults: timer=time.perf_counter disable_gc=False min_rounds=5 min_time=0.000005 max_time=1.0 calibration_precision=10 warmup=False warmup_iterations=100000)
test-ubuntu (3.14t)	Run tests	2026-05-19T19:34:54.3554280Z rootdir: /home/runner/work/coreason-ecosystem/coreason-ecosystem
test-ubuntu (3.14t)	Run tests	2026-05-19T19:34:54.3554946Z configfile: pyproject.toml
test-ubuntu (3.14t)	Run tests	2026-05-19T19:34:54.3555338Z testpaths: tests
test-ubuntu (3.14t)	Run tests	2026-05-19T19:34:54.3556109Z plugins: xdist-3.8.0, anyio-4.13.0, cov-7.1.0, hypothesis-6.152.7, syrupy-5.1.0, asyncio-1.3.0, respx-0.23.1, benchmark-5.2.3
test-ubuntu (3.14t)	Run tests	2026-05-19T19:34:54.3557468Z asyncio: mode=Mode.AUTO, debug=False, asyncio_default_fixture_loop_scope=None, asyncio_default_test_loop_scope=function
test-ubuntu (3.14t)	Run tests	2026-05-19T19:34:58.8114574Z collecting ... collected 127 items
test-ubuntu (3.14t)	Run tests	2026-05-19T19:34:58.8115019Z 
test-ubuntu (3.14t)	Run tests	2026-05-19T19:34:58.8333208Z tests/auth/test_distr_provisioning.py::test_init_vault_and_issue_license PASSED [  0%]
test-ubuntu (3.14t)	Run tests	2026-05-19T19:34:58.8357941Z tests/auth/test_license_validator.py::test_verify_token_signature_valid PASSED [  1%]
test-ubuntu (3.14t)	Run tests	2026-05-19T19:34:58.8379384Z tests/auth/test_license_validator.py::test_verify_token_signature_invalid_key PASSED [  2%]
test-ubuntu (3.14t)	Run tests	2026-05-19T19:34:58.8393059Z tests/auth/test_license_validator.py::test_get_root_ca_key_production_missing PASSED [  3%]
test-ubuntu (3.14t)	Run tests	2026-05-19T19:34:58.8416630Z tests/auth/test_license_validator.py::test_install_license_production_vault_guards PASSED [  3%]
test-ubuntu (3.14t)	Run tests	2026-05-19T19:34:58.8745019Z tests/chaos/fleet/test_chaos.py::test_chaos_execution[profile0-container_crash-node-0-False] PASSED [  4%]
test-ubuntu (3.14t)	Run tests	2026-05-19T19:34:59.3795039Z tests/chaos/fleet/test_chaos.py::test_chaos_execution[profile1-network_partition-node-7-True] PASSED [  5%]
test-ubuntu (3.14t)	Run tests	2026-05-19T19:34:59.8851421Z tests/chaos/fleet/test_chaos.py::test_chaos_execution[profile2-memory_pressure-node-0-True] PASSED [  6%]
test-ubuntu (3.14t)	Run tests	2026-05-19T19:35:03.5611093Z tests/e2e_swarm/test_happy_path.py::test_tripartite_happy_path PASSED    [  7%]
test-ubuntu (3.14t)	Run tests	2026-05-19T19:35:03.5871283Z tests/e2e_swarm/test_happy_path.py::test_hollow_plane_manifest_validation PASSED [  7%]
test-ubuntu (3.14t)	Run tests	2026-05-19T19:35:03.6166384Z tests/e2e_swarm/test_happy_path.py::test_asset_forge_deficit_remediation PASSED [  8%]
test-ubuntu (3.14t)	Run tests	2026-05-19T19:35:03.6366548Z tests/e2e_swarm/test_happy_path.py::test_wasm_sandbox_guillotine PASSED  [  9%]
test-ubuntu (3.14t)	Run tests	2026-05-19T19:35:04.6775352Z tests/e2e_swarm/test_happy_path.py::test_temporal_rehydration_chaos PASSED [ 10%]
test-ubuntu (3.14t)	Run tests	2026-05-19T19:35:04.7175742Z tests/e2e_swarm/test_happy_path.py::test_sse_telemetry_streaming PASSED  [ 11%]
test-ubuntu (3.14t)	Run tests	2026-05-19T19:35:04.7265168Z tests/fleet/test_daemon.py::test_autonomic_fleet_manager_scale_zero PASSED [ 11%]
test-ubuntu (3.14t)	Run tests	2026-05-19T19:35:04.7355390Z tests/fleet/test_daemon.py::test_autonomic_fleet_manager_scale_up_success PASSED [ 12%]
test-ubuntu (3.14t)	Run tests	2026-05-19T19:35:04.7424713Z tests/fleet/test_daemon.py::test_autonomic_fleet_manager_scale_up_failure PASSED [ 13%]
test-ubuntu (3.14t)	Run tests	2026-05-19T19:35:04.7504751Z tests/fleet/test_daemon.py::test_autonomic_fleet_manager_cancelled_during_reconcile PASSED [ 14%]
test-ubuntu (3.14t)	Run tests	2026-05-19T19:35:04.7561012Z tests/fleet/test_daemon.py::test_autonomic_fleet_manager_exception_caught PASSED [ 14%]
test-ubuntu (3.14t)	Run tests	2026-05-19T19:35:04.7613729Z tests/fleet/test_daemon_coverage.py::test_daemon_cooldown_decrement PASSED [ 15%]
test-ubuntu (3.14t)	Run tests	2026-05-19T19:35:04.7655158Z tests/fleet/test_daemon_coverage.py::test_daemon_idle_no_nodes PASSED    [ 16%]
test-ubuntu (3.14t)	Run tests	2026-05-19T19:35:04.7729978Z tests/fleet/test_skypilot_actuator.py::test_provision_node_basic PASSED  [ 17%]
test-ubuntu (3.14t)	Run tests	2026-05-19T19:35:04.7780093Z tests/fleet/test_skypilot_actuator.py::test_provision_node_with_hardware PASSED [ 18%]
test-ubuntu (3.14t)	Run tests	2026-05-19T19:35:04.7866379Z tests/fleet/test_skypilot_actuator.py::test_destroy_node PASSED          [ 18%]
test-ubuntu (3.14t)	Run tests	2026-05-19T19:35:04.7946398Z tests/fleet/test_skypilot_actuator.py::test_reconcile_state PASSED       [ 19%]
test-ubuntu (3.14t)	Run tests	2026-05-19T19:35:04.8030384Z tests/fleet/test_skypilot_actuator.py::test_thermodynamic_guillotine PASSED [ 20%]
test-ubuntu (3.14t)	Run tests	2026-05-19T19:35:04.8059917Z tests/fleet/test_skypilot_actuator.py::test_thermodynamic_guillotine_no_breach PASSED [ 21%]
test-ubuntu (3.14t)	Run tests	2026-05-19T19:35:04.8168781Z tests/fleet/test_skypilot_actuator.py::test_provision_node_with_mesh_injection PASSED [ 22%]
test-ubuntu (3.14t)	Run tests	2026-05-19T19:35:04.8224705Z tests/fleet/test_skypilot_actuator.py::test_reconcile_state_handle_exception PASSED [ 22%]
test-ubuntu (3.14t)	Run tests	2026-05-19T19:35:04.8557202Z tests/gateway/test_semantic_router.py::test_route_intent_success PASSED  [ 23%]
test-ubuntu (3.14t)	Run tests	2026-05-19T19:35:04.8803212Z tests/gateway/test_semantic_router.py::test_route_intent_failure_graceful PASSED [ 24%]
test-ubuntu (3.14t)	Run tests	2026-05-19T19:35:04.9347986Z tests/gateway/test_semantic_router.py::test_route_intent_unreachable_graceful PASSED [ 25%]
test-ubuntu (3.14t)	Run tests	2026-05-19T19:35:04.9364079Z tests/gateway/test_semantic_router.py::test_legacy_stubs PASSED          [ 25%]
test-ubuntu (3.14t)	Run tests	2026-05-19T19:35:04.9514388Z tests/gateway/test_semantic_router.py::test_router_close PASSED          [ 26%]
test-ubuntu (3.14t)	Run tests	2026-05-19T19:35:04.9528368Z tests/gateway/test_state_manifests.py::test_capability_entry_valid PASSED [ 27%]
test-ubuntu (3.14t)	Run tests	2026-05-19T19:35:04.9540607Z tests/gateway/test_state_manifests.py::test_capability_entry_defaults PASSED [ 28%]
test-ubuntu (3.14t)	Run tests	2026-05-19T19:35:04.9553750Z tests/gateway/test_state_manifests.py::test_capability_entry_invalid_urn_pattern PASSED [ 29%]
test-ubuntu (3.14t)	Run tests	2026-05-19T19:35:04.9565896Z tests/gateway/test_state_manifests.py::test_capability_entry_invalid_clearance PASSED [ 29%]
test-ubuntu (3.14t)	Run tests	2026-05-19T19:35:04.9578277Z tests/gateway/test_state_manifests.py::test_capability_entry_invalid_epistemic_status PASSED [ 30%]
test-ubuntu (3.14t)	Run tests	2026-05-19T19:35:04.9589888Z tests/gateway/test_state_manifests.py::test_capability_matrix_valid PASSED [ 31%]
test-ubuntu (3.14t)	Run tests	2026-05-19T19:35:04.9601925Z tests/gateway/test_state_manifests.py::test_capability_matrix_empty PASSED [ 32%]
test-ubuntu (3.14t)	Run tests	2026-05-19T19:35:04.9614274Z tests/gateway/test_wasmcloud.py::TestURNValidation::test_valid_coreason_urn PASSED [ 33%]
test-ubuntu (3.14t)	Run tests	2026-05-19T19:35:04.9666090Z tests/gateway/test_wasmcloud.py::TestURNValidation::test_valid_federated_urn PASSED [ 33%]
test-ubuntu (3.14t)	Run tests	2026-05-19T19:35:04.9679769Z tests/gateway/test_wasmcloud.py::TestURNValidation::test_all_six_categories_valid PASSED [ 34%]
test-ubuntu (3.14t)	Run tests	2026-05-19T19:35:04.9712084Z tests/gateway/test_wasmcloud.py::TestURNValidation::test_invalid_prefix_raises PASSED [ 35%]
test-ubuntu (3.14t)	Run tests	2026-05-19T19:35:04.9724096Z tests/gateway/test_wasmcloud.py::TestURNValidation::test_empty_urn_raises PASSED [ 36%]
test-ubuntu (3.14t)	Run tests	2026-05-19T19:35:04.9739182Z tests/gateway/test_wasmcloud.py::TestURNValidation::test_hallucinated_urn_raises PASSED [ 37%]
test-ubuntu (3.14t)	Run tests	2026-05-19T19:35:04.9762402Z tests/gateway/test_wasmcloud.py::TestURNValidation::test_missing_version_raises PASSED [ 37%]
test-ubuntu (3.14t)	Run tests	2026-05-19T19:35:04.9774478Z tests/gateway/test_wasmcloud.py::TestURNValidation::test_invalid_category_raises PASSED [ 38%]
test-ubuntu (3.14t)	Run tests	2026-05-19T19:35:04.9785837Z tests/gateway/test_wasmcloud.py::TestURNKeyConversion::test_urn_to_key PASSED [ 39%]
test-ubuntu (3.14t)	Run tests	2026-05-19T19:35:04.9797415Z tests/gateway/test_wasmcloud.py::TestURNKeyConversion::test_key_to_urn PASSED [ 40%]
test-ubuntu (3.14t)	Run tests	2026-05-19T19:35:04.9808691Z tests/gateway/test_wasmcloud.py::TestURNKeyConversion::test_roundtrip_preserves_urn PASSED [ 40%]
test-ubuntu (3.14t)	Run tests	2026-05-19T19:35:04.9819302Z tests/gateway/test_wasmcloud.py::TestURNRegexConsistency::test_pattern_matches_expected_format PASSED [ 41%]
test-ubuntu (3.14t)	Run tests	2026-05-19T19:35:04.9830174Z tests/gateway/test_wasmcloud.py::TestURNRegexConsistency::test_pattern_rejects_uppercase PASSED [ 42%]
test-ubuntu (3.14t)	Run tests	2026-05-19T19:35:04.9841200Z tests/gateway/test_wasmcloud.py::TestURNRegexConsistency::test_pattern_rejects_spaces PASSED [ 43%]
test-ubuntu (3.14t)	Run tests	2026-05-19T19:35:05.0257025Z tests/gateway/test_wasmcloud.py::TestGatewayRequestID::test_deterministic_hash PASSED [ 44%]
test-ubuntu (3.14t)	Run tests	2026-05-19T19:35:05.0271023Z tests/gateway/test_wasmcloud.py::TestGatewayRequestID::test_different_args_different_ids PASSED [ 44%]
test-ubuntu (3.14t)	Run tests	2026-05-19T19:35:05.0283228Z tests/gateway/test_wasmcloud.py::TestGatewayRequestID::test_key_ordering_invariant PASSED [ 45%]
test-ubuntu (3.14t)	Run tests	2026-05-19T19:35:05.0295568Z tests/gateway/test_wasmcloud.py::TestGatewayRequestID::test_id_length PASSED [ 46%]
test-ubuntu (3.14t)	Run tests	2026-05-19T19:35:05.0307364Z tests/gateway/test_wasmcloud.py::TestNATSSubjectDerivation::test_subject_formatting PASSED [ 47%]
test-ubuntu (3.14t)	Run tests	2026-05-19T19:35:05.0318814Z tests/gateway/test_wasmcloud.py::TestNATSSubjectDerivation::test_subject_contains_no_colons PASSED [ 48%]
test-ubuntu (3.14t)	Run tests	2026-05-19T19:35:05.0346857Z tests/gateway/test_wasmcloud.py::TestVolumetricGuard::test_gateway_not_connected_raises PASSED [ 48%]
test-ubuntu (3.14t)	Run tests	2026-05-19T19:35:05.0357887Z tests/gateway/test_wasmcloud.py::TestVolumetricGuard::test_max_payload_constant PASSED [ 49%]
test-ubuntu (3.14t)	Run tests	2026-05-19T19:35:05.0376821Z tests/gateway/test_wasmcloud.py::TestRegistryHydration::test_validate_urn_rejects_invalid_in_matrix PASSED [ 50%]
test-ubuntu (3.14t)	Run tests	2026-05-19T19:35:05.0388828Z tests/gateway/test_wasmcloud.py::TestNATSRegistryIntegration::test_register_and_resolve SKIPPED [ 51%]
test-ubuntu (3.14t)	Run tests	2026-05-19T19:35:05.0396741Z tests/gateway/test_wasmcloud.py::TestNATSRegistryIntegration::test_resolve_missing_raises SKIPPED [ 51%]
test-ubuntu (3.14t)	Run tests	2026-05-19T19:35:05.0405663Z tests/gateway/test_wasmcloud.py::TestNATSRegistryIntegration::test_get_epistemic_status SKIPPED [ 52%]
test-ubuntu (3.14t)	Run tests	2026-05-19T19:35:05.0414089Z tests/gateway/test_wasmcloud.py::TestNATSRegistryIntegration::test_get_epistemic_status_missing_returns_draft SKIPPED [ 53%]
test-ubuntu (3.14t)	Run tests	2026-05-19T19:35:05.0422372Z tests/gateway/test_wasmcloud.py::TestNATSGatewayIntegration::test_connect_and_disconnect SKIPPED [ 54%]
test-ubuntu (3.14t)	Run tests	2026-05-19T19:35:05.0430837Z tests/gateway/test_wasmcloud.py::TestNATSGatewayIntegration::test_discover_returns_list SKIPPED [ 55%]
test-ubuntu (3.14t)	Run tests	2026-05-19T19:35:05.1124377Z tests/infrastructure/test_topology_completeness.py::test_topology_completeness[compose_file0] PASSED [ 55%]
test-ubuntu (3.14t)	Run tests	2026-05-19T19:35:05.1225804Z tests/infrastructure/test_topology_completeness.py::test_topology_completeness[compose_file1] PASSED [ 56%]
test-ubuntu (3.14t)	Run tests	2026-05-19T19:35:05.1257023Z tests/orchestration/test_sync.py::test_detect_and_heal_drift PASSED      [ 57%]
test-ubuntu (3.14t)	Run tests	2026-05-19T19:35:05.2331602Z tests/orchestration/test_sync.py::test_execute_sync_success PASSED       [ 58%]
test-ubuntu (3.14t)	Run tests	2026-05-19T19:35:05.2332918Z tests/orchestration/test_sync.py::test_execute_sync_no_compose PASSED    [ 59%]
test-ubuntu (3.14t)	Run tests	2026-05-19T19:35:05.2576892Z tests/orchestration/test_sync.py::test_execute_sync_docker_compose_fails PASSED [ 59%]
test-ubuntu (3.14t)	Run tests	2026-05-19T19:35:05.2577903Z tests/orchestration/test_up.py::test_wait_for_postgres_success PASSED    [ 60%]
test-ubuntu (3.14t)	Run tests	2026-05-19T19:35:05.2579258Z tests/orchestration/test_up.py::test_wait_for_postgres_timeout PASSED    [ 61%]
test-ubuntu (3.14t)	Run tests	2026-05-19T19:35:07.0900793Z tests/orchestration/test_up.py::test_wait_for_temporal_success PASSED    [ 62%]
test-ubuntu (3.14t)	Run tests	2026-05-19T19:35:07.0942476Z tests/orchestration/test_up.py::test_wait_for_temporal_timeout PASSED    [ 62%]
test-ubuntu (3.14t)	Run tests	2026-05-19T19:35:07.0982302Z tests/orchestration/test_up.py::test_wait_for_port_success PASSED        [ 63%]
test-ubuntu (3.14t)	Run tests	2026-05-19T19:35:07.1017158Z tests/orchestration/test_up.py::test_wait_for_port_timeout PASSED        [ 64%]
test-ubuntu (3.14t)	Run tests	2026-05-19T19:35:07.1118315Z tests/orchestration/test_up.py::test_execute_up_success PASSED           [ 65%]
test-ubuntu (3.14t)	Run tests	2026-05-19T19:35:07.1155976Z tests/orchestration/test_up.py::test_provision_swarm_topology PASSED     [ 66%]
test-ubuntu (3.14t)	Run tests	2026-05-19T19:35:07.1175675Z tests/test_cli.py::test_version_callback_true PASSED                     [ 66%]
test-ubuntu (3.14t)	Run tests	2026-05-19T19:35:07.1194295Z tests/test_cli.py::test_version_callback_package_not_found PASSED        [ 67%]
test-ubuntu (3.14t)	Run tests	2026-05-19T19:35:07.1205955Z tests/test_cli.py::test_version_callback_false PASSED                    [ 68%]
test-ubuntu (3.14t)	Run tests	2026-05-19T19:35:07.1274907Z tests/test_cli.py::test_cli_up PASSED                                    [ 69%]
test-ubuntu (3.14t)	Run tests	2026-05-19T19:35:07.1325695Z tests/test_cli.py::test_cli_doctor PASSED                                [ 70%]
test-ubuntu (3.14t)	Run tests	2026-05-19T19:35:07.1373968Z tests/test_cli.py::test_cli_sync PASSED                                  [ 70%]
test-ubuntu (3.14t)	Run tests	2026-05-19T19:35:07.1415421Z tests/test_cli.py::test_cli_build_docs PASSED                            [ 71%]
test-ubuntu (3.14t)	Run tests	2026-05-19T19:35:07.1461201Z tests/test_cli.py::test_cli_build_docs_failure PASSED                    [ 72%]
test-ubuntu (3.14t)	Run tests	2026-05-19T19:35:07.1475915Z tests/test_cli.py::test_cli_main PASSED                                  [ 73%]
test-ubuntu (3.14t)	Run tests	2026-05-19T19:35:07.1488305Z tests/unit/auth/test_identity_manager.py::test_extract_workload_identity_spiffe_only PASSED [ 74%]
test-ubuntu (3.14t)	Run tests	2026-05-19T19:35:07.1500938Z tests/unit/auth/test_identity_manager.py::test_extract_workload_identity_jwt_only PASSED [ 74%]
test-ubuntu (3.14t)	Run tests	2026-05-19T19:35:07.1513370Z tests/unit/auth/test_identity_manager.py::test_extract_workload_identity_jwt_and_spiffe PASSED [ 75%]
test-ubuntu (3.14t)	Run tests	2026-05-19T19:35:07.1525498Z tests/unit/auth/test_identity_manager.py::test_extract_workload_identity_case_insensitivity PASSED [ 76%]
test-ubuntu (3.14t)	Run tests	2026-05-19T19:35:07.1544701Z tests/unit/auth/test_identity_manager.py::test_extract_workload_identity_mixed_case PASSED [ 77%]
test-ubuntu (3.14t)	Run tests	2026-05-19T19:35:07.1557508Z tests/unit/auth/test_identity_manager.py::test_extract_workload_identity_tenant_cid PASSED [ 77%]
test-ubuntu (3.14t)	Run tests	2026-05-19T19:35:07.1587834Z tests/unit/core/test_docs_generator.py::test_generate_dynamic_docs_success PASSED [ 78%]
test-ubuntu (3.14t)	Run tests	2026-05-19T19:35:07.1616181Z tests/unit/core/test_docs_generator.py::test_generate_dynamic_docs_defaults_missing_schema PASSED [ 79%]
test-ubuntu (3.14t)	Run tests	2026-05-19T19:35:07.1649057Z tests/unit/core/test_docs_generator.py::test_generate_dynamic_docs_defaults_with_schema PASSED [ 80%]
test-ubuntu (3.14t)	Run tests	2026-05-19T19:35:07.1807710Z tests/unit/orchestration/test_isomorphism_probe.py::test_execute_oracle_diagnostic_all_success PASSED [ 81%]
test-ubuntu (3.14t)	Run tests	2026-05-19T19:35:07.1907038Z tests/unit/orchestration/test_isomorphism_probe.py::test_execute_oracle_diagnostic_all_failures PASSED [ 81%]
test-ubuntu (3.14t)	Run tests	2026-05-19T19:35:07.2053084Z tests/unit/orchestration/test_isomorphism_probe.py::test_execute_oracle_diagnostic_http_errors PASSED [ 82%]
test-ubuntu (3.14t)	Run tests	2026-05-19T19:35:07.2193208Z tests/unit/orchestration/test_isomorphism_probe.py::test_execute_oracle_diagnostic_epistemic_http_error PASSED [ 83%]
test-ubuntu (3.14t)	Run tests	2026-05-19T19:35:07.2325182Z tests/unit/orchestration/test_isomorphism_probe.py::test_execute_oracle_diagnostic_epistemic_timeout PASSED [ 84%]
test-ubuntu (3.14t)	Run tests	2026-05-19T19:35:07.2362781Z tests/unit/orchestration/test_registry.py::test_calculate_epistemic_root_all_files_exist PASSED [ 85%]
test-ubuntu (3.14t)	Run tests	2026-05-19T19:35:07.2434712Z tests/unit/orchestration/test_registry.py::test_calculate_epistemic_root_missing_files_package_error PASSED [ 85%]
test-ubuntu (3.14t)	Run tests	2026-05-19T19:35:07.2464495Z tests/unit/orchestration/test_registry.py::test_write_registry_lock PASSED [ 86%]
test-ubuntu (3.14t)	Run tests	2026-05-19T19:35:07.2494397Z tests/unit/orchestration/test_registry.py::test_read_registry_lock_valid PASSED [ 87%]
test-ubuntu (3.14t)	Run tests	2026-05-19T19:35:07.2496371Z tests/unit/orchestration/test_registry.py::test_read_registry_lock_invalid_json PASSED [ 88%]
test-ubuntu (3.14t)	Run tests	2026-05-19T19:35:07.2524459Z tests/unit/orchestration/test_registry.py::test_read_registry_lock_missing PASSED [ 88%]
test-ubuntu (3.14t)	Run tests	2026-05-19T19:35:07.2679882Z tests/unit/test_infrastructure.py::test_deployment_continuum_helm_values PASSED [ 89%]
test-ubuntu (3.14t)	Run tests	2026-05-19T19:35:07.2968687Z tests/unit/test_infrastructure.py::test_edge_compose_integrity PASSED    [ 90%]
test-ubuntu (3.14t)	Run tests	2026-05-19T19:35:09.9901133Z tests/unit/test_main.py::test_main_execution FAILED                      [ 91%]
test-ubuntu (3.14t)	Run tests	2026-05-19T19:35:09.9942385Z tests/unit/utils/test_telemetry.py::test_bind_epistemic_context PASSED   [ 92%]
test-ubuntu (3.14t)	Run tests	2026-05-19T19:35:10.0050754Z tests/unit/utils/test_telemetry.py::test_intercept_handler PASSED        [ 92%]
test-ubuntu (3.14t)	Run tests	2026-05-19T19:35:10.0065249Z tests/unit/utils/test_telemetry.py::test_patch_record PASSED             [ 93%]
test-ubuntu (3.14t)	Run tests	2026-05-19T19:35:10.0079351Z tests/unit/utils/test_telemetry.py::test_redaction_filter_dev PASSED     [ 94%]
test-ubuntu (3.14t)	Run tests	2026-05-19T19:35:10.0092886Z tests/unit/utils/test_telemetry.py::test_redaction_filter_prod PASSED    [ 95%]
test-ubuntu (3.14t)	Run tests	2026-05-19T19:35:10.0124394Z tests/unit/utils/test_telemetry.py::test_telemetry_model_success PASSED  [ 96%]
test-ubuntu (3.14t)	Run tests	2026-05-19T19:35:10.0171250Z tests/unit/utils/test_telemetry.py::test_telemetry_model_failure_diagnostics PASSED [ 96%]
test-ubuntu (3.14t)	Run tests	2026-05-19T19:35:10.0205817Z tests/unit/utils/test_telemetry.py::test_telemetry_model_failure_no_diagnostics PASSED [ 97%]
test-ubuntu (3.14t)	Run tests	2026-05-19T19:35:10.0220970Z tests/unit/utils/test_telemetry.py::test_logger_patch_record_none PASSED [ 98%]
test-ubuntu (3.14t)	Run tests	2026-05-19T19:35:10.0235389Z tests/unit/utils/test_telemetry.py::test_emit_span_event PASSED          [ 99%]
test-ubuntu (3.14t)	Run tests	2026-05-19T19:35:33.5808567Z /home/runner/work/coreason-ecosystem/coreason-ecosystem/.venv/lib/python3.14t/site-packages/_pytest/unraisableexception.py:33: RuntimeWarning: coroutine 'Client.connect' was never awaited
test-ubuntu (3.14t)	Run tests	2026-05-19T19:35:33.5855006Z   gc.collect()
test-ubuntu (3.14t)	Run tests	2026-05-19T19:35:33.5855710Z RuntimeWarning: Enable tracemalloc to get the object allocation traceback
test-ubuntu (3.14t)	Run tests	2026-05-19T19:35:33.8853240Z tests/unit/utils/test_utils.py::test_logger_exists_and_functions PASSED  [100%]
test-ubuntu (3.14t)	Run tests	2026-05-19T19:35:33.8854632Z 
test-ubuntu (3.14t)	Run tests	2026-05-19T19:35:33.8855062Z =================================== FAILURES ===================================
test-ubuntu (3.14t)	Run tests	2026-05-19T19:35:33.8856319Z _____________________________ test_main_execution ______________________________
test-ubuntu (3.14t)	Run tests	2026-05-19T19:35:33.8863009Z 
test-ubuntu (3.14t)	Run tests	2026-05-19T19:35:33.8863761Z     def test_main_execution() -> None:
test-ubuntu (3.14t)	Run tests	2026-05-19T19:35:33.8864758Z         # Execute the CLI physically to satisfy Anti-Mocking "Real Test" Directive
test-ubuntu (3.14t)	Run tests	2026-05-19T19:35:33.8865584Z         result = subprocess.run(
test-ubuntu (3.14t)	Run tests	2026-05-19T19:35:33.8866996Z             [sys.executable, "-m", "coreason_ecosystem", "--help"],
test-ubuntu (3.14t)	Run tests	2026-05-19T19:35:33.8871136Z             capture_output=True,
test-ubuntu (3.14t)	Run tests	2026-05-19T19:35:33.8871923Z             text=True,
test-ubuntu (3.14t)	Run tests	2026-05-19T19:35:33.8872421Z             check=True,
test-ubuntu (3.14t)	Run tests	2026-05-19T19:35:33.8874350Z         )
test-ubuntu (3.14t)	Run tests	2026-05-19T19:35:33.8876277Z >       assert "Usage: coreason" in result.stdout
test-ubuntu (3.14t)	Run tests	2026-05-19T19:35:33.8894412Z E       AssertionError: assert 'Usage: coreason' in '\x1b[1m                                                                                \x1b[0m\n\x1b[1m \x1b[0m\x1b[1;33mUsage: \x1b[0m\x1b[1mcoreason [OPTIONS] COMMAND [ARGS]...\x1b[0m\x1b[1m                                   \x1b[0m\x1b[1m \x1b[0m\n\x1b[1m                                                                                \x1b[0m\n CoReason Meta-Orchestrator Control Plane                                       \n                                                                                \n\x1b[2mΓò¡ΓöÇ\x1b[0m\x1b[2m Options \x1b[0m\x1b[2mΓöÇΓöÇΓöÇΓöÇΓöÇΓöÇΓöÇΓöÇΓöÇΓöÇΓöÇΓöÇΓöÇΓöÇΓöÇΓöÇΓöÇΓöÇΓöÇΓöÇΓöÇΓöÇΓöÇΓöÇΓöÇΓöÇΓöÇΓöÇΓöÇΓöÇΓöÇΓöÇΓöÇΓöÇΓöÇΓöÇΓöÇΓöÇΓöÇΓöÇΓöÇΓöÇΓöÇΓöÇΓöÇΓöÇΓöÇΓöÇΓöÇΓöÇΓöÇΓöÇΓöÇΓöÇΓöÇΓöÇΓöÇΓöÇΓöÇΓöÇΓöÇΓöÇΓöÇΓöÇΓöÇΓöÇΓöÇ\x1b[0m\x1b[2mΓöÇΓò«\x1b[0m\n\x1b[2mΓöé\x1b[0m \x1b[1;36m-\x1b[0m\x1b[1;36m-version\x1b[0m             \x1b[1;32m-V\x1b[0m        Show the active hypervisor version.          \x1b[2mΓöé\x1b[0m\n\x1b[2mΓöé\x1b[0m \x1b[1;36m-\x1b[0m\x1b[1;36m-install\x1b[0m\x1b[1;36m-completion\x1b[0m            Install completion for the current shell.    \x1b[2mΓöé\x1b[0m\n\x1b[2mΓöé\x1b[0m \x1b[1;36m-\x1b[0m\x1b[1;36m-show\x1b[0m\x1b[1;36m-completion\x1b[0m               Show completion for the current shell, to    \x1b[2mΓöé\x1b[0m\n\x1b[2mΓöé\x1b[0m                                 copy it or custom...1b[0m\x1b[1;36m \x1b[0m Prove Ontological Isomorphism across the Tripartite Manifold.       \x1b[2mΓöé\x1b[0m\n\x1b[2mΓöé\x1b[0m \x1b[1;36msync   \x1b[0m\x1b[1;36m \x1b[0m Autonomically heal Ontological Drift by synchronizing schemas,      \x1b[2mΓöé\x1b[0m\n\x1b[2mΓöé\x1b[0m \x1b[1;36m        \x1b[0m recompiling capabilities, and restarting the daemon.                \x1b[2mΓöé\x1b[0m\n\x1b[2mΓöé\x1b[0m \x1b[1;36mpi     \x1b[0m\x1b[1;36m \x1b[0m Launch the pi.dev Sovereign Developer Console.                      \x1b[2mΓöé\x1b[0m\n\x1b[2mΓöé\x1b[0m \x1b[1;36mfleet  \x1b[0m\x1b[1;36m \x1b[0m Manage the autonomic Cognitive Entity compute fleet.                \x1b[2mΓöé\x1b[0m\n\x1b[2mΓöé\x1b[0m \x1b[1;36mdocs   \x1b[0m\x1b[1;36m \x1b[0m Epistemic Documentation Pipeline                                    \x1b[2mΓöé\x1b[0m\n\x1b[2mΓöé\x1b[0m \x1b[1;36mlicense\x1b[0m\x1b[1;36m \x1b[0m Sovereign Commercial License Management                             \x1b[2mΓöé\x1b[0m\n\x1b[2mΓöé\x1b[0m \x1b[1;36mdistr  \x1b[0m\x1b[1;36m \x1b[0m Distr Internal Billing & Provisioning Backend                       \x1b[2mΓöé\x1b[0m\n\x1b[2mΓò░ΓöÇΓöÇΓöÇΓöÇΓöÇΓöÇΓöÇΓöÇΓöÇΓöÇΓöÇΓöÇΓöÇΓöÇΓöÇΓöÇΓöÇΓöÇΓöÇΓöÇΓöÇΓöÇΓöÇΓöÇΓöÇΓöÇΓöÇΓöÇΓöÇΓöÇΓöÇΓöÇΓöÇΓöÇΓöÇΓöÇΓöÇΓöÇΓöÇΓöÇΓöÇΓöÇΓöÇΓöÇΓöÇΓöÇΓöÇΓöÇΓöÇΓöÇΓöÇΓöÇΓöÇΓöÇΓöÇΓöÇΓöÇΓöÇΓöÇΓöÇΓöÇΓöÇΓöÇΓöÇΓöÇΓöÇΓöÇΓöÇΓöÇΓöÇΓöÇΓöÇΓöÇΓöÇΓöÇΓöÇΓöÇΓöÇΓò»\x1b[0m\n\n'
test-ubuntu (3.14t)	Run tests	2026-05-19T19:35:33.8934171Z E        +  where '\x1b[1m                                                                                \x1b[0m\n\x1b[1m \x1b[0m\x1b[1;33mUsage: \x1b[0m\x1b[1mcoreason [OPTIONS] COMMAND [ARGS]...\x1b[0m\x1b[1m                                   \x1b[0m\x1b[1m \x1b[0m\n\x1b[1m                                                                                \x1b[0m\n CoReason Meta-Orchestrator Control Plane                                       \n                                                                                \n\x1b[2mΓò¡ΓöÇ\x1b[0m\x1b[2m Options \x1b[0m\x1b[2mΓöÇΓöÇΓöÇΓöÇΓöÇΓöÇΓöÇΓöÇΓöÇΓöÇΓöÇΓöÇΓöÇΓöÇΓöÇΓöÇΓöÇΓöÇΓöÇΓöÇΓöÇΓöÇΓöÇΓöÇΓöÇΓöÇΓöÇΓöÇΓöÇΓöÇΓöÇΓöÇΓöÇΓöÇΓöÇΓöÇΓöÇΓöÇΓöÇΓöÇΓöÇΓöÇΓöÇΓöÇΓöÇΓöÇΓöÇΓöÇΓöÇΓöÇΓöÇΓöÇΓöÇΓöÇΓöÇΓöÇΓöÇΓöÇΓöÇΓöÇΓöÇΓöÇΓöÇΓöÇΓöÇΓöÇΓöÇ\x1b[0m\x1b[2mΓöÇΓò«\x1b[0m\n\x1b[2mΓöé\x1b[0m \x1b[1;36m-\x1b[0m\x1b[1;36m-version\x1b[0m             \x1b[1;32m-V\x1b[0m        Show the active hypervisor version.          \x1b[2mΓöé\x1b[0m\n\x1b[2mΓöé\x1b[0m \x1b[1;36m-\x1b[0m\x1b[1;36m-install\x1b[0m\x1b[1;36m-completion\x1b[0m            Install completion for the current shell.    \x1b[2mΓöé\x1b[0m\n\x1b[2mΓöé\x1b[0m \x1b[1;36m-\x1b[0m\x1b[1;36m-show\x1b[0m\x1b[1;36m-completion\x1b[0m               Show completion for the current shell, to    \x1b[2mΓöé\x1b[0m\n\x1b[2mΓöé\x1b[0m                                 copy it or custom...1b[0m\x1b[1;36m \x1b[0m Prove Ontological Isomorphism across the Tripartite Manifold.       \x1b[2mΓöé\x1b[0m\n\x1b[2mΓöé\x1b[0m \x1b[1;36msync   \x1b[0m\x1b[1;36m \x1b[0m Autonomically heal Ontological Drift by synchronizing schemas,      \x1b[2mΓöé\x1b[0m\n\x1b[2mΓöé\x1b[0m \x1b[1;36m        \x1b[0m recompiling capabilities, and restarting the daemon.                \x1b[2mΓöé\x1b[0m\n\x1b[2mΓöé\x1b[0m \x1b[1;36mpi     \x1b[0m\x1b[1;36m \x1b[0m Launch the pi.dev Sovereign Developer Console.                      \x1b[2mΓöé\x1b[0m\n\x1b[2mΓöé\x1b[0m \x1b[1;36mfleet  \x1b[0m\x1b[1;36m \x1b[0m Manage the autonomic Cognitive Entity compute fleet.                \x1b[2mΓöé\x1b[0m\n\x1b[2mΓöé\x1b[0m \x1b[1;36mdocs   \x1b[0m\x1b[1;36m \x1b[0m Epistemic Documentation Pipeline                                    \x1b[2mΓöé\x1b[0m\n\x1b[2mΓöé\x1b[0m \x1b[1;36mlicense\x1b[0m\x1b[1;36m \x1b[0m Sovereign Commercial License Management                             \x1b[2mΓöé\x1b[0m\n\x1b[2mΓöé\x1b[0m \x1b[1;36mdistr  \x1b[0m\x1b[1;36m \x1b[0m Distr Internal Billing & Provisioning Backend                       \x1b[2mΓöé\x1b[0m\n\x1b[2mΓò░ΓöÇΓöÇΓöÇΓöÇΓöÇΓöÇΓöÇΓöÇΓöÇΓöÇΓöÇΓöÇΓöÇΓöÇΓöÇΓöÇΓöÇΓöÇΓöÇΓöÇΓöÇΓöÇΓöÇΓöÇΓöÇΓöÇΓöÇΓöÇΓöÇΓöÇΓöÇΓöÇΓöÇΓöÇΓöÇΓöÇΓöÇΓöÇΓöÇΓöÇΓöÇΓöÇΓöÇΓöÇΓöÇΓöÇΓöÇΓöÇΓöÇΓöÇΓöÇΓöÇΓöÇΓöÇΓöÇΓöÇΓöÇΓöÇΓöÇΓöÇΓöÇΓöÇΓöÇΓöÇΓöÇΓöÇΓöÇΓöÇΓöÇΓöÇΓöÇΓöÇΓöÇΓöÇΓöÇΓöÇΓöÇΓöÇΓò»\x1b[0m\n\n' = CompletedProcess(args=['/home/runner/work/coreason-ecosystem/coreason-ecosystem/.venv/bin/python', '-m', 'coreason_ecosystem', '--help'], returncode=0, stdout='\x1b[1m                                                                                \x1b[0m\n\x1b[1m \x1b[0m\x1b[1;33mUsage: \x1b[0m\x1b[1mcoreason [OPTIONS] COMMAND [ARGS]...\x1b[0m\x1b[1m                                   \x1b[0m\x1b[1m \x1b[0m\n\x1b[1m                                                                                \x1b[0m\n CoReason Meta-Orchestrator Control Plane                                       \n                                                                                \n\x1b[2mΓò¡ΓöÇ\x1b[0m\x1b[2m Options \x1b[0m\x1b[2mΓöÇΓöÇΓöÇΓöÇΓöÇΓöÇΓöÇΓöÇΓöÇΓöÇΓöÇΓöÇΓöÇΓöÇΓöÇΓöÇΓöÇΓöÇΓöÇΓöÇΓöÇΓöÇΓöÇΓöÇΓöÇΓöÇΓöÇΓöÇΓöÇΓöÇΓöÇΓöÇΓöÇΓöÇΓöÇΓöÇΓöÇΓöÇΓöÇΓöÇΓöÇΓöÇΓöÇΓöÇΓöÇΓöÇΓöÇΓöÇΓöÇΓöÇΓöÇΓöÇΓöÇΓöÇΓöÇΓöÇΓöÇΓöÇΓöÇΓöÇΓöÇΓöÇΓöÇΓöÇΓöÇΓöÇΓöÇ\x1b[0m\x1b[2mΓöÇΓò«\x1b[0m\n\x1b[2mΓöé\x1b[0m \x1b[1;36m-\x1b[0m\x1b[1;36m-version\x1b[0m             \x1b[1;32m-V\x1b[0m        Show the active hypervisor version.          \x1b[2mΓöé\x1b[0m\n\x1b[2mΓöé\x1b[0m \x1b[1;36m-\x1b[0m\x1b[1;36m-install\x1b[0m\x1b[1;36m-completion\x1b[0m            Install completion for the current shell.    \x1b[2mΓöé\x1b[0m\n\x1b[2mΓöé\x1b[0m \x1b[1;36m-\x1b[0m\x1b[1;36m-show\x1b[0m\x1b[1;36m-...36m \x1b[0m Prove Ontological Isomorphism across the Tripartite Manifold.       \x1b[2mΓöé\x1b[0m\n\x1b[2mΓöé\x1b[0m \x1b[1;36msync   \x1b[0m\x1b[1;36m \x1b[0m Autonomically heal Ontological Drift by synchronizing schemas,      \x1b[2mΓöé\x1b[0m\n\x1b[2mΓöé\x1b[0m \x1b[1;36m        \x1b[0m recompiling capabilities, and restarting the daemon.                \x1b[2mΓöé\x1b[0m\n\x1b[2mΓöé\x1b[0m \x1b[1;36mpi     \x1b[0m\x1b[1;36m \x1b[0m Launch the pi.dev Sovereign Developer Console.                      \x1b[2mΓöé\x1b[0m\n\x1b[2mΓöé\x1b[0m \x1b[1;36mfleet  \x1b[0m\x1b[1;36m \x1b[0m Manage the autonomic Cognitive Entity compute fleet.                \x1b[2mΓöé\x1b[0m\n\x1b[2mΓöé\x1b[0m \x1b[1;36mdocs   \x1b[0m\x1b[1;36m \x1b[0m Epistemic Documentation Pipeline                                    \x1b[2mΓöé\x1b[0m\n\x1b[2mΓöé\x1b[0m \x1b[1;36mlicense\x1b[0m\x1b[1;36m \x1b[0m Sovereign Commercial License Management                             \x1b[2mΓöé\x1b[0m\n\x1b[2mΓöé\x1b[0m \x1b[1;36mdistr  \x1b[0m\x1b[1;36m \x1b[0m Distr Internal Billing & Provisioning Backend                       \x1b[2mΓöé\x1b[0m\n\x1b[2mΓò░ΓöÇΓöÇΓöÇΓöÇΓöÇΓöÇΓöÇΓöÇΓöÇΓöÇΓöÇΓöÇΓöÇΓöÇΓöÇΓöÇΓöÇΓöÇΓöÇΓöÇΓöÇΓöÇΓöÇΓöÇΓöÇΓöÇΓöÇΓöÇΓöÇΓöÇΓöÇΓöÇΓöÇΓöÇΓöÇΓöÇΓöÇΓöÇΓöÇΓöÇΓöÇΓöÇΓöÇΓöÇΓöÇΓöÇΓöÇΓöÇΓöÇΓöÇΓöÇΓöÇΓöÇΓöÇΓöÇΓöÇΓöÇΓöÇΓöÇΓöÇΓöÇΓöÇΓöÇΓöÇΓöÇΓöÇΓöÇΓöÇΓöÇΓöÇΓöÇΓöÇΓöÇΓöÇΓöÇΓöÇΓöÇΓöÇΓò»\x1b[0m\n\n', stderr='').stdout
test-ubuntu (3.14t)	Run tests	2026-05-19T19:35:33.8957169Z 
test-ubuntu (3.14t)	Run tests	2026-05-19T19:35:33.8957376Z tests/unit/test_main.py:13: AssertionError
test-ubuntu (3.14t)	Run tests	2026-05-19T19:35:33.8958017Z ----------------------------- Captured stderr call -----------------------------
test-ubuntu (3.14t)	Run tests	2026-05-19T19:35:33.8960787Z 2026-05-19 19:35:07 | WARNING  | opentelemetry.exporter.otlp.proto.http._log_exporter:export:222 - Transient error HTTPConnectionPool(host='localhost', port=4318): Max retries exceeded with url: /v1/logs (Caused by NewConnectionError("HTTPConnection(host='localhost', port=4318): Failed to establish a new connection: [Errno 111] Connection refused")) encountered while exporting logs batch, retrying in 0.88s.
test-ubuntu (3.14t)	Run tests	2026-05-19T19:35:33.8964859Z ------------------------------ Captured log call -------------------------------
test-ubuntu (3.14t)	Run tests	2026-05-19T19:35:33.8965879Z DEBUG    urllib3.connectionpool:connectionpool.py:241 Starting new HTTP connection (9): localhost:4318
test-ubuntu (3.14t)	Run tests	2026-05-19T19:35:33.8967480Z DEBUG    urllib3.connectionpool:connectionpool.py:241 Starting new HTTP connection (10): localhost:4318
test-ubuntu (3.14t)	Run tests	2026-05-19T19:35:33.8970306Z WARNING  opentelemetry.exporter.otlp.proto.http._log_exporter:__init__.py:222 Transient error HTTPConnectionPool(host='localhost', port=4318): Max retries exceeded with url: /v1/logs (Caused by NewConnectionError("HTTPConnection(host='localhost', port=4318): Failed to establish a new connection: [Errno 111] Connection refused")) encountered while exporting logs batch, retrying in 0.88s.
test-ubuntu (3.14t)	Run tests	2026-05-19T19:35:33.8973181Z DEBUG    urllib3.connectionpool:connectionpool.py:241 Starting new HTTP connection (11): localhost:4318
test-ubuntu (3.14t)	Run tests	2026-05-19T19:35:33.8974641Z DEBUG    urllib3.connectionpool:connectionpool.py:241 Starting new HTTP connection (12): localhost:4318
test-ubuntu (3.14t)	Run tests	2026-05-19T19:35:33.8975902Z =============================== warnings summary ===============================
test-ubuntu (3.14t)	Run tests	2026-05-19T19:35:33.8976464Z <string>:1
test-ubuntu (3.14t)	Run tests	2026-05-19T19:35:33.8977966Z   <string>:1: PydanticDeprecatedSince20: `max_items` is deprecated and will be removed, use `max_length` instead. Deprecated in Pydantic V2.0 to be removed in V3.0. See Pydantic V2 Migration Guide at https://errors.pydantic.dev/2.13/migration/
test-ubuntu (3.14t)	Run tests	2026-05-19T19:35:33.8979436Z 
test-ubuntu (3.14t)	Run tests	2026-05-19T19:35:33.8979868Z .venv/lib/python3.14t/site-packages/opentelemetry/sdk/_logs/_internal/__init__.py:547
test-ubuntu (3.14t)	Run tests	2026-05-19T19:35:33.8982140Z   /home/runner/work/coreason-ecosystem/coreason-ecosystem/.venv/lib/python3.14t/site-packages/opentelemetry/sdk/_logs/_internal/__init__.py:547: DeprecationWarning: `LoggingHandler` in `opentelemetry-sdk` is deprecated. Use the handler from `opentelemetry-instrumentation-logging` instead.
test-ubuntu (3.14t)	Run tests	2026-05-19T19:35:33.8984492Z     warnings.warn(
test-ubuntu (3.14t)	Run tests	2026-05-19T19:35:33.8984721Z 
test-ubuntu (3.14t)	Run tests	2026-05-19T19:35:33.8985068Z -- Docs: https://docs.pytest.org/en/stable/how-to/capture-warnings.html
test-ubuntu (3.14t)	Run tests	2026-05-19T19:35:33.8986733Z ================================ tests coverage ================================
test-ubuntu (3.14t)	Run tests	2026-05-19T19:35:33.8987528Z _______________ coverage: platform linux, python 3.14.5-final-0 ________________
test-ubuntu (3.14t)	Run tests	2026-05-19T19:35:33.8988029Z 
test-ubuntu (3.14t)	Run tests	2026-05-19T19:35:33.8988296Z Name                                                        Stmts   Miss  Cover   Missing
test-ubuntu (3.14t)	Run tests	2026-05-19T19:35:33.8989027Z -----------------------------------------------------------------------------------------
test-ubuntu (3.14t)	Run tests	2026-05-19T19:35:33.8989845Z src/coreason_ecosystem/__init__.py                              5      0   100%
test-ubuntu (3.14t)	Run tests	2026-05-19T19:35:33.8990681Z src/coreason_ecosystem/__main__.py                              3      3     0%   11-14
test-ubuntu (3.14t)	Run tests	2026-05-19T19:35:33.8991607Z src/coreason_ecosystem/auth/distr_provisioning.py              51      2    96%   91, 105
test-ubuntu (3.14t)	Run tests	2026-05-19T19:35:33.8992533Z src/coreason_ecosystem/auth/identity_manager.py                17      0   100%
test-ubuntu (3.14t)	Run tests	2026-05-19T19:35:33.8993439Z src/coreason_ecosystem/auth/jwt_compat.py                      32     17    47%   31-32, 43-61
test-ubuntu (3.14t)	Run tests	2026-05-19T19:35:33.8994712Z src/coreason_ecosystem/auth/license_validator.py               52     20    62%   34-41, 57, 84-111
test-ubuntu (3.14t)	Run tests	2026-05-19T19:35:33.8995711Z src/coreason_ecosystem/cli.py                                  74     16    78%   146-154, 190-195, 232-243
test-ubuntu (3.14t)	Run tests	2026-05-19T19:35:33.8996614Z src/coreason_ecosystem/docs_generator.py                       20      0   100%
test-ubuntu (3.14t)	Run tests	2026-05-19T19:35:33.8997521Z src/coreason_ecosystem/federation/__init__.py                   5      5     0%   19-31
test-ubuntu (3.14t)	Run tests	2026-05-19T19:35:33.8998451Z src/coreason_ecosystem/fleet/__init__.py                        0      0   100%
test-ubuntu (3.14t)	Run tests	2026-05-19T19:35:33.8999332Z src/coreason_ecosystem/fleet/daemon.py                         62      0   100%
test-ubuntu (3.14t)	Run tests	2026-05-19T19:35:33.9000795Z src/coreason_ecosystem/fleet/skypilot_actuator.py             127     33    74%   37-42, 93-105, 111-119, 260-274, 290, 296-297, 303, 309-310
test-ubuntu (3.14t)	Run tests	2026-05-19T19:35:33.9001950Z src/coreason_ecosystem/gateway/__init__.py                      2      0   100%
test-ubuntu (3.14t)	Run tests	2026-05-19T19:35:33.9002864Z src/coreason_ecosystem/gateway/semantic_router.py              31      0   100%
test-ubuntu (3.14t)	Run tests	2026-05-19T19:35:33.9004249Z src/coreason_ecosystem/gateway/state_manifests.py              14      0   100%
test-ubuntu (3.14t)	Run tests	2026-05-19T19:35:33.9005224Z src/coreason_ecosystem/orchestration/chaos.py                  27      2    93%   62-63
test-ubuntu (3.14t)	Run tests	2026-05-19T19:35:33.9006279Z src/coreason_ecosystem/orchestration/isomorphism_probe.py      68      3    96%   60, 88-89
test-ubuntu (3.14t)	Run tests	2026-05-19T19:35:33.9007291Z src/coreason_ecosystem/orchestration/registry.py               39      0   100%
test-ubuntu (3.14t)	Run tests	2026-05-19T19:35:33.9008170Z src/coreason_ecosystem/orchestration/sync.py                   22      0   100%
test-ubuntu (3.14t)	Run tests	2026-05-19T19:35:33.9009083Z src/coreason_ecosystem/orchestration/up.py                     68      3    96%   129-132
test-ubuntu (3.14t)	Run tests	2026-05-19T19:35:33.9009990Z src/coreason_ecosystem/utils/__init__.py                        0      0   100%
test-ubuntu (3.14t)	Run tests	2026-05-19T19:35:33.9010832Z src/coreason_ecosystem/utils/logger.py                         43      0   100%
test-ubuntu (3.14t)	Run tests	2026-05-19T19:35:33.9011725Z src/coreason_ecosystem/utils/telemetry.py                      87      2    98%   185-186
test-ubuntu (3.14t)	Run tests	2026-05-19T19:35:33.9012631Z src/coreason_ecosystem/wasmcloud/__init__.py                    0      0   100%
test-ubuntu (3.14t)	Run tests	2026-05-19T19:35:33.9013831Z src/coreason_ecosystem/wasmcloud/gateway_provider.py           82     50    39%   84-93, 97-99, 136-195, 209-245
test-ubuntu (3.14t)	Run tests	2026-05-19T19:35:33.9014913Z src/coreason_ecosystem/wasmcloud/nats_federation.py            86     86     0%   34-331
test-ubuntu (3.14t)	Run tests	2026-05-19T19:35:33.9016110Z src/coreason_ecosystem/wasmcloud/nats_registry.py             100     68    32%   71-74, 78-97, 101-103, 125-143, 157-170, 176-180, 184-199, 215-244
test-ubuntu (3.14t)	Run tests	2026-05-19T19:35:33.9017477Z -----------------------------------------------------------------------------------------
test-ubuntu (3.14t)	Run tests	2026-05-19T19:35:33.9018275Z TOTAL                                                        1117    310    72%
test-ubuntu (3.14t)	Run tests	2026-05-19T19:35:33.9018843Z Coverage HTML written to dir htmlcov
test-ubuntu (3.14t)	Run tests	2026-05-19T19:35:33.9019323Z Coverage XML written to file coverage.xml
test-ubuntu (3.14t)	Run tests	2026-05-19T19:35:33.9019888Z =========================== short test summary info ============================
test-ubuntu (3.14t)	Run tests	2026-05-19T19:35:33.9036115Z FAILED tests/unit/test_main.py::test_main_execution - AssertionError: assert 'Usage: coreason' in '\x1b[1m                                                                                \x1b[0m\n\x1b[1m \x1b[0m\x1b[1;33mUsage: \x1b[0m\x1b[1mcoreason [OPTIONS] COMMAND [ARGS]...\x1b[0m\x1b[1m                                   \x1b[0m\x1b[1m \x1b[0m\n\x1b[1m                                                                                \x1b[0m\n CoReason Meta-Orchestrator Control Plane                                       \n                                                                                \n\x1b[2mΓò¡ΓöÇ\x1b[0m\x1b[2m Options \x1b[0m\x1b[2mΓöÇΓöÇΓöÇΓöÇΓöÇΓöÇΓöÇΓöÇΓöÇΓöÇΓöÇΓöÇΓöÇΓöÇΓöÇΓöÇΓöÇΓöÇΓöÇΓöÇΓöÇΓöÇΓöÇΓöÇΓöÇΓöÇΓöÇΓöÇΓöÇΓöÇΓöÇΓöÇΓöÇΓöÇΓöÇΓöÇΓöÇΓöÇΓöÇΓöÇΓöÇΓöÇΓöÇΓöÇΓöÇΓöÇΓöÇΓöÇΓöÇΓöÇΓöÇΓöÇΓöÇΓöÇΓöÇΓöÇΓöÇΓöÇΓöÇΓöÇΓöÇΓöÇΓöÇΓöÇΓöÇΓöÇΓöÇ\x1b[0m\x1b[2mΓöÇΓò«\x1b[0m\n\x1b[2mΓöé\x1b[0m \x1b[1;36m-\x1b[0m\x1b[1;36m-version\x1b[0m             \x1b[1;32m-V\x1b[0m        Show the active hypervisor version.          \x1b[2mΓöé\x1b[0m\n\x1b[2mΓöé\x1b[0m \x1b[1;36m-\x1b[0m\x1b[1;36m-install\x1b[0m\x1b[1;36m-completion\x1b[0m            Install completion for the current shell.    \x1b[2mΓöé\x1b[0m\n\x1b[2mΓöé\x1b[0m \x1b[1;36m-\x1b[0m\x1b[1;36m-show\x1b[0m\x1b[1;36m-completion\x1b[0m               Show completion for the current shell, to    \x1b[2mΓöé\x1b[0m\n\x1b[2mΓöé\x1b[0m                                 copy it or custom...1b[0m\x1b[1;36m \x1b[0m Prove Ontological Isomorphism across the Tripartite Manifold.       \x1b[2mΓöé\x1b[0m\n\x1b[2mΓöé\x1b[0m \x1b[1;36msync   \x1b[0m\x1b[1;36m \x1b[0m Autonomically heal Ontological Drift by synchronizing schemas,      \x1b[2mΓöé\x1b[0m\n\x1b[2mΓöé\x1b[0m \x1b[1;36m        \x1b[0m recompiling capabilities, and restarting the daemon.                \x1b[2mΓöé\x1b[0m\n\x1b[2mΓöé\x1b[0m \x1b[1;36mpi     \x1b[0m\x1b[1;36m \x1b[0m Launch the pi.dev Sovereign Developer Console.                      \x1b[2mΓöé\x1b[0m\n\x1b[2mΓöé\x1b[0m \x1b[1;36mfleet  \x1b[0m\x1b[1;36m \x1b[0m Manage the autonomic Cognitive Entity compute fleet.                \x1b[2mΓöé\x1b[0m\n\x1b[2mΓöé\x1b[0m \x1b[1;36mdocs   \x1b[0m\x1b[1;36m \x1b[0m Epistemic Documentation Pipeline                                    \x1b[2mΓöé\x1b[0m\n\x1b[2mΓöé\x1b[0m \x1b[1;36mlicense\x1b[0m\x1b[1;36m \x1b[0m Sovereign Commercial License Management                             \x1b[2mΓöé\x1b[0m\n\x1b[2mΓöé\x1b[0m \x1b[1;36mdistr  \x1b[0m\x1b[1;36m \x1b[0m Distr Internal Billing & Provisioning Backend                       \x1b[2mΓöé\x1b[0m\n\x1b[2mΓò░ΓöÇΓöÇΓöÇΓöÇΓöÇΓöÇΓöÇΓöÇΓöÇΓöÇΓöÇΓöÇΓöÇΓöÇΓöÇΓöÇΓöÇΓöÇΓöÇΓöÇΓöÇΓöÇΓöÇΓöÇΓöÇΓöÇΓöÇΓöÇΓöÇΓöÇΓöÇΓöÇΓöÇΓöÇΓöÇΓöÇΓöÇΓöÇΓöÇΓöÇΓöÇΓöÇΓöÇΓöÇΓöÇΓöÇΓöÇΓöÇΓöÇΓöÇΓöÇΓöÇΓöÇΓöÇΓöÇΓöÇΓöÇΓöÇΓöÇΓöÇΓöÇΓöÇΓöÇΓöÇΓöÇΓöÇΓöÇΓöÇΓöÇΓöÇΓöÇΓöÇΓöÇΓöÇΓöÇΓöÇΓöÇΓöÇΓò»\x1b[0m\n\n'
test-ubuntu (3.14t)	Run tests	2026-05-19T19:35:33.9075360Z  +  where '\x1b[1m                                                                                \x1b[0m\n\x1b[1m \x1b[0m\x1b[1;33mUsage: \x1b[0m\x1b[1mcoreason [OPTIONS] COMMAND [ARGS]...\x1b[0m\x1b[1m                                   \x1b[0m\x1b[1m \x1b[0m\n\x1b[1m                                                                                \x1b[0m\n CoReason Meta-Orchestrator Control Plane                                       \n                                                                                \n\x1b[2mΓò¡ΓöÇ\x1b[0m\x1b[2m Options \x1b[0m\x1b[2mΓöÇΓöÇΓöÇΓöÇΓöÇΓöÇΓöÇΓöÇΓöÇΓöÇΓöÇΓöÇΓöÇΓöÇΓöÇΓöÇΓöÇΓöÇΓöÇΓöÇΓöÇΓöÇΓöÇΓöÇΓöÇΓöÇΓöÇΓöÇΓöÇΓöÇΓöÇΓöÇΓöÇΓöÇΓöÇΓöÇΓöÇΓöÇΓöÇΓöÇΓöÇΓöÇΓöÇΓöÇΓöÇΓöÇΓöÇΓöÇΓöÇΓöÇΓöÇΓöÇΓöÇΓöÇΓöÇΓöÇΓöÇΓöÇΓöÇΓöÇΓöÇΓöÇΓöÇΓöÇΓöÇΓöÇΓöÇ\x1b[0m\x1b[2mΓöÇΓò«\x1b[0m\n\x1b[2mΓöé\x1b[0m \x1b[1;36m-\x1b[0m\x1b[1;36m-version\x1b[0m             \x1b[1;32m-V\x1b[0m        Show the active hypervisor version.          \x1b[2mΓöé\x1b[0m\n\x1b[2mΓöé\x1b[0m \x1b[1;36m-\x1b[0m\x1b[1;36m-install\x1b[0m\x1b[1;36m-completion\x1b[0m            Install completion for the current shell.    \x1b[2mΓöé\x1b[0m\n\x1b[2mΓöé\x1b[0m \x1b[1;36m-\x1b[0m\x1b[1;36m-show\x1b[0m\x1b[1;36m-completion\x1b[0m               Show completion for the current shell, to    \x1b[2mΓöé\x1b[0m\n\x1b[2mΓöé\x1b[0m                                 copy it or custom...1b[0m\x1b[1;36m \x1b[0m Prove Ontological Isomorphism across the Tripartite Manifold.       \x1b[2mΓöé\x1b[0m\n\x1b[2mΓöé\x1b[0m \x1b[1;36msync   \x1b[0m\x1b[1;36m \x1b[0m Autonomically heal Ontological Drift by synchronizing schemas,      \x1b[2mΓöé\x1b[0m\n\x1b[2mΓöé\x1b[0m \x1b[1;36m        \x1b[0m recompiling capabilities, and restarting the daemon.                \x1b[2mΓöé\x1b[0m\n\x1b[2mΓöé\x1b[0m \x1b[1;36mpi     \x1b[0m\x1b[1;36m \x1b[0m Launch the pi.dev Sovereign Developer Console.                      \x1b[2mΓöé\x1b[0m\n\x1b[2mΓöé\x1b[0m \x1b[1;36mfleet  \x1b[0m\x1b[1;36m \x1b[0m Manage the autonomic Cognitive Entity compute fleet.                \x1b[2mΓöé\x1b[0m\n\x1b[2mΓöé\x1b[0m \x1b[1;36mdocs   \x1b[0m\x1b[1;36m \x1b[0m Epistemic Documentation Pipeline                                    \x1b[2mΓöé\x1b[0m\n\x1b[2mΓöé\x1b[0m \x1b[1;36mlicense\x1b[0m\x1b[1;36m \x1b[0m Sovereign Commercial License Management                             \x1b[2mΓöé\x1b[0m\n\x1b[2mΓöé\x1b[0m \x1b[1;36mdistr  \x1b[0m\x1b[1;36m \x1b[0m Distr Internal Billing & Provisioning Backend                       \x1b[2mΓöé\x1b[0m\n\x1b[2mΓò░ΓöÇΓöÇΓöÇΓöÇΓöÇΓöÇΓöÇΓöÇΓöÇΓöÇΓöÇΓöÇΓöÇΓöÇΓöÇΓöÇΓöÇΓöÇΓöÇΓöÇΓöÇΓöÇΓöÇΓöÇΓöÇΓöÇΓöÇΓöÇΓöÇΓöÇΓöÇΓöÇΓöÇΓöÇΓöÇΓöÇΓöÇΓöÇΓöÇΓöÇΓöÇΓöÇΓöÇΓöÇΓöÇΓöÇΓöÇΓöÇΓöÇΓöÇΓöÇΓöÇΓöÇΓöÇΓöÇΓöÇΓöÇΓöÇΓöÇΓöÇΓöÇΓöÇΓöÇΓöÇΓöÇΓöÇΓöÇΓöÇΓöÇΓöÇΓöÇΓöÇΓöÇΓöÇΓöÇΓöÇΓöÇΓöÇΓò»\x1b[0m\n\n' = CompletedProcess(args=['/home/runner/work/coreason-ecosystem/coreason-ecosystem/.venv/bin/python', '-m', 'coreason_ecosystem', '--help'], returncode=0, stdout='\x1b[1m                                                                                \x1b[0m\n\x1b[1m \x1b[0m\x1b[1;33mUsage: \x1b[0m\x1b[1mcoreason [OPTIONS] COMMAND [ARGS]...\x1b[0m\x1b[1m                                   \x1b[0m\x1b[1m \x1b[0m\n\x1b[1m                                                                                \x1b[0m\n CoReason Meta-Orchestrator Control Plane                                       \n                                                                                \n\x1b[2mΓò¡ΓöÇ\x1b[0m\x1b[2m Options \x1b[0m\x1b[2mΓöÇΓöÇΓöÇΓöÇΓöÇΓöÇΓöÇΓöÇΓöÇΓöÇΓöÇΓöÇΓöÇΓöÇΓöÇΓöÇΓöÇΓöÇΓöÇΓöÇΓöÇΓöÇΓöÇΓöÇΓöÇΓöÇΓöÇΓöÇΓöÇΓöÇΓöÇΓöÇΓöÇΓöÇΓöÇΓöÇΓöÇΓöÇΓöÇΓöÇΓöÇΓöÇΓöÇΓöÇΓöÇΓöÇΓöÇΓöÇΓöÇΓöÇΓöÇΓöÇΓöÇΓöÇΓöÇΓöÇΓöÇΓöÇΓöÇΓöÇΓöÇΓöÇΓöÇΓöÇΓöÇΓöÇΓöÇ\x1b[0m\x1b[2mΓöÇΓò«\x1b[0m\n\x1b[2mΓöé\x1b[0m \x1b[1;36m-\x1b[0m\x1b[1;36m-version\x1b[0m             \x1b[1;32m-V\x1b[0m        Show the active hypervisor version.          \x1b[2mΓöé\x1b[0m\n\x1b[2mΓöé\x1b[0m \x1b[1;36m-\x1b[0m\x1b[1;36m-install\x1b[0m\x1b[1;36m-completion\x1b[0m            Install completion for the current shell.    \x1b[2mΓöé\x1b[0m\n\x1b[2mΓöé\x1b[0m \x1b[1;36m-\x1b[0m\x1b[1;36m-show\x1b[0m\x1b[1;36m-...36m \x1b[0m Prove Ontological Isomorphism across the Tripartite Manifold.       \x1b[2mΓöé\x1b[0m\n\x1b[2mΓöé\x1b[0m \x1b[1;36msync   \x1b[0m\x1b[1;36m \x1b[0m Autonomically heal Ontological Drift by synchronizing schemas,      \x1b[2mΓöé\x1b[0m\n\x1b[2mΓöé\x1b[0m \x1b[1;36m        \x1b[0m recompiling capabilities, and restarting the daemon.                \x1b[2mΓöé\x1b[0m\n\x1b[2mΓöé\x1b[0m \x1b[1;36mpi     \x1b[0m\x1b[1;36m \x1b[0m Launch the pi.dev Sovereign Developer Console.                      \x1b[2mΓöé\x1b[0m\n\x1b[2mΓöé\x1b[0m \x1b[1;36mfleet  \x1b[0m\x1b[1;36m \x1b[0m Manage the autonomic Cognitive Entity compute fleet.                \x1b[2mΓöé\x1b[0m\n\x1b[2mΓöé\x1b[0m \x1b[1;36mdocs   \x1b[0m\x1b[1;36m \x1b[0m Epistemic Documentation Pipeline                                    \x1b[2mΓöé\x1b[0m\n\x1b[2mΓöé\x1b[0m \x1b[1;36mlicense\x1b[0m\x1b[1;36m \x1b[0m Sovereign Commercial License Management                             \x1b[2mΓöé\x1b[0m\n\x1b[2mΓöé\x1b[0m \x1b[1;36mdistr  \x1b[0m\x1b[1;36m \x1b[0m Distr Internal Billing & Provisioning Backend                       \x1b[2mΓöé\x1b[0m\n\x1b[2mΓò░ΓöÇΓöÇΓöÇΓöÇΓöÇΓöÇΓöÇΓöÇΓöÇΓöÇΓöÇΓöÇΓöÇΓöÇΓöÇΓöÇΓöÇΓöÇΓöÇΓöÇΓöÇΓöÇΓöÇΓöÇΓöÇΓöÇΓöÇΓöÇΓöÇΓöÇΓöÇΓöÇΓöÇΓöÇΓöÇΓöÇΓöÇΓöÇΓöÇΓöÇΓöÇΓöÇΓöÇΓöÇΓöÇΓöÇΓöÇΓöÇΓöÇΓöÇΓöÇΓöÇΓöÇΓöÇΓöÇΓöÇΓöÇΓöÇΓöÇΓöÇΓöÇΓöÇΓöÇΓöÇΓöÇΓöÇΓöÇΓöÇΓöÇΓöÇΓöÇΓöÇΓöÇΓöÇΓöÇΓöÇΓöÇΓöÇΓò»\x1b[0m\n\n', stderr='').stdout
test-ubuntu (3.14t)	Run tests	2026-05-19T19:35:33.9097863Z ============ 1 failed, 120 passed, 6 skipped, 2 warnings in 39.17s =============
test-ubuntu (3.14t)	Run tests	2026-05-19T19:35:34.5906052Z ##[error]Process completed with exit code 1.
test-ubuntu (3.14t)	Container & Network Teardown (Always Execute)	∩╗┐2026-05-19T19:35:34.5956172Z ##[group]Run if command -v temporal >/dev/null 2>&1; then
test-ubuntu (3.14t)	Container & Network Teardown (Always Execute)	2026-05-19T19:35:34.5956842Z [36;1mif command -v temporal >/dev/null 2>&1; then[0m
test-ubuntu (3.14t)	Container & Network Teardown (Always Execute)	2026-05-19T19:35:34.5957404Z [36;1m  temporal operator namespace delete -n $TEMPORAL_CI_NAMESPACE --address 127.0.0.1:7233 --yes || true[0m
test-ubuntu (3.14t)	Container & Network Teardown (Always Execute)	2026-05-19T19:35:34.5957899Z [36;1mfi[0m
test-ubuntu (3.14t)	Container & Network Teardown (Always Execute)	2026-05-19T19:35:34.5958153Z [36;1mif [ -f "infrastructure/local/compose.yaml" ]; then[0m
test-ubuntu (3.14t)	Container & Network Teardown (Always Execute)	2026-05-19T19:35:34.5958574Z [36;1m  docker compose -f infrastructure/local/compose.yaml down -v || true[0m
test-ubuntu (3.14t)	Container & Network Teardown (Always Execute)	2026-05-19T19:35:34.5958927Z [36;1mfi[0m
test-ubuntu (3.14t)	Container & Network Teardown (Always Execute)	2026-05-19T19:35:34.5994912Z shell: /usr/bin/bash --noprofile --norc -e -o pipefail {0}
test-ubuntu (3.14t)	Container & Network Teardown (Always Execute)	2026-05-19T19:35:34.5995249Z env:
test-ubuntu (3.14t)	Container & Network Teardown (Always Execute)	2026-05-19T19:35:34.5995458Z   FORCE_JAVASCRIPT_ACTIONS_TO_NODE24: true
test-ubuntu (3.14t)	Container & Network Teardown (Always Execute)	2026-05-19T19:35:34.5995784Z   TEMPORAL_CI_NAMESPACE: coreason-ci-26120302019-1
test-ubuntu (3.14t)	Container & Network Teardown (Always Execute)	2026-05-19T19:35:34.5996079Z   ORJSON_BUILD_FREETHREADED: 1
test-ubuntu (3.14t)	Container & Network Teardown (Always Execute)	2026-05-19T19:35:34.5996308Z   MANIFEST_VERSION: v0.84.1
test-ubuntu (3.14t)	Container & Network Teardown (Always Execute)	2026-05-19T19:35:34.5996597Z   UV_PYTHON_INSTALL_DIR: /home/runner/work/_temp/uv-python-dir
test-ubuntu (3.14t)	Container & Network Teardown (Always Execute)	2026-05-19T19:35:34.5996947Z   UV_PYTHON: 3.14t
test-ubuntu (3.14t)	Container & Network Teardown (Always Execute)	2026-05-19T19:35:34.5997183Z   UV_CACHE_DIR: /home/runner/work/_temp/setup-uv-cache
test-ubuntu (3.14t)	Container & Network Teardown (Always Execute)	2026-05-19T19:35:34.5997457Z   PYTHON_GIL: 1
test-ubuntu (3.14t)	Container & Network Teardown (Always Execute)	2026-05-19T19:35:34.5997858Z ##[endgroup]
test-ubuntu (3.14t)	Container & Network Teardown (Always Execute)	2026-05-19T19:35:34.8996969Z Are you sure you want to delete namespace coreason-ci-26120302019-1? Type namespace name to confirm: coreason-ci-26120302019-1
test-ubuntu (3.14t)	Container & Network Teardown (Always Execute)	2026-05-19T19:35:34.9854522Z Namespace coreason-ci-26120302019-1 has been deleted.
test-ubuntu (3.14t)	Container & Network Teardown (Always Execute)	2026-05-19T19:35:35.0761809Z time="2026-05-19T19:35:35Z" level=warning msg="The \"COREASON_TREASURY_CONTRACT\" variable is not set. Defaulting to a blank string."
test-ubuntu (3.14t)	Container & Network Teardown (Always Execute)	2026-05-19T19:35:35.0794435Z time="2026-05-19T19:35:35Z" level=warning msg="The \"EPISTEMIC_MERKLE_ROOT\" variable is not set. Defaulting to a blank string."
test-ubuntu (3.14t)	Container & Network Teardown (Always Execute)	2026-05-19T19:35:35.0796100Z time="2026-05-19T19:35:35Z" level=warning msg="The \"EPISTEMIC_MERKLE_ROOT\" variable is not set. Defaulting to a blank string."
test-ubuntu (3.14t)	Container & Network Teardown (Always Execute)	2026-05-19T19:35:35.0899989Z time="2026-05-19T19:35:35Z" level=warning msg="/home/runner/work/coreason-ecosystem/coreason-ecosystem/infrastructure/local/compose.yaml: the attribute `version` is obsolete, it will be ignored, please remove it to avoid potential confusion"
test-ubuntu (3.14t)	Container & Network Teardown (Always Execute)	2026-05-19T19:35:35.1061761Z  Container local-prometheus-1  Stopping
test-ubuntu (3.14t)	Container & Network Teardown (Always Execute)	2026-05-19T19:35:35.1064238Z  Container local-grafana-1  Stopping
test-ubuntu (3.14t)	Container & Network Teardown (Always Execute)	2026-05-19T19:35:35.1065753Z  Container local-dex-1  Stopping
test-ubuntu (3.14t)	Container & Network Teardown (Always Execute)	2026-05-19T19:35:35.1067151Z  Container local-coreason-worker-1  Stopping
test-ubuntu (3.14t)	Container & Network Teardown (Always Execute)	2026-05-19T19:35:35.1068251Z  Container local-envoy-1  Stopping
test-ubuntu (3.14t)	Container & Network Teardown (Always Execute)	2026-05-19T19:35:35.1069327Z  Container local-redpanda-connect-1  Stopping
test-ubuntu (3.14t)	Container & Network Teardown (Always Execute)	2026-05-19T19:35:35.1070447Z  Container local-otel-collector-1  Stopping
test-ubuntu (3.14t)	Container & Network Teardown (Always Execute)	2026-05-19T19:35:35.1117063Z  Container local-redpanda-connect-1  Stopped
test-ubuntu (3.14t)	Container & Network Teardown (Always Execute)	2026-05-19T19:35:35.1119373Z  Container local-redpanda-connect-1  Removing
test-ubuntu (3.14t)	Container & Network Teardown (Always Execute)	2026-05-19T19:35:35.1157842Z  Container local-envoy-1  Stopped
test-ubuntu (3.14t)	Container & Network Teardown (Always Execute)	2026-05-19T19:35:35.1161602Z  Container local-envoy-1  Removing
test-ubuntu (3.14t)	Container & Network Teardown (Always Execute)	2026-05-19T19:35:35.1213267Z  Container local-otel-collector-1  Stopped
test-ubuntu (3.14t)	Container & Network Teardown (Always Execute)	2026-05-19T19:35:35.1221687Z  Container local-otel-collector-1  Removing
test-ubuntu (3.14t)	Container & Network Teardown (Always Execute)	2026-05-19T19:35:35.1388665Z  Container local-redpanda-connect-1  Removed
test-ubuntu (3.14t)	Container & Network Teardown (Always Execute)	2026-05-19T19:35:35.1766196Z  Container local-envoy-1  Removed
test-ubuntu (3.14t)	Container & Network Teardown (Always Execute)	2026-05-19T19:35:35.1775204Z  Container local-coreason-master-gateway-1  Stopping
test-ubuntu (3.14t)	Container & Network Teardown (Always Execute)	2026-05-19T19:35:35.1804234Z  Container local-otel-collector-1  Removed
test-ubuntu (3.14t)	Container & Network Teardown (Always Execute)	2026-05-19T19:35:35.3934801Z  Container local-prometheus-1  Stopped
test-ubuntu (3.14t)	Container & Network Teardown (Always Execute)	2026-05-19T19:35:35.3940979Z  Container local-prometheus-1  Removing
test-ubuntu (3.14t)	Container & Network Teardown (Always Execute)	2026-05-19T19:35:35.4084682Z  Container local-grafana-1  Stopped
test-ubuntu (3.14t)	Container & Network Teardown (Always Execute)	2026-05-19T19:35:35.4090732Z  Container local-grafana-1  Removing
test-ubuntu (3.14t)	Container & Network Teardown (Always Execute)	2026-05-19T19:35:35.4199568Z  Container local-prometheus-1  Removed
test-ubuntu (3.14t)	Container & Network Teardown (Always Execute)	2026-05-19T19:35:35.4301697Z  Container local-grafana-1  Removed
test-ubuntu (3.14t)	Container & Network Teardown (Always Execute)	2026-05-19T19:35:35.4475818Z  Container local-dex-1  Stopped
test-ubuntu (3.14t)	Container & Network Teardown (Always Execute)	2026-05-19T19:35:35.4478684Z  Container local-dex-1  Removing
test-ubuntu (3.14t)	Container & Network Teardown (Always Execute)	2026-05-19T19:35:35.4574072Z  Container local-dex-1  Removed
test-ubuntu (3.14t)	Container & Network Teardown (Always Execute)	2026-05-19T19:35:37.6943437Z  Container local-coreason-worker-1  Stopped
test-ubuntu (3.14t)	Container & Network Teardown (Always Execute)	2026-05-19T19:35:37.6951119Z  Container local-coreason-worker-1  Removing
test-ubuntu (3.14t)	Container & Network Teardown (Always Execute)	2026-05-19T19:35:37.7039824Z  Container local-coreason-worker-1  Removed
test-ubuntu (3.14t)	Container & Network Teardown (Always Execute)	2026-05-19T19:35:37.7041108Z  Container local-temporal-1  Stopping
test-ubuntu (3.14t)	Container & Network Teardown (Always Execute)	2026-05-19T19:35:38.9611338Z  Container local-temporal-1  Stopped
test-ubuntu (3.14t)	Container & Network Teardown (Always Execute)	2026-05-19T19:35:38.9617007Z  Container local-temporal-1  Removing
test-ubuntu (3.14t)	Container & Network Teardown (Always Execute)	2026-05-19T19:35:38.9710374Z  Container local-temporal-1  Removed
test-ubuntu (3.14t)	Container & Network Teardown (Always Execute)	2026-05-19T19:35:38.9717367Z  Container local-postgres-1  Stopping
test-ubuntu (3.14t)	Container & Network Teardown (Always Execute)	2026-05-19T19:35:39.1167280Z  Container local-postgres-1  Stopped
test-ubuntu (3.14t)	Container & Network Teardown (Always Execute)	2026-05-19T19:35:39.1180161Z  Container local-postgres-1  Removing
test-ubuntu (3.14t)	Container & Network Teardown (Always Execute)	2026-05-19T19:35:39.1244525Z  Container local-postgres-1  Removed
test-ubuntu (3.14t)	Container & Network Teardown (Always Execute)	2026-05-19T19:35:45.3432321Z  Container local-coreason-master-gateway-1  Stopped
test-ubuntu (3.14t)	Container & Network Teardown (Always Execute)	2026-05-19T19:35:45.3433902Z  Container local-coreason-master-gateway-1  Removing
test-ubuntu (3.14t)	Container & Network Teardown (Always Execute)	2026-05-19T19:35:45.3516065Z  Container local-coreason-master-gateway-1  Removed
test-ubuntu (3.14t)	Container & Network Teardown (Always Execute)	2026-05-19T19:35:45.3516751Z  Container local-neo4j-1  Stopping
test-ubuntu (3.14t)	Container & Network Teardown (Always Execute)	2026-05-19T19:35:45.3521365Z  Container local-milvus-1  Stopping
test-ubuntu (3.14t)	Container & Network Teardown (Always Execute)	2026-05-19T19:35:45.3522165Z  Container local-vault-1  Stopping
test-ubuntu (3.14t)	Container & Network Teardown (Always Execute)	2026-05-19T19:35:45.3522709Z  Container local-coreason-runtime-1  Stopping
test-ubuntu (3.14t)	Container & Network Teardown (Always Execute)	2026-05-19T19:35:45.5157599Z  Container local-milvus-1  Stopped
test-ubuntu (3.14t)	Container & Network Teardown (Always Execute)	2026-05-19T19:35:45.5158614Z  Container local-milvus-1  Removing
test-ubuntu (3.14t)	Container & Network Teardown (Always Execute)	2026-05-19T19:35:45.5270720Z  Container local-milvus-1  Removed
test-ubuntu (3.14t)	Container & Network Teardown (Always Execute)	2026-05-19T19:35:45.5808171Z  Container local-vault-1  Stopped
test-ubuntu (3.14t)	Container & Network Teardown (Always Execute)	2026-05-19T19:35:45.5809274Z  Container local-vault-1  Removing
test-ubuntu (3.14t)	Container & Network Teardown (Always Execute)	2026-05-19T19:35:45.5921882Z  Container local-vault-1  Removed
test-ubuntu (3.14t)	Container & Network Teardown (Always Execute)	2026-05-19T19:35:47.0029289Z  Container local-coreason-runtime-1  Stopped
test-ubuntu (3.14t)	Container & Network Teardown (Always Execute)	2026-05-19T19:35:47.0029974Z  Container local-coreason-runtime-1  Removing
test-ubuntu (3.14t)	Container & Network Teardown (Always Execute)	2026-05-19T19:35:47.0093559Z  Container local-coreason-runtime-1  Removed
test-ubuntu (3.14t)	Container & Network Teardown (Always Execute)	2026-05-19T19:35:51.4012710Z  Container local-neo4j-1  Stopped
test-ubuntu (3.14t)	Container & Network Teardown (Always Execute)	2026-05-19T19:35:51.4013808Z  Container local-neo4j-1  Removing
test-ubuntu (3.14t)	Container & Network Teardown (Always Execute)	2026-05-19T19:35:51.4240612Z  Container local-neo4j-1  Removed
test-ubuntu (3.14t)	Container & Network Teardown (Always Execute)	2026-05-19T19:35:51.4251118Z  Volume local_neo4j_data  Removing
test-ubuntu (3.14t)	Container & Network Teardown (Always Execute)	2026-05-19T19:35:51.4251768Z  Volume local_milvus_data  Removing
test-ubuntu (3.14t)	Container & Network Teardown (Always Execute)	2026-05-19T19:35:51.4262359Z  Volume local_pg_data  Removing
test-ubuntu (3.14t)	Container & Network Teardown (Always Execute)	2026-05-19T19:35:51.4263386Z  Network local_swarm-mesh  Removing
test-ubuntu (3.14t)	Container & Network Teardown (Always Execute)	2026-05-19T19:35:51.4264490Z  Network local_sensory-gateway  Removing
test-ubuntu (3.14t)	Container & Network Teardown (Always Execute)	2026-05-19T19:35:51.4309637Z  Volume local_neo4j_data  Removed
test-ubuntu (3.14t)	Container & Network Teardown (Always Execute)	2026-05-19T19:35:51.4859120Z  Volume local_pg_data  Removed
test-ubuntu (3.14t)	Container & Network Teardown (Always Execute)	2026-05-19T19:35:51.4865829Z  Volume local_milvus_data  Removed
test-ubuntu (3.14t)	Container & Network Teardown (Always Execute)	2026-05-19T19:35:51.5139265Z  Network local_swarm-mesh  Removed
test-ubuntu (3.14t)	Container & Network Teardown (Always Execute)	2026-05-19T19:35:51.5998368Z  Network local_sensory-gateway  Removed
test-ubuntu (3.14t)	Post Login to GitHub Container Registry	∩╗┐2026-05-19T19:35:51.6103432Z Post job cleanup.
test-ubuntu (3.14t)	Post Login to GitHub Container Registry	2026-05-19T19:35:51.9229035Z (node:14960) [DEP0040] DeprecationWarning: The `punycode` module is deprecated. Please use a userland alternative instead.
test-ubuntu (3.14t)	Post Login to GitHub Container Registry	2026-05-19T19:35:51.9230272Z (Use `node --trace-deprecation ...` to show where the warning was created)
test-ubuntu (3.14t)	Post Login to GitHub Container Registry	2026-05-19T19:35:51.9253018Z [command]/usr/bin/docker logout ghcr.io
test-ubuntu (3.14t)	Post Login to GitHub Container Registry	2026-05-19T19:35:51.9398270Z Removing login credentials for ghcr.io
test-ubuntu (3.14t)	Post Login to GitHub Container Registry	2026-05-19T19:35:51.9427274Z ##[group]Post cache
test-ubuntu (3.14t)	Post Login to GitHub Container Registry	2026-05-19T19:35:51.9428780Z State not set
test-ubuntu (3.14t)	Post Login to GitHub Container Registry	2026-05-19T19:35:51.9430406Z ##[endgroup]
test-ubuntu (3.14t)	Post Checkout coreason-manifest	∩╗┐2026-05-19T19:35:51.9643292Z Post job cleanup.
test-ubuntu (3.14t)	Post Checkout coreason-manifest	2026-05-19T19:35:52.0558207Z [command]/usr/bin/git version
test-ubuntu (3.14t)	Post Checkout coreason-manifest	2026-05-19T19:35:52.0601483Z git version 2.54.0
test-ubuntu (3.14t)	Post Checkout coreason-manifest	2026-05-19T19:35:52.0650869Z Temporarily overriding HOME='/home/runner/work/_temp/96d7f83a-5a4c-469f-baaa-399260a5f151' before making global git config changes
test-ubuntu (3.14t)	Post Checkout coreason-manifest	2026-05-19T19:35:52.0652141Z Adding repository directory to the temporary git global config as a safe directory
test-ubuntu (3.14t)	Post Checkout coreason-manifest	2026-05-19T19:35:52.0657729Z [command]/usr/bin/git config --global --add safe.directory /home/runner/work/coreason-ecosystem/coreason-ecosystem/coreason-manifest
test-ubuntu (3.14t)	Post Checkout coreason-manifest	2026-05-19T19:35:52.0695765Z Removing SSH command configuration
test-ubuntu (3.14t)	Post Checkout coreason-manifest	2026-05-19T19:35:52.0703121Z [command]/usr/bin/git config --local --name-only --get-regexp core\.sshCommand
test-ubuntu (3.14t)	Post Checkout coreason-manifest	2026-05-19T19:35:52.0743187Z [command]/usr/bin/git submodule foreach --recursive sh -c "git config --local --name-only --get-regexp 'core\.sshCommand' && git config --local --unset-all 'core.sshCommand' || :"
test-ubuntu (3.14t)	Post Checkout coreason-manifest	2026-05-19T19:35:52.1016849Z Removing HTTP extra header
test-ubuntu (3.14t)	Post Checkout coreason-manifest	2026-05-19T19:35:52.1022079Z [command]/usr/bin/git config --local --name-only --get-regexp http\.https\:\/\/github\.com\/\.extraheader
test-ubuntu (3.14t)	Post Checkout coreason-manifest	2026-05-19T19:35:52.1061958Z [command]/usr/bin/git submodule foreach --recursive sh -c "git config --local --name-only --get-regexp 'http\.https\:\/\/github\.com\/\.extraheader' && git config --local --unset-all 'http.https://github.com/.extraheader' || :"
test-ubuntu (3.14t)	Post Checkout coreason-manifest	2026-05-19T19:35:52.1329082Z Removing includeIf entries pointing to credentials config files
test-ubuntu (3.14t)	Post Checkout coreason-manifest	2026-05-19T19:35:52.1337415Z [command]/usr/bin/git config --local --name-only --get-regexp ^includeIf\.gitdir:
test-ubuntu (3.14t)	Post Checkout coreason-manifest	2026-05-19T19:35:52.1368145Z includeif.gitdir:/home/runner/work/coreason-ecosystem/coreason-ecosystem/coreason-manifest/.git.path
test-ubuntu (3.14t)	Post Checkout coreason-manifest	2026-05-19T19:35:52.1369230Z includeif.gitdir:/home/runner/work/coreason-ecosystem/coreason-ecosystem/coreason-manifest/.git/worktrees/*.path
test-ubuntu (3.14t)	Post Checkout coreason-manifest	2026-05-19T19:35:52.1369863Z includeif.gitdir:/github/workspace/coreason-manifest/.git.path
test-ubuntu (3.14t)	Post Checkout coreason-manifest	2026-05-19T19:35:52.1370325Z includeif.gitdir:/github/workspace/coreason-manifest/.git/worktrees/*.path
test-ubuntu (3.14t)	Post Checkout coreason-manifest	2026-05-19T19:35:52.1379260Z [command]/usr/bin/git config --local --get-all includeif.gitdir:/home/runner/work/coreason-ecosystem/coreason-ecosystem/coreason-manifest/.git.path
test-ubuntu (3.14t)	Post Checkout coreason-manifest	2026-05-19T19:35:52.1406745Z /home/runner/work/_temp/git-credentials-3b23ff30-6cca-4ba4-b6c5-b230be7a2dd3.config
test-ubuntu (3.14t)	Post Checkout coreason-manifest	2026-05-19T19:35:52.1420430Z [command]/usr/bin/git config --local --unset includeif.gitdir:/home/runner/work/coreason-ecosystem/coreason-ecosystem/coreason-manifest/.git.path /home/runner/work/_temp/git-credentials-3b23ff30-6cca-4ba4-b6c5-b230be7a2dd3.config
test-ubuntu (3.14t)	Post Checkout coreason-manifest	2026-05-19T19:35:52.1466028Z [command]/usr/bin/git config --local --get-all includeif.gitdir:/home/runner/work/coreason-ecosystem/coreason-ecosystem/coreason-manifest/.git/worktrees/*.path
test-ubuntu (3.14t)	Post Checkout coreason-manifest	2026-05-19T19:35:52.1492098Z /home/runner/work/_temp/git-credentials-3b23ff30-6cca-4ba4-b6c5-b230be7a2dd3.config
test-ubuntu (3.14t)	Post Checkout coreason-manifest	2026-05-19T19:35:52.1504513Z [command]/usr/bin/git config --local --unset includeif.gitdir:/home/runner/work/coreason-ecosystem/coreason-ecosystem/coreason-manifest/.git/worktrees/*.path /home/runner/work/_temp/git-credentials-3b23ff30-6cca-4ba4-b6c5-b230be7a2dd3.config
test-ubuntu (3.14t)	Post Checkout coreason-manifest	2026-05-19T19:35:52.1546658Z [command]/usr/bin/git config --local --get-all includeif.gitdir:/github/workspace/coreason-manifest/.git.path
test-ubuntu (3.14t)	Post Checkout coreason-manifest	2026-05-19T19:35:52.1572895Z /github/runner_temp/git-credentials-3b23ff30-6cca-4ba4-b6c5-b230be7a2dd3.config
test-ubuntu (3.14t)	Post Checkout coreason-manifest	2026-05-19T19:35:52.1581941Z [command]/usr/bin/git config --local --unset includeif.gitdir:/github/workspace/coreason-manifest/.git.path /github/runner_temp/git-credentials-3b23ff30-6cca-4ba4-b6c5-b230be7a2dd3.config
test-ubuntu (3.14t)	Post Checkout coreason-manifest	2026-05-19T19:35:52.1620761Z [command]/usr/bin/git config --local --get-all includeif.gitdir:/github/workspace/coreason-manifest/.git/worktrees/*.path
test-ubuntu (3.14t)	Post Checkout coreason-manifest	2026-05-19T19:35:52.1646732Z /github/runner_temp/git-credentials-3b23ff30-6cca-4ba4-b6c5-b230be7a2dd3.config
test-ubuntu (3.14t)	Post Checkout coreason-manifest	2026-05-19T19:35:52.1657584Z [command]/usr/bin/git config --local --unset includeif.gitdir:/github/workspace/coreason-manifest/.git/worktrees/*.path /github/runner_temp/git-credentials-3b23ff30-6cca-4ba4-b6c5-b230be7a2dd3.config
test-ubuntu (3.14t)	Post Checkout coreason-manifest	2026-05-19T19:35:52.1696403Z [command]/usr/bin/git submodule foreach --recursive git config --local --show-origin --name-only --get-regexp remote.origin.url
test-ubuntu (3.14t)	Post Checkout coreason-manifest	2026-05-19T19:35:52.1967851Z Removing credentials config '/home/runner/work/_temp/git-credentials-3b23ff30-6cca-4ba4-b6c5-b230be7a2dd3.config'
test-ubuntu (3.14t)	Post Run actions/checkout@v6.0.2	∩╗┐2026-05-19T19:35:52.2129051Z Post job cleanup.
test-ubuntu (3.14t)	Post Run actions/checkout@v6.0.2	2026-05-19T19:35:52.3019360Z [command]/usr/bin/git version
test-ubuntu (3.14t)	Post Run actions/checkout@v6.0.2	2026-05-19T19:35:52.3061920Z git version 2.54.0
test-ubuntu (3.14t)	Post Run actions/checkout@v6.0.2	2026-05-19T19:35:52.3112085Z Temporarily overriding HOME='/home/runner/work/_temp/919115ea-701e-43d0-b95a-fe7fadfece99' before making global git config changes
test-ubuntu (3.14t)	Post Run actions/checkout@v6.0.2	2026-05-19T19:35:52.3113273Z Adding repository directory to the temporary git global config as a safe directory
test-ubuntu (3.14t)	Post Run actions/checkout@v6.0.2	2026-05-19T19:35:52.3118672Z [command]/usr/bin/git config --global --add safe.directory /home/runner/work/coreason-ecosystem/coreason-ecosystem
test-ubuntu (3.14t)	Post Run actions/checkout@v6.0.2	2026-05-19T19:35:52.3155686Z Removing SSH command configuration
test-ubuntu (3.14t)	Post Run actions/checkout@v6.0.2	2026-05-19T19:35:52.3162935Z [command]/usr/bin/git config --local --name-only --get-regexp core\.sshCommand
test-ubuntu (3.14t)	Post Run actions/checkout@v6.0.2	2026-05-19T19:35:52.3204075Z [command]/usr/bin/git submodule foreach --recursive sh -c "git config --local --name-only --get-regexp 'core\.sshCommand' && git config --local --unset-all 'core.sshCommand' || :"
test-ubuntu (3.14t)	Post Run actions/checkout@v6.0.2	2026-05-19T19:35:52.3465556Z Removing HTTP extra header
test-ubuntu (3.14t)	Post Run actions/checkout@v6.0.2	2026-05-19T19:35:52.3471257Z [command]/usr/bin/git config --local --name-only --get-regexp http\.https\:\/\/github\.com\/\.extraheader
test-ubuntu (3.14t)	Post Run actions/checkout@v6.0.2	2026-05-19T19:35:52.3512069Z [command]/usr/bin/git submodule foreach --recursive sh -c "git config --local --name-only --get-regexp 'http\.https\:\/\/github\.com\/\.extraheader' && git config --local --unset-all 'http.https://github.com/.extraheader' || :"
test-ubuntu (3.14t)	Post Run actions/checkout@v6.0.2	2026-05-19T19:35:52.3771307Z Removing includeIf entries pointing to credentials config files
test-ubuntu (3.14t)	Post Run actions/checkout@v6.0.2	2026-05-19T19:35:52.3779704Z [command]/usr/bin/git config --local --name-only --get-regexp ^includeIf\.gitdir:
test-ubuntu (3.14t)	Post Run actions/checkout@v6.0.2	2026-05-19T19:35:52.3810249Z includeif.gitdir:/home/runner/work/coreason-ecosystem/coreason-ecosystem/.git.path
test-ubuntu (3.14t)	Post Run actions/checkout@v6.0.2	2026-05-19T19:35:52.3811610Z includeif.gitdir:/home/runner/work/coreason-ecosystem/coreason-ecosystem/.git/worktrees/*.path
test-ubuntu (3.14t)	Post Run actions/checkout@v6.0.2	2026-05-19T19:35:52.3812381Z includeif.gitdir:/github/workspace/.git.path
test-ubuntu (3.14t)	Post Run actions/checkout@v6.0.2	2026-05-19T19:35:52.3812942Z includeif.gitdir:/github/workspace/.git/worktrees/*.path
test-ubuntu (3.14t)	Post Run actions/checkout@v6.0.2	2026-05-19T19:35:52.3821115Z [command]/usr/bin/git config --local --get-all includeif.gitdir:/home/runner/work/coreason-ecosystem/coreason-ecosystem/.git.path
test-ubuntu (3.14t)	Post Run actions/checkout@v6.0.2	2026-05-19T19:35:52.3847620Z /home/runner/work/_temp/git-credentials-a33aeca7-774b-40c6-9587-9341dba927a1.config
test-ubuntu (3.14t)	Post Run actions/checkout@v6.0.2	2026-05-19T19:35:52.3860245Z [command]/usr/bin/git config --local --unset includeif.gitdir:/home/runner/work/coreason-ecosystem/coreason-ecosystem/.git.path /home/runner/work/_temp/git-credentials-a33aeca7-774b-40c6-9587-9341dba927a1.config
test-ubuntu (3.14t)	Post Run actions/checkout@v6.0.2	2026-05-19T19:35:52.3904531Z [command]/usr/bin/git config --local --get-all includeif.gitdir:/home/runner/work/coreason-ecosystem/coreason-ecosystem/.git/worktrees/*.path
test-ubuntu (3.14t)	Post Run actions/checkout@v6.0.2	2026-05-19T19:35:52.3931156Z /home/runner/work/_temp/git-credentials-a33aeca7-774b-40c6-9587-9341dba927a1.config
test-ubuntu (3.14t)	Post Run actions/checkout@v6.0.2	2026-05-19T19:35:52.3942311Z [command]/usr/bin/git config --local --unset includeif.gitdir:/home/runner/work/coreason-ecosystem/coreason-ecosystem/.git/worktrees/*.path /home/runner/work/_temp/git-credentials-a33aeca7-774b-40c6-9587-9341dba927a1.config
test-ubuntu (3.14t)	Post Run actions/checkout@v6.0.2	2026-05-19T19:35:52.3983175Z [command]/usr/bin/git config --local --get-all includeif.gitdir:/github/workspace/.git.path
test-ubuntu (3.14t)	Post Run actions/checkout@v6.0.2	2026-05-19T19:35:52.4010359Z /github/runner_temp/git-credentials-a33aeca7-774b-40c6-9587-9341dba927a1.config
test-ubuntu (3.14t)	Post Run actions/checkout@v6.0.2	2026-05-19T19:35:52.4021305Z [command]/usr/bin/git config --local --unset includeif.gitdir:/github/workspace/.git.path /github/runner_temp/git-credentials-a33aeca7-774b-40c6-9587-9341dba927a1.config
test-ubuntu (3.14t)	Post Run actions/checkout@v6.0.2	2026-05-19T19:35:52.4058551Z [command]/usr/bin/git config --local --get-all includeif.gitdir:/github/workspace/.git/worktrees/*.path
test-ubuntu (3.14t)	Post Run actions/checkout@v6.0.2	2026-05-19T19:35:52.4082395Z /github/runner_temp/git-credentials-a33aeca7-774b-40c6-9587-9341dba927a1.config
test-ubuntu (3.14t)	Post Run actions/checkout@v6.0.2	2026-05-19T19:35:52.4093093Z [command]/usr/bin/git config --local --unset includeif.gitdir:/github/workspace/.git/worktrees/*.path /github/runner_temp/git-credentials-a33aeca7-774b-40c6-9587-9341dba927a1.config
test-ubuntu (3.14t)	Post Run actions/checkout@v6.0.2	2026-05-19T19:35:52.4132113Z [command]/usr/bin/git submodule foreach --recursive git config --local --show-origin --name-only --get-regexp remote.origin.url
test-ubuntu (3.14t)	Post Run actions/checkout@v6.0.2	2026-05-19T19:35:52.4393920Z Removing credentials config '/home/runner/work/_temp/git-credentials-a33aeca7-774b-40c6-9587-9341dba927a1.config'
test-ubuntu (3.14t)	Post Harden Runner (Endpoint Network Security)	∩╗┐2026-05-19T19:35:52.4574738Z Post job cleanup.
test-ubuntu (3.14t)	Post Harden Runner (Endpoint Network Security)	2026-05-19T19:35:52.5400901Z [harden-runner] post-step
test-ubuntu (3.14t)	Post Harden Runner (Endpoint Network Security)	2026-05-19T19:35:53.5421268Z log:
test-ubuntu (3.14t)	Post Harden Runner (Endpoint Network Security)	2026-05-19T19:35:53.5426321Z Tue, 19 May 2026 19:31:28 GMT:[buildInfo] tag=v0.16.0 commit=69230545600e99d9c9b2d74ca0897d7100630d96 branch=HEAD 
test-ubuntu (3.14t)	Post Harden Runner (Endpoint Network Security)	2026-05-19T19:35:53.5427364Z 
test-ubuntu (3.14t)	Post Harden Runner (Endpoint Network Security)	2026-05-19T19:35:53.5427530Z Tue, 19 May 2026 19:31:28 GMT:read config 
test-ubuntu (3.14t)	Post Harden Runner (Endpoint Network Security)	2026-05-19T19:35:53.5430076Z  &{Repo:CoReason-AI/coreason-ecosystem CorrelationId:982fcec6-ba1b-486e-b635-8b2c7bbe5073 RunId:26120302019 WorkingDirectory:/home/runner/work/coreason-ecosystem/coreason-ecosystem APIURL:https://agent.api.stepsecurity.io/v1 TelemetryURL:https://prod.app-api.stepsecurity.io/v1 OneTimeKey: Endpoints:map[] EgressPolicy:audit DisableTelemetry:false DisableSudo:false DisableSudoAndContainers:false DisableFileMonitoring:false Private:false}
test-ubuntu (3.14t)	Post Harden Runner (Endpoint Network Security)	2026-05-19T19:35:53.5432284Z 
test-ubuntu (3.14t)	Post Harden Runner (Endpoint Network Security)	2026-05-19T19:35:53.5432615Z Tue, 19 May 2026 19:31:28 GMT:Step Security Job Correlation ID: 982fcec6-ba1b-486e-b635-8b2c7bbe5073
test-ubuntu (3.14t)	Post Harden Runner (Endpoint Network Security)	2026-05-19T19:35:53.5433080Z 
test-ubuntu (3.14t)	Post Harden Runner (Endpoint Network Security)	2026-05-19T19:35:53.5433878Z Tue, 19 May 2026 19:31:28 GMT:Global feature flags: {AgentType:agent-oss EnableArmour:true EnableCustomDetectionRules:true}
test-ubuntu (3.14t)	Post Harden Runner (Endpoint Network Security)	2026-05-19T19:35:53.5434573Z Tue, 19 May 2026 19:31:28 GMT:initialized global feature flags
test-ubuntu (3.14t)	Post Harden Runner (Endpoint Network Security)	2026-05-19T19:35:53.5434836Z 
test-ubuntu (3.14t)	Post Harden Runner (Endpoint Network Security)	2026-05-19T19:35:53.5439107Z Tue, 19 May 2026 19:31:28 GMT:initialized global blocklist: &{ipAddresses:map[142.11.206.73:COMPROMISED_AXIOS_C2_IP 83.142.209.194:COMPROMISED_MISTRAL_PYPI_C2_IP] domains:map[api.masscan.cloud.:COMPROMISED_TANSTACK_EXFIL audit.checkmarx.cx.:COMPROMISED_BITWARDEN_CLI_C2_DOMAIN check.git-service.com.:COMPROMISED_DURABLETASK_C2_DOMAIN cjn37-uyaaa-aaaac-qgnva-cai.raw.icp0.io.:COMPROMISED_PGSERVE_EXFIL_CANISTER evil.invalid.:GLOBAL_BLOCK_TEST_DOMAIN filev2.getsession.org.:COMPROMISED_TANSTACK_EXFIL git-tanstack.com.:COMPROMISED_TANSTACK_EXFIL igotnofriendsonlineorirl-imgonnakmslmao.skyhanni.cloud.:COMPROMISED_ELEMENTARY_DATA_EXFIL scan.aquasecurtiy.org.:COMPROMISED_TRIVY_C2_DOMAIN seed1.getsession.org.:COMPROMISED_TANSTACK_EXFIL sfrclak.com.:COMPROMISED_AXIOS_C2_DOMAIN sh.azurestaticprovider.net.:COMPROMISED_NODE_IPC_NPM_C2 t.m-kosche.com.:COMPROMISED_ACTIONSCOOL_EXFIL telemetry.api-monitor.com.:COMPROMISED_PGSERVE_EXFIL_DOMAIN whereisitat.lucyatemysuperbox.space.:COMPROMISED_XINFERENCE_C2_DOMAIN zero.masscan.cloud.:COMPROMISED_MINI_SHAI_HULUD_2] wildcardDomains:map[]}
test-ubuntu (3.14t)	Post Harden Runner (Endpoint Network Security)	2026-05-19T19:35:53.5444421Z 
test-ubuntu (3.14t)	Post Harden Runner (Endpoint Network Security)	2026-05-19T19:35:53.5444566Z Tue, 19 May 2026 19:31:28 GMT:started process monitor
test-ubuntu (3.14t)	Post Harden Runner (Endpoint Network Security)	2026-05-19T19:35:53.5444779Z 
test-ubuntu (3.14t)	Post Harden Runner (Endpoint Network Security)	2026-05-19T19:35:53.5444895Z Tue, 19 May 2026 19:31:28 GMT:Monitor Processes called
test-ubuntu (3.14t)	Post Harden Runner (Endpoint Network Security)	2026-05-19T19:35:53.5445224Z Tue, 19 May 2026 19:31:28 GMT:NewAuditClient created
test-ubuntu (3.14t)	Post Harden Runner (Endpoint Network Security)	2026-05-19T19:35:53.5445520Z Tue, 19 May 2026 19:31:28 GMT:Status is enabled
test-ubuntu (3.14t)	Post Harden Runner (Endpoint Network Security)	2026-05-19T19:35:53.5445792Z Tue, 19 May 2026 19:31:28 GMT:Rules deleted
test-ubuntu (3.14t)	Post Harden Runner (Endpoint Network Security)	2026-05-19T19:35:53.5446236Z Tue, 19 May 2026 19:31:28 GMT:File monitor added for /home/runner/work/coreason-ecosystem/coreason-ecosystem
test-ubuntu (3.14t)	Post Harden Runner (Endpoint Network Security)	2026-05-19T19:35:53.5446712Z Tue, 19 May 2026 19:31:28 GMT:Agent file monitor added
test-ubuntu (3.14t)	Post Harden Runner (Endpoint Network Security)	2026-05-19T19:35:53.5447067Z Tue, 19 May 2026 19:31:28 GMT:Docker's daemon.json file monitor added
test-ubuntu (3.14t)	Post Harden Runner (Endpoint Network Security)	2026-05-19T19:35:53.5447462Z Tue, 19 May 2026 19:31:28 GMT:Systemd's resolved.conf file monitor added
test-ubuntu (3.14t)	Post Harden Runner (Endpoint Network Security)	2026-05-19T19:35:53.5447846Z Tue, 19 May 2026 19:31:28 GMT:Net monitor added for TCP (connect)
test-ubuntu (3.14t)	Post Harden Runner (Endpoint Network Security)	2026-05-19T19:35:53.5448234Z Tue, 19 May 2026 19:31:28 GMT:Net monitor added for UDP (sendto & sendmsg)
test-ubuntu (3.14t)	Post Harden Runner (Endpoint Network Security)	2026-05-19T19:35:53.5448597Z Tue, 19 May 2026 19:31:28 GMT:Process monitor added
test-ubuntu (3.14t)	Post Harden Runner (Endpoint Network Security)	2026-05-19T19:35:53.5448930Z Tue, 19 May 2026 19:31:28 GMT:receive called
test-ubuntu (3.14t)	Post Harden Runner (Endpoint Network Security)	2026-05-19T19:35:53.5449148Z 
test-ubuntu (3.14t)	Post Harden Runner (Endpoint Network Security)	2026-05-19T19:35:53.5449153Z 
test-ubuntu (3.14t)	Post Harden Runner (Endpoint Network Security)	2026-05-19T19:35:53.5449280Z Tue, 19 May 2026 19:31:28 GMT:updated resolved
test-ubuntu (3.14t)	Post Harden Runner (Endpoint Network Security)	2026-05-19T19:35:53.5449507Z 
test-ubuntu (3.14t)	Post Harden Runner (Endpoint Network Security)	2026-05-19T19:35:53.5449637Z Tue, 19 May 2026 19:31:29 GMT:set docker config
test-ubuntu (3.14t)	Post Harden Runner (Endpoint Network Security)	2026-05-19T19:35:53.5449853Z 
test-ubuntu (3.14t)	Post Harden Runner (Endpoint Network Security)	2026-05-19T19:35:53.5449954Z Tue, 19 May 2026 19:31:29 GMT:before audit rules
test-ubuntu (3.14t)	Post Harden Runner (Endpoint Network Security)	2026-05-19T19:35:53.5450230Z Tue, 19 May 2026 19:31:29 GMT:added audit rules
test-ubuntu (3.14t)	Post Harden Runner (Endpoint Network Security)	2026-05-19T19:35:53.5450495Z Tue, 19 May 2026 19:31:29 GMT:Armour is enabled
test-ubuntu (3.14t)	Post Harden Runner (Endpoint Network Security)	2026-05-19T19:35:53.5451067Z Tue, 19 May 2026 19:31:30 GMT:[armour] Runner.Worker PID: 2107
test-ubuntu (3.14t)	Post Harden Runner (Endpoint Network Security)	2026-05-19T19:35:53.5451390Z Tue, 19 May 2026 19:31:30 GMT:Armour attached
test-ubuntu (3.14t)	Post Harden Runner (Endpoint Network Security)	2026-05-19T19:35:53.5451714Z Tue, 19 May 2026 19:31:30 GMT:[armour] Custom detection rules enabled
test-ubuntu (3.14t)	Post Harden Runner (Endpoint Network Security)	2026-05-19T19:35:53.5452033Z Tue, 19 May 2026 19:31:30 GMT:done
test-ubuntu (3.14t)	Post Harden Runner (Endpoint Network Security)	2026-05-19T19:35:53.5453023Z Tue, 19 May 2026 19:31:31 GMT:[Source code overwritten] file: /home/runner/work/coreason-ecosystem/coreason-ecosystem/.git/config.lock syscall: openat by exe: /usr/bin/git [f54a87f6253aab09ed7b522bd78ddeab509105b1043076209d89127e55877a48] Timestamp: 2026-05-19T19:31:31.009Z
test-ubuntu (3.14t)	Post Harden Runner (Endpoint Network Security)	2026-05-19T19:35:53.5455087Z Tue, 19 May 2026 19:31:31 GMT:[Source code overwritten] file: /home/runner/work/coreason-ecosystem/coreason-ecosystem/.git/config syscall: rename by exe: /usr/bin/git [f54a87f6253aab09ed7b522bd78ddeab509105b1043076209d89127e55877a48] Timestamp: 2026-05-19T19:31:31.009Z
test-ubuntu (3.14t)	Post Harden Runner (Endpoint Network Security)	2026-05-19T19:35:53.5457141Z Tue, 19 May 2026 19:31:31 GMT:[Source code overwritten] file: /home/runner/work/coreason-ecosystem/coreason-ecosystem/.git/config.lock syscall: openat by exe: /usr/bin/git [f54a87f6253aab09ed7b522bd78ddeab509105b1043076209d89127e55877a48] Timestamp: 2026-05-19T19:31:31.01Z
test-ubuntu (3.14t)	Post Harden Runner (Endpoint Network Security)	2026-05-19T19:35:53.5459093Z Tue, 19 May 2026 19:31:31 GMT:domain resolved: github.com., ip address: 140.82.114.4, TTL: 60
test-ubuntu (3.14t)	Post Harden Runner (Endpoint Network Security)	2026-05-19T19:35:53.5459922Z Tue, 19 May 2026 19:31:31 GMT:domain resolved: prod.app-api.stepsecurity.io., ip address: 100.20.106.61, TTL: 45
test-ubuntu (3.14t)	Post Harden Runner (Endpoint Network Security)	2026-05-19T19:35:53.5460847Z Tue, 19 May 2026 19:31:31 GMT:endpoint called ip address:port 140.82.114.4:443, domain: github.com., pid: 2737, process: git-remote-http
test-ubuntu (3.14t)	Post Harden Runner (Endpoint Network Security)	2026-05-19T19:35:53.5462150Z Tue, 19 May 2026 19:31:31 GMT:[Source code overwritten] file: /home/runner/work/coreason-ecosystem/coreason-ecosystem/.git/refs/tags/v0.9.6.lock syscall: openat by exe: /usr/lib/git-core/git [f54a87f6253aab09ed7b522bd78ddeab509105b1043076209d89127e55877a48] Timestamp: 2026-05-19T19:31:31.808Z
test-ubuntu (3.14t)	Post Harden Runner (Endpoint Network Security)	2026-05-19T19:35:53.5464156Z Tue, 19 May 2026 19:31:31 GMT:[Source code overwritten] file: /home/runner/work/coreason-ecosystem/coreason-ecosystem/.git/refs/tags/v0.9.5.lock syscall: openat by exe: /usr/lib/git-core/git [f54a87f6253aab09ed7b522bd78ddeab509105b1043076209d89127e55877a48] Timestamp: 2026-05-19T19:31:31.808Z
test-ubuntu (3.14t)	Post Harden Runner (Endpoint Network Security)	2026-05-19T19:35:53.5466402Z Tue, 19 May 2026 19:31:31 GMT:[Source code overwritten] file: /home/runner/work/coreason-ecosystem/coreason-ecosystem/.git/refs/tags/v0.9.4.lock syscall: openat by exe: /usr/lib/git-core/git [f54a87f6253aab09ed7b522bd78ddeab509105b1043076209d89127e55877a48] Timestamp: 2026-05-19T19:31:31.808Z
test-ubuntu (3.14t)	Post Harden Runner (Endpoint Network Security)	2026-05-19T19:35:53.5468304Z Tue, 19 May 2026 19:31:32 GMT:endpoint called ip address:port 140.82.114.4:443, domain: github.com., pid: 2863, process: git-remote-http
test-ubuntu (3.14t)	Post Harden Runner (Endpoint Network Security)	2026-05-19T19:35:53.5469556Z Tue, 19 May 2026 19:31:34 GMT:domain resolved: raw.githubusercontent.com., ip address: 185.199.111.133, TTL: 2075
test-ubuntu (3.14t)	Post Harden Runner (Endpoint Network Security)	2026-05-19T19:35:53.5470522Z Tue, 19 May 2026 19:31:35 GMT:domain resolved: releases.astral.sh., ip address: 104.26.12.77, TTL: 300
test-ubuntu (3.14t)	Post Harden Runner (Endpoint Network Security)	2026-05-19T19:35:53.5471432Z Tue, 19 May 2026 19:31:35 GMT:endpoint called ip address:port 185.199.111.133:443, domain: raw.githubusercontent.com., pid: 2885, process: node
test-ubuntu (3.14t)	Post Harden Runner (Endpoint Network Security)	2026-05-19T19:35:53.5472265Z Tue, 19 May 2026 19:31:35 GMT:endpoint called ip address:port 104.26.12.77:443, domain: releases.astral.sh., pid: 2885, process: node
test-ubuntu (3.14t)	Post Harden Runner (Endpoint Network Security)	2026-05-19T19:35:53.5473252Z Tue, 19 May 2026 19:31:35 GMT:domain resolved: results-receiver.actions.githubusercontent.com., ip address: 140.82.112.22, TTL: 46
test-ubuntu (3.14t)	Post Harden Runner (Endpoint Network Security)	2026-05-19T19:35:53.5474400Z Tue, 19 May 2026 19:31:36 GMT:domain resolved: productionresultssa5.blob.core.windows.net., ip address: 20.209.113.193, TTL: 30
test-ubuntu (3.14t)	Post Harden Runner (Endpoint Network Security)	2026-05-19T19:35:53.5475463Z Tue, 19 May 2026 19:31:36 GMT:endpoint called ip address:port 140.82.112.22:443, domain: results-receiver.actions.githubusercontent.com., pid: 2885, process: node
test-ubuntu (3.14t)	Post Harden Runner (Endpoint Network Security)	2026-05-19T19:35:53.5476599Z Tue, 19 May 2026 19:31:36 GMT:endpoint called ip address:port 20.209.113.193:443, domain: productionresultssa5.blob.core.windows.net., pid: 2885, process: node
test-ubuntu (3.14t)	Post Harden Runner (Endpoint Network Security)	2026-05-19T19:35:53.5477730Z Tue, 19 May 2026 19:31:36 GMT:domain resolved: ghcr.io., ip address: 140.82.114.34, TTL: 60
test-ubuntu (3.14t)	Post Harden Runner (Endpoint Network Security)	2026-05-19T19:35:53.5478351Z Tue, 19 May 2026 19:31:39 GMT:endpoint called ip address:port 140.82.114.34:443, domain: ghcr.io., pid: 2366, process: dockerd
test-ubuntu (3.14t)	Post Harden Runner (Endpoint Network Security)	2026-05-19T19:35:53.5479177Z Tue, 19 May 2026 19:31:39 GMT:domain resolved: registry-1.docker.io., ip address: 54.224.154.163, TTL: 30
test-ubuntu (3.14t)	Post Harden Runner (Endpoint Network Security)	2026-05-19T19:35:53.5479921Z Tue, 19 May 2026 19:31:39 GMT:domain resolved: auth.docker.io., ip address: 172.64.144.78, TTL: 300
test-ubuntu (3.14t)	Post Harden Runner (Endpoint Network Security)	2026-05-19T19:35:53.5480634Z Tue, 19 May 2026 19:31:39 GMT:endpoint called ip address:port 54.224.154.163:443, domain: registry-1.docker.io., pid: 2366, process: dockerd
test-ubuntu (3.14t)	Post Harden Runner (Endpoint Network Security)	2026-05-19T19:35:53.5481578Z Tue, 19 May 2026 19:31:39 GMT:endpoint called ip address:port 172.64.144.78:443, domain: auth.docker.io., pid: 2366, process: dockerd
test-ubuntu (3.14t)	Post Harden Runner (Endpoint Network Security)	2026-05-19T19:35:53.5482594Z Tue, 19 May 2026 19:31:39 GMT:domain resolved: production.cloudfront.docker.com., ip address: 3.170.19.20, TTL: 60
test-ubuntu (3.14t)	Post Harden Runner (Endpoint Network Security)	2026-05-19T19:35:53.5483697Z Tue, 19 May 2026 19:31:39 GMT:domain resolved: production.cloudflare.docker.com., ip address: 104.16.98.215, TTL: 300
test-ubuntu (3.14t)	Post Harden Runner (Endpoint Network Security)	2026-05-19T19:35:53.5484680Z Tue, 19 May 2026 19:31:39 GMT:domain resolved: pkg-containers.githubusercontent.com., ip address: 185.199.111.154, TTL: 2568
test-ubuntu (3.14t)	Post Harden Runner (Endpoint Network Security)	2026-05-19T19:35:53.5485705Z Tue, 19 May 2026 19:31:40 GMT:endpoint called ip address:port 104.16.98.215:443, domain: production.cloudflare.docker.com., pid: 2366, process: dockerd
test-ubuntu (3.14t)	Post Harden Runner (Endpoint Network Security)	2026-05-19T19:35:53.5487161Z Tue, 19 May 2026 19:31:40 GMT:endpoint called ip address:port 3.170.19.20:443, domain: production.cloudfront.docker.com., pid: 2366, process: dockerd
test-ubuntu (3.14t)	Post Harden Runner (Endpoint Network Security)	2026-05-19T19:35:53.5488198Z Tue, 19 May 2026 19:31:40 GMT:endpoint called ip address:port 185.199.111.154:443, domain: pkg-containers.githubusercontent.com., pid: 2366, process: dockerd
test-ubuntu (3.14t)	Post Harden Runner (Endpoint Network Security)	2026-05-19T19:35:53.5489040Z Tue, 19 May 2026 19:32:52 GMT:domain resolved: registry-1.docker.io., ip address: 107.22.179.217, TTL: 30
test-ubuntu (3.14t)	Post Harden Runner (Endpoint Network Security)	2026-05-19T19:35:53.5489859Z Tue, 19 May 2026 19:32:52 GMT:domain resolved: prod.app-api.stepsecurity.io., ip address: 100.20.106.61, TTL: 30
test-ubuntu (3.14t)	Post Harden Runner (Endpoint Network Security)	2026-05-19T19:35:53.5490482Z Tue, 19 May 2026 19:32:52 GMT:domain resolved: ghcr.io., ip address: 140.82.113.33, TTL: 60
test-ubuntu (3.14t)	Post Harden Runner (Endpoint Network Security)	2026-05-19T19:35:53.5491221Z Tue, 19 May 2026 19:32:52 GMT:endpoint called ip address:port 140.82.113.33:443, domain: ghcr.io., pid: 2366, process: dockerd
test-ubuntu (3.14t)	Post Harden Runner (Endpoint Network Security)	2026-05-19T19:35:53.5492144Z Tue, 19 May 2026 19:32:52 GMT:endpoint called ip address:port 107.22.179.217:443, domain: registry-1.docker.io., pid: 2366, process: dockerd
test-ubuntu (3.14t)	Post Harden Runner (Endpoint Network Security)	2026-05-19T19:35:53.5492973Z Tue, 19 May 2026 19:32:53 GMT:domain resolved: production.cloudfront.docker.com., ip address: 3.170.19.20, TTL: 60
test-ubuntu (3.14t)	Post Harden Runner (Endpoint Network Security)	2026-05-19T19:35:53.5493948Z Tue, 19 May 2026 19:32:54 GMT:domain resolved: deb.debian.org., ip address: 151.101.194.132, TTL: 30
test-ubuntu (3.14t)	Post Harden Runner (Endpoint Network Security)	2026-05-19T19:35:53.5494785Z Tue, 19 May 2026 19:32:54 GMT:endpoint called ip address:port 151.101.194.132:80, domain: deb.debian.org., pid: 3775, process: http
test-ubuntu (3.14t)	Post Harden Runner (Endpoint Network Security)	2026-05-19T19:35:53.5495694Z Tue, 19 May 2026 19:32:56 GMT:endpoint called ip address:port 151.101.194.132:80, domain: deb.debian.org., pid: 3805, process: http
test-ubuntu (3.14t)	Post Harden Runner (Endpoint Network Security)	2026-05-19T19:35:53.5496390Z Tue, 19 May 2026 19:33:00 GMT:domain resolved: files.pythonhosted.org., ip address: 151.101.64.223, TTL: 60
test-ubuntu (3.14t)	Post Harden Runner (Endpoint Network Security)	2026-05-19T19:35:53.5497366Z Tue, 19 May 2026 19:33:00 GMT:domain resolved: files.pythonhosted.org., ip address: 151.101.64.223, TTL: 60
test-ubuntu (3.14t)	Post Harden Runner (Endpoint Network Security)	2026-05-19T19:35:53.5498161Z Tue, 19 May 2026 19:33:00 GMT:domain resolved: files.pythonhosted.org., ip address: 151.101.192.223, TTL: 60
test-ubuntu (3.14t)	Post Harden Runner (Endpoint Network Security)	2026-05-19T19:35:53.5498790Z Tue, 19 May 2026 19:33:00 GMT:domain resolved: files.pythonhosted.org., ip address: 151.101.128.223, TTL: 60
test-ubuntu (3.14t)	Post Harden Runner (Endpoint Network Security)	2026-05-19T19:35:53.5499778Z Tue, 19 May 2026 19:33:00 GMT:domain resolved: files.pythonhosted.org., ip address: 151.101.0.223, TTL: 60
test-ubuntu (3.14t)	Post Harden Runner (Endpoint Network Security)	2026-05-19T19:35:53.5500557Z Tue, 19 May 2026 19:33:00 GMT:domain resolved: files.pythonhosted.org., ip address: 151.101.128.223, TTL: 60
test-ubuntu (3.14t)	Post Harden Runner (Endpoint Network Security)	2026-05-19T19:35:53.5501176Z Tue, 19 May 2026 19:33:00 GMT:domain resolved: files.pythonhosted.org., ip address: 151.101.0.223, TTL: 60
test-ubuntu (3.14t)	Post Harden Runner (Endpoint Network Security)	2026-05-19T19:35:53.5502156Z Tue, 19 May 2026 19:33:00 GMT:domain resolved: files.pythonhosted.org., ip address: 151.101.64.223, TTL: 60
test-ubuntu (3.14t)	Post Harden Runner (Endpoint Network Security)	2026-05-19T19:35:53.5502871Z Tue, 19 May 2026 19:33:00 GMT:domain resolved: files.pythonhosted.org., ip address: 151.101.128.223, TTL: 60
test-ubuntu (3.14t)	Post Harden Runner (Endpoint Network Security)	2026-05-19T19:35:53.5503691Z Tue, 19 May 2026 19:33:00 GMT:domain resolved: files.pythonhosted.org., ip address: 151.101.192.223, TTL: 60
test-ubuntu (3.14t)	Post Harden Runner (Endpoint Network Security)	2026-05-19T19:35:53.5504488Z Tue, 19 May 2026 19:33:00 GMT:domain resolved: files.pythonhosted.org., ip address: 151.101.0.223, TTL: 60
test-ubuntu (3.14t)	Post Harden Runner (Endpoint Network Security)	2026-05-19T19:35:53.5505093Z Tue, 19 May 2026 19:33:00 GMT:domain resolved: files.pythonhosted.org., ip address: 151.101.128.223, TTL: 60
test-ubuntu (3.14t)	Post Harden Runner (Endpoint Network Security)	2026-05-19T19:35:53.5505875Z Tue, 19 May 2026 19:33:00 GMT:domain resolved: files.pythonhosted.org., ip address: 151.101.192.223, TTL: 60
test-ubuntu (3.14t)	Post Harden Runner (Endpoint Network Security)	2026-05-19T19:35:53.5506605Z Tue, 19 May 2026 19:33:00 GMT:domain resolved: files.pythonhosted.org., ip address: 151.101.192.223, TTL: 60
test-ubuntu (3.14t)	Post Harden Runner (Endpoint Network Security)	2026-05-19T19:35:53.5507277Z Tue, 19 May 2026 19:33:00 GMT:domain resolved: files.pythonhosted.org., ip address: 151.101.0.223, TTL: 60
test-ubuntu (3.14t)	Post Harden Runner (Endpoint Network Security)	2026-05-19T19:35:53.5508069Z Tue, 19 May 2026 19:33:00 GMT:domain resolved: files.pythonhosted.org., ip address: 151.101.192.223, TTL: 60
test-ubuntu (3.14t)	Post Harden Runner (Endpoint Network Security)	2026-05-19T19:35:53.5508685Z Tue, 19 May 2026 19:33:00 GMT:domain resolved: files.pythonhosted.org., ip address: 151.101.0.223, TTL: 60
test-ubuntu (3.14t)	Post Harden Runner (Endpoint Network Security)	2026-05-19T19:35:53.5509475Z Tue, 19 May 2026 19:33:00 GMT:domain resolved: files.pythonhosted.org., ip address: 151.101.192.223, TTL: 60
test-ubuntu (3.14t)	Post Harden Runner (Endpoint Network Security)	2026-05-19T19:35:53.5510445Z Tue, 19 May 2026 19:33:00 GMT:domain resolved: files.pythonhosted.org., ip address: 151.101.64.223, TTL: 60
test-ubuntu (3.14t)	Post Harden Runner (Endpoint Network Security)	2026-05-19T19:35:53.5511068Z Tue, 19 May 2026 19:33:00 GMT:domain resolved: files.pythonhosted.org., ip address: 151.101.192.223, TTL: 60
test-ubuntu (3.14t)	Post Harden Runner (Endpoint Network Security)	2026-05-19T19:35:53.5511852Z Tue, 19 May 2026 19:33:00 GMT:domain resolved: files.pythonhosted.org., ip address: 151.101.64.223, TTL: 60
test-ubuntu (3.14t)	Post Harden Runner (Endpoint Network Security)	2026-05-19T19:35:53.5512465Z Tue, 19 May 2026 19:33:00 GMT:domain resolved: files.pythonhosted.org., ip address: 151.101.0.223, TTL: 60
test-ubuntu (3.14t)	Post Harden Runner (Endpoint Network Security)	2026-05-19T19:35:53.5513249Z Tue, 19 May 2026 19:33:00 GMT:domain resolved: files.pythonhosted.org., ip address: 151.101.128.223, TTL: 60
test-ubuntu (3.14t)	Post Harden Runner (Endpoint Network Security)	2026-05-19T19:35:53.5514290Z Tue, 19 May 2026 19:33:00 GMT:domain resolved: files.pythonhosted.org., ip address: 151.101.0.223, TTL: 60
test-ubuntu (3.14t)	Post Harden Runner (Endpoint Network Security)	2026-05-19T19:35:53.5514905Z Tue, 19 May 2026 19:33:00 GMT:domain resolved: files.pythonhosted.org., ip address: 151.101.64.223, TTL: 60
test-ubuntu (3.14t)	Post Harden Runner (Endpoint Network Security)	2026-05-19T19:35:53.5515864Z Tue, 19 May 2026 19:33:00 GMT:domain resolved: files.pythonhosted.org., ip address: 151.101.0.223, TTL: 60
test-ubuntu (3.14t)	Post Harden Runner (Endpoint Network Security)	2026-05-19T19:35:53.5516630Z Tue, 19 May 2026 19:33:00 GMT:domain resolved: files.pythonhosted.org., ip address: 151.101.128.223, TTL: 60
test-ubuntu (3.14t)	Post Harden Runner (Endpoint Network Security)	2026-05-19T19:35:53.5517238Z Tue, 19 May 2026 19:33:00 GMT:domain resolved: files.pythonhosted.org., ip address: 151.101.0.223, TTL: 60
test-ubuntu (3.14t)	Post Harden Runner (Endpoint Network Security)	2026-05-19T19:35:53.5518070Z Tue, 19 May 2026 19:33:00 GMT:domain resolved: files.pythonhosted.org., ip address: 151.101.192.223, TTL: 60
test-ubuntu (3.14t)	Post Harden Runner (Endpoint Network Security)	2026-05-19T19:35:53.5519121Z Tue, 19 May 2026 19:33:00 GMT:domain resolved: files.pythonhosted.org., ip address: 151.101.64.223, TTL: 60
test-ubuntu (3.14t)	Post Harden Runner (Endpoint Network Security)	2026-05-19T19:35:53.5520169Z Tue, 19 May 2026 19:33:00 GMT:domain resolved: files.pythonhosted.org., ip address: 151.101.128.223, TTL: 60
test-ubuntu (3.14t)	Post Harden Runner (Endpoint Network Security)	2026-05-19T19:35:53.5521224Z Tue, 19 May 2026 19:33:00 GMT:domain resolved: files.pythonhosted.org., ip address: 151.101.128.223, TTL: 60
test-ubuntu (3.14t)	Post Harden Runner (Endpoint Network Security)	2026-05-19T19:35:53.5522913Z Tue, 19 May 2026 19:33:00 GMT:domain resolved: files.pythonhosted.org., ip address: 151.101.64.223, TTL: 60
test-ubuntu (3.14t)	Post Harden Runner (Endpoint Network Security)	2026-05-19T19:35:53.5524086Z Tue, 19 May 2026 19:33:00 GMT:domain resolved: files.pythonhosted.org., ip address: 151.101.64.223, TTL: 60
test-ubuntu (3.14t)	Post Harden Runner (Endpoint Network Security)	2026-05-19T19:35:53.5524772Z Tue, 19 May 2026 19:33:00 GMT:domain resolved: files.pythonhosted.org., ip address: 151.101.192.223, TTL: 60
test-ubuntu (3.14t)	Post Harden Runner (Endpoint Network Security)	2026-05-19T19:35:53.5525557Z Tue, 19 May 2026 19:33:00 GMT:domain resolved: files.pythonhosted.org., ip address: 151.101.192.223, TTL: 60
test-ubuntu (3.14t)	Post Harden Runner (Endpoint Network Security)	2026-05-19T19:35:53.5526428Z Tue, 19 May 2026 19:33:00 GMT:domain resolved: files.pythonhosted.org., ip address: 151.101.0.223, TTL: 60
test-ubuntu (3.14t)	Post Harden Runner (Endpoint Network Security)	2026-05-19T19:35:53.5527037Z Tue, 19 May 2026 19:33:00 GMT:domain resolved: files.pythonhosted.org., ip address: 151.101.128.223, TTL: 60
test-ubuntu (3.14t)	Post Harden Runner (Endpoint Network Security)	2026-05-19T19:35:53.5527804Z Tue, 19 May 2026 19:33:00 GMT:domain resolved: files.pythonhosted.org., ip address: 151.101.0.223, TTL: 60
test-ubuntu (3.14t)	Post Harden Runner (Endpoint Network Security)	2026-05-19T19:35:53.5528540Z Tue, 19 May 2026 19:33:00 GMT:endpoint called ip address:port 151.101.0.223:443, domain: files.pythonhosted.org., pid: 4261, process: uv
test-ubuntu (3.14t)	Post Harden Runner (Endpoint Network Security)	2026-05-19T19:35:53.5529318Z Tue, 19 May 2026 19:33:00 GMT:endpoint called ip address:port 151.101.64.223:443, domain: files.pythonhosted.org., pid: 4261, process: uv
test-ubuntu (3.14t)	Post Harden Runner (Endpoint Network Security)	2026-05-19T19:35:53.5530241Z Tue, 19 May 2026 19:33:00 GMT:endpoint called ip address:port 151.101.192.223:443, domain: files.pythonhosted.org., pid: 4261, process: uv
test-ubuntu (3.14t)	Post Harden Runner (Endpoint Network Security)	2026-05-19T19:35:53.5531182Z Tue, 19 May 2026 19:33:00 GMT:endpoint called ip address:port 151.101.128.223:443, domain: files.pythonhosted.org., pid: 4261, process: uv
test-ubuntu (3.14t)	Post Harden Runner (Endpoint Network Security)	2026-05-19T19:35:53.5532239Z Tue, 19 May 2026 19:33:01 GMT:domain resolved: pypi.org., ip address: 151.101.64.223, TTL: 19239
test-ubuntu (3.14t)	Post Harden Runner (Endpoint Network Security)	2026-05-19T19:35:53.5533160Z Tue, 19 May 2026 19:33:01 GMT:domain resolved: pypi.org., ip address: 151.101.64.223, TTL: 9265
test-ubuntu (3.14t)	Post Harden Runner (Endpoint Network Security)	2026-05-19T19:35:53.5534454Z Tue, 19 May 2026 19:33:04 GMT:endpoint called ip address:port 172.64.144.78:443, domain: auth.docker.io., pid: 3616, process: docker-buildx
test-ubuntu (3.14t)	Post Harden Runner (Endpoint Network Security)	2026-05-19T19:35:53.5535251Z Tue, 19 May 2026 19:33:04 GMT:endpoint called ip address:port 140.82.113.33:443, domain: ghcr.io., pid: 3616, process: docker-buildx
test-ubuntu (3.14t)	Post Harden Runner (Endpoint Network Security)	2026-05-19T19:35:53.5538027Z Tue, 19 May 2026 19:33:07 GMT:endpoint called ip address:port 151.101.64.223:443, domain: pypi.org., pid: 4413, process: uv
test-ubuntu (3.14t)	Post Harden Runner (Endpoint Network Security)	2026-05-19T19:35:53.5539004Z Tue, 19 May 2026 19:33:07 GMT:endpoint called ip address:port 151.101.192.223:443, domain: files.pythonhosted.org., pid: 4413, process: uv
test-ubuntu (3.14t)	Post Harden Runner (Endpoint Network Security)	2026-05-19T19:35:53.5540274Z Tue, 19 May 2026 19:33:09 GMT:endpoint called ip address:port 151.101.64.223:443, domain: pypi.org., pid: 4532, process: uv
test-ubuntu (3.14t)	Post Harden Runner (Endpoint Network Security)	2026-05-19T19:35:53.5541503Z Tue, 19 May 2026 19:33:09 GMT:endpoint called ip address:port 151.101.192.223:443, domain: files.pythonhosted.org., pid: 4532, process: uv
test-ubuntu (3.14t)	Post Harden Runner (Endpoint Network Security)	2026-05-19T19:35:53.5542689Z Tue, 19 May 2026 19:33:30 GMT:domain resolved: version-info.temporal.io., ip address: 3.167.112.20, TTL: 60
test-ubuntu (3.14t)	Post Harden Runner (Endpoint Network Security)	2026-05-19T19:35:53.5544201Z Tue, 19 May 2026 19:33:31 GMT:endpoint called ip address:port 3.167.112.20:443, domain: version-info.temporal.io., pid: 6605, process: temporal-server
test-ubuntu (3.14t)	Post Harden Runner (Endpoint Network Security)	2026-05-19T19:35:53.5545392Z Tue, 19 May 2026 19:33:57 GMT:domain resolved: results-receiver.actions.githubusercontent.com., ip address: 140.82.112.21, TTL: 51
test-ubuntu (3.14t)	Post Harden Runner (Endpoint Network Security)	2026-05-19T19:35:53.5546088Z Tue, 19 May 2026 19:33:57 GMT:domain resolved: temporal.download., ip address: 104.21.27.83, TTL: 300
test-ubuntu (3.14t)	Post Harden Runner (Endpoint Network Security)	2026-05-19T19:35:53.5546906Z Tue, 19 May 2026 19:33:57 GMT:endpoint called ip address:port 140.82.112.21:443, domain: results-receiver.actions.githubusercontent.com., pid: 2107, process: Runner.Worker
test-ubuntu (3.14t)	Post Harden Runner (Endpoint Network Security)	2026-05-19T19:35:53.5548077Z Tue, 19 May 2026 19:33:57 GMT:endpoint called ip address:port 104.21.27.83:443, domain: temporal.download., pid: 8008, process: node
test-ubuntu (3.14t)	Post Harden Runner (Endpoint Network Security)	2026-05-19T19:35:53.5549836Z Tue, 19 May 2026 19:33:57 GMT:domain resolved: productionresultssa14.blob.core.windows.net., ip address: 20.209.226.1, TTL: 30
test-ubuntu (3.14t)	Post Harden Runner (Endpoint Network Security)	2026-05-19T19:35:53.5551125Z Tue, 19 May 2026 19:34:04 GMT:sudo process started: Exe: /usr/bin/sudo, Arguments: [sudo apt-get update]
test-ubuntu (3.14t)	Post Harden Runner (Endpoint Network Security)	2026-05-19T19:35:53.5552146Z Tue, 19 May 2026 19:34:04 GMT:sudo process started: Exe: /usr/bin/apt-get, Arguments: [apt-get update]
test-ubuntu (3.14t)	Post Harden Runner (Endpoint Network Security)	2026-05-19T19:35:53.5553949Z Tue, 19 May 2026 19:34:04 GMT:sudo process started: Exe: /usr/bin/dpkg, Arguments: [/usr/bin/dpkg --force-confdef --force-confold --force-confdef --force-confold --print-foreign-architectures]
test-ubuntu (3.14t)	Post Harden Runner (Endpoint Network Security)	2026-05-19T19:35:53.5555564Z Tue, 19 May 2026 19:34:04 GMT:sudo process started: Exe: /usr/lib/apt/methods/http, Arguments: [/usr/lib/apt/methods/https]
test-ubuntu (3.14t)	Post Harden Runner (Endpoint Network Security)	2026-05-19T19:35:53.5556783Z Tue, 19 May 2026 19:34:04 GMT:sudo process started: Exe: /usr/lib/apt/methods/mirror, Arguments: [/usr/lib/apt/methods/mirror+file]
test-ubuntu (3.14t)	Post Harden Runner (Endpoint Network Security)	2026-05-19T19:35:53.5558994Z Tue, 19 May 2026 19:34:04 GMT:sudo process started: Exe: /usr/bin/dash, Arguments: [sh -c -- [ ! -e /run/systemd/system ] || [ $(id -u) -ne 0 ] || systemctl start --no-block apt-news.service esm-cache.service >/dev/null 2>&1 || true]
test-ubuntu (3.14t)	Post Harden Runner (Endpoint Network Security)	2026-05-19T19:35:53.5560419Z Tue, 19 May 2026 19:34:04 GMT:sudo process started: Exe: /usr/bin/id, Arguments: [id -u]
test-ubuntu (3.14t)	Post Harden Runner (Endpoint Network Security)	2026-05-19T19:35:53.5561578Z Tue, 19 May 2026 19:34:04 GMT:sudo process started: Exe: /usr/bin/systemctl, Arguments: [systemctl start --no-block apt-news.service esm-cache.service]
test-ubuntu (3.14t)	Post Harden Runner (Endpoint Network Security)	2026-05-19T19:35:53.5562885Z Tue, 19 May 2026 19:34:04 GMT:sudo process started: Exe: /usr/lib/apt/methods/mirror, Arguments: [/usr/lib/apt/methods/mirror+file]
test-ubuntu (3.14t)	Post Harden Runner (Endpoint Network Security)	2026-05-19T19:35:53.5564236Z Tue, 19 May 2026 19:34:04 GMT:sudo process started: Exe: /usr/lib/apt/methods/http, Arguments: [/usr/lib/apt/methods/https]
test-ubuntu (3.14t)	Post Harden Runner (Endpoint Network Security)	2026-05-19T19:35:53.5565436Z Tue, 19 May 2026 19:34:04 GMT:sudo process started: Exe: /usr/lib/apt/methods/http, Arguments: [/usr/lib/apt/methods/https]
test-ubuntu (3.14t)	Post Harden Runner (Endpoint Network Security)	2026-05-19T19:35:53.5566579Z Tue, 19 May 2026 19:34:04 GMT:sudo process started: Exe: /usr/lib/apt/methods/file, Arguments: [/usr/lib/apt/methods/file]
test-ubuntu (3.14t)	Post Harden Runner (Endpoint Network Security)	2026-05-19T19:35:53.5567606Z Tue, 19 May 2026 19:34:04 GMT:domain resolved: dl.google.com., ip address: 172.253.115.93, TTL: 300
test-ubuntu (3.14t)	Post Harden Runner (Endpoint Network Security)	2026-05-19T19:35:53.5568560Z Tue, 19 May 2026 19:34:04 GMT:domain resolved: packages.microsoft.com., ip address: 13.107.213.40, TTL: 30
test-ubuntu (3.14t)	Post Harden Runner (Endpoint Network Security)	2026-05-19T19:35:53.5569950Z Tue, 19 May 2026 19:34:04 GMT:sudo process started: Exe: /usr/lib/apt/methods/file, Arguments: [/usr/lib/apt/methods/file]
test-ubuntu (3.14t)	Post Harden Runner (Endpoint Network Security)	2026-05-19T19:35:53.5570889Z Tue, 19 May 2026 19:34:04 GMT:sudo process started: Exe: /usr/lib/apt/methods/http, Arguments: [/usr/lib/apt/methods/http]
test-ubuntu (3.14t)	Post Harden Runner (Endpoint Network Security)	2026-05-19T19:35:53.5571983Z Tue, 19 May 2026 19:34:04 GMT:sudo process started: Exe: /usr/lib/apt/methods/http, Arguments: [/usr/lib/apt/methods/http]
test-ubuntu (3.14t)	Post Harden Runner (Endpoint Network Security)	2026-05-19T19:35:53.5573070Z Tue, 19 May 2026 19:34:04 GMT:domain resolved: azure.archive.ubuntu.com., ip address: 52.147.219.192, TTL: 30
test-ubuntu (3.14t)	Post Harden Runner (Endpoint Network Security)	2026-05-19T19:35:53.5574326Z Tue, 19 May 2026 19:34:04 GMT:sudo process started: Exe: /usr/lib/apt/methods/gpgv, Arguments: [/usr/lib/apt/methods/gpgv]
test-ubuntu (3.14t)	Post Harden Runner (Endpoint Network Security)	2026-05-19T19:35:53.5575376Z Tue, 19 May 2026 19:34:04 GMT:sudo process started: Exe: /usr/lib/apt/methods/gpgv, Arguments: [/usr/lib/apt/methods/gpgv]
test-ubuntu (3.14t)	Post Harden Runner (Endpoint Network Security)	2026-05-19T19:35:53.5576443Z Tue, 19 May 2026 19:34:04 GMT:endpoint called ip address:port 172.253.115.93:443, domain: dl.google.com., pid: 9099, process: http
test-ubuntu (3.14t)	Post Harden Runner (Endpoint Network Security)	2026-05-19T19:35:53.5577647Z Tue, 19 May 2026 19:34:04 GMT:endpoint called ip address:port 13.107.213.40:443, domain: packages.microsoft.com., pid: 9100, process: http
test-ubuntu (3.14t)	Post Harden Runner (Endpoint Network Security)	2026-05-19T19:35:53.5578978Z Tue, 19 May 2026 19:34:04 GMT:endpoint called ip address:port 52.147.219.192:80, domain: azure.archive.ubuntu.com., pid: 9104, process: http
test-ubuntu (3.14t)	Post Harden Runner (Endpoint Network Security)	2026-05-19T19:35:53.5580149Z Tue, 19 May 2026 19:34:05 GMT:domain resolved: motd.ubuntu.com., ip address: 34.245.102.249, TTL: 311
test-ubuntu (3.14t)	Post Harden Runner (Endpoint Network Security)	2026-05-19T19:35:53.5581099Z Tue, 19 May 2026 19:34:05 GMT:domain resolved: esm.ubuntu.com., ip address: 185.125.190.23, TTL: 30
test-ubuntu (3.14t)	Post Harden Runner (Endpoint Network Security)	2026-05-19T19:35:53.5582140Z Tue, 19 May 2026 19:34:05 GMT:endpoint called ip address:port 34.245.102.249:443, domain: motd.ubuntu.com., pid: 9143, process: http
test-ubuntu (3.14t)	Post Harden Runner (Endpoint Network Security)	2026-05-19T19:35:53.5583215Z Tue, 19 May 2026 19:34:05 GMT:endpoint called ip address:port 185.125.190.23:443, domain: esm.ubuntu.com., pid: 9157, process: http
test-ubuntu (3.14t)	Post Harden Runner (Endpoint Network Security)	2026-05-19T19:35:53.5584481Z Tue, 19 May 2026 19:34:05 GMT:sudo process started: Exe: /usr/lib/apt/methods/store, Arguments: [/usr/lib/apt/methods/store]
test-ubuntu (3.14t)	Post Harden Runner (Endpoint Network Security)	2026-05-19T19:35:53.5585393Z Tue, 19 May 2026 19:34:05 GMT:sudo process started: Exe: /usr/lib/apt/methods/store, Arguments: [/usr/lib/apt/methods/store]
test-ubuntu (3.14t)	Post Harden Runner (Endpoint Network Security)	2026-05-19T19:35:53.5586729Z Tue, 19 May 2026 19:34:06 GMT:sudo process started: Exe: /usr/bin/dash, Arguments: [sh -c -- touch /var/lib/apt/periodic/update-success-stamp 2>/dev/null || true]
test-ubuntu (3.14t)	Post Harden Runner (Endpoint Network Security)	2026-05-19T19:35:53.5588179Z Tue, 19 May 2026 19:34:06 GMT:sudo process started: Exe: /usr/bin/touch, Arguments: [touch /var/lib/apt/periodic/update-success-stamp]
test-ubuntu (3.14t)	Post Harden Runner (Endpoint Network Security)	2026-05-19T19:35:53.5591129Z Tue, 19 May 2026 19:34:06 GMT:sudo process started: Exe: /usr/bin/dash, Arguments: [sh -c -- /usr/bin/test -e /usr/share/dbus-1/system-services/org.freedesktop.PackageKit.service && /usr/bin/test -S /var/run/dbus/system_bus_socket && /usr/bin/gdbus call --system --dest org.freedesktop.PackageKit --object-path /org/freedesktop/PackageKit --timeout 4 --method org.freedesktop.PackageKit.StateHasChanged cache-update > /dev/null; /bin/echo > /dev/null]
test-ubuntu (3.14t)	Post Harden Runner (Endpoint Network Security)	2026-05-19T19:35:53.5593731Z Tue, 19 May 2026 19:34:06 GMT:sudo process started: Exe: /usr/bin/test, Arguments: [/usr/bin/test -e /usr/share/dbus-1/system-services/org.freedesktop.PackageKit.service]
test-ubuntu (3.14t)	Post Harden Runner (Endpoint Network Security)	2026-05-19T19:35:53.5594836Z Tue, 19 May 2026 19:34:06 GMT:sudo process started: Exe: /usr/bin/test, Arguments: [/usr/bin/test -S /var/run/dbus/system_bus_socket]
test-ubuntu (3.14t)	Post Harden Runner (Endpoint Network Security)	2026-05-19T19:35:53.5596458Z Tue, 19 May 2026 19:34:06 GMT:sudo process started: Exe: /usr/bin/gdbus, Arguments: [/usr/bin/gdbus call --system --dest org.freedesktop.PackageKit --object-path /org/freedesktop/PackageKit --timeout 4 --method org.freedesktop.PackageKit.StateHasChanged cache-update]
test-ubuntu (3.14t)	Post Harden Runner (Endpoint Network Security)	2026-05-19T19:35:53.5598093Z Tue, 19 May 2026 19:34:06 GMT:sudo process started: Exe: /usr/bin/echo, Arguments: [/bin/echo]
test-ubuntu (3.14t)	Post Harden Runner (Endpoint Network Security)	2026-05-19T19:35:53.5611018Z Tue, 19 May 2026 19:34:06 GMT:sudo process started: Exe: /usr/bin/dash, Arguments: [sh -c -- if /usr/bin/test -w /var/cache/swcatalog -a -e /usr/bin/appstreamcli; then appstreamcli refresh --source=os > /dev/null || true; fi]
test-ubuntu (3.14t)	Post Harden Runner (Endpoint Network Security)	2026-05-19T19:35:53.5613205Z Tue, 19 May 2026 19:34:06 GMT:sudo process started: Exe: /usr/bin/test, Arguments: [/usr/bin/test -w /var/cache/swcatalog -a -e /usr/bin/appstreamcli]
test-ubuntu (3.14t)	Post Harden Runner (Endpoint Network Security)	2026-05-19T19:35:53.5614770Z Tue, 19 May 2026 19:34:06 GMT:sudo process started: Exe: /usr/bin/appstreamcli, Arguments: [appstreamcli refresh --source=os]
test-ubuntu (3.14t)	Post Harden Runner (Endpoint Network Security)	2026-05-19T19:35:53.5616398Z Tue, 19 May 2026 19:34:09 GMT:sudo process started: Exe: /usr/bin/dash, Arguments: [sh -c -- if /usr/bin/test -w /var/lib/command-not-found/ -a -e /usr/lib/cnf-update-db; then /usr/lib/cnf-update-db > /dev/null; fi]
test-ubuntu (3.14t)	Post Harden Runner (Endpoint Network Security)	2026-05-19T19:35:53.5618133Z Tue, 19 May 2026 19:34:09 GMT:sudo process started: Exe: /usr/bin/test, Arguments: [/usr/bin/test -w /var/lib/command-not-found/ -a -e /usr/lib/cnf-update-db]
test-ubuntu (3.14t)	Post Harden Runner (Endpoint Network Security)	2026-05-19T19:35:53.5619505Z Tue, 19 May 2026 19:34:09 GMT:sudo process started: Exe: /usr/bin/python3.12, Arguments: [/usr/bin/python3 /usr/lib/cnf-update-db]
test-ubuntu (3.14t)	Post Harden Runner (Endpoint Network Security)	2026-05-19T19:35:53.5621778Z Tue, 19 May 2026 19:34:09 GMT:sudo process started: Exe: /usr/bin/dpkg, Arguments: [/usr/bin/dpkg --force-confdef --force-confold --force-confdef --force-confold --force-confdef --force-confold --force-confdef --force-confold --force-confdef --force-confold --force-confdef --force-confold --print-foreign-architectures]
test-ubuntu (3.14t)	Post Harden Runner (Endpoint Network Security)	2026-05-19T19:35:53.5624265Z Tue, 19 May 2026 19:34:09 GMT:sudo process started: Exe: /usr/bin/dash, Arguments: [sh -c -- /usr/lib/update-notifier/update-motd-updates-available 2>/dev/null || true]
test-ubuntu (3.14t)	Post Harden Runner (Endpoint Network Security)	2026-05-19T19:35:53.5625836Z Tue, 19 May 2026 19:34:09 GMT:sudo process started: Exe: /usr/bin/dash, Arguments: [/bin/sh -e /usr/lib/update-notifier/update-motd-updates-available]
test-ubuntu (3.14t)	Post Harden Runner (Endpoint Network Security)	2026-05-19T19:35:53.5627282Z Tue, 19 May 2026 19:34:09 GMT:sudo process started: Exe: /usr/bin/apt-config, Arguments: [apt-config shell StateDir Dir::State]
test-ubuntu (3.14t)	Post Harden Runner (Endpoint Network Security)	2026-05-19T19:35:53.5628649Z Tue, 19 May 2026 19:34:09 GMT:sudo process started: Exe: /usr/bin/dpkg, Arguments: [/usr/bin/dpkg --force-confdef --force-confold --force-confdef --force-confold --print-foreign-architectures]
test-ubuntu (3.14t)	Post Harden Runner (Endpoint Network Security)	2026-05-19T19:35:53.5630192Z Tue, 19 May 2026 19:34:09 GMT:sudo process started: Exe: /usr/bin/apt-config, Arguments: [apt-config shell ListDir Dir::State::Lists]
test-ubuntu (3.14t)	Post Harden Runner (Endpoint Network Security)	2026-05-19T19:35:53.5632166Z Tue, 19 May 2026 19:34:09 GMT:sudo process started: Exe: /usr/bin/dpkg, Arguments: [/usr/bin/dpkg --force-confdef --force-confold --force-confdef --force-confold --print-foreign-architectures]
test-ubuntu (3.14t)	Post Harden Runner (Endpoint Network Security)	2026-05-19T19:35:53.5634213Z Tue, 19 May 2026 19:34:09 GMT:sudo process started: Exe: /usr/bin/apt-config, Arguments: [apt-config shell DpkgStatus Dir::State::status]
test-ubuntu (3.14t)	Post Harden Runner (Endpoint Network Security)	2026-05-19T19:35:53.5635957Z Tue, 19 May 2026 19:34:09 GMT:sudo process started: Exe: /usr/bin/dpkg, Arguments: [/usr/bin/dpkg --force-confdef --force-confold --force-confdef --force-confold --print-foreign-architectures]
test-ubuntu (3.14t)	Post Harden Runner (Endpoint Network Security)	2026-05-19T19:35:53.5636935Z Tue, 19 May 2026 19:34:09 GMT:sudo process started: Exe: /usr/bin/apt-config, Arguments: [apt-config shell EtcDir Dir::Etc]
test-ubuntu (3.14t)	Post Harden Runner (Endpoint Network Security)	2026-05-19T19:35:53.5637946Z Tue, 19 May 2026 19:34:09 GMT:sudo process started: Exe: /usr/bin/dpkg, Arguments: [/usr/bin/dpkg --force-confdef --force-confold --force-confdef --force-confold --print-foreign-architectures]
test-ubuntu (3.14t)	Post Harden Runner (Endpoint Network Security)	2026-05-19T19:35:53.5638947Z Tue, 19 May 2026 19:34:09 GMT:sudo process started: Exe: /usr/bin/apt-config, Arguments: [apt-config shell SourceList Dir::Etc::sourcelist]
test-ubuntu (3.14t)	Post Harden Runner (Endpoint Network Security)	2026-05-19T19:35:53.5639937Z Tue, 19 May 2026 19:34:09 GMT:sudo process started: Exe: /usr/bin/dpkg, Arguments: [/usr/bin/dpkg --force-confdef --force-confold --force-confdef --force-confold --print-foreign-architectures]
test-ubuntu (3.14t)	Post Harden Runner (Endpoint Network Security)	2026-05-19T19:35:53.5641207Z Tue, 19 May 2026 19:34:09 GMT:sudo process started: Exe: /usr/bin/find, Arguments: [find /var/lib/apt/lists/ /etc/apt/sources.list //var/lib/dpkg/status -type f -newer /var/lib/update-notifier/updates-available -print -quit]
test-ubuntu (3.14t)	Post Harden Runner (Endpoint Network Security)	2026-05-19T19:35:53.5642298Z Tue, 19 May 2026 19:34:09 GMT:sudo process started: Exe: /usr/bin/dirname, Arguments: [dirname /var/lib/update-notifier/updates-available]
test-ubuntu (3.14t)	Post Harden Runner (Endpoint Network Security)	2026-05-19T19:35:53.5643278Z Tue, 19 May 2026 19:34:09 GMT:sudo process started: Exe: /usr/bin/mktemp, Arguments: [mktemp -p /var/lib/update-notifier]
test-ubuntu (3.14t)	Post Harden Runner (Endpoint Network Security)	2026-05-19T19:35:53.5645232Z Tue, 19 May 2026 19:34:09 GMT:sudo process started: Exe: /usr/bin/dpkg, Arguments: [/usr/bin/dpkg --force-confdef --force-confold --force-confdef --force-confold --force-confdef --force-confold --force-confdef --force-confold --print-foreign-architectures]
test-ubuntu (3.14t)	Post Harden Runner (Endpoint Network Security)	2026-05-19T19:35:53.5647821Z Tue, 19 May 2026 19:34:09 GMT:sudo process started: Exe: /usr/bin/dpkg, Arguments: [/usr/bin/dpkg --force-confdef --force-confold --force-confdef --force-confold --force-confdef --force-confold --force-confdef --force-confold --print-foreign-architectures]
test-ubuntu (3.14t)	Post Harden Runner (Endpoint Network Security)	2026-05-19T19:35:53.5650329Z Tue, 19 May 2026 19:34:11 GMT:sudo process started: Exe: /usr/bin/dpkg, Arguments: [/usr/bin/dpkg --force-confdef --force-confold --force-confdef --force-confold --force-confdef --force-confold --force-confdef --force-confold --print-foreign-architectures]
test-ubuntu (3.14t)	Post Harden Runner (Endpoint Network Security)	2026-05-19T19:35:53.5652294Z Tue, 19 May 2026 19:34:12 GMT:sudo process started: Exe: /usr/bin/dpkg, Arguments: [/usr/bin/dpkg --print-foreign-architectures]
test-ubuntu (3.14t)	Post Harden Runner (Endpoint Network Security)	2026-05-19T19:35:53.5653424Z Tue, 19 May 2026 19:34:12 GMT:sudo process started: Exe: /usr/bin/dpkg, Arguments: [/usr/bin/dpkg --print-foreign-architectures]
test-ubuntu (3.14t)	Post Harden Runner (Endpoint Network Security)	2026-05-19T19:35:53.5654848Z Tue, 19 May 2026 19:34:12 GMT:sudo process started: Exe: /usr/bin/dpkg, Arguments: [/usr/bin/dpkg --print-foreign-architectures]
test-ubuntu (3.14t)	Post Harden Runner (Endpoint Network Security)	2026-05-19T19:35:53.5655975Z Tue, 19 May 2026 19:34:12 GMT:sudo process started: Exe: /usr/bin/dpkg, Arguments: [/usr/bin/dpkg --print-foreign-architectures]
test-ubuntu (3.14t)	Post Harden Runner (Endpoint Network Security)	2026-05-19T19:35:53.5657472Z Tue, 19 May 2026 19:34:12 GMT:sudo process started: Exe: /usr/bin/dpkg, Arguments: [/usr/bin/dpkg --force-confdef --force-confold --force-confdef --force-confold --print-foreign-architectures]
test-ubuntu (3.14t)	Post Harden Runner (Endpoint Network Security)	2026-05-19T19:35:53.5659292Z Tue, 19 May 2026 19:34:13 GMT:sudo process started: Exe: /usr/bin/mv, Arguments: [mv /var/lib/update-notifier/tmp.M1HcQWJjvP /var/lib/update-notifier/updates-available]
test-ubuntu (3.14t)	Post Harden Runner (Endpoint Network Security)	2026-05-19T19:35:53.5660806Z Tue, 19 May 2026 19:34:13 GMT:sudo process started: Exe: /usr/bin/chmod, Arguments: [chmod +r /var/lib/update-notifier/updates-available]
test-ubuntu (3.14t)	Post Harden Runner (Endpoint Network Security)	2026-05-19T19:35:53.5662150Z Tue, 19 May 2026 19:34:13 GMT:sudo process started: Exe: /usr/bin/rm, Arguments: [rm -f /var/lib/update-notifier/tmp.M1HcQWJjvP]
test-ubuntu (3.14t)	Post Harden Runner (Endpoint Network Security)	2026-05-19T19:35:53.5663923Z Tue, 19 May 2026 19:34:13 GMT:sudo process started: Exe: /usr/bin/dpkg, Arguments: [/usr/bin/dpkg --force-confdef --force-confold --force-confdef --force-confold --print-foreign-architectures]
test-ubuntu (3.14t)	Post Harden Runner (Endpoint Network Security)	2026-05-19T19:35:53.5666282Z Tue, 19 May 2026 19:34:14 GMT:sudo process started: Exe: /usr/bin/dpkg, Arguments: [/usr/bin/dpkg --force-confdef --force-confold --force-confdef --force-confold --print-foreign-architectures]
test-ubuntu (3.14t)	Post Harden Runner (Endpoint Network Security)	2026-05-19T19:35:53.5667969Z Tue, 19 May 2026 19:34:14 GMT:sudo process started: Exe: /usr/bin/sudo, Arguments: [sudo apt-get install -y protobuf-compiler]
test-ubuntu (3.14t)	Post Harden Runner (Endpoint Network Security)	2026-05-19T19:35:53.5669223Z Tue, 19 May 2026 19:34:14 GMT:sudo process started: Exe: /usr/bin/apt-get, Arguments: [apt-get install -y protobuf-compiler]
test-ubuntu (3.14t)	Post Harden Runner (Endpoint Network Security)	2026-05-19T19:35:53.5670946Z Tue, 19 May 2026 19:34:14 GMT:sudo process started: Exe: /usr/bin/dpkg, Arguments: [/usr/bin/dpkg --force-confdef --force-confold --force-confdef --force-confold --print-foreign-architectures]
test-ubuntu (3.14t)	Post Harden Runner (Endpoint Network Security)	2026-05-19T19:35:53.5673061Z Tue, 19 May 2026 19:34:14 GMT:sudo process started: Exe: /usr/bin/dpkg, Arguments: [/usr/bin/dpkg --force-confdef --force-confold --force-confdef --force-confold --print-foreign-architectures]
test-ubuntu (3.14t)	Post Harden Runner (Endpoint Network Security)	2026-05-19T19:35:53.5675018Z Tue, 19 May 2026 19:34:15 GMT:sudo process started: Exe: /usr/lib/apt/methods/mirror, Arguments: [/usr/lib/apt/methods/mirror+file]
test-ubuntu (3.14t)	Post Harden Runner (Endpoint Network Security)	2026-05-19T19:35:53.5676199Z Tue, 19 May 2026 19:34:15 GMT:sudo process started: Exe: /usr/bin/ischroot, Arguments: [/usr/bin/ischroot -t]
test-ubuntu (3.14t)	Post Harden Runner (Endpoint Network Security)	2026-05-19T19:35:53.5677302Z Tue, 19 May 2026 19:34:15 GMT:sudo process started: Exe: /usr/lib/apt/methods/mirror, Arguments: [/usr/lib/apt/methods/mirror+file]
test-ubuntu (3.14t)	Post Harden Runner (Endpoint Network Security)	2026-05-19T19:35:53.5678530Z Tue, 19 May 2026 19:34:15 GMT:sudo process started: Exe: /usr/lib/apt/methods/file, Arguments: [/usr/lib/apt/methods/file]
test-ubuntu (3.14t)	Post Harden Runner (Endpoint Network Security)	2026-05-19T19:35:53.5679997Z Tue, 19 May 2026 19:34:15 GMT:sudo process started: Exe: /usr/lib/apt/methods/file, Arguments: [/usr/lib/apt/methods/file]
test-ubuntu (3.14t)	Post Harden Runner (Endpoint Network Security)	2026-05-19T19:35:53.5681173Z Tue, 19 May 2026 19:34:15 GMT:sudo process started: Exe: /usr/lib/apt/methods/http, Arguments: [/usr/lib/apt/methods/http]
test-ubuntu (3.14t)	Post Harden Runner (Endpoint Network Security)	2026-05-19T19:35:53.5682413Z Tue, 19 May 2026 19:34:15 GMT:sudo process started: Exe: /usr/lib/apt/methods/http, Arguments: [/usr/lib/apt/methods/http]
test-ubuntu (3.14t)	Post Harden Runner (Endpoint Network Security)	2026-05-19T19:35:53.5683988Z Tue, 19 May 2026 19:34:15 GMT:endpoint called ip address:port 52.147.219.192:80, domain: azure.archive.ubuntu.com., pid: 10233, process: http
test-ubuntu (3.14t)	Post Harden Runner (Endpoint Network Security)	2026-05-19T19:35:53.5685340Z Tue, 19 May 2026 19:34:16 GMT:sudo process started: Exe: /usr/bin/dash, Arguments: [/bin/sh -c /usr/sbin/dpkg-preconfigure --apt || true]
test-ubuntu (3.14t)	Post Harden Runner (Endpoint Network Security)	2026-05-19T19:35:53.5686803Z Tue, 19 May 2026 19:34:16 GMT:sudo process started: Exe: /usr/bin/perl, Arguments: [/usr/bin/perl /usr/sbin/dpkg-preconfigure --apt]
test-ubuntu (3.14t)	Post Harden Runner (Endpoint Network Security)	2026-05-19T19:35:53.5687983Z Tue, 19 May 2026 19:34:16 GMT:sudo process started: Exe: /usr/bin/locale, Arguments: [locale charmap]
test-ubuntu (3.14t)	Post Harden Runner (Endpoint Network Security)	2026-05-19T19:35:53.5690843Z Tue, 19 May 2026 19:34:16 GMT:sudo process started: Exe: /usr/bin/apt-extracttemplates, Arguments: [apt-extracttemplates --tempdir /var/cache/debconf/tmp.ci /var/cache/apt/archives/libprotobuf32t64_3.21.12-8.2ubuntu0.3_amd64.deb /var/cache/apt/archives/libprotoc32t64_3.21.12-8.2ubuntu0.3_amd64.deb /var/cache/apt/archives/libprotobuf-dev_3.21.12-8.2ubuntu0.3_amd64.deb /var/cache/apt/archives/protobuf-compiler_3.21.12-8.2ubuntu0.3_amd64.deb]
test-ubuntu (3.14t)	Post Harden Runner (Endpoint Network Security)	2026-05-19T19:35:53.5694577Z Tue, 19 May 2026 19:34:16 GMT:sudo process started: Exe: /usr/bin/dpkg, Arguments: [/usr/bin/dpkg --force-confdef --force-confold --force-confdef --force-confold --print-foreign-architectures]
test-ubuntu (3.14t)	Post Harden Runner (Endpoint Network Security)	2026-05-19T19:35:53.5696587Z Tue, 19 May 2026 19:34:16 GMT:sudo process started: Exe: /usr/bin/dpkg, Arguments: [/usr/bin/dpkg --force-confdef --force-confold --force-confdef --force-confold --print-foreign-architectures]
test-ubuntu (3.14t)	Post Harden Runner (Endpoint Network Security)	2026-05-19T19:35:53.5698535Z Tue, 19 May 2026 19:34:16 GMT:sudo process started: Exe: /usr/bin/dpkg, Arguments: [/usr/bin/dpkg --force-confdef --force-confold --force-confdef --force-confold --print-foreign-architectures]
test-ubuntu (3.14t)	Post Harden Runner (Endpoint Network Security)	2026-05-19T19:35:53.5700327Z Tue, 19 May 2026 19:34:16 GMT:sudo process started: Exe: /usr/bin/dpkg, Arguments: [/usr/bin/dpkg --force-confdef --force-confold --force-confdef --force-confold --assert-multi-arch]
test-ubuntu (3.14t)	Post Harden Runner (Endpoint Network Security)	2026-05-19T19:35:53.5702426Z Tue, 19 May 2026 19:34:16 GMT:sudo process started: Exe: /usr/bin/dpkg, Arguments: [/usr/bin/dpkg --force-confdef --force-confold --force-confdef --force-confold --assert-protected-field]
test-ubuntu (3.14t)	Post Harden Runner (Endpoint Network Security)	2026-05-19T19:35:53.5706209Z Tue, 19 May 2026 19:34:16 GMT:sudo process started: Exe: /usr/bin/dpkg, Arguments: [/usr/bin/dpkg --force-confdef --force-confold --force-confdef --force-confold --status-fd 49 --no-triggers --unpack --auto-deconfigure /var/cache/apt/archives/libprotobuf32t64_3.21.12-8.2ubuntu0.3_amd64.deb /var/cache/apt/archives/libprotoc32t64_3.21.12-8.2ubuntu0.3_amd64.deb /var/cache/apt/archives/libprotobuf-dev_3.21.12-8.2ubuntu0.3_amd64.deb /var/cache/apt/archives/protobuf-compiler_3.21.12-8.2ubuntu0.3_amd64.deb]
test-ubuntu (3.14t)	Post Harden Runner (Endpoint Network Security)	2026-05-19T19:35:53.5709778Z Tue, 19 May 2026 19:34:16 GMT:sudo process started: Exe: /usr/bin/dash, Arguments: [sh -c -- (test -x /usr/lib/needrestart/dpkg-status && /usr/lib/needrestart/dpkg-status || cat > /dev/null)]
test-ubuntu (3.14t)	Post Harden Runner (Endpoint Network Security)	2026-05-19T19:35:53.5711293Z Tue, 19 May 2026 19:34:16 GMT:sudo process started: Exe: /usr/bin/dash, Arguments: [/bin/sh /usr/lib/needrestart/dpkg-status]
test-ubuntu (3.14t)	Post Harden Runner (Endpoint Network Security)	2026-05-19T19:35:53.5712415Z Tue, 19 May 2026 19:34:16 GMT:sudo process started: Exe: /usr/bin/mkdir, Arguments: [mkdir -p /run/needrestart]
test-ubuntu (3.14t)	Post Harden Runner (Endpoint Network Security)	2026-05-19T19:35:53.5714245Z Tue, 19 May 2026 19:34:16 GMT:sudo process started: Exe: /usr/bin/dpkg-split, Arguments: [dpkg-split -Qao /var/lib/dpkg/reassemble.deb /var/cache/apt/archives/libprotobuf32t64_3.21.12-8.2ubuntu0.3_amd64.deb]
test-ubuntu (3.14t)	Post Harden Runner (Endpoint Network Security)	2026-05-19T19:35:53.5716269Z Tue, 19 May 2026 19:34:16 GMT:sudo process started: Exe: /usr/bin/dpkg-deb, Arguments: [dpkg-deb --control /var/cache/apt/archives/libprotobuf32t64_3.21.12-8.2ubuntu0.3_amd64.deb /var/lib/dpkg/tmp.ci]
test-ubuntu (3.14t)	Post Harden Runner (Endpoint Network Security)	2026-05-19T19:35:53.5718110Z Tue, 19 May 2026 19:34:16 GMT:sudo process started: Exe: /usr/bin/tar, Arguments: [tar -x -f - --warning=no-timestamp]
test-ubuntu (3.14t)	Post Harden Runner (Endpoint Network Security)	2026-05-19T19:35:53.5719606Z Tue, 19 May 2026 19:34:18 GMT:sudo process started: Exe: /usr/bin/dpkg-deb, Arguments: [dpkg-deb --fsys-tarfile /var/cache/apt/archives/libprotobuf32t64_3.21.12-8.2ubuntu0.3_amd64.deb]
test-ubuntu (3.14t)	Post Harden Runner (Endpoint Network Security)	2026-05-19T19:35:53.5721052Z Tue, 19 May 2026 19:34:18 GMT:sudo process started: Exe: /usr/bin/touch, Arguments: [touch /run/needrestart/unpacked]
test-ubuntu (3.14t)	Post Harden Runner (Endpoint Network Security)	2026-05-19T19:35:53.5722190Z Tue, 19 May 2026 19:34:18 GMT:sudo process started: Exe: /usr/bin/rm, Arguments: [rm -rf -- /var/lib/dpkg/tmp.ci]
test-ubuntu (3.14t)	Post Harden Runner (Endpoint Network Security)	2026-05-19T19:35:53.5724052Z Tue, 19 May 2026 19:34:18 GMT:sudo process started: Exe: /usr/bin/dpkg-split, Arguments: [dpkg-split -Qao /var/lib/dpkg/reassemble.deb /var/cache/apt/archives/libprotoc32t64_3.21.12-8.2ubuntu0.3_amd64.deb]
test-ubuntu (3.14t)	Post Harden Runner (Endpoint Network Security)	2026-05-19T19:35:53.5726106Z Tue, 19 May 2026 19:34:18 GMT:sudo process started: Exe: /usr/bin/dpkg-deb, Arguments: [dpkg-deb --control /var/cache/apt/archives/libprotoc32t64_3.21.12-8.2ubuntu0.3_amd64.deb /var/lib/dpkg/tmp.ci]
test-ubuntu (3.14t)	Post Harden Runner (Endpoint Network Security)	2026-05-19T19:35:53.5727572Z Tue, 19 May 2026 19:34:18 GMT:sudo process started: Exe: /usr/bin/tar, Arguments: [tar -x -f - --warning=no-timestamp]
test-ubuntu (3.14t)	Post Harden Runner (Endpoint Network Security)	2026-05-19T19:35:53.5729055Z Tue, 19 May 2026 19:34:18 GMT:sudo process started: Exe: /usr/bin/dpkg-deb, Arguments: [dpkg-deb --fsys-tarfile /var/cache/apt/archives/libprotoc32t64_3.21.12-8.2ubuntu0.3_amd64.deb]
test-ubuntu (3.14t)	Post Harden Runner (Endpoint Network Security)	2026-05-19T19:35:53.5730449Z Tue, 19 May 2026 19:34:18 GMT:sudo process started: Exe: /usr/bin/rm, Arguments: [rm -rf -- /var/lib/dpkg/tmp.ci]
test-ubuntu (3.14t)	Post Harden Runner (Endpoint Network Security)	2026-05-19T19:35:53.5732019Z Tue, 19 May 2026 19:34:18 GMT:sudo process started: Exe: /usr/bin/dpkg-split, Arguments: [dpkg-split -Qao /var/lib/dpkg/reassemble.deb /var/cache/apt/archives/libprotobuf-dev_3.21.12-8.2ubuntu0.3_amd64.deb]
test-ubuntu (3.14t)	Post Harden Runner (Endpoint Network Security)	2026-05-19T19:35:53.5734257Z Tue, 19 May 2026 19:34:18 GMT:sudo process started: Exe: /usr/bin/dpkg-deb, Arguments: [dpkg-deb --control /var/cache/apt/archives/libprotobuf-dev_3.21.12-8.2ubuntu0.3_amd64.deb /var/lib/dpkg/tmp.ci]
test-ubuntu (3.14t)	Post Harden Runner (Endpoint Network Security)	2026-05-19T19:35:53.5735947Z Tue, 19 May 2026 19:34:18 GMT:sudo process started: Exe: /usr/bin/tar, Arguments: [tar -x -f - --warning=no-timestamp]
test-ubuntu (3.14t)	Post Harden Runner (Endpoint Network Security)	2026-05-19T19:35:53.5737597Z Tue, 19 May 2026 19:34:18 GMT:sudo process started: Exe: /usr/bin/dpkg-deb, Arguments: [dpkg-deb --fsys-tarfile /var/cache/apt/archives/libprotobuf-dev_3.21.12-8.2ubuntu0.3_amd64.deb]
test-ubuntu (3.14t)	Post Harden Runner (Endpoint Network Security)	2026-05-19T19:35:53.5739426Z Tue, 19 May 2026 19:34:18 GMT:sudo process started: Exe: /usr/bin/rm, Arguments: [rm -rf -- /var/lib/dpkg/tmp.ci]
test-ubuntu (3.14t)	Post Harden Runner (Endpoint Network Security)	2026-05-19T19:35:53.5741120Z Tue, 19 May 2026 19:34:18 GMT:sudo process started: Exe: /usr/bin/dpkg-split, Arguments: [dpkg-split -Qao /var/lib/dpkg/reassemble.deb /var/cache/apt/archives/protobuf-compiler_3.21.12-8.2ubuntu0.3_amd64.deb]
test-ubuntu (3.14t)	Post Harden Runner (Endpoint Network Security)	2026-05-19T19:35:53.5743306Z Tue, 19 May 2026 19:34:18 GMT:sudo process started: Exe: /usr/bin/dpkg-deb, Arguments: [dpkg-deb --control /var/cache/apt/archives/protobuf-compiler_3.21.12-8.2ubuntu0.3_amd64.deb /var/lib/dpkg/tmp.ci]
test-ubuntu (3.14t)	Post Harden Runner (Endpoint Network Security)	2026-05-19T19:35:53.5745139Z Tue, 19 May 2026 19:34:18 GMT:sudo process started: Exe: /usr/bin/tar, Arguments: [tar -x -f - --warning=no-timestamp]
test-ubuntu (3.14t)	Post Harden Runner (Endpoint Network Security)	2026-05-19T19:35:53.5746590Z Tue, 19 May 2026 19:34:18 GMT:sudo process started: Exe: /usr/bin/dpkg-deb, Arguments: [dpkg-deb --fsys-tarfile /var/cache/apt/archives/protobuf-compiler_3.21.12-8.2ubuntu0.3_amd64.deb]
test-ubuntu (3.14t)	Post Harden Runner (Endpoint Network Security)	2026-05-19T19:35:53.5747900Z Tue, 19 May 2026 19:34:18 GMT:sudo process started: Exe: /usr/bin/rm, Arguments: [rm -rf -- /var/lib/dpkg/tmp.ci]
test-ubuntu (3.14t)	Post Harden Runner (Endpoint Network Security)	2026-05-19T19:35:53.5749350Z Tue, 19 May 2026 19:34:18 GMT:sudo process started: Exe: /usr/bin/dpkg, Arguments: [/usr/bin/dpkg --force-confdef --force-confold --force-confdef --force-confold --status-fd 49 --configure --pending]
test-ubuntu (3.14t)	Post Harden Runner (Endpoint Network Security)	2026-05-19T19:35:53.5751245Z Tue, 19 May 2026 19:34:18 GMT:sudo process started: Exe: /usr/bin/dash, Arguments: [sh -c -- (test -x /usr/lib/needrestart/dpkg-status && /usr/lib/needrestart/dpkg-status || cat > /dev/null)]
test-ubuntu (3.14t)	Post Harden Runner (Endpoint Network Security)	2026-05-19T19:35:53.5752757Z Tue, 19 May 2026 19:34:18 GMT:sudo process started: Exe: /usr/bin/dash, Arguments: [/bin/sh /usr/lib/needrestart/dpkg-status]
test-ubuntu (3.14t)	Post Harden Runner (Endpoint Network Security)	2026-05-19T19:35:53.5753712Z Tue, 19 May 2026 19:34:18 GMT:sudo process started: Exe: /usr/bin/mkdir, Arguments: [mkdir -p /run/needrestart]
test-ubuntu (3.14t)	Post Harden Runner (Endpoint Network Security)	2026-05-19T19:35:53.5754419Z Tue, 19 May 2026 19:34:18 GMT:sudo process started: Exe: /usr/bin/touch, Arguments: [touch /run/needrestart/unpacked]
test-ubuntu (3.14t)	Post Harden Runner (Endpoint Network Security)	2026-05-19T19:35:53.5755507Z Tue, 19 May 2026 19:34:18 GMT:sudo process started: Exe: /usr/bin/dash, Arguments: [/bin/sh /var/lib/dpkg/info/man-db.postinst triggered /usr/share/man]
test-ubuntu (3.14t)	Post Harden Runner (Endpoint Network Security)	2026-05-19T19:35:53.5756831Z Tue, 19 May 2026 19:34:18 GMT:sudo process started: Exe: /usr/bin/dash, Arguments: [/bin/sh /var/lib/dpkg/info/libc-bin.postinst triggered ldconfig]
test-ubuntu (3.14t)	Post Harden Runner (Endpoint Network Security)	2026-05-19T19:35:53.5758102Z Tue, 19 May 2026 19:34:18 GMT:sudo process started: Exe: /usr/bin/dash, Arguments: [/bin/sh /usr/sbin/ldconfig -r /]
test-ubuntu (3.14t)	Post Harden Runner (Endpoint Network Security)	2026-05-19T19:35:53.5759546Z Tue, 19 May 2026 19:34:18 GMT:sudo process started: Exe: /usr/bin/dpkg, Arguments: [/usr/bin/dpkg --force-confdef --force-confold --force-confdef --force-confold --print-foreign-architectures]
test-ubuntu (3.14t)	Post Harden Runner (Endpoint Network Security)	2026-05-19T19:35:53.5761462Z Tue, 19 May 2026 19:34:18 GMT:sudo process started: Exe: /usr/bin/dpkg, Arguments: [/usr/bin/dpkg --force-confdef --force-confold --force-confdef --force-confold --print-foreign-architectures]
test-ubuntu (3.14t)	Post Harden Runner (Endpoint Network Security)	2026-05-19T19:35:53.5763363Z Tue, 19 May 2026 19:34:18 GMT:sudo process started: Exe: /usr/bin/dpkg, Arguments: [/usr/bin/dpkg --force-confdef --force-confold --force-confdef --force-confold --print-foreign-architectures]
test-ubuntu (3.14t)	Post Harden Runner (Endpoint Network Security)	2026-05-19T19:35:53.5766902Z Tue, 19 May 2026 19:34:18 GMT:sudo process started: Exe: /usr/bin/dash, Arguments: [sh -c -- /usr/bin/test -e /usr/share/dbus-1/system-services/org.freedesktop.PackageKit.service && /usr/bin/test -S /var/run/dbus/system_bus_socket && /usr/bin/gdbus call --system --dest org.freedesktop.PackageKit --object-path /org/freedesktop/PackageKit --timeout 4 --method org.freedesktop.PackageKit.StateHasChanged cache-update > /dev/null; /bin/echo > /dev/null]
test-ubuntu (3.14t)	Post Harden Runner (Endpoint Network Security)	2026-05-19T19:35:53.5770022Z Tue, 19 May 2026 19:34:18 GMT:sudo process started: Exe: /usr/bin/test, Arguments: [/usr/bin/test -e /usr/share/dbus-1/system-services/org.freedesktop.PackageKit.service]
test-ubuntu (3.14t)	Post Harden Runner (Endpoint Network Security)	2026-05-19T19:35:53.5771475Z Tue, 19 May 2026 19:34:18 GMT:sudo process started: Exe: /usr/bin/test, Arguments: [/usr/bin/test -S /var/run/dbus/system_bus_socket]
test-ubuntu (3.14t)	Post Harden Runner (Endpoint Network Security)	2026-05-19T19:35:53.5774176Z Tue, 19 May 2026 19:34:18 GMT:sudo process started: Exe: /usr/bin/gdbus, Arguments: [/usr/bin/gdbus call --system --dest org.freedesktop.PackageKit --object-path /org/freedesktop/PackageKit --timeout 4 --method org.freedesktop.PackageKit.StateHasChanged cache-update]
test-ubuntu (3.14t)	Post Harden Runner (Endpoint Network Security)	2026-05-19T19:35:53.5775997Z Tue, 19 May 2026 19:34:18 GMT:sudo process started: Exe: /usr/bin/echo, Arguments: [/bin/echo]
test-ubuntu (3.14t)	Post Harden Runner (Endpoint Network Security)	2026-05-19T19:35:53.5777311Z Tue, 19 May 2026 19:34:18 GMT:sudo process started: Exe: /usr/bin/dash, Arguments: [sh -c -- test -x /usr/lib/needrestart/apt-pinvoke && /usr/lib/needrestart/apt-pinvoke -m u || true]
test-ubuntu (3.14t)	Post Harden Runner (Endpoint Network Security)	2026-05-19T19:35:53.5778720Z Tue, 19 May 2026 19:34:18 GMT:sudo process started: Exe: /usr/bin/dash, Arguments: [/bin/sh /usr/lib/needrestart/apt-pinvoke -m u]
test-ubuntu (3.14t)	Post Harden Runner (Endpoint Network Security)	2026-05-19T19:35:53.5780745Z Tue, 19 May 2026 19:34:18 GMT:sudo process started: Exe: /usr/bin/dbus-send, Arguments: [dbus-send --system --dest=org.freedesktop.login1 --print-reply /org/freedesktop/login1 org.freedesktop.DBus.Properties.Get string:org.freedesktop.login1.Manager string:PreparingForShutdown]
test-ubuntu (3.14t)	Post Harden Runner (Endpoint Network Security)	2026-05-19T19:35:53.5782653Z Tue, 19 May 2026 19:34:18 GMT:sudo process started: Exe: /usr/bin/rm, Arguments: [rm -f /run/needrestart/unpacked]
test-ubuntu (3.14t)	Post Harden Runner (Endpoint Network Security)	2026-05-19T19:35:53.5784094Z Tue, 19 May 2026 19:34:19 GMT:sudo process started: Exe: /usr/bin/systemd-detect-virt, Arguments: [/usr/bin/systemd-detect-virt --vm --quiet]
test-ubuntu (3.14t)	Post Harden Runner (Endpoint Network Security)	2026-05-19T19:35:53.5785520Z Tue, 19 May 2026 19:34:19 GMT:sudo process started: Exe: /usr/bin/systemd-detect-virt, Arguments: [/usr/bin/systemd-detect-virt --container --quiet]
test-ubuntu (3.14t)	Post Harden Runner (Endpoint Network Security)	2026-05-19T19:35:53.5786920Z Tue, 19 May 2026 19:34:19 GMT:sudo process started: Exe: /usr/bin/who, Arguments: [who -r]
test-ubuntu (3.14t)	Post Harden Runner (Endpoint Network Security)	2026-05-19T19:35:53.5787791Z Tue, 19 May 2026 19:34:19 GMT:sudo process started: Exe: /usr/bin/locale, Arguments: [locale charmap]
test-ubuntu (3.14t)	Post Harden Runner (Endpoint Network Security)	2026-05-19T19:35:53.5788766Z Tue, 19 May 2026 19:34:19 GMT:sudo process started: Exe: /usr/bin/perl, Arguments: [/usr/bin/perl /usr/sbin/needrestart -m u]
test-ubuntu (3.14t)	Post Harden Runner (Endpoint Network Security)	2026-05-19T19:35:53.5790034Z Tue, 19 May 2026 19:34:19 GMT:sudo process started: Exe: /usr/bin/systemd-detect-virt, Arguments: [/usr/bin/systemd-detect-virt --vm --quiet]
test-ubuntu (3.14t)	Post Harden Runner (Endpoint Network Security)	2026-05-19T19:35:53.5791378Z Tue, 19 May 2026 19:34:19 GMT:sudo process started: Exe: /usr/bin/systemd-detect-virt, Arguments: [/usr/bin/systemd-detect-virt --container --quiet]
test-ubuntu (3.14t)	Post Harden Runner (Endpoint Network Security)	2026-05-19T19:35:53.5792496Z Tue, 19 May 2026 19:34:19 GMT:sudo process started: Exe: /usr/bin/who, Arguments: [who -r]
test-ubuntu (3.14t)	Post Harden Runner (Endpoint Network Security)	2026-05-19T19:35:53.5793394Z Tue, 19 May 2026 19:34:19 GMT:sudo process started: Exe: /usr/bin/python3.12, Arguments: [/usr/bin/python3.12 -]
test-ubuntu (3.14t)	Post Harden Runner (Endpoint Network Security)	2026-05-19T19:35:53.5794628Z Tue, 19 May 2026 19:34:19 GMT:sudo process started: Exe: /usr/bin/python3.12, Arguments: [/usr/bin/python3.12 -]
test-ubuntu (3.14t)	Post Harden Runner (Endpoint Network Security)	2026-05-19T19:35:53.5795669Z Tue, 19 May 2026 19:34:19 GMT:sudo process started: Exe: /usr/bin/python3.12, Arguments: [/usr/bin/python3.12 -]
test-ubuntu (3.14t)	Post Harden Runner (Endpoint Network Security)	2026-05-19T19:35:53.5797376Z Tue, 19 May 2026 19:34:20 GMT:sudo process started: Exe: /usr/bin/dash, Arguments: [sh -c -- if [ -d /var/lib/update-notifier ]; then touch /var/lib/update-notifier/dpkg-run-stamp; fi; /usr/lib/update-notifier/update-motd-updates-available 2>/dev/null || true]
test-ubuntu (3.14t)	Post Harden Runner (Endpoint Network Security)	2026-05-19T19:35:53.5799185Z Tue, 19 May 2026 19:34:20 GMT:sudo process started: Exe: /usr/bin/touch, Arguments: [touch /var/lib/update-notifier/dpkg-run-stamp]
test-ubuntu (3.14t)	Post Harden Runner (Endpoint Network Security)	2026-05-19T19:35:53.5800601Z Tue, 19 May 2026 19:34:20 GMT:sudo process started: Exe: /usr/bin/dash, Arguments: [/bin/sh -e /usr/lib/update-notifier/update-motd-updates-available]
test-ubuntu (3.14t)	Post Harden Runner (Endpoint Network Security)	2026-05-19T19:35:53.5801919Z Tue, 19 May 2026 19:34:20 GMT:sudo process started: Exe: /usr/bin/apt-config, Arguments: [apt-config shell StateDir Dir::State]
test-ubuntu (3.14t)	Post Harden Runner (Endpoint Network Security)	2026-05-19T19:35:53.5803374Z Tue, 19 May 2026 19:34:20 GMT:sudo process started: Exe: /usr/bin/dpkg, Arguments: [/usr/bin/dpkg --force-confdef --force-confold --force-confdef --force-confold --print-foreign-architectures]
test-ubuntu (3.14t)	Post Harden Runner (Endpoint Network Security)	2026-05-19T19:35:53.5805236Z Tue, 19 May 2026 19:34:20 GMT:sudo process started: Exe: /usr/bin/apt-config, Arguments: [apt-config shell ListDir Dir::State::Lists]
test-ubuntu (3.14t)	Post Harden Runner (Endpoint Network Security)	2026-05-19T19:35:53.5807105Z Tue, 19 May 2026 19:34:20 GMT:sudo process started: Exe: /usr/bin/dpkg, Arguments: [/usr/bin/dpkg --force-confdef --force-confold --force-confdef --force-confold --print-foreign-architectures]
test-ubuntu (3.14t)	Post Harden Runner (Endpoint Network Security)	2026-05-19T19:35:53.5808697Z Tue, 19 May 2026 19:34:20 GMT:sudo process started: Exe: /usr/bin/apt-config, Arguments: [apt-config shell DpkgStatus Dir::State::status]
test-ubuntu (3.14t)	Post Harden Runner (Endpoint Network Security)	2026-05-19T19:35:53.5810217Z Tue, 19 May 2026 19:34:20 GMT:sudo process started: Exe: /usr/bin/dpkg, Arguments: [/usr/bin/dpkg --force-confdef --force-confold --force-confdef --force-confold --print-foreign-architectures]
test-ubuntu (3.14t)	Post Harden Runner (Endpoint Network Security)	2026-05-19T19:35:53.5811766Z Tue, 19 May 2026 19:34:20 GMT:sudo process started: Exe: /usr/bin/apt-config, Arguments: [apt-config shell EtcDir Dir::Etc]
test-ubuntu (3.14t)	Post Harden Runner (Endpoint Network Security)	2026-05-19T19:35:53.5813223Z Tue, 19 May 2026 19:34:20 GMT:sudo process started: Exe: /usr/bin/dpkg, Arguments: [/usr/bin/dpkg --force-confdef --force-confold --force-confdef --force-confold --print-foreign-architectures]
test-ubuntu (3.14t)	Post Harden Runner (Endpoint Network Security)	2026-05-19T19:35:53.5814973Z Tue, 19 May 2026 19:34:20 GMT:sudo process started: Exe: /usr/bin/apt-config, Arguments: [apt-config shell SourceList Dir::Etc::sourcelist]
test-ubuntu (3.14t)	Post Harden Runner (Endpoint Network Security)	2026-05-19T19:35:53.5816638Z Tue, 19 May 2026 19:34:20 GMT:sudo process started: Exe: /usr/bin/dpkg, Arguments: [/usr/bin/dpkg --force-confdef --force-confold --force-confdef --force-confold --print-foreign-architectures]
test-ubuntu (3.14t)	Post Harden Runner (Endpoint Network Security)	2026-05-19T19:35:53.5818617Z Tue, 19 May 2026 19:34:20 GMT:sudo process started: Exe: /usr/bin/find, Arguments: [find /var/lib/apt/lists/ /etc/apt/sources.list //var/lib/dpkg/status -type f -newer /var/lib/update-notifier/updates-available -print -quit]
test-ubuntu (3.14t)	Post Harden Runner (Endpoint Network Security)	2026-05-19T19:35:53.5820619Z Tue, 19 May 2026 19:34:20 GMT:sudo process started: Exe: /usr/bin/dirname, Arguments: [dirname /var/lib/update-notifier/updates-available]
test-ubuntu (3.14t)	Post Harden Runner (Endpoint Network Security)	2026-05-19T19:35:53.5821788Z Tue, 19 May 2026 19:34:20 GMT:sudo process started: Exe: /usr/bin/mktemp, Arguments: [mktemp -p /var/lib/update-notifier]
test-ubuntu (3.14t)	Post Harden Runner (Endpoint Network Security)	2026-05-19T19:35:53.5823775Z Tue, 19 May 2026 19:34:20 GMT:sudo process started: Exe: /usr/bin/dpkg, Arguments: [/usr/bin/dpkg --force-confdef --force-confold --force-confdef --force-confold --force-confdef --force-confold --force-confdef --force-confold --print-foreign-architectures]
test-ubuntu (3.14t)	Post Harden Runner (Endpoint Network Security)	2026-05-19T19:35:53.5825452Z Tue, 19 May 2026 19:34:20 GMT:sudo process started: Exe: /usr/bin/dpkg, Arguments: [/usr/bin/dpkg --force-confdef --force-confold --force-confdef --force-confold --force-confdef --force-confold --force-confdef --force-confold --print-foreign-architectures]
test-ubuntu (3.14t)	Post Harden Runner (Endpoint Network Security)	2026-05-19T19:35:53.5826633Z Tue, 19 May 2026 19:34:20 GMT:sudo process started: Exe: /usr/bin/dpkg, Arguments: [/usr/bin/dpkg --print-foreign-architectures]
test-ubuntu (3.14t)	Post Harden Runner (Endpoint Network Security)	2026-05-19T19:35:53.5827607Z Tue, 19 May 2026 19:34:20 GMT:sudo process started: Exe: /usr/bin/dpkg, Arguments: [/usr/bin/dpkg --force-confdef --force-confold --force-confdef --force-confold --print-foreign-architectures]
test-ubuntu (3.14t)	Post Harden Runner (Endpoint Network Security)	2026-05-19T19:35:53.5828707Z Tue, 19 May 2026 19:34:21 GMT:sudo process started: Exe: /usr/bin/mv, Arguments: [mv /var/lib/update-notifier/tmp.sqKODwniZy /var/lib/update-notifier/updates-available]
test-ubuntu (3.14t)	Post Harden Runner (Endpoint Network Security)	2026-05-19T19:35:53.5829625Z Tue, 19 May 2026 19:34:21 GMT:sudo process started: Exe: /usr/bin/chmod, Arguments: [chmod +r /var/lib/update-notifier/updates-available]
test-ubuntu (3.14t)	Post Harden Runner (Endpoint Network Security)	2026-05-19T19:35:53.5830392Z Tue, 19 May 2026 19:34:21 GMT:sudo process started: Exe: /usr/bin/rm, Arguments: [rm -f /var/lib/update-notifier/tmp.sqKODwniZy]
test-ubuntu (3.14t)	Post Harden Runner (Endpoint Network Security)	2026-05-19T19:35:53.5831149Z Tue, 19 May 2026 19:34:21 GMT:endpoint called ip address:port 104.26.12.77:443, domain: releases.astral.sh., pid: 10540, process: uv
test-ubuntu (3.14t)	Post Harden Runner (Endpoint Network Security)	2026-05-19T19:35:53.5831856Z Tue, 19 May 2026 19:34:23 GMT:domain resolved: files.pythonhosted.org., ip address: 151.101.128.223, TTL: 60
test-ubuntu (3.14t)	Post Harden Runner (Endpoint Network Security)	2026-05-19T19:35:53.5832584Z Tue, 19 May 2026 19:34:23 GMT:endpoint called ip address:port 151.101.128.223:443, domain: files.pythonhosted.org., pid: 10540, process: uv
test-ubuntu (3.14t)	Post Harden Runner (Endpoint Network Security)	2026-05-19T19:35:53.5833341Z Tue, 19 May 2026 19:34:25 GMT:endpoint called ip address:port 151.101.64.223:443, domain: pypi.org., pid: 10540, process: uv
test-ubuntu (3.14t)	Post Harden Runner (Endpoint Network Security)	2026-05-19T19:35:53.5834279Z Tue, 19 May 2026 19:35:00 GMT:domain resolved: registry-1.docker.io., ip address: 52.202.41.60, TTL: 30
test-ubuntu (3.14t)	Post Harden Runner (Endpoint Network Security)	2026-05-19T19:35:53.5835196Z Tue, 19 May 2026 19:35:00 GMT:endpoint called ip address:port 52.202.41.60:443, domain: registry-1.docker.io., pid: 2366, process: dockerd
test-ubuntu (3.14t)	Post Harden Runner (Endpoint Network Security)	2026-05-19T19:35:53.5835941Z Tue, 19 May 2026 19:35:00 GMT:domain resolved: production.cloudfront.docker.com., ip address: 3.170.19.62, TTL: 60
test-ubuntu (3.14t)	Post Harden Runner (Endpoint Network Security)	2026-05-19T19:35:53.5836732Z Tue, 19 May 2026 19:35:00 GMT:endpoint called ip address:port 3.170.19.62:443, domain: production.cloudfront.docker.com., pid: 2366, process: dockerd
test-ubuntu (3.14t)	Post Harden Runner (Endpoint Network Security)	2026-05-19T19:35:53.5837227Z 
test-ubuntu (3.14t)	Post Harden Runner (Endpoint Network Security)	2026-05-19T19:35:53.5837336Z Tue, 19 May 2026 19:35:52 GMT:post_event called
test-ubuntu (3.14t)	Post Harden Runner (Endpoint Network Security)	2026-05-19T19:35:53.5837576Z 
test-ubuntu (3.14t)	Post Harden Runner (Endpoint Network Security)	2026-05-19T19:35:53.5837652Z status:
test-ubuntu (3.14t)	Post Harden Runner (Endpoint Network Security)	2026-05-19T19:35:53.5837856Z Initialized
test-ubuntu (3.14t)	Post Harden Runner (Endpoint Network Security)	2026-05-19T19:35:53.5838039Z agent.service log:
test-ubuntu (3.14t)	Post Harden Runner (Endpoint Network Security)	2026-05-19T19:35:53.5838864Z May 19 19:31:28 runnervmg397c systemd[1]: /etc/systemd/system/agent.service:9: Standard output type syslog is obsolete, automatically updating to journal. Please update your unit file, and consider removing the setting altogether.
test-ubuntu (3.14t)	Post Harden Runner (Endpoint Network Security)	2026-05-19T19:35:53.5840304Z May 19 19:31:28 runnervmg397c systemd[1]: /etc/systemd/system/agent.service:10: Standard output type syslog is obsolete, automatically updating to journal. Please update your unit file, and consider removing the setting altogether.
test-ubuntu (3.14t)	Post Harden Runner (Endpoint Network Security)	2026-05-19T19:35:53.5841231Z May 19 19:31:28 runnervmg397c systemd[1]: Started agent.service - Agent.
test-ubuntu (3.14t)	Post Harden Runner (Endpoint Network Security)	2026-05-19T19:35:53.5841990Z May 19 19:31:28 runnervmg397c sudo[2267]:     root : *** ; USER=root ; COMMAND=/usr/bin/systemctl stop systemd-resolved
test-ubuntu (3.14t)	Post Harden Runner (Endpoint Network Security)	2026-05-19T19:35:53.5842816Z May 19 19:31:28 runnervmg397c sudo[2267]: pam_unix(sudo:session): session opened for user root(uid=0) by (uid=0)
test-ubuntu (3.14t)	Post Harden Runner (Endpoint Network Security)	2026-05-19T19:35:53.5843682Z May 19 19:31:28 runnervmg397c sudo[2267]: pam_unix(sudo:session): session closed for user root
test-ubuntu (3.14t)	Post Harden Runner (Endpoint Network Security)	2026-05-19T19:35:53.5844433Z May 19 19:31:28 runnervmg397c sudo[2273]:     root : *** ; USER=root ; COMMAND=/usr/bin/systemctl restart systemd-resolved
test-ubuntu (3.14t)	Post Harden Runner (Endpoint Network Security)	2026-05-19T19:35:53.5845107Z May 19 19:31:28 runnervmg397c sudo[2273]: pam_unix(sudo:session): session opened for user root(uid=0) by (uid=0)
test-ubuntu (3.14t)	Post Harden Runner (Endpoint Network Security)	2026-05-19T19:35:53.5845708Z May 19 19:31:28 runnervmg397c sudo[2273]: pam_unix(sudo:session): session closed for user root
test-ubuntu (3.14t)	Post Harden Runner (Endpoint Network Security)	2026-05-19T19:35:53.5846348Z May 19 19:31:28 runnervmg397c sudo[2281]:     root : *** ; USER=root ; COMMAND=/usr/bin/resolvectl flush-caches
test-ubuntu (3.14t)	Post Harden Runner (Endpoint Network Security)	2026-05-19T19:35:53.5846976Z May 19 19:31:28 runnervmg397c sudo[2281]: pam_unix(sudo:session): session opened for user root(uid=0) by (uid=0)
test-ubuntu (3.14t)	Post Harden Runner (Endpoint Network Security)	2026-05-19T19:35:53.5847566Z May 19 19:31:28 runnervmg397c sudo[2281]: pam_unix(sudo:session): session closed for user root
test-ubuntu (3.14t)	Post Harden Runner (Endpoint Network Security)	2026-05-19T19:35:53.5848182Z May 19 19:31:28 runnervmg397c sudo[2284]:     root : *** ; USER=root ; COMMAND=/usr/bin/systemctl reload docker
test-ubuntu (3.14t)	Post Harden Runner (Endpoint Network Security)	2026-05-19T19:35:53.5848801Z May 19 19:31:28 runnervmg397c sudo[2284]: pam_unix(sudo:session): session opened for user root(uid=0) by (uid=0)
test-ubuntu (3.14t)	Post Harden Runner (Endpoint Network Security)	2026-05-19T19:35:53.5849381Z May 19 19:31:28 runnervmg397c sudo[2284]: pam_unix(sudo:session): session closed for user root
test-ubuntu (3.14t)	Post Harden Runner (Endpoint Network Security)	2026-05-19T19:35:53.5850003Z May 19 19:31:28 runnervmg397c sudo[2295]:     root : *** ; USER=root ; COMMAND=/usr/bin/systemctl daemon-reload
test-ubuntu (3.14t)	Post Harden Runner (Endpoint Network Security)	2026-05-19T19:35:53.5850641Z May 19 19:31:28 runnervmg397c sudo[2295]: pam_unix(sudo:session): session opened for user root(uid=0) by (uid=0)
test-ubuntu (3.14t)	Post Harden Runner (Endpoint Network Security)	2026-05-19T19:35:53.5851703Z May 19 19:31:29 runnervmg397c systemd[1]: /etc/systemd/system/agent.service:9: Standard output type syslog is obsolete, automatically updating to journal. Please update your unit file, and consider removing the setting altogether.
test-ubuntu (3.14t)	Post Harden Runner (Endpoint Network Security)	2026-05-19T19:35:53.5853151Z May 19 19:31:29 runnervmg397c systemd[1]: /etc/systemd/system/agent.service:10: Standard output type syslog is obsolete, automatically updating to journal. Please update your unit file, and consider removing the setting altogether.
test-ubuntu (3.14t)	Post Harden Runner (Endpoint Network Security)	2026-05-19T19:35:53.5854367Z May 19 19:31:29 runnervmg397c sudo[2295]: pam_unix(sudo:session): session closed for user root
test-ubuntu (3.14t)	Post Harden Runner (Endpoint Network Security)	2026-05-19T19:35:53.5855020Z May 19 19:31:29 runnervmg397c sudo[2363]:     root : *** ; USER=root ; COMMAND=/usr/bin/systemctl restart docker
test-ubuntu (3.14t)	Post Harden Runner (Endpoint Network Security)	2026-05-19T19:35:53.5855813Z May 19 19:31:29 runnervmg397c sudo[2363]: pam_unix(sudo:session): session opened for user root(uid=0) by (uid=0)
test-ubuntu (3.14t)	Post Harden Runner (Endpoint Network Security)	2026-05-19T19:35:53.5856413Z May 19 19:31:29 runnervmg397c sudo[2363]: pam_unix(sudo:session): session closed for user root
test-ubuntu (3.14t)	Post Harden Runner (Endpoint Network Security)	2026-05-19T19:35:53.5857327Z May 19 19:31:29 runnervmg397c agentservice[2250]: 2026/05/19 19:31:29 INFO Fetching custom detection rules module=armour api_url=https://agent.api.stepsecurity.io/v1 repo=CoReason-AI/coreason-ecosystem
test-ubuntu (3.14t)	Post Harden Runner (Endpoint Network Security)	2026-05-19T19:35:53.5858845Z May 19 19:31:30 runnervmg397c agentservice[2250]: 2026/05/19 19:31:30 ERROR Failed to initialize detection rules, continuing with eBPF attachment module=armour error="init custom detection rules: fetch policies: API error status 401: {\"error\":\"invalid authorization header format\"}\n"
test-ubuntu (3.14t)	Post Harden Runner (Endpoint Network Security)	2026-05-19T19:35:53.5860061Z May 19 19:31:30 runnervmg397c agentservice[2250]: 2026/05/19 19:31:30 INFO Config module=armour AGENT_PID=2250
test-ubuntu (3.14t)	Post Harden Runner (Endpoint Network Security)	2026-05-19T19:35:53.5860733Z May 19 19:31:30 runnervmg397c agentservice[2250]: 2026/05/19 19:31:30 INFO Config module=armour ENFORCE_READ_BLOCK=false
test-ubuntu (3.14t)	Post Harden Runner (Endpoint Network Security)	2026-05-19T19:35:53.5861424Z May 19 19:31:30 runnervmg397c agentservice[2250]: 2026/05/19 19:31:30 INFO Config module=armour ENFORCE_WRITE_BLOCK=false
test-ubuntu (3.14t)	Post Harden Runner (Endpoint Network Security)	2026-05-19T19:35:53.5862103Z May 19 19:31:30 runnervmg397c agentservice[2250]: 2026/05/19 19:31:30 INFO Config module=armour ENFORCE_KILL_BLOCK=false
test-ubuntu (3.14t)	Post Harden Runner (Endpoint Network Security)	2026-05-19T19:35:53.5862751Z May 19 19:31:30 runnervmg397c agentservice[2250]: 2026/05/19 19:31:30 INFO Map size module=armour events=16384
test-ubuntu (3.14t)	Post Harden Runner (Endpoint Network Security)	2026-05-19T19:35:53.5863794Z May 19 19:31:30 runnervmg397c agentservice[2250]: 2026/05/19 19:31:30 INFO Map size module=armour protected_pids=1
test-ubuntu (3.14t)	Post Harden Runner (Endpoint Network Security)	2026-05-19T19:35:53.5864482Z May 19 19:31:30 runnervmg397c agentservice[2250]: 2026/05/19 19:31:30 INFO Map size module=armour protected_pid_inodes=1
test-ubuntu (3.14t)	Post Harden Runner (Endpoint Network Security)	2026-05-19T19:35:53.5865164Z May 19 19:31:30 runnervmg397c agentservice[2250]: 2026/05/19 19:31:30 INFO Map size module=armour protected_bpf_ids=9
test-ubuntu (3.14t)	Post Harden Runner (Endpoint Network Security)	2026-05-19T19:35:53.5865844Z May 19 19:31:30 runnervmg397c agentservice[2250]: 2026/05/19 19:31:30 INFO Map size module=armour protected_fs_inodes=6
test-ubuntu (3.14t)	Post Harden Runner (Endpoint Network Security)	2026-05-19T19:35:53.5866535Z May 19 19:31:30 runnervmg397c agentservice[2250]: 2026/05/19 19:31:30 INFO Map size module=armour protected_proc_fs_inodes=2
test-ubuntu (3.14t)	Post Harden Runner (Endpoint Network Security)	2026-05-19T19:35:53.5867234Z May 19 19:31:30 runnervmg397c agentservice[2250]: 2026/05/19 19:31:30 INFO ProtectedPids module=armour pids=map[2251:2250]
test-ubuntu (3.14t)	Post Harden Runner (Endpoint Network Security)	2026-05-19T19:35:53.5867935Z May 19 19:31:30 runnervmg397c agentservice[2250]: 2026/05/19 19:31:30 INFO ProtectedBPFIDs module=armour ids="[15 9 13 16 14]"
test-ubuntu (3.14t)	Post Harden Runner (Endpoint Network Security)	2026-05-19T19:35:53.5868725Z May 19 19:31:30 runnervmg397c agentservice[2250]: 2026/05/19 19:31:30 INFO File Info module=armour inoKey="{Device:24 Inode:19057}" path=/proc/2107/mem
test-ubuntu (3.14t)	Post Harden Runner (Endpoint Network Security)	2026-05-19T19:35:53.5869588Z May 19 19:31:30 runnervmg397c agentservice[2250]: 2026/05/19 19:31:30 INFO File Info module=armour inoKey="{Device:24 Inode:19058}" path=/proc/2092/mem
test-ubuntu (3.14t)	Post Harden Runner (Endpoint Network Security)	2026-05-19T19:35:53.5870471Z May 19 19:31:30 runnervmg397c agentservice[2250]: 2026/05/19 19:31:30 INFO File Info module=armour inoKey="{Device:2049 Inode:88704}" path=/etc/sudoers.d/runner
test-ubuntu (3.14t)	Post Harden Runner (Endpoint Network Security)	2026-05-19T19:35:53.5871370Z May 19 19:31:30 runnervmg397c agentservice[2250]: 2026/05/19 19:31:30 INFO File Info module=armour inoKey="{Device:28 Inode:911}" path=/etc/resolv.conf
test-ubuntu (3.14t)	Post Harden Runner (Endpoint Network Security)	2026-05-19T19:35:53.5872271Z May 19 19:31:30 runnervmg397c agentservice[2250]: 2026/05/19 19:31:30 INFO File Info module=armour inoKey="{Device:2049 Inode:508}" path=/etc/systemd/resolved.conf
test-ubuntu (3.14t)	Post Harden Runner (Endpoint Network Security)	2026-05-19T19:35:53.5873216Z May 19 19:31:30 runnervmg397c agentservice[2250]: 2026/05/19 19:31:30 INFO File Info module=armour inoKey="{Device:2049 Inode:262146}" path=/etc/docker/daemon.json
test-ubuntu (3.14t)	Post Harden Runner (Endpoint Network Security)	2026-05-19T19:35:53.5874258Z May 19 19:31:30 runnervmg397c agentservice[2250]: 2026/05/19 19:31:30 INFO Protection maps populated module=armour
test-ubuntu (3.14t)	Post Harden Runner (Endpoint Network Security)	2026-05-19T19:35:53.5874927Z May 19 19:31:30 runnervmg397c agentservice[2250]: 2026/05/19 19:31:30 INFO Protection maps are freezed module=armour
test-ubuntu (3.14t)	Post Harden Runner (Endpoint Network Security)	2026-05-19T19:35:53.5875566Z May 19 19:31:30 runnervmg397c agentservice[2250]: 2026/05/19 19:31:30 INFO Linking completed module=armour
test-ubuntu (3.14t)	Post Harden Runner (Endpoint Network Security)	2026-05-19T19:35:53.5876334Z May 19 19:31:30 runnervmg397c agentservice[2250]: 2026/05/19 19:31:30 INFO Armour engaged module=armour
test-ubuntu (3.14t)	Post Harden Runner (Endpoint Network Security)	2026-05-19T19:35:53.5876969Z May 19 19:31:30 runnervmg397c agentservice[2250]: 2026/05/19 19:31:30 INFO RingBuffer created module=armour size=16384
test-ubuntu (3.14t)	Post Harden Runner (Endpoint Network Security)	2026-05-19T19:35:53.5877624Z May 19 19:31:30 runnervmg397c agentservice[2250]: 2026/05/19 19:31:30 INFO Listening for events module=armour
test-ubuntu (3.14t)	Post Harden Runner (Endpoint Network Security)	2026-05-19T19:35:53.5878319Z May 19 19:31:30 runnervmg397c agentservice[2250]: 2026/05/19 19:31:30 INFO [LOCKDOWN] Runner.Worker PID set module=armour pid=2107
test-ubuntu (3.14t)	Post Harden Runner (Endpoint Network Security)	2026-05-19T19:35:53.5878739Z 
test-ubuntu (3.14t)	Complete job	∩╗┐2026-05-19T19:35:53.5927934Z Cleaning up orphan processes
test-ubuntu (3.14t)	Complete job	2026-05-19T19:35:53.6463140Z ##[warning]Node.js 20 is deprecated. The following actions target Node.js 20 but are being forced to run on Node.js 24: docker/login-action@9780b0c442fbb1117ed29e0efdff1e18412f7567, temporalio/setup-temporal@1059a504f87e7fa2f385e3fa40d1aa7e62f1c6ca. For more information see: https://github.blog/changelog/2025-09-19-deprecation-of-node-20-on-github-actions-runners/
